2026-02-25 15:29:52.876512 (3285829) main____ INFO    ----------------------------------------
2026-02-25 15:29:52.876608 (3285829) main____ INFO    Jasper version info
2026-02-25 15:29:52.876626 (3285829) main____ INFO      tool      : Jasper 2023.12
2026-02-25 15:29:52.876644 (3285829) main____ INFO      version   : 2023.12p001 64 bits
2026-02-25 15:29:52.876659 (3285829) main____ INFO      build date: 2024.01.23 16:09:24 UTC
2026-02-25 15:29:52.876670 (3285829) main____ INFO    ----------------------------------------
2026-02-25 15:29:52.876680 (3285829) main____ INFO    Runtime info:
2026-02-25 15:29:52.876692 (3285829) main____ INFO      platform  : Linux 4.18.0-553.89.1.el8_10.x86_64 x86_64
2026-02-25 15:29:52.876714 (3285829) main____ INFO      hostname  : caddy15.stanford.edu
2026-02-25 15:29:52.876731 (3285829) main____ INFO      pid       : 3285829
2026-02-25 15:29:52.876745 (3285829) main____ INFO      arguments : '-style' 'windows' '-allow_unsupported_OS' '-no_gui' '-fpv' './synthlc/i_DIV_out/xHBPerfG_dfg_v3_div/HB_497_.tcl' '-proj' './synthlc/i_DIV_out/xHBPerfG_dfg_v3_div/HB_497_jgsession_26-02-25-15_29_52'
2026-02-25 15:29:52.876765 (3285829) main____ INFO      locale    : UTF-8
2026-02-25 15:29:52.876776 (3285829) main____ INFO    ----------------------------------------
2026-02-25 15:29:52.876786 (3285829) main____ INFO    System resource limits info:
2026-02-25 15:29:52.876800 (3285829) main____ INFO      virtual memory: unlimited
2026-02-25 15:29:52.876814 (3285829) main____ INFO      cpu time      : unlimited
2026-02-25 15:29:52.876834 (3285829) main____ INFO      processes     : 4096
2026-02-25 15:29:52.876857 (3285829) main____ INFO      stack size    : 8388608 B
2026-02-25 15:29:52.876873 (3285829) main____ INFO      core file size: 0 B
2026-02-25 15:29:52.876888 (3285829) main____ INFO      open files    : 4096
2026-02-25 15:29:52.876901 (3285829) main____ INFO      file size     : unlimited
2026-02-25 15:29:52.876912 (3285829) main____ INFO    ----------------------------------------
2026-02-25 15:29:52.876923 (3285829) main____ INFO    Memory statistics:
2026-02-25 15:29:52.876935 (3285829) main____ INFO      total physical memory  : 98449092 kB
2026-02-25 15:29:52.876948 (3285829) main____ INFO      free physical memory   : 78155712 kB
2026-02-25 15:29:52.876961 (3285829) main____ INFO      committed address space: 7255772 kB
2026-02-25 15:29:52.876972 (3285829) main____ INFO    ----------------------------------------
2026-02-25 15:29:52.878153 (3285829) main____ INFO    Important environment variables:
2026-02-25 15:29:52.878181 (3285829) main____ INFO      CDS_LIC_FILE       : '5280@cadlic0'
2026-02-25 15:29:52.878195 (3285829) main____ INFO      JASPER_INSTALL_DIR : '/cad/cadence/jasper_2023.12p001'
2026-02-25 15:29:52.878209 (3285829) main____ INFO      JASPER_KERNEL_CHECK: '1'
2026-02-25 15:29:52.878222 (3285829) main____ INFO      JASPER_OS_CHECK    : '0'
2026-02-25 15:29:52.878235 (3285829) main____ INFO      LANG               : 'en_US.UTF-8'
2026-02-25 15:29:52.878246 (3285829) main____ INFO    ----------------------------------------
2026-02-25 15:29:52.879415 (3285829) lic_core INFO    Initializing license system ...
2026-02-25 15:29:52.880940 (3285829) lic_core INFO    ... license system initialized.
2026-02-25 15:29:52.931951 (3285829) lic__man INFO    Claim 'main' for <ui>.
2026-02-25 15:29:52.932028 (3285829) lic_core INFO    (1) checking out 'jasper_interactive' ...
2026-02-25 15:29:52.998654 (3285829) lic_core INFO    ... (1) checkout succeeded
2026-02-25 15:29:52.998769 (3285829) lic__man INFO    Claim 'fpv' for <ui>.
2026-02-25 15:29:52.998796 (3285829) lic_core INFO    (2) checking out 'jasper_fpv' ...
2026-02-25 15:29:53.049929 (3285829) lic_core INFO    ... (2) checkout failed (error: -5) ("FLEXnet ERROR(-5, 0, 0): No such feature exists.")
2026-02-25 15:29:53.050001 (3285829) lic_core INFO    (3) checking out 'jasper_fao' ...
2026-02-25 15:29:53.068522 (3285829) lic_core INFO    ... (3) checkout succeeded
2026-02-25 15:29:53.069995 (3285829) main____ INFO    Tool inactivity delay is 480000 ms.
2026-02-25 15:29:53.078564 (3285859) stdio___ INFO    Starting STDIN reader (tty: yes, tty name: '/dev/pts/0')
2026-02-25 15:29:53.150124 (3285829) session_ INFO    Starting analysis session with session id 'session_0' (launcher: <local>) ...
2026-02-25 15:29:53.152026 (3285829) session_ INFO    Analysis session with session id 'session_0' started (pid: 3285860)
2026-02-25 15:29:54.814634 (3285829) session_ INFO    Analysis session 'session_0' connected to the console (host: 127.0.0.1:43144)
2026-02-25 15:29:59.756611 (3285829) lic__man INFO    Unclaim everything for 'session_0'.
2026-02-25 15:30:00.315894 (3285829) lic__man INFO    Claim 'fpv' for 'session_0'.
2026-02-25 15:30:00.315935 (3285829) lic__man INFO    Claim 'fpv' for 'session_0/prove-0'.
2026-02-25 15:30:11.108595 (3285829) lic__man INFO    Unclaim everything for 'session_0/prove-0'.
2026-02-25 15:30:11.178530 (3285829) main____ INFO    About to exit: request to exit with status 0 received from analysis session 'session_0'
2026-02-25 15:30:11.876964 (3285829) session_ INFO    Analysis session 'session_0' disconnected.
2026-02-25 15:30:11.877126 (3285829) lic__man INFO    Unclaim everything for 'session_0'.
2026-02-25 15:30:11.877429 (3285829) session_ INFO    Process for analysis session 'session_0' has exited with exit status '0'.
2026-02-25 15:30:13.295996 (3285859) stdio___ INFO    STDIN reader requested to stop.
2026-02-25 15:30:13.296057 (3285859) stdio___ INFO    STDIN reader stopped.
2026-02-25 15:30:13.296503 (3285829) lic_core INFO    (1) checkin jasper_interactive
2026-02-25 15:30:13.298509 (3285829) lic_core INFO    (3) checkin jasper_fao
2026-02-25 15:30:13.330380 (3285829) main____ INFO    Exiting with status 0.
