2026-03-02 11:16:24.809306 (606041) main____ INFO    ----------------------------------------
2026-03-02 11:16:24.809401 (606041) main____ INFO    Jasper version info
2026-03-02 11:16:24.809417 (606041) main____ INFO      tool      : Jasper 2023.12
2026-03-02 11:16:24.809432 (606041) main____ INFO      version   : 2023.12p001 64 bits
2026-03-02 11:16:24.809445 (606041) main____ INFO      build date: 2024.01.23 16:09:24 UTC
2026-03-02 11:16:24.809455 (606041) main____ INFO    ----------------------------------------
2026-03-02 11:16:24.809464 (606041) main____ INFO    Runtime info:
2026-03-02 11:16:24.809475 (606041) main____ INFO      platform  : Linux 4.18.0-553.89.1.el8_10.x86_64 x86_64
2026-03-02 11:16:24.809495 (606041) main____ INFO      hostname  : caddy12.stanford.edu
2026-03-02 11:16:24.809510 (606041) main____ INFO      pid       : 606041
2026-03-02 11:16:24.809520 (606041) main____ INFO      arguments : '-style' 'windows' '-allow_unsupported_OS' '-no_gui' '-fpv' './synthlc/i_ADDI_out/xHBPerfG_dfg_v3_div/HB_220_.tcl' '-proj' './synthlc/i_ADDI_out/xHBPerfG_dfg_v3_div/HB_220_jgsession_26-03-02-11_16_23'
2026-03-02 11:16:24.809537 (606041) main____ INFO      locale    : UTF-8
2026-03-02 11:16:24.809547 (606041) main____ INFO    ----------------------------------------
2026-03-02 11:16:24.809556 (606041) main____ INFO    System resource limits info:
2026-03-02 11:16:24.809568 (606041) main____ INFO      virtual memory: unlimited
2026-03-02 11:16:24.809580 (606041) main____ INFO      cpu time      : unlimited
2026-03-02 11:16:24.809598 (606041) main____ INFO      processes     : 4096
2026-03-02 11:16:24.809619 (606041) main____ INFO      stack size    : 8388608 B
2026-03-02 11:16:24.809633 (606041) main____ INFO      core file size: 0 B
2026-03-02 11:16:24.809645 (606041) main____ INFO      open files    : 4096
2026-03-02 11:16:24.809657 (606041) main____ INFO      file size     : unlimited
2026-03-02 11:16:24.809681 (606041) main____ INFO    ----------------------------------------
2026-03-02 11:16:24.809690 (606041) main____ INFO    Memory statistics:
2026-03-02 11:16:24.809702 (606041) main____ INFO      total physical memory  : 98449088 kB
2026-03-02 11:16:24.809713 (606041) main____ INFO      free physical memory   : 83100136 kB
2026-03-02 11:16:24.809734 (606041) main____ INFO      committed address space: 13651788 kB
2026-03-02 11:16:24.809745 (606041) main____ INFO    ----------------------------------------
2026-03-02 11:16:24.810958 (606041) main____ INFO    Important environment variables:
2026-03-02 11:16:24.810986 (606041) main____ INFO      CDS_LIC_FILE       : '5280@cadlic0'
2026-03-02 11:16:24.810999 (606041) main____ INFO      DISPLAY            : 'localhost:12.0'
2026-03-02 11:16:24.811011 (606041) main____ INFO      JASPER_INSTALL_DIR : '/cad/cadence/jasper_2023.12p001'
2026-03-02 11:16:24.811022 (606041) main____ INFO      JASPER_KERNEL_CHECK: '1'
2026-03-02 11:16:24.811034 (606041) main____ INFO      JASPER_OS_CHECK    : '0'
2026-03-02 11:16:24.811045 (606041) main____ INFO      LANG               : 'zh_TW.UTF-8'
2026-03-02 11:16:24.811055 (606041) main____ INFO    ----------------------------------------
2026-03-02 11:16:24.814136 (606041) lic_core INFO    Initializing license system ...
2026-03-02 11:16:24.875434 (606041) lic_core INFO    ... license system initialized.
2026-03-02 11:16:25.004027 (606041) lic__man INFO    Claim 'main' for <ui>.
2026-03-02 11:16:25.004094 (606041) lic_core INFO    (1) checking out 'jasper_interactive' ...
2026-03-02 11:16:25.089134 (606041) lic_core INFO    ... (1) checkout succeeded
2026-03-02 11:16:25.089230 (606041) lic__man INFO    Claim 'fpv' for <ui>.
2026-03-02 11:16:25.089258 (606041) lic_core INFO    (2) checking out 'jasper_fpv' ...
2026-03-02 11:16:25.151235 (606041) lic_core INFO    ... (2) checkout failed (error: -5) ("FLEXnet ERROR(-5, 0, 0): No such feature exists.")
2026-03-02 11:16:25.151289 (606041) lic_core INFO    (3) checking out 'jasper_fao' ...
2026-03-02 11:16:25.191813 (606041) lic_core INFO    ... (3) checkout succeeded
2026-03-02 11:16:25.207159 (606041) main____ INFO    Tool inactivity delay is 480000 ms.
2026-03-02 11:16:25.215899 (606054) stdio___ INFO    Starting STDIN reader (tty: yes, tty name: '/dev/pts/0')
2026-03-02 11:16:25.290867 (606041) session_ INFO    Starting analysis session with session id 'session_0' (launcher: <local>) ...
2026-03-02 11:16:25.292964 (606041) session_ INFO    Analysis session with session id 'session_0' started (pid: 606055)
2026-03-02 11:16:26.756142 (606041) session_ INFO    Analysis session 'session_0' connected to the console (host: 127.0.0.1:42576)
2026-03-02 11:16:31.019380 (606041) lic__man INFO    Unclaim everything for 'session_0'.
2026-03-02 11:16:31.304991 (606041) lic__man INFO    Claim 'fpv' for 'session_0'.
2026-03-02 11:16:31.305035 (606041) lic__man INFO    Claim 'fpv' for 'session_0/prove-0'.
2026-03-02 11:16:44.217054 (606041) lic__man INFO    Unclaim everything for 'session_0/prove-0'.
2026-03-02 11:16:44.284977 (606041) main____ INFO    About to exit: request to exit with status 0 received from analysis session 'session_0'
2026-03-02 11:16:44.612973 (606041) session_ INFO    Analysis session 'session_0' disconnected.
2026-03-02 11:16:44.613110 (606041) lic__man INFO    Unclaim everything for 'session_0'.
2026-03-02 11:16:44.613293 (606041) session_ INFO    Process for analysis session 'session_0' has exited with exit status '0'.
2026-03-02 11:16:46.401423 (606054) stdio___ INFO    STDIN reader requested to stop.
2026-03-02 11:16:46.401474 (606054) stdio___ INFO    STDIN reader stopped.
2026-03-02 11:16:46.403961 (606041) lic_core INFO    (1) checkin jasper_interactive
2026-03-02 11:16:46.405851 (606041) lic_core INFO    (3) checkin jasper_fao
2026-03-02 11:16:46.438732 (606041) main____ INFO    Exiting with status 0.
