2026-03-01 12:47:53.152304 (62616) main____ INFO    ----------------------------------------
2026-03-01 12:47:53.152371 (62616) main____ INFO    Jasper version info
2026-03-01 12:47:53.152387 (62616) main____ INFO      tool      : Jasper 2023.12
2026-03-01 12:47:53.152401 (62616) main____ INFO      version   : 2023.12p001 64 bits
2026-03-01 12:47:53.152414 (62616) main____ INFO      build date: 2024.01.23 16:09:24 UTC
2026-03-01 12:47:53.152425 (62616) main____ INFO    ----------------------------------------
2026-03-01 12:47:53.152435 (62616) main____ INFO    Runtime info:
2026-03-01 12:47:53.152446 (62616) main____ INFO      platform  : Linux 4.18.0-553.89.1.el8_10.x86_64 x86_64
2026-03-01 12:47:53.152462 (62616) main____ INFO      hostname  : caddy12.stanford.edu
2026-03-01 12:47:53.152478 (62616) main____ INFO      pid       : 62616
2026-03-01 12:47:53.152489 (62616) main____ INFO      arguments : '-style' 'windows' '-allow_unsupported_OS' '-no_gui' '-fpv' './synthlc/i_LW_out/xHBPerfG_dfg_v3_div/HB_240_.tcl' '-proj' './synthlc/i_LW_out/xHBPerfG_dfg_v3_div/HB_240_jgsession_26-03-01-12_47_52'
2026-03-01 12:47:53.152503 (62616) main____ INFO      locale    : UTF-8
2026-03-01 12:47:53.152514 (62616) main____ INFO    ----------------------------------------
2026-03-01 12:47:53.152524 (62616) main____ INFO    System resource limits info:
2026-03-01 12:47:53.152537 (62616) main____ INFO      virtual memory: unlimited
2026-03-01 12:47:53.152549 (62616) main____ INFO      cpu time      : unlimited
2026-03-01 12:47:53.152565 (62616) main____ INFO      processes     : 4096
2026-03-01 12:47:53.152583 (62616) main____ INFO      stack size    : 8388608 B
2026-03-01 12:47:53.153580 (62616) main____ INFO      core file size: 0 B
2026-03-01 12:47:53.153626 (62616) main____ INFO      open files    : 4096
2026-03-01 12:47:53.153658 (62616) main____ INFO      file size     : unlimited
2026-03-01 12:47:53.153669 (62616) main____ INFO    ----------------------------------------
2026-03-01 12:47:53.153688 (62616) main____ INFO    Memory statistics:
2026-03-01 12:47:53.153701 (62616) main____ INFO      total physical memory  : 98449088 kB
2026-03-01 12:47:53.153712 (62616) main____ INFO      free physical memory   : 86723572 kB
2026-03-01 12:47:53.153723 (62616) main____ INFO      committed address space: 6644544 kB
2026-03-01 12:47:53.153733 (62616) main____ INFO    ----------------------------------------
2026-03-01 12:47:53.154878 (62616) main____ INFO    Important environment variables:
2026-03-01 12:47:53.155601 (62616) main____ INFO      CDS_LIC_FILE       : '5280@cadlic0'
2026-03-01 12:47:53.155639 (62616) main____ INFO      DISPLAY            : 'localhost:12.0'
2026-03-01 12:47:53.155695 (62616) main____ INFO      JASPER_INSTALL_DIR : '/cad/cadence/jasper_2023.12p001'
2026-03-01 12:47:53.155729 (62616) main____ INFO      JASPER_KERNEL_CHECK: '1'
2026-03-01 12:47:53.155762 (62616) main____ INFO      JASPER_OS_CHECK    : '0'
2026-03-01 12:47:53.155794 (62616) main____ INFO      LANG               : 'zh_TW.UTF-8'
2026-03-01 12:47:53.155827 (62616) main____ INFO    ----------------------------------------
2026-03-01 12:47:53.156995 (62616) lic_core INFO    Initializing license system ...
2026-03-01 12:47:53.158988 (62616) lic_core INFO    ... license system initialized.
2026-03-01 12:47:53.170898 (62616) lic__man INFO    Claim 'main' for <ui>.
2026-03-01 12:47:53.170950 (62616) lic_core INFO    (1) checking out 'jasper_interactive' ...
2026-03-01 12:47:53.183566 (62616) lic_core INFO    ... (1) checkout succeeded
2026-03-01 12:47:53.183629 (62616) lic__man INFO    Claim 'fpv' for <ui>.
2026-03-01 12:47:53.183650 (62616) lic_core INFO    (2) checking out 'jasper_fpv' ...
2026-03-01 12:47:53.187605 (62616) lic_core INFO    ... (2) checkout failed (error: -5) ("FLEXnet ERROR(-5, 0, 0): No such feature exists.")
2026-03-01 12:47:53.187645 (62616) lic_core INFO    (3) checking out 'jasper_fao' ...
2026-03-01 12:47:53.198827 (62616) lic_core INFO    ... (3) checkout succeeded
2026-03-01 12:47:53.199710 (62627) stdio___ INFO    Starting STDIN reader (tty: yes, tty name: '/dev/pts/0')
2026-03-01 12:47:53.199978 (62616) main____ INFO    Tool inactivity delay is 480000 ms.
2026-03-01 12:47:53.242616 (62616) session_ INFO    Starting analysis session with session id 'session_0' (launcher: <local>) ...
2026-03-01 12:47:53.244520 (62616) session_ INFO    Analysis session with session id 'session_0' started (pid: 62628)
2026-03-01 12:47:54.326084 (62616) session_ INFO    Analysis session 'session_0' connected to the console (host: 127.0.0.1:48944)
2026-03-01 12:47:57.310561 (62616) lic__man INFO    Unclaim everything for 'session_0'.
2026-03-01 12:47:57.506265 (62616) lic__man INFO    Claim 'fpv' for 'session_0'.
2026-03-01 12:47:57.506307 (62616) lic__man INFO    Claim 'fpv' for 'session_0/prove-0'.
2026-03-01 12:50:55.149644 (62616) lic__man INFO    Unclaim everything for 'session_0/prove-0'.
2026-03-01 12:50:55.190910 (62616) main____ INFO    About to exit: request to exit with status 0 received from analysis session 'session_0'
2026-03-01 12:50:55.408396 (62616) session_ INFO    Analysis session 'session_0' disconnected.
2026-03-01 12:50:55.408620 (62616) lic__man INFO    Unclaim everything for 'session_0'.
2026-03-01 12:50:55.408883 (62616) session_ INFO    Process for analysis session 'session_0' has exited with exit status '0'.
2026-03-01 12:50:57.299728 (62627) stdio___ INFO    STDIN reader requested to stop.
2026-03-01 12:50:57.299824 (62627) stdio___ INFO    STDIN reader stopped.
2026-03-01 12:50:57.300088 (62616) lic_core INFO    (1) checkin jasper_interactive
2026-03-01 12:50:57.304082 (62616) lic_core INFO    (3) checkin jasper_fao
2026-03-01 12:50:57.306636 (62616) main____ INFO    Exiting with status 0.
