2026-03-01 00:36:52.540467 (3843428) main____ INFO    ----------------------------------------
2026-03-01 00:36:52.540534 (3843428) main____ INFO    Jasper version info
2026-03-01 00:36:52.540549 (3843428) main____ INFO      tool      : Jasper 2023.12
2026-03-01 00:36:52.540564 (3843428) main____ INFO      version   : 2023.12p001 64 bits
2026-03-01 00:36:52.540577 (3843428) main____ INFO      build date: 2024.01.23 16:09:24 UTC
2026-03-01 00:36:52.540587 (3843428) main____ INFO    ----------------------------------------
2026-03-01 00:36:52.540597 (3843428) main____ INFO    Runtime info:
2026-03-01 00:36:52.540614 (3843428) main____ INFO      platform  : Linux 4.18.0-553.89.1.el8_10.x86_64 x86_64
2026-03-01 00:36:52.540631 (3843428) main____ INFO      hostname  : caddy12.stanford.edu
2026-03-01 00:36:52.540646 (3843428) main____ INFO      pid       : 3843428
2026-03-01 00:36:52.540657 (3843428) main____ INFO      arguments : '-style' 'windows' '-allow_unsupported_OS' '-no_gui' '-fpv' './synthlc/i_ADDI_out/xHBPerfG_leaving/HB_LEAVING_1_.tcl' '-proj' './synthlc/i_ADDI_out/xHBPerfG_leaving/HB_LEAVING_1_jgsession_26-03-01-00_36_52'
2026-03-01 00:36:52.540689 (3843428) main____ INFO      locale    : UTF-8
2026-03-01 00:36:52.540699 (3843428) main____ INFO    ----------------------------------------
2026-03-01 00:36:52.540709 (3843428) main____ INFO    System resource limits info:
2026-03-01 00:36:52.540722 (3843428) main____ INFO      virtual memory: unlimited
2026-03-01 00:36:52.540734 (3843428) main____ INFO      cpu time      : unlimited
2026-03-01 00:36:52.540750 (3843428) main____ INFO      processes     : 4096
2026-03-01 00:36:52.540768 (3843428) main____ INFO      stack size    : 8388608 B
2026-03-01 00:36:52.540782 (3843428) main____ INFO      core file size: 0 B
2026-03-01 00:36:52.540795 (3843428) main____ INFO      open files    : 4096
2026-03-01 00:36:52.540807 (3843428) main____ INFO      file size     : unlimited
2026-03-01 00:36:52.540818 (3843428) main____ INFO    ----------------------------------------
2026-03-01 00:36:52.540828 (3843428) main____ INFO    Memory statistics:
2026-03-01 00:36:52.540840 (3843428) main____ INFO      total physical memory  : 98449088 kB
2026-03-01 00:36:52.540851 (3843428) main____ INFO      free physical memory   : 89710484 kB
2026-03-01 00:36:52.540863 (3843428) main____ INFO      committed address space: 3198392 kB
2026-03-01 00:36:52.540873 (3843428) main____ INFO    ----------------------------------------
2026-03-01 00:36:52.542056 (3843428) main____ INFO    Important environment variables:
2026-03-01 00:36:52.542081 (3843428) main____ INFO      CDS_LIC_FILE       : '5280@cadlic0'
2026-03-01 00:36:52.542094 (3843428) main____ INFO      DISPLAY            : 'localhost:12.0'
2026-03-01 00:36:52.542107 (3843428) main____ INFO      JASPER_INSTALL_DIR : '/cad/cadence/jasper_2023.12p001'
2026-03-01 00:36:52.542119 (3843428) main____ INFO      JASPER_KERNEL_CHECK: '1'
2026-03-01 00:36:52.542131 (3843428) main____ INFO      JASPER_OS_CHECK    : '0'
2026-03-01 00:36:52.542143 (3843428) main____ INFO      LANG               : 'zh_TW.UTF-8'
2026-03-01 00:36:52.542154 (3843428) main____ INFO    ----------------------------------------
2026-03-01 00:36:52.543369 (3843428) lic_core INFO    Initializing license system ...
2026-03-01 00:36:52.544701 (3843428) lic_core INFO    ... license system initialized.
2026-03-01 00:36:52.558388 (3843428) lic__man INFO    Claim 'main' for <ui>.
2026-03-01 00:36:52.558433 (3843428) lic_core INFO    (1) checking out 'jasper_interactive' ...
2026-03-01 00:36:52.570353 (3843428) lic_core INFO    ... (1) checkout succeeded
2026-03-01 00:36:52.570412 (3843428) lic__man INFO    Claim 'fpv' for <ui>.
2026-03-01 00:36:52.570435 (3843428) lic_core INFO    (2) checking out 'jasper_fpv' ...
2026-03-01 00:36:52.574268 (3843428) lic_core INFO    ... (2) checkout failed (error: -5) ("FLEXnet ERROR(-5, 0, 0): No such feature exists.")
2026-03-01 00:36:52.574302 (3843428) lic_core INFO    (3) checking out 'jasper_fao' ...
2026-03-01 00:36:52.584979 (3843428) lic_core INFO    ... (3) checkout succeeded
2026-03-01 00:36:52.586472 (3843450) stdio___ INFO    Starting STDIN reader (tty: yes, tty name: '/dev/pts/0')
2026-03-01 00:36:52.586613 (3843428) main____ INFO    Tool inactivity delay is 480000 ms.
2026-03-01 00:36:52.628956 (3843428) session_ INFO    Starting analysis session with session id 'session_0' (launcher: <local>) ...
2026-03-01 00:36:52.630709 (3843428) session_ INFO    Analysis session with session id 'session_0' started (pid: 3843451)
2026-03-01 00:36:53.698562 (3843428) session_ INFO    Analysis session 'session_0' connected to the console (host: 127.0.0.1:48844)
2026-03-01 00:36:56.800971 (3843428) lic__man INFO    Unclaim everything for 'session_0'.
2026-03-01 00:36:57.001215 (3843428) lic__man INFO    Claim 'fpv' for 'session_0'.
2026-03-01 00:36:57.001253 (3843428) lic__man INFO    Claim 'fpv' for 'session_0/prove-0'.
2026-03-01 00:36:58.276313 (3843428) lic__man INFO    Unclaim everything for 'session_0/prove-0'.
2026-03-01 00:36:58.317906 (3843428) main____ INFO    About to exit: request to exit with status 0 received from analysis session 'session_0'
2026-03-01 00:36:58.470774 (3843428) session_ INFO    Analysis session 'session_0' disconnected.
2026-03-01 00:36:58.470988 (3843428) lic__man INFO    Unclaim everything for 'session_0'.
2026-03-01 00:36:58.471192 (3843428) session_ INFO    Process for analysis session 'session_0' has exited with exit status '0'.
2026-03-01 00:37:00.391990 (3843450) stdio___ INFO    STDIN reader requested to stop.
2026-03-01 00:37:00.392039 (3843450) stdio___ INFO    STDIN reader stopped.
2026-03-01 00:37:00.392283 (3843428) lic_core INFO    (1) checkin jasper_interactive
2026-03-01 00:37:00.394147 (3843428) lic_core INFO    (3) checkin jasper_fao
2026-03-01 00:37:00.395173 (3843428) main____ INFO    Exiting with status 0.
