2026-02-27 23:24:50.175114 (464469) main____ INFO    ----------------------------------------
2026-02-27 23:24:50.175176 (464469) main____ INFO    Jasper version info
2026-02-27 23:24:50.175190 (464469) main____ INFO      tool      : Jasper 2023.12
2026-02-27 23:24:50.175204 (464469) main____ INFO      version   : 2023.12p001 64 bits
2026-02-27 23:24:50.175216 (464469) main____ INFO      build date: 2024.01.23 16:09:24 UTC
2026-02-27 23:24:50.175226 (464469) main____ INFO    ----------------------------------------
2026-02-27 23:24:50.175235 (464469) main____ INFO    Runtime info:
2026-02-27 23:24:50.175246 (464469) main____ INFO      platform  : Linux 4.18.0-553.89.1.el8_10.x86_64 x86_64
2026-02-27 23:24:50.175261 (464469) main____ INFO      hostname  : caddy10.stanford.edu
2026-02-27 23:24:50.175276 (464469) main____ INFO      pid       : 464469
2026-02-27 23:24:50.175287 (464469) main____ INFO      arguments : '-style' 'windows' '-allow_unsupported_OS' '-no_gui' '-fpv' './synthlc/i_DIV_out/xPairwiseDepDiv/exclusive_7_.tcl' '-proj' './synthlc/i_DIV_out/xPairwiseDepDiv/exclusive_7_jgsession_26-02-27-23_24_50'
2026-02-27 23:24:50.175301 (464469) main____ INFO      locale    : UTF-8
2026-02-27 23:24:50.175311 (464469) main____ INFO    ----------------------------------------
2026-02-27 23:24:50.175320 (464469) main____ INFO    System resource limits info:
2026-02-27 23:24:50.175332 (464469) main____ INFO      virtual memory: unlimited
2026-02-27 23:24:50.175343 (464469) main____ INFO      cpu time      : unlimited
2026-02-27 23:24:50.175358 (464469) main____ INFO      processes     : 4096
2026-02-27 23:24:50.175375 (464469) main____ INFO      stack size    : 8388608 B
2026-02-27 23:24:50.175389 (464469) main____ INFO      core file size: 0 B
2026-02-27 23:24:50.175401 (464469) main____ INFO      open files    : 4096
2026-02-27 23:24:50.175413 (464469) main____ INFO      file size     : unlimited
2026-02-27 23:24:50.175423 (464469) main____ INFO    ----------------------------------------
2026-02-27 23:24:50.175432 (464469) main____ INFO    Memory statistics:
2026-02-27 23:24:50.175443 (464469) main____ INFO      total physical memory  : 98449096 kB
2026-02-27 23:24:50.175453 (464469) main____ INFO      free physical memory   : 90785720 kB
2026-02-27 23:24:50.175465 (464469) main____ INFO      committed address space: 1784912 kB
2026-02-27 23:24:50.175474 (464469) main____ INFO    ----------------------------------------
2026-02-27 23:24:50.176602 (464469) main____ INFO    Important environment variables:
2026-02-27 23:24:50.176622 (464469) main____ INFO      CDS_LIC_FILE       : '5280@cadlic0'
2026-02-27 23:24:50.176634 (464469) main____ INFO      JASPER_INSTALL_DIR : '/cad/cadence/jasper_2023.12p001'
2026-02-27 23:24:50.176646 (464469) main____ INFO      JASPER_KERNEL_CHECK: '1'
2026-02-27 23:24:50.176657 (464469) main____ INFO      JASPER_OS_CHECK    : '0'
2026-02-27 23:24:50.176669 (464469) main____ INFO      LANG               : 'en_US.UTF-8'
2026-02-27 23:24:50.176678 (464469) main____ INFO    ----------------------------------------
2026-02-27 23:24:50.177813 (464469) lic_core INFO    Initializing license system ...
2026-02-27 23:24:50.179146 (464469) lic_core INFO    ... license system initialized.
2026-02-27 23:24:50.192762 (464469) lic__man INFO    Claim 'main' for <ui>.
2026-02-27 23:24:50.192803 (464469) lic_core INFO    (1) checking out 'jasper_interactive' ...
2026-02-27 23:24:50.205067 (464469) lic_core INFO    ... (1) checkout succeeded
2026-02-27 23:24:50.205119 (464469) lic__man INFO    Claim 'fpv' for <ui>.
2026-02-27 23:24:50.205138 (464469) lic_core INFO    (2) checking out 'jasper_fpv' ...
2026-02-27 23:24:50.208910 (464469) lic_core INFO    ... (2) checkout failed (error: -5) ("FLEXnet ERROR(-5, 0, 0): No such feature exists.")
2026-02-27 23:24:50.208937 (464469) lic_core INFO    (3) checking out 'jasper_fao' ...
2026-02-27 23:24:50.219366 (464469) lic_core INFO    ... (3) checkout succeeded
2026-02-27 23:24:50.220270 (464480) stdio___ INFO    Starting STDIN reader (tty: yes, tty name: '/dev/pts/5')
2026-02-27 23:24:50.220363 (464469) main____ INFO    Tool inactivity delay is 480000 ms.
2026-02-27 23:24:50.259283 (464469) session_ INFO    Starting analysis session with session id 'session_0' (launcher: <local>) ...
2026-02-27 23:24:50.260952 (464469) session_ INFO    Analysis session with session id 'session_0' started (pid: 464481)
2026-02-27 23:24:51.322439 (464469) session_ INFO    Analysis session 'session_0' connected to the console (host: 127.0.0.1:56354)
2026-02-27 23:24:54.298278 (464469) lic__man INFO    Unclaim everything for 'session_0'.
2026-02-27 23:24:54.531121 (464469) lic__man INFO    Claim 'fpv' for 'session_0'.
2026-02-27 23:24:54.531153 (464469) lic__man INFO    Claim 'fpv' for 'session_0/prove-0'.
2026-02-27 23:24:55.696714 (464469) lic__man INFO    Unclaim everything for 'session_0/prove-0'.
2026-02-27 23:24:55.739200 (464469) main____ INFO    About to exit: request to exit with status 0 received from analysis session 'session_0'
2026-02-27 23:24:55.878468 (464469) session_ INFO    Analysis session 'session_0' disconnected.
2026-02-27 23:24:55.878655 (464469) lic__man INFO    Unclaim everything for 'session_0'.
2026-02-27 23:24:55.878835 (464469) session_ INFO    Process for analysis session 'session_0' has exited with exit status '0'.
2026-02-27 23:24:57.863330 (464480) stdio___ INFO    STDIN reader requested to stop.
2026-02-27 23:24:57.863373 (464480) stdio___ INFO    STDIN reader stopped.
2026-02-27 23:24:57.863676 (464469) lic_core INFO    (1) checkin jasper_interactive
2026-02-27 23:24:57.869245 (464469) lic_core INFO    (3) checkin jasper_fao
2026-02-27 23:24:57.885191 (464469) main____ INFO    Exiting with status 0.
