2026-02-26 08:41:02.194932 (3934069) main____ INFO    ----------------------------------------
2026-02-26 08:41:02.195008 (3934069) main____ INFO    Jasper version info
2026-02-26 08:41:02.195023 (3934069) main____ INFO      tool      : Jasper 2023.12
2026-02-26 08:41:02.195037 (3934069) main____ INFO      version   : 2023.12p001 64 bits
2026-02-26 08:41:02.195050 (3934069) main____ INFO      build date: 2024.01.23 16:09:24 UTC
2026-02-26 08:41:02.195060 (3934069) main____ INFO    ----------------------------------------
2026-02-26 08:41:02.195070 (3934069) main____ INFO    Runtime info:
2026-02-26 08:41:02.195080 (3934069) main____ INFO      platform  : Linux 4.18.0-553.89.1.el8_10.x86_64 x86_64
2026-02-26 08:41:02.195098 (3934069) main____ INFO      hostname  : caddy15.stanford.edu
2026-02-26 08:41:02.195113 (3934069) main____ INFO      pid       : 3934069
2026-02-26 08:41:02.195124 (3934069) main____ INFO      arguments : '-style' 'windows' '-allow_unsupported_OS' '-no_gui' '-fpv' './synthlc/i_ADDI_out/xHBPerfG_dfg_v3_div/WHB_250_.tcl' '-proj' './synthlc/i_ADDI_out/xHBPerfG_dfg_v3_div/WHB_250_jgsession_26-02-26-08_41_02'
2026-02-26 08:41:02.195149 (3934069) main____ INFO      locale    : UTF-8
2026-02-26 08:41:02.195158 (3934069) main____ INFO    ----------------------------------------
2026-02-26 08:41:02.195168 (3934069) main____ INFO    System resource limits info:
2026-02-26 08:41:02.195179 (3934069) main____ INFO      virtual memory: unlimited
2026-02-26 08:41:02.195192 (3934069) main____ INFO      cpu time      : unlimited
2026-02-26 08:41:02.195209 (3934069) main____ INFO      processes     : 4096
2026-02-26 08:41:02.195228 (3934069) main____ INFO      stack size    : 8388608 B
2026-02-26 08:41:02.195242 (3934069) main____ INFO      core file size: 0 B
2026-02-26 08:41:02.195255 (3934069) main____ INFO      open files    : 4096
2026-02-26 08:41:02.195267 (3934069) main____ INFO      file size     : unlimited
2026-02-26 08:41:02.195277 (3934069) main____ INFO    ----------------------------------------
2026-02-26 08:41:02.195286 (3934069) main____ INFO    Memory statistics:
2026-02-26 08:41:02.195298 (3934069) main____ INFO      total physical memory  : 98449092 kB
2026-02-26 08:41:02.195322 (3934069) main____ INFO      free physical memory   : 79684152 kB
2026-02-26 08:41:02.195333 (3934069) main____ INFO      committed address space: 2381416 kB
2026-02-26 08:41:02.195343 (3934069) main____ INFO    ----------------------------------------
2026-02-26 08:41:02.196477 (3934069) main____ INFO    Important environment variables:
2026-02-26 08:41:02.196502 (3934069) main____ INFO      CDS_LIC_FILE       : '5280@cadlic0'
2026-02-26 08:41:02.196514 (3934069) main____ INFO      JASPER_INSTALL_DIR : '/cad/cadence/jasper_2023.12p001'
2026-02-26 08:41:02.196526 (3934069) main____ INFO      JASPER_KERNEL_CHECK: '1'
2026-02-26 08:41:02.196538 (3934069) main____ INFO      JASPER_OS_CHECK    : '0'
2026-02-26 08:41:02.196550 (3934069) main____ INFO      LANG               : 'en_US.UTF-8'
2026-02-26 08:41:02.196560 (3934069) main____ INFO    ----------------------------------------
2026-02-26 08:41:02.197692 (3934069) lic_core INFO    Initializing license system ...
2026-02-26 08:41:02.199271 (3934069) lic_core INFO    ... license system initialized.
2026-02-26 08:41:02.211094 (3934069) lic__man INFO    Claim 'main' for <ui>.
2026-02-26 08:41:02.211158 (3934069) lic_core INFO    (1) checking out 'jasper_interactive' ...
2026-02-26 08:41:02.223874 (3934069) lic_core INFO    ... (1) checkout succeeded
2026-02-26 08:41:02.223939 (3934069) lic__man INFO    Claim 'fpv' for <ui>.
2026-02-26 08:41:02.223962 (3934069) lic_core INFO    (2) checking out 'jasper_fpv' ...
2026-02-26 08:41:02.227866 (3934069) lic_core INFO    ... (2) checkout failed (error: -5) ("FLEXnet ERROR(-5, 0, 0): No such feature exists.")
2026-02-26 08:41:02.227899 (3934069) lic_core INFO    (3) checking out 'jasper_fao' ...
2026-02-26 08:41:02.238617 (3934069) lic_core INFO    ... (3) checkout succeeded
2026-02-26 08:41:02.239603 (3934081) stdio___ INFO    Starting STDIN reader (tty: yes, tty name: '/dev/pts/0')
2026-02-26 08:41:02.239763 (3934069) main____ INFO    Tool inactivity delay is 480000 ms.
2026-02-26 08:41:02.282197 (3934069) session_ INFO    Starting analysis session with session id 'session_0' (launcher: <local>) ...
2026-02-26 08:41:02.283984 (3934069) session_ INFO    Analysis session with session id 'session_0' started (pid: 3934082)
2026-02-26 08:41:03.629746 (3934069) session_ INFO    Analysis session 'session_0' connected to the console (host: 127.0.0.1:50512)
2026-02-26 08:41:09.274161 (3934069) lic__man INFO    Unclaim everything for 'session_0'.
2026-02-26 08:41:09.470030 (3934069) lic__man INFO    Claim 'fpv' for 'session_0'.
2026-02-26 08:41:09.470065 (3934069) lic__man INFO    Claim 'fpv' for 'session_0/prove-0'.
2026-02-26 08:41:15.224143 (3934069) lic__man INFO    Unclaim everything for 'session_0/prove-0'.
2026-02-26 08:41:15.265428 (3934069) main____ INFO    About to exit: request to exit with status 0 received from analysis session 'session_0'
2026-02-26 08:41:15.413192 (3934069) session_ INFO    Analysis session 'session_0' disconnected.
2026-02-26 08:41:15.413390 (3934069) lic__man INFO    Unclaim everything for 'session_0'.
2026-02-26 08:41:15.413586 (3934069) session_ INFO    Process for analysis session 'session_0' has exited with exit status '0'.
2026-02-26 08:41:17.384367 (3934081) stdio___ INFO    STDIN reader requested to stop.
2026-02-26 08:41:17.384420 (3934081) stdio___ INFO    STDIN reader stopped.
2026-02-26 08:41:17.395557 (3934069) lic_core INFO    (1) checkin jasper_interactive
2026-02-26 08:41:17.396575 (3934069) lic_core INFO    (3) checkin jasper_fao
2026-02-26 08:41:17.398671 (3934069) main____ INFO    Exiting with status 0.
