2026-02-25 15:36:22.951470 (3289019) main____ INFO    ----------------------------------------
2026-02-25 15:36:22.951568 (3289019) main____ INFO    Jasper version info
2026-02-25 15:36:22.951584 (3289019) main____ INFO      tool      : Jasper 2023.12
2026-02-25 15:36:22.951599 (3289019) main____ INFO      version   : 2023.12p001 64 bits
2026-02-25 15:36:22.951612 (3289019) main____ INFO      build date: 2024.01.23 16:09:24 UTC
2026-02-25 15:36:22.951622 (3289019) main____ INFO    ----------------------------------------
2026-02-25 15:36:22.951631 (3289019) main____ INFO    Runtime info:
2026-02-25 15:36:22.951642 (3289019) main____ INFO      platform  : Linux 4.18.0-553.89.1.el8_10.x86_64 x86_64
2026-02-25 15:36:22.951661 (3289019) main____ INFO      hostname  : caddy15.stanford.edu
2026-02-25 15:36:22.951676 (3289019) main____ INFO      pid       : 3289019
2026-02-25 15:36:22.951688 (3289019) main____ INFO      arguments : '-style' 'windows' '-allow_unsupported_OS' '-no_gui' '-fpv' './synthlc/i_DIV_out/xHBPerfG_dfg_v3_div/HB_253_.tcl' '-proj' './synthlc/i_DIV_out/xHBPerfG_dfg_v3_div/HB_253_jgsession_26-02-25-15_36_21'
2026-02-25 15:36:22.951706 (3289019) main____ INFO      locale    : UTF-8
2026-02-25 15:36:22.951716 (3289019) main____ INFO    ----------------------------------------
2026-02-25 15:36:22.951725 (3289019) main____ INFO    System resource limits info:
2026-02-25 15:36:22.951737 (3289019) main____ INFO      virtual memory: unlimited
2026-02-25 15:36:22.951749 (3289019) main____ INFO      cpu time      : unlimited
2026-02-25 15:36:22.951768 (3289019) main____ INFO      processes     : 4096
2026-02-25 15:36:22.951789 (3289019) main____ INFO      stack size    : 8388608 B
2026-02-25 15:36:22.951803 (3289019) main____ INFO      core file size: 0 B
2026-02-25 15:36:22.951816 (3289019) main____ INFO      open files    : 4096
2026-02-25 15:36:22.951827 (3289019) main____ INFO      file size     : unlimited
2026-02-25 15:36:22.951837 (3289019) main____ INFO    ----------------------------------------
2026-02-25 15:36:22.951846 (3289019) main____ INFO    Memory statistics:
2026-02-25 15:36:22.951858 (3289019) main____ INFO      total physical memory  : 98449092 kB
2026-02-25 15:36:22.951869 (3289019) main____ INFO      free physical memory   : 74560828 kB
2026-02-25 15:36:22.951880 (3289019) main____ INFO      committed address space: 11128780 kB
2026-02-25 15:36:22.951890 (3289019) main____ INFO    ----------------------------------------
2026-02-25 15:36:22.953072 (3289019) main____ INFO    Important environment variables:
2026-02-25 15:36:22.953098 (3289019) main____ INFO      CDS_LIC_FILE       : '5280@cadlic0'
2026-02-25 15:36:22.953110 (3289019) main____ INFO      JASPER_INSTALL_DIR : '/cad/cadence/jasper_2023.12p001'
2026-02-25 15:36:22.953122 (3289019) main____ INFO      JASPER_KERNEL_CHECK: '1'
2026-02-25 15:36:22.953135 (3289019) main____ INFO      JASPER_OS_CHECK    : '0'
2026-02-25 15:36:22.953146 (3289019) main____ INFO      LANG               : 'en_US.UTF-8'
2026-02-25 15:36:22.953156 (3289019) main____ INFO    ----------------------------------------
2026-02-25 15:36:22.965448 (3289019) lic_core INFO    Initializing license system ...
2026-02-25 15:36:22.985443 (3289019) lic_core INFO    ... license system initialized.
2026-02-25 15:36:23.128651 (3289019) lic__man INFO    Claim 'main' for <ui>.
2026-02-25 15:36:23.128770 (3289019) lic_core INFO    (1) checking out 'jasper_interactive' ...
2026-02-25 15:36:23.214756 (3289019) lic_core INFO    ... (1) checkout succeeded
2026-02-25 15:36:23.214868 (3289019) lic__man INFO    Claim 'fpv' for <ui>.
2026-02-25 15:36:23.214899 (3289019) lic_core INFO    (2) checking out 'jasper_fpv' ...
2026-02-25 15:36:23.273784 (3289019) lic_core INFO    ... (2) checkout failed (error: -5) ("FLEXnet ERROR(-5, 0, 0): No such feature exists.")
2026-02-25 15:36:23.273844 (3289019) lic_core INFO    (3) checking out 'jasper_fao' ...
2026-02-25 15:36:23.347627 (3289019) lic_core INFO    ... (3) checkout succeeded
2026-02-25 15:36:23.386192 (3289019) main____ INFO    Tool inactivity delay is 480000 ms.
2026-02-25 15:36:23.395400 (3289069) stdio___ INFO    Starting STDIN reader (tty: yes, tty name: '/dev/pts/0')
2026-02-25 15:36:23.698428 (3289019) session_ INFO    Starting analysis session with session id 'session_0' (launcher: <local>) ...
2026-02-25 15:36:23.700363 (3289019) session_ INFO    Analysis session with session id 'session_0' started (pid: 3289070)
2026-02-25 15:36:27.669057 (3289019) session_ INFO    Analysis session 'session_0' connected to the console (host: 127.0.0.1:50000)
2026-02-25 15:36:36.944400 (3289019) lic__man INFO    Unclaim everything for 'session_0'.
2026-02-25 15:36:37.400858 (3289019) lic__man INFO    Claim 'fpv' for 'session_0'.
2026-02-25 15:36:37.400899 (3289019) lic__man INFO    Claim 'fpv' for 'session_0/prove-0'.
2026-02-25 15:47:11.458784 (3289019) lic__man INFO    Unclaim everything for 'session_0/prove-0'.
2026-02-25 15:47:11.476361 (3289019) main____ INFO    About to exit: request to exit with status 0 received from analysis session 'session_0'
2026-02-25 15:47:11.750178 (3289019) session_ INFO    Analysis session 'session_0' disconnected.
2026-02-25 15:47:11.750368 (3289019) lic__man INFO    Unclaim everything for 'session_0'.
2026-02-25 15:47:11.750588 (3289019) session_ INFO    Process for analysis session 'session_0' has exited with exit status '0'.
2026-02-25 15:47:13.413526 (3289069) stdio___ INFO    STDIN reader requested to stop.
2026-02-25 15:47:13.413576 (3289069) stdio___ INFO    STDIN reader stopped.
2026-02-25 15:47:13.416644 (3289019) lic_core INFO    (1) checkin jasper_interactive
2026-02-25 15:47:13.417953 (3289019) lic_core INFO    (3) checkin jasper_fao
2026-02-25 15:47:13.419198 (3289019) main____ INFO    Exiting with status 0.
