2026-03-01 01:50:32.714883 (1225201) main____ INFO    ----------------------------------------
2026-03-01 01:50:32.714987 (1225201) main____ INFO    Jasper version info
2026-03-01 01:50:32.715002 (1225201) main____ INFO      tool      : Jasper 2023.12
2026-03-01 01:50:32.715018 (1225201) main____ INFO      version   : 2023.12p001 64 bits
2026-03-01 01:50:32.715032 (1225201) main____ INFO      build date: 2024.01.23 16:09:24 UTC
2026-03-01 01:50:32.715042 (1225201) main____ INFO    ----------------------------------------
2026-03-01 01:50:32.715051 (1225201) main____ INFO    Runtime info:
2026-03-01 01:50:32.715062 (1225201) main____ INFO      platform  : Linux 4.18.0-553.89.1.el8_10.x86_64 x86_64
2026-03-01 01:50:32.715082 (1225201) main____ INFO      hostname  : caddy15.stanford.edu
2026-03-01 01:50:32.715097 (1225201) main____ INFO      pid       : 1225201
2026-03-01 01:50:32.715110 (1225201) main____ INFO      arguments : '-style' 'windows' '-allow_unsupported_OS' '-no_gui' '-fpv' './synthlc/i_LW_out/xHBPerfG_dfg_v3_div/WHB_69_.tcl' '-proj' './synthlc/i_LW_out/xHBPerfG_dfg_v3_div/WHB_69_jgsession_26-03-01-01_50_32'
2026-03-01 01:50:32.715127 (1225201) main____ INFO      locale    : UTF-8
2026-03-01 01:50:32.715137 (1225201) main____ INFO    ----------------------------------------
2026-03-01 01:50:32.715146 (1225201) main____ INFO    System resource limits info:
2026-03-01 01:50:32.715159 (1225201) main____ INFO      virtual memory: unlimited
2026-03-01 01:50:32.715171 (1225201) main____ INFO      cpu time      : unlimited
2026-03-01 01:50:32.715190 (1225201) main____ INFO      processes     : 4096
2026-03-01 01:50:32.715212 (1225201) main____ INFO      stack size    : 8388608 B
2026-03-01 01:50:32.715226 (1225201) main____ INFO      core file size: 0 B
2026-03-01 01:50:32.715240 (1225201) main____ INFO      open files    : 4096
2026-03-01 01:50:32.715252 (1225201) main____ INFO      file size     : unlimited
2026-03-01 01:50:32.715262 (1225201) main____ INFO    ----------------------------------------
2026-03-01 01:50:32.715271 (1225201) main____ INFO    Memory statistics:
2026-03-01 01:50:32.715294 (1225201) main____ INFO      total physical memory  : 98449092 kB
2026-03-01 01:50:32.715321 (1225201) main____ INFO      free physical memory   : 78027852 kB
2026-03-01 01:50:32.715332 (1225201) main____ INFO      committed address space: 3922412 kB
2026-03-01 01:50:32.715342 (1225201) main____ INFO    ----------------------------------------
2026-03-01 01:50:32.716520 (1225201) main____ INFO    Important environment variables:
2026-03-01 01:50:32.716548 (1225201) main____ INFO      CDS_LIC_FILE       : '5280@cadlic0'
2026-03-01 01:50:32.716561 (1225201) main____ INFO      JASPER_INSTALL_DIR : '/cad/cadence/jasper_2023.12p001'
2026-03-01 01:50:32.716573 (1225201) main____ INFO      JASPER_KERNEL_CHECK: '1'
2026-03-01 01:50:32.716585 (1225201) main____ INFO      JASPER_OS_CHECK    : '0'
2026-03-01 01:50:32.716597 (1225201) main____ INFO      LANG               : 'en_US.UTF-8'
2026-03-01 01:50:32.716607 (1225201) main____ INFO    ----------------------------------------
2026-03-01 01:50:32.719499 (1225201) lic_core INFO    Initializing license system ...
2026-03-01 01:50:32.742595 (1225201) lic_core INFO    ... license system initialized.
2026-03-01 01:50:32.835545 (1225201) lic__man INFO    Claim 'main' for <ui>.
2026-03-01 01:50:32.835608 (1225201) lic_core INFO    (1) checking out 'jasper_interactive' ...
2026-03-01 01:50:32.858572 (1225201) lic_core INFO    ... (1) checkout succeeded
2026-03-01 01:50:32.858668 (1225201) lic__man INFO    Claim 'fpv' for <ui>.
2026-03-01 01:50:32.858695 (1225201) lic_core INFO    (2) checking out 'jasper_fpv' ...
2026-03-01 01:50:32.863130 (1225201) lic_core INFO    ... (2) checkout failed (error: -5) ("FLEXnet ERROR(-5, 0, 0): No such feature exists.")
2026-03-01 01:50:32.863175 (1225201) lic_core INFO    (3) checking out 'jasper_fao' ...
2026-03-01 01:50:32.878656 (1225201) lic_core INFO    ... (3) checkout succeeded
2026-03-01 01:50:32.880047 (1225201) main____ INFO    Tool inactivity delay is 480000 ms.
2026-03-01 01:50:32.890530 (1225227) stdio___ INFO    Starting STDIN reader (tty: yes, tty name: '/dev/pts/0')
2026-03-01 01:50:32.948445 (1225201) session_ INFO    Starting analysis session with session id 'session_0' (launcher: <local>) ...
2026-03-01 01:50:32.950421 (1225201) session_ INFO    Analysis session with session id 'session_0' started (pid: 1225236)
2026-03-01 01:50:34.604826 (1225201) session_ INFO    Analysis session 'session_0' connected to the console (host: 127.0.0.1:51280)
2026-03-01 01:50:40.219768 (1225201) lic__man INFO    Unclaim everything for 'session_0'.
2026-03-01 01:50:40.422726 (1225201) lic__man INFO    Claim 'fpv' for 'session_0'.
2026-03-01 01:50:40.422768 (1225201) lic__man INFO    Claim 'fpv' for 'session_0/prove-0'.
2026-03-01 01:50:48.923484 (1225201) lic__man INFO    Unclaim everything for 'session_0/prove-0'.
2026-03-01 01:50:48.967479 (1225201) main____ INFO    About to exit: request to exit with status 0 received from analysis session 'session_0'
2026-03-01 01:50:49.119332 (1225201) session_ INFO    Analysis session 'session_0' disconnected.
2026-03-01 01:50:49.119530 (1225201) lic__man INFO    Unclaim everything for 'session_0'.
2026-03-01 01:50:49.119713 (1225201) session_ INFO    Process for analysis session 'session_0' has exited with exit status '0'.
2026-03-01 01:50:50.918113 (1225227) stdio___ INFO    STDIN reader requested to stop.
2026-03-01 01:50:50.918153 (1225227) stdio___ INFO    STDIN reader stopped.
2026-03-01 01:50:50.918477 (1225201) lic_core INFO    (1) checkin jasper_interactive
2026-03-01 01:50:50.919649 (1225201) lic_core INFO    (3) checkin jasper_fao
2026-03-01 01:50:50.920769 (1225201) main____ INFO    Exiting with status 0.
