2026-03-01 00:03:01.655557 (3818862) main____ INFO    ----------------------------------------
2026-03-01 00:03:01.655650 (3818862) main____ INFO    Jasper version info
2026-03-01 00:03:01.655681 (3818862) main____ INFO      tool      : Jasper 2023.12
2026-03-01 00:03:01.655697 (3818862) main____ INFO      version   : 2023.12p001 64 bits
2026-03-01 00:03:01.655712 (3818862) main____ INFO      build date: 2024.01.23 16:09:24 UTC
2026-03-01 00:03:01.655723 (3818862) main____ INFO    ----------------------------------------
2026-03-01 00:03:01.655751 (3818862) main____ INFO    Runtime info:
2026-03-01 00:03:01.655763 (3818862) main____ INFO      platform  : Linux 4.18.0-553.89.1.el8_10.x86_64 x86_64
2026-03-01 00:03:01.655783 (3818862) main____ INFO      hostname  : caddy12.stanford.edu
2026-03-01 00:03:01.655799 (3818862) main____ INFO      pid       : 3818862
2026-03-01 00:03:01.655811 (3818862) main____ INFO      arguments : '-style' 'windows' '-allow_unsupported_OS' '-no_gui' '-fpv' './synthlc/i_ADDI_out/xHBPerfG_dfg_v3_div/WHB_76_.tcl' '-proj' './synthlc/i_ADDI_out/xHBPerfG_dfg_v3_div/WHB_76_jgsession_26-03-01-00_03_01'
2026-03-01 00:03:01.655829 (3818862) main____ INFO      locale    : UTF-8
2026-03-01 00:03:01.655840 (3818862) main____ INFO    ----------------------------------------
2026-03-01 00:03:01.655851 (3818862) main____ INFO    System resource limits info:
2026-03-01 00:03:01.655863 (3818862) main____ INFO      virtual memory: unlimited
2026-03-01 00:03:01.655886 (3818862) main____ INFO      cpu time      : unlimited
2026-03-01 00:03:01.655904 (3818862) main____ INFO      processes     : 4096
2026-03-01 00:03:01.655925 (3818862) main____ INFO      stack size    : 8388608 B
2026-03-01 00:03:01.655940 (3818862) main____ INFO      core file size: 0 B
2026-03-01 00:03:01.655954 (3818862) main____ INFO      open files    : 4096
2026-03-01 00:03:01.655967 (3818862) main____ INFO      file size     : unlimited
2026-03-01 00:03:01.655978 (3818862) main____ INFO    ----------------------------------------
2026-03-01 00:03:01.655988 (3818862) main____ INFO    Memory statistics:
2026-03-01 00:03:01.656000 (3818862) main____ INFO      total physical memory  : 98449088 kB
2026-03-01 00:03:01.656012 (3818862) main____ INFO      free physical memory   : 84783376 kB
2026-03-01 00:03:01.656025 (3818862) main____ INFO      committed address space: 9937504 kB
2026-03-01 00:03:01.656036 (3818862) main____ INFO    ----------------------------------------
2026-03-01 00:03:01.657238 (3818862) main____ INFO    Important environment variables:
2026-03-01 00:03:01.657281 (3818862) main____ INFO      CDS_LIC_FILE       : '5280@cadlic0'
2026-03-01 00:03:01.657295 (3818862) main____ INFO      DISPLAY            : 'localhost:12.0'
2026-03-01 00:03:01.657308 (3818862) main____ INFO      JASPER_INSTALL_DIR : '/cad/cadence/jasper_2023.12p001'
2026-03-01 00:03:01.657321 (3818862) main____ INFO      JASPER_KERNEL_CHECK: '1'
2026-03-01 00:03:01.657333 (3818862) main____ INFO      JASPER_OS_CHECK    : '0'
2026-03-01 00:03:01.657346 (3818862) main____ INFO      LANG               : 'zh_TW.UTF-8'
2026-03-01 00:03:01.657357 (3818862) main____ INFO    ----------------------------------------
2026-03-01 00:03:01.658843 (3818862) lic_core INFO    Initializing license system ...
2026-03-01 00:03:01.669689 (3818862) lic_core INFO    ... license system initialized.
2026-03-01 00:03:01.834441 (3818862) lic__man INFO    Claim 'main' for <ui>.
2026-03-01 00:03:01.834511 (3818862) lic_core INFO    (1) checking out 'jasper_interactive' ...
2026-03-01 00:03:01.902915 (3818862) lic_core INFO    ... (1) checkout succeeded
2026-03-01 00:03:01.903026 (3818862) lic__man INFO    Claim 'fpv' for <ui>.
2026-03-01 00:03:01.903056 (3818862) lic_core INFO    (2) checking out 'jasper_fpv' ...
2026-03-01 00:03:01.959123 (3818862) lic_core INFO    ... (2) checkout failed (error: -5) ("FLEXnet ERROR(-5, 0, 0): No such feature exists.")
2026-03-01 00:03:01.959186 (3818862) lic_core INFO    (3) checking out 'jasper_fao' ...
2026-03-01 00:03:02.020057 (3818862) lic_core INFO    ... (3) checkout succeeded
2026-03-01 00:03:02.042591 (3818862) main____ INFO    Tool inactivity delay is 480000 ms.
2026-03-01 00:03:02.069865 (3819021) stdio___ INFO    Starting STDIN reader (tty: yes, tty name: '/dev/pts/0')
2026-03-01 00:03:02.361786 (3818862) session_ INFO    Starting analysis session with session id 'session_0' (launcher: <local>) ...
2026-03-01 00:03:02.363922 (3818862) session_ INFO    Analysis session with session id 'session_0' started (pid: 3819048)
2026-03-01 00:03:03.937195 (3818862) session_ INFO    Analysis session 'session_0' connected to the console (host: 127.0.0.1:39456)
2026-03-01 00:03:08.280904 (3818862) lic__man INFO    Unclaim everything for 'session_0'.
2026-03-01 00:03:08.658209 (3818862) lic__man INFO    Claim 'fpv' for 'session_0'.
2026-03-01 00:03:08.658259 (3818862) lic__man INFO    Claim 'fpv' for 'session_0/prove-0'.
2026-03-01 00:03:10.391178 (3818862) lic__man INFO    Unclaim everything for 'session_0/prove-0'.
2026-03-01 00:03:10.472585 (3818862) main____ INFO    About to exit: request to exit with status 0 received from analysis session 'session_0'
2026-03-01 00:03:10.766015 (3818862) session_ INFO    Analysis session 'session_0' disconnected.
2026-03-01 00:03:10.766168 (3818862) lic__man INFO    Unclaim everything for 'session_0'.
2026-03-01 00:03:10.766352 (3818862) session_ INFO    Process for analysis session 'session_0' has exited with exit status '0'.
2026-03-01 00:03:12.399759 (3819021) stdio___ INFO    STDIN reader requested to stop.
2026-03-01 00:03:12.399823 (3819021) stdio___ INFO    STDIN reader stopped.
2026-03-01 00:03:12.400183 (3818862) lic_core INFO    (1) checkin jasper_interactive
2026-03-01 00:03:12.411576 (3818862) lic_core INFO    (3) checkin jasper_fao
2026-03-01 00:03:12.418613 (3818862) main____ INFO    Exiting with status 0.
