2026-02-26 02:49:36.838882 (1899161) main____ INFO    ----------------------------------------
2026-02-26 02:49:36.838940 (1899161) main____ INFO    Jasper version info
2026-02-26 02:49:36.838955 (1899161) main____ INFO      tool      : Jasper 2023.12
2026-02-26 02:49:36.838976 (1899161) main____ INFO      version   : 2023.12p001 64 bits
2026-02-26 02:49:36.838988 (1899161) main____ INFO      build date: 2024.01.23 16:09:24 UTC
2026-02-26 02:49:36.838998 (1899161) main____ INFO    ----------------------------------------
2026-02-26 02:49:36.839007 (1899161) main____ INFO    Runtime info:
2026-02-26 02:49:36.839017 (1899161) main____ INFO      platform  : Linux 4.18.0-553.89.1.el8_10.x86_64 x86_64
2026-02-26 02:49:36.839033 (1899161) main____ INFO      hostname  : caddy12.stanford.edu
2026-02-26 02:49:36.839047 (1899161) main____ INFO      pid       : 1899161
2026-02-26 02:49:36.839057 (1899161) main____ INFO      arguments : '-style' 'windows' '-allow_unsupported_OS' '-no_gui' '-fpv' './synthlc/i_MUL_out/xHBPerfG_dfg_v3_div/WHB_132_.tcl' '-proj' './synthlc/i_MUL_out/xHBPerfG_dfg_v3_div/WHB_132_jgsession_26-02-26-02_49_36'
2026-02-26 02:49:36.839072 (1899161) main____ INFO      locale    : UTF-8
2026-02-26 02:49:36.839082 (1899161) main____ INFO    ----------------------------------------
2026-02-26 02:49:36.839091 (1899161) main____ INFO    System resource limits info:
2026-02-26 02:49:36.839102 (1899161) main____ INFO      virtual memory: unlimited
2026-02-26 02:49:36.839114 (1899161) main____ INFO      cpu time      : unlimited
2026-02-26 02:49:36.839130 (1899161) main____ INFO      processes     : 4096
2026-02-26 02:49:36.839146 (1899161) main____ INFO      stack size    : 8388608 B
2026-02-26 02:49:36.839160 (1899161) main____ INFO      core file size: 0 B
2026-02-26 02:49:36.839172 (1899161) main____ INFO      open files    : 4096
2026-02-26 02:49:36.839184 (1899161) main____ INFO      file size     : unlimited
2026-02-26 02:49:36.839193 (1899161) main____ INFO    ----------------------------------------
2026-02-26 02:49:36.839202 (1899161) main____ INFO    Memory statistics:
2026-02-26 02:49:36.839213 (1899161) main____ INFO      total physical memory  : 98449088 kB
2026-02-26 02:49:36.839224 (1899161) main____ INFO      free physical memory   : 81405492 kB
2026-02-26 02:49:36.839235 (1899161) main____ INFO      committed address space: 2580572 kB
2026-02-26 02:49:36.839244 (1899161) main____ INFO    ----------------------------------------
2026-02-26 02:49:36.840379 (1899161) main____ INFO    Important environment variables:
2026-02-26 02:49:36.840400 (1899161) main____ INFO      CDS_LIC_FILE       : '5280@cadlic0'
2026-02-26 02:49:36.840413 (1899161) main____ INFO      DISPLAY            : 'localhost:12.0'
2026-02-26 02:49:36.840424 (1899161) main____ INFO      JASPER_INSTALL_DIR : '/cad/cadence/jasper_2023.12p001'
2026-02-26 02:49:36.840435 (1899161) main____ INFO      JASPER_KERNEL_CHECK: '1'
2026-02-26 02:49:36.840447 (1899161) main____ INFO      JASPER_OS_CHECK    : '0'
2026-02-26 02:49:36.840458 (1899161) main____ INFO      LANG               : 'zh_TW.UTF-8'
2026-02-26 02:49:36.840467 (1899161) main____ INFO    ----------------------------------------
2026-02-26 02:49:36.841597 (1899161) lic_core INFO    Initializing license system ...
2026-02-26 02:49:36.844018 (1899161) lic_core INFO    ... license system initialized.
2026-02-26 02:49:36.856814 (1899161) lic__man INFO    Claim 'main' for <ui>.
2026-02-26 02:49:36.856853 (1899161) lic_core INFO    (1) checking out 'jasper_interactive' ...
2026-02-26 02:49:36.869629 (1899161) lic_core INFO    ... (1) checkout succeeded
2026-02-26 02:49:36.869708 (1899161) lic__man INFO    Claim 'fpv' for <ui>.
2026-02-26 02:49:36.869731 (1899161) lic_core INFO    (2) checking out 'jasper_fpv' ...
2026-02-26 02:49:36.873998 (1899161) lic_core INFO    ... (2) checkout failed (error: -5) ("FLEXnet ERROR(-5, 0, 0): No such feature exists.")
2026-02-26 02:49:36.874029 (1899161) lic_core INFO    (3) checking out 'jasper_fao' ...
2026-02-26 02:49:36.885261 (1899161) lic_core INFO    ... (3) checkout succeeded
2026-02-26 02:49:36.886164 (1899180) stdio___ INFO    Starting STDIN reader (tty: yes, tty name: '/dev/pts/0')
2026-02-26 02:49:36.886257 (1899161) main____ INFO    Tool inactivity delay is 480000 ms.
2026-02-26 02:49:36.931032 (1899161) session_ INFO    Starting analysis session with session id 'session_0' (launcher: <local>) ...
2026-02-26 02:49:36.932807 (1899161) session_ INFO    Analysis session with session id 'session_0' started (pid: 1899183)
2026-02-26 02:49:38.008017 (1899161) session_ INFO    Analysis session 'session_0' connected to the console (host: 127.0.0.1:38884)
2026-02-26 02:49:41.166282 (1899161) lic__man INFO    Unclaim everything for 'session_0'.
2026-02-26 02:49:41.513892 (1899161) lic__man INFO    Claim 'fpv' for 'session_0'.
2026-02-26 02:49:41.513930 (1899161) lic__man INFO    Claim 'fpv' for 'session_0/prove-0'.
2026-02-26 02:49:43.579895 (1899161) lic__man INFO    Unclaim everything for 'session_0/prove-0'.
2026-02-26 02:49:43.598887 (1899161) main____ INFO    About to exit: request to exit with status 0 received from analysis session 'session_0'
2026-02-26 02:49:43.907161 (1899161) session_ INFO    Analysis session 'session_0' disconnected.
2026-02-26 02:49:43.907297 (1899161) lic__man INFO    Unclaim everything for 'session_0'.
2026-02-26 02:49:43.907570 (1899161) session_ INFO    Process for analysis session 'session_0' has exited with exit status '0'.
2026-02-26 02:49:45.506947 (1899180) stdio___ INFO    STDIN reader requested to stop.
2026-02-26 02:49:45.507009 (1899180) stdio___ INFO    STDIN reader stopped.
2026-02-26 02:49:45.517908 (1899161) lic_core INFO    (1) checkin jasper_interactive
2026-02-26 02:49:45.518854 (1899161) lic_core INFO    (3) checkin jasper_fao
2026-02-26 02:49:45.520829 (1899161) main____ INFO    Exiting with status 0.
