2026-02-26 23:17:58.578817 (151783) main____ INFO    ----------------------------------------
2026-02-26 23:17:58.578878 (151783) main____ INFO    Jasper version info
2026-02-26 23:17:58.578893 (151783) main____ INFO      tool      : Jasper 2023.12
2026-02-26 23:17:58.578907 (151783) main____ INFO      version   : 2023.12p001 64 bits
2026-02-26 23:17:58.578919 (151783) main____ INFO      build date: 2024.01.23 16:09:24 UTC
2026-02-26 23:17:58.578929 (151783) main____ INFO    ----------------------------------------
2026-02-26 23:17:58.578938 (151783) main____ INFO    Runtime info:
2026-02-26 23:17:58.578948 (151783) main____ INFO      platform  : Linux 4.18.0-553.89.1.el8_10.x86_64 x86_64
2026-02-26 23:17:58.578965 (151783) main____ INFO      hostname  : caddy15.stanford.edu
2026-02-26 23:17:58.578979 (151783) main____ INFO      pid       : 151783
2026-02-26 23:17:58.578990 (151783) main____ INFO      arguments : '-style' 'windows' '-allow_unsupported_OS' '-no_gui' '-fpv' './synthlc/i_BEQ_out/xCoverAPerflocDiv/19_.tcl' '-proj' './synthlc/i_BEQ_out/xCoverAPerflocDiv/19_jgsession_26-02-26-23_17_58'
2026-02-26 23:17:58.579005 (151783) main____ INFO      locale    : UTF-8
2026-02-26 23:17:58.579015 (151783) main____ INFO    ----------------------------------------
2026-02-26 23:17:58.579024 (151783) main____ INFO    System resource limits info:
2026-02-26 23:17:58.579036 (151783) main____ INFO      virtual memory: unlimited
2026-02-26 23:17:58.579047 (151783) main____ INFO      cpu time      : unlimited
2026-02-26 23:17:58.579075 (151783) main____ INFO      processes     : 4096
2026-02-26 23:17:58.579092 (151783) main____ INFO      stack size    : 8388608 B
2026-02-26 23:17:58.579106 (151783) main____ INFO      core file size: 0 B
2026-02-26 23:17:58.579118 (151783) main____ INFO      open files    : 4096
2026-02-26 23:17:58.579130 (151783) main____ INFO      file size     : unlimited
2026-02-26 23:17:58.579140 (151783) main____ INFO    ----------------------------------------
2026-02-26 23:17:58.579149 (151783) main____ INFO    Memory statistics:
2026-02-26 23:17:58.579161 (151783) main____ INFO      total physical memory  : 98449092 kB
2026-02-26 23:17:58.579172 (151783) main____ INFO      free physical memory   : 81315820 kB
2026-02-26 23:17:58.579183 (151783) main____ INFO      committed address space: 1206484 kB
2026-02-26 23:17:58.579193 (151783) main____ INFO    ----------------------------------------
2026-02-26 23:17:58.580315 (151783) main____ INFO    Important environment variables:
2026-02-26 23:17:58.580335 (151783) main____ INFO      CDS_LIC_FILE       : '5280@cadlic0'
2026-02-26 23:17:58.580347 (151783) main____ INFO      JASPER_INSTALL_DIR : '/cad/cadence/jasper_2023.12p001'
2026-02-26 23:17:58.580359 (151783) main____ INFO      JASPER_KERNEL_CHECK: '1'
2026-02-26 23:17:58.580371 (151783) main____ INFO      JASPER_OS_CHECK    : '0'
2026-02-26 23:17:58.580383 (151783) main____ INFO      LANG               : 'en_US.UTF-8'
2026-02-26 23:17:58.580393 (151783) main____ INFO    ----------------------------------------
2026-02-26 23:17:58.581459 (151783) lic_core INFO    Initializing license system ...
2026-02-26 23:17:58.583064 (151783) lic_core INFO    ... license system initialized.
2026-02-26 23:17:58.596746 (151783) lic__man INFO    Claim 'main' for <ui>.
2026-02-26 23:17:58.596782 (151783) lic_core INFO    (1) checking out 'jasper_interactive' ...
2026-02-26 23:17:58.608796 (151783) lic_core INFO    ... (1) checkout succeeded
2026-02-26 23:17:58.608850 (151783) lic__man INFO    Claim 'fpv' for <ui>.
2026-02-26 23:17:58.608871 (151783) lic_core INFO    (2) checking out 'jasper_fpv' ...
2026-02-26 23:17:58.612666 (151783) lic_core INFO    ... (2) checkout failed (error: -5) ("FLEXnet ERROR(-5, 0, 0): No such feature exists.")
2026-02-26 23:17:58.612695 (151783) lic_core INFO    (3) checking out 'jasper_fao' ...
2026-02-26 23:17:58.623520 (151783) lic_core INFO    ... (3) checkout succeeded
2026-02-26 23:17:58.624413 (151805) stdio___ INFO    Starting STDIN reader (tty: yes, tty name: '/dev/pts/1')
2026-02-26 23:17:58.624566 (151783) main____ INFO    Tool inactivity delay is 480000 ms.
2026-02-26 23:17:58.665646 (151783) session_ INFO    Starting analysis session with session id 'session_0' (launcher: <local>) ...
2026-02-26 23:17:58.667461 (151783) session_ INFO    Analysis session with session id 'session_0' started (pid: 151807)
2026-02-26 23:17:59.764594 (151783) session_ INFO    Analysis session 'session_0' connected to the console (host: 127.0.0.1:46282)
2026-02-26 23:18:02.794976 (151783) lic__man INFO    Unclaim everything for 'session_0'.
2026-02-26 23:33:06.965138 (151783) lic__man INFO    Unclaim everything for 'session_0/prove-0'.
2026-02-26 23:33:07.009492 (151783) main____ INFO    About to exit: request to exit with status 0 received from analysis session 'session_0'
2026-02-26 23:33:07.127552 (151783) session_ INFO    Analysis session 'session_0' disconnected.
2026-02-26 23:33:07.127678 (151783) lic__man INFO    Unclaim everything for 'session_0'.
2026-02-26 23:33:07.128332 (151783) session_ INFO    Process for analysis session 'session_0' has exited with exit status '0'.
2026-02-26 23:33:08.916873 (151805) stdio___ INFO    STDIN reader requested to stop.
2026-02-26 23:33:08.916916 (151805) stdio___ INFO    STDIN reader stopped.
2026-02-26 23:33:08.917578 (151783) lic_core INFO    (1) checkin jasper_interactive
2026-02-26 23:33:08.918628 (151783) lic_core INFO    (3) checkin jasper_fao
2026-02-26 23:33:08.919829 (151783) main____ INFO    Exiting with status 0.
