2026-02-26 00:57:07.960942 (3578190) main____ INFO    ----------------------------------------
2026-02-26 00:57:07.961038 (3578190) main____ INFO    Jasper version info
2026-02-26 00:57:07.961054 (3578190) main____ INFO      tool      : Jasper 2023.12
2026-02-26 00:57:07.961069 (3578190) main____ INFO      version   : 2023.12p001 64 bits
2026-02-26 00:57:07.961083 (3578190) main____ INFO      build date: 2024.01.23 16:09:24 UTC
2026-02-26 00:57:07.961093 (3578190) main____ INFO    ----------------------------------------
2026-02-26 00:57:07.961102 (3578190) main____ INFO    Runtime info:
2026-02-26 00:57:07.961113 (3578190) main____ INFO      platform  : Linux 4.18.0-553.89.1.el8_10.x86_64 x86_64
2026-02-26 00:57:07.961132 (3578190) main____ INFO      hostname  : caddy15.stanford.edu
2026-02-26 00:57:07.961148 (3578190) main____ INFO      pid       : 3578190
2026-02-26 00:57:07.961160 (3578190) main____ INFO      arguments : '-style' 'windows' '-allow_unsupported_OS' '-no_gui' '-fpv' './synthlc/i_ADDI_out/xPairwiseDepDiv/exclusive_75_.tcl' '-proj' './synthlc/i_ADDI_out/xPairwiseDepDiv/exclusive_75_jgsession_26-02-26-00_57_07'
2026-02-26 00:57:07.961177 (3578190) main____ INFO      locale    : UTF-8
2026-02-26 00:57:07.961187 (3578190) main____ INFO    ----------------------------------------
2026-02-26 00:57:07.961196 (3578190) main____ INFO    System resource limits info:
2026-02-26 00:57:07.961208 (3578190) main____ INFO      virtual memory: unlimited
2026-02-26 00:57:07.961221 (3578190) main____ INFO      cpu time      : unlimited
2026-02-26 00:57:07.961240 (3578190) main____ INFO      processes     : 4096
2026-02-26 00:57:07.961262 (3578190) main____ INFO      stack size    : 8388608 B
2026-02-26 00:57:07.961276 (3578190) main____ INFO      core file size: 0 B
2026-02-26 00:57:07.961289 (3578190) main____ INFO      open files    : 4096
2026-02-26 00:57:07.961313 (3578190) main____ INFO      file size     : unlimited
2026-02-26 00:57:07.961323 (3578190) main____ INFO    ----------------------------------------
2026-02-26 00:57:07.961332 (3578190) main____ INFO    Memory statistics:
2026-02-26 00:57:07.961344 (3578190) main____ INFO      total physical memory  : 98449092 kB
2026-02-26 00:57:07.961355 (3578190) main____ INFO      free physical memory   : 72931756 kB
2026-02-26 00:57:07.961367 (3578190) main____ INFO      committed address space: 11058232 kB
2026-02-26 00:57:07.961376 (3578190) main____ INFO    ----------------------------------------
2026-02-26 00:57:07.962568 (3578190) main____ INFO    Important environment variables:
2026-02-26 00:57:07.962601 (3578190) main____ INFO      CDS_LIC_FILE       : '5280@cadlic0'
2026-02-26 00:57:07.962614 (3578190) main____ INFO      JASPER_INSTALL_DIR : '/cad/cadence/jasper_2023.12p001'
2026-02-26 00:57:07.962626 (3578190) main____ INFO      JASPER_KERNEL_CHECK: '1'
2026-02-26 00:57:07.962638 (3578190) main____ INFO      JASPER_OS_CHECK    : '0'
2026-02-26 00:57:07.962649 (3578190) main____ INFO      LANG               : 'en_US.UTF-8'
2026-02-26 00:57:07.962659 (3578190) main____ INFO    ----------------------------------------
2026-02-26 00:57:07.963775 (3578190) lic_core INFO    Initializing license system ...
2026-02-26 00:57:07.965122 (3578190) lic_core INFO    ... license system initialized.
2026-02-26 00:57:08.052674 (3578190) lic__man INFO    Claim 'main' for <ui>.
2026-02-26 00:57:08.052751 (3578190) lic_core INFO    (1) checking out 'jasper_interactive' ...
2026-02-26 00:57:08.078065 (3578190) lic_core INFO    ... (1) checkout succeeded
2026-02-26 00:57:08.078170 (3578190) lic__man INFO    Claim 'fpv' for <ui>.
2026-02-26 00:57:08.078198 (3578190) lic_core INFO    (2) checking out 'jasper_fpv' ...
2026-02-26 00:57:08.109787 (3578190) lic_core INFO    ... (2) checkout failed (error: -5) ("FLEXnet ERROR(-5, 0, 0): No such feature exists.")
2026-02-26 00:57:08.109849 (3578190) lic_core INFO    (3) checking out 'jasper_fao' ...
2026-02-26 00:57:08.188531 (3578190) lic_core INFO    ... (3) checkout succeeded
2026-02-26 00:57:08.193359 (3578190) main____ INFO    Tool inactivity delay is 480000 ms.
2026-02-26 00:57:08.203558 (3578201) stdio___ INFO    Starting STDIN reader (tty: yes, tty name: '/dev/pts/0')
2026-02-26 00:57:08.344554 (3578190) session_ INFO    Starting analysis session with session id 'session_0' (launcher: <local>) ...
2026-02-26 00:57:08.346559 (3578190) session_ INFO    Analysis session with session id 'session_0' started (pid: 3578202)
2026-02-26 00:57:10.310971 (3578190) session_ INFO    Analysis session 'session_0' connected to the console (host: 127.0.0.1:48832)
2026-02-26 00:57:14.837428 (3578190) lic__man INFO    Unclaim everything for 'session_0'.
2026-02-26 00:57:15.102257 (3578190) lic__man INFO    Claim 'fpv' for 'session_0'.
2026-02-26 00:57:15.102318 (3578190) lic__man INFO    Claim 'fpv' for 'session_0/prove-0'.
2026-02-26 00:57:17.953720 (3578190) lic__man INFO    Unclaim everything for 'session_0/prove-0'.
2026-02-26 00:57:18.027512 (3578190) main____ INFO    About to exit: request to exit with status 0 received from analysis session 'session_0'
2026-02-26 00:57:18.221684 (3578190) session_ INFO    Analysis session 'session_0' disconnected.
2026-02-26 00:57:18.221837 (3578190) lic__man INFO    Unclaim everything for 'session_0'.
2026-02-26 00:57:18.222019 (3578190) session_ INFO    Process for analysis session 'session_0' has exited with exit status '0'.
2026-02-26 00:57:19.940384 (3578201) stdio___ INFO    STDIN reader requested to stop.
2026-02-26 00:57:19.940436 (3578201) stdio___ INFO    STDIN reader stopped.
2026-02-26 00:57:19.940704 (3578190) lic_core INFO    (1) checkin jasper_interactive
2026-02-26 00:57:19.942037 (3578190) lic_core INFO    (3) checkin jasper_fao
2026-02-26 00:57:19.943752 (3578190) main____ INFO    Exiting with status 0.
