2026-03-01 05:31:19.172219 (3975981) main____ INFO    ----------------------------------------
2026-03-01 05:31:19.172319 (3975981) main____ INFO    Jasper version info
2026-03-01 05:31:19.172337 (3975981) main____ INFO      tool      : Jasper 2023.12
2026-03-01 05:31:19.172354 (3975981) main____ INFO      version   : 2023.12p001 64 bits
2026-03-01 05:31:19.172368 (3975981) main____ INFO      build date: 2024.01.23 16:09:24 UTC
2026-03-01 05:31:19.172379 (3975981) main____ INFO    ----------------------------------------
2026-03-01 05:31:19.172389 (3975981) main____ INFO    Runtime info:
2026-03-01 05:31:19.172401 (3975981) main____ INFO      platform  : Linux 4.18.0-553.89.1.el8_10.x86_64 x86_64
2026-03-01 05:31:19.172421 (3975981) main____ INFO      hostname  : caddy12.stanford.edu
2026-03-01 05:31:19.172436 (3975981) main____ INFO      pid       : 3975981
2026-03-01 05:31:19.172448 (3975981) main____ INFO      arguments : '-style' 'windows' '-allow_unsupported_OS' '-no_gui' '-fpv' './synthlc/i_LW_out/xPairwiseDepDiv/exclusive_280_.tcl' '-proj' './synthlc/i_LW_out/xPairwiseDepDiv/exclusive_280_jgsession_26-03-01-05_31_18'
2026-03-01 05:31:19.172466 (3975981) main____ INFO      locale    : UTF-8
2026-03-01 05:31:19.172477 (3975981) main____ INFO    ----------------------------------------
2026-03-01 05:31:19.172487 (3975981) main____ INFO    System resource limits info:
2026-03-01 05:31:19.172500 (3975981) main____ INFO      virtual memory: unlimited
2026-03-01 05:31:19.172513 (3975981) main____ INFO      cpu time      : unlimited
2026-03-01 05:31:19.172532 (3975981) main____ INFO      processes     : 4096
2026-03-01 05:31:19.172554 (3975981) main____ INFO      stack size    : 8388608 B
2026-03-01 05:31:19.172569 (3975981) main____ INFO      core file size: 0 B
2026-03-01 05:31:19.172582 (3975981) main____ INFO      open files    : 4096
2026-03-01 05:31:19.172595 (3975981) main____ INFO      file size     : unlimited
2026-03-01 05:31:19.172606 (3975981) main____ INFO    ----------------------------------------
2026-03-01 05:31:19.172616 (3975981) main____ INFO    Memory statistics:
2026-03-01 05:31:19.172628 (3975981) main____ INFO      total physical memory  : 98449088 kB
2026-03-01 05:31:19.172640 (3975981) main____ INFO      free physical memory   : 82681256 kB
2026-03-01 05:31:19.172653 (3975981) main____ INFO      committed address space: 13221844 kB
2026-03-01 05:31:19.172677 (3975981) main____ INFO    ----------------------------------------
2026-03-01 05:31:19.173868 (3975981) main____ INFO    Important environment variables:
2026-03-01 05:31:19.173902 (3975981) main____ INFO      CDS_LIC_FILE       : '5280@cadlic0'
2026-03-01 05:31:19.173917 (3975981) main____ INFO      DISPLAY            : 'localhost:12.0'
2026-03-01 05:31:19.173929 (3975981) main____ INFO      JASPER_INSTALL_DIR : '/cad/cadence/jasper_2023.12p001'
2026-03-01 05:31:19.173942 (3975981) main____ INFO      JASPER_KERNEL_CHECK: '1'
2026-03-01 05:31:19.173955 (3975981) main____ INFO      JASPER_OS_CHECK    : '0'
2026-03-01 05:31:19.173968 (3975981) main____ INFO      LANG               : 'zh_TW.UTF-8'
2026-03-01 05:31:19.173979 (3975981) main____ INFO    ----------------------------------------
2026-03-01 05:31:19.175844 (3975981) lic_core INFO    Initializing license system ...
2026-03-01 05:31:19.198022 (3975981) lic_core INFO    ... license system initialized.
2026-03-01 05:31:19.367946 (3975981) lic__man INFO    Claim 'main' for <ui>.
2026-03-01 05:31:19.368020 (3975981) lic_core INFO    (1) checking out 'jasper_interactive' ...
2026-03-01 05:31:19.444960 (3975981) lic_core INFO    ... (1) checkout succeeded
2026-03-01 05:31:19.445072 (3975981) lic__man INFO    Claim 'fpv' for <ui>.
2026-03-01 05:31:19.445102 (3975981) lic_core INFO    (2) checking out 'jasper_fpv' ...
2026-03-01 05:31:19.515140 (3975981) lic_core INFO    ... (2) checkout failed (error: -5) ("FLEXnet ERROR(-5, 0, 0): No such feature exists.")
2026-03-01 05:31:19.515213 (3975981) lic_core INFO    (3) checking out 'jasper_fao' ...
2026-03-01 05:31:19.590898 (3975981) lic_core INFO    ... (3) checkout succeeded
2026-03-01 05:31:19.597522 (3975981) main____ INFO    Tool inactivity delay is 480000 ms.
2026-03-01 05:31:19.615939 (3976018) stdio___ INFO    Starting STDIN reader (tty: yes, tty name: '/dev/pts/0')
2026-03-01 05:31:19.896801 (3975981) session_ INFO    Starting analysis session with session id 'session_0' (launcher: <local>) ...
2026-03-01 05:31:19.898652 (3975981) session_ INFO    Analysis session with session id 'session_0' started (pid: 3976026)
2026-03-01 05:31:24.929802 (3975981) session_ INFO    Analysis session 'session_0' connected to the console (host: 127.0.0.1:54332)
2026-03-01 05:31:33.689869 (3975981) lic__man INFO    Unclaim everything for 'session_0'.
2026-03-01 05:31:34.106039 (3975981) lic__man INFO    Claim 'fpv' for 'session_0'.
2026-03-01 05:31:34.106102 (3975981) lic__man INFO    Claim 'fpv' for 'session_0/prove-0'.
2026-03-01 05:31:45.757989 (3975981) lic__man INFO    Unclaim everything for 'session_0/prove-0'.
2026-03-01 05:31:45.788964 (3975981) main____ INFO    About to exit: request to exit with status 0 received from analysis session 'session_0'
2026-03-01 05:31:46.208628 (3975981) session_ INFO    Analysis session 'session_0' disconnected.
2026-03-01 05:31:46.208832 (3975981) lic__man INFO    Unclaim everything for 'session_0'.
2026-03-01 05:31:46.209179 (3975981) session_ INFO    Process for analysis session 'session_0' has exited with exit status '0'.
2026-03-01 05:31:47.894141 (3976018) stdio___ INFO    STDIN reader requested to stop.
2026-03-01 05:31:47.894212 (3976018) stdio___ INFO    STDIN reader stopped.
2026-03-01 05:31:47.904970 (3975981) lic_core INFO    (1) checkin jasper_interactive
2026-03-01 05:31:47.911907 (3975981) lic_core INFO    (3) checkin jasper_fao
2026-03-01 05:31:47.936938 (3975981) main____ INFO    Exiting with status 0.
