2026-03-01 01:31:49.703595 (1159486) main____ INFO    ----------------------------------------
2026-03-01 01:31:49.703683 (1159486) main____ INFO    Jasper version info
2026-03-01 01:31:49.703699 (1159486) main____ INFO      tool      : Jasper 2023.12
2026-03-01 01:31:49.703714 (1159486) main____ INFO      version   : 2023.12p001 64 bits
2026-03-01 01:31:49.703727 (1159486) main____ INFO      build date: 2024.01.23 16:09:24 UTC
2026-03-01 01:31:49.703737 (1159486) main____ INFO    ----------------------------------------
2026-03-01 01:31:49.703746 (1159486) main____ INFO    Runtime info:
2026-03-01 01:31:49.703756 (1159486) main____ INFO      platform  : Linux 4.18.0-553.89.1.el8_10.x86_64 x86_64
2026-03-01 01:31:49.703775 (1159486) main____ INFO      hostname  : caddy15.stanford.edu
2026-03-01 01:31:49.703791 (1159486) main____ INFO      pid       : 1159486
2026-03-01 01:31:49.703803 (1159486) main____ INFO      arguments : '-style' 'windows' '-allow_unsupported_OS' '-no_gui' '-fpv' './synthlc/i_LW_out/xPairwiseDepDiv/exclusive_12_.tcl' '-proj' './synthlc/i_LW_out/xPairwiseDepDiv/exclusive_12_jgsession_26-03-01-01_31_49'
2026-03-01 01:31:49.703820 (1159486) main____ INFO      locale    : UTF-8
2026-03-01 01:31:49.703829 (1159486) main____ INFO    ----------------------------------------
2026-03-01 01:31:49.703838 (1159486) main____ INFO    System resource limits info:
2026-03-01 01:31:49.703850 (1159486) main____ INFO      virtual memory: unlimited
2026-03-01 01:31:49.703862 (1159486) main____ INFO      cpu time      : unlimited
2026-03-01 01:31:49.703880 (1159486) main____ INFO      processes     : 4096
2026-03-01 01:31:49.703900 (1159486) main____ INFO      stack size    : 8388608 B
2026-03-01 01:31:49.703914 (1159486) main____ INFO      core file size: 0 B
2026-03-01 01:31:49.703927 (1159486) main____ INFO      open files    : 4096
2026-03-01 01:31:49.703938 (1159486) main____ INFO      file size     : unlimited
2026-03-01 01:31:49.703948 (1159486) main____ INFO    ----------------------------------------
2026-03-01 01:31:49.703957 (1159486) main____ INFO    Memory statistics:
2026-03-01 01:31:49.703968 (1159486) main____ INFO      total physical memory  : 98449092 kB
2026-03-01 01:31:49.703979 (1159486) main____ INFO      free physical memory   : 78555740 kB
2026-03-01 01:31:49.703990 (1159486) main____ INFO      committed address space: 3255764 kB
2026-03-01 01:31:49.703999 (1159486) main____ INFO    ----------------------------------------
2026-03-01 01:31:49.705156 (1159486) main____ INFO    Important environment variables:
2026-03-01 01:31:49.705181 (1159486) main____ INFO      CDS_LIC_FILE       : '5280@cadlic0'
2026-03-01 01:31:49.705193 (1159486) main____ INFO      JASPER_INSTALL_DIR : '/cad/cadence/jasper_2023.12p001'
2026-03-01 01:31:49.705205 (1159486) main____ INFO      JASPER_KERNEL_CHECK: '1'
2026-03-01 01:31:49.705217 (1159486) main____ INFO      JASPER_OS_CHECK    : '0'
2026-03-01 01:31:49.705229 (1159486) main____ INFO      LANG               : 'en_US.UTF-8'
2026-03-01 01:31:49.705238 (1159486) main____ INFO    ----------------------------------------
2026-03-01 01:31:49.709860 (1159486) lic_core INFO    Initializing license system ...
2026-03-01 01:31:49.712069 (1159486) lic_core INFO    ... license system initialized.
2026-03-01 01:31:49.745911 (1159486) lic__man INFO    Claim 'main' for <ui>.
2026-03-01 01:31:49.745977 (1159486) lic_core INFO    (1) checking out 'jasper_interactive' ...
2026-03-01 01:31:49.767507 (1159486) lic_core INFO    ... (1) checkout succeeded
2026-03-01 01:31:49.767611 (1159486) lic__man INFO    Claim 'fpv' for <ui>.
2026-03-01 01:31:49.767640 (1159486) lic_core INFO    (2) checking out 'jasper_fpv' ...
2026-03-01 01:31:49.771730 (1159486) lic_core INFO    ... (2) checkout failed (error: -5) ("FLEXnet ERROR(-5, 0, 0): No such feature exists.")
2026-03-01 01:31:49.771780 (1159486) lic_core INFO    (3) checking out 'jasper_fao' ...
2026-03-01 01:31:49.782939 (1159486) lic_core INFO    ... (3) checkout succeeded
2026-03-01 01:31:49.784720 (1159486) main____ INFO    Tool inactivity delay is 480000 ms.
2026-03-01 01:31:49.794488 (1159517) stdio___ INFO    Starting STDIN reader (tty: yes, tty name: '/dev/pts/0')
2026-03-01 01:31:49.916272 (1159486) session_ INFO    Starting analysis session with session id 'session_0' (launcher: <local>) ...
2026-03-01 01:31:49.918140 (1159486) session_ INFO    Analysis session with session id 'session_0' started (pid: 1159523)
2026-03-01 01:31:51.540812 (1159486) session_ INFO    Analysis session 'session_0' connected to the console (host: 127.0.0.1:48744)
2026-03-01 01:31:54.634813 (1159486) lic__man INFO    Unclaim everything for 'session_0'.
2026-03-01 01:31:54.836724 (1159486) lic__man INFO    Claim 'fpv' for 'session_0'.
2026-03-01 01:31:54.836760 (1159486) lic__man INFO    Claim 'fpv' for 'session_0/prove-0'.
2026-03-01 01:31:58.090343 (1159486) lic__man INFO    Unclaim everything for 'session_0/prove-0'.
2026-03-01 01:31:58.133439 (1159486) main____ INFO    About to exit: request to exit with status 0 received from analysis session 'session_0'
2026-03-01 01:31:58.262225 (1159486) session_ INFO    Analysis session 'session_0' disconnected.
2026-03-01 01:31:58.262431 (1159486) lic__man INFO    Unclaim everything for 'session_0'.
2026-03-01 01:31:58.262625 (1159486) session_ INFO    Process for analysis session 'session_0' has exited with exit status '0'.
2026-03-01 01:32:00.040235 (1159517) stdio___ INFO    STDIN reader requested to stop.
2026-03-01 01:32:00.040284 (1159517) stdio___ INFO    STDIN reader stopped.
2026-03-01 01:32:00.040514 (1159486) lic_core INFO    (1) checkin jasper_interactive
2026-03-01 01:32:00.041604 (1159486) lic_core INFO    (3) checkin jasper_fao
2026-03-01 01:32:00.042963 (1159486) main____ INFO    Exiting with status 0.
