2026-02-28 21:17:04.473628 (3676854) main____ INFO    ----------------------------------------
2026-02-28 21:17:04.473748 (3676854) main____ INFO    Jasper version info
2026-02-28 21:17:04.473765 (3676854) main____ INFO      tool      : Jasper 2023.12
2026-02-28 21:17:04.473781 (3676854) main____ INFO      version   : 2023.12p001 64 bits
2026-02-28 21:17:04.473796 (3676854) main____ INFO      build date: 2024.01.23 16:09:24 UTC
2026-02-28 21:17:04.473806 (3676854) main____ INFO    ----------------------------------------
2026-02-28 21:17:04.473816 (3676854) main____ INFO    Runtime info:
2026-02-28 21:17:04.473828 (3676854) main____ INFO      platform  : Linux 4.18.0-553.89.1.el8_10.x86_64 x86_64
2026-02-28 21:17:04.473848 (3676854) main____ INFO      hostname  : caddy12.stanford.edu
2026-02-28 21:17:04.473864 (3676854) main____ INFO      pid       : 3676854
2026-02-28 21:17:04.473876 (3676854) main____ INFO      arguments : '-style' 'windows' '-allow_unsupported_OS' '-no_gui' '-fpv' './synthlc/i_ADDI_out/xPairwiseDepDiv/nunv_anytwo_141_.tcl' '-proj' './synthlc/i_ADDI_out/xPairwiseDepDiv/nunv_anytwo_141_jgsession_26-02-28-21_17_04'
2026-02-28 21:17:04.473894 (3676854) main____ INFO      locale    : UTF-8
2026-02-28 21:17:04.473904 (3676854) main____ INFO    ----------------------------------------
2026-02-28 21:17:04.473914 (3676854) main____ INFO    System resource limits info:
2026-02-28 21:17:04.473927 (3676854) main____ INFO      virtual memory: unlimited
2026-02-28 21:17:04.473940 (3676854) main____ INFO      cpu time      : unlimited
2026-02-28 21:17:04.473959 (3676854) main____ INFO      processes     : 4096
2026-02-28 21:17:04.473980 (3676854) main____ INFO      stack size    : 8388608 B
2026-02-28 21:17:04.473995 (3676854) main____ INFO      core file size: 0 B
2026-02-28 21:17:04.474009 (3676854) main____ INFO      open files    : 4096
2026-02-28 21:17:04.474021 (3676854) main____ INFO      file size     : unlimited
2026-02-28 21:17:04.474031 (3676854) main____ INFO    ----------------------------------------
2026-02-28 21:17:04.474041 (3676854) main____ INFO    Memory statistics:
2026-02-28 21:17:04.474053 (3676854) main____ INFO      total physical memory  : 98449088 kB
2026-02-28 21:17:04.474066 (3676854) main____ INFO      free physical memory   : 88208992 kB
2026-02-28 21:17:04.474078 (3676854) main____ INFO      committed address space: 6292412 kB
2026-02-28 21:17:04.474088 (3676854) main____ INFO    ----------------------------------------
2026-02-28 21:17:04.475295 (3676854) main____ INFO    Important environment variables:
2026-02-28 21:17:04.475323 (3676854) main____ INFO      CDS_LIC_FILE       : '5280@cadlic0'
2026-02-28 21:17:04.475336 (3676854) main____ INFO      DISPLAY            : 'localhost:12.0'
2026-02-28 21:17:04.475349 (3676854) main____ INFO      JASPER_INSTALL_DIR : '/cad/cadence/jasper_2023.12p001'
2026-02-28 21:17:04.475361 (3676854) main____ INFO      JASPER_KERNEL_CHECK: '1'
2026-02-28 21:17:04.475373 (3676854) main____ INFO      JASPER_OS_CHECK    : '0'
2026-02-28 21:17:04.475385 (3676854) main____ INFO      LANG               : 'zh_TW.UTF-8'
2026-02-28 21:17:04.475396 (3676854) main____ INFO    ----------------------------------------
2026-02-28 21:17:04.476930 (3676854) lic_core INFO    Initializing license system ...
2026-02-28 21:17:04.487595 (3676854) lic_core INFO    ... license system initialized.
2026-02-28 21:17:04.572782 (3676854) lic__man INFO    Claim 'main' for <ui>.
2026-02-28 21:17:04.572863 (3676854) lic_core INFO    (1) checking out 'jasper_interactive' ...
2026-02-28 21:17:04.622017 (3676854) lic_core INFO    ... (1) checkout succeeded
2026-02-28 21:17:04.622134 (3676854) lic__man INFO    Claim 'fpv' for <ui>.
2026-02-28 21:17:04.622164 (3676854) lic_core INFO    (2) checking out 'jasper_fpv' ...
2026-02-28 21:17:04.638193 (3676854) lic_core INFO    ... (2) checkout failed (error: -5) ("FLEXnet ERROR(-5, 0, 0): No such feature exists.")
2026-02-28 21:17:04.638257 (3676854) lic_core INFO    (3) checking out 'jasper_fao' ...
2026-02-28 21:17:04.664956 (3676854) lic_core INFO    ... (3) checkout succeeded
2026-02-28 21:17:04.669582 (3676854) main____ INFO    Tool inactivity delay is 480000 ms.
2026-02-28 21:17:04.688680 (3676870) stdio___ INFO    Starting STDIN reader (tty: yes, tty name: '/dev/pts/0')
2026-02-28 21:17:04.860866 (3676854) session_ INFO    Starting analysis session with session id 'session_0' (launcher: <local>) ...
2026-02-28 21:17:04.862701 (3676854) session_ INFO    Analysis session with session id 'session_0' started (pid: 3676871)
2026-02-28 21:17:06.268121 (3676854) session_ INFO    Analysis session 'session_0' connected to the console (host: 127.0.0.1:45950)
2026-02-28 21:17:11.482169 (3676854) lic__man INFO    Unclaim everything for 'session_0'.
2026-02-28 21:17:11.776202 (3676854) lic__man INFO    Claim 'fpv' for 'session_0'.
2026-02-28 21:17:11.776252 (3676854) lic__man INFO    Claim 'fpv' for 'session_0/prove-0'.
2026-02-28 21:17:13.391646 (3676854) lic__man INFO    Unclaim everything for 'session_0/prove-0'.
2026-02-28 21:17:13.432907 (3676854) main____ INFO    About to exit: request to exit with status 0 received from analysis session 'session_0'
2026-02-28 21:17:13.614065 (3676854) session_ INFO    Analysis session 'session_0' disconnected.
2026-02-28 21:17:13.614288 (3676854) lic__man INFO    Unclaim everything for 'session_0'.
2026-02-28 21:17:13.614511 (3676854) session_ INFO    Process for analysis session 'session_0' has exited with exit status '0'.
2026-02-28 21:17:15.391743 (3676870) stdio___ INFO    STDIN reader requested to stop.
2026-02-28 21:17:15.391782 (3676870) stdio___ INFO    STDIN reader stopped.
2026-02-28 21:17:15.392013 (3676854) lic_core INFO    (1) checkin jasper_interactive
2026-02-28 21:17:15.393436 (3676854) lic_core INFO    (3) checkin jasper_fao
2026-02-28 21:17:15.394498 (3676854) main____ INFO    Exiting with status 0.
