2026-02-26 05:55:25.856439 (3825969) main____ INFO    ----------------------------------------
2026-02-26 05:55:25.856509 (3825969) main____ INFO    Jasper version info
2026-02-26 05:55:25.856524 (3825969) main____ INFO      tool      : Jasper 2023.12
2026-02-26 05:55:25.856538 (3825969) main____ INFO      version   : 2023.12p001 64 bits
2026-02-26 05:55:25.856551 (3825969) main____ INFO      build date: 2024.01.23 16:09:24 UTC
2026-02-26 05:55:25.856561 (3825969) main____ INFO    ----------------------------------------
2026-02-26 05:55:25.856570 (3825969) main____ INFO    Runtime info:
2026-02-26 05:55:25.856581 (3825969) main____ INFO      platform  : Linux 4.18.0-553.89.1.el8_10.x86_64 x86_64
2026-02-26 05:55:25.856597 (3825969) main____ INFO      hostname  : caddy15.stanford.edu
2026-02-26 05:55:25.856612 (3825969) main____ INFO      pid       : 3825969
2026-02-26 05:55:25.856624 (3825969) main____ INFO      arguments : '-style' 'windows' '-allow_unsupported_OS' '-no_gui' '-fpv' './synthlc/i_ADDI_out/xPerfLocSubsetDiv/coverset_1_.tcl' '-proj' './synthlc/i_ADDI_out/xPerfLocSubsetDiv/coverset_1_jgsession_26-02-26-05_55_25'
2026-02-26 05:55:25.856640 (3825969) main____ INFO      locale    : UTF-8
2026-02-26 05:55:25.856650 (3825969) main____ INFO    ----------------------------------------
2026-02-26 05:55:25.856659 (3825969) main____ INFO    System resource limits info:
2026-02-26 05:55:25.856671 (3825969) main____ INFO      virtual memory: unlimited
2026-02-26 05:55:25.856683 (3825969) main____ INFO      cpu time      : unlimited
2026-02-26 05:55:25.856700 (3825969) main____ INFO      processes     : 4096
2026-02-26 05:55:25.856718 (3825969) main____ INFO      stack size    : 8388608 B
2026-02-26 05:55:25.856732 (3825969) main____ INFO      core file size: 0 B
2026-02-26 05:55:25.856745 (3825969) main____ INFO      open files    : 4096
2026-02-26 05:55:25.856757 (3825969) main____ INFO      file size     : unlimited
2026-02-26 05:55:25.856766 (3825969) main____ INFO    ----------------------------------------
2026-02-26 05:55:25.856776 (3825969) main____ INFO    Memory statistics:
2026-02-26 05:55:25.856787 (3825969) main____ INFO      total physical memory  : 98449092 kB
2026-02-26 05:55:25.856798 (3825969) main____ INFO      free physical memory   : 80222556 kB
2026-02-26 05:55:25.856809 (3825969) main____ INFO      committed address space: 2055240 kB
2026-02-26 05:55:25.856819 (3825969) main____ INFO    ----------------------------------------
2026-02-26 05:55:25.857956 (3825969) main____ INFO    Important environment variables:
2026-02-26 05:55:25.857979 (3825969) main____ INFO      CDS_LIC_FILE       : '5280@cadlic0'
2026-02-26 05:55:25.857992 (3825969) main____ INFO      JASPER_INSTALL_DIR : '/cad/cadence/jasper_2023.12p001'
2026-02-26 05:55:25.858004 (3825969) main____ INFO      JASPER_KERNEL_CHECK: '1'
2026-02-26 05:55:25.858016 (3825969) main____ INFO      JASPER_OS_CHECK    : '0'
2026-02-26 05:55:25.858027 (3825969) main____ INFO      LANG               : 'en_US.UTF-8'
2026-02-26 05:55:25.858037 (3825969) main____ INFO    ----------------------------------------
2026-02-26 05:55:25.859155 (3825969) lic_core INFO    Initializing license system ...
2026-02-26 05:55:25.860606 (3825969) lic_core INFO    ... license system initialized.
2026-02-26 05:55:25.872404 (3825969) lic__man INFO    Claim 'main' for <ui>.
2026-02-26 05:55:25.872448 (3825969) lic_core INFO    (1) checking out 'jasper_interactive' ...
2026-02-26 05:55:25.884503 (3825969) lic_core INFO    ... (1) checkout succeeded
2026-02-26 05:55:25.884563 (3825969) lic__man INFO    Claim 'fpv' for <ui>.
2026-02-26 05:55:25.884586 (3825969) lic_core INFO    (2) checking out 'jasper_fpv' ...
2026-02-26 05:55:25.888487 (3825969) lic_core INFO    ... (2) checkout failed (error: -5) ("FLEXnet ERROR(-5, 0, 0): No such feature exists.")
2026-02-26 05:55:25.888519 (3825969) lic_core INFO    (3) checking out 'jasper_fao' ...
2026-02-26 05:55:25.899334 (3825969) lic_core INFO    ... (3) checkout succeeded
2026-02-26 05:55:25.900276 (3825984) stdio___ INFO    Starting STDIN reader (tty: yes, tty name: '/dev/pts/0')
2026-02-26 05:55:25.900426 (3825969) main____ INFO    Tool inactivity delay is 480000 ms.
2026-02-26 05:55:25.942258 (3825969) session_ INFO    Starting analysis session with session id 'session_0' (launcher: <local>) ...
2026-02-26 05:55:25.944201 (3825969) session_ INFO    Analysis session with session id 'session_0' started (pid: 3825985)
2026-02-26 05:55:27.046449 (3825969) session_ INFO    Analysis session 'session_0' connected to the console (host: 127.0.0.1:48462)
2026-02-26 05:55:30.392813 (3825969) lic__man INFO    Unclaim everything for 'session_0'.
2026-02-26 05:55:30.592225 (3825969) lic__man INFO    Claim 'fpv' for 'session_0'.
2026-02-26 05:55:30.592262 (3825969) lic__man INFO    Claim 'fpv' for 'session_0/prove-0'.
2026-02-26 05:55:31.607895 (3825969) lic__man INFO    Unclaim everything for 'session_0/prove-0'.
2026-02-26 05:55:31.649570 (3825969) main____ INFO    About to exit: request to exit with status 0 received from analysis session 'session_0'
2026-02-26 05:55:31.805496 (3825969) session_ INFO    Analysis session 'session_0' disconnected.
2026-02-26 05:55:31.805624 (3825969) lic__man INFO    Unclaim everything for 'session_0'.
2026-02-26 05:55:31.805887 (3825969) session_ INFO    Process for analysis session 'session_0' has exited with exit status '0'.
2026-02-26 05:55:33.757341 (3825984) stdio___ INFO    STDIN reader requested to stop.
2026-02-26 05:55:33.757380 (3825984) stdio___ INFO    STDIN reader stopped.
2026-02-26 05:55:33.757610 (3825969) lic_core INFO    (1) checkin jasper_interactive
2026-02-26 05:55:33.758499 (3825969) lic_core INFO    (3) checkin jasper_fao
2026-02-26 05:55:33.759447 (3825969) main____ INFO    Exiting with status 0.
