2026-03-01 07:17:59.255966 (4062740) main____ INFO    ----------------------------------------
2026-03-01 07:17:59.256035 (4062740) main____ INFO    Jasper version info
2026-03-01 07:17:59.256051 (4062740) main____ INFO      tool      : Jasper 2023.12
2026-03-01 07:17:59.256065 (4062740) main____ INFO      version   : 2023.12p001 64 bits
2026-03-01 07:17:59.256079 (4062740) main____ INFO      build date: 2024.01.23 16:09:24 UTC
2026-03-01 07:17:59.256089 (4062740) main____ INFO    ----------------------------------------
2026-03-01 07:17:59.256099 (4062740) main____ INFO    Runtime info:
2026-03-01 07:17:59.256111 (4062740) main____ INFO      platform  : Linux 4.18.0-553.89.1.el8_10.x86_64 x86_64
2026-03-01 07:17:59.256127 (4062740) main____ INFO      hostname  : caddy12.stanford.edu
2026-03-01 07:17:59.256143 (4062740) main____ INFO      pid       : 4062740
2026-03-01 07:17:59.256154 (4062740) main____ INFO      arguments : '-style' 'windows' '-allow_unsupported_OS' '-no_gui' '-fpv' './synthlc/i_LW_out/xPairwiseDepDiv/nunv_anytwo_359_.tcl' '-proj' './synthlc/i_LW_out/xPairwiseDepDiv/nunv_anytwo_359_jgsession_26-03-01-07_17_59'
2026-03-01 07:17:59.256170 (4062740) main____ INFO      locale    : UTF-8
2026-03-01 07:17:59.256180 (4062740) main____ INFO    ----------------------------------------
2026-03-01 07:17:59.256190 (4062740) main____ INFO    System resource limits info:
2026-03-01 07:17:59.256203 (4062740) main____ INFO      virtual memory: unlimited
2026-03-01 07:17:59.256216 (4062740) main____ INFO      cpu time      : unlimited
2026-03-01 07:17:59.256234 (4062740) main____ INFO      processes     : 4096
2026-03-01 07:17:59.256253 (4062740) main____ INFO      stack size    : 8388608 B
2026-03-01 07:17:59.257365 (4062740) main____ INFO      core file size: 0 B
2026-03-01 07:17:59.257421 (4062740) main____ INFO      open files    : 4096
2026-03-01 07:17:59.257451 (4062740) main____ INFO      file size     : unlimited
2026-03-01 07:17:59.257461 (4062740) main____ INFO    ----------------------------------------
2026-03-01 07:17:59.257471 (4062740) main____ INFO    Memory statistics:
2026-03-01 07:17:59.257484 (4062740) main____ INFO      total physical memory  : 98449088 kB
2026-03-01 07:17:59.257495 (4062740) main____ INFO      free physical memory   : 87043100 kB
2026-03-01 07:17:59.257507 (4062740) main____ INFO      committed address space: 6680652 kB
2026-03-01 07:17:59.257517 (4062740) main____ INFO    ----------------------------------------
2026-03-01 07:17:59.258703 (4062740) main____ INFO    Important environment variables:
2026-03-01 07:17:59.259241 (4062740) main____ INFO      CDS_LIC_FILE       : '5280@cadlic0'
2026-03-01 07:17:59.259257 (4062740) main____ INFO      DISPLAY            : 'localhost:12.0'
2026-03-01 07:17:59.259269 (4062740) main____ INFO      JASPER_INSTALL_DIR : '/cad/cadence/jasper_2023.12p001'
2026-03-01 07:17:59.259281 (4062740) main____ INFO      JASPER_KERNEL_CHECK: '1'
2026-03-01 07:17:59.259294 (4062740) main____ INFO      JASPER_OS_CHECK    : '0'
2026-03-01 07:17:59.259306 (4062740) main____ INFO      LANG               : 'zh_TW.UTF-8'
2026-03-01 07:17:59.259317 (4062740) main____ INFO    ----------------------------------------
2026-03-01 07:17:59.260430 (4062740) lic_core INFO    Initializing license system ...
2026-03-01 07:17:59.262856 (4062740) lic_core INFO    ... license system initialized.
2026-03-01 07:17:59.275548 (4062740) lic__man INFO    Claim 'main' for <ui>.
2026-03-01 07:17:59.275603 (4062740) lic_core INFO    (1) checking out 'jasper_interactive' ...
2026-03-01 07:17:59.287913 (4062740) lic_core INFO    ... (1) checkout succeeded
2026-03-01 07:17:59.287980 (4062740) lic__man INFO    Claim 'fpv' for <ui>.
2026-03-01 07:17:59.288004 (4062740) lic_core INFO    (2) checking out 'jasper_fpv' ...
2026-03-01 07:17:59.292198 (4062740) lic_core INFO    ... (2) checkout failed (error: -5) ("FLEXnet ERROR(-5, 0, 0): No such feature exists.")
2026-03-01 07:17:59.292239 (4062740) lic_core INFO    (3) checking out 'jasper_fao' ...
2026-03-01 07:17:59.303532 (4062740) lic_core INFO    ... (3) checkout succeeded
2026-03-01 07:17:59.304525 (4062751) stdio___ INFO    Starting STDIN reader (tty: yes, tty name: '/dev/pts/0')
2026-03-01 07:17:59.305148 (4062740) main____ INFO    Tool inactivity delay is 480000 ms.
2026-03-01 07:17:59.350086 (4062740) session_ INFO    Starting analysis session with session id 'session_0' (launcher: <local>) ...
2026-03-01 07:17:59.351796 (4062740) session_ INFO    Analysis session with session id 'session_0' started (pid: 4062752)
2026-03-01 07:18:00.428179 (4062740) session_ INFO    Analysis session 'session_0' connected to the console (host: 127.0.0.1:36846)
2026-03-01 07:18:03.503891 (4062740) lic__man INFO    Unclaim everything for 'session_0'.
2026-03-01 07:18:03.707317 (4062740) lic__man INFO    Claim 'fpv' for 'session_0'.
2026-03-01 07:18:03.707364 (4062740) lic__man INFO    Claim 'fpv' for 'session_0/prove-0'.
2026-03-01 07:18:04.848944 (4062740) lic__man INFO    Unclaim everything for 'session_0/prove-0'.
2026-03-01 07:18:04.890850 (4062740) main____ INFO    About to exit: request to exit with status 0 received from analysis session 'session_0'
2026-03-01 07:18:05.041980 (4062740) session_ INFO    Analysis session 'session_0' disconnected.
2026-03-01 07:18:05.042130 (4062740) lic__man INFO    Unclaim everything for 'session_0'.
2026-03-01 07:18:05.042407 (4062740) session_ INFO    Process for analysis session 'session_0' has exited with exit status '0'.
2026-03-01 07:18:06.892019 (4062751) stdio___ INFO    STDIN reader requested to stop.
2026-03-01 07:18:06.892069 (4062751) stdio___ INFO    STDIN reader stopped.
2026-03-01 07:18:06.892305 (4062740) lic_core INFO    (1) checkin jasper_interactive
2026-03-01 07:18:06.893412 (4062740) lic_core INFO    (3) checkin jasper_fao
2026-03-01 07:18:06.895291 (4062740) main____ INFO    Exiting with status 0.
