2026-03-01 09:14:33.148103 (10170) main____ INFO    ----------------------------------------
2026-03-01 09:14:33.148199 (10170) main____ INFO    Jasper version info
2026-03-01 09:14:33.148217 (10170) main____ INFO      tool      : Jasper 2023.12
2026-03-01 09:14:33.148234 (10170) main____ INFO      version   : 2023.12p001 64 bits
2026-03-01 09:14:33.148248 (10170) main____ INFO      build date: 2024.01.23 16:09:24 UTC
2026-03-01 09:14:33.148258 (10170) main____ INFO    ----------------------------------------
2026-03-01 09:14:33.148268 (10170) main____ INFO    Runtime info:
2026-03-01 09:14:33.148280 (10170) main____ INFO      platform  : Linux 4.18.0-553.89.1.el8_10.x86_64 x86_64
2026-03-01 09:14:33.148299 (10170) main____ INFO      hostname  : caddy12.stanford.edu
2026-03-01 09:14:33.148315 (10170) main____ INFO      pid       : 10170
2026-03-01 09:14:33.148326 (10170) main____ INFO      arguments : '-style' 'windows' '-allow_unsupported_OS' '-no_gui' '-fpv' './synthlc/i_LW_out/xHBPerfG_dfg_v3_div/HB_22_.tcl' '-proj' './synthlc/i_LW_out/xHBPerfG_dfg_v3_div/HB_22_jgsession_26-03-01-09_14_32'
2026-03-01 09:14:33.148344 (10170) main____ INFO      locale    : UTF-8
2026-03-01 09:14:33.148355 (10170) main____ INFO    ----------------------------------------
2026-03-01 09:14:33.148365 (10170) main____ INFO    System resource limits info:
2026-03-01 09:14:33.148378 (10170) main____ INFO      virtual memory: unlimited
2026-03-01 09:14:33.148391 (10170) main____ INFO      cpu time      : unlimited
2026-03-01 09:14:33.148409 (10170) main____ INFO      processes     : 4096
2026-03-01 09:14:33.148429 (10170) main____ INFO      stack size    : 8388608 B
2026-03-01 09:14:33.148444 (10170) main____ INFO      core file size: 0 B
2026-03-01 09:14:33.148458 (10170) main____ INFO      open files    : 4096
2026-03-01 09:14:33.148470 (10170) main____ INFO      file size     : unlimited
2026-03-01 09:14:33.148481 (10170) main____ INFO    ----------------------------------------
2026-03-01 09:14:33.148491 (10170) main____ INFO    Memory statistics:
2026-03-01 09:14:33.148503 (10170) main____ INFO      total physical memory  : 98449088 kB
2026-03-01 09:14:33.148515 (10170) main____ INFO      free physical memory   : 80560196 kB
2026-03-01 09:14:33.148527 (10170) main____ INFO      committed address space: 14303452 kB
2026-03-01 09:14:33.148537 (10170) main____ INFO    ----------------------------------------
2026-03-01 09:14:33.149740 (10170) main____ INFO    Important environment variables:
2026-03-01 09:14:33.149766 (10170) main____ INFO      CDS_LIC_FILE       : '5280@cadlic0'
2026-03-01 09:14:33.149780 (10170) main____ INFO      DISPLAY            : 'localhost:12.0'
2026-03-01 09:14:33.149792 (10170) main____ INFO      JASPER_INSTALL_DIR : '/cad/cadence/jasper_2023.12p001'
2026-03-01 09:14:33.149804 (10170) main____ INFO      JASPER_KERNEL_CHECK: '1'
2026-03-01 09:14:33.149817 (10170) main____ INFO      JASPER_OS_CHECK    : '0'
2026-03-01 09:14:33.149830 (10170) main____ INFO      LANG               : 'zh_TW.UTF-8'
2026-03-01 09:14:33.149841 (10170) main____ INFO    ----------------------------------------
2026-03-01 09:14:33.152550 (10170) lic_core INFO    Initializing license system ...
2026-03-01 09:14:33.153954 (10170) lic_core INFO    ... license system initialized.
2026-03-01 09:14:33.166316 (10170) lic__man INFO    Claim 'main' for <ui>.
2026-03-01 09:14:33.166393 (10170) lic_core INFO    (1) checking out 'jasper_interactive' ...
2026-03-01 09:14:33.180571 (10170) lic_core INFO    ... (1) checkout succeeded
2026-03-01 09:14:33.180704 (10170) lic__man INFO    Claim 'fpv' for <ui>.
2026-03-01 09:14:33.180736 (10170) lic_core INFO    (2) checking out 'jasper_fpv' ...
2026-03-01 09:14:33.186896 (10170) lic_core INFO    ... (2) checkout failed (error: -5) ("FLEXnet ERROR(-5, 0, 0): No such feature exists.")
2026-03-01 09:14:33.186969 (10170) lic_core INFO    (3) checking out 'jasper_fao' ...
2026-03-01 09:14:33.202150 (10170) lic_core INFO    ... (3) checkout succeeded
2026-03-01 09:14:33.204221 (10170) main____ INFO    Tool inactivity delay is 480000 ms.
2026-03-01 09:14:33.209640 (10181) stdio___ INFO    Starting STDIN reader (tty: yes, tty name: '/dev/pts/0')
2026-03-01 09:14:33.276822 (10170) session_ INFO    Starting analysis session with session id 'session_0' (launcher: <local>) ...
2026-03-01 09:14:33.278791 (10170) session_ INFO    Analysis session with session id 'session_0' started (pid: 10182)
2026-03-01 09:14:34.641114 (10170) session_ INFO    Analysis session 'session_0' connected to the console (host: 127.0.0.1:41562)
2026-03-01 09:14:38.708370 (10170) lic__man INFO    Unclaim everything for 'session_0'.
2026-03-01 09:14:39.015740 (10170) lic__man INFO    Claim 'fpv' for 'session_0'.
2026-03-01 09:14:39.015791 (10170) lic__man INFO    Claim 'fpv' for 'session_0/prove-0'.
2026-03-01 09:14:41.096768 (10170) lic__man INFO    Unclaim everything for 'session_0/prove-0'.
2026-03-01 09:14:41.181836 (10170) main____ INFO    About to exit: request to exit with status 0 received from analysis session 'session_0'
2026-03-01 09:14:41.381947 (10170) session_ INFO    Analysis session 'session_0' disconnected.
2026-03-01 09:14:41.382107 (10170) lic__man INFO    Unclaim everything for 'session_0'.
2026-03-01 09:14:41.392898 (10170) session_ INFO    Process for analysis session 'session_0' has exited with exit status '0'.
2026-03-01 09:14:43.301885 (10181) stdio___ INFO    STDIN reader requested to stop.
2026-03-01 09:14:43.301966 (10181) stdio___ INFO    STDIN reader stopped.
2026-03-01 09:14:43.302277 (10170) lic_core INFO    (1) checkin jasper_interactive
2026-03-01 09:14:43.307737 (10170) lic_core INFO    (3) checkin jasper_fao
2026-03-01 09:14:43.308961 (10170) main____ INFO    Exiting with status 0.
