2026-02-27 12:49:44.708439 (3079724) main____ INFO    ----------------------------------------
2026-02-27 12:49:44.708537 (3079724) main____ INFO    Jasper version info
2026-02-27 12:49:44.708554 (3079724) main____ INFO      tool      : Jasper 2023.12
2026-02-27 12:49:44.708571 (3079724) main____ INFO      version   : 2023.12p001 64 bits
2026-02-27 12:49:44.708585 (3079724) main____ INFO      build date: 2024.01.23 16:09:24 UTC
2026-02-27 12:49:44.708596 (3079724) main____ INFO    ----------------------------------------
2026-02-27 12:49:44.708606 (3079724) main____ INFO    Runtime info:
2026-02-27 12:49:44.708618 (3079724) main____ INFO      platform  : Linux 4.18.0-553.89.1.el8_10.x86_64 x86_64
2026-02-27 12:49:44.708639 (3079724) main____ INFO      hostname  : caddy12.stanford.edu
2026-02-27 12:49:44.708655 (3079724) main____ INFO      pid       : 3079724
2026-02-27 12:49:44.708686 (3079724) main____ INFO      arguments : '-style' 'windows' '-allow_unsupported_OS' '-no_gui' '-fpv' './synthlc/i_MUL_out/xPerfLocCycleCount/cycle_count_mult_fsm_s3_.tcl' '-proj' './synthlc/i_MUL_out/xPerfLocCycleCount/cycle_count_mult_fsm_s3_jgsession_26-02-27-12_49_44'
2026-02-27 12:49:44.708705 (3079724) main____ INFO      locale    : UTF-8
2026-02-27 12:49:44.708716 (3079724) main____ INFO    ----------------------------------------
2026-02-27 12:49:44.708727 (3079724) main____ INFO    System resource limits info:
2026-02-27 12:49:44.708740 (3079724) main____ INFO      virtual memory: unlimited
2026-02-27 12:49:44.708753 (3079724) main____ INFO      cpu time      : unlimited
2026-02-27 12:49:44.708772 (3079724) main____ INFO      processes     : 4096
2026-02-27 12:49:44.708792 (3079724) main____ INFO      stack size    : 8388608 B
2026-02-27 12:49:44.708808 (3079724) main____ INFO      core file size: 0 B
2026-02-27 12:49:44.708821 (3079724) main____ INFO      open files    : 4096
2026-02-27 12:49:44.708834 (3079724) main____ INFO      file size     : unlimited
2026-02-27 12:49:44.708844 (3079724) main____ INFO    ----------------------------------------
2026-02-27 12:49:44.708854 (3079724) main____ INFO    Memory statistics:
2026-02-27 12:49:44.708867 (3079724) main____ INFO      total physical memory  : 98449088 kB
2026-02-27 12:49:44.708879 (3079724) main____ INFO      free physical memory   : 75246416 kB
2026-02-27 12:49:44.708892 (3079724) main____ INFO      committed address space: 6401700 kB
2026-02-27 12:49:44.708902 (3079724) main____ INFO    ----------------------------------------
2026-02-27 12:49:44.710206 (3079724) main____ INFO    Important environment variables:
2026-02-27 12:49:44.710245 (3079724) main____ INFO      CDS_LIC_FILE       : '5280@cadlic0'
2026-02-27 12:49:44.710260 (3079724) main____ INFO      DISPLAY            : 'localhost:12.0'
2026-02-27 12:49:44.710273 (3079724) main____ INFO      JASPER_INSTALL_DIR : '/cad/cadence/jasper_2023.12p001'
2026-02-27 12:49:44.710285 (3079724) main____ INFO      JASPER_KERNEL_CHECK: '1'
2026-02-27 12:49:44.710298 (3079724) main____ INFO      JASPER_OS_CHECK    : '0'
2026-02-27 12:49:44.710311 (3079724) main____ INFO      LANG               : 'zh_TW.UTF-8'
2026-02-27 12:49:44.710321 (3079724) main____ INFO    ----------------------------------------
2026-02-27 12:49:44.711450 (3079724) lic_core INFO    Initializing license system ...
2026-02-27 12:49:44.714828 (3079724) lic_core INFO    ... license system initialized.
2026-02-27 12:49:44.726862 (3079724) lic__man INFO    Claim 'main' for <ui>.
2026-02-27 12:49:44.726954 (3079724) lic_core INFO    (1) checking out 'jasper_interactive' ...
2026-02-27 12:49:44.739788 (3079724) lic_core INFO    ... (1) checkout succeeded
2026-02-27 12:49:44.739905 (3079724) lic__man INFO    Claim 'fpv' for <ui>.
2026-02-27 12:49:44.739946 (3079724) lic_core INFO    (2) checking out 'jasper_fpv' ...
2026-02-27 12:49:44.744160 (3079724) lic_core INFO    ... (2) checkout failed (error: -5) ("FLEXnet ERROR(-5, 0, 0): No such feature exists.")
2026-02-27 12:49:44.744223 (3079724) lic_core INFO    (3) checking out 'jasper_fao' ...
2026-02-27 12:49:44.755171 (3079724) lic_core INFO    ... (3) checkout succeeded
2026-02-27 12:49:44.757204 (3079735) stdio___ INFO    Starting STDIN reader (tty: yes, tty name: '/dev/pts/0')
2026-02-27 12:49:44.757304 (3079724) main____ INFO    Tool inactivity delay is 480000 ms.
2026-02-27 12:49:44.799426 (3079724) session_ INFO    Starting analysis session with session id 'session_0' (launcher: <local>) ...
2026-02-27 12:49:44.801426 (3079724) session_ INFO    Analysis session with session id 'session_0' started (pid: 3079736)
2026-02-27 12:49:45.933647 (3079724) session_ INFO    Analysis session 'session_0' connected to the console (host: 127.0.0.1:38034)
2026-02-27 12:49:49.420414 (3079724) lic__man INFO    Unclaim everything for 'session_0'.
2026-02-27 12:49:49.641526 (3079724) lic__man INFO    Claim 'fpv' for 'session_0'.
2026-02-27 12:49:49.641564 (3079724) lic__man INFO    Claim 'fpv' for 'session_0/prove-0'.
2026-02-27 12:49:57.518549 (3079724) lic__man INFO    Unclaim everything for 'session_0/prove-0'.
2026-02-27 12:49:57.543398 (3079724) lic__man INFO    Claim 'fpv' for 'session_0'.
2026-02-27 12:49:57.543434 (3079724) lic__man INFO    Claim 'fpv' for 'session_0/prove-1'.
2026-02-27 12:50:14.401852 (3079724) lic__man INFO    Unclaim everything for 'session_0/prove-1'.
2026-02-27 12:50:14.431329 (3079724) lic__man INFO    Claim 'fpv' for 'session_0'.
2026-02-27 12:50:14.431369 (3079724) lic__man INFO    Claim 'fpv' for 'session_0/prove-2'.
2026-02-27 12:50:40.673722 (3079724) lic__man INFO    Unclaim everything for 'session_0/prove-2'.
2026-02-27 12:50:40.703758 (3079724) lic__man INFO    Claim 'fpv' for 'session_0'.
2026-02-27 12:50:40.703796 (3079724) lic__man INFO    Claim 'fpv' for 'session_0/prove-3'.
2026-02-27 12:50:54.896877 (3079724) lic__man INFO    Unclaim everything for 'session_0/prove-3'.
2026-02-27 12:50:54.897379 (3079724) lic__man INFO    Claim 'fpv' for 'session_0'.
2026-02-27 12:50:54.898060 (3079724) lic__man INFO    Claim 'fpv' for 'session_0/prove-4'.
2026-02-27 12:51:14.101850 (3079724) lic__man INFO    Unclaim everything for 'session_0/prove-4'.
2026-02-27 12:51:14.143333 (3079724) lic__man INFO    Claim 'fpv' for 'session_0'.
2026-02-27 12:51:14.143380 (3079724) lic__man INFO    Claim 'fpv' for 'session_0/prove-5'.
2026-02-27 12:51:24.966981 (3079724) lic__man INFO    Unclaim everything for 'session_0/prove-5'.
2026-02-27 12:51:25.003263 (3079724) lic__man INFO    Claim 'fpv' for 'session_0'.
2026-02-27 12:51:25.003292 (3079724) lic__man INFO    Claim 'fpv' for 'session_0/prove-6'.
2026-02-27 12:51:39.270960 (3079724) lic__man INFO    Unclaim everything for 'session_0/prove-6'.
2026-02-27 12:51:39.323864 (3079724) main____ INFO    About to exit: request to exit with status 0 received from analysis session 'session_0'
2026-02-27 12:51:39.538006 (3079724) session_ INFO    Analysis session 'session_0' disconnected.
2026-02-27 12:51:39.538127 (3079724) lic__man INFO    Unclaim everything for 'session_0'.
2026-02-27 12:51:39.538740 (3079724) session_ INFO    Process for analysis session 'session_0' has exited with exit status '0'.
2026-02-27 12:51:41.391357 (3079735) stdio___ INFO    STDIN reader requested to stop.
2026-02-27 12:51:41.391396 (3079735) stdio___ INFO    STDIN reader stopped.
2026-02-27 12:51:41.391597 (3079724) lic_core INFO    (1) checkin jasper_interactive
2026-02-27 12:51:41.393026 (3079724) lic_core INFO    (3) checkin jasper_fao
2026-02-27 12:51:41.400887 (3079724) main____ INFO    Exiting with status 0.
