2026-03-01 12:53:31.126692 (64384) main____ INFO    ----------------------------------------
2026-03-01 12:53:31.126759 (64384) main____ INFO    Jasper version info
2026-03-01 12:53:31.126775 (64384) main____ INFO      tool      : Jasper 2023.12
2026-03-01 12:53:31.126790 (64384) main____ INFO      version   : 2023.12p001 64 bits
2026-03-01 12:53:31.126803 (64384) main____ INFO      build date: 2024.01.23 16:09:24 UTC
2026-03-01 12:53:31.126814 (64384) main____ INFO    ----------------------------------------
2026-03-01 12:53:31.126824 (64384) main____ INFO    Runtime info:
2026-03-01 12:53:31.136324 (64384) main____ INFO      platform  : Linux 4.18.0-553.89.1.el8_10.x86_64 x86_64
2026-03-01 12:53:31.136373 (64384) main____ INFO      hostname  : caddy12.stanford.edu
2026-03-01 12:53:31.136414 (64384) main____ INFO      pid       : 64384
2026-03-01 12:53:31.136444 (64384) main____ INFO      arguments : '-style' 'windows' '-allow_unsupported_OS' '-no_gui' '-fpv' './synthlc/i_LW_out/xHBPerfG_dfg_v3_div/HB_57_.tcl' '-proj' './synthlc/i_LW_out/xHBPerfG_dfg_v3_div/HB_57_jgsession_26-03-01-12_53_30'
2026-03-01 12:53:31.136485 (64384) main____ INFO      locale    : UTF-8
2026-03-01 12:53:31.136513 (64384) main____ INFO    ----------------------------------------
2026-03-01 12:53:31.136540 (64384) main____ INFO    System resource limits info:
2026-03-01 12:53:31.136573 (64384) main____ INFO      virtual memory: unlimited
2026-03-01 12:53:31.136607 (64384) main____ INFO      cpu time      : unlimited
2026-03-01 12:53:31.136649 (64384) main____ INFO      processes     : 4096
2026-03-01 12:53:31.136721 (64384) main____ INFO      stack size    : 8388608 B
2026-03-01 12:53:31.136736 (64384) main____ INFO      core file size: 0 B
2026-03-01 12:53:31.136749 (64384) main____ INFO      open files    : 4096
2026-03-01 12:53:31.136762 (64384) main____ INFO      file size     : unlimited
2026-03-01 12:53:31.136772 (64384) main____ INFO    ----------------------------------------
2026-03-01 12:53:31.136782 (64384) main____ INFO    Memory statistics:
2026-03-01 12:53:31.136794 (64384) main____ INFO      total physical memory  : 98449088 kB
2026-03-01 12:53:31.136806 (64384) main____ INFO      free physical memory   : 86721856 kB
2026-03-01 12:53:31.136818 (64384) main____ INFO      committed address space: 6667028 kB
2026-03-01 12:53:31.136828 (64384) main____ INFO    ----------------------------------------
2026-03-01 12:53:31.137966 (64384) main____ INFO    Important environment variables:
2026-03-01 12:53:31.144138 (64384) main____ INFO      CDS_LIC_FILE       : '5280@cadlic0'
2026-03-01 12:53:31.144201 (64384) main____ INFO      DISPLAY            : 'localhost:12.0'
2026-03-01 12:53:31.144236 (64384) main____ INFO      JASPER_INSTALL_DIR : '/cad/cadence/jasper_2023.12p001'
2026-03-01 12:53:31.144269 (64384) main____ INFO      JASPER_KERNEL_CHECK: '1'
2026-03-01 12:53:31.144302 (64384) main____ INFO      JASPER_OS_CHECK    : '0'
2026-03-01 12:53:31.144333 (64384) main____ INFO      LANG               : 'zh_TW.UTF-8'
2026-03-01 12:53:31.144343 (64384) main____ INFO    ----------------------------------------
2026-03-01 12:53:31.145457 (64384) lic_core INFO    Initializing license system ...
2026-03-01 12:53:31.155118 (64384) lic_core INFO    ... license system initialized.
2026-03-01 12:53:31.212160 (64384) lic__man INFO    Claim 'main' for <ui>.
2026-03-01 12:53:31.212227 (64384) lic_core INFO    (1) checking out 'jasper_interactive' ...
2026-03-01 12:53:31.225396 (64384) lic_core INFO    ... (1) checkout succeeded
2026-03-01 12:53:31.225460 (64384) lic__man INFO    Claim 'fpv' for <ui>.
2026-03-01 12:53:31.225483 (64384) lic_core INFO    (2) checking out 'jasper_fpv' ...
2026-03-01 12:53:31.229591 (64384) lic_core INFO    ... (2) checkout failed (error: -5) ("FLEXnet ERROR(-5, 0, 0): No such feature exists.")
2026-03-01 12:53:31.229632 (64384) lic_core INFO    (3) checking out 'jasper_fao' ...
2026-03-01 12:53:31.240312 (64384) lic_core INFO    ... (3) checkout succeeded
2026-03-01 12:53:31.242541 (64400) stdio___ INFO    Starting STDIN reader (tty: yes, tty name: '/dev/pts/0')
2026-03-01 12:53:31.244551 (64384) main____ INFO    Tool inactivity delay is 480000 ms.
2026-03-01 12:53:31.343384 (64384) session_ INFO    Starting analysis session with session id 'session_0' (launcher: <local>) ...
2026-03-01 12:53:31.345256 (64384) session_ INFO    Analysis session with session id 'session_0' started (pid: 64401)
2026-03-01 12:53:32.469134 (64384) session_ INFO    Analysis session 'session_0' connected to the console (host: 127.0.0.1:57070)
2026-03-01 12:53:35.714052 (64384) lic__man INFO    Unclaim everything for 'session_0'.
2026-03-01 12:53:35.932316 (64384) lic__man INFO    Claim 'fpv' for 'session_0'.
2026-03-01 12:53:35.932357 (64384) lic__man INFO    Claim 'fpv' for 'session_0/prove-0'.
2026-03-01 12:53:37.227198 (64384) lic__man INFO    Unclaim everything for 'session_0/prove-0'.
2026-03-01 12:53:37.268813 (64384) main____ INFO    About to exit: request to exit with status 0 received from analysis session 'session_0'
2026-03-01 12:53:37.467771 (64384) session_ INFO    Analysis session 'session_0' disconnected.
2026-03-01 12:53:37.467972 (64384) lic__man INFO    Unclaim everything for 'session_0'.
2026-03-01 12:53:37.468162 (64384) session_ INFO    Process for analysis session 'session_0' has exited with exit status '0'.
2026-03-01 12:53:39.376901 (64400) stdio___ INFO    STDIN reader requested to stop.
2026-03-01 12:53:39.377002 (64400) stdio___ INFO    STDIN reader stopped.
2026-03-01 12:53:39.377245 (64384) lic_core INFO    (1) checkin jasper_interactive
2026-03-01 12:53:39.381773 (64384) lic_core INFO    (3) checkin jasper_fao
2026-03-01 12:53:39.391832 (64384) main____ INFO    Exiting with status 0.
