2026-03-02 02:17:04.749098 (489893) main____ INFO    ----------------------------------------
2026-03-02 02:17:04.749158 (489893) main____ INFO    Jasper version info
2026-03-02 02:17:04.749174 (489893) main____ INFO      tool      : Jasper 2023.12
2026-03-02 02:17:04.749188 (489893) main____ INFO      version   : 2023.12p001 64 bits
2026-03-02 02:17:04.749201 (489893) main____ INFO      build date: 2024.01.23 16:09:24 UTC
2026-03-02 02:17:04.749212 (489893) main____ INFO    ----------------------------------------
2026-03-02 02:17:04.749222 (489893) main____ INFO    Runtime info:
2026-03-02 02:17:04.749233 (489893) main____ INFO      platform  : Linux 4.18.0-553.89.1.el8_10.x86_64 x86_64
2026-03-02 02:17:04.749250 (489893) main____ INFO      hostname  : caddy12.stanford.edu
2026-03-02 02:17:04.749265 (489893) main____ INFO      pid       : 489893
2026-03-02 02:17:04.749277 (489893) main____ INFO      arguments : '-style' 'windows' '-allow_unsupported_OS' '-no_gui' '-fpv' './synthlc/i_MUL_out/xPerfLocCycleCount/over1cyc_6_div_fsm_s10_.tcl' '-proj' './synthlc/i_MUL_out/xPerfLocCycleCount/over1cyc_6_div_fsm_s10_jgsession_26-03-02-02_17_04'
2026-03-02 02:17:04.749293 (489893) main____ INFO      locale    : UTF-8
2026-03-02 02:17:04.749303 (489893) main____ INFO    ----------------------------------------
2026-03-02 02:17:04.749313 (489893) main____ INFO    System resource limits info:
2026-03-02 02:17:04.749325 (489893) main____ INFO      virtual memory: unlimited
2026-03-02 02:17:04.749338 (489893) main____ INFO      cpu time      : unlimited
2026-03-02 02:17:04.749354 (489893) main____ INFO      processes     : 4096
2026-03-02 02:17:04.749371 (489893) main____ INFO      stack size    : 8388608 B
2026-03-02 02:17:04.749386 (489893) main____ INFO      core file size: 0 B
2026-03-02 02:17:04.749399 (489893) main____ INFO      open files    : 4096
2026-03-02 02:17:04.749411 (489893) main____ INFO      file size     : unlimited
2026-03-02 02:17:04.749422 (489893) main____ INFO    ----------------------------------------
2026-03-02 02:17:04.749432 (489893) main____ INFO    Memory statistics:
2026-03-02 02:17:04.749443 (489893) main____ INFO      total physical memory  : 98449088 kB
2026-03-02 02:17:04.749455 (489893) main____ INFO      free physical memory   : 87768992 kB
2026-03-02 02:17:04.749466 (489893) main____ INFO      committed address space: 6579556 kB
2026-03-02 02:17:04.749477 (489893) main____ INFO    ----------------------------------------
2026-03-02 02:17:04.750631 (489893) main____ INFO    Important environment variables:
2026-03-02 02:17:04.750653 (489893) main____ INFO      CDS_LIC_FILE       : '5280@cadlic0'
2026-03-02 02:17:04.750677 (489893) main____ INFO      DISPLAY            : 'localhost:12.0'
2026-03-02 02:17:04.750690 (489893) main____ INFO      JASPER_INSTALL_DIR : '/cad/cadence/jasper_2023.12p001'
2026-03-02 02:17:04.750702 (489893) main____ INFO      JASPER_KERNEL_CHECK: '1'
2026-03-02 02:17:04.750714 (489893) main____ INFO      JASPER_OS_CHECK    : '0'
2026-03-02 02:17:04.750727 (489893) main____ INFO      LANG               : 'zh_TW.UTF-8'
2026-03-02 02:17:04.750737 (489893) main____ INFO    ----------------------------------------
2026-03-02 02:17:04.751756 (489893) lic_core INFO    Initializing license system ...
2026-03-02 02:17:04.754377 (489893) lic_core INFO    ... license system initialized.
2026-03-02 02:17:04.774375 (489893) lic__man INFO    Claim 'main' for <ui>.
2026-03-02 02:17:04.774413 (489893) lic_core INFO    (1) checking out 'jasper_interactive' ...
2026-03-02 02:17:04.785961 (489893) lic_core INFO    ... (1) checkout succeeded
2026-03-02 02:17:04.786012 (489893) lic__man INFO    Claim 'fpv' for <ui>.
2026-03-02 02:17:04.786034 (489893) lic_core INFO    (2) checking out 'jasper_fpv' ...
2026-03-02 02:17:04.789659 (489893) lic_core INFO    ... (2) checkout failed (error: -5) ("FLEXnet ERROR(-5, 0, 0): No such feature exists.")
2026-03-02 02:17:04.789709 (489893) lic_core INFO    (3) checking out 'jasper_fao' ...
2026-03-02 02:17:04.800531 (489893) lic_core INFO    ... (3) checkout succeeded
2026-03-02 02:17:04.804014 (489925) stdio___ INFO    Starting STDIN reader (tty: yes, tty name: '/dev/pts/0')
2026-03-02 02:17:04.804108 (489893) main____ INFO    Tool inactivity delay is 480000 ms.
2026-03-02 02:17:04.846534 (489893) session_ INFO    Starting analysis session with session id 'session_0' (launcher: <local>) ...
2026-03-02 02:17:04.848408 (489893) session_ INFO    Analysis session with session id 'session_0' started (pid: 489927)
2026-03-02 02:17:06.000395 (489893) session_ INFO    Analysis session 'session_0' connected to the console (host: 127.0.0.1:43106)
2026-03-02 02:17:09.399398 (489893) lic__man INFO    Unclaim everything for 'session_0'.
2026-03-02 02:17:09.596710 (489893) lic__man INFO    Claim 'fpv' for 'session_0'.
2026-03-02 02:17:09.596762 (489893) lic__man INFO    Claim 'fpv' for 'session_0/prove-0'.
2026-03-02 02:17:32.101684 (489893) lic__man INFO    Unclaim everything for 'session_0/prove-0'.
2026-03-02 02:17:32.144884 (489893) main____ INFO    About to exit: request to exit with status 0 received from analysis session 'session_0'
2026-03-02 02:17:32.294938 (489893) session_ INFO    Analysis session 'session_0' disconnected.
2026-03-02 02:17:32.295160 (489893) lic__man INFO    Unclaim everything for 'session_0'.
2026-03-02 02:17:32.295351 (489893) session_ INFO    Process for analysis session 'session_0' has exited with exit status '0'.
2026-03-02 02:17:34.252113 (489925) stdio___ INFO    STDIN reader requested to stop.
2026-03-02 02:17:34.252168 (489925) stdio___ INFO    STDIN reader stopped.
2026-03-02 02:17:34.252415 (489893) lic_core INFO    (1) checkin jasper_interactive
2026-03-02 02:17:34.254743 (489893) lic_core INFO    (3) checkin jasper_fao
2026-03-02 02:17:34.256855 (489893) main____ INFO    Exiting with status 0.
