2026-02-28 22:51:30.211935 (1044137) main____ INFO    ----------------------------------------
2026-02-28 22:51:30.212040 (1044137) main____ INFO    Jasper version info
2026-02-28 22:51:30.212058 (1044137) main____ INFO      tool      : Jasper 2023.12
2026-02-28 22:51:30.212076 (1044137) main____ INFO      version   : 2023.12p001 64 bits
2026-02-28 22:51:30.212091 (1044137) main____ INFO      build date: 2024.01.23 16:09:24 UTC
2026-02-28 22:51:30.212103 (1044137) main____ INFO    ----------------------------------------
2026-02-28 22:51:30.212113 (1044137) main____ INFO    Runtime info:
2026-02-28 22:51:30.212126 (1044137) main____ INFO      platform  : Linux 4.18.0-553.89.1.el8_10.x86_64 x86_64
2026-02-28 22:51:30.212147 (1044137) main____ INFO      hostname  : caddy15.stanford.edu
2026-02-28 22:51:30.212164 (1044137) main____ INFO      pid       : 1044137
2026-02-28 22:51:30.212178 (1044137) main____ INFO      arguments : '-style' 'windows' '-allow_unsupported_OS' '-no_gui' '-fpv' './synthlc/i_BEQ_out/xPairwiseDepDiv/exclusive_38_.tcl' '-proj' './synthlc/i_BEQ_out/xPairwiseDepDiv/exclusive_38_jgsession_26-02-28-22_51_28'
2026-02-28 22:51:30.212197 (1044137) main____ INFO      locale    : UTF-8
2026-02-28 22:51:30.212209 (1044137) main____ INFO    ----------------------------------------
2026-02-28 22:51:30.212220 (1044137) main____ INFO    System resource limits info:
2026-02-28 22:51:30.212234 (1044137) main____ INFO      virtual memory: unlimited
2026-02-28 22:51:30.212247 (1044137) main____ INFO      cpu time      : unlimited
2026-02-28 22:51:30.212268 (1044137) main____ INFO      processes     : 4096
2026-02-28 22:51:30.212293 (1044137) main____ INFO      stack size    : 8388608 B
2026-02-28 22:51:30.212325 (1044137) main____ INFO      core file size: 0 B
2026-02-28 22:51:30.212340 (1044137) main____ INFO      open files    : 4096
2026-02-28 22:51:30.212354 (1044137) main____ INFO      file size     : unlimited
2026-02-28 22:51:30.212365 (1044137) main____ INFO    ----------------------------------------
2026-02-28 22:51:30.212376 (1044137) main____ INFO    Memory statistics:
2026-02-28 22:51:30.212389 (1044137) main____ INFO      total physical memory  : 98449092 kB
2026-02-28 22:51:30.212402 (1044137) main____ INFO      free physical memory   : 74657520 kB
2026-02-28 22:51:30.212415 (1044137) main____ INFO      committed address space: 8501300 kB
2026-02-28 22:51:30.212426 (1044137) main____ INFO    ----------------------------------------
2026-02-28 22:51:30.213789 (1044137) main____ INFO    Important environment variables:
2026-02-28 22:51:30.213818 (1044137) main____ INFO      CDS_LIC_FILE       : '5280@cadlic0'
2026-02-28 22:51:30.213833 (1044137) main____ INFO      JASPER_INSTALL_DIR : '/cad/cadence/jasper_2023.12p001'
2026-02-28 22:51:30.213847 (1044137) main____ INFO      JASPER_KERNEL_CHECK: '1'
2026-02-28 22:51:30.213861 (1044137) main____ INFO      JASPER_OS_CHECK    : '0'
2026-02-28 22:51:30.213875 (1044137) main____ INFO      LANG               : 'en_US.UTF-8'
2026-02-28 22:51:30.213886 (1044137) main____ INFO    ----------------------------------------
2026-02-28 22:51:30.223514 (1044137) lic_core INFO    Initializing license system ...
2026-02-28 22:51:30.256175 (1044137) lic_core INFO    ... license system initialized.
2026-02-28 22:51:30.410654 (1044137) lic__man INFO    Claim 'main' for <ui>.
2026-02-28 22:51:30.410753 (1044137) lic_core INFO    (1) checking out 'jasper_interactive' ...
2026-02-28 22:51:30.508814 (1044137) lic_core INFO    ... (1) checkout succeeded
2026-02-28 22:51:30.508927 (1044137) lic__man INFO    Claim 'fpv' for <ui>.
2026-02-28 22:51:30.508960 (1044137) lic_core INFO    (2) checking out 'jasper_fpv' ...
2026-02-28 22:51:30.561189 (1044137) lic_core INFO    ... (2) checkout failed (error: -5) ("FLEXnet ERROR(-5, 0, 0): No such feature exists.")
2026-02-28 22:51:30.561253 (1044137) lic_core INFO    (3) checking out 'jasper_fao' ...
2026-02-28 22:51:30.574397 (1044137) lic_core INFO    ... (3) checkout succeeded
2026-02-28 22:51:30.578293 (1044137) main____ INFO    Tool inactivity delay is 480000 ms.
2026-02-28 22:51:30.587592 (1044151) stdio___ INFO    Starting STDIN reader (tty: yes, tty name: '/dev/pts/0')
2026-02-28 22:51:30.969450 (1044137) session_ INFO    Starting analysis session with session id 'session_0' (launcher: <local>) ...
2026-02-28 22:51:30.971476 (1044137) session_ INFO    Analysis session with session id 'session_0' started (pid: 1044152)
2026-02-28 22:51:34.473847 (1044137) session_ INFO    Analysis session 'session_0' connected to the console (host: 127.0.0.1:60754)
2026-02-28 22:51:43.140518 (1044137) lic__man INFO    Unclaim everything for 'session_0'.
2026-02-28 22:51:43.745240 (1044137) lic__man INFO    Claim 'fpv' for 'session_0'.
2026-02-28 22:51:43.745297 (1044137) lic__man INFO    Claim 'fpv' for 'session_0/prove-0'.
2026-02-28 22:51:47.261767 (1044137) lic__man INFO    Unclaim everything for 'session_0/prove-0'.
2026-02-28 22:51:47.265730 (1044137) main____ INFO    About to exit: request to exit with status 0 received from analysis session 'session_0'
2026-02-28 22:51:47.435528 (1044137) session_ INFO    Analysis session 'session_0' disconnected.
2026-02-28 22:51:47.435691 (1044137) lic__man INFO    Unclaim everything for 'session_0'.
2026-02-28 22:51:47.435907 (1044137) session_ INFO    Process for analysis session 'session_0' has exited with exit status '0'.
2026-02-28 22:51:49.385414 (1044151) stdio___ INFO    STDIN reader requested to stop.
2026-02-28 22:51:49.385491 (1044151) stdio___ INFO    STDIN reader stopped.
2026-02-28 22:51:49.389573 (1044137) lic_core INFO    (1) checkin jasper_interactive
2026-02-28 22:51:49.392541 (1044137) lic_core INFO    (3) checkin jasper_fao
2026-02-28 22:51:49.415371 (1044137) main____ INFO    Exiting with status 0.
