2026-03-02 00:09:59.909697 (790494) main____ INFO    ----------------------------------------
2026-03-02 00:09:59.909790 (790494) main____ INFO    Jasper version info
2026-03-02 00:09:59.909805 (790494) main____ INFO      tool      : Jasper 2023.12
2026-03-02 00:09:59.909819 (790494) main____ INFO      version   : 2023.12p001 64 bits
2026-03-02 00:09:59.909832 (790494) main____ INFO      build date: 2024.01.23 16:09:24 UTC
2026-03-02 00:09:59.909842 (790494) main____ INFO    ----------------------------------------
2026-03-02 00:09:59.909851 (790494) main____ INFO    Runtime info:
2026-03-02 00:09:59.909861 (790494) main____ INFO      platform  : Linux 4.18.0-553.89.1.el8_10.x86_64 x86_64
2026-03-02 00:09:59.909879 (790494) main____ INFO      hostname  : caddy10.stanford.edu
2026-03-02 00:09:59.909894 (790494) main____ INFO      pid       : 790494
2026-03-02 00:09:59.909906 (790494) main____ INFO      arguments : '-style' 'windows' '-allow_unsupported_OS' '-no_gui' '-fpv' './synthlc/i_MUL_out/xHBPerfG_dfg_v3_div/HB_360_.tcl' '-proj' './synthlc/i_MUL_out/xHBPerfG_dfg_v3_div/HB_360_jgsession_26-03-02-00_09_58'
2026-03-02 00:09:59.909923 (790494) main____ INFO      locale    : UTF-8
2026-03-02 00:09:59.909932 (790494) main____ INFO    ----------------------------------------
2026-03-02 00:09:59.909941 (790494) main____ INFO    System resource limits info:
2026-03-02 00:09:59.909953 (790494) main____ INFO      virtual memory: unlimited
2026-03-02 00:09:59.909965 (790494) main____ INFO      cpu time      : unlimited
2026-03-02 00:09:59.909982 (790494) main____ INFO      processes     : 4096
2026-03-02 00:09:59.910003 (790494) main____ INFO      stack size    : 8388608 B
2026-03-02 00:09:59.910017 (790494) main____ INFO      core file size: 0 B
2026-03-02 00:09:59.910029 (790494) main____ INFO      open files    : 4096
2026-03-02 00:09:59.910041 (790494) main____ INFO      file size     : unlimited
2026-03-02 00:09:59.910065 (790494) main____ INFO    ----------------------------------------
2026-03-02 00:09:59.910074 (790494) main____ INFO    Memory statistics:
2026-03-02 00:09:59.910086 (790494) main____ INFO      total physical memory  : 98449096 kB
2026-03-02 00:09:59.910097 (790494) main____ INFO      free physical memory   : 83741508 kB
2026-03-02 00:09:59.910108 (790494) main____ INFO      committed address space: 11847616 kB
2026-03-02 00:09:59.910126 (790494) main____ INFO    ----------------------------------------
2026-03-02 00:09:59.911279 (790494) main____ INFO    Important environment variables:
2026-03-02 00:09:59.911304 (790494) main____ INFO      CDS_LIC_FILE       : '5280@cadlic0'
2026-03-02 00:09:59.911316 (790494) main____ INFO      JASPER_INSTALL_DIR : '/cad/cadence/jasper_2023.12p001'
2026-03-02 00:09:59.911328 (790494) main____ INFO      JASPER_KERNEL_CHECK: '1'
2026-03-02 00:09:59.911340 (790494) main____ INFO      JASPER_OS_CHECK    : '0'
2026-03-02 00:09:59.911351 (790494) main____ INFO      LANG               : 'en_US.UTF-8'
2026-03-02 00:09:59.911361 (790494) main____ INFO    ----------------------------------------
2026-03-02 00:09:59.913294 (790494) lic_core INFO    Initializing license system ...
2026-03-02 00:09:59.963856 (790494) lic_core INFO    ... license system initialized.
2026-03-02 00:10:00.116514 (790494) lic__man INFO    Claim 'main' for <ui>.
2026-03-02 00:10:00.116579 (790494) lic_core INFO    (1) checking out 'jasper_interactive' ...
2026-03-02 00:10:00.178357 (790494) lic_core INFO    ... (1) checkout succeeded
2026-03-02 00:10:00.178450 (790494) lic__man INFO    Claim 'fpv' for <ui>.
2026-03-02 00:10:00.178475 (790494) lic_core INFO    (2) checking out 'jasper_fpv' ...
2026-03-02 00:10:00.252547 (790494) lic_core INFO    ... (2) checkout failed (error: -5) ("FLEXnet ERROR(-5, 0, 0): No such feature exists.")
2026-03-02 00:10:00.252600 (790494) lic_core INFO    (3) checking out 'jasper_fao' ...
2026-03-02 00:10:00.326447 (790494) lic_core INFO    ... (3) checkout succeeded
2026-03-02 00:10:00.339925 (790494) main____ INFO    Tool inactivity delay is 480000 ms.
2026-03-02 00:10:00.358601 (790505) stdio___ INFO    Starting STDIN reader (tty: yes, tty name: '/dev/pts/7')
2026-03-02 00:10:00.588663 (790494) session_ INFO    Starting analysis session with session id 'session_0' (launcher: <local>) ...
2026-03-02 00:10:00.590416 (790494) session_ INFO    Analysis session with session id 'session_0' started (pid: 790506)
2026-03-02 00:10:03.501567 (790494) session_ INFO    Analysis session 'session_0' connected to the console (host: 127.0.0.1:35008)
2026-03-02 00:10:15.670385 (790494) lic__man INFO    Unclaim everything for 'session_0'.
2026-03-02 00:10:16.335599 (790494) lic__man INFO    Claim 'fpv' for 'session_0'.
2026-03-02 00:10:16.335640 (790494) lic__man INFO    Claim 'fpv' for 'session_0/prove-0'.
2026-03-02 00:10:18.500484 (790494) lic__man INFO    Unclaim everything for 'session_0/prove-0'.
2026-03-02 00:10:18.555364 (790494) main____ INFO    About to exit: request to exit with status 0 received from analysis session 'session_0'
2026-03-02 00:10:19.099680 (790494) session_ INFO    Analysis session 'session_0' disconnected.
2026-03-02 00:10:19.099821 (790494) lic__man INFO    Unclaim everything for 'session_0'.
2026-03-02 00:10:19.100094 (790494) session_ INFO    Process for analysis session 'session_0' has exited with exit status '0'.
2026-03-02 00:10:20.476327 (790505) stdio___ INFO    STDIN reader requested to stop.
2026-03-02 00:10:20.476379 (790505) stdio___ INFO    STDIN reader stopped.
2026-03-02 00:10:20.487321 (790494) lic_core INFO    (1) checkin jasper_interactive
2026-03-02 00:10:20.499272 (790494) lic_core INFO    (3) checkin jasper_fao
2026-03-02 00:10:20.522095 (790494) main____ INFO    Exiting with status 0.
