2026-02-27 12:02:00.831136 (3041662) main____ INFO    ----------------------------------------
2026-02-27 12:02:00.831210 (3041662) main____ INFO    Jasper version info
2026-02-27 12:02:00.831226 (3041662) main____ INFO      tool      : Jasper 2023.12
2026-02-27 12:02:00.831241 (3041662) main____ INFO      version   : 2023.12p001 64 bits
2026-02-27 12:02:00.831253 (3041662) main____ INFO      build date: 2024.01.23 16:09:24 UTC
2026-02-27 12:02:00.831264 (3041662) main____ INFO    ----------------------------------------
2026-02-27 12:02:00.831274 (3041662) main____ INFO    Runtime info:
2026-02-27 12:02:00.831285 (3041662) main____ INFO      platform  : Linux 4.18.0-553.89.1.el8_10.x86_64 x86_64
2026-02-27 12:02:00.831301 (3041662) main____ INFO      hostname  : caddy12.stanford.edu
2026-02-27 12:02:00.831316 (3041662) main____ INFO      pid       : 3041662
2026-02-27 12:02:00.831327 (3041662) main____ INFO      arguments : '-style' 'windows' '-allow_unsupported_OS' '-no_gui' '-fpv' './synthlc/i_ADDI_out/xHBPerfG_dfg_v3_div/HB_196_.tcl' '-proj' './synthlc/i_ADDI_out/xHBPerfG_dfg_v3_div/HB_196_jgsession_26-02-27-12_02_00'
2026-02-27 12:02:00.831343 (3041662) main____ INFO      locale    : UTF-8
2026-02-27 12:02:00.831353 (3041662) main____ INFO    ----------------------------------------
2026-02-27 12:02:00.831363 (3041662) main____ INFO    System resource limits info:
2026-02-27 12:02:00.831376 (3041662) main____ INFO      virtual memory: unlimited
2026-02-27 12:02:00.831389 (3041662) main____ INFO      cpu time      : unlimited
2026-02-27 12:02:00.831405 (3041662) main____ INFO      processes     : 4096
2026-02-27 12:02:00.831423 (3041662) main____ INFO      stack size    : 8388608 B
2026-02-27 12:02:00.831437 (3041662) main____ INFO      core file size: 0 B
2026-02-27 12:02:00.831450 (3041662) main____ INFO      open files    : 4096
2026-02-27 12:02:00.831462 (3041662) main____ INFO      file size     : unlimited
2026-02-27 12:02:00.831473 (3041662) main____ INFO    ----------------------------------------
2026-02-27 12:02:00.831482 (3041662) main____ INFO    Memory statistics:
2026-02-27 12:02:00.831494 (3041662) main____ INFO      total physical memory  : 98449088 kB
2026-02-27 12:02:00.831506 (3041662) main____ INFO      free physical memory   : 79425592 kB
2026-02-27 12:02:00.831518 (3041662) main____ INFO      committed address space: 1722660 kB
2026-02-27 12:02:00.831528 (3041662) main____ INFO    ----------------------------------------
2026-02-27 12:02:00.832690 (3041662) main____ INFO    Important environment variables:
2026-02-27 12:02:00.832713 (3041662) main____ INFO      CDS_LIC_FILE       : '5280@cadlic0'
2026-02-27 12:02:00.832727 (3041662) main____ INFO      DISPLAY            : 'localhost:12.0'
2026-02-27 12:02:00.832739 (3041662) main____ INFO      JASPER_INSTALL_DIR : '/cad/cadence/jasper_2023.12p001'
2026-02-27 12:02:00.832752 (3041662) main____ INFO      JASPER_KERNEL_CHECK: '1'
2026-02-27 12:02:00.832764 (3041662) main____ INFO      JASPER_OS_CHECK    : '0'
2026-02-27 12:02:00.832776 (3041662) main____ INFO      LANG               : 'zh_TW.UTF-8'
2026-02-27 12:02:00.832787 (3041662) main____ INFO    ----------------------------------------
2026-02-27 12:02:00.834004 (3041662) lic_core INFO    Initializing license system ...
2026-02-27 12:02:00.835585 (3041662) lic_core INFO    ... license system initialized.
2026-02-27 12:02:00.848829 (3041662) lic__man INFO    Claim 'main' for <ui>.
2026-02-27 12:02:00.848879 (3041662) lic_core INFO    (1) checking out 'jasper_interactive' ...
2026-02-27 12:02:00.861329 (3041662) lic_core INFO    ... (1) checkout succeeded
2026-02-27 12:02:00.861395 (3041662) lic__man INFO    Claim 'fpv' for <ui>.
2026-02-27 12:02:00.861416 (3041662) lic_core INFO    (2) checking out 'jasper_fpv' ...
2026-02-27 12:02:00.865341 (3041662) lic_core INFO    ... (2) checkout failed (error: -5) ("FLEXnet ERROR(-5, 0, 0): No such feature exists.")
2026-02-27 12:02:00.865382 (3041662) lic_core INFO    (3) checking out 'jasper_fao' ...
2026-02-27 12:02:00.876282 (3041662) lic_core INFO    ... (3) checkout succeeded
2026-02-27 12:02:00.877192 (3041684) stdio___ INFO    Starting STDIN reader (tty: yes, tty name: '/dev/pts/0')
2026-02-27 12:02:00.877394 (3041662) main____ INFO    Tool inactivity delay is 480000 ms.
2026-02-27 12:02:00.915171 (3041662) session_ INFO    Starting analysis session with session id 'session_0' (launcher: <local>) ...
2026-02-27 12:02:00.917049 (3041662) session_ INFO    Analysis session with session id 'session_0' started (pid: 3041686)
2026-02-27 12:02:01.994421 (3041662) session_ INFO    Analysis session 'session_0' connected to the console (host: 127.0.0.1:40906)
2026-02-27 12:02:05.007658 (3041662) lic__man INFO    Unclaim everything for 'session_0'.
2026-02-27 12:02:05.225375 (3041662) lic__man INFO    Claim 'fpv' for 'session_0'.
2026-02-27 12:02:05.225412 (3041662) lic__man INFO    Claim 'fpv' for 'session_0/prove-0'.
2026-02-27 12:02:06.390964 (3041662) lic__man INFO    Unclaim everything for 'session_0/prove-0'.
2026-02-27 12:02:06.430937 (3041662) main____ INFO    About to exit: request to exit with status 0 received from analysis session 'session_0'
2026-02-27 12:02:06.641322 (3041662) session_ INFO    Analysis session 'session_0' disconnected.
2026-02-27 12:02:06.641548 (3041662) lic__man INFO    Unclaim everything for 'session_0'.
2026-02-27 12:02:06.641769 (3041662) session_ INFO    Process for analysis session 'session_0' has exited with exit status '0'.
2026-02-27 12:02:08.392534 (3041684) stdio___ INFO    STDIN reader requested to stop.
2026-02-27 12:02:08.392577 (3041684) stdio___ INFO    STDIN reader stopped.
2026-02-27 12:02:08.392818 (3041662) lic_core INFO    (1) checkin jasper_interactive
2026-02-27 12:02:08.393985 (3041662) lic_core INFO    (3) checkin jasper_fao
2026-02-27 12:02:08.395021 (3041662) main____ INFO    Exiting with status 0.
