2026-03-02 11:49:00.886987 (628193) main____ INFO    ----------------------------------------
2026-03-02 11:49:00.887061 (628193) main____ INFO    Jasper version info
2026-03-02 11:49:00.887076 (628193) main____ INFO      tool      : Jasper 2023.12
2026-03-02 11:49:00.887091 (628193) main____ INFO      version   : 2023.12p001 64 bits
2026-03-02 11:49:00.887104 (628193) main____ INFO      build date: 2024.01.23 16:09:24 UTC
2026-03-02 11:49:00.887124 (628193) main____ INFO    ----------------------------------------
2026-03-02 11:49:00.887133 (628193) main____ INFO    Runtime info:
2026-03-02 11:49:00.887144 (628193) main____ INFO      platform  : Linux 4.18.0-553.89.1.el8_10.x86_64 x86_64
2026-03-02 11:49:00.887162 (628193) main____ INFO      hostname  : caddy12.stanford.edu
2026-03-02 11:49:00.887176 (628193) main____ INFO      pid       : 628193
2026-03-02 11:49:00.887187 (628193) main____ INFO      arguments : '-style' 'windows' '-allow_unsupported_OS' '-no_gui' '-fpv' './synthlc/i_ADDI_out/xHBPerfG_dfg_v3_div/WHB_219_.tcl' '-proj' './synthlc/i_ADDI_out/xHBPerfG_dfg_v3_div/WHB_219_jgsession_26-03-02-11_49_00'
2026-03-02 11:49:00.887202 (628193) main____ INFO      locale    : UTF-8
2026-03-02 11:49:00.887212 (628193) main____ INFO    ----------------------------------------
2026-03-02 11:49:00.887221 (628193) main____ INFO    System resource limits info:
2026-03-02 11:49:00.887233 (628193) main____ INFO      virtual memory: unlimited
2026-03-02 11:49:00.887245 (628193) main____ INFO      cpu time      : unlimited
2026-03-02 11:49:00.887262 (628193) main____ INFO      processes     : 4096
2026-03-02 11:49:00.887280 (628193) main____ INFO      stack size    : 8388608 B
2026-03-02 11:49:00.887294 (628193) main____ INFO      core file size: 0 B
2026-03-02 11:49:00.887307 (628193) main____ INFO      open files    : 4096
2026-03-02 11:49:00.887318 (628193) main____ INFO      file size     : unlimited
2026-03-02 11:49:00.887328 (628193) main____ INFO    ----------------------------------------
2026-03-02 11:49:00.887337 (628193) main____ INFO    Memory statistics:
2026-03-02 11:49:00.887348 (628193) main____ INFO      total physical memory  : 98449088 kB
2026-03-02 11:49:00.887359 (628193) main____ INFO      free physical memory   : 87547580 kB
2026-03-02 11:49:00.887370 (628193) main____ INFO      committed address space: 7586552 kB
2026-03-02 11:49:00.887379 (628193) main____ INFO    ----------------------------------------
2026-03-02 11:49:00.888595 (628193) main____ INFO    Important environment variables:
2026-03-02 11:49:00.888620 (628193) main____ INFO      CDS_LIC_FILE       : '5280@cadlic0'
2026-03-02 11:49:00.888633 (628193) main____ INFO      DISPLAY            : 'localhost:12.0'
2026-03-02 11:49:00.888644 (628193) main____ INFO      JASPER_INSTALL_DIR : '/cad/cadence/jasper_2023.12p001'
2026-03-02 11:49:00.888656 (628193) main____ INFO      JASPER_KERNEL_CHECK: '1'
2026-03-02 11:49:00.888687 (628193) main____ INFO      JASPER_OS_CHECK    : '0'
2026-03-02 11:49:00.888698 (628193) main____ INFO      LANG               : 'zh_TW.UTF-8'
2026-03-02 11:49:00.888708 (628193) main____ INFO    ----------------------------------------
2026-03-02 11:49:00.889842 (628193) lic_core INFO    Initializing license system ...
2026-03-02 11:49:00.891286 (628193) lic_core INFO    ... license system initialized.
2026-03-02 11:49:00.902745 (628193) lic__man INFO    Claim 'main' for <ui>.
2026-03-02 11:49:00.902795 (628193) lic_core INFO    (1) checking out 'jasper_interactive' ...
2026-03-02 11:49:00.915058 (628193) lic_core INFO    ... (1) checkout succeeded
2026-03-02 11:49:00.915142 (628193) lic__man INFO    Claim 'fpv' for <ui>.
2026-03-02 11:49:00.915168 (628193) lic_core INFO    (2) checking out 'jasper_fpv' ...
2026-03-02 11:49:00.919739 (628193) lic_core INFO    ... (2) checkout failed (error: -5) ("FLEXnet ERROR(-5, 0, 0): No such feature exists.")
2026-03-02 11:49:00.919771 (628193) lic_core INFO    (3) checking out 'jasper_fao' ...
2026-03-02 11:49:00.930234 (628193) lic_core INFO    ... (3) checkout succeeded
2026-03-02 11:49:00.931229 (628340) stdio___ INFO    Starting STDIN reader (tty: yes, tty name: '/dev/pts/0')
2026-03-02 11:49:00.931338 (628193) main____ INFO    Tool inactivity delay is 480000 ms.
2026-03-02 11:49:00.985469 (628193) session_ INFO    Starting analysis session with session id 'session_0' (launcher: <local>) ...
2026-03-02 11:49:00.987363 (628193) session_ INFO    Analysis session with session id 'session_0' started (pid: 628342)
2026-03-02 11:49:02.136447 (628193) session_ INFO    Analysis session 'session_0' connected to the console (host: 127.0.0.1:33478)
2026-03-02 11:49:05.275721 (628193) lic__man INFO    Unclaim everything for 'session_0'.
2026-03-02 11:49:05.475876 (628193) lic__man INFO    Claim 'fpv' for 'session_0'.
2026-03-02 11:49:05.475911 (628193) lic__man INFO    Claim 'fpv' for 'session_0/prove-0'.
2026-03-02 11:49:06.916449 (628193) lic__man INFO    Unclaim everything for 'session_0/prove-0'.
2026-03-02 11:49:06.958783 (628193) main____ INFO    About to exit: request to exit with status 0 received from analysis session 'session_0'
2026-03-02 11:49:07.110018 (628193) session_ INFO    Analysis session 'session_0' disconnected.
2026-03-02 11:49:07.110244 (628193) lic__man INFO    Unclaim everything for 'session_0'.
2026-03-02 11:49:07.110451 (628193) session_ INFO    Process for analysis session 'session_0' has exited with exit status '0'.
2026-03-02 11:49:08.893173 (628340) stdio___ INFO    STDIN reader requested to stop.
2026-03-02 11:49:08.893212 (628340) stdio___ INFO    STDIN reader stopped.
2026-03-02 11:49:08.893512 (628193) lic_core INFO    (1) checkin jasper_interactive
2026-03-02 11:49:08.904846 (628193) lic_core INFO    (3) checkin jasper_fao
2026-03-02 11:49:08.910122 (628193) main____ INFO    Exiting with status 0.
