2026-02-26 02:30:33.180868 (3652999) main____ INFO    ----------------------------------------
2026-02-26 02:30:33.180969 (3652999) main____ INFO    Jasper version info
2026-02-26 02:30:33.180985 (3652999) main____ INFO      tool      : Jasper 2023.12
2026-02-26 02:30:33.181000 (3652999) main____ INFO      version   : 2023.12p001 64 bits
2026-02-26 02:30:33.181013 (3652999) main____ INFO      build date: 2024.01.23 16:09:24 UTC
2026-02-26 02:30:33.181023 (3652999) main____ INFO    ----------------------------------------
2026-02-26 02:30:33.181033 (3652999) main____ INFO    Runtime info:
2026-02-26 02:30:33.181043 (3652999) main____ INFO      platform  : Linux 4.18.0-553.89.1.el8_10.x86_64 x86_64
2026-02-26 02:30:33.181063 (3652999) main____ INFO      hostname  : caddy15.stanford.edu
2026-02-26 02:30:33.181078 (3652999) main____ INFO      pid       : 3652999
2026-02-26 02:30:33.181089 (3652999) main____ INFO      arguments : '-style' 'windows' '-allow_unsupported_OS' '-no_gui' '-fpv' './synthlc/i_ADDI_out/xPairwiseDepDiv/nunv_anytwo_275_.tcl' '-proj' './synthlc/i_ADDI_out/xPairwiseDepDiv/nunv_anytwo_275_jgsession_26-02-26-02_30_31'
2026-02-26 02:30:33.181107 (3652999) main____ INFO      locale    : UTF-8
2026-02-26 02:30:33.181117 (3652999) main____ INFO    ----------------------------------------
2026-02-26 02:30:33.181126 (3652999) main____ INFO    System resource limits info:
2026-02-26 02:30:33.181138 (3652999) main____ INFO      virtual memory: unlimited
2026-02-26 02:30:33.181150 (3652999) main____ INFO      cpu time      : unlimited
2026-02-26 02:30:33.181169 (3652999) main____ INFO      processes     : 4096
2026-02-26 02:30:33.181191 (3652999) main____ INFO      stack size    : 8388608 B
2026-02-26 02:30:33.181205 (3652999) main____ INFO      core file size: 0 B
2026-02-26 02:30:33.181218 (3652999) main____ INFO      open files    : 4096
2026-02-26 02:30:33.181230 (3652999) main____ INFO      file size     : unlimited
2026-02-26 02:30:33.181240 (3652999) main____ INFO    ----------------------------------------
2026-02-26 02:30:33.181249 (3652999) main____ INFO    Memory statistics:
2026-02-26 02:30:33.181261 (3652999) main____ INFO      total physical memory  : 98449092 kB
2026-02-26 02:30:33.181272 (3652999) main____ INFO      free physical memory   : 66004548 kB
2026-02-26 02:30:33.181283 (3652999) main____ INFO      committed address space: 18852992 kB
2026-02-26 02:30:33.181292 (3652999) main____ INFO    ----------------------------------------
2026-02-26 02:30:33.182492 (3652999) main____ INFO    Important environment variables:
2026-02-26 02:30:33.182518 (3652999) main____ INFO      CDS_LIC_FILE       : '5280@cadlic0'
2026-02-26 02:30:33.182530 (3652999) main____ INFO      JASPER_INSTALL_DIR : '/cad/cadence/jasper_2023.12p001'
2026-02-26 02:30:33.182542 (3652999) main____ INFO      JASPER_KERNEL_CHECK: '1'
2026-02-26 02:30:33.182554 (3652999) main____ INFO      JASPER_OS_CHECK    : '0'
2026-02-26 02:30:33.182566 (3652999) main____ INFO      LANG               : 'en_US.UTF-8'
2026-02-26 02:30:33.182576 (3652999) main____ INFO    ----------------------------------------
2026-02-26 02:30:33.184502 (3652999) lic_core INFO    Initializing license system ...
2026-02-26 02:30:33.249117 (3652999) lic_core INFO    ... license system initialized.
2026-02-26 02:30:33.375790 (3652999) lic__man INFO    Claim 'main' for <ui>.
2026-02-26 02:30:33.375869 (3652999) lic_core INFO    (1) checking out 'jasper_interactive' ...
2026-02-26 02:30:33.450589 (3652999) lic_core INFO    ... (1) checkout succeeded
2026-02-26 02:30:33.450696 (3652999) lic__man INFO    Claim 'fpv' for <ui>.
2026-02-26 02:30:33.450724 (3652999) lic_core INFO    (2) checking out 'jasper_fpv' ...
2026-02-26 02:30:33.516790 (3652999) lic_core INFO    ... (2) checkout failed (error: -5) ("FLEXnet ERROR(-5, 0, 0): No such feature exists.")
2026-02-26 02:30:33.516851 (3652999) lic_core INFO    (3) checking out 'jasper_fao' ...
2026-02-26 02:30:33.593564 (3652999) lic_core INFO    ... (3) checkout succeeded
2026-02-26 02:30:33.645285 (3652999) main____ INFO    Tool inactivity delay is 480000 ms.
2026-02-26 02:30:33.655643 (3653010) stdio___ INFO    Starting STDIN reader (tty: yes, tty name: '/dev/pts/0')
2026-02-26 02:30:34.065473 (3652999) session_ INFO    Starting analysis session with session id 'session_0' (launcher: <local>) ...
2026-02-26 02:30:34.067680 (3652999) session_ INFO    Analysis session with session id 'session_0' started (pid: 3653011)
2026-02-26 02:30:36.312803 (3652999) session_ INFO    Analysis session 'session_0' connected to the console (host: 127.0.0.1:37726)
2026-02-26 02:30:45.031705 (3652999) lic__man INFO    Unclaim everything for 'session_0'.
2026-02-26 02:30:45.522747 (3652999) lic__man INFO    Claim 'fpv' for 'session_0'.
2026-02-26 02:30:45.522797 (3652999) lic__man INFO    Claim 'fpv' for 'session_0/prove-0'.
2026-02-26 02:30:48.808742 (3652999) lic__man INFO    Unclaim everything for 'session_0/prove-0'.
2026-02-26 02:30:48.906681 (3652999) main____ INFO    About to exit: request to exit with status 0 received from analysis session 'session_0'
2026-02-26 02:30:49.388611 (3652999) session_ INFO    Analysis session 'session_0' disconnected.
2026-02-26 02:30:49.388779 (3652999) lic__man INFO    Unclaim everything for 'session_0'.
2026-02-26 02:30:49.390538 (3652999) session_ INFO    Process for analysis session 'session_0' has exited with exit status '0'.
2026-02-26 02:30:50.913912 (3653010) stdio___ INFO    STDIN reader requested to stop.
2026-02-26 02:30:50.913961 (3653010) stdio___ INFO    STDIN reader stopped.
2026-02-26 02:30:50.914291 (3652999) lic_core INFO    (1) checkin jasper_interactive
2026-02-26 02:30:50.924557 (3652999) lic_core INFO    (3) checkin jasper_fao
2026-02-26 02:30:50.957366 (3652999) main____ INFO    Exiting with status 0.
