2026-02-26 02:50:16.754987 (1902812) main____ INFO    ----------------------------------------
2026-02-26 02:50:16.755060 (1902812) main____ INFO    Jasper version info
2026-02-26 02:50:16.755076 (1902812) main____ INFO      tool      : Jasper 2023.12
2026-02-26 02:50:16.755090 (1902812) main____ INFO      version   : 2023.12p001 64 bits
2026-02-26 02:50:16.755103 (1902812) main____ INFO      build date: 2024.01.23 16:09:24 UTC
2026-02-26 02:50:16.755113 (1902812) main____ INFO    ----------------------------------------
2026-02-26 02:50:16.755123 (1902812) main____ INFO    Runtime info:
2026-02-26 02:50:16.755133 (1902812) main____ INFO      platform  : Linux 4.18.0-553.89.1.el8_10.x86_64 x86_64
2026-02-26 02:50:16.755151 (1902812) main____ INFO      hostname  : caddy12.stanford.edu
2026-02-26 02:50:16.755166 (1902812) main____ INFO      pid       : 1902812
2026-02-26 02:50:16.755176 (1902812) main____ INFO      arguments : '-style' 'windows' '-allow_unsupported_OS' '-no_gui' '-fpv' './synthlc/i_MUL_out/xHBPerfG_dfg_v3_div/WHB_304_.tcl' '-proj' './synthlc/i_MUL_out/xHBPerfG_dfg_v3_div/WHB_304_jgsession_26-02-26-02_50_16'
2026-02-26 02:50:16.755192 (1902812) main____ INFO      locale    : UTF-8
2026-02-26 02:50:16.755202 (1902812) main____ INFO    ----------------------------------------
2026-02-26 02:50:16.755211 (1902812) main____ INFO    System resource limits info:
2026-02-26 02:50:16.755224 (1902812) main____ INFO      virtual memory: unlimited
2026-02-26 02:50:16.755236 (1902812) main____ INFO      cpu time      : unlimited
2026-02-26 02:50:16.755253 (1902812) main____ INFO      processes     : 4096
2026-02-26 02:50:16.755272 (1902812) main____ INFO      stack size    : 8388608 B
2026-02-26 02:50:16.755286 (1902812) main____ INFO      core file size: 0 B
2026-02-26 02:50:16.755298 (1902812) main____ INFO      open files    : 4096
2026-02-26 02:50:16.755310 (1902812) main____ INFO      file size     : unlimited
2026-02-26 02:50:16.755320 (1902812) main____ INFO    ----------------------------------------
2026-02-26 02:50:16.755329 (1902812) main____ INFO    Memory statistics:
2026-02-26 02:50:16.755340 (1902812) main____ INFO      total physical memory  : 98449088 kB
2026-02-26 02:50:16.755351 (1902812) main____ INFO      free physical memory   : 81217300 kB
2026-02-26 02:50:16.755363 (1902812) main____ INFO      committed address space: 3122264 kB
2026-02-26 02:50:16.755373 (1902812) main____ INFO    ----------------------------------------
2026-02-26 02:50:16.756546 (1902812) main____ INFO    Important environment variables:
2026-02-26 02:50:16.756570 (1902812) main____ INFO      CDS_LIC_FILE       : '5280@cadlic0'
2026-02-26 02:50:16.756584 (1902812) main____ INFO      DISPLAY            : 'localhost:12.0'
2026-02-26 02:50:16.756595 (1902812) main____ INFO      JASPER_INSTALL_DIR : '/cad/cadence/jasper_2023.12p001'
2026-02-26 02:50:16.756607 (1902812) main____ INFO      JASPER_KERNEL_CHECK: '1'
2026-02-26 02:50:16.756619 (1902812) main____ INFO      JASPER_OS_CHECK    : '0'
2026-02-26 02:50:16.756631 (1902812) main____ INFO      LANG               : 'zh_TW.UTF-8'
2026-02-26 02:50:16.756640 (1902812) main____ INFO    ----------------------------------------
2026-02-26 02:50:16.757853 (1902812) lic_core INFO    Initializing license system ...
2026-02-26 02:50:16.759718 (1902812) lic_core INFO    ... license system initialized.
2026-02-26 02:50:16.772352 (1902812) lic__man INFO    Claim 'main' for <ui>.
2026-02-26 02:50:16.772400 (1902812) lic_core INFO    (1) checking out 'jasper_interactive' ...
2026-02-26 02:50:16.788162 (1902812) lic_core INFO    ... (1) checkout succeeded
2026-02-26 02:50:16.788226 (1902812) lic__man INFO    Claim 'fpv' for <ui>.
2026-02-26 02:50:16.788250 (1902812) lic_core INFO    (2) checking out 'jasper_fpv' ...
2026-02-26 02:50:16.792849 (1902812) lic_core INFO    ... (2) checkout failed (error: -5) ("FLEXnet ERROR(-5, 0, 0): No such feature exists.")
2026-02-26 02:50:16.792883 (1902812) lic_core INFO    (3) checking out 'jasper_fao' ...
2026-02-26 02:50:16.806620 (1902812) lic_core INFO    ... (3) checkout succeeded
2026-02-26 02:50:16.807839 (1902823) stdio___ INFO    Starting STDIN reader (tty: yes, tty name: '/dev/pts/0')
2026-02-26 02:50:16.807939 (1902812) main____ INFO    Tool inactivity delay is 480000 ms.
2026-02-26 02:50:16.851992 (1902812) session_ INFO    Starting analysis session with session id 'session_0' (launcher: <local>) ...
2026-02-26 02:50:16.854463 (1902812) session_ INFO    Analysis session with session id 'session_0' started (pid: 1902824)
2026-02-26 02:50:17.949113 (1902812) session_ INFO    Analysis session 'session_0' connected to the console (host: 127.0.0.1:44828)
2026-02-26 02:50:21.257899 (1902812) lic__man INFO    Unclaim everything for 'session_0'.
2026-02-26 02:50:21.558727 (1902812) lic__man INFO    Claim 'fpv' for 'session_0'.
2026-02-26 02:50:21.558766 (1902812) lic__man INFO    Claim 'fpv' for 'session_0/prove-0'.
2026-02-26 02:50:23.756566 (1902812) lic__man INFO    Unclaim everything for 'session_0/prove-0'.
2026-02-26 02:50:23.823934 (1902812) main____ INFO    About to exit: request to exit with status 0 received from analysis session 'session_0'
2026-02-26 02:50:24.302054 (1902812) session_ INFO    Analysis session 'session_0' disconnected.
2026-02-26 02:50:24.302214 (1902812) lic__man INFO    Unclaim everything for 'session_0'.
2026-02-26 02:50:24.302416 (1902812) session_ INFO    Process for analysis session 'session_0' has exited with exit status '0'.
2026-02-26 02:50:25.900760 (1902823) stdio___ INFO    STDIN reader requested to stop.
2026-02-26 02:50:25.900816 (1902823) stdio___ INFO    STDIN reader stopped.
2026-02-26 02:50:25.903952 (1902812) lic_core INFO    (1) checkin jasper_interactive
2026-02-26 02:50:25.911920 (1902812) lic_core INFO    (3) checkin jasper_fao
2026-02-26 02:50:25.939865 (1902812) main____ INFO    Exiting with status 0.
