2026-02-28 21:11:50.228206 (3667931) main____ INFO    ----------------------------------------
2026-02-28 21:11:50.228285 (3667931) main____ INFO    Jasper version info
2026-02-28 21:11:50.228303 (3667931) main____ INFO      tool      : Jasper 2023.12
2026-02-28 21:11:50.228319 (3667931) main____ INFO      version   : 2023.12p001 64 bits
2026-02-28 21:11:50.228334 (3667931) main____ INFO      build date: 2024.01.23 16:09:24 UTC
2026-02-28 21:11:50.228346 (3667931) main____ INFO    ----------------------------------------
2026-02-28 21:11:50.228357 (3667931) main____ INFO    Runtime info:
2026-02-28 21:11:50.228370 (3667931) main____ INFO      platform  : Linux 4.18.0-553.89.1.el8_10.x86_64 x86_64
2026-02-28 21:11:50.228389 (3667931) main____ INFO      hostname  : caddy12.stanford.edu
2026-02-28 21:11:50.228406 (3667931) main____ INFO      pid       : 3667931
2026-02-28 21:11:50.228418 (3667931) main____ INFO      arguments : '-style' 'windows' '-allow_unsupported_OS' '-no_gui' '-fpv' './synthlc/i_ADDI_out/xPairwiseDepDiv/nunv_anytwo_24_.tcl' '-proj' './synthlc/i_ADDI_out/xPairwiseDepDiv/nunv_anytwo_24_jgsession_26-02-28-21_11_50'
2026-02-28 21:11:50.228436 (3667931) main____ INFO      locale    : UTF-8
2026-02-28 21:11:50.228448 (3667931) main____ INFO    ----------------------------------------
2026-02-28 21:11:50.228459 (3667931) main____ INFO    System resource limits info:
2026-02-28 21:11:50.228473 (3667931) main____ INFO      virtual memory: unlimited
2026-02-28 21:11:50.228487 (3667931) main____ INFO      cpu time      : unlimited
2026-02-28 21:11:50.228505 (3667931) main____ INFO      processes     : 4096
2026-02-28 21:11:50.229528 (3667931) main____ INFO      stack size    : 8388608 B
2026-02-28 21:11:50.229546 (3667931) main____ INFO      core file size: 0 B
2026-02-28 21:11:50.229561 (3667931) main____ INFO      open files    : 4096
2026-02-28 21:11:50.229575 (3667931) main____ INFO      file size     : unlimited
2026-02-28 21:11:50.229587 (3667931) main____ INFO    ----------------------------------------
2026-02-28 21:11:50.229598 (3667931) main____ INFO    Memory statistics:
2026-02-28 21:11:50.229611 (3667931) main____ INFO      total physical memory  : 98449088 kB
2026-02-28 21:11:50.229624 (3667931) main____ INFO      free physical memory   : 89815268 kB
2026-02-28 21:11:50.229638 (3667931) main____ INFO      committed address space: 3892144 kB
2026-02-28 21:11:50.229649 (3667931) main____ INFO    ----------------------------------------
2026-02-28 21:11:50.230820 (3667931) main____ INFO    Important environment variables:
2026-02-28 21:11:50.231601 (3667931) main____ INFO      CDS_LIC_FILE       : '5280@cadlic0'
2026-02-28 21:11:50.231618 (3667931) main____ INFO      DISPLAY            : 'localhost:12.0'
2026-02-28 21:11:50.231632 (3667931) main____ INFO      JASPER_INSTALL_DIR : '/cad/cadence/jasper_2023.12p001'
2026-02-28 21:11:50.231645 (3667931) main____ INFO      JASPER_KERNEL_CHECK: '1'
2026-02-28 21:11:50.231659 (3667931) main____ INFO      JASPER_OS_CHECK    : '0'
2026-02-28 21:11:50.231696 (3667931) main____ INFO      LANG               : 'zh_TW.UTF-8'
2026-02-28 21:11:50.231708 (3667931) main____ INFO    ----------------------------------------
2026-02-28 21:11:50.232843 (3667931) lic_core INFO    Initializing license system ...
2026-02-28 21:11:50.235204 (3667931) lic_core INFO    ... license system initialized.
2026-02-28 21:11:50.246270 (3667931) lic__man INFO    Claim 'main' for <ui>.
2026-02-28 21:11:50.246317 (3667931) lic_core INFO    (1) checking out 'jasper_interactive' ...
2026-02-28 21:11:50.258716 (3667931) lic_core INFO    ... (1) checkout succeeded
2026-02-28 21:11:50.258798 (3667931) lic__man INFO    Claim 'fpv' for <ui>.
2026-02-28 21:11:50.258823 (3667931) lic_core INFO    (2) checking out 'jasper_fpv' ...
2026-02-28 21:11:50.262684 (3667931) lic_core INFO    ... (2) checkout failed (error: -5) ("FLEXnet ERROR(-5, 0, 0): No such feature exists.")
2026-02-28 21:11:50.262739 (3667931) lic_core INFO    (3) checking out 'jasper_fao' ...
2026-02-28 21:11:50.273556 (3667931) lic_core INFO    ... (3) checkout succeeded
2026-02-28 21:11:50.274483 (3667952) stdio___ INFO    Starting STDIN reader (tty: yes, tty name: '/dev/pts/0')
2026-02-28 21:11:50.274614 (3667931) main____ INFO    Tool inactivity delay is 480000 ms.
2026-02-28 21:11:50.315097 (3667931) session_ INFO    Starting analysis session with session id 'session_0' (launcher: <local>) ...
2026-02-28 21:11:50.316779 (3667931) session_ INFO    Analysis session with session id 'session_0' started (pid: 3667953)
2026-02-28 21:11:51.403568 (3667931) session_ INFO    Analysis session 'session_0' connected to the console (host: 127.0.0.1:49048)
2026-02-28 21:11:54.603707 (3667931) lic__man INFO    Unclaim everything for 'session_0'.
2026-02-28 21:11:54.867753 (3667931) lic__man INFO    Claim 'fpv' for 'session_0'.
2026-02-28 21:11:54.867797 (3667931) lic__man INFO    Claim 'fpv' for 'session_0/prove-0'.
2026-02-28 21:11:57.113124 (3667931) lic__man INFO    Unclaim everything for 'session_0/prove-0'.
2026-02-28 21:11:57.121481 (3667931) main____ INFO    About to exit: request to exit with status 0 received from analysis session 'session_0'
2026-02-28 21:11:57.314082 (3667931) session_ INFO    Analysis session 'session_0' disconnected.
2026-02-28 21:11:57.314230 (3667931) lic__man INFO    Unclaim everything for 'session_0'.
2026-02-28 21:11:57.325870 (3667931) session_ INFO    Process for analysis session 'session_0' has exited with exit status '0'.
2026-02-28 21:11:59.028102 (3667952) stdio___ INFO    STDIN reader requested to stop.
2026-02-28 21:11:59.028188 (3667952) stdio___ INFO    STDIN reader stopped.
2026-02-28 21:11:59.028466 (3667931) lic_core INFO    (1) checkin jasper_interactive
2026-02-28 21:11:59.029679 (3667931) lic_core INFO    (3) checkin jasper_fao
2026-02-28 21:11:59.030723 (3667931) main____ INFO    Exiting with status 0.
