2026-02-28 02:16:04.031488 (662231) main____ INFO    ----------------------------------------
2026-02-28 02:16:04.031550 (662231) main____ INFO    Jasper version info
2026-02-28 02:16:04.031564 (662231) main____ INFO      tool      : Jasper 2023.12
2026-02-28 02:16:04.031578 (662231) main____ INFO      version   : 2023.12p001 64 bits
2026-02-28 02:16:04.031591 (662231) main____ INFO      build date: 2024.01.23 16:09:24 UTC
2026-02-28 02:16:04.031601 (662231) main____ INFO    ----------------------------------------
2026-02-28 02:16:04.031610 (662231) main____ INFO    Runtime info:
2026-02-28 02:16:04.031621 (662231) main____ INFO      platform  : Linux 4.18.0-553.89.1.el8_10.x86_64 x86_64
2026-02-28 02:16:04.031637 (662231) main____ INFO      hostname  : caddy10.stanford.edu
2026-02-28 02:16:04.031652 (662231) main____ INFO      pid       : 662231
2026-02-28 02:16:04.031662 (662231) main____ INFO      arguments : '-style' 'windows' '-allow_unsupported_OS' '-no_gui' '-fpv' './synthlc/i_MUL_out/xCollectReEvalLeaveOrder/com_2_0_.tcl' '-proj' './synthlc/i_MUL_out/xCollectReEvalLeaveOrder/com_2_0_jgsession_26-02-28-02_16_03'
2026-02-28 02:16:04.031677 (662231) main____ INFO      locale    : UTF-8
2026-02-28 02:16:04.031687 (662231) main____ INFO    ----------------------------------------
2026-02-28 02:16:04.031696 (662231) main____ INFO    System resource limits info:
2026-02-28 02:16:04.031708 (662231) main____ INFO      virtual memory: unlimited
2026-02-28 02:16:04.031720 (662231) main____ INFO      cpu time      : unlimited
2026-02-28 02:16:04.031736 (662231) main____ INFO      processes     : 4096
2026-02-28 02:16:04.031754 (662231) main____ INFO      stack size    : 8388608 B
2026-02-28 02:16:04.031768 (662231) main____ INFO      core file size: 0 B
2026-02-28 02:16:04.031780 (662231) main____ INFO      open files    : 4096
2026-02-28 02:16:04.031792 (662231) main____ INFO      file size     : unlimited
2026-02-28 02:16:04.031802 (662231) main____ INFO    ----------------------------------------
2026-02-28 02:16:04.031811 (662231) main____ INFO    Memory statistics:
2026-02-28 02:16:04.031823 (662231) main____ INFO      total physical memory  : 98449096 kB
2026-02-28 02:16:04.031834 (662231) main____ INFO      free physical memory   : 90487168 kB
2026-02-28 02:16:04.031845 (662231) main____ INFO      committed address space: 1248436 kB
2026-02-28 02:16:04.031855 (662231) main____ INFO    ----------------------------------------
2026-02-28 02:16:04.032967 (662231) main____ INFO    Important environment variables:
2026-02-28 02:16:04.032989 (662231) main____ INFO      CDS_LIC_FILE       : '5280@cadlic0'
2026-02-28 02:16:04.033001 (662231) main____ INFO      JASPER_INSTALL_DIR : '/cad/cadence/jasper_2023.12p001'
2026-02-28 02:16:04.033013 (662231) main____ INFO      JASPER_KERNEL_CHECK: '1'
2026-02-28 02:16:04.033025 (662231) main____ INFO      JASPER_OS_CHECK    : '0'
2026-02-28 02:16:04.033037 (662231) main____ INFO      LANG               : 'en_US.UTF-8'
2026-02-28 02:16:04.033047 (662231) main____ INFO    ----------------------------------------
2026-02-28 02:16:04.034208 (662231) lic_core INFO    Initializing license system ...
2026-02-28 02:16:04.035663 (662231) lic_core INFO    ... license system initialized.
2026-02-28 02:16:04.048287 (662231) lic__man INFO    Claim 'main' for <ui>.
2026-02-28 02:16:04.048332 (662231) lic_core INFO    (1) checking out 'jasper_interactive' ...
2026-02-28 02:16:04.060957 (662231) lic_core INFO    ... (1) checkout succeeded
2026-02-28 02:16:04.061012 (662231) lic__man INFO    Claim 'fpv' for <ui>.
2026-02-28 02:16:04.061031 (662231) lic_core INFO    (2) checking out 'jasper_fpv' ...
2026-02-28 02:16:04.065403 (662231) lic_core INFO    ... (2) checkout failed (error: -5) ("FLEXnet ERROR(-5, 0, 0): No such feature exists.")
2026-02-28 02:16:04.065432 (662231) lic_core INFO    (3) checking out 'jasper_fao' ...
2026-02-28 02:16:04.076266 (662231) lic_core INFO    ... (3) checkout succeeded
2026-02-28 02:16:04.077761 (662254) stdio___ INFO    Starting STDIN reader (tty: yes, tty name: '/dev/pts/5')
2026-02-28 02:16:04.077886 (662231) main____ INFO    Tool inactivity delay is 480000 ms.
2026-02-28 02:16:04.123055 (662231) session_ INFO    Starting analysis session with session id 'session_0' (launcher: <local>) ...
2026-02-28 02:16:04.124930 (662231) session_ INFO    Analysis session with session id 'session_0' started (pid: 662256)
2026-02-28 02:16:05.223804 (662231) session_ INFO    Analysis session 'session_0' connected to the console (host: 127.0.0.1:45692)
2026-02-28 02:16:08.223254 (662231) lic__man INFO    Unclaim everything for 'session_0'.
2026-02-28 02:16:08.427810 (662231) lic__man INFO    Claim 'fpv' for 'session_0'.
2026-02-28 02:16:08.427856 (662231) lic__man INFO    Claim 'fpv' for 'session_0/prove-0'.
2026-02-28 02:16:09.560261 (662231) lic__man INFO    Unclaim everything for 'session_0/prove-0'.
2026-02-28 02:16:09.602155 (662231) main____ INFO    About to exit: request to exit with status 0 received from analysis session 'session_0'
2026-02-28 02:16:09.748602 (662231) session_ INFO    Analysis session 'session_0' disconnected.
2026-02-28 02:16:09.748723 (662231) lic__man INFO    Unclaim everything for 'session_0'.
2026-02-28 02:16:09.748976 (662231) session_ INFO    Process for analysis session 'session_0' has exited with exit status '0'.
2026-02-28 02:16:11.509214 (662254) stdio___ INFO    STDIN reader requested to stop.
2026-02-28 02:16:11.509245 (662254) stdio___ INFO    STDIN reader stopped.
2026-02-28 02:16:11.509464 (662231) lic_core INFO    (1) checkin jasper_interactive
2026-02-28 02:16:11.510345 (662231) lic_core INFO    (3) checkin jasper_fao
2026-02-28 02:16:11.512292 (662231) main____ INFO    Exiting with status 0.
