2026-02-27 15:41:23.386529 (3127198) main____ INFO    ----------------------------------------
2026-02-27 15:41:23.386598 (3127198) main____ INFO    Jasper version info
2026-02-27 15:41:23.386614 (3127198) main____ INFO      tool      : Jasper 2023.12
2026-02-27 15:41:23.386629 (3127198) main____ INFO      version   : 2023.12p001 64 bits
2026-02-27 15:41:23.386642 (3127198) main____ INFO      build date: 2024.01.23 16:09:24 UTC
2026-02-27 15:41:23.386652 (3127198) main____ INFO    ----------------------------------------
2026-02-27 15:41:23.386680 (3127198) main____ INFO    Runtime info:
2026-02-27 15:41:23.386693 (3127198) main____ INFO      platform  : Linux 4.18.0-553.89.1.el8_10.x86_64 x86_64
2026-02-27 15:41:23.386711 (3127198) main____ INFO      hostname  : caddy12.stanford.edu
2026-02-27 15:41:23.386728 (3127198) main____ INFO      pid       : 3127198
2026-02-27 15:41:23.386739 (3127198) main____ INFO      arguments : '-style' 'windows' '-allow_unsupported_OS' '-no_gui' '-fpv' './synthlc/i_DIV_out/xPairwiseDepDiv/nunv_anytwo_54_.tcl' '-proj' './synthlc/i_DIV_out/xPairwiseDepDiv/nunv_anytwo_54_jgsession_26-02-27-15_41_23'
2026-02-27 15:41:23.386755 (3127198) main____ INFO      locale    : UTF-8
2026-02-27 15:41:23.386766 (3127198) main____ INFO    ----------------------------------------
2026-02-27 15:41:23.386776 (3127198) main____ INFO    System resource limits info:
2026-02-27 15:41:23.386796 (3127198) main____ INFO      virtual memory: unlimited
2026-02-27 15:41:23.386809 (3127198) main____ INFO      cpu time      : unlimited
2026-02-27 15:41:23.386826 (3127198) main____ INFO      processes     : 4096
2026-02-27 15:41:23.386848 (3127198) main____ INFO      stack size    : 8388608 B
2026-02-27 15:41:23.386862 (3127198) main____ INFO      core file size: 0 B
2026-02-27 15:41:23.386875 (3127198) main____ INFO      open files    : 4096
2026-02-27 15:41:23.386888 (3127198) main____ INFO      file size     : unlimited
2026-02-27 15:41:23.386898 (3127198) main____ INFO    ----------------------------------------
2026-02-27 15:41:23.386908 (3127198) main____ INFO    Memory statistics:
2026-02-27 15:41:23.386920 (3127198) main____ INFO      total physical memory  : 98449088 kB
2026-02-27 15:41:23.386932 (3127198) main____ INFO      free physical memory   : 79202060 kB
2026-02-27 15:41:23.386943 (3127198) main____ INFO      committed address space: 1721556 kB
2026-02-27 15:41:23.386953 (3127198) main____ INFO    ----------------------------------------
2026-02-27 15:41:23.388111 (3127198) main____ INFO    Important environment variables:
2026-02-27 15:41:23.388137 (3127198) main____ INFO      CDS_LIC_FILE       : '5280@cadlic0'
2026-02-27 15:41:23.388150 (3127198) main____ INFO      DISPLAY            : 'localhost:12.0'
2026-02-27 15:41:23.388162 (3127198) main____ INFO      JASPER_INSTALL_DIR : '/cad/cadence/jasper_2023.12p001'
2026-02-27 15:41:23.388175 (3127198) main____ INFO      JASPER_KERNEL_CHECK: '1'
2026-02-27 15:41:23.388187 (3127198) main____ INFO      JASPER_OS_CHECK    : '0'
2026-02-27 15:41:23.388199 (3127198) main____ INFO      LANG               : 'zh_TW.UTF-8'
2026-02-27 15:41:23.388210 (3127198) main____ INFO    ----------------------------------------
2026-02-27 15:41:23.389346 (3127198) lic_core INFO    Initializing license system ...
2026-02-27 15:41:23.392867 (3127198) lic_core INFO    ... license system initialized.
2026-02-27 15:41:23.410409 (3127198) lic__man INFO    Claim 'main' for <ui>.
2026-02-27 15:41:23.410496 (3127198) lic_core INFO    (1) checking out 'jasper_interactive' ...
2026-02-27 15:41:23.423993 (3127198) lic_core INFO    ... (1) checkout succeeded
2026-02-27 15:41:23.424067 (3127198) lic__man INFO    Claim 'fpv' for <ui>.
2026-02-27 15:41:23.424090 (3127198) lic_core INFO    (2) checking out 'jasper_fpv' ...
2026-02-27 15:41:23.428600 (3127198) lic_core INFO    ... (2) checkout failed (error: -5) ("FLEXnet ERROR(-5, 0, 0): No such feature exists.")
2026-02-27 15:41:23.428636 (3127198) lic_core INFO    (3) checking out 'jasper_fao' ...
2026-02-27 15:41:23.439493 (3127198) lic_core INFO    ... (3) checkout succeeded
2026-02-27 15:41:23.443051 (3127234) stdio___ INFO    Starting STDIN reader (tty: yes, tty name: '/dev/pts/0')
2026-02-27 15:41:23.443167 (3127198) main____ INFO    Tool inactivity delay is 480000 ms.
2026-02-27 15:41:23.486946 (3127198) session_ INFO    Starting analysis session with session id 'session_0' (launcher: <local>) ...
2026-02-27 15:41:23.488739 (3127198) session_ INFO    Analysis session with session id 'session_0' started (pid: 3127235)
2026-02-27 15:41:24.708962 (3127198) session_ INFO    Analysis session 'session_0' connected to the console (host: 127.0.0.1:49336)
2026-02-27 15:41:27.892726 (3127198) lic__man INFO    Unclaim everything for 'session_0'.
2026-02-27 15:41:28.088289 (3127198) lic__man INFO    Claim 'fpv' for 'session_0'.
2026-02-27 15:41:28.088325 (3127198) lic__man INFO    Claim 'fpv' for 'session_0/prove-0'.
2026-02-27 15:41:29.279164 (3127198) lic__man INFO    Unclaim everything for 'session_0/prove-0'.
2026-02-27 15:41:29.323988 (3127198) main____ INFO    About to exit: request to exit with status 0 received from analysis session 'session_0'
2026-02-27 15:41:29.803548 (3127198) session_ INFO    Analysis session 'session_0' disconnected.
2026-02-27 15:41:29.803716 (3127198) lic__man INFO    Unclaim everything for 'session_0'.
2026-02-27 15:41:29.803908 (3127198) session_ INFO    Process for analysis session 'session_0' has exited with exit status '0'.
2026-02-27 15:41:31.409759 (3127234) stdio___ INFO    STDIN reader requested to stop.
2026-02-27 15:41:31.409832 (3127234) stdio___ INFO    STDIN reader stopped.
2026-02-27 15:41:31.410174 (3127198) lic_core INFO    (1) checkin jasper_interactive
2026-02-27 15:41:31.420903 (3127198) lic_core INFO    (3) checkin jasper_fao
2026-02-27 15:41:31.439138 (3127198) main____ INFO    Exiting with status 0.
