2026-02-26 09:33:56.831156 (3984069) main____ INFO    ----------------------------------------
2026-02-26 09:33:56.831232 (3984069) main____ INFO    Jasper version info
2026-02-26 09:33:56.831247 (3984069) main____ INFO      tool      : Jasper 2023.12
2026-02-26 09:33:56.831272 (3984069) main____ INFO      version   : 2023.12p001 64 bits
2026-02-26 09:33:56.831285 (3984069) main____ INFO      build date: 2024.01.23 16:09:24 UTC
2026-02-26 09:33:56.831295 (3984069) main____ INFO    ----------------------------------------
2026-02-26 09:33:56.831318 (3984069) main____ INFO    Runtime info:
2026-02-26 09:33:56.831329 (3984069) main____ INFO      platform  : Linux 4.18.0-553.89.1.el8_10.x86_64 x86_64
2026-02-26 09:33:56.831348 (3984069) main____ INFO      hostname  : caddy15.stanford.edu
2026-02-26 09:33:56.831363 (3984069) main____ INFO      pid       : 3984069
2026-02-26 09:33:56.831373 (3984069) main____ INFO      arguments : '-style' 'windows' '-allow_unsupported_OS' '-no_gui' '-fpv' './synthlc/i_ADDI_out/xPerfLocCycleCount/over1cyc_37_mult_fsm_s3_.tcl' '-proj' './synthlc/i_ADDI_out/xPerfLocCycleCount/over1cyc_37_mult_fsm_s3_jgsession_26-02-26-09_33_56'
2026-02-26 09:33:56.831390 (3984069) main____ INFO      locale    : UTF-8
2026-02-26 09:33:56.831400 (3984069) main____ INFO    ----------------------------------------
2026-02-26 09:33:56.831409 (3984069) main____ INFO    System resource limits info:
2026-02-26 09:33:56.831421 (3984069) main____ INFO      virtual memory: unlimited
2026-02-26 09:33:56.831433 (3984069) main____ INFO      cpu time      : unlimited
2026-02-26 09:33:56.831450 (3984069) main____ INFO      processes     : 4096
2026-02-26 09:33:56.831469 (3984069) main____ INFO      stack size    : 8388608 B
2026-02-26 09:33:56.831483 (3984069) main____ INFO      core file size: 0 B
2026-02-26 09:33:56.831495 (3984069) main____ INFO      open files    : 4096
2026-02-26 09:33:56.831507 (3984069) main____ INFO      file size     : unlimited
2026-02-26 09:33:56.831517 (3984069) main____ INFO    ----------------------------------------
2026-02-26 09:33:56.831527 (3984069) main____ INFO    Memory statistics:
2026-02-26 09:33:56.831538 (3984069) main____ INFO      total physical memory  : 98449092 kB
2026-02-26 09:33:56.831550 (3984069) main____ INFO      free physical memory   : 80002352 kB
2026-02-26 09:33:56.831561 (3984069) main____ INFO      committed address space: 1781536 kB
2026-02-26 09:33:56.831570 (3984069) main____ INFO    ----------------------------------------
2026-02-26 09:33:56.832700 (3984069) main____ INFO    Important environment variables:
2026-02-26 09:33:56.832723 (3984069) main____ INFO      CDS_LIC_FILE       : '5280@cadlic0'
2026-02-26 09:33:56.832735 (3984069) main____ INFO      JASPER_INSTALL_DIR : '/cad/cadence/jasper_2023.12p001'
2026-02-26 09:33:56.832747 (3984069) main____ INFO      JASPER_KERNEL_CHECK: '1'
2026-02-26 09:33:56.832760 (3984069) main____ INFO      JASPER_OS_CHECK    : '0'
2026-02-26 09:33:56.832772 (3984069) main____ INFO      LANG               : 'en_US.UTF-8'
2026-02-26 09:33:56.832782 (3984069) main____ INFO    ----------------------------------------
2026-02-26 09:33:56.833885 (3984069) lic_core INFO    Initializing license system ...
2026-02-26 09:33:56.835448 (3984069) lic_core INFO    ... license system initialized.
2026-02-26 09:33:56.891606 (3984069) lic__man INFO    Claim 'main' for <ui>.
2026-02-26 09:33:56.891653 (3984069) lic_core INFO    (1) checking out 'jasper_interactive' ...
2026-02-26 09:33:56.903973 (3984069) lic_core INFO    ... (1) checkout succeeded
2026-02-26 09:33:56.904034 (3984069) lic__man INFO    Claim 'fpv' for <ui>.
2026-02-26 09:33:56.904055 (3984069) lic_core INFO    (2) checking out 'jasper_fpv' ...
2026-02-26 09:33:56.908207 (3984069) lic_core INFO    ... (2) checkout failed (error: -5) ("FLEXnet ERROR(-5, 0, 0): No such feature exists.")
2026-02-26 09:33:56.908237 (3984069) lic_core INFO    (3) checking out 'jasper_fao' ...
2026-02-26 09:33:56.918761 (3984069) lic_core INFO    ... (3) checkout succeeded
2026-02-26 09:33:56.919864 (3984069) main____ INFO    Tool inactivity delay is 480000 ms.
2026-02-26 09:33:56.920062 (3984090) stdio___ INFO    Starting STDIN reader (tty: yes, tty name: '/dev/pts/0')
2026-02-26 09:33:57.037527 (3984069) session_ INFO    Starting analysis session with session id 'session_0' (launcher: <local>) ...
2026-02-26 09:33:57.039355 (3984069) session_ INFO    Analysis session with session id 'session_0' started (pid: 3984093)
2026-02-26 09:33:58.194799 (3984069) session_ INFO    Analysis session 'session_0' connected to the console (host: 127.0.0.1:44372)
2026-02-26 09:34:04.206558 (3984069) lic__man INFO    Unclaim everything for 'session_0'.
2026-02-26 09:34:04.517845 (3984069) lic__man INFO    Claim 'fpv' for 'session_0'.
2026-02-26 09:34:04.517894 (3984069) lic__man INFO    Claim 'fpv' for 'session_0/prove-0'.
2026-02-26 09:34:08.306759 (3984069) lic__man INFO    Unclaim everything for 'session_0/prove-0'.
2026-02-26 09:34:08.341961 (3984069) main____ INFO    About to exit: request to exit with status 0 received from analysis session 'session_0'
2026-02-26 09:34:08.684618 (3984069) session_ INFO    Analysis session 'session_0' disconnected.
2026-02-26 09:34:08.684783 (3984069) lic__man INFO    Unclaim everything for 'session_0'.
2026-02-26 09:34:08.686642 (3984069) session_ INFO    Process for analysis session 'session_0' has exited with exit status '0'.
2026-02-26 09:34:10.415401 (3984090) stdio___ INFO    STDIN reader requested to stop.
2026-02-26 09:34:10.415465 (3984090) stdio___ INFO    STDIN reader stopped.
2026-02-26 09:34:10.416586 (3984069) lic_core INFO    (1) checkin jasper_interactive
2026-02-26 09:34:10.422543 (3984069) lic_core INFO    (3) checkin jasper_fao
2026-02-26 09:34:10.455353 (3984069) main____ INFO    Exiting with status 0.
