2026-02-28 19:32:33.207861 (939220) main____ INFO    ----------------------------------------
2026-02-28 19:32:33.207963 (939220) main____ INFO    Jasper version info
2026-02-28 19:32:33.207979 (939220) main____ INFO      tool      : Jasper 2023.12
2026-02-28 19:32:33.207994 (939220) main____ INFO      version   : 2023.12p001 64 bits
2026-02-28 19:32:33.208008 (939220) main____ INFO      build date: 2024.01.23 16:09:24 UTC
2026-02-28 19:32:33.208017 (939220) main____ INFO    ----------------------------------------
2026-02-28 19:32:33.208026 (939220) main____ INFO    Runtime info:
2026-02-28 19:32:33.208037 (939220) main____ INFO      platform  : Linux 4.18.0-553.89.1.el8_10.x86_64 x86_64
2026-02-28 19:32:33.208056 (939220) main____ INFO      hostname  : caddy15.stanford.edu
2026-02-28 19:32:33.208071 (939220) main____ INFO      pid       : 939220
2026-02-28 19:32:33.208083 (939220) main____ INFO      arguments : '-style' 'windows' '-allow_unsupported_OS' '-no_gui' '-fpv' './synthlc/i_ADDI_out/xPairwiseDepDiv/nunv_anytwo_86_.tcl' '-proj' './synthlc/i_ADDI_out/xPairwiseDepDiv/nunv_anytwo_86_jgsession_26-02-28-19_32_31'
2026-02-28 19:32:33.208113 (939220) main____ INFO      locale    : UTF-8
2026-02-28 19:32:33.208123 (939220) main____ INFO    ----------------------------------------
2026-02-28 19:32:33.208132 (939220) main____ INFO    System resource limits info:
2026-02-28 19:32:33.208145 (939220) main____ INFO      virtual memory: unlimited
2026-02-28 19:32:33.208156 (939220) main____ INFO      cpu time      : unlimited
2026-02-28 19:32:33.208176 (939220) main____ INFO      processes     : 4096
2026-02-28 19:32:33.208198 (939220) main____ INFO      stack size    : 8388608 B
2026-02-28 19:32:33.208212 (939220) main____ INFO      core file size: 0 B
2026-02-28 19:32:33.208225 (939220) main____ INFO      open files    : 4096
2026-02-28 19:32:33.208237 (939220) main____ INFO      file size     : unlimited
2026-02-28 19:32:33.208246 (939220) main____ INFO    ----------------------------------------
2026-02-28 19:32:33.208255 (939220) main____ INFO    Memory statistics:
2026-02-28 19:32:33.208267 (939220) main____ INFO      total physical memory  : 98449092 kB
2026-02-28 19:32:33.208278 (939220) main____ INFO      free physical memory   : 75485356 kB
2026-02-28 19:32:33.208290 (939220) main____ INFO      committed address space: 7461788 kB
2026-02-28 19:32:33.208299 (939220) main____ INFO    ----------------------------------------
2026-02-28 19:32:33.209484 (939220) main____ INFO    Important environment variables:
2026-02-28 19:32:33.209511 (939220) main____ INFO      CDS_LIC_FILE       : '5280@cadlic0'
2026-02-28 19:32:33.209524 (939220) main____ INFO      JASPER_INSTALL_DIR : '/cad/cadence/jasper_2023.12p001'
2026-02-28 19:32:33.209536 (939220) main____ INFO      JASPER_KERNEL_CHECK: '1'
2026-02-28 19:32:33.209548 (939220) main____ INFO      JASPER_OS_CHECK    : '0'
2026-02-28 19:32:33.209560 (939220) main____ INFO      LANG               : 'en_US.UTF-8'
2026-02-28 19:32:33.209570 (939220) main____ INFO    ----------------------------------------
2026-02-28 19:32:33.211532 (939220) lic_core INFO    Initializing license system ...
2026-02-28 19:32:33.234778 (939220) lic_core INFO    ... license system initialized.
2026-02-28 19:32:33.379592 (939220) lic__man INFO    Claim 'main' for <ui>.
2026-02-28 19:32:33.379657 (939220) lic_core INFO    (1) checking out 'jasper_interactive' ...
2026-02-28 19:32:33.410053 (939220) lic_core INFO    ... (1) checkout succeeded
2026-02-28 19:32:33.410156 (939220) lic__man INFO    Claim 'fpv' for <ui>.
2026-02-28 19:32:33.410182 (939220) lic_core INFO    (2) checking out 'jasper_fpv' ...
2026-02-28 19:32:33.468676 (939220) lic_core INFO    ... (2) checkout failed (error: -5) ("FLEXnet ERROR(-5, 0, 0): No such feature exists.")
2026-02-28 19:32:33.468730 (939220) lic_core INFO    (3) checking out 'jasper_fao' ...
2026-02-28 19:32:33.556088 (939220) lic_core INFO    ... (3) checkout succeeded
2026-02-28 19:32:33.568343 (939220) main____ INFO    Tool inactivity delay is 480000 ms.
2026-02-28 19:32:33.576553 (939280) stdio___ INFO    Starting STDIN reader (tty: yes, tty name: '/dev/pts/0')
2026-02-28 19:32:35.141449 (939220) session_ INFO    Starting analysis session with session id 'session_0' (launcher: <local>) ...
2026-02-28 19:32:35.143347 (939220) session_ INFO    Analysis session with session id 'session_0' started (pid: 939287)
2026-02-28 19:32:37.057814 (939220) session_ INFO    Analysis session 'session_0' connected to the console (host: 127.0.0.1:59358)
2026-02-28 19:32:40.822570 (939220) lic__man INFO    Unclaim everything for 'session_0'.
2026-02-28 19:32:41.199960 (939220) lic__man INFO    Claim 'fpv' for 'session_0'.
2026-02-28 19:32:41.200005 (939220) lic__man INFO    Claim 'fpv' for 'session_0/prove-0'.
2026-02-28 19:32:54.645602 (939220) lic__man INFO    Unclaim everything for 'session_0/prove-0'.
2026-02-28 19:32:54.734612 (939220) main____ INFO    About to exit: request to exit with status 0 received from analysis session 'session_0'
2026-02-28 19:32:55.074578 (939220) session_ INFO    Analysis session 'session_0' disconnected.
2026-02-28 19:32:55.074722 (939220) lic__man INFO    Unclaim everything for 'session_0'.
2026-02-28 19:32:55.085526 (939220) session_ INFO    Process for analysis session 'session_0' has exited with exit status '0'.
2026-02-28 19:32:56.853388 (939280) stdio___ INFO    STDIN reader requested to stop.
2026-02-28 19:32:56.853443 (939280) stdio___ INFO    STDIN reader stopped.
2026-02-28 19:32:56.863563 (939220) lic_core INFO    (1) checkin jasper_interactive
2026-02-28 19:32:56.866116 (939220) lic_core INFO    (3) checkin jasper_fao
2026-02-28 19:32:56.898344 (939220) main____ INFO    Exiting with status 0.
