2026-02-25 10:16:45.174962 (3043200) main____ INFO    ----------------------------------------
2026-02-25 10:16:45.175069 (3043200) main____ INFO    Jasper version info
2026-02-25 10:16:45.175088 (3043200) main____ INFO      tool      : Jasper 2023.12
2026-02-25 10:16:45.175106 (3043200) main____ INFO      version   : 2023.12p001 64 bits
2026-02-25 10:16:45.175121 (3043200) main____ INFO      build date: 2024.01.23 16:09:24 UTC
2026-02-25 10:16:45.175133 (3043200) main____ INFO    ----------------------------------------
2026-02-25 10:16:45.175144 (3043200) main____ INFO    Runtime info:
2026-02-25 10:16:45.175156 (3043200) main____ INFO      platform  : Linux 4.18.0-553.89.1.el8_10.x86_64 x86_64
2026-02-25 10:16:45.175178 (3043200) main____ INFO      hostname  : caddy15.stanford.edu
2026-02-25 10:16:45.175196 (3043200) main____ INFO      pid       : 3043200
2026-02-25 10:16:45.175210 (3043200) main____ INFO      arguments : '-style' 'windows' '-allow_unsupported_OS' '-no_gui' '-fpv' './synthlc/i_DIV_out/xPairwiseDepDiv/exclusive_45_.tcl' '-proj' './synthlc/i_DIV_out/xPairwiseDepDiv/exclusive_45_jgsession_26-02-25-10_16_43'
2026-02-25 10:16:45.175230 (3043200) main____ INFO      locale    : UTF-8
2026-02-25 10:16:45.175241 (3043200) main____ INFO    ----------------------------------------
2026-02-25 10:16:45.175251 (3043200) main____ INFO    System resource limits info:
2026-02-25 10:16:45.175266 (3043200) main____ INFO      virtual memory: unlimited
2026-02-25 10:16:45.175280 (3043200) main____ INFO      cpu time      : unlimited
2026-02-25 10:16:45.175323 (3043200) main____ INFO      processes     : 4096
2026-02-25 10:16:45.175348 (3043200) main____ INFO      stack size    : 8388608 B
2026-02-25 10:16:45.175364 (3043200) main____ INFO      core file size: 0 B
2026-02-25 10:16:45.175379 (3043200) main____ INFO      open files    : 4096
2026-02-25 10:16:45.175393 (3043200) main____ INFO      file size     : unlimited
2026-02-25 10:16:45.175404 (3043200) main____ INFO    ----------------------------------------
2026-02-25 10:16:45.175415 (3043200) main____ INFO    Memory statistics:
2026-02-25 10:16:45.175428 (3043200) main____ INFO      total physical memory  : 98449092 kB
2026-02-25 10:16:45.175441 (3043200) main____ INFO      free physical memory   : 77354064 kB
2026-02-25 10:16:45.175454 (3043200) main____ INFO      committed address space: 9450212 kB
2026-02-25 10:16:45.175464 (3043200) main____ INFO    ----------------------------------------
2026-02-25 10:16:45.176832 (3043200) main____ INFO    Important environment variables:
2026-02-25 10:16:45.176862 (3043200) main____ INFO      CDS_LIC_FILE       : '5280@cadlic0'
2026-02-25 10:16:45.176876 (3043200) main____ INFO      JASPER_INSTALL_DIR : '/cad/cadence/jasper_2023.12p001'
2026-02-25 10:16:45.176890 (3043200) main____ INFO      JASPER_KERNEL_CHECK: '1'
2026-02-25 10:16:45.176904 (3043200) main____ INFO      JASPER_OS_CHECK    : '0'
2026-02-25 10:16:45.176918 (3043200) main____ INFO      LANG               : 'en_US.UTF-8'
2026-02-25 10:16:45.176929 (3043200) main____ INFO    ----------------------------------------
2026-02-25 10:16:45.178553 (3043200) lic_core INFO    Initializing license system ...
2026-02-25 10:16:45.202802 (3043200) lic_core INFO    ... license system initialized.
2026-02-25 10:16:45.347810 (3043200) lic__man INFO    Claim 'main' for <ui>.
2026-02-25 10:16:45.347898 (3043200) lic_core INFO    (1) checking out 'jasper_interactive' ...
2026-02-25 10:16:45.414348 (3043200) lic_core INFO    ... (1) checkout succeeded
2026-02-25 10:16:45.414470 (3043200) lic__man INFO    Claim 'fpv' for <ui>.
2026-02-25 10:16:45.414500 (3043200) lic_core INFO    (2) checking out 'jasper_fpv' ...
2026-02-25 10:16:45.471842 (3043200) lic_core INFO    ... (2) checkout failed (error: -5) ("FLEXnet ERROR(-5, 0, 0): No such feature exists.")
2026-02-25 10:16:45.471908 (3043200) lic_core INFO    (3) checking out 'jasper_fao' ...
2026-02-25 10:16:45.547935 (3043200) lic_core INFO    ... (3) checkout succeeded
2026-02-25 10:16:45.569261 (3043200) main____ INFO    Tool inactivity delay is 480000 ms.
2026-02-25 10:16:45.579691 (3043211) stdio___ INFO    Starting STDIN reader (tty: yes, tty name: '/dev/pts/0')
2026-02-25 10:16:45.924468 (3043200) session_ INFO    Starting analysis session with session id 'session_0' (launcher: <local>) ...
2026-02-25 10:16:45.926269 (3043200) session_ INFO    Analysis session with session id 'session_0' started (pid: 3043212)
2026-02-25 10:16:49.033849 (3043200) session_ INFO    Analysis session 'session_0' connected to the console (host: 127.0.0.1:51590)
2026-02-25 10:16:57.662253 (3043200) lic__man INFO    Unclaim everything for 'session_0'.
2026-02-25 10:16:57.929514 (3043200) lic__man INFO    Claim 'fpv' for 'session_0'.
2026-02-25 10:16:57.929564 (3043200) lic__man INFO    Claim 'fpv' for 'session_0/prove-0'.
2026-02-25 10:17:15.357631 (3043200) lic__man INFO    Unclaim everything for 'session_0/prove-0'.
2026-02-25 10:17:15.408511 (3043200) main____ INFO    About to exit: request to exit with status 0 received from analysis session 'session_0'
2026-02-25 10:17:15.746552 (3043200) session_ INFO    Analysis session 'session_0' disconnected.
2026-02-25 10:17:15.746707 (3043200) lic__man INFO    Unclaim everything for 'session_0'.
2026-02-25 10:17:15.757506 (3043200) session_ INFO    Process for analysis session 'session_0' has exited with exit status '0'.
2026-02-25 10:17:17.430396 (3043211) stdio___ INFO    STDIN reader requested to stop.
2026-02-25 10:17:17.430454 (3043211) stdio___ INFO    STDIN reader stopped.
2026-02-25 10:17:17.430804 (3043200) lic_core INFO    (1) checkin jasper_interactive
2026-02-25 10:17:17.432172 (3043200) lic_core INFO    (3) checkin jasper_fao
2026-02-25 10:17:17.434030 (3043200) main____ INFO    Exiting with status 0.
