2026-02-26 01:32:23.877374 (1833168) main____ INFO    ----------------------------------------
2026-02-26 01:32:23.877475 (1833168) main____ INFO    Jasper version info
2026-02-26 01:32:23.877492 (1833168) main____ INFO      tool      : Jasper 2023.12
2026-02-26 01:32:23.877516 (1833168) main____ INFO      version   : 2023.12p001 64 bits
2026-02-26 01:32:23.877531 (1833168) main____ INFO      build date: 2024.01.23 16:09:24 UTC
2026-02-26 01:32:23.877542 (1833168) main____ INFO    ----------------------------------------
2026-02-26 01:32:23.877552 (1833168) main____ INFO    Runtime info:
2026-02-26 01:32:23.877563 (1833168) main____ INFO      platform  : Linux 4.18.0-553.89.1.el8_10.x86_64 x86_64
2026-02-26 01:32:23.877584 (1833168) main____ INFO      hostname  : caddy12.stanford.edu
2026-02-26 01:32:23.877602 (1833168) main____ INFO      pid       : 1833168
2026-02-26 01:32:23.877613 (1833168) main____ INFO      arguments : '-style' 'windows' '-allow_unsupported_OS' '-no_gui' '-fpv' './synthlc/i_MUL_out/xPairwiseDepDiv/nunv_anytwo_132_.tcl' '-proj' './synthlc/i_MUL_out/xPairwiseDepDiv/nunv_anytwo_132_jgsession_26-02-26-01_32_22'
2026-02-26 01:32:23.877632 (1833168) main____ INFO      locale    : UTF-8
2026-02-26 01:32:23.877643 (1833168) main____ INFO    ----------------------------------------
2026-02-26 01:32:23.877653 (1833168) main____ INFO    System resource limits info:
2026-02-26 01:32:23.877681 (1833168) main____ INFO      virtual memory: unlimited
2026-02-26 01:32:23.877696 (1833168) main____ INFO      cpu time      : unlimited
2026-02-26 01:32:23.877716 (1833168) main____ INFO      processes     : 4096
2026-02-26 01:32:23.877738 (1833168) main____ INFO      stack size    : 8388608 B
2026-02-26 01:32:23.877754 (1833168) main____ INFO      core file size: 0 B
2026-02-26 01:32:23.877769 (1833168) main____ INFO      open files    : 4096
2026-02-26 01:32:23.877782 (1833168) main____ INFO      file size     : unlimited
2026-02-26 01:32:23.877793 (1833168) main____ INFO    ----------------------------------------
2026-02-26 01:32:23.877803 (1833168) main____ INFO    Memory statistics:
2026-02-26 01:32:23.877815 (1833168) main____ INFO      total physical memory  : 98449088 kB
2026-02-26 01:32:23.877828 (1833168) main____ INFO      free physical memory   : 77825416 kB
2026-02-26 01:32:23.877841 (1833168) main____ INFO      committed address space: 7488100 kB
2026-02-26 01:32:23.877851 (1833168) main____ INFO    ----------------------------------------
2026-02-26 01:32:23.879081 (1833168) main____ INFO    Important environment variables:
2026-02-26 01:32:23.879111 (1833168) main____ INFO      CDS_LIC_FILE       : '5280@cadlic0'
2026-02-26 01:32:23.879126 (1833168) main____ INFO      DISPLAY            : 'localhost:12.0'
2026-02-26 01:32:23.879139 (1833168) main____ INFO      JASPER_INSTALL_DIR : '/cad/cadence/jasper_2023.12p001'
2026-02-26 01:32:23.879152 (1833168) main____ INFO      JASPER_KERNEL_CHECK: '1'
2026-02-26 01:32:23.879165 (1833168) main____ INFO      JASPER_OS_CHECK    : '0'
2026-02-26 01:32:23.879178 (1833168) main____ INFO      LANG               : 'zh_TW.UTF-8'
2026-02-26 01:32:23.879189 (1833168) main____ INFO    ----------------------------------------
2026-02-26 01:32:23.880821 (1833168) lic_core INFO    Initializing license system ...
2026-02-26 01:32:23.958536 (1833168) lic_core INFO    ... license system initialized.
2026-02-26 01:32:24.136168 (1833168) lic__man INFO    Claim 'main' for <ui>.
2026-02-26 01:32:24.136251 (1833168) lic_core INFO    (1) checking out 'jasper_interactive' ...
2026-02-26 01:32:24.211159 (1833168) lic_core INFO    ... (1) checkout succeeded
2026-02-26 01:32:24.211285 (1833168) lic__man INFO    Claim 'fpv' for <ui>.
2026-02-26 01:32:24.211316 (1833168) lic_core INFO    (2) checking out 'jasper_fpv' ...
2026-02-26 01:32:24.265395 (1833168) lic_core INFO    ... (2) checkout failed (error: -5) ("FLEXnet ERROR(-5, 0, 0): No such feature exists.")
2026-02-26 01:32:24.265453 (1833168) lic_core INFO    (3) checking out 'jasper_fao' ...
2026-02-26 01:32:24.345169 (1833168) lic_core INFO    ... (3) checkout succeeded
2026-02-26 01:32:24.388639 (1833168) main____ INFO    Tool inactivity delay is 480000 ms.
2026-02-26 01:32:24.404923 (1833216) stdio___ INFO    Starting STDIN reader (tty: yes, tty name: '/dev/pts/0')
2026-02-26 01:32:24.703820 (1833168) session_ INFO    Starting analysis session with session id 'session_0' (launcher: <local>) ...
2026-02-26 01:32:24.705891 (1833168) session_ INFO    Analysis session with session id 'session_0' started (pid: 1833245)
2026-02-26 01:32:27.958042 (1833168) session_ INFO    Analysis session 'session_0' connected to the console (host: 127.0.0.1:40242)
2026-02-26 01:32:38.975781 (1833168) lic__man INFO    Unclaim everything for 'session_0'.
2026-02-26 01:32:39.613412 (1833168) lic__man INFO    Claim 'fpv' for 'session_0'.
2026-02-26 01:32:39.613461 (1833168) lic__man INFO    Claim 'fpv' for 'session_0/prove-0'.
2026-02-26 01:32:42.968063 (1833168) lic__man INFO    Unclaim everything for 'session_0/prove-0'.
2026-02-26 01:32:42.997982 (1833168) main____ INFO    About to exit: request to exit with status 0 received from analysis session 'session_0'
2026-02-26 01:32:43.514909 (1833168) session_ INFO    Analysis session 'session_0' disconnected.
2026-02-26 01:32:43.515066 (1833168) lic__man INFO    Unclaim everything for 'session_0'.
2026-02-26 01:32:43.517552 (1833168) session_ INFO    Process for analysis session 'session_0' has exited with exit status '0'.
2026-02-26 01:32:44.930791 (1833216) stdio___ INFO    STDIN reader requested to stop.
2026-02-26 01:32:44.930848 (1833216) stdio___ INFO    STDIN reader stopped.
2026-02-26 01:32:44.935160 (1833168) lic_core INFO    (1) checkin jasper_interactive
2026-02-26 01:32:44.936869 (1833168) lic_core INFO    (3) checkin jasper_fao
2026-02-26 01:32:44.952181 (1833168) main____ INFO    Exiting with status 0.
