2026-03-01 01:34:25.285564 (1171127) main____ INFO    ----------------------------------------
2026-03-01 01:34:25.285631 (1171127) main____ INFO    Jasper version info
2026-03-01 01:34:25.285645 (1171127) main____ INFO      tool      : Jasper 2023.12
2026-03-01 01:34:25.285659 (1171127) main____ INFO      version   : 2023.12p001 64 bits
2026-03-01 01:34:25.285672 (1171127) main____ INFO      build date: 2024.01.23 16:09:24 UTC
2026-03-01 01:34:25.285682 (1171127) main____ INFO    ----------------------------------------
2026-03-01 01:34:25.285692 (1171127) main____ INFO    Runtime info:
2026-03-01 01:34:25.285702 (1171127) main____ INFO      platform  : Linux 4.18.0-553.89.1.el8_10.x86_64 x86_64
2026-03-01 01:34:25.285719 (1171127) main____ INFO      hostname  : caddy15.stanford.edu
2026-03-01 01:34:25.285734 (1171127) main____ INFO      pid       : 1171127
2026-03-01 01:34:25.285745 (1171127) main____ INFO      arguments : '-style' 'windows' '-allow_unsupported_OS' '-no_gui' '-fpv' './synthlc/i_LW_out/xPairwiseDepDiv/nunv_anytwo_81_.tcl' '-proj' './synthlc/i_LW_out/xPairwiseDepDiv/nunv_anytwo_81_jgsession_26-03-01-01_34_25'
2026-03-01 01:34:25.285760 (1171127) main____ INFO      locale    : UTF-8
2026-03-01 01:34:25.285770 (1171127) main____ INFO    ----------------------------------------
2026-03-01 01:34:25.285779 (1171127) main____ INFO    System resource limits info:
2026-03-01 01:34:25.285791 (1171127) main____ INFO      virtual memory: unlimited
2026-03-01 01:34:25.285803 (1171127) main____ INFO      cpu time      : unlimited
2026-03-01 01:34:25.285820 (1171127) main____ INFO      processes     : 4096
2026-03-01 01:34:25.285839 (1171127) main____ INFO      stack size    : 8388608 B
2026-03-01 01:34:25.285853 (1171127) main____ INFO      core file size: 0 B
2026-03-01 01:34:25.285866 (1171127) main____ INFO      open files    : 4096
2026-03-01 01:34:25.285878 (1171127) main____ INFO      file size     : unlimited
2026-03-01 01:34:25.285887 (1171127) main____ INFO    ----------------------------------------
2026-03-01 01:34:25.285897 (1171127) main____ INFO    Memory statistics:
2026-03-01 01:34:25.285908 (1171127) main____ INFO      total physical memory  : 98449092 kB
2026-03-01 01:34:25.285919 (1171127) main____ INFO      free physical memory   : 79701628 kB
2026-03-01 01:34:25.285930 (1171127) main____ INFO      committed address space: 1993664 kB
2026-03-01 01:34:25.285940 (1171127) main____ INFO    ----------------------------------------
2026-03-01 01:34:25.287057 (1171127) main____ INFO    Important environment variables:
2026-03-01 01:34:25.287079 (1171127) main____ INFO      CDS_LIC_FILE       : '5280@cadlic0'
2026-03-01 01:34:25.287092 (1171127) main____ INFO      JASPER_INSTALL_DIR : '/cad/cadence/jasper_2023.12p001'
2026-03-01 01:34:25.287104 (1171127) main____ INFO      JASPER_KERNEL_CHECK: '1'
2026-03-01 01:34:25.287115 (1171127) main____ INFO      JASPER_OS_CHECK    : '0'
2026-03-01 01:34:25.287128 (1171127) main____ INFO      LANG               : 'en_US.UTF-8'
2026-03-01 01:34:25.287138 (1171127) main____ INFO    ----------------------------------------
2026-03-01 01:34:25.288298 (1171127) lic_core INFO    Initializing license system ...
2026-03-01 01:34:25.289920 (1171127) lic_core INFO    ... license system initialized.
2026-03-01 01:34:25.300957 (1171127) lic__man INFO    Claim 'main' for <ui>.
2026-03-01 01:34:25.301001 (1171127) lic_core INFO    (1) checking out 'jasper_interactive' ...
2026-03-01 01:34:25.313219 (1171127) lic_core INFO    ... (1) checkout succeeded
2026-03-01 01:34:25.313292 (1171127) lic__man INFO    Claim 'fpv' for <ui>.
2026-03-01 01:34:25.313329 (1171127) lic_core INFO    (2) checking out 'jasper_fpv' ...
2026-03-01 01:34:25.317605 (1171127) lic_core INFO    ... (2) checkout failed (error: -5) ("FLEXnet ERROR(-5, 0, 0): No such feature exists.")
2026-03-01 01:34:25.317637 (1171127) lic_core INFO    (3) checking out 'jasper_fao' ...
2026-03-01 01:34:25.328456 (1171127) lic_core INFO    ... (3) checkout succeeded
2026-03-01 01:34:25.329426 (1171140) stdio___ INFO    Starting STDIN reader (tty: yes, tty name: '/dev/pts/0')
2026-03-01 01:34:25.329592 (1171127) main____ INFO    Tool inactivity delay is 480000 ms.
2026-03-01 01:34:25.369965 (1171127) session_ INFO    Starting analysis session with session id 'session_0' (launcher: <local>) ...
2026-03-01 01:34:25.371765 (1171127) session_ INFO    Analysis session with session id 'session_0' started (pid: 1171141)
2026-03-01 01:34:26.550118 (1171127) session_ INFO    Analysis session 'session_0' connected to the console (host: 127.0.0.1:48204)
2026-03-01 01:34:29.630944 (1171127) lic__man INFO    Unclaim everything for 'session_0'.
2026-03-01 01:34:29.838077 (1171127) lic__man INFO    Claim 'fpv' for 'session_0'.
2026-03-01 01:34:29.838117 (1171127) lic__man INFO    Claim 'fpv' for 'session_0/prove-0'.
2026-03-01 01:34:30.827686 (1171127) lic__man INFO    Unclaim everything for 'session_0/prove-0'.
2026-03-01 01:34:30.869433 (1171127) main____ INFO    About to exit: request to exit with status 0 received from analysis session 'session_0'
2026-03-01 01:34:31.029684 (1171127) session_ INFO    Analysis session 'session_0' disconnected.
2026-03-01 01:34:31.029880 (1171127) lic__man INFO    Unclaim everything for 'session_0'.
2026-03-01 01:34:31.030075 (1171127) session_ INFO    Process for analysis session 'session_0' has exited with exit status '0'.
2026-03-01 01:34:32.903681 (1171140) stdio___ INFO    STDIN reader requested to stop.
2026-03-01 01:34:32.903717 (1171140) stdio___ INFO    STDIN reader stopped.
2026-03-01 01:34:32.903952 (1171127) lic_core INFO    (1) checkin jasper_interactive
2026-03-01 01:34:32.904886 (1171127) lic_core INFO    (3) checkin jasper_fao
2026-03-01 01:34:32.905927 (1171127) main____ INFO    Exiting with status 0.
