2026-02-27 15:41:58.609320 (3128866) main____ INFO    ----------------------------------------
2026-02-27 15:41:58.609420 (3128866) main____ INFO    Jasper version info
2026-02-27 15:41:58.609437 (3128866) main____ INFO      tool      : Jasper 2023.12
2026-02-27 15:41:58.609454 (3128866) main____ INFO      version   : 2023.12p001 64 bits
2026-02-27 15:41:58.609468 (3128866) main____ INFO      build date: 2024.01.23 16:09:24 UTC
2026-02-27 15:41:58.609479 (3128866) main____ INFO    ----------------------------------------
2026-02-27 15:41:58.609489 (3128866) main____ INFO    Runtime info:
2026-02-27 15:41:58.609500 (3128866) main____ INFO      platform  : Linux 4.18.0-553.89.1.el8_10.x86_64 x86_64
2026-02-27 15:41:58.609520 (3128866) main____ INFO      hostname  : caddy12.stanford.edu
2026-02-27 15:41:58.609536 (3128866) main____ INFO      pid       : 3128866
2026-02-27 15:41:58.609548 (3128866) main____ INFO      arguments : '-style' 'windows' '-allow_unsupported_OS' '-no_gui' '-fpv' './synthlc/i_DIV_out/xPairwiseDepDiv/nunv_anytwo_24_.tcl' '-proj' './synthlc/i_DIV_out/xPairwiseDepDiv/nunv_anytwo_24_jgsession_26-02-27-15_41_57'
2026-02-27 15:41:58.609566 (3128866) main____ INFO      locale    : UTF-8
2026-02-27 15:41:58.609577 (3128866) main____ INFO    ----------------------------------------
2026-02-27 15:41:58.609586 (3128866) main____ INFO    System resource limits info:
2026-02-27 15:41:58.609599 (3128866) main____ INFO      virtual memory: unlimited
2026-02-27 15:41:58.609629 (3128866) main____ INFO      cpu time      : unlimited
2026-02-27 15:41:58.609648 (3128866) main____ INFO      processes     : 4096
2026-02-27 15:41:58.609693 (3128866) main____ INFO      stack size    : 8388608 B
2026-02-27 15:41:58.609710 (3128866) main____ INFO      core file size: 0 B
2026-02-27 15:41:58.609724 (3128866) main____ INFO      open files    : 4096
2026-02-27 15:41:58.609737 (3128866) main____ INFO      file size     : unlimited
2026-02-27 15:41:58.609748 (3128866) main____ INFO    ----------------------------------------
2026-02-27 15:41:58.609757 (3128866) main____ INFO    Memory statistics:
2026-02-27 15:41:58.609777 (3128866) main____ INFO      total physical memory  : 98449088 kB
2026-02-27 15:41:58.609798 (3128866) main____ INFO      free physical memory   : 74857168 kB
2026-02-27 15:41:58.609811 (3128866) main____ INFO      committed address space: 7610516 kB
2026-02-27 15:41:58.609821 (3128866) main____ INFO    ----------------------------------------
2026-02-27 15:41:58.611057 (3128866) main____ INFO    Important environment variables:
2026-02-27 15:41:58.611086 (3128866) main____ INFO      CDS_LIC_FILE       : '5280@cadlic0'
2026-02-27 15:41:58.611100 (3128866) main____ INFO      DISPLAY            : 'localhost:12.0'
2026-02-27 15:41:58.611113 (3128866) main____ INFO      JASPER_INSTALL_DIR : '/cad/cadence/jasper_2023.12p001'
2026-02-27 15:41:58.611125 (3128866) main____ INFO      JASPER_KERNEL_CHECK: '1'
2026-02-27 15:41:58.611138 (3128866) main____ INFO      JASPER_OS_CHECK    : '0'
2026-02-27 15:41:58.611151 (3128866) main____ INFO      LANG               : 'zh_TW.UTF-8'
2026-02-27 15:41:58.611161 (3128866) main____ INFO    ----------------------------------------
2026-02-27 15:41:58.613824 (3128866) lic_core INFO    Initializing license system ...
2026-02-27 15:41:58.637006 (3128866) lic_core INFO    ... license system initialized.
2026-02-27 15:41:58.774033 (3128866) lic__man INFO    Claim 'main' for <ui>.
2026-02-27 15:41:58.774116 (3128866) lic_core INFO    (1) checking out 'jasper_interactive' ...
2026-02-27 15:41:58.798021 (3128866) lic_core INFO    ... (1) checkout succeeded
2026-02-27 15:41:58.798128 (3128866) lic__man INFO    Claim 'fpv' for <ui>.
2026-02-27 15:41:58.798158 (3128866) lic_core INFO    (2) checking out 'jasper_fpv' ...
2026-02-27 15:41:58.864910 (3128866) lic_core INFO    ... (2) checkout failed (error: -5) ("FLEXnet ERROR(-5, 0, 0): No such feature exists.")
2026-02-27 15:41:58.865032 (3128866) lic_core INFO    (3) checking out 'jasper_fao' ...
2026-02-27 15:41:58.936965 (3128866) lic_core INFO    ... (3) checkout succeeded
2026-02-27 15:41:58.948625 (3128866) main____ INFO    Tool inactivity delay is 480000 ms.
2026-02-27 15:41:58.957900 (3128910) stdio___ INFO    Starting STDIN reader (tty: yes, tty name: '/dev/pts/0')
2026-02-27 15:41:59.282847 (3128866) session_ INFO    Starting analysis session with session id 'session_0' (launcher: <local>) ...
2026-02-27 15:41:59.284784 (3128866) session_ INFO    Analysis session with session id 'session_0' started (pid: 3128913)
2026-02-27 15:42:04.123211 (3128866) session_ INFO    Analysis session 'session_0' connected to the console (host: 127.0.0.1:54390)
2026-02-27 15:42:08.772131 (3128866) lic__man INFO    Unclaim everything for 'session_0'.
2026-02-27 15:42:09.058431 (3128866) lic__man INFO    Claim 'fpv' for 'session_0'.
2026-02-27 15:42:09.058477 (3128866) lic__man INFO    Claim 'fpv' for 'session_0/prove-0'.
2026-02-27 15:42:43.671923 (3128866) lic__man INFO    Unclaim everything for 'session_0/prove-0'.
2026-02-27 15:42:43.783595 (3128866) main____ INFO    About to exit: request to exit with status 0 received from analysis session 'session_0'
2026-02-27 15:42:44.332570 (3128866) session_ INFO    Analysis session 'session_0' disconnected.
2026-02-27 15:42:44.332749 (3128866) lic__man INFO    Unclaim everything for 'session_0'.
2026-02-27 15:42:44.335263 (3128866) session_ INFO    Process for analysis session 'session_0' has exited with exit status '0'.
2026-02-27 15:42:45.891388 (3128910) stdio___ INFO    STDIN reader requested to stop.
2026-02-27 15:42:45.891446 (3128910) stdio___ INFO    STDIN reader stopped.
2026-02-27 15:42:45.891783 (3128866) lic_core INFO    (1) checkin jasper_interactive
2026-02-27 15:42:45.893029 (3128866) lic_core INFO    (3) checkin jasper_fao
2026-02-27 15:42:45.894165 (3128866) main____ INFO    Exiting with status 0.
