2026-02-26 01:30:54.720894 (3606855) main____ INFO    ----------------------------------------
2026-02-26 01:30:54.720993 (3606855) main____ INFO    Jasper version info
2026-02-26 01:30:54.721008 (3606855) main____ INFO      tool      : Jasper 2023.12
2026-02-26 01:30:54.721034 (3606855) main____ INFO      version   : 2023.12p001 64 bits
2026-02-26 01:30:54.721047 (3606855) main____ INFO      build date: 2024.01.23 16:09:24 UTC
2026-02-26 01:30:54.721057 (3606855) main____ INFO    ----------------------------------------
2026-02-26 01:30:54.721066 (3606855) main____ INFO    Runtime info:
2026-02-26 01:30:54.721077 (3606855) main____ INFO      platform  : Linux 4.18.0-553.89.1.el8_10.x86_64 x86_64
2026-02-26 01:30:54.721097 (3606855) main____ INFO      hostname  : caddy15.stanford.edu
2026-02-26 01:30:54.721112 (3606855) main____ INFO      pid       : 3606855
2026-02-26 01:30:54.721124 (3606855) main____ INFO      arguments : '-style' 'windows' '-allow_unsupported_OS' '-no_gui' '-fpv' './synthlc/i_ADDI_out/xPairwiseDepDiv/exclusive_3_.tcl' '-proj' './synthlc/i_ADDI_out/xPairwiseDepDiv/exclusive_3_jgsession_26-02-26-01_30_53'
2026-02-26 01:30:54.721142 (3606855) main____ INFO      locale    : UTF-8
2026-02-26 01:30:54.721152 (3606855) main____ INFO    ----------------------------------------
2026-02-26 01:30:54.721161 (3606855) main____ INFO    System resource limits info:
2026-02-26 01:30:54.721173 (3606855) main____ INFO      virtual memory: unlimited
2026-02-26 01:30:54.721185 (3606855) main____ INFO      cpu time      : unlimited
2026-02-26 01:30:54.721204 (3606855) main____ INFO      processes     : 4096
2026-02-26 01:30:54.721226 (3606855) main____ INFO      stack size    : 8388608 B
2026-02-26 01:30:54.721240 (3606855) main____ INFO      core file size: 0 B
2026-02-26 01:30:54.721253 (3606855) main____ INFO      open files    : 4096
2026-02-26 01:30:54.721264 (3606855) main____ INFO      file size     : unlimited
2026-02-26 01:30:54.721274 (3606855) main____ INFO    ----------------------------------------
2026-02-26 01:30:54.721283 (3606855) main____ INFO    Memory statistics:
2026-02-26 01:30:54.721295 (3606855) main____ INFO      total physical memory  : 98449092 kB
2026-02-26 01:30:54.721321 (3606855) main____ INFO      free physical memory   : 66198520 kB
2026-02-26 01:30:54.721333 (3606855) main____ INFO      committed address space: 18128960 kB
2026-02-26 01:30:54.721342 (3606855) main____ INFO    ----------------------------------------
2026-02-26 01:30:54.722513 (3606855) main____ INFO    Important environment variables:
2026-02-26 01:30:54.722544 (3606855) main____ INFO      CDS_LIC_FILE       : '5280@cadlic0'
2026-02-26 01:30:54.722557 (3606855) main____ INFO      JASPER_INSTALL_DIR : '/cad/cadence/jasper_2023.12p001'
2026-02-26 01:30:54.722569 (3606855) main____ INFO      JASPER_KERNEL_CHECK: '1'
2026-02-26 01:30:54.722581 (3606855) main____ INFO      JASPER_OS_CHECK    : '0'
2026-02-26 01:30:54.722593 (3606855) main____ INFO      LANG               : 'en_US.UTF-8'
2026-02-26 01:30:54.722603 (3606855) main____ INFO    ----------------------------------------
2026-02-26 01:30:54.724525 (3606855) lic_core INFO    Initializing license system ...
2026-02-26 01:30:54.756933 (3606855) lic_core INFO    ... license system initialized.
2026-02-26 01:30:54.918830 (3606855) lic__man INFO    Claim 'main' for <ui>.
2026-02-26 01:30:54.918919 (3606855) lic_core INFO    (1) checking out 'jasper_interactive' ...
2026-02-26 01:30:54.992622 (3606855) lic_core INFO    ... (1) checkout succeeded
2026-02-26 01:30:54.992731 (3606855) lic__man INFO    Claim 'fpv' for <ui>.
2026-02-26 01:30:54.992761 (3606855) lic_core INFO    (2) checking out 'jasper_fpv' ...
2026-02-26 01:30:55.054806 (3606855) lic_core INFO    ... (2) checkout failed (error: -5) ("FLEXnet ERROR(-5, 0, 0): No such feature exists.")
2026-02-26 01:30:55.054870 (3606855) lic_core INFO    (3) checking out 'jasper_fao' ...
2026-02-26 01:30:55.125566 (3606855) lic_core INFO    ... (3) checkout succeeded
2026-02-26 01:30:55.164259 (3606855) main____ INFO    Tool inactivity delay is 480000 ms.
2026-02-26 01:30:55.172553 (3606866) stdio___ INFO    Starting STDIN reader (tty: yes, tty name: '/dev/pts/0')
2026-02-26 01:30:55.507471 (3606855) session_ INFO    Starting analysis session with session id 'session_0' (launcher: <local>) ...
2026-02-26 01:30:55.509522 (3606855) session_ INFO    Analysis session with session id 'session_0' started (pid: 3606867)
2026-02-26 01:30:58.082129 (3606855) session_ INFO    Analysis session 'session_0' connected to the console (host: 127.0.0.1:53896)
2026-02-26 01:31:09.271155 (3606855) lic__man INFO    Unclaim everything for 'session_0'.
2026-02-26 01:31:09.824796 (3606855) lic__man INFO    Claim 'fpv' for 'session_0'.
2026-02-26 01:31:09.824841 (3606855) lic__man INFO    Claim 'fpv' for 'session_0/prove-0'.
2026-02-26 01:31:12.658085 (3606855) lic__man INFO    Unclaim everything for 'session_0/prove-0'.
2026-02-26 01:31:12.751619 (3606855) main____ INFO    About to exit: request to exit with status 0 received from analysis session 'session_0'
2026-02-26 01:31:13.089963 (3606855) session_ INFO    Analysis session 'session_0' disconnected.
2026-02-26 01:31:13.090129 (3606855) lic__man INFO    Unclaim everything for 'session_0'.
2026-02-26 01:31:13.092037 (3606855) session_ INFO    Process for analysis session 'session_0' has exited with exit status '0'.
2026-02-26 01:31:14.874467 (3606866) stdio___ INFO    STDIN reader requested to stop.
2026-02-26 01:31:14.874524 (3606866) stdio___ INFO    STDIN reader stopped.
2026-02-26 01:31:14.877594 (3606855) lic_core INFO    (1) checkin jasper_interactive
2026-02-26 01:31:14.883167 (3606855) lic_core INFO    (3) checkin jasper_fao
2026-02-26 01:31:14.884561 (3606855) main____ INFO    Exiting with status 0.
