2026-03-02 00:18:45.297552 (799466) main____ INFO    ----------------------------------------
2026-03-02 00:18:45.297646 (799466) main____ INFO    Jasper version info
2026-03-02 00:18:45.297661 (799466) main____ INFO      tool      : Jasper 2023.12
2026-03-02 00:18:45.297677 (799466) main____ INFO      version   : 2023.12p001 64 bits
2026-03-02 00:18:45.297689 (799466) main____ INFO      build date: 2024.01.23 16:09:24 UTC
2026-03-02 00:18:45.297699 (799466) main____ INFO    ----------------------------------------
2026-03-02 00:18:45.297708 (799466) main____ INFO    Runtime info:
2026-03-02 00:18:45.297718 (799466) main____ INFO      platform  : Linux 4.18.0-553.89.1.el8_10.x86_64 x86_64
2026-03-02 00:18:45.297737 (799466) main____ INFO      hostname  : caddy10.stanford.edu
2026-03-02 00:18:45.297752 (799466) main____ INFO      pid       : 799466
2026-03-02 00:18:45.297763 (799466) main____ INFO      arguments : '-style' 'windows' '-allow_unsupported_OS' '-no_gui' '-fpv' './synthlc/i_MUL_out/xHBPerfG_dfg_v3_div/HB_17_.tcl' '-proj' './synthlc/i_MUL_out/xHBPerfG_dfg_v3_div/HB_17_jgsession_26-03-02-00_18_43'
2026-03-02 00:18:45.297780 (799466) main____ INFO      locale    : UTF-8
2026-03-02 00:18:45.297790 (799466) main____ INFO    ----------------------------------------
2026-03-02 00:18:45.297799 (799466) main____ INFO    System resource limits info:
2026-03-02 00:18:45.297811 (799466) main____ INFO      virtual memory: unlimited
2026-03-02 00:18:45.297822 (799466) main____ INFO      cpu time      : unlimited
2026-03-02 00:18:45.297840 (799466) main____ INFO      processes     : 4096
2026-03-02 00:18:45.297859 (799466) main____ INFO      stack size    : 8388608 B
2026-03-02 00:18:45.297873 (799466) main____ INFO      core file size: 0 B
2026-03-02 00:18:45.297886 (799466) main____ INFO      open files    : 4096
2026-03-02 00:18:45.297897 (799466) main____ INFO      file size     : unlimited
2026-03-02 00:18:45.297907 (799466) main____ INFO    ----------------------------------------
2026-03-02 00:18:45.297916 (799466) main____ INFO    Memory statistics:
2026-03-02 00:18:45.297927 (799466) main____ INFO      total physical memory  : 98449096 kB
2026-03-02 00:18:45.297938 (799466) main____ INFO      free physical memory   : 87840864 kB
2026-03-02 00:18:45.297950 (799466) main____ INFO      committed address space: 7671508 kB
2026-03-02 00:18:45.297959 (799466) main____ INFO    ----------------------------------------
2026-03-02 00:18:45.299120 (799466) main____ INFO    Important environment variables:
2026-03-02 00:18:45.299146 (799466) main____ INFO      CDS_LIC_FILE       : '5280@cadlic0'
2026-03-02 00:18:45.299159 (799466) main____ INFO      JASPER_INSTALL_DIR : '/cad/cadence/jasper_2023.12p001'
2026-03-02 00:18:45.299171 (799466) main____ INFO      JASPER_KERNEL_CHECK: '1'
2026-03-02 00:18:45.299182 (799466) main____ INFO      JASPER_OS_CHECK    : '0'
2026-03-02 00:18:45.299194 (799466) main____ INFO      LANG               : 'en_US.UTF-8'
2026-03-02 00:18:45.299204 (799466) main____ INFO    ----------------------------------------
2026-03-02 00:18:45.311034 (799466) lic_core INFO    Initializing license system ...
2026-03-02 00:18:45.366834 (799466) lic_core INFO    ... license system initialized.
2026-03-02 00:18:45.555352 (799466) lic__man INFO    Claim 'main' for <ui>.
2026-03-02 00:18:45.555417 (799466) lic_core INFO    (1) checking out 'jasper_interactive' ...
2026-03-02 00:18:45.603460 (799466) lic_core INFO    ... (1) checkout succeeded
2026-03-02 00:18:45.603558 (799466) lic__man INFO    Claim 'fpv' for <ui>.
2026-03-02 00:18:45.603587 (799466) lic_core INFO    (2) checking out 'jasper_fpv' ...
2026-03-02 00:18:45.662575 (799466) lic_core INFO    ... (2) checkout failed (error: -5) ("FLEXnet ERROR(-5, 0, 0): No such feature exists.")
2026-03-02 00:18:45.662631 (799466) lic_core INFO    (3) checking out 'jasper_fao' ...
2026-03-02 00:18:45.753328 (799466) lic_core INFO    ... (3) checkout succeeded
2026-03-02 00:18:45.766959 (799466) main____ INFO    Tool inactivity delay is 480000 ms.
2026-03-02 00:18:45.775305 (799498) stdio___ INFO    Starting STDIN reader (tty: yes, tty name: '/dev/pts/7')
2026-03-02 00:18:46.127564 (799466) session_ INFO    Starting analysis session with session id 'session_0' (launcher: <local>) ...
2026-03-02 00:18:46.129390 (799466) session_ INFO    Analysis session with session id 'session_0' started (pid: 799499)
2026-03-02 00:18:50.964715 (799466) session_ INFO    Analysis session 'session_0' connected to the console (host: 127.0.0.1:58710)
2026-03-02 00:18:57.662758 (799466) lic__man INFO    Unclaim everything for 'session_0'.
2026-03-02 00:18:57.866567 (799466) lic__man INFO    Claim 'fpv' for 'session_0'.
2026-03-02 00:18:57.866598 (799466) lic__man INFO    Claim 'fpv' for 'session_0/prove-0'.
2026-03-02 00:18:59.410157 (799466) lic__man INFO    Unclaim everything for 'session_0/prove-0'.
2026-03-02 00:18:59.451145 (799466) main____ INFO    About to exit: request to exit with status 0 received from analysis session 'session_0'
2026-03-02 00:18:59.601100 (799466) session_ INFO    Analysis session 'session_0' disconnected.
2026-03-02 00:18:59.601289 (799466) lic__man INFO    Unclaim everything for 'session_0'.
2026-03-02 00:18:59.601478 (799466) session_ INFO    Process for analysis session 'session_0' has exited with exit status '0'.
2026-03-02 00:19:01.381255 (799498) stdio___ INFO    STDIN reader requested to stop.
2026-03-02 00:19:01.381301 (799498) stdio___ INFO    STDIN reader stopped.
2026-03-02 00:19:01.381527 (799466) lic_core INFO    (1) checkin jasper_interactive
2026-03-02 00:19:01.382696 (799466) lic_core INFO    (3) checkin jasper_fao
2026-03-02 00:19:01.383663 (799466) main____ INFO    Exiting with status 0.
