2026-02-28 21:55:41.507647 (3720515) main____ INFO    ----------------------------------------
2026-02-28 21:55:41.507734 (3720515) main____ INFO    Jasper version info
2026-02-28 21:55:41.507750 (3720515) main____ INFO      tool      : Jasper 2023.12
2026-02-28 21:55:41.507765 (3720515) main____ INFO      version   : 2023.12p001 64 bits
2026-02-28 21:55:41.507777 (3720515) main____ INFO      build date: 2024.01.23 16:09:24 UTC
2026-02-28 21:55:41.507788 (3720515) main____ INFO    ----------------------------------------
2026-02-28 21:55:41.507798 (3720515) main____ INFO    Runtime info:
2026-02-28 21:55:41.507809 (3720515) main____ INFO      platform  : Linux 4.18.0-553.89.1.el8_10.x86_64 x86_64
2026-02-28 21:55:41.507825 (3720515) main____ INFO      hostname  : caddy12.stanford.edu
2026-02-28 21:55:41.507840 (3720515) main____ INFO      pid       : 3720515
2026-02-28 21:55:41.507851 (3720515) main____ INFO      arguments : '-style' 'windows' '-allow_unsupported_OS' '-no_gui' '-fpv' './synthlc/i_ADDI_out/xPairwiseDepDiv/exclusive_99_.tcl' '-proj' './synthlc/i_ADDI_out/xPairwiseDepDiv/exclusive_99_jgsession_26-02-28-21_55_41'
2026-02-28 21:55:41.507866 (3720515) main____ INFO      locale    : UTF-8
2026-02-28 21:55:41.507877 (3720515) main____ INFO    ----------------------------------------
2026-02-28 21:55:41.507887 (3720515) main____ INFO    System resource limits info:
2026-02-28 21:55:41.507899 (3720515) main____ INFO      virtual memory: unlimited
2026-02-28 21:55:41.507911 (3720515) main____ INFO      cpu time      : unlimited
2026-02-28 21:55:41.507928 (3720515) main____ INFO      processes     : 4096
2026-02-28 21:55:41.507946 (3720515) main____ INFO      stack size    : 8388608 B
2026-02-28 21:55:41.508848 (3720515) main____ INFO      core file size: 0 B
2026-02-28 21:55:41.508862 (3720515) main____ INFO      open files    : 4096
2026-02-28 21:55:41.508874 (3720515) main____ INFO      file size     : unlimited
2026-02-28 21:55:41.508884 (3720515) main____ INFO    ----------------------------------------
2026-02-28 21:55:41.508894 (3720515) main____ INFO    Memory statistics:
2026-02-28 21:55:41.508906 (3720515) main____ INFO      total physical memory  : 98449088 kB
2026-02-28 21:55:41.508917 (3720515) main____ INFO      free physical memory   : 89787036 kB
2026-02-28 21:55:41.508929 (3720515) main____ INFO      committed address space: 3679396 kB
2026-02-28 21:55:41.508939 (3720515) main____ INFO    ----------------------------------------
2026-02-28 21:55:41.510080 (3720515) main____ INFO    Important environment variables:
2026-02-28 21:55:41.510814 (3720515) main____ INFO      CDS_LIC_FILE       : '5280@cadlic0'
2026-02-28 21:55:41.510844 (3720515) main____ INFO      DISPLAY            : 'localhost:12.0'
2026-02-28 21:55:41.510856 (3720515) main____ INFO      JASPER_INSTALL_DIR : '/cad/cadence/jasper_2023.12p001'
2026-02-28 21:55:41.510868 (3720515) main____ INFO      JASPER_KERNEL_CHECK: '1'
2026-02-28 21:55:41.510880 (3720515) main____ INFO      JASPER_OS_CHECK    : '0'
2026-02-28 21:55:41.510893 (3720515) main____ INFO      LANG               : 'zh_TW.UTF-8'
2026-02-28 21:55:41.510903 (3720515) main____ INFO    ----------------------------------------
2026-02-28 21:55:41.512090 (3720515) lic_core INFO    Initializing license system ...
2026-02-28 21:55:41.516243 (3720515) lic_core INFO    ... license system initialized.
2026-02-28 21:55:41.528091 (3720515) lic__man INFO    Claim 'main' for <ui>.
2026-02-28 21:55:41.528138 (3720515) lic_core INFO    (1) checking out 'jasper_interactive' ...
2026-02-28 21:55:41.540621 (3720515) lic_core INFO    ... (1) checkout succeeded
2026-02-28 21:55:41.540692 (3720515) lic__man INFO    Claim 'fpv' for <ui>.
2026-02-28 21:55:41.540713 (3720515) lic_core INFO    (2) checking out 'jasper_fpv' ...
2026-02-28 21:55:41.545136 (3720515) lic_core INFO    ... (2) checkout failed (error: -5) ("FLEXnet ERROR(-5, 0, 0): No such feature exists.")
2026-02-28 21:55:41.545172 (3720515) lic_core INFO    (3) checking out 'jasper_fao' ...
2026-02-28 21:55:41.556142 (3720515) lic_core INFO    ... (3) checkout succeeded
2026-02-28 21:55:41.558286 (3720526) stdio___ INFO    Starting STDIN reader (tty: yes, tty name: '/dev/pts/0')
2026-02-28 21:55:41.558396 (3720515) main____ INFO    Tool inactivity delay is 480000 ms.
2026-02-28 21:55:41.600151 (3720515) session_ INFO    Starting analysis session with session id 'session_0' (launcher: <local>) ...
2026-02-28 21:55:41.601786 (3720515) session_ INFO    Analysis session with session id 'session_0' started (pid: 3720527)
2026-02-28 21:55:42.683729 (3720515) session_ INFO    Analysis session 'session_0' connected to the console (host: 127.0.0.1:46886)
2026-02-28 21:55:45.752540 (3720515) lic__man INFO    Unclaim everything for 'session_0'.
2026-02-28 21:55:45.948148 (3720515) lic__man INFO    Claim 'fpv' for 'session_0'.
2026-02-28 21:55:45.948184 (3720515) lic__man INFO    Claim 'fpv' for 'session_0/prove-0'.
2026-02-28 21:55:49.607984 (3720515) lic__man INFO    Unclaim everything for 'session_0/prove-0'.
2026-02-28 21:55:49.649823 (3720515) main____ INFO    About to exit: request to exit with status 0 received from analysis session 'session_0'
2026-02-28 21:55:49.800001 (3720515) session_ INFO    Analysis session 'session_0' disconnected.
2026-02-28 21:55:49.800220 (3720515) lic__man INFO    Unclaim everything for 'session_0'.
2026-02-28 21:55:49.800415 (3720515) session_ INFO    Process for analysis session 'session_0' has exited with exit status '0'.
2026-02-28 21:55:51.764473 (3720526) stdio___ INFO    STDIN reader requested to stop.
2026-02-28 21:55:51.764523 (3720526) stdio___ INFO    STDIN reader stopped.
2026-02-28 21:55:51.764828 (3720515) lic_core INFO    (1) checkin jasper_interactive
2026-02-28 21:55:51.765681 (3720515) lic_core INFO    (3) checkin jasper_fao
2026-02-28 21:55:51.778714 (3720515) main____ INFO    Exiting with status 0.
