2026-02-26 08:36:16.012782 (3916343) main____ INFO    ----------------------------------------
2026-02-26 08:36:16.012860 (3916343) main____ INFO    Jasper version info
2026-02-26 08:36:16.012875 (3916343) main____ INFO      tool      : Jasper 2023.12
2026-02-26 08:36:16.012890 (3916343) main____ INFO      version   : 2023.12p001 64 bits
2026-02-26 08:36:16.012903 (3916343) main____ INFO      build date: 2024.01.23 16:09:24 UTC
2026-02-26 08:36:16.012913 (3916343) main____ INFO    ----------------------------------------
2026-02-26 08:36:16.012922 (3916343) main____ INFO    Runtime info:
2026-02-26 08:36:16.012933 (3916343) main____ INFO      platform  : Linux 4.18.0-553.89.1.el8_10.x86_64 x86_64
2026-02-26 08:36:16.012949 (3916343) main____ INFO      hostname  : caddy15.stanford.edu
2026-02-26 08:36:16.012964 (3916343) main____ INFO      pid       : 3916343
2026-02-26 08:36:16.012976 (3916343) main____ INFO      arguments : '-style' 'windows' '-allow_unsupported_OS' '-no_gui' '-fpv' './synthlc/i_ADDI_out/xHBPerfG_dfg_v3_div/WHB_215_.tcl' '-proj' './synthlc/i_ADDI_out/xHBPerfG_dfg_v3_div/WHB_215_jgsession_26-02-26-08_36_15'
2026-02-26 08:36:16.012992 (3916343) main____ INFO      locale    : UTF-8
2026-02-26 08:36:16.013002 (3916343) main____ INFO    ----------------------------------------
2026-02-26 08:36:16.013011 (3916343) main____ INFO    System resource limits info:
2026-02-26 08:36:16.013023 (3916343) main____ INFO      virtual memory: unlimited
2026-02-26 08:36:16.013035 (3916343) main____ INFO      cpu time      : unlimited
2026-02-26 08:36:16.013052 (3916343) main____ INFO      processes     : 4096
2026-02-26 08:36:16.013071 (3916343) main____ INFO      stack size    : 8388608 B
2026-02-26 08:36:16.013085 (3916343) main____ INFO      core file size: 0 B
2026-02-26 08:36:16.013097 (3916343) main____ INFO      open files    : 4096
2026-02-26 08:36:16.013109 (3916343) main____ INFO      file size     : unlimited
2026-02-26 08:36:16.013119 (3916343) main____ INFO    ----------------------------------------
2026-02-26 08:36:16.013138 (3916343) main____ INFO    Memory statistics:
2026-02-26 08:36:16.013150 (3916343) main____ INFO      total physical memory  : 98449092 kB
2026-02-26 08:36:16.013161 (3916343) main____ INFO      free physical memory   : 80223160 kB
2026-02-26 08:36:16.013172 (3916343) main____ INFO      committed address space: 1600692 kB
2026-02-26 08:36:16.013182 (3916343) main____ INFO    ----------------------------------------
2026-02-26 08:36:16.014332 (3916343) main____ INFO    Important environment variables:
2026-02-26 08:36:16.014356 (3916343) main____ INFO      CDS_LIC_FILE       : '5280@cadlic0'
2026-02-26 08:36:16.014368 (3916343) main____ INFO      JASPER_INSTALL_DIR : '/cad/cadence/jasper_2023.12p001'
2026-02-26 08:36:16.014381 (3916343) main____ INFO      JASPER_KERNEL_CHECK: '1'
2026-02-26 08:36:16.014393 (3916343) main____ INFO      JASPER_OS_CHECK    : '0'
2026-02-26 08:36:16.014405 (3916343) main____ INFO      LANG               : 'en_US.UTF-8'
2026-02-26 08:36:16.014415 (3916343) main____ INFO    ----------------------------------------
2026-02-26 08:36:16.015513 (3916343) lic_core INFO    Initializing license system ...
2026-02-26 08:36:16.017035 (3916343) lic_core INFO    ... license system initialized.
2026-02-26 08:36:16.028903 (3916343) lic__man INFO    Claim 'main' for <ui>.
2026-02-26 08:36:16.028944 (3916343) lic_core INFO    (1) checking out 'jasper_interactive' ...
2026-02-26 08:36:16.041153 (3916343) lic_core INFO    ... (1) checkout succeeded
2026-02-26 08:36:16.041211 (3916343) lic__man INFO    Claim 'fpv' for <ui>.
2026-02-26 08:36:16.041233 (3916343) lic_core INFO    (2) checking out 'jasper_fpv' ...
2026-02-26 08:36:16.045203 (3916343) lic_core INFO    ... (2) checkout failed (error: -5) ("FLEXnet ERROR(-5, 0, 0): No such feature exists.")
2026-02-26 08:36:16.045234 (3916343) lic_core INFO    (3) checking out 'jasper_fao' ...
2026-02-26 08:36:16.055847 (3916343) lic_core INFO    ... (3) checkout succeeded
2026-02-26 08:36:16.056791 (3916354) stdio___ INFO    Starting STDIN reader (tty: yes, tty name: '/dev/pts/0')
2026-02-26 08:36:16.056957 (3916343) main____ INFO    Tool inactivity delay is 480000 ms.
2026-02-26 08:36:16.098395 (3916343) session_ INFO    Starting analysis session with session id 'session_0' (launcher: <local>) ...
2026-02-26 08:36:16.100096 (3916343) session_ INFO    Analysis session with session id 'session_0' started (pid: 3916356)
2026-02-26 08:36:17.229215 (3916343) session_ INFO    Analysis session 'session_0' connected to the console (host: 127.0.0.1:46286)
2026-02-26 08:36:21.895568 (3916343) lic__man INFO    Unclaim everything for 'session_0'.
2026-02-26 08:36:22.098814 (3916343) lic__man INFO    Claim 'fpv' for 'session_0'.
2026-02-26 08:36:22.098861 (3916343) lic__man INFO    Claim 'fpv' for 'session_0/prove-0'.
2026-02-26 08:36:23.345275 (3916343) lic__man INFO    Unclaim everything for 'session_0/prove-0'.
2026-02-26 08:36:23.387557 (3916343) main____ INFO    About to exit: request to exit with status 0 received from analysis session 'session_0'
2026-02-26 08:36:23.541095 (3916343) session_ INFO    Analysis session 'session_0' disconnected.
2026-02-26 08:36:23.541287 (3916343) lic__man INFO    Unclaim everything for 'session_0'.
2026-02-26 08:36:23.541496 (3916343) session_ INFO    Process for analysis session 'session_0' has exited with exit status '0'.
2026-02-26 08:36:25.412876 (3916354) stdio___ INFO    STDIN reader requested to stop.
2026-02-26 08:36:25.412922 (3916354) stdio___ INFO    STDIN reader stopped.
2026-02-26 08:36:25.423574 (3916343) lic_core INFO    (1) checkin jasper_interactive
2026-02-26 08:36:25.428475 (3916343) lic_core INFO    (3) checkin jasper_fao
2026-02-26 08:36:25.440400 (3916343) main____ INFO    Exiting with status 0.
