2026-02-28 02:03:06.720417 (624943) main____ INFO    ----------------------------------------
2026-02-28 02:03:06.720494 (624943) main____ INFO    Jasper version info
2026-02-28 02:03:06.720508 (624943) main____ INFO      tool      : Jasper 2023.12
2026-02-28 02:03:06.720523 (624943) main____ INFO      version   : 2023.12p001 64 bits
2026-02-28 02:03:06.720536 (624943) main____ INFO      build date: 2024.01.23 16:09:24 UTC
2026-02-28 02:03:06.720546 (624943) main____ INFO    ----------------------------------------
2026-02-28 02:03:06.720555 (624943) main____ INFO    Runtime info:
2026-02-28 02:03:06.720566 (624943) main____ INFO      platform  : Linux 4.18.0-553.89.1.el8_10.x86_64 x86_64
2026-02-28 02:03:06.720584 (624943) main____ INFO      hostname  : caddy10.stanford.edu
2026-02-28 02:03:06.720599 (624943) main____ INFO      pid       : 624943
2026-02-28 02:03:06.720612 (624943) main____ INFO      arguments : '-style' 'windows' '-allow_unsupported_OS' '-no_gui' '-fpv' './synthlc/i_MUL_out/xHBPerfG_dfg_v3_div/HB_2_.tcl' '-proj' './synthlc/i_MUL_out/xHBPerfG_dfg_v3_div/HB_2_jgsession_26-02-28-02_03_06'
2026-02-28 02:03:06.720628 (624943) main____ INFO      locale    : UTF-8
2026-02-28 02:03:06.720637 (624943) main____ INFO    ----------------------------------------
2026-02-28 02:03:06.720647 (624943) main____ INFO    System resource limits info:
2026-02-28 02:03:06.720659 (624943) main____ INFO      virtual memory: unlimited
2026-02-28 02:03:06.720672 (624943) main____ INFO      cpu time      : unlimited
2026-02-28 02:03:06.720693 (624943) main____ INFO      processes     : 4096
2026-02-28 02:03:06.720712 (624943) main____ INFO      stack size    : 8388608 B
2026-02-28 02:03:06.720726 (624943) main____ INFO      core file size: 0 B
2026-02-28 02:03:06.720739 (624943) main____ INFO      open files    : 4096
2026-02-28 02:03:06.720751 (624943) main____ INFO      file size     : unlimited
2026-02-28 02:03:06.720761 (624943) main____ INFO    ----------------------------------------
2026-02-28 02:03:06.720770 (624943) main____ INFO    Memory statistics:
2026-02-28 02:03:06.720781 (624943) main____ INFO      total physical memory  : 98449096 kB
2026-02-28 02:03:06.720792 (624943) main____ INFO      free physical memory   : 90233828 kB
2026-02-28 02:03:06.720804 (624943) main____ INFO      committed address space: 2141128 kB
2026-02-28 02:03:06.720813 (624943) main____ INFO    ----------------------------------------
2026-02-28 02:03:06.721978 (624943) main____ INFO    Important environment variables:
2026-02-28 02:03:06.722004 (624943) main____ INFO      CDS_LIC_FILE       : '5280@cadlic0'
2026-02-28 02:03:06.722016 (624943) main____ INFO      JASPER_INSTALL_DIR : '/cad/cadence/jasper_2023.12p001'
2026-02-28 02:03:06.722028 (624943) main____ INFO      JASPER_KERNEL_CHECK: '1'
2026-02-28 02:03:06.722040 (624943) main____ INFO      JASPER_OS_CHECK    : '0'
2026-02-28 02:03:06.722077 (624943) main____ INFO      LANG               : 'en_US.UTF-8'
2026-02-28 02:03:06.722087 (624943) main____ INFO    ----------------------------------------
2026-02-28 02:03:06.723249 (624943) lic_core INFO    Initializing license system ...
2026-02-28 02:03:06.724713 (624943) lic_core INFO    ... license system initialized.
2026-02-28 02:03:06.771278 (624943) lic__man INFO    Claim 'main' for <ui>.
2026-02-28 02:03:06.771326 (624943) lic_core INFO    (1) checking out 'jasper_interactive' ...
2026-02-28 02:03:06.784207 (624943) lic_core INFO    ... (1) checkout succeeded
2026-02-28 02:03:06.784270 (624943) lic__man INFO    Claim 'fpv' for <ui>.
2026-02-28 02:03:06.784295 (624943) lic_core INFO    (2) checking out 'jasper_fpv' ...
2026-02-28 02:03:06.788394 (624943) lic_core INFO    ... (2) checkout failed (error: -5) ("FLEXnet ERROR(-5, 0, 0): No such feature exists.")
2026-02-28 02:03:06.788427 (624943) lic_core INFO    (3) checking out 'jasper_fao' ...
2026-02-28 02:03:06.799316 (624943) lic_core INFO    ... (3) checkout succeeded
2026-02-28 02:03:06.800262 (624960) stdio___ INFO    Starting STDIN reader (tty: yes, tty name: '/dev/pts/5')
2026-02-28 02:03:06.800390 (624943) main____ INFO    Tool inactivity delay is 480000 ms.
2026-02-28 02:03:06.912189 (624943) session_ INFO    Starting analysis session with session id 'session_0' (launcher: <local>) ...
2026-02-28 02:03:06.914085 (624943) session_ INFO    Analysis session with session id 'session_0' started (pid: 624961)
2026-02-28 02:03:07.998412 (624943) session_ INFO    Analysis session 'session_0' connected to the console (host: 127.0.0.1:34516)
2026-02-28 02:03:11.284469 (624943) lic__man INFO    Unclaim everything for 'session_0'.
2026-02-28 02:03:11.504624 (624943) lic__man INFO    Claim 'fpv' for 'session_0'.
2026-02-28 02:03:11.504662 (624943) lic__man INFO    Claim 'fpv' for 'session_0/prove-0'.
2026-02-28 02:03:12.924264 (624943) lic__man INFO    Unclaim everything for 'session_0/prove-0'.
2026-02-28 02:03:12.974265 (624943) main____ INFO    About to exit: request to exit with status 0 received from analysis session 'session_0'
2026-02-28 02:03:13.172148 (624943) session_ INFO    Analysis session 'session_0' disconnected.
2026-02-28 02:03:13.172280 (624943) lic__man INFO    Unclaim everything for 'session_0'.
2026-02-28 02:03:13.172521 (624943) session_ INFO    Process for analysis session 'session_0' has exited with exit status '0'.
2026-02-28 02:03:14.883177 (624960) stdio___ INFO    STDIN reader requested to stop.
2026-02-28 02:03:14.883213 (624960) stdio___ INFO    STDIN reader stopped.
2026-02-28 02:03:14.883435 (624943) lic_core INFO    (1) checkin jasper_interactive
2026-02-28 02:03:14.884914 (624943) lic_core INFO    (3) checkin jasper_fao
2026-02-28 02:03:14.885860 (624943) main____ INFO    Exiting with status 0.
