2026-02-25 14:13:45.600122 (3224155) main____ INFO    ----------------------------------------
2026-02-25 14:13:45.600214 (3224155) main____ INFO    Jasper version info
2026-02-25 14:13:45.600230 (3224155) main____ INFO      tool      : Jasper 2023.12
2026-02-25 14:13:45.600244 (3224155) main____ INFO      version   : 2023.12p001 64 bits
2026-02-25 14:13:45.600257 (3224155) main____ INFO      build date: 2024.01.23 16:09:24 UTC
2026-02-25 14:13:45.600267 (3224155) main____ INFO    ----------------------------------------
2026-02-25 14:13:45.600276 (3224155) main____ INFO    Runtime info:
2026-02-25 14:13:45.600287 (3224155) main____ INFO      platform  : Linux 4.18.0-553.89.1.el8_10.x86_64 x86_64
2026-02-25 14:13:45.600321 (3224155) main____ INFO      hostname  : caddy15.stanford.edu
2026-02-25 14:13:45.600337 (3224155) main____ INFO      pid       : 3224155
2026-02-25 14:13:45.600348 (3224155) main____ INFO      arguments : '-style' 'windows' '-allow_unsupported_OS' '-no_gui' '-fpv' './synthlc/i_DIV_out/xPerfLocSubsetDiv/coverset_124_.tcl' '-proj' './synthlc/i_DIV_out/xPerfLocSubsetDiv/coverset_124_jgsession_26-02-25-14_13_45'
2026-02-25 14:13:45.600366 (3224155) main____ INFO      locale    : UTF-8
2026-02-25 14:13:45.600376 (3224155) main____ INFO    ----------------------------------------
2026-02-25 14:13:45.600385 (3224155) main____ INFO    System resource limits info:
2026-02-25 14:13:45.600397 (3224155) main____ INFO      virtual memory: unlimited
2026-02-25 14:13:45.600409 (3224155) main____ INFO      cpu time      : unlimited
2026-02-25 14:13:45.600427 (3224155) main____ INFO      processes     : 4096
2026-02-25 14:13:45.600449 (3224155) main____ INFO      stack size    : 8388608 B
2026-02-25 14:13:45.600463 (3224155) main____ INFO      core file size: 0 B
2026-02-25 14:13:45.600475 (3224155) main____ INFO      open files    : 4096
2026-02-25 14:13:45.600487 (3224155) main____ INFO      file size     : unlimited
2026-02-25 14:13:45.600496 (3224155) main____ INFO    ----------------------------------------
2026-02-25 14:13:45.600505 (3224155) main____ INFO    Memory statistics:
2026-02-25 14:13:45.600517 (3224155) main____ INFO      total physical memory  : 98449092 kB
2026-02-25 14:13:45.600528 (3224155) main____ INFO      free physical memory   : 81393132 kB
2026-02-25 14:13:45.600539 (3224155) main____ INFO      committed address space: 3010628 kB
2026-02-25 14:13:45.600548 (3224155) main____ INFO    ----------------------------------------
2026-02-25 14:13:45.601731 (3224155) main____ INFO    Important environment variables:
2026-02-25 14:13:45.601758 (3224155) main____ INFO      CDS_LIC_FILE       : '5280@cadlic0'
2026-02-25 14:13:45.601770 (3224155) main____ INFO      JASPER_INSTALL_DIR : '/cad/cadence/jasper_2023.12p001'
2026-02-25 14:13:45.601782 (3224155) main____ INFO      JASPER_KERNEL_CHECK: '1'
2026-02-25 14:13:45.601794 (3224155) main____ INFO      JASPER_OS_CHECK    : '0'
2026-02-25 14:13:45.601805 (3224155) main____ INFO      LANG               : 'en_US.UTF-8'
2026-02-25 14:13:45.601815 (3224155) main____ INFO    ----------------------------------------
2026-02-25 14:13:45.612485 (3224155) lic_core INFO    Initializing license system ...
2026-02-25 14:13:45.635722 (3224155) lic_core INFO    ... license system initialized.
2026-02-25 14:13:45.717648 (3224155) lic__man INFO    Claim 'main' for <ui>.
2026-02-25 14:13:45.717712 (3224155) lic_core INFO    (1) checking out 'jasper_interactive' ...
2026-02-25 14:13:45.777752 (3224155) lic_core INFO    ... (1) checkout succeeded
2026-02-25 14:13:45.777847 (3224155) lic__man INFO    Claim 'fpv' for <ui>.
2026-02-25 14:13:45.777875 (3224155) lic_core INFO    (2) checking out 'jasper_fpv' ...
2026-02-25 14:13:45.787032 (3224155) lic_core INFO    ... (2) checkout failed (error: -5) ("FLEXnet ERROR(-5, 0, 0): No such feature exists.")
2026-02-25 14:13:45.787076 (3224155) lic_core INFO    (3) checking out 'jasper_fao' ...
2026-02-25 14:13:45.804534 (3224155) lic_core INFO    ... (3) checkout succeeded
2026-02-25 14:13:45.831142 (3224199) stdio___ INFO    Starting STDIN reader (tty: yes, tty name: '/dev/pts/0')
2026-02-25 14:13:45.831244 (3224155) main____ INFO    Tool inactivity delay is 480000 ms.
2026-02-25 14:13:45.882434 (3224155) session_ INFO    Starting analysis session with session id 'session_0' (launcher: <local>) ...
2026-02-25 14:13:45.884217 (3224155) session_ INFO    Analysis session with session id 'session_0' started (pid: 3224205)
2026-02-25 14:13:47.472836 (3224155) session_ INFO    Analysis session 'session_0' connected to the console (host: 127.0.0.1:36466)
2026-02-25 14:13:51.991529 (3224155) lic__man INFO    Unclaim everything for 'session_0'.
2026-02-25 14:13:52.304055 (3224155) lic__man INFO    Claim 'fpv' for 'session_0'.
2026-02-25 14:13:52.304104 (3224155) lic__man INFO    Claim 'fpv' for 'session_0/prove-0'.
2026-02-25 14:13:55.806697 (3224155) lic__man INFO    Unclaim everything for 'session_0/prove-0'.
2026-02-25 14:13:55.836660 (3224155) main____ INFO    About to exit: request to exit with status 0 received from analysis session 'session_0'
2026-02-25 14:13:56.085937 (3224155) session_ INFO    Analysis session 'session_0' disconnected.
2026-02-25 14:13:56.086093 (3224155) lic__man INFO    Unclaim everything for 'session_0'.
2026-02-25 14:13:56.088046 (3224155) session_ INFO    Process for analysis session 'session_0' has exited with exit status '0'.
2026-02-25 14:13:57.918412 (3224199) stdio___ INFO    STDIN reader requested to stop.
2026-02-25 14:13:57.918476 (3224199) stdio___ INFO    STDIN reader stopped.
2026-02-25 14:13:57.925604 (3224155) lic_core INFO    (1) checkin jasper_interactive
2026-02-25 14:13:57.927546 (3224155) lic_core INFO    (3) checkin jasper_fao
2026-02-25 14:13:57.950371 (3224155) main____ INFO    Exiting with status 0.
