2026-02-27 23:40:44.117994 (519237) main____ INFO    ----------------------------------------
2026-02-27 23:40:44.118054 (519237) main____ INFO    Jasper version info
2026-02-27 23:40:44.118079 (519237) main____ INFO      tool      : Jasper 2023.12
2026-02-27 23:40:44.118093 (519237) main____ INFO      version   : 2023.12p001 64 bits
2026-02-27 23:40:44.118105 (519237) main____ INFO      build date: 2024.01.23 16:09:24 UTC
2026-02-27 23:40:44.118115 (519237) main____ INFO    ----------------------------------------
2026-02-27 23:40:44.118124 (519237) main____ INFO    Runtime info:
2026-02-27 23:40:44.118135 (519237) main____ INFO      platform  : Linux 4.18.0-553.89.1.el8_10.x86_64 x86_64
2026-02-27 23:40:44.118150 (519237) main____ INFO      hostname  : caddy10.stanford.edu
2026-02-27 23:40:44.118164 (519237) main____ INFO      pid       : 519237
2026-02-27 23:40:44.118175 (519237) main____ INFO      arguments : '-style' 'windows' '-allow_unsupported_OS' '-no_gui' '-fpv' './synthlc/i_DIV_out/xHBPerfG_dfg_v3_div/HB_43_.tcl' '-proj' './synthlc/i_DIV_out/xHBPerfG_dfg_v3_div/HB_43_jgsession_26-02-27-23_40_43'
2026-02-27 23:40:44.118190 (519237) main____ INFO      locale    : UTF-8
2026-02-27 23:40:44.118199 (519237) main____ INFO    ----------------------------------------
2026-02-27 23:40:44.118209 (519237) main____ INFO    System resource limits info:
2026-02-27 23:40:44.118220 (519237) main____ INFO      virtual memory: unlimited
2026-02-27 23:40:44.118232 (519237) main____ INFO      cpu time      : unlimited
2026-02-27 23:40:44.118248 (519237) main____ INFO      processes     : 4096
2026-02-27 23:40:44.118265 (519237) main____ INFO      stack size    : 8388608 B
2026-02-27 23:40:44.118278 (519237) main____ INFO      core file size: 0 B
2026-02-27 23:40:44.118290 (519237) main____ INFO      open files    : 4096
2026-02-27 23:40:44.118302 (519237) main____ INFO      file size     : unlimited
2026-02-27 23:40:44.118311 (519237) main____ INFO    ----------------------------------------
2026-02-27 23:40:44.118328 (519237) main____ INFO    Memory statistics:
2026-02-27 23:40:44.118340 (519237) main____ INFO      total physical memory  : 98449096 kB
2026-02-27 23:40:44.118350 (519237) main____ INFO      free physical memory   : 90684472 kB
2026-02-27 23:40:44.118361 (519237) main____ INFO      committed address space: 1696748 kB
2026-02-27 23:40:44.118370 (519237) main____ INFO    ----------------------------------------
2026-02-27 23:40:44.119482 (519237) main____ INFO    Important environment variables:
2026-02-27 23:40:44.119504 (519237) main____ INFO      CDS_LIC_FILE       : '5280@cadlic0'
2026-02-27 23:40:44.119516 (519237) main____ INFO      JASPER_INSTALL_DIR : '/cad/cadence/jasper_2023.12p001'
2026-02-27 23:40:44.119528 (519237) main____ INFO      JASPER_KERNEL_CHECK: '1'
2026-02-27 23:40:44.119539 (519237) main____ INFO      JASPER_OS_CHECK    : '0'
2026-02-27 23:40:44.119551 (519237) main____ INFO      LANG               : 'en_US.UTF-8'
2026-02-27 23:40:44.119560 (519237) main____ INFO    ----------------------------------------
2026-02-27 23:40:44.120638 (519237) lic_core INFO    Initializing license system ...
2026-02-27 23:40:44.122072 (519237) lic_core INFO    ... license system initialized.
2026-02-27 23:40:44.133213 (519237) lic__man INFO    Claim 'main' for <ui>.
2026-02-27 23:40:44.133251 (519237) lic_core INFO    (1) checking out 'jasper_interactive' ...
2026-02-27 23:40:44.145539 (519237) lic_core INFO    ... (1) checkout succeeded
2026-02-27 23:40:44.145591 (519237) lic__man INFO    Claim 'fpv' for <ui>.
2026-02-27 23:40:44.145609 (519237) lic_core INFO    (2) checking out 'jasper_fpv' ...
2026-02-27 23:40:44.149495 (519237) lic_core INFO    ... (2) checkout failed (error: -5) ("FLEXnet ERROR(-5, 0, 0): No such feature exists.")
2026-02-27 23:40:44.149521 (519237) lic_core INFO    (3) checking out 'jasper_fao' ...
2026-02-27 23:40:44.160549 (519237) lic_core INFO    ... (3) checkout succeeded
2026-02-27 23:40:44.161438 (519248) stdio___ INFO    Starting STDIN reader (tty: yes, tty name: '/dev/pts/5')
2026-02-27 23:40:44.161533 (519237) main____ INFO    Tool inactivity delay is 480000 ms.
2026-02-27 23:40:44.202417 (519237) session_ INFO    Starting analysis session with session id 'session_0' (launcher: <local>) ...
2026-02-27 23:40:44.204134 (519237) session_ INFO    Analysis session with session id 'session_0' started (pid: 519249)
2026-02-27 23:40:45.270007 (519237) session_ INFO    Analysis session 'session_0' connected to the console (host: 127.0.0.1:43296)
2026-02-27 23:40:48.571410 (519237) lic__man INFO    Unclaim everything for 'session_0'.
2026-02-27 23:40:48.908744 (519237) lic__man INFO    Claim 'fpv' for 'session_0'.
2026-02-27 23:40:48.908784 (519237) lic__man INFO    Claim 'fpv' for 'session_0/prove-0'.
2026-02-27 23:40:51.525648 (519237) lic__man INFO    Unclaim everything for 'session_0/prove-0'.
2026-02-27 23:40:51.606674 (519237) main____ INFO    About to exit: request to exit with status 0 received from analysis session 'session_0'
2026-02-27 23:40:51.983389 (519237) session_ INFO    Analysis session 'session_0' disconnected.
2026-02-27 23:40:51.983538 (519237) lic__man INFO    Unclaim everything for 'session_0'.
2026-02-27 23:40:51.983722 (519237) session_ INFO    Process for analysis session 'session_0' has exited with exit status '0'.
2026-02-27 23:40:53.513272 (519248) stdio___ INFO    STDIN reader requested to stop.
2026-02-27 23:40:53.513362 (519248) stdio___ INFO    STDIN reader stopped.
2026-02-27 23:40:53.513633 (519237) lic_core INFO    (1) checkin jasper_interactive
2026-02-27 23:40:53.514816 (519237) lic_core INFO    (3) checkin jasper_fao
2026-02-27 23:40:53.515770 (519237) main____ INFO    Exiting with status 0.
