2026-02-26 01:44:40.401221 (3623362) main____ INFO    ----------------------------------------
2026-02-26 01:44:40.401330 (3623362) main____ INFO    Jasper version info
2026-02-26 01:44:40.401346 (3623362) main____ INFO      tool      : Jasper 2023.12
2026-02-26 01:44:40.401361 (3623362) main____ INFO      version   : 2023.12p001 64 bits
2026-02-26 01:44:40.401375 (3623362) main____ INFO      build date: 2024.01.23 16:09:24 UTC
2026-02-26 01:44:40.401385 (3623362) main____ INFO    ----------------------------------------
2026-02-26 01:44:40.401394 (3623362) main____ INFO    Runtime info:
2026-02-26 01:44:40.401405 (3623362) main____ INFO      platform  : Linux 4.18.0-553.89.1.el8_10.x86_64 x86_64
2026-02-26 01:44:40.401423 (3623362) main____ INFO      hostname  : caddy15.stanford.edu
2026-02-26 01:44:40.401439 (3623362) main____ INFO      pid       : 3623362
2026-02-26 01:44:40.401450 (3623362) main____ INFO      arguments : '-style' 'windows' '-allow_unsupported_OS' '-no_gui' '-fpv' './synthlc/i_ADDI_out/xPairwiseDepDiv/nunv_anytwo_236_.tcl' '-proj' './synthlc/i_ADDI_out/xPairwiseDepDiv/nunv_anytwo_236_jgsession_26-02-26-01_44_39'
2026-02-26 01:44:40.401467 (3623362) main____ INFO      locale    : UTF-8
2026-02-26 01:44:40.401477 (3623362) main____ INFO    ----------------------------------------
2026-02-26 01:44:40.401486 (3623362) main____ INFO    System resource limits info:
2026-02-26 01:44:40.401498 (3623362) main____ INFO      virtual memory: unlimited
2026-02-26 01:44:40.401511 (3623362) main____ INFO      cpu time      : unlimited
2026-02-26 01:44:40.401528 (3623362) main____ INFO      processes     : 4096
2026-02-26 01:44:40.401548 (3623362) main____ INFO      stack size    : 8388608 B
2026-02-26 01:44:40.401563 (3623362) main____ INFO      core file size: 0 B
2026-02-26 01:44:40.401576 (3623362) main____ INFO      open files    : 4096
2026-02-26 01:44:40.401588 (3623362) main____ INFO      file size     : unlimited
2026-02-26 01:44:40.401597 (3623362) main____ INFO    ----------------------------------------
2026-02-26 01:44:40.401606 (3623362) main____ INFO    Memory statistics:
2026-02-26 01:44:40.401618 (3623362) main____ INFO      total physical memory  : 98449092 kB
2026-02-26 01:44:40.401629 (3623362) main____ INFO      free physical memory   : 74016956 kB
2026-02-26 01:44:40.401641 (3623362) main____ INFO      committed address space: 10179444 kB
2026-02-26 01:44:40.401660 (3623362) main____ INFO    ----------------------------------------
2026-02-26 01:44:40.402824 (3623362) main____ INFO    Important environment variables:
2026-02-26 01:44:40.402850 (3623362) main____ INFO      CDS_LIC_FILE       : '5280@cadlic0'
2026-02-26 01:44:40.402863 (3623362) main____ INFO      JASPER_INSTALL_DIR : '/cad/cadence/jasper_2023.12p001'
2026-02-26 01:44:40.402875 (3623362) main____ INFO      JASPER_KERNEL_CHECK: '1'
2026-02-26 01:44:40.402887 (3623362) main____ INFO      JASPER_OS_CHECK    : '0'
2026-02-26 01:44:40.402898 (3623362) main____ INFO      LANG               : 'en_US.UTF-8'
2026-02-26 01:44:40.402908 (3623362) main____ INFO    ----------------------------------------
2026-02-26 01:44:40.404524 (3623362) lic_core INFO    Initializing license system ...
2026-02-26 01:44:40.463184 (3623362) lic_core INFO    ... license system initialized.
2026-02-26 01:44:40.636667 (3623362) lic__man INFO    Claim 'main' for <ui>.
2026-02-26 01:44:40.636738 (3623362) lic_core INFO    (1) checking out 'jasper_interactive' ...
2026-02-26 01:44:40.702866 (3623362) lic_core INFO    ... (1) checkout succeeded
2026-02-26 01:44:40.702981 (3623362) lic__man INFO    Claim 'fpv' for <ui>.
2026-02-26 01:44:40.703011 (3623362) lic_core INFO    (2) checking out 'jasper_fpv' ...
2026-02-26 01:44:40.769859 (3623362) lic_core INFO    ... (2) checkout failed (error: -5) ("FLEXnet ERROR(-5, 0, 0): No such feature exists.")
2026-02-26 01:44:40.769989 (3623362) lic_core INFO    (3) checking out 'jasper_fao' ...
2026-02-26 01:44:40.849836 (3623362) lic_core INFO    ... (3) checkout succeeded
2026-02-26 01:44:40.875369 (3623362) main____ INFO    Tool inactivity delay is 480000 ms.
2026-02-26 01:44:40.888575 (3623373) stdio___ INFO    Starting STDIN reader (tty: yes, tty name: '/dev/pts/0')
2026-02-26 01:44:41.266440 (3623362) session_ INFO    Starting analysis session with session id 'session_0' (launcher: <local>) ...
2026-02-26 01:44:41.268505 (3623362) session_ INFO    Analysis session with session id 'session_0' started (pid: 3623374)
2026-02-26 01:44:45.195895 (3623362) session_ INFO    Analysis session 'session_0' connected to the console (host: 127.0.0.1:36606)
2026-02-26 01:44:53.878704 (3623362) lic__man INFO    Unclaim everything for 'session_0'.
2026-02-26 01:44:54.445710 (3623362) lic__man INFO    Claim 'fpv' for 'session_0'.
2026-02-26 01:44:54.445758 (3623362) lic__man INFO    Claim 'fpv' for 'session_0/prove-0'.
2026-02-26 01:44:58.430125 (3623362) lic__man INFO    Unclaim everything for 'session_0/prove-0'.
2026-02-26 01:44:58.494604 (3623362) main____ INFO    About to exit: request to exit with status 0 received from analysis session 'session_0'
2026-02-26 01:44:59.019663 (3623362) session_ INFO    Analysis session 'session_0' disconnected.
2026-02-26 01:44:59.019884 (3623362) lic__man INFO    Unclaim everything for 'session_0'.
2026-02-26 01:44:59.020084 (3623362) session_ INFO    Process for analysis session 'session_0' has exited with exit status '0'.
2026-02-26 01:45:00.417473 (3623373) stdio___ INFO    STDIN reader requested to stop.
2026-02-26 01:45:00.417528 (3623373) stdio___ INFO    STDIN reader stopped.
2026-02-26 01:45:00.417846 (3623362) lic_core INFO    (1) checkin jasper_interactive
2026-02-26 01:45:00.426534 (3623362) lic_core INFO    (3) checkin jasper_fao
2026-02-26 01:45:00.459347 (3623362) main____ INFO    Exiting with status 0.
