2026-02-25 10:44:02.305916 (3055433) main____ INFO    ----------------------------------------
2026-02-25 10:44:02.306027 (3055433) main____ INFO    Jasper version info
2026-02-25 10:44:02.306045 (3055433) main____ INFO      tool      : Jasper 2023.12
2026-02-25 10:44:02.306064 (3055433) main____ INFO      version   : 2023.12p001 64 bits
2026-02-25 10:44:02.306079 (3055433) main____ INFO      build date: 2024.01.23 16:09:24 UTC
2026-02-25 10:44:02.306091 (3055433) main____ INFO    ----------------------------------------
2026-02-25 10:44:02.306102 (3055433) main____ INFO    Runtime info:
2026-02-25 10:44:02.306114 (3055433) main____ INFO      platform  : Linux 4.18.0-553.89.1.el8_10.x86_64 x86_64
2026-02-25 10:44:02.306136 (3055433) main____ INFO      hostname  : caddy15.stanford.edu
2026-02-25 10:44:02.306154 (3055433) main____ INFO      pid       : 3055433
2026-02-25 10:44:02.306167 (3055433) main____ INFO      arguments : '-style' 'windows' '-allow_unsupported_OS' '-no_gui' '-fpv' './synthlc/i_DIV_out/xPairwiseDepDiv/nunv_anytwo_65_.tcl' '-proj' './synthlc/i_DIV_out/xPairwiseDepDiv/nunv_anytwo_65_jgsession_26-02-25-10_44_01'
2026-02-25 10:44:02.306187 (3055433) main____ INFO      locale    : UTF-8
2026-02-25 10:44:02.306199 (3055433) main____ INFO    ----------------------------------------
2026-02-25 10:44:02.306210 (3055433) main____ INFO    System resource limits info:
2026-02-25 10:44:02.306224 (3055433) main____ INFO      virtual memory: unlimited
2026-02-25 10:44:02.306238 (3055433) main____ INFO      cpu time      : unlimited
2026-02-25 10:44:02.306261 (3055433) main____ INFO      processes     : 4096
2026-02-25 10:44:02.306285 (3055433) main____ INFO      stack size    : 8388608 B
2026-02-25 10:44:02.306319 (3055433) main____ INFO      core file size: 0 B
2026-02-25 10:44:02.306334 (3055433) main____ INFO      open files    : 4096
2026-02-25 10:44:02.306348 (3055433) main____ INFO      file size     : unlimited
2026-02-25 10:44:02.306360 (3055433) main____ INFO    ----------------------------------------
2026-02-25 10:44:02.306371 (3055433) main____ INFO    Memory statistics:
2026-02-25 10:44:02.306385 (3055433) main____ INFO      total physical memory  : 98449092 kB
2026-02-25 10:44:02.306398 (3055433) main____ INFO      free physical memory   : 76316724 kB
2026-02-25 10:44:02.306411 (3055433) main____ INFO      committed address space: 9856748 kB
2026-02-25 10:44:02.306423 (3055433) main____ INFO    ----------------------------------------
2026-02-25 10:44:02.307791 (3055433) main____ INFO    Important environment variables:
2026-02-25 10:44:02.307821 (3055433) main____ INFO      CDS_LIC_FILE       : '5280@cadlic0'
2026-02-25 10:44:02.307836 (3055433) main____ INFO      JASPER_INSTALL_DIR : '/cad/cadence/jasper_2023.12p001'
2026-02-25 10:44:02.307850 (3055433) main____ INFO      JASPER_KERNEL_CHECK: '1'
2026-02-25 10:44:02.307864 (3055433) main____ INFO      JASPER_OS_CHECK    : '0'
2026-02-25 10:44:02.307879 (3055433) main____ INFO      LANG               : 'en_US.UTF-8'
2026-02-25 10:44:02.307890 (3055433) main____ INFO    ----------------------------------------
2026-02-25 10:44:02.319474 (3055433) lic_core INFO    Initializing license system ...
2026-02-25 10:44:02.342781 (3055433) lic_core INFO    ... license system initialized.
2026-02-25 10:44:02.454829 (3055433) lic__man INFO    Claim 'main' for <ui>.
2026-02-25 10:44:02.454904 (3055433) lic_core INFO    (1) checking out 'jasper_interactive' ...
2026-02-25 10:44:02.522871 (3055433) lic_core INFO    ... (1) checkout succeeded
2026-02-25 10:44:02.522986 (3055433) lic__man INFO    Claim 'fpv' for <ui>.
2026-02-25 10:44:02.523019 (3055433) lic_core INFO    (2) checking out 'jasper_fpv' ...
2026-02-25 10:44:02.581855 (3055433) lic_core INFO    ... (2) checkout failed (error: -5) ("FLEXnet ERROR(-5, 0, 0): No such feature exists.")
2026-02-25 10:44:02.581921 (3055433) lic_core INFO    (3) checking out 'jasper_fao' ...
2026-02-25 10:44:02.665777 (3055433) lic_core INFO    ... (3) checkout succeeded
2026-02-25 10:44:02.691421 (3055433) main____ INFO    Tool inactivity delay is 480000 ms.
2026-02-25 10:44:02.699558 (3055446) stdio___ INFO    Starting STDIN reader (tty: yes, tty name: '/dev/pts/0')
2026-02-25 10:44:03.046447 (3055433) session_ INFO    Starting analysis session with session id 'session_0' (launcher: <local>) ...
2026-02-25 10:44:03.048652 (3055433) session_ INFO    Analysis session with session id 'session_0' started (pid: 3055449)
2026-02-25 10:44:05.924080 (3055433) session_ INFO    Analysis session 'session_0' connected to the console (host: 127.0.0.1:38318)
2026-02-25 10:44:13.662320 (3055433) lic__man INFO    Unclaim everything for 'session_0'.
2026-02-25 10:44:13.891776 (3055433) lic__man INFO    Claim 'fpv' for 'session_0'.
2026-02-25 10:44:13.891831 (3055433) lic__man INFO    Claim 'fpv' for 'session_0/prove-0'.
2026-02-25 10:44:15.956580 (3055433) lic__man INFO    Unclaim everything for 'session_0/prove-0'.
2026-02-25 10:44:16.022520 (3055433) main____ INFO    About to exit: request to exit with status 0 received from analysis session 'session_0'
2026-02-25 10:44:16.384509 (3055433) session_ INFO    Analysis session 'session_0' disconnected.
2026-02-25 10:44:16.384676 (3055433) lic__man INFO    Unclaim everything for 'session_0'.
2026-02-25 10:44:16.385406 (3055433) session_ INFO    Process for analysis session 'session_0' has exited with exit status '0'.
2026-02-25 10:44:17.929812 (3055446) stdio___ INFO    STDIN reader requested to stop.
2026-02-25 10:44:17.929868 (3055446) stdio___ INFO    STDIN reader stopped.
2026-02-25 10:44:17.930174 (3055433) lic_core INFO    (1) checkin jasper_interactive
2026-02-25 10:44:17.931250 (3055433) lic_core INFO    (3) checkin jasper_fao
2026-02-25 10:44:17.932847 (3055433) main____ INFO    Exiting with status 0.
