2026-02-25 13:04:38.403854 (3141348) main____ INFO    ----------------------------------------
2026-02-25 13:04:38.403953 (3141348) main____ INFO    Jasper version info
2026-02-25 13:04:38.403969 (3141348) main____ INFO      tool      : Jasper 2023.12
2026-02-25 13:04:38.403986 (3141348) main____ INFO      version   : 2023.12p001 64 bits
2026-02-25 13:04:38.403999 (3141348) main____ INFO      build date: 2024.01.23 16:09:24 UTC
2026-02-25 13:04:38.404009 (3141348) main____ INFO    ----------------------------------------
2026-02-25 13:04:38.404019 (3141348) main____ INFO    Runtime info:
2026-02-25 13:04:38.404030 (3141348) main____ INFO      platform  : Linux 4.18.0-553.89.1.el8_10.x86_64 x86_64
2026-02-25 13:04:38.404049 (3141348) main____ INFO      hostname  : caddy15.stanford.edu
2026-02-25 13:04:38.404065 (3141348) main____ INFO      pid       : 3141348
2026-02-25 13:04:38.404077 (3141348) main____ INFO      arguments : '-style' 'windows' '-allow_unsupported_OS' '-no_gui' '-fpv' './synthlc/i_DIV_out/xPairwiseDepDiv/exclusive_49_.tcl' '-proj' './synthlc/i_DIV_out/xPairwiseDepDiv/exclusive_49_jgsession_26-02-25-13_04_37'
2026-02-25 13:04:38.404094 (3141348) main____ INFO      locale    : UTF-8
2026-02-25 13:04:38.404104 (3141348) main____ INFO    ----------------------------------------
2026-02-25 13:04:38.404113 (3141348) main____ INFO    System resource limits info:
2026-02-25 13:04:38.404125 (3141348) main____ INFO      virtual memory: unlimited
2026-02-25 13:04:38.404138 (3141348) main____ INFO      cpu time      : unlimited
2026-02-25 13:04:38.404156 (3141348) main____ INFO      processes     : 4096
2026-02-25 13:04:38.404176 (3141348) main____ INFO      stack size    : 8388608 B
2026-02-25 13:04:38.404191 (3141348) main____ INFO      core file size: 0 B
2026-02-25 13:04:38.404204 (3141348) main____ INFO      open files    : 4096
2026-02-25 13:04:38.404216 (3141348) main____ INFO      file size     : unlimited
2026-02-25 13:04:38.404226 (3141348) main____ INFO    ----------------------------------------
2026-02-25 13:04:38.404235 (3141348) main____ INFO    Memory statistics:
2026-02-25 13:04:38.404247 (3141348) main____ INFO      total physical memory  : 98449092 kB
2026-02-25 13:04:38.404258 (3141348) main____ INFO      free physical memory   : 72338312 kB
2026-02-25 13:04:38.404270 (3141348) main____ INFO      committed address space: 14082112 kB
2026-02-25 13:04:38.404279 (3141348) main____ INFO    ----------------------------------------
2026-02-25 13:04:38.405494 (3141348) main____ INFO    Important environment variables:
2026-02-25 13:04:38.405519 (3141348) main____ INFO      CDS_LIC_FILE       : '5280@cadlic0'
2026-02-25 13:04:38.405532 (3141348) main____ INFO      JASPER_INSTALL_DIR : '/cad/cadence/jasper_2023.12p001'
2026-02-25 13:04:38.405545 (3141348) main____ INFO      JASPER_KERNEL_CHECK: '1'
2026-02-25 13:04:38.405557 (3141348) main____ INFO      JASPER_OS_CHECK    : '0'
2026-02-25 13:04:38.405569 (3141348) main____ INFO      LANG               : 'en_US.UTF-8'
2026-02-25 13:04:38.405579 (3141348) main____ INFO    ----------------------------------------
2026-02-25 13:04:38.417491 (3141348) lic_core INFO    Initializing license system ...
2026-02-25 13:04:38.454090 (3141348) lic_core INFO    ... license system initialized.
2026-02-25 13:04:38.564837 (3141348) lic__man INFO    Claim 'main' for <ui>.
2026-02-25 13:04:38.564923 (3141348) lic_core INFO    (1) checking out 'jasper_interactive' ...
2026-02-25 13:04:38.642655 (3141348) lic_core INFO    ... (1) checkout succeeded
2026-02-25 13:04:38.642765 (3141348) lic__man INFO    Claim 'fpv' for <ui>.
2026-02-25 13:04:38.642795 (3141348) lic_core INFO    (2) checking out 'jasper_fpv' ...
2026-02-25 13:04:38.697835 (3141348) lic_core INFO    ... (2) checkout failed (error: -5) ("FLEXnet ERROR(-5, 0, 0): No such feature exists.")
2026-02-25 13:04:38.697894 (3141348) lic_core INFO    (3) checking out 'jasper_fao' ...
2026-02-25 13:04:38.785605 (3141348) lic_core INFO    ... (3) checkout succeeded
2026-02-25 13:04:38.828329 (3141348) main____ INFO    Tool inactivity delay is 480000 ms.
2026-02-25 13:04:38.855223 (3141359) stdio___ INFO    Starting STDIN reader (tty: yes, tty name: '/dev/pts/0')
2026-02-25 13:04:39.132477 (3141348) session_ INFO    Starting analysis session with session id 'session_0' (launcher: <local>) ...
2026-02-25 13:04:39.134653 (3141348) session_ INFO    Analysis session with session id 'session_0' started (pid: 3141360)
2026-02-25 13:04:43.794286 (3141348) session_ INFO    Analysis session 'session_0' connected to the console (host: 127.0.0.1:47554)
2026-02-25 13:04:57.650989 (3141348) lic__man INFO    Unclaim everything for 'session_0'.
2026-02-25 13:04:58.035801 (3141348) lic__man INFO    Claim 'fpv' for 'session_0'.
2026-02-25 13:04:58.035844 (3141348) lic__man INFO    Claim 'fpv' for 'session_0/prove-0'.
2026-02-25 13:05:44.724720 (3141348) lic__man INFO    Unclaim everything for 'session_0/prove-0'.
2026-02-25 13:05:44.770008 (3141348) main____ INFO    About to exit: request to exit with status 0 received from analysis session 'session_0'
2026-02-25 13:05:44.987656 (3141348) session_ INFO    Analysis session 'session_0' disconnected.
2026-02-25 13:05:44.987892 (3141348) lic__man INFO    Unclaim everything for 'session_0'.
2026-02-25 13:05:44.988108 (3141348) session_ INFO    Process for analysis session 'session_0' has exited with exit status '0'.
2026-02-25 13:05:46.877406 (3141359) stdio___ INFO    STDIN reader requested to stop.
2026-02-25 13:05:46.877468 (3141359) stdio___ INFO    STDIN reader stopped.
2026-02-25 13:05:46.887605 (3141348) lic_core INFO    (1) checkin jasper_interactive
2026-02-25 13:05:46.893558 (3141348) lic_core INFO    (3) checkin jasper_fao
2026-02-25 13:05:46.958741 (3141348) main____ INFO    Exiting with status 0.
