2026-03-01 08:02:03.784250 (4110237) main____ INFO    ----------------------------------------
2026-03-01 08:02:03.784338 (4110237) main____ INFO    Jasper version info
2026-03-01 08:02:03.784355 (4110237) main____ INFO      tool      : Jasper 2023.12
2026-03-01 08:02:03.784371 (4110237) main____ INFO      version   : 2023.12p001 64 bits
2026-03-01 08:02:03.784384 (4110237) main____ INFO      build date: 2024.01.23 16:09:24 UTC
2026-03-01 08:02:03.784395 (4110237) main____ INFO    ----------------------------------------
2026-03-01 08:02:03.784405 (4110237) main____ INFO    Runtime info:
2026-03-01 08:02:03.784416 (4110237) main____ INFO      platform  : Linux 4.18.0-553.89.1.el8_10.x86_64 x86_64
2026-03-01 08:02:03.784434 (4110237) main____ INFO      hostname  : caddy12.stanford.edu
2026-03-01 08:02:03.784450 (4110237) main____ INFO      pid       : 4110237
2026-03-01 08:02:03.784462 (4110237) main____ INFO      arguments : '-style' 'windows' '-allow_unsupported_OS' '-no_gui' '-fpv' './synthlc/i_LW_out/xPerfLocSubsetDiv/coverset_149_.tcl' '-proj' './synthlc/i_LW_out/xPerfLocSubsetDiv/coverset_149_jgsession_26-03-01-08_02_03'
2026-03-01 08:02:03.784478 (4110237) main____ INFO      locale    : UTF-8
2026-03-01 08:02:03.784489 (4110237) main____ INFO    ----------------------------------------
2026-03-01 08:02:03.784499 (4110237) main____ INFO    System resource limits info:
2026-03-01 08:02:03.784512 (4110237) main____ INFO      virtual memory: unlimited
2026-03-01 08:02:03.784525 (4110237) main____ INFO      cpu time      : unlimited
2026-03-01 08:02:03.784542 (4110237) main____ INFO      processes     : 4096
2026-03-01 08:02:03.784563 (4110237) main____ INFO      stack size    : 8388608 B
2026-03-01 08:02:03.785541 (4110237) main____ INFO      core file size: 0 B
2026-03-01 08:02:03.785556 (4110237) main____ INFO      open files    : 4096
2026-03-01 08:02:03.785587 (4110237) main____ INFO      file size     : unlimited
2026-03-01 08:02:03.785598 (4110237) main____ INFO    ----------------------------------------
2026-03-01 08:02:03.785608 (4110237) main____ INFO    Memory statistics:
2026-03-01 08:02:03.785620 (4110237) main____ INFO      total physical memory  : 98449088 kB
2026-03-01 08:02:03.785632 (4110237) main____ INFO      free physical memory   : 86561212 kB
2026-03-01 08:02:03.785644 (4110237) main____ INFO      committed address space: 7761252 kB
2026-03-01 08:02:03.785654 (4110237) main____ INFO    ----------------------------------------
2026-03-01 08:02:03.786840 (4110237) main____ INFO    Important environment variables:
2026-03-01 08:02:03.787223 (4110237) main____ INFO      CDS_LIC_FILE       : '5280@cadlic0'
2026-03-01 08:02:03.787238 (4110237) main____ INFO      DISPLAY            : 'localhost:12.0'
2026-03-01 08:02:03.787251 (4110237) main____ INFO      JASPER_INSTALL_DIR : '/cad/cadence/jasper_2023.12p001'
2026-03-01 08:02:03.787263 (4110237) main____ INFO      JASPER_KERNEL_CHECK: '1'
2026-03-01 08:02:03.787276 (4110237) main____ INFO      JASPER_OS_CHECK    : '0'
2026-03-01 08:02:03.787288 (4110237) main____ INFO      LANG               : 'zh_TW.UTF-8'
2026-03-01 08:02:03.787299 (4110237) main____ INFO    ----------------------------------------
2026-03-01 08:02:03.788484 (4110237) lic_core INFO    Initializing license system ...
2026-03-01 08:02:03.790471 (4110237) lic_core INFO    ... license system initialized.
2026-03-01 08:02:03.802066 (4110237) lic__man INFO    Claim 'main' for <ui>.
2026-03-01 08:02:03.802126 (4110237) lic_core INFO    (1) checking out 'jasper_interactive' ...
2026-03-01 08:02:03.814314 (4110237) lic_core INFO    ... (1) checkout succeeded
2026-03-01 08:02:03.814387 (4110237) lic__man INFO    Claim 'fpv' for <ui>.
2026-03-01 08:02:03.814412 (4110237) lic_core INFO    (2) checking out 'jasper_fpv' ...
2026-03-01 08:02:03.818114 (4110237) lic_core INFO    ... (2) checkout failed (error: -5) ("FLEXnet ERROR(-5, 0, 0): No such feature exists.")
2026-03-01 08:02:03.818155 (4110237) lic_core INFO    (3) checking out 'jasper_fao' ...
2026-03-01 08:02:03.829108 (4110237) lic_core INFO    ... (3) checkout succeeded
2026-03-01 08:02:03.830074 (4110249) stdio___ INFO    Starting STDIN reader (tty: yes, tty name: '/dev/pts/0')
2026-03-01 08:02:03.830402 (4110237) main____ INFO    Tool inactivity delay is 480000 ms.
2026-03-01 08:02:03.873119 (4110237) session_ INFO    Starting analysis session with session id 'session_0' (launcher: <local>) ...
2026-03-01 08:02:03.875003 (4110237) session_ INFO    Analysis session with session id 'session_0' started (pid: 4110250)
2026-03-01 08:02:04.947950 (4110237) session_ INFO    Analysis session 'session_0' connected to the console (host: 127.0.0.1:59170)
2026-03-01 08:02:08.180734 (4110237) lic__man INFO    Unclaim everything for 'session_0'.
2026-03-01 08:02:08.435867 (4110237) lic__man INFO    Claim 'fpv' for 'session_0'.
2026-03-01 08:02:08.435911 (4110237) lic__man INFO    Claim 'fpv' for 'session_0/prove-0'.
2026-03-01 08:02:11.284655 (4110237) lic__man INFO    Unclaim everything for 'session_0/prove-0'.
2026-03-01 08:02:11.327798 (4110237) main____ INFO    About to exit: request to exit with status 0 received from analysis session 'session_0'
2026-03-01 08:02:11.457792 (4110237) session_ INFO    Analysis session 'session_0' disconnected.
2026-03-01 08:02:11.457978 (4110237) lic__man INFO    Unclaim everything for 'session_0'.
2026-03-01 08:02:11.458166 (4110237) session_ INFO    Process for analysis session 'session_0' has exited with exit status '0'.
2026-03-01 08:02:13.393059 (4110249) stdio___ INFO    STDIN reader requested to stop.
2026-03-01 08:02:13.393119 (4110249) stdio___ INFO    STDIN reader stopped.
2026-03-01 08:02:13.403893 (4110237) lic_core INFO    (1) checkin jasper_interactive
2026-03-01 08:02:13.426875 (4110237) lic_core INFO    (3) checkin jasper_fao
2026-03-01 08:02:13.453706 (4110237) main____ INFO    Exiting with status 0.
