2026-03-01 13:17:48.309110 (116506) main____ INFO    ----------------------------------------
2026-03-01 13:17:48.309219 (116506) main____ INFO    Jasper version info
2026-03-01 13:17:48.309236 (116506) main____ INFO      tool      : Jasper 2023.12
2026-03-01 13:17:48.309253 (116506) main____ INFO      version   : 2023.12p001 64 bits
2026-03-01 13:17:48.309267 (116506) main____ INFO      build date: 2024.01.23 16:09:24 UTC
2026-03-01 13:17:48.309278 (116506) main____ INFO    ----------------------------------------
2026-03-01 13:17:48.309287 (116506) main____ INFO    Runtime info:
2026-03-01 13:17:48.309299 (116506) main____ INFO      platform  : Linux 4.18.0-553.89.1.el8_10.x86_64 x86_64
2026-03-01 13:17:48.309318 (116506) main____ INFO      hostname  : caddy12.stanford.edu
2026-03-01 13:17:48.309333 (116506) main____ INFO      pid       : 116506
2026-03-01 13:17:48.309345 (116506) main____ INFO      arguments : '-style' 'windows' '-allow_unsupported_OS' '-no_gui' '-fpv' './synthlc/i_LW_out/xPerfLocCycleCount/cycle_count_div_fsm_s14_.tcl' '-proj' './synthlc/i_LW_out/xPerfLocCycleCount/cycle_count_div_fsm_s14_jgsession_26-03-01-13_17_48'
2026-03-01 13:17:48.309362 (116506) main____ INFO      locale    : UTF-8
2026-03-01 13:17:48.309372 (116506) main____ INFO    ----------------------------------------
2026-03-01 13:17:48.309382 (116506) main____ INFO    System resource limits info:
2026-03-01 13:17:48.309397 (116506) main____ INFO      virtual memory: unlimited
2026-03-01 13:17:48.309411 (116506) main____ INFO      cpu time      : unlimited
2026-03-01 13:17:48.309431 (116506) main____ INFO      processes     : 4096
2026-03-01 13:17:48.309451 (116506) main____ INFO      stack size    : 8388608 B
2026-03-01 13:17:48.309465 (116506) main____ INFO      core file size: 0 B
2026-03-01 13:17:48.310453 (116506) main____ INFO      open files    : 4096
2026-03-01 13:17:48.310468 (116506) main____ INFO      file size     : unlimited
2026-03-01 13:17:48.310479 (116506) main____ INFO    ----------------------------------------
2026-03-01 13:17:48.310489 (116506) main____ INFO    Memory statistics:
2026-03-01 13:17:48.310501 (116506) main____ INFO      total physical memory  : 98449088 kB
2026-03-01 13:17:48.310513 (116506) main____ INFO      free physical memory   : 83393476 kB
2026-03-01 13:17:48.310525 (116506) main____ INFO      committed address space: 10440592 kB
2026-03-01 13:17:48.310535 (116506) main____ INFO    ----------------------------------------
2026-03-01 13:17:48.311759 (116506) main____ INFO    Important environment variables:
2026-03-01 13:17:48.312377 (116506) main____ INFO      CDS_LIC_FILE       : '5280@cadlic0'
2026-03-01 13:17:48.312395 (116506) main____ INFO      DISPLAY            : 'localhost:12.0'
2026-03-01 13:17:48.312407 (116506) main____ INFO      JASPER_INSTALL_DIR : '/cad/cadence/jasper_2023.12p001'
2026-03-01 13:17:48.312420 (116506) main____ INFO      JASPER_KERNEL_CHECK: '1'
2026-03-01 13:17:48.312433 (116506) main____ INFO      JASPER_OS_CHECK    : '0'
2026-03-01 13:17:48.312446 (116506) main____ INFO      LANG               : 'zh_TW.UTF-8'
2026-03-01 13:17:48.312458 (116506) main____ INFO    ----------------------------------------
2026-03-01 13:17:48.313726 (116506) lic_core INFO    Initializing license system ...
2026-03-01 13:17:48.316484 (116506) lic_core INFO    ... license system initialized.
2026-03-01 13:17:48.328788 (116506) lic__man INFO    Claim 'main' for <ui>.
2026-03-01 13:17:48.328854 (116506) lic_core INFO    (1) checking out 'jasper_interactive' ...
2026-03-01 13:17:48.342010 (116506) lic_core INFO    ... (1) checkout succeeded
2026-03-01 13:17:48.342108 (116506) lic__man INFO    Claim 'fpv' for <ui>.
2026-03-01 13:17:48.342138 (116506) lic_core INFO    (2) checking out 'jasper_fpv' ...
2026-03-01 13:17:48.346521 (116506) lic_core INFO    ... (2) checkout failed (error: -5) ("FLEXnet ERROR(-5, 0, 0): No such feature exists.")
2026-03-01 13:17:48.346571 (116506) lic_core INFO    (3) checking out 'jasper_fao' ...
2026-03-01 13:17:48.357645 (116506) lic_core INFO    ... (3) checkout succeeded
2026-03-01 13:17:48.360472 (116517) stdio___ INFO    Starting STDIN reader (tty: yes, tty name: '/dev/pts/0')
2026-03-01 13:17:48.360532 (116506) main____ INFO    Tool inactivity delay is 480000 ms.
2026-03-01 13:17:48.404255 (116506) session_ INFO    Starting analysis session with session id 'session_0' (launcher: <local>) ...
2026-03-01 13:17:48.406091 (116506) session_ INFO    Analysis session with session id 'session_0' started (pid: 116518)
2026-03-01 13:17:49.557774 (116506) session_ INFO    Analysis session 'session_0' connected to the console (host: 127.0.0.1:60500)
2026-03-01 13:17:52.815760 (116506) lic__man INFO    Unclaim everything for 'session_0'.
2026-03-01 13:17:53.044777 (116506) lic__man INFO    Claim 'fpv' for 'session_0'.
2026-03-01 13:17:53.044820 (116506) lic__man INFO    Claim 'fpv' for 'session_0/prove-0'.
2026-03-01 13:17:54.036688 (116506) lic__man INFO    Unclaim everything for 'session_0/prove-0'.
2026-03-01 13:17:54.051367 (116506) lic__man INFO    Claim 'fpv' for 'session_0'.
2026-03-01 13:17:54.051406 (116506) lic__man INFO    Claim 'fpv' for 'session_0/prove-1'.
2026-03-01 13:17:55.823836 (116506) lic__man INFO    Unclaim everything for 'session_0/prove-1'.
2026-03-01 13:17:55.835556 (116506) lic__man INFO    Claim 'fpv' for 'session_0'.
2026-03-01 13:17:55.835600 (116506) lic__man INFO    Claim 'fpv' for 'session_0/prove-2'.
2026-03-01 13:17:56.865489 (116506) lic__man INFO    Unclaim everything for 'session_0/prove-2'.
2026-03-01 13:17:56.874729 (116506) lic__man INFO    Claim 'fpv' for 'session_0'.
2026-03-01 13:17:56.874771 (116506) lic__man INFO    Claim 'fpv' for 'session_0/prove-3'.
2026-03-01 13:17:57.893633 (116506) lic__man INFO    Unclaim everything for 'session_0/prove-3'.
2026-03-01 13:17:57.903130 (116506) lic__man INFO    Claim 'fpv' for 'session_0'.
2026-03-01 13:17:57.903167 (116506) lic__man INFO    Claim 'fpv' for 'session_0/prove-4'.
2026-03-01 13:17:58.900758 (116506) lic__man INFO    Unclaim everything for 'session_0/prove-4'.
2026-03-01 13:17:58.909595 (116506) lic__man INFO    Claim 'fpv' for 'session_0'.
2026-03-01 13:17:58.909638 (116506) lic__man INFO    Claim 'fpv' for 'session_0/prove-5'.
2026-03-01 13:17:59.963766 (116506) lic__man INFO    Unclaim everything for 'session_0/prove-5'.
2026-03-01 13:17:59.976303 (116506) main____ INFO    About to exit: request to exit with status 0 received from analysis session 'session_0'
2026-03-01 13:18:00.125618 (116506) session_ INFO    Analysis session 'session_0' disconnected.
2026-03-01 13:18:00.125786 (116506) lic__man INFO    Unclaim everything for 'session_0'.
2026-03-01 13:18:00.126592 (116506) session_ INFO    Process for analysis session 'session_0' has exited with exit status '0'.
2026-03-01 13:18:01.893513 (116517) stdio___ INFO    STDIN reader requested to stop.
2026-03-01 13:18:01.893585 (116517) stdio___ INFO    STDIN reader stopped.
2026-03-01 13:18:01.893943 (116506) lic_core INFO    (1) checkin jasper_interactive
2026-03-01 13:18:01.896579 (116506) lic_core INFO    (3) checkin jasper_fao
2026-03-01 13:18:01.899446 (116506) main____ INFO    Exiting with status 0.
