2026-02-26 01:02:30.025196 (1809931) main____ INFO    ----------------------------------------
2026-02-26 01:02:30.025295 (1809931) main____ INFO    Jasper version info
2026-02-26 01:02:30.025311 (1809931) main____ INFO      tool      : Jasper 2023.12
2026-02-26 01:02:30.025327 (1809931) main____ INFO      version   : 2023.12p001 64 bits
2026-02-26 01:02:30.025340 (1809931) main____ INFO      build date: 2024.01.23 16:09:24 UTC
2026-02-26 01:02:30.025349 (1809931) main____ INFO    ----------------------------------------
2026-02-26 01:02:30.025358 (1809931) main____ INFO    Runtime info:
2026-02-26 01:02:30.025369 (1809931) main____ INFO      platform  : Linux 4.18.0-553.89.1.el8_10.x86_64 x86_64
2026-02-26 01:02:30.025388 (1809931) main____ INFO      hostname  : caddy12.stanford.edu
2026-02-26 01:02:30.025403 (1809931) main____ INFO      pid       : 1809931
2026-02-26 01:02:30.025414 (1809931) main____ INFO      arguments : '-style' 'windows' '-allow_unsupported_OS' '-no_gui' '-fpv' './synthlc/i_MUL_out/xPairwiseDepDiv/nunv_anytwo_146_.tcl' '-proj' './synthlc/i_MUL_out/xPairwiseDepDiv/nunv_anytwo_146_jgsession_26-02-26-01_02_28'
2026-02-26 01:02:30.025432 (1809931) main____ INFO      locale    : UTF-8
2026-02-26 01:02:30.025442 (1809931) main____ INFO    ----------------------------------------
2026-02-26 01:02:30.025451 (1809931) main____ INFO    System resource limits info:
2026-02-26 01:02:30.025463 (1809931) main____ INFO      virtual memory: unlimited
2026-02-26 01:02:30.025475 (1809931) main____ INFO      cpu time      : unlimited
2026-02-26 01:02:30.025493 (1809931) main____ INFO      processes     : 4096
2026-02-26 01:02:30.025512 (1809931) main____ INFO      stack size    : 8388608 B
2026-02-26 01:02:30.025526 (1809931) main____ INFO      core file size: 0 B
2026-02-26 01:02:30.025539 (1809931) main____ INFO      open files    : 4096
2026-02-26 01:02:30.025550 (1809931) main____ INFO      file size     : unlimited
2026-02-26 01:02:30.025560 (1809931) main____ INFO    ----------------------------------------
2026-02-26 01:02:30.025569 (1809931) main____ INFO    Memory statistics:
2026-02-26 01:02:30.025580 (1809931) main____ INFO      total physical memory  : 98449088 kB
2026-02-26 01:02:30.025591 (1809931) main____ INFO      free physical memory   : 70916340 kB
2026-02-26 01:02:30.025602 (1809931) main____ INFO      committed address space: 15653368 kB
2026-02-26 01:02:30.025612 (1809931) main____ INFO    ----------------------------------------
2026-02-26 01:02:30.026834 (1809931) main____ INFO    Important environment variables:
2026-02-26 01:02:30.026859 (1809931) main____ INFO      CDS_LIC_FILE       : '5280@cadlic0'
2026-02-26 01:02:30.026871 (1809931) main____ INFO      DISPLAY            : 'localhost:12.0'
2026-02-26 01:02:30.026882 (1809931) main____ INFO      JASPER_INSTALL_DIR : '/cad/cadence/jasper_2023.12p001'
2026-02-26 01:02:30.026894 (1809931) main____ INFO      JASPER_KERNEL_CHECK: '1'
2026-02-26 01:02:30.026905 (1809931) main____ INFO      JASPER_OS_CHECK    : '0'
2026-02-26 01:02:30.026917 (1809931) main____ INFO      LANG               : 'zh_TW.UTF-8'
2026-02-26 01:02:30.026926 (1809931) main____ INFO    ----------------------------------------
2026-02-26 01:02:30.039839 (1809931) lic_core INFO    Initializing license system ...
2026-02-26 01:02:30.052958 (1809931) lic_core INFO    ... license system initialized.
2026-02-26 01:02:30.219971 (1809931) lic__man INFO    Claim 'main' for <ui>.
2026-02-26 01:02:30.220036 (1809931) lic_core INFO    (1) checking out 'jasper_interactive' ...
2026-02-26 01:02:30.269953 (1809931) lic_core INFO    ... (1) checkout succeeded
2026-02-26 01:02:30.270066 (1809931) lic__man INFO    Claim 'fpv' for <ui>.
2026-02-26 01:02:30.270096 (1809931) lic_core INFO    (2) checking out 'jasper_fpv' ...
2026-02-26 01:02:30.326219 (1809931) lic_core INFO    ... (2) checkout failed (error: -5) ("FLEXnet ERROR(-5, 0, 0): No such feature exists.")
2026-02-26 01:02:30.326273 (1809931) lic_core INFO    (3) checking out 'jasper_fao' ...
2026-02-26 01:02:30.337480 (1809931) lic_core INFO    ... (3) checkout succeeded
2026-02-26 01:02:30.338781 (1809931) main____ INFO    Tool inactivity delay is 480000 ms.
2026-02-26 01:02:30.348918 (1809947) stdio___ INFO    Starting STDIN reader (tty: yes, tty name: '/dev/pts/0')
2026-02-26 01:02:30.708830 (1809931) session_ INFO    Starting analysis session with session id 'session_0' (launcher: <local>) ...
2026-02-26 01:02:30.710834 (1809931) session_ INFO    Analysis session with session id 'session_0' started (pid: 1809951)
2026-02-26 01:02:35.852148 (1809931) session_ INFO    Analysis session 'session_0' connected to the console (host: 127.0.0.1:56538)
2026-02-26 01:02:43.906601 (1809931) lic__man INFO    Unclaim everything for 'session_0'.
2026-02-26 01:02:44.389140 (1809931) lic__man INFO    Claim 'fpv' for 'session_0'.
2026-02-26 01:02:44.389187 (1809931) lic__man INFO    Claim 'fpv' for 'session_0/prove-0'.
2026-02-26 01:02:48.039491 (1809931) lic__man INFO    Unclaim everything for 'session_0/prove-0'.
2026-02-26 01:02:48.077991 (1809931) main____ INFO    About to exit: request to exit with status 0 received from analysis session 'session_0'
2026-02-26 01:02:48.580376 (1809931) session_ INFO    Analysis session 'session_0' disconnected.
2026-02-26 01:02:48.580516 (1809931) lic__man INFO    Unclaim everything for 'session_0'.
2026-02-26 01:02:48.583152 (1809931) session_ INFO    Process for analysis session 'session_0' has exited with exit status '0'.
2026-02-26 01:02:50.004765 (1809947) stdio___ INFO    STDIN reader requested to stop.
2026-02-26 01:02:50.004824 (1809947) stdio___ INFO    STDIN reader stopped.
2026-02-26 01:02:50.009945 (1809931) lic_core INFO    (1) checkin jasper_interactive
2026-02-26 01:02:50.014892 (1809931) lic_core INFO    (3) checkin jasper_fao
2026-02-26 01:02:50.037047 (1809931) main____ INFO    Exiting with status 0.
