2026-02-25 14:04:55.148532 (3179033) main____ INFO    ----------------------------------------
2026-02-25 14:04:55.148594 (3179033) main____ INFO    Jasper version info
2026-02-25 14:04:55.148608 (3179033) main____ INFO      tool      : Jasper 2023.12
2026-02-25 14:04:55.148623 (3179033) main____ INFO      version   : 2023.12p001 64 bits
2026-02-25 14:04:55.148635 (3179033) main____ INFO      build date: 2024.01.23 16:09:24 UTC
2026-02-25 14:04:55.148645 (3179033) main____ INFO    ----------------------------------------
2026-02-25 14:04:55.148654 (3179033) main____ INFO    Runtime info:
2026-02-25 14:04:55.148665 (3179033) main____ INFO      platform  : Linux 4.18.0-553.89.1.el8_10.x86_64 x86_64
2026-02-25 14:04:55.148681 (3179033) main____ INFO      hostname  : caddy15.stanford.edu
2026-02-25 14:04:55.148696 (3179033) main____ INFO      pid       : 3179033
2026-02-25 14:04:55.148707 (3179033) main____ INFO      arguments : '-style' 'windows' '-allow_unsupported_OS' '-no_gui' '-fpv' './synthlc/i_DIV_out/xPerfLocSubsetDiv/coverset_1_.tcl' '-proj' './synthlc/i_DIV_out/xPerfLocSubsetDiv/coverset_1_jgsession_26-02-25-14_04_54'
2026-02-25 14:04:55.148722 (3179033) main____ INFO      locale    : UTF-8
2026-02-25 14:04:55.148732 (3179033) main____ INFO    ----------------------------------------
2026-02-25 14:04:55.148741 (3179033) main____ INFO    System resource limits info:
2026-02-25 14:04:55.148753 (3179033) main____ INFO      virtual memory: unlimited
2026-02-25 14:04:55.148765 (3179033) main____ INFO      cpu time      : unlimited
2026-02-25 14:04:55.148781 (3179033) main____ INFO      processes     : 4096
2026-02-25 14:04:55.148799 (3179033) main____ INFO      stack size    : 8388608 B
2026-02-25 14:04:55.148813 (3179033) main____ INFO      core file size: 0 B
2026-02-25 14:04:55.148825 (3179033) main____ INFO      open files    : 4096
2026-02-25 14:04:55.148837 (3179033) main____ INFO      file size     : unlimited
2026-02-25 14:04:55.148847 (3179033) main____ INFO    ----------------------------------------
2026-02-25 14:04:55.148856 (3179033) main____ INFO    Memory statistics:
2026-02-25 14:04:55.148868 (3179033) main____ INFO      total physical memory  : 98449092 kB
2026-02-25 14:04:55.148878 (3179033) main____ INFO      free physical memory   : 82557904 kB
2026-02-25 14:04:55.148890 (3179033) main____ INFO      committed address space: 1773648 kB
2026-02-25 14:04:55.148899 (3179033) main____ INFO    ----------------------------------------
2026-02-25 14:04:55.150019 (3179033) main____ INFO    Important environment variables:
2026-02-25 14:04:55.150040 (3179033) main____ INFO      CDS_LIC_FILE       : '5280@cadlic0'
2026-02-25 14:04:55.150053 (3179033) main____ INFO      JASPER_INSTALL_DIR : '/cad/cadence/jasper_2023.12p001'
2026-02-25 14:04:55.150065 (3179033) main____ INFO      JASPER_KERNEL_CHECK: '1'
2026-02-25 14:04:55.150077 (3179033) main____ INFO      JASPER_OS_CHECK    : '0'
2026-02-25 14:04:55.150089 (3179033) main____ INFO      LANG               : 'en_US.UTF-8'
2026-02-25 14:04:55.150098 (3179033) main____ INFO    ----------------------------------------
2026-02-25 14:04:55.151269 (3179033) lic_core INFO    Initializing license system ...
2026-02-25 14:04:55.152871 (3179033) lic_core INFO    ... license system initialized.
2026-02-25 14:04:55.163635 (3179033) lic__man INFO    Claim 'main' for <ui>.
2026-02-25 14:04:55.163678 (3179033) lic_core INFO    (1) checking out 'jasper_interactive' ...
2026-02-25 14:04:55.176348 (3179033) lic_core INFO    ... (1) checkout succeeded
2026-02-25 14:04:55.176413 (3179033) lic__man INFO    Claim 'fpv' for <ui>.
2026-02-25 14:04:55.176435 (3179033) lic_core INFO    (2) checking out 'jasper_fpv' ...
2026-02-25 14:04:55.180814 (3179033) lic_core INFO    ... (2) checkout failed (error: -5) ("FLEXnet ERROR(-5, 0, 0): No such feature exists.")
2026-02-25 14:04:55.180848 (3179033) lic_core INFO    (3) checking out 'jasper_fao' ...
2026-02-25 14:04:55.192070 (3179033) lic_core INFO    ... (3) checkout succeeded
2026-02-25 14:04:55.193025 (3179060) stdio___ INFO    Starting STDIN reader (tty: yes, tty name: '/dev/pts/0')
2026-02-25 14:04:55.193180 (3179033) main____ INFO    Tool inactivity delay is 480000 ms.
2026-02-25 14:04:55.235899 (3179033) session_ INFO    Starting analysis session with session id 'session_0' (launcher: <local>) ...
2026-02-25 14:04:55.237686 (3179033) session_ INFO    Analysis session with session id 'session_0' started (pid: 3179061)
2026-02-25 14:04:56.340468 (3179033) session_ INFO    Analysis session 'session_0' connected to the console (host: 127.0.0.1:47464)
2026-02-25 14:05:02.718040 (3179033) lic__man INFO    Unclaim everything for 'session_0'.
2026-02-25 14:05:03.275861 (3179033) lic__man INFO    Claim 'fpv' for 'session_0'.
2026-02-25 14:05:03.275903 (3179033) lic__man INFO    Claim 'fpv' for 'session_0/prove-0'.
2026-02-25 14:05:04.670431 (3179033) lic__man INFO    Unclaim everything for 'session_0/prove-0'.
2026-02-25 14:05:04.712440 (3179033) main____ INFO    About to exit: request to exit with status 0 received from analysis session 'session_0'
2026-02-25 14:05:04.856189 (3179033) session_ INFO    Analysis session 'session_0' disconnected.
2026-02-25 14:05:04.856402 (3179033) lic__man INFO    Unclaim everything for 'session_0'.
2026-02-25 14:05:04.856603 (3179033) session_ INFO    Process for analysis session 'session_0' has exited with exit status '0'.
2026-02-25 14:05:06.819640 (3179060) stdio___ INFO    STDIN reader requested to stop.
2026-02-25 14:05:06.819673 (3179060) stdio___ INFO    STDIN reader stopped.
2026-02-25 14:05:06.819898 (3179033) lic_core INFO    (1) checkin jasper_interactive
2026-02-25 14:05:06.820916 (3179033) lic_core INFO    (3) checkin jasper_fao
2026-02-25 14:05:06.822732 (3179033) main____ INFO    Exiting with status 0.
