2026-02-28 19:36:56.764379 (947093) main____ INFO    ----------------------------------------
2026-02-28 19:36:56.764443 (947093) main____ INFO    Jasper version info
2026-02-28 19:36:56.764458 (947093) main____ INFO      tool      : Jasper 2023.12
2026-02-28 19:36:56.764472 (947093) main____ INFO      version   : 2023.12p001 64 bits
2026-02-28 19:36:56.764484 (947093) main____ INFO      build date: 2024.01.23 16:09:24 UTC
2026-02-28 19:36:56.764494 (947093) main____ INFO    ----------------------------------------
2026-02-28 19:36:56.764503 (947093) main____ INFO    Runtime info:
2026-02-28 19:36:56.764514 (947093) main____ INFO      platform  : Linux 4.18.0-553.89.1.el8_10.x86_64 x86_64
2026-02-28 19:36:56.764531 (947093) main____ INFO      hostname  : caddy15.stanford.edu
2026-02-28 19:36:56.764545 (947093) main____ INFO      pid       : 947093
2026-02-28 19:36:56.764556 (947093) main____ INFO      arguments : '-style' 'windows' '-allow_unsupported_OS' '-no_gui' '-fpv' './synthlc/i_ADDI_out/xPairwiseDepDiv/exclusive_1_.tcl' '-proj' './synthlc/i_ADDI_out/xPairwiseDepDiv/exclusive_1_jgsession_26-02-28-19_36_56'
2026-02-28 19:36:56.764571 (947093) main____ INFO      locale    : UTF-8
2026-02-28 19:36:56.764581 (947093) main____ INFO    ----------------------------------------
2026-02-28 19:36:56.764590 (947093) main____ INFO    System resource limits info:
2026-02-28 19:36:56.764602 (947093) main____ INFO      virtual memory: unlimited
2026-02-28 19:36:56.764613 (947093) main____ INFO      cpu time      : unlimited
2026-02-28 19:36:56.764629 (947093) main____ INFO      processes     : 4096
2026-02-28 19:36:56.764647 (947093) main____ INFO      stack size    : 8388608 B
2026-02-28 19:36:56.764660 (947093) main____ INFO      core file size: 0 B
2026-02-28 19:36:56.764673 (947093) main____ INFO      open files    : 4096
2026-02-28 19:36:56.764685 (947093) main____ INFO      file size     : unlimited
2026-02-28 19:36:56.764694 (947093) main____ INFO    ----------------------------------------
2026-02-28 19:36:56.764704 (947093) main____ INFO    Memory statistics:
2026-02-28 19:36:56.764715 (947093) main____ INFO      total physical memory  : 98449092 kB
2026-02-28 19:36:56.764726 (947093) main____ INFO      free physical memory   : 79733436 kB
2026-02-28 19:36:56.764737 (947093) main____ INFO      committed address space: 1840204 kB
2026-02-28 19:36:56.764746 (947093) main____ INFO    ----------------------------------------
2026-02-28 19:36:56.765885 (947093) main____ INFO    Important environment variables:
2026-02-28 19:36:56.765910 (947093) main____ INFO      CDS_LIC_FILE       : '5280@cadlic0'
2026-02-28 19:36:56.765923 (947093) main____ INFO      JASPER_INSTALL_DIR : '/cad/cadence/jasper_2023.12p001'
2026-02-28 19:36:56.765935 (947093) main____ INFO      JASPER_KERNEL_CHECK: '1'
2026-02-28 19:36:56.765947 (947093) main____ INFO      JASPER_OS_CHECK    : '0'
2026-02-28 19:36:56.765958 (947093) main____ INFO      LANG               : 'en_US.UTF-8'
2026-02-28 19:36:56.765968 (947093) main____ INFO    ----------------------------------------
2026-02-28 19:36:56.767183 (947093) lic_core INFO    Initializing license system ...
2026-02-28 19:36:56.769015 (947093) lic_core INFO    ... license system initialized.
2026-02-28 19:36:56.782166 (947093) lic__man INFO    Claim 'main' for <ui>.
2026-02-28 19:36:56.782205 (947093) lic_core INFO    (1) checking out 'jasper_interactive' ...
2026-02-28 19:36:56.794407 (947093) lic_core INFO    ... (1) checkout succeeded
2026-02-28 19:36:56.794465 (947093) lic__man INFO    Claim 'fpv' for <ui>.
2026-02-28 19:36:56.794484 (947093) lic_core INFO    (2) checking out 'jasper_fpv' ...
2026-02-28 19:36:56.798497 (947093) lic_core INFO    ... (2) checkout failed (error: -5) ("FLEXnet ERROR(-5, 0, 0): No such feature exists.")
2026-02-28 19:36:56.798526 (947093) lic_core INFO    (3) checking out 'jasper_fao' ...
2026-02-28 19:36:56.809880 (947093) lic_core INFO    ... (3) checkout succeeded
2026-02-28 19:36:56.812507 (947093) main____ INFO    Tool inactivity delay is 480000 ms.
2026-02-28 19:36:56.812562 (947104) stdio___ INFO    Starting STDIN reader (tty: yes, tty name: '/dev/pts/0')
2026-02-28 19:36:56.855848 (947093) session_ INFO    Starting analysis session with session id 'session_0' (launcher: <local>) ...
2026-02-28 19:36:56.857457 (947093) session_ INFO    Analysis session with session id 'session_0' started (pid: 947105)
2026-02-28 19:36:57.947449 (947093) session_ INFO    Analysis session 'session_0' connected to the console (host: 127.0.0.1:33778)
2026-02-28 19:37:00.955980 (947093) lic__man INFO    Unclaim everything for 'session_0'.
2026-02-28 19:37:01.156273 (947093) lic__man INFO    Claim 'fpv' for 'session_0'.
2026-02-28 19:37:01.156332 (947093) lic__man INFO    Claim 'fpv' for 'session_0/prove-0'.
2026-02-28 19:37:02.209347 (947093) lic__man INFO    Unclaim everything for 'session_0/prove-0'.
2026-02-28 19:37:02.253568 (947093) main____ INFO    About to exit: request to exit with status 0 received from analysis session 'session_0'
2026-02-28 19:37:02.406535 (947093) session_ INFO    Analysis session 'session_0' disconnected.
2026-02-28 19:37:02.406725 (947093) lic__man INFO    Unclaim everything for 'session_0'.
2026-02-28 19:37:02.406919 (947093) session_ INFO    Process for analysis session 'session_0' has exited with exit status '0'.
2026-02-28 19:37:04.360929 (947104) stdio___ INFO    STDIN reader requested to stop.
2026-02-28 19:37:04.360978 (947104) stdio___ INFO    STDIN reader stopped.
2026-02-28 19:37:04.361217 (947093) lic_core INFO    (1) checkin jasper_interactive
2026-02-28 19:37:04.362184 (947093) lic_core INFO    (3) checkin jasper_fao
2026-02-28 19:37:04.363624 (947093) main____ INFO    Exiting with status 0.
