2026-03-01 05:24:06.588634 (3965935) main____ INFO    ----------------------------------------
2026-03-01 05:24:06.588746 (3965935) main____ INFO    Jasper version info
2026-03-01 05:24:06.588764 (3965935) main____ INFO      tool      : Jasper 2023.12
2026-03-01 05:24:06.588780 (3965935) main____ INFO      version   : 2023.12p001 64 bits
2026-03-01 05:24:06.588794 (3965935) main____ INFO      build date: 2024.01.23 16:09:24 UTC
2026-03-01 05:24:06.588804 (3965935) main____ INFO    ----------------------------------------
2026-03-01 05:24:06.588814 (3965935) main____ INFO    Runtime info:
2026-03-01 05:24:06.588825 (3965935) main____ INFO      platform  : Linux 4.18.0-553.89.1.el8_10.x86_64 x86_64
2026-03-01 05:24:06.588844 (3965935) main____ INFO      hostname  : caddy12.stanford.edu
2026-03-01 05:24:06.588860 (3965935) main____ INFO      pid       : 3965935
2026-03-01 05:24:06.588872 (3965935) main____ INFO      arguments : '-style' 'windows' '-allow_unsupported_OS' '-no_gui' '-fpv' './synthlc/i_LW_out/xPairwiseDepDiv/nunv_anytwo_32_.tcl' '-proj' './synthlc/i_LW_out/xPairwiseDepDiv/nunv_anytwo_32_jgsession_26-03-01-05_24_05'
2026-03-01 05:24:06.588889 (3965935) main____ INFO      locale    : UTF-8
2026-03-01 05:24:06.588899 (3965935) main____ INFO    ----------------------------------------
2026-03-01 05:24:06.588909 (3965935) main____ INFO    System resource limits info:
2026-03-01 05:24:06.588923 (3965935) main____ INFO      virtual memory: unlimited
2026-03-01 05:24:06.588935 (3965935) main____ INFO      cpu time      : unlimited
2026-03-01 05:24:06.588954 (3965935) main____ INFO      processes     : 4096
2026-03-01 05:24:06.588974 (3965935) main____ INFO      stack size    : 8388608 B
2026-03-01 05:24:06.588989 (3965935) main____ INFO      core file size: 0 B
2026-03-01 05:24:06.589003 (3965935) main____ INFO      open files    : 4096
2026-03-01 05:24:06.589015 (3965935) main____ INFO      file size     : unlimited
2026-03-01 05:24:06.589025 (3965935) main____ INFO    ----------------------------------------
2026-03-01 05:24:06.589035 (3965935) main____ INFO    Memory statistics:
2026-03-01 05:24:06.589047 (3965935) main____ INFO      total physical memory  : 98449088 kB
2026-03-01 05:24:06.589059 (3965935) main____ INFO      free physical memory   : 78070284 kB
2026-03-01 05:24:06.589072 (3965935) main____ INFO      committed address space: 17850740 kB
2026-03-01 05:24:06.589082 (3965935) main____ INFO    ----------------------------------------
2026-03-01 05:24:06.590272 (3965935) main____ INFO    Important environment variables:
2026-03-01 05:24:06.590299 (3965935) main____ INFO      CDS_LIC_FILE       : '5280@cadlic0'
2026-03-01 05:24:06.590313 (3965935) main____ INFO      DISPLAY            : 'localhost:12.0'
2026-03-01 05:24:06.590325 (3965935) main____ INFO      JASPER_INSTALL_DIR : '/cad/cadence/jasper_2023.12p001'
2026-03-01 05:24:06.590337 (3965935) main____ INFO      JASPER_KERNEL_CHECK: '1'
2026-03-01 05:24:06.590350 (3965935) main____ INFO      JASPER_OS_CHECK    : '0'
2026-03-01 05:24:06.590362 (3965935) main____ INFO      LANG               : 'zh_TW.UTF-8'
2026-03-01 05:24:06.590372 (3965935) main____ INFO    ----------------------------------------
2026-03-01 05:24:06.591874 (3965935) lic_core INFO    Initializing license system ...
2026-03-01 05:24:06.666419 (3965935) lic_core INFO    ... license system initialized.
2026-03-01 05:24:06.767941 (3965935) lic__man INFO    Claim 'main' for <ui>.
2026-03-01 05:24:06.768023 (3965935) lic_core INFO    (1) checking out 'jasper_interactive' ...
2026-03-01 05:24:06.868988 (3965935) lic_core INFO    ... (1) checkout succeeded
2026-03-01 05:24:06.869111 (3965935) lic__man INFO    Claim 'fpv' for <ui>.
2026-03-01 05:24:06.869141 (3965935) lic_core INFO    (2) checking out 'jasper_fpv' ...
2026-03-01 05:24:06.914148 (3965935) lic_core INFO    ... (2) checkout failed (error: -5) ("FLEXnet ERROR(-5, 0, 0): No such feature exists.")
2026-03-01 05:24:06.914223 (3965935) lic_core INFO    (3) checking out 'jasper_fao' ...
2026-03-01 05:24:06.970975 (3965935) lic_core INFO    ... (3) checkout succeeded
2026-03-01 05:24:06.998585 (3965935) main____ INFO    Tool inactivity delay is 480000 ms.
2026-03-01 05:24:07.007917 (3965951) stdio___ INFO    Starting STDIN reader (tty: yes, tty name: '/dev/pts/0')
2026-03-01 05:24:07.369793 (3965935) session_ INFO    Starting analysis session with session id 'session_0' (launcher: <local>) ...
2026-03-01 05:24:07.371606 (3965935) session_ INFO    Analysis session with session id 'session_0' started (pid: 3965952)
2026-03-01 05:24:10.300792 (3965935) session_ INFO    Analysis session 'session_0' connected to the console (host: 127.0.0.1:47434)
2026-03-01 05:24:21.605768 (3965935) lic__man INFO    Unclaim everything for 'session_0'.
2026-03-01 05:24:22.139457 (3965935) lic__man INFO    Claim 'fpv' for 'session_0'.
2026-03-01 05:24:22.139508 (3965935) lic__man INFO    Claim 'fpv' for 'session_0/prove-0'.
2026-03-01 05:25:04.150950 (3965935) lic__man INFO    Unclaim everything for 'session_0/prove-0'.
2026-03-01 05:25:04.207966 (3965935) main____ INFO    About to exit: request to exit with status 0 received from analysis session 'session_0'
2026-03-01 05:25:04.639971 (3965935) session_ INFO    Analysis session 'session_0' disconnected.
2026-03-01 05:25:04.640133 (3965935) lic__man INFO    Unclaim everything for 'session_0'.
2026-03-01 05:25:04.643904 (3965935) session_ INFO    Process for analysis session 'session_0' has exited with exit status '0'.
2026-03-01 05:25:06.338363 (3965951) stdio___ INFO    STDIN reader requested to stop.
2026-03-01 05:25:06.338423 (3965951) stdio___ INFO    STDIN reader stopped.
2026-03-01 05:25:06.347373 (3965935) lic_core INFO    (1) checkin jasper_interactive
2026-03-01 05:25:06.361769 (3965935) lic_core INFO    (3) checkin jasper_fao
2026-03-01 05:25:06.364078 (3965935) main____ INFO    Exiting with status 0.
