2026-02-28 19:38:42.761844 (954754) main____ INFO    ----------------------------------------
2026-02-28 19:38:42.761909 (954754) main____ INFO    Jasper version info
2026-02-28 19:38:42.761924 (954754) main____ INFO      tool      : Jasper 2023.12
2026-02-28 19:38:42.761939 (954754) main____ INFO      version   : 2023.12p001 64 bits
2026-02-28 19:38:42.761951 (954754) main____ INFO      build date: 2024.01.23 16:09:24 UTC
2026-02-28 19:38:42.761962 (954754) main____ INFO    ----------------------------------------
2026-02-28 19:38:42.761971 (954754) main____ INFO    Runtime info:
2026-02-28 19:38:42.761983 (954754) main____ INFO      platform  : Linux 4.18.0-553.89.1.el8_10.x86_64 x86_64
2026-02-28 19:38:42.761999 (954754) main____ INFO      hostname  : caddy15.stanford.edu
2026-02-28 19:38:42.762014 (954754) main____ INFO      pid       : 954754
2026-02-28 19:38:42.762026 (954754) main____ INFO      arguments : '-style' 'windows' '-allow_unsupported_OS' '-no_gui' '-fpv' './synthlc/i_ADDI_out/xPerfLocSubsetDiv/coverset_26_.tcl' '-proj' './synthlc/i_ADDI_out/xPerfLocSubsetDiv/coverset_26_jgsession_26-02-28-19_38_42'
2026-02-28 19:38:42.762041 (954754) main____ INFO      locale    : UTF-8
2026-02-28 19:38:42.762051 (954754) main____ INFO    ----------------------------------------
2026-02-28 19:38:42.762061 (954754) main____ INFO    System resource limits info:
2026-02-28 19:38:42.762084 (954754) main____ INFO      virtual memory: unlimited
2026-02-28 19:38:42.762097 (954754) main____ INFO      cpu time      : unlimited
2026-02-28 19:38:42.762113 (954754) main____ INFO      processes     : 4096
2026-02-28 19:38:42.762131 (954754) main____ INFO      stack size    : 8388608 B
2026-02-28 19:38:42.762146 (954754) main____ INFO      core file size: 0 B
2026-02-28 19:38:42.762159 (954754) main____ INFO      open files    : 4096
2026-02-28 19:38:42.762171 (954754) main____ INFO      file size     : unlimited
2026-02-28 19:38:42.762181 (954754) main____ INFO    ----------------------------------------
2026-02-28 19:38:42.762191 (954754) main____ INFO    Memory statistics:
2026-02-28 19:38:42.762202 (954754) main____ INFO      total physical memory  : 98449092 kB
2026-02-28 19:38:42.762213 (954754) main____ INFO      free physical memory   : 79506480 kB
2026-02-28 19:38:42.762225 (954754) main____ INFO      committed address space: 2416060 kB
2026-02-28 19:38:42.762234 (954754) main____ INFO    ----------------------------------------
2026-02-28 19:38:42.763377 (954754) main____ INFO    Important environment variables:
2026-02-28 19:38:42.763400 (954754) main____ INFO      CDS_LIC_FILE       : '5280@cadlic0'
2026-02-28 19:38:42.763412 (954754) main____ INFO      JASPER_INSTALL_DIR : '/cad/cadence/jasper_2023.12p001'
2026-02-28 19:38:42.763425 (954754) main____ INFO      JASPER_KERNEL_CHECK: '1'
2026-02-28 19:38:42.763437 (954754) main____ INFO      JASPER_OS_CHECK    : '0'
2026-02-28 19:38:42.763450 (954754) main____ INFO      LANG               : 'en_US.UTF-8'
2026-02-28 19:38:42.763460 (954754) main____ INFO    ----------------------------------------
2026-02-28 19:38:42.764551 (954754) lic_core INFO    Initializing license system ...
2026-02-28 19:38:42.766022 (954754) lic_core INFO    ... license system initialized.
2026-02-28 19:38:42.783320 (954754) lic__man INFO    Claim 'main' for <ui>.
2026-02-28 19:38:42.783369 (954754) lic_core INFO    (1) checking out 'jasper_interactive' ...
2026-02-28 19:38:42.795877 (954754) lic_core INFO    ... (1) checkout succeeded
2026-02-28 19:38:42.795936 (954754) lic__man INFO    Claim 'fpv' for <ui>.
2026-02-28 19:38:42.795958 (954754) lic_core INFO    (2) checking out 'jasper_fpv' ...
2026-02-28 19:38:42.800054 (954754) lic_core INFO    ... (2) checkout failed (error: -5) ("FLEXnet ERROR(-5, 0, 0): No such feature exists.")
2026-02-28 19:38:42.800104 (954754) lic_core INFO    (3) checking out 'jasper_fao' ...
2026-02-28 19:38:42.810614 (954754) lic_core INFO    ... (3) checkout succeeded
2026-02-28 19:38:42.811726 (954765) stdio___ INFO    Starting STDIN reader (tty: yes, tty name: '/dev/pts/0')
2026-02-28 19:38:42.811790 (954754) main____ INFO    Tool inactivity delay is 480000 ms.
2026-02-28 19:38:42.853839 (954754) session_ INFO    Starting analysis session with session id 'session_0' (launcher: <local>) ...
2026-02-28 19:38:42.855703 (954754) session_ INFO    Analysis session with session id 'session_0' started (pid: 954766)
2026-02-28 19:38:43.951176 (954754) session_ INFO    Analysis session 'session_0' connected to the console (host: 127.0.0.1:52768)
2026-02-28 19:38:48.478275 (954754) lic__man INFO    Unclaim everything for 'session_0'.
2026-02-28 19:38:48.954991 (954754) lic__man INFO    Claim 'fpv' for 'session_0'.
2026-02-28 19:38:48.955032 (954754) lic__man INFO    Claim 'fpv' for 'session_0/prove-0'.
2026-02-28 19:38:52.537007 (954754) lic__man INFO    Unclaim everything for 'session_0/prove-0'.
2026-02-28 19:38:52.579450 (954754) main____ INFO    About to exit: request to exit with status 0 received from analysis session 'session_0'
2026-02-28 19:38:52.718008 (954754) session_ INFO    Analysis session 'session_0' disconnected.
2026-02-28 19:38:52.718160 (954754) lic__man INFO    Unclaim everything for 'session_0'.
2026-02-28 19:38:52.718444 (954754) session_ INFO    Process for analysis session 'session_0' has exited with exit status '0'.
2026-02-28 19:38:54.486844 (954765) stdio___ INFO    STDIN reader requested to stop.
2026-02-28 19:38:54.486890 (954765) stdio___ INFO    STDIN reader stopped.
2026-02-28 19:38:54.487357 (954754) lic_core INFO    (1) checkin jasper_interactive
2026-02-28 19:38:54.488982 (954754) lic_core INFO    (3) checkin jasper_fao
2026-02-28 19:38:54.489943 (954754) main____ INFO    Exiting with status 0.
