2026-03-01 10:04:57.262040 (45638) main____ INFO    ----------------------------------------
2026-03-01 10:04:57.262121 (45638) main____ INFO    Jasper version info
2026-03-01 10:04:57.262138 (45638) main____ INFO      tool      : Jasper 2023.12
2026-03-01 10:04:57.262154 (45638) main____ INFO      version   : 2023.12p001 64 bits
2026-03-01 10:04:57.262168 (45638) main____ INFO      build date: 2024.01.23 16:09:24 UTC
2026-03-01 10:04:57.262179 (45638) main____ INFO    ----------------------------------------
2026-03-01 10:04:57.262189 (45638) main____ INFO    Runtime info:
2026-03-01 10:04:57.262200 (45638) main____ INFO      platform  : Linux 4.18.0-553.89.1.el8_10.x86_64 x86_64
2026-03-01 10:04:57.262219 (45638) main____ INFO      hostname  : caddy12.stanford.edu
2026-03-01 10:04:57.262235 (45638) main____ INFO      pid       : 45638
2026-03-01 10:04:57.262247 (45638) main____ INFO      arguments : '-style' 'windows' '-allow_unsupported_OS' '-no_gui' '-fpv' './synthlc/i_LW_out/xHBPerfG_dfg_v3_div/HB_263_.tcl' '-proj' './synthlc/i_LW_out/xHBPerfG_dfg_v3_div/HB_263_jgsession_26-03-01-10_04_57'
2026-03-01 10:04:57.262265 (45638) main____ INFO      locale    : UTF-8
2026-03-01 10:04:57.262275 (45638) main____ INFO    ----------------------------------------
2026-03-01 10:04:57.262286 (45638) main____ INFO    System resource limits info:
2026-03-01 10:04:57.262299 (45638) main____ INFO      virtual memory: unlimited
2026-03-01 10:04:57.262312 (45638) main____ INFO      cpu time      : unlimited
2026-03-01 10:04:57.262341 (45638) main____ INFO      processes     : 4096
2026-03-01 10:04:57.262361 (45638) main____ INFO      stack size    : 8388608 B
2026-03-01 10:04:57.262376 (45638) main____ INFO      core file size: 0 B
2026-03-01 10:04:57.262390 (45638) main____ INFO      open files    : 4096
2026-03-01 10:04:57.262403 (45638) main____ INFO      file size     : unlimited
2026-03-01 10:04:57.262413 (45638) main____ INFO    ----------------------------------------
2026-03-01 10:04:57.262423 (45638) main____ INFO    Memory statistics:
2026-03-01 10:04:57.262436 (45638) main____ INFO      total physical memory  : 98449088 kB
2026-03-01 10:04:57.262448 (45638) main____ INFO      free physical memory   : 86449152 kB
2026-03-01 10:04:57.262460 (45638) main____ INFO      committed address space: 7321320 kB
2026-03-01 10:04:57.262470 (45638) main____ INFO    ----------------------------------------
2026-03-01 10:04:57.263659 (45638) main____ INFO    Important environment variables:
2026-03-01 10:04:57.263696 (45638) main____ INFO      CDS_LIC_FILE       : '5280@cadlic0'
2026-03-01 10:04:57.263710 (45638) main____ INFO      DISPLAY            : 'localhost:12.0'
2026-03-01 10:04:57.263723 (45638) main____ INFO      JASPER_INSTALL_DIR : '/cad/cadence/jasper_2023.12p001'
2026-03-01 10:04:57.263735 (45638) main____ INFO      JASPER_KERNEL_CHECK: '1'
2026-03-01 10:04:57.263748 (45638) main____ INFO      JASPER_OS_CHECK    : '0'
2026-03-01 10:04:57.263761 (45638) main____ INFO      LANG               : 'zh_TW.UTF-8'
2026-03-01 10:04:57.263771 (45638) main____ INFO    ----------------------------------------
2026-03-01 10:04:57.264923 (45638) lic_core INFO    Initializing license system ...
2026-03-01 10:04:57.266768 (45638) lic_core INFO    ... license system initialized.
2026-03-01 10:04:57.279390 (45638) lic__man INFO    Claim 'main' for <ui>.
2026-03-01 10:04:57.279454 (45638) lic_core INFO    (1) checking out 'jasper_interactive' ...
2026-03-01 10:04:57.291451 (45638) lic_core INFO    ... (1) checkout succeeded
2026-03-01 10:04:57.291535 (45638) lic__man INFO    Claim 'fpv' for <ui>.
2026-03-01 10:04:57.291563 (45638) lic_core INFO    (2) checking out 'jasper_fpv' ...
2026-03-01 10:04:57.295480 (45638) lic_core INFO    ... (2) checkout failed (error: -5) ("FLEXnet ERROR(-5, 0, 0): No such feature exists.")
2026-03-01 10:04:57.295531 (45638) lic_core INFO    (3) checking out 'jasper_fao' ...
2026-03-01 10:04:57.306185 (45638) lic_core INFO    ... (3) checkout succeeded
2026-03-01 10:04:57.307275 (45687) stdio___ INFO    Starting STDIN reader (tty: yes, tty name: '/dev/pts/0')
2026-03-01 10:04:57.307493 (45638) main____ INFO    Tool inactivity delay is 480000 ms.
2026-03-01 10:04:57.351508 (45638) session_ INFO    Starting analysis session with session id 'session_0' (launcher: <local>) ...
2026-03-01 10:04:57.353266 (45638) session_ INFO    Analysis session with session id 'session_0' started (pid: 45688)
2026-03-01 10:04:58.427786 (45638) session_ INFO    Analysis session 'session_0' connected to the console (host: 127.0.0.1:34718)
2026-03-01 10:05:01.491571 (45638) lic__man INFO    Unclaim everything for 'session_0'.
2026-03-01 10:05:01.691084 (45638) lic__man INFO    Claim 'fpv' for 'session_0'.
2026-03-01 10:05:01.691129 (45638) lic__man INFO    Claim 'fpv' for 'session_0/prove-0'.
2026-03-01 10:05:03.001623 (45638) lic__man INFO    Unclaim everything for 'session_0/prove-0'.
2026-03-01 10:05:03.043870 (45638) main____ INFO    About to exit: request to exit with status 0 received from analysis session 'session_0'
2026-03-01 10:05:03.184624 (45638) session_ INFO    Analysis session 'session_0' disconnected.
2026-03-01 10:05:03.184841 (45638) lic__man INFO    Unclaim everything for 'session_0'.
2026-03-01 10:05:03.185036 (45638) session_ INFO    Process for analysis session 'session_0' has exited with exit status '0'.
2026-03-01 10:05:04.952295 (45687) stdio___ INFO    STDIN reader requested to stop.
2026-03-01 10:05:04.952348 (45687) stdio___ INFO    STDIN reader stopped.
2026-03-01 10:05:04.952684 (45638) lic_core INFO    (1) checkin jasper_interactive
2026-03-01 10:05:04.953743 (45638) lic_core INFO    (3) checkin jasper_fao
2026-03-01 10:05:04.954771 (45638) main____ INFO    Exiting with status 0.
