2026-02-26 12:47:21.748348 (2190948) main____ INFO    ----------------------------------------
2026-02-26 12:47:21.748450 (2190948) main____ INFO    Jasper version info
2026-02-26 12:47:21.748466 (2190948) main____ INFO      tool      : Jasper 2023.12
2026-02-26 12:47:21.748481 (2190948) main____ INFO      version   : 2023.12p001 64 bits
2026-02-26 12:47:21.748494 (2190948) main____ INFO      build date: 2024.01.23 16:09:24 UTC
2026-02-26 12:47:21.748505 (2190948) main____ INFO    ----------------------------------------
2026-02-26 12:47:21.748514 (2190948) main____ INFO    Runtime info:
2026-02-26 12:47:21.748525 (2190948) main____ INFO      platform  : Linux 4.18.0-553.89.1.el8_10.x86_64 x86_64
2026-02-26 12:47:21.748544 (2190948) main____ INFO      hostname  : caddy12.stanford.edu
2026-02-26 12:47:21.748560 (2190948) main____ INFO      pid       : 2190948
2026-02-26 12:47:21.748571 (2190948) main____ INFO      arguments : '-style' 'windows' '-allow_unsupported_OS' '-no_gui' '-fpv' './synthlc/i_DIV_out/xHBPerfG_dfg_v3_div/HB_263_.tcl' '-proj' './synthlc/i_DIV_out/xHBPerfG_dfg_v3_div/HB_263_jgsession_26-02-26-12_47_20'
2026-02-26 12:47:21.748588 (2190948) main____ INFO      locale    : UTF-8
2026-02-26 12:47:21.748597 (2190948) main____ INFO    ----------------------------------------
2026-02-26 12:47:21.748607 (2190948) main____ INFO    System resource limits info:
2026-02-26 12:47:21.748619 (2190948) main____ INFO      virtual memory: unlimited
2026-02-26 12:47:21.748631 (2190948) main____ INFO      cpu time      : unlimited
2026-02-26 12:47:21.748649 (2190948) main____ INFO      processes     : 4096
2026-02-26 12:47:21.748686 (2190948) main____ INFO      stack size    : 8388608 B
2026-02-26 12:47:21.748700 (2190948) main____ INFO      core file size: 0 B
2026-02-26 12:47:21.748714 (2190948) main____ INFO      open files    : 4096
2026-02-26 12:47:21.748725 (2190948) main____ INFO      file size     : unlimited
2026-02-26 12:47:21.748735 (2190948) main____ INFO    ----------------------------------------
2026-02-26 12:47:21.748744 (2190948) main____ INFO    Memory statistics:
2026-02-26 12:47:21.748756 (2190948) main____ INFO      total physical memory  : 98449088 kB
2026-02-26 12:47:21.748767 (2190948) main____ INFO      free physical memory   : 72070772 kB
2026-02-26 12:47:21.748778 (2190948) main____ INFO      committed address space: 12970900 kB
2026-02-26 12:47:21.748787 (2190948) main____ INFO    ----------------------------------------
2026-02-26 12:47:21.749995 (2190948) main____ INFO    Important environment variables:
2026-02-26 12:47:21.750020 (2190948) main____ INFO      CDS_LIC_FILE       : '5280@cadlic0'
2026-02-26 12:47:21.750034 (2190948) main____ INFO      DISPLAY            : 'localhost:12.0'
2026-02-26 12:47:21.750045 (2190948) main____ INFO      JASPER_INSTALL_DIR : '/cad/cadence/jasper_2023.12p001'
2026-02-26 12:47:21.750057 (2190948) main____ INFO      JASPER_KERNEL_CHECK: '1'
2026-02-26 12:47:21.750068 (2190948) main____ INFO      JASPER_OS_CHECK    : '0'
2026-02-26 12:47:21.750080 (2190948) main____ INFO      LANG               : 'zh_TW.UTF-8'
2026-02-26 12:47:21.750090 (2190948) main____ INFO    ----------------------------------------
2026-02-26 12:47:21.762861 (2190948) lic_core INFO    Initializing license system ...
2026-02-26 12:47:21.796703 (2190948) lic_core INFO    ... license system initialized.
2026-02-26 12:47:21.972955 (2190948) lic__man INFO    Claim 'main' for <ui>.
2026-02-26 12:47:21.973022 (2190948) lic_core INFO    (1) checking out 'jasper_interactive' ...
2026-02-26 12:47:22.034250 (2190948) lic_core INFO    ... (1) checkout succeeded
2026-02-26 12:47:22.034371 (2190948) lic__man INFO    Claim 'fpv' for <ui>.
2026-02-26 12:47:22.034400 (2190948) lic_core INFO    (2) checking out 'jasper_fpv' ...
2026-02-26 12:47:22.094123 (2190948) lic_core INFO    ... (2) checkout failed (error: -5) ("FLEXnet ERROR(-5, 0, 0): No such feature exists.")
2026-02-26 12:47:22.094180 (2190948) lic_core INFO    (3) checking out 'jasper_fao' ...
2026-02-26 12:47:22.109065 (2190948) lic_core INFO    ... (3) checkout succeeded
2026-02-26 12:47:22.119585 (2190948) main____ INFO    Tool inactivity delay is 480000 ms.
2026-02-26 12:47:22.132970 (2190964) stdio___ INFO    Starting STDIN reader (tty: yes, tty name: '/dev/pts/0')
2026-02-26 12:47:22.448826 (2190948) session_ INFO    Starting analysis session with session id 'session_0' (launcher: <local>) ...
2026-02-26 12:47:22.450922 (2190948) session_ INFO    Analysis session with session id 'session_0' started (pid: 2190965)
2026-02-26 12:47:25.517306 (2190948) session_ INFO    Analysis session 'session_0' connected to the console (host: 127.0.0.1:53254)
2026-02-26 12:47:33.864920 (2190948) lic__man INFO    Unclaim everything for 'session_0'.
2026-02-26 12:47:34.336255 (2190948) lic__man INFO    Claim 'fpv' for 'session_0'.
2026-02-26 12:47:34.336302 (2190948) lic__man INFO    Claim 'fpv' for 'session_0/prove-0'.
2026-02-26 12:47:40.363459 (2190948) lic__man INFO    Unclaim everything for 'session_0/prove-0'.
2026-02-26 12:47:40.386946 (2190948) main____ INFO    About to exit: request to exit with status 0 received from analysis session 'session_0'
2026-02-26 12:47:40.864100 (2190948) session_ INFO    Analysis session 'session_0' disconnected.
2026-02-26 12:47:40.864254 (2190948) lic__man INFO    Unclaim everything for 'session_0'.
2026-02-26 12:47:40.876628 (2190948) session_ INFO    Process for analysis session 'session_0' has exited with exit status '0'.
2026-02-26 12:47:42.404007 (2190964) stdio___ INFO    STDIN reader requested to stop.
2026-02-26 12:47:42.404061 (2190964) stdio___ INFO    STDIN reader stopped.
2026-02-26 12:47:42.404385 (2190948) lic_core INFO    (1) checkin jasper_interactive
2026-02-26 12:47:42.405551 (2190948) lic_core INFO    (3) checkin jasper_fao
2026-02-26 12:47:42.437953 (2190948) main____ INFO    Exiting with status 0.
