2026-03-01 23:14:25.032613 (759284) main____ INFO    ----------------------------------------
2026-03-01 23:14:25.032716 (759284) main____ INFO    Jasper version info
2026-03-01 23:14:25.032732 (759284) main____ INFO      tool      : Jasper 2023.12
2026-03-01 23:14:25.032747 (759284) main____ INFO      version   : 2023.12p001 64 bits
2026-03-01 23:14:25.032760 (759284) main____ INFO      build date: 2024.01.23 16:09:24 UTC
2026-03-01 23:14:25.032769 (759284) main____ INFO    ----------------------------------------
2026-03-01 23:14:25.032778 (759284) main____ INFO    Runtime info:
2026-03-01 23:14:25.032788 (759284) main____ INFO      platform  : Linux 4.18.0-553.89.1.el8_10.x86_64 x86_64
2026-03-01 23:14:25.032807 (759284) main____ INFO      hostname  : caddy10.stanford.edu
2026-03-01 23:14:25.032822 (759284) main____ INFO      pid       : 759284
2026-03-01 23:14:25.032834 (759284) main____ INFO      arguments : '-style' 'windows' '-allow_unsupported_OS' '-no_gui' '-fpv' './synthlc/i_MUL_out/xPairwiseDepDiv/exclusive_5_.tcl' '-proj' './synthlc/i_MUL_out/xPairwiseDepDiv/exclusive_5_jgsession_26-03-01-23_14_23'
2026-03-01 23:14:25.032851 (759284) main____ INFO      locale    : UTF-8
2026-03-01 23:14:25.032860 (759284) main____ INFO    ----------------------------------------
2026-03-01 23:14:25.032869 (759284) main____ INFO    System resource limits info:
2026-03-01 23:14:25.032881 (759284) main____ INFO      virtual memory: unlimited
2026-03-01 23:14:25.032893 (759284) main____ INFO      cpu time      : unlimited
2026-03-01 23:14:25.032911 (759284) main____ INFO      processes     : 4096
2026-03-01 23:14:25.032937 (759284) main____ INFO      stack size    : 8388608 B
2026-03-01 23:14:25.032951 (759284) main____ INFO      core file size: 0 B
2026-03-01 23:14:25.032963 (759284) main____ INFO      open files    : 4096
2026-03-01 23:14:25.032984 (759284) main____ INFO      file size     : unlimited
2026-03-01 23:14:25.032993 (759284) main____ INFO    ----------------------------------------
2026-03-01 23:14:25.033002 (759284) main____ INFO    Memory statistics:
2026-03-01 23:14:25.033013 (759284) main____ INFO      total physical memory  : 98449096 kB
2026-03-01 23:14:25.033024 (759284) main____ INFO      free physical memory   : 84039912 kB
2026-03-01 23:14:25.033035 (759284) main____ INFO      committed address space: 12464476 kB
2026-03-01 23:14:25.033044 (759284) main____ INFO    ----------------------------------------
2026-03-01 23:14:25.034362 (759284) main____ INFO    Important environment variables:
2026-03-01 23:14:25.034400 (759284) main____ INFO      CDS_LIC_FILE       : '5280@cadlic0'
2026-03-01 23:14:25.034412 (759284) main____ INFO      JASPER_INSTALL_DIR : '/cad/cadence/jasper_2023.12p001'
2026-03-01 23:14:25.034424 (759284) main____ INFO      JASPER_KERNEL_CHECK: '1'
2026-03-01 23:14:25.034436 (759284) main____ INFO      JASPER_OS_CHECK    : '0'
2026-03-01 23:14:25.034447 (759284) main____ INFO      LANG               : 'en_US.UTF-8'
2026-03-01 23:14:25.034456 (759284) main____ INFO    ----------------------------------------
2026-03-01 23:14:25.046298 (759284) lic_core INFO    Initializing license system ...
2026-03-01 23:14:25.111827 (759284) lic_core INFO    ... license system initialized.
2026-03-01 23:14:25.246452 (759284) lic__man INFO    Claim 'main' for <ui>.
2026-03-01 23:14:25.246516 (759284) lic_core INFO    (1) checking out 'jasper_interactive' ...
2026-03-01 23:14:25.315372 (759284) lic_core INFO    ... (1) checkout succeeded
2026-03-01 23:14:25.315463 (759284) lic__man INFO    Claim 'fpv' for <ui>.
2026-03-01 23:14:25.315490 (759284) lic_core INFO    (2) checking out 'jasper_fpv' ...
2026-03-01 23:14:25.367576 (759284) lic_core INFO    ... (2) checkout failed (error: -5) ("FLEXnet ERROR(-5, 0, 0): No such feature exists.")
2026-03-01 23:14:25.367627 (759284) lic_core INFO    (3) checking out 'jasper_fao' ...
2026-03-01 23:14:25.443405 (759284) lic_core INFO    ... (3) checkout succeeded
2026-03-01 23:14:25.490980 (759284) main____ INFO    Tool inactivity delay is 480000 ms.
2026-03-01 23:14:25.510295 (759295) stdio___ INFO    Starting STDIN reader (tty: yes, tty name: '/dev/pts/7')
2026-03-01 23:14:25.876217 (759284) session_ INFO    Starting analysis session with session id 'session_0' (launcher: <local>) ...
2026-03-01 23:14:25.878433 (759284) session_ INFO    Analysis session with session id 'session_0' started (pid: 759296)
2026-03-01 23:14:28.477411 (759284) session_ INFO    Analysis session 'session_0' connected to the console (host: 127.0.0.1:60140)
2026-03-01 23:14:40.401282 (759284) lic__man INFO    Unclaim everything for 'session_0'.
2026-03-01 23:14:40.903653 (759284) lic__man INFO    Claim 'fpv' for 'session_0'.
2026-03-01 23:14:40.903695 (759284) lic__man INFO    Claim 'fpv' for 'session_0/prove-0'.
2026-03-01 23:15:06.682988 (759284) lic__man INFO    Unclaim everything for 'session_0/prove-0'.
2026-03-01 23:15:06.726222 (759284) main____ INFO    About to exit: request to exit with status 0 received from analysis session 'session_0'
2026-03-01 23:15:07.153326 (759284) session_ INFO    Analysis session 'session_0' disconnected.
2026-03-01 23:15:07.153484 (759284) lic__man INFO    Unclaim everything for 'session_0'.
2026-03-01 23:15:07.175278 (759284) session_ INFO    Process for analysis session 'session_0' has exited with exit status '0'.
2026-03-01 23:15:08.846145 (759295) stdio___ INFO    STDIN reader requested to stop.
2026-03-01 23:15:08.846208 (759295) stdio___ INFO    STDIN reader stopped.
2026-03-01 23:15:08.856339 (759284) lic_core INFO    (1) checkin jasper_interactive
2026-03-01 23:15:08.861276 (759284) lic_core INFO    (3) checkin jasper_fao
2026-03-01 23:15:08.875609 (759284) main____ INFO    Exiting with status 0.
