2026-03-01 13:01:07.867554 (86841) main____ INFO    ----------------------------------------
2026-03-01 13:01:07.867637 (86841) main____ INFO    Jasper version info
2026-03-01 13:01:07.867654 (86841) main____ INFO      tool      : Jasper 2023.12
2026-03-01 13:01:07.867682 (86841) main____ INFO      version   : 2023.12p001 64 bits
2026-03-01 13:01:07.867696 (86841) main____ INFO      build date: 2024.01.23 16:09:24 UTC
2026-03-01 13:01:07.867707 (86841) main____ INFO    ----------------------------------------
2026-03-01 13:01:07.867717 (86841) main____ INFO    Runtime info:
2026-03-01 13:01:07.867728 (86841) main____ INFO      platform  : Linux 4.18.0-553.89.1.el8_10.x86_64 x86_64
2026-03-01 13:01:07.867746 (86841) main____ INFO      hostname  : caddy12.stanford.edu
2026-03-01 13:01:07.867762 (86841) main____ INFO      pid       : 86841
2026-03-01 13:01:07.867773 (86841) main____ INFO      arguments : '-style' 'windows' '-allow_unsupported_OS' '-no_gui' '-fpv' './synthlc/i_LW_out/xHBPerfG_dfg_v3_div/WHB_315_.tcl' '-proj' './synthlc/i_LW_out/xHBPerfG_dfg_v3_div/WHB_315_jgsession_26-03-01-13_01_07'
2026-03-01 13:01:07.867789 (86841) main____ INFO      locale    : UTF-8
2026-03-01 13:01:07.867800 (86841) main____ INFO    ----------------------------------------
2026-03-01 13:01:07.867810 (86841) main____ INFO    System resource limits info:
2026-03-01 13:01:07.867823 (86841) main____ INFO      virtual memory: unlimited
2026-03-01 13:01:07.867835 (86841) main____ INFO      cpu time      : unlimited
2026-03-01 13:01:07.867853 (86841) main____ INFO      processes     : 4096
2026-03-01 13:01:07.868806 (86841) main____ INFO      stack size    : 8388608 B
2026-03-01 13:01:07.868822 (86841) main____ INFO      core file size: 0 B
2026-03-01 13:01:07.868836 (86841) main____ INFO      open files    : 4096
2026-03-01 13:01:07.868848 (86841) main____ INFO      file size     : unlimited
2026-03-01 13:01:07.868859 (86841) main____ INFO    ----------------------------------------
2026-03-01 13:01:07.868869 (86841) main____ INFO    Memory statistics:
2026-03-01 13:01:07.868881 (86841) main____ INFO      total physical memory  : 98449088 kB
2026-03-01 13:01:07.868894 (86841) main____ INFO      free physical memory   : 86475608 kB
2026-03-01 13:01:07.868906 (86841) main____ INFO      committed address space: 7200596 kB
2026-03-01 13:01:07.868923 (86841) main____ INFO    ----------------------------------------
2026-03-01 13:01:07.870095 (86841) main____ INFO    Important environment variables:
2026-03-01 13:01:07.870770 (86841) main____ INFO      CDS_LIC_FILE       : '5280@cadlic0'
2026-03-01 13:01:07.870785 (86841) main____ INFO      DISPLAY            : 'localhost:12.0'
2026-03-01 13:01:07.870797 (86841) main____ INFO      JASPER_INSTALL_DIR : '/cad/cadence/jasper_2023.12p001'
2026-03-01 13:01:07.870810 (86841) main____ INFO      JASPER_KERNEL_CHECK: '1'
2026-03-01 13:01:07.870823 (86841) main____ INFO      JASPER_OS_CHECK    : '0'
2026-03-01 13:01:07.870835 (86841) main____ INFO      LANG               : 'zh_TW.UTF-8'
2026-03-01 13:01:07.870846 (86841) main____ INFO    ----------------------------------------
2026-03-01 13:01:07.872059 (86841) lic_core INFO    Initializing license system ...
2026-03-01 13:01:07.873516 (86841) lic_core INFO    ... license system initialized.
2026-03-01 13:01:07.885936 (86841) lic__man INFO    Claim 'main' for <ui>.
2026-03-01 13:01:07.885987 (86841) lic_core INFO    (1) checking out 'jasper_interactive' ...
2026-03-01 13:01:07.898229 (86841) lic_core INFO    ... (1) checkout succeeded
2026-03-01 13:01:07.898292 (86841) lic__man INFO    Claim 'fpv' for <ui>.
2026-03-01 13:01:07.898315 (86841) lic_core INFO    (2) checking out 'jasper_fpv' ...
2026-03-01 13:01:07.902774 (86841) lic_core INFO    ... (2) checkout failed (error: -5) ("FLEXnet ERROR(-5, 0, 0): No such feature exists.")
2026-03-01 13:01:07.902812 (86841) lic_core INFO    (3) checking out 'jasper_fao' ...
2026-03-01 13:01:07.913807 (86841) lic_core INFO    ... (3) checkout succeeded
2026-03-01 13:01:07.914713 (86852) stdio___ INFO    Starting STDIN reader (tty: yes, tty name: '/dev/pts/0')
2026-03-01 13:01:07.915088 (86841) main____ INFO    Tool inactivity delay is 480000 ms.
2026-03-01 13:01:07.958717 (86841) session_ INFO    Starting analysis session with session id 'session_0' (launcher: <local>) ...
2026-03-01 13:01:07.960435 (86841) session_ INFO    Analysis session with session id 'session_0' started (pid: 86853)
2026-03-01 13:01:09.043747 (86841) session_ INFO    Analysis session 'session_0' connected to the console (host: 127.0.0.1:53348)
2026-03-01 13:01:12.290702 (86841) lic__man INFO    Unclaim everything for 'session_0'.
2026-03-01 13:01:12.616421 (86841) lic__man INFO    Claim 'fpv' for 'session_0'.
2026-03-01 13:01:12.616466 (86841) lic__man INFO    Claim 'fpv' for 'session_0/prove-0'.
2026-03-01 13:01:14.633138 (86841) lic__man INFO    Unclaim everything for 'session_0/prove-0'.
2026-03-01 13:01:14.656737 (86841) main____ INFO    About to exit: request to exit with status 0 received from analysis session 'session_0'
2026-03-01 13:01:15.112932 (86841) session_ INFO    Analysis session 'session_0' disconnected.
2026-03-01 13:01:15.113088 (86841) lic__man INFO    Unclaim everything for 'session_0'.
2026-03-01 13:01:15.123871 (86841) session_ INFO    Process for analysis session 'session_0' has exited with exit status '0'.
2026-03-01 13:01:16.777748 (86852) stdio___ INFO    STDIN reader requested to stop.
2026-03-01 13:01:16.777822 (86852) stdio___ INFO    STDIN reader stopped.
2026-03-01 13:01:16.791942 (86841) lic_core INFO    (1) checkin jasper_interactive
2026-03-01 13:01:16.793826 (86841) lic_core INFO    (3) checkin jasper_fao
2026-03-01 13:01:16.814008 (86841) main____ INFO    Exiting with status 0.
