2026-02-26 05:46:59.785005 (3794968) main____ INFO    ----------------------------------------
2026-02-26 05:46:59.785095 (3794968) main____ INFO    Jasper version info
2026-02-26 05:46:59.785111 (3794968) main____ INFO      tool      : Jasper 2023.12
2026-02-26 05:46:59.785126 (3794968) main____ INFO      version   : 2023.12p001 64 bits
2026-02-26 05:46:59.785140 (3794968) main____ INFO      build date: 2024.01.23 16:09:24 UTC
2026-02-26 05:46:59.785150 (3794968) main____ INFO    ----------------------------------------
2026-02-26 05:46:59.785159 (3794968) main____ INFO    Runtime info:
2026-02-26 05:46:59.785170 (3794968) main____ INFO      platform  : Linux 4.18.0-553.89.1.el8_10.x86_64 x86_64
2026-02-26 05:46:59.785189 (3794968) main____ INFO      hostname  : caddy15.stanford.edu
2026-02-26 05:46:59.785204 (3794968) main____ INFO      pid       : 3794968
2026-02-26 05:46:59.785215 (3794968) main____ INFO      arguments : '-style' 'windows' '-allow_unsupported_OS' '-no_gui' '-fpv' './synthlc/i_ADDI_out/xPerfLocSubsetDiv/coverset_124_.tcl' '-proj' './synthlc/i_ADDI_out/xPerfLocSubsetDiv/coverset_124_jgsession_26-02-26-05_46_59'
2026-02-26 05:46:59.785232 (3794968) main____ INFO      locale    : UTF-8
2026-02-26 05:46:59.785242 (3794968) main____ INFO    ----------------------------------------
2026-02-26 05:46:59.785251 (3794968) main____ INFO    System resource limits info:
2026-02-26 05:46:59.785263 (3794968) main____ INFO      virtual memory: unlimited
2026-02-26 05:46:59.785275 (3794968) main____ INFO      cpu time      : unlimited
2026-02-26 05:46:59.785294 (3794968) main____ INFO      processes     : 4096
2026-02-26 05:46:59.785327 (3794968) main____ INFO      stack size    : 8388608 B
2026-02-26 05:46:59.785341 (3794968) main____ INFO      core file size: 0 B
2026-02-26 05:46:59.785354 (3794968) main____ INFO      open files    : 4096
2026-02-26 05:46:59.785366 (3794968) main____ INFO      file size     : unlimited
2026-02-26 05:46:59.785375 (3794968) main____ INFO    ----------------------------------------
2026-02-26 05:46:59.785384 (3794968) main____ INFO    Memory statistics:
2026-02-26 05:46:59.785396 (3794968) main____ INFO      total physical memory  : 98449092 kB
2026-02-26 05:46:59.785407 (3794968) main____ INFO      free physical memory   : 70960140 kB
2026-02-26 05:46:59.785419 (3794968) main____ INFO      committed address space: 13026756 kB
2026-02-26 05:46:59.785428 (3794968) main____ INFO    ----------------------------------------
2026-02-26 05:46:59.786604 (3794968) main____ INFO    Important environment variables:
2026-02-26 05:46:59.786637 (3794968) main____ INFO      CDS_LIC_FILE       : '5280@cadlic0'
2026-02-26 05:46:59.786651 (3794968) main____ INFO      JASPER_INSTALL_DIR : '/cad/cadence/jasper_2023.12p001'
2026-02-26 05:46:59.786664 (3794968) main____ INFO      JASPER_KERNEL_CHECK: '1'
2026-02-26 05:46:59.786677 (3794968) main____ INFO      JASPER_OS_CHECK    : '0'
2026-02-26 05:46:59.786690 (3794968) main____ INFO      LANG               : 'en_US.UTF-8'
2026-02-26 05:46:59.786700 (3794968) main____ INFO    ----------------------------------------
2026-02-26 05:46:59.789469 (3794968) lic_core INFO    Initializing license system ...
2026-02-26 05:46:59.790970 (3794968) lic_core INFO    ... license system initialized.
2026-02-26 05:46:59.803071 (3794968) lic__man INFO    Claim 'main' for <ui>.
2026-02-26 05:46:59.803137 (3794968) lic_core INFO    (1) checking out 'jasper_interactive' ...
2026-02-26 05:46:59.820602 (3794968) lic_core INFO    ... (1) checkout succeeded
2026-02-26 05:46:59.820706 (3794968) lic__man INFO    Claim 'fpv' for <ui>.
2026-02-26 05:46:59.820735 (3794968) lic_core INFO    (2) checking out 'jasper_fpv' ...
2026-02-26 05:46:59.828727 (3794968) lic_core INFO    ... (2) checkout failed (error: -5) ("FLEXnet ERROR(-5, 0, 0): No such feature exists.")
2026-02-26 05:46:59.828782 (3794968) lic_core INFO    (3) checking out 'jasper_fao' ...
2026-02-26 05:46:59.847193 (3794968) lic_core INFO    ... (3) checkout succeeded
2026-02-26 05:46:59.848685 (3794968) main____ INFO    Tool inactivity delay is 480000 ms.
2026-02-26 05:46:59.849001 (3794979) stdio___ INFO    Starting STDIN reader (tty: yes, tty name: '/dev/pts/0')
2026-02-26 05:46:59.892424 (3794968) session_ INFO    Starting analysis session with session id 'session_0' (launcher: <local>) ...
2026-02-26 05:46:59.894400 (3794968) session_ INFO    Analysis session with session id 'session_0' started (pid: 3794980)
2026-02-26 05:47:01.225003 (3794968) session_ INFO    Analysis session 'session_0' connected to the console (host: 127.0.0.1:34338)
2026-02-26 05:47:05.899981 (3794968) lic__man INFO    Unclaim everything for 'session_0'.
2026-02-26 05:47:06.177981 (3794968) lic__man INFO    Claim 'fpv' for 'session_0'.
2026-02-26 05:47:06.178032 (3794968) lic__man INFO    Claim 'fpv' for 'session_0/prove-0'.
2026-02-26 05:47:08.893098 (3794968) lic__man INFO    Unclaim everything for 'session_0/prove-0'.
2026-02-26 05:47:08.901933 (3794968) main____ INFO    About to exit: request to exit with status 0 received from analysis session 'session_0'
2026-02-26 05:47:09.084637 (3794968) session_ INFO    Analysis session 'session_0' disconnected.
2026-02-26 05:47:09.084792 (3794968) lic__man INFO    Unclaim everything for 'session_0'.
2026-02-26 05:47:09.085010 (3794968) session_ INFO    Process for analysis session 'session_0' has exited with exit status '0'.
2026-02-26 05:47:10.908035 (3794979) stdio___ INFO    STDIN reader requested to stop.
2026-02-26 05:47:10.908098 (3794979) stdio___ INFO    STDIN reader stopped.
2026-02-26 05:47:10.908541 (3794968) lic_core INFO    (1) checkin jasper_interactive
2026-02-26 05:47:10.909557 (3794968) lic_core INFO    (3) checkin jasper_fao
2026-02-26 05:47:10.911686 (3794968) main____ INFO    Exiting with status 0.
