2026-02-28 21:16:00.048248 (3674777) main____ INFO    ----------------------------------------
2026-02-28 21:16:00.048359 (3674777) main____ INFO    Jasper version info
2026-02-28 21:16:00.048376 (3674777) main____ INFO      tool      : Jasper 2023.12
2026-02-28 21:16:00.048392 (3674777) main____ INFO      version   : 2023.12p001 64 bits
2026-02-28 21:16:00.048406 (3674777) main____ INFO      build date: 2024.01.23 16:09:24 UTC
2026-02-28 21:16:00.048417 (3674777) main____ INFO    ----------------------------------------
2026-02-28 21:16:00.048427 (3674777) main____ INFO    Runtime info:
2026-02-28 21:16:00.048438 (3674777) main____ INFO      platform  : Linux 4.18.0-553.89.1.el8_10.x86_64 x86_64
2026-02-28 21:16:00.048457 (3674777) main____ INFO      hostname  : caddy12.stanford.edu
2026-02-28 21:16:00.048473 (3674777) main____ INFO      pid       : 3674777
2026-02-28 21:16:00.048485 (3674777) main____ INFO      arguments : '-style' 'windows' '-allow_unsupported_OS' '-no_gui' '-fpv' './synthlc/i_ADDI_out/xPairwiseDepDiv/nunv_anytwo_156_.tcl' '-proj' './synthlc/i_ADDI_out/xPairwiseDepDiv/nunv_anytwo_156_jgsession_26-02-28-21_15_58'
2026-02-28 21:16:00.048506 (3674777) main____ INFO      locale    : UTF-8
2026-02-28 21:16:00.048519 (3674777) main____ INFO    ----------------------------------------
2026-02-28 21:16:00.048530 (3674777) main____ INFO    System resource limits info:
2026-02-28 21:16:00.048545 (3674777) main____ INFO      virtual memory: unlimited
2026-02-28 21:16:00.048559 (3674777) main____ INFO      cpu time      : unlimited
2026-02-28 21:16:00.048578 (3674777) main____ INFO      processes     : 4096
2026-02-28 21:16:00.048599 (3674777) main____ INFO      stack size    : 8388608 B
2026-02-28 21:16:00.048614 (3674777) main____ INFO      core file size: 0 B
2026-02-28 21:16:00.048627 (3674777) main____ INFO      open files    : 4096
2026-02-28 21:16:00.048640 (3674777) main____ INFO      file size     : unlimited
2026-02-28 21:16:00.048650 (3674777) main____ INFO    ----------------------------------------
2026-02-28 21:16:00.048675 (3674777) main____ INFO    Memory statistics:
2026-02-28 21:16:00.048688 (3674777) main____ INFO      total physical memory  : 98449088 kB
2026-02-28 21:16:00.048700 (3674777) main____ INFO      free physical memory   : 87229200 kB
2026-02-28 21:16:00.048713 (3674777) main____ INFO      committed address space: 7502616 kB
2026-02-28 21:16:00.048731 (3674777) main____ INFO    ----------------------------------------
2026-02-28 21:16:00.049925 (3674777) main____ INFO    Important environment variables:
2026-02-28 21:16:00.075771 (3674777) main____ INFO      CDS_LIC_FILE       : '5280@cadlic0'
2026-02-28 21:16:00.075810 (3674777) main____ INFO      DISPLAY            : 'localhost:12.0'
2026-02-28 21:16:00.075824 (3674777) main____ INFO      JASPER_INSTALL_DIR : '/cad/cadence/jasper_2023.12p001'
2026-02-28 21:16:00.075838 (3674777) main____ INFO      JASPER_KERNEL_CHECK: '1'
2026-02-28 21:16:00.075851 (3674777) main____ INFO      JASPER_OS_CHECK    : '0'
2026-02-28 21:16:00.075863 (3674777) main____ INFO      LANG               : 'zh_TW.UTF-8'
2026-02-28 21:16:00.075874 (3674777) main____ INFO    ----------------------------------------
2026-02-28 21:16:00.077847 (3674777) lic_core INFO    Initializing license system ...
2026-02-28 21:16:00.122965 (3674777) lic_core INFO    ... license system initialized.
2026-02-28 21:16:00.299916 (3674777) lic__man INFO    Claim 'main' for <ui>.
2026-02-28 21:16:00.299986 (3674777) lic_core INFO    (1) checking out 'jasper_interactive' ...
2026-02-28 21:16:00.387038 (3674777) lic_core INFO    ... (1) checkout succeeded
2026-02-28 21:16:00.387137 (3674777) lic__man INFO    Claim 'fpv' for <ui>.
2026-02-28 21:16:00.387164 (3674777) lic_core INFO    (2) checking out 'jasper_fpv' ...
2026-02-28 21:16:00.460129 (3674777) lic_core INFO    ... (2) checkout failed (error: -5) ("FLEXnet ERROR(-5, 0, 0): No such feature exists.")
2026-02-28 21:16:00.460192 (3674777) lic_core INFO    (3) checking out 'jasper_fao' ...
2026-02-28 21:16:00.537884 (3674777) lic_core INFO    ... (3) checkout succeeded
2026-02-28 21:16:00.549541 (3674777) main____ INFO    Tool inactivity delay is 480000 ms.
2026-02-28 21:16:00.559884 (3674793) stdio___ INFO    Starting STDIN reader (tty: yes, tty name: '/dev/pts/0')
2026-02-28 21:16:00.872809 (3674777) session_ INFO    Starting analysis session with session id 'session_0' (launcher: <local>) ...
2026-02-28 21:16:00.874801 (3674777) session_ INFO    Analysis session with session id 'session_0' started (pid: 3674794)
2026-02-28 21:16:05.546181 (3674777) session_ INFO    Analysis session 'session_0' connected to the console (host: 127.0.0.1:56716)
2026-02-28 21:16:16.115620 (3674777) lic__man INFO    Unclaim everything for 'session_0'.
2026-02-28 21:16:16.703268 (3674777) lic__man INFO    Claim 'fpv' for 'session_0'.
2026-02-28 21:16:16.703319 (3674777) lic__man INFO    Claim 'fpv' for 'session_0/prove-0'.
2026-02-28 21:16:19.279505 (3674777) lic__man INFO    Unclaim everything for 'session_0/prove-0'.
2026-02-28 21:16:19.335959 (3674777) main____ INFO    About to exit: request to exit with status 0 received from analysis session 'session_0'
2026-02-28 21:16:19.802955 (3674777) session_ INFO    Analysis session 'session_0' disconnected.
2026-02-28 21:16:19.803117 (3674777) lic__man INFO    Unclaim everything for 'session_0'.
2026-02-28 21:16:19.815910 (3674777) session_ INFO    Process for analysis session 'session_0' has exited with exit status '0'.
2026-02-28 21:16:21.391954 (3674793) stdio___ INFO    STDIN reader requested to stop.
2026-02-28 21:16:21.392015 (3674793) stdio___ INFO    STDIN reader stopped.
2026-02-28 21:16:21.404192 (3674777) lic_core INFO    (1) checkin jasper_interactive
2026-02-28 21:16:21.405842 (3674777) lic_core INFO    (3) checkin jasper_fao
2026-02-28 21:16:21.428036 (3674777) main____ INFO    Exiting with status 0.
