2026-02-26 05:45:33.340959 (3792299) main____ INFO    ----------------------------------------
2026-02-26 05:45:33.341066 (3792299) main____ INFO    Jasper version info
2026-02-26 05:45:33.341084 (3792299) main____ INFO      tool      : Jasper 2023.12
2026-02-26 05:45:33.341102 (3792299) main____ INFO      version   : 2023.12p001 64 bits
2026-02-26 05:45:33.341117 (3792299) main____ INFO      build date: 2024.01.23 16:09:24 UTC
2026-02-26 05:45:33.341129 (3792299) main____ INFO    ----------------------------------------
2026-02-26 05:45:33.341139 (3792299) main____ INFO    Runtime info:
2026-02-26 05:45:33.341151 (3792299) main____ INFO      platform  : Linux 4.18.0-553.89.1.el8_10.x86_64 x86_64
2026-02-26 05:45:33.341173 (3792299) main____ INFO      hostname  : caddy15.stanford.edu
2026-02-26 05:45:33.341191 (3792299) main____ INFO      pid       : 3792299
2026-02-26 05:45:33.341204 (3792299) main____ INFO      arguments : '-style' 'windows' '-allow_unsupported_OS' '-no_gui' '-fpv' './synthlc/i_ADDI_out/xPerfLocSubsetDiv/coverset_154_.tcl' '-proj' './synthlc/i_ADDI_out/xPerfLocSubsetDiv/coverset_154_jgsession_26-02-26-05_45_33'
2026-02-26 05:45:33.341224 (3792299) main____ INFO      locale    : UTF-8
2026-02-26 05:45:33.341236 (3792299) main____ INFO    ----------------------------------------
2026-02-26 05:45:33.341246 (3792299) main____ INFO    System resource limits info:
2026-02-26 05:45:33.341261 (3792299) main____ INFO      virtual memory: unlimited
2026-02-26 05:45:33.341275 (3792299) main____ INFO      cpu time      : unlimited
2026-02-26 05:45:33.341295 (3792299) main____ INFO      processes     : 4096
2026-02-26 05:45:33.341336 (3792299) main____ INFO      stack size    : 8388608 B
2026-02-26 05:45:33.341352 (3792299) main____ INFO      core file size: 0 B
2026-02-26 05:45:33.341368 (3792299) main____ INFO      open files    : 4096
2026-02-26 05:45:33.341381 (3792299) main____ INFO      file size     : unlimited
2026-02-26 05:45:33.341393 (3792299) main____ INFO    ----------------------------------------
2026-02-26 05:45:33.341404 (3792299) main____ INFO    Memory statistics:
2026-02-26 05:45:33.341417 (3792299) main____ INFO      total physical memory  : 98449092 kB
2026-02-26 05:45:33.341430 (3792299) main____ INFO      free physical memory   : 71512112 kB
2026-02-26 05:45:33.341443 (3792299) main____ INFO      committed address space: 12984128 kB
2026-02-26 05:45:33.341454 (3792299) main____ INFO    ----------------------------------------
2026-02-26 05:45:33.342829 (3792299) main____ INFO    Important environment variables:
2026-02-26 05:45:33.342857 (3792299) main____ INFO      CDS_LIC_FILE       : '5280@cadlic0'
2026-02-26 05:45:33.342871 (3792299) main____ INFO      JASPER_INSTALL_DIR : '/cad/cadence/jasper_2023.12p001'
2026-02-26 05:45:33.342885 (3792299) main____ INFO      JASPER_KERNEL_CHECK: '1'
2026-02-26 05:45:33.342899 (3792299) main____ INFO      JASPER_OS_CHECK    : '0'
2026-02-26 05:45:33.342913 (3792299) main____ INFO      LANG               : 'en_US.UTF-8'
2026-02-26 05:45:33.342924 (3792299) main____ INFO    ----------------------------------------
2026-02-26 05:45:33.344555 (3792299) lic_core INFO    Initializing license system ...
2026-02-26 05:45:33.368572 (3792299) lic_core INFO    ... license system initialized.
2026-02-26 05:45:33.459807 (3792299) lic__man INFO    Claim 'main' for <ui>.
2026-02-26 05:45:33.459893 (3792299) lic_core INFO    (1) checking out 'jasper_interactive' ...
2026-02-26 05:45:33.538856 (3792299) lic_core INFO    ... (1) checkout succeeded
2026-02-26 05:45:33.538968 (3792299) lic__man INFO    Claim 'fpv' for <ui>.
2026-02-26 05:45:33.538999 (3792299) lic_core INFO    (2) checking out 'jasper_fpv' ...
2026-02-26 05:45:33.581118 (3792299) lic_core INFO    ... (2) checkout failed (error: -5) ("FLEXnet ERROR(-5, 0, 0): No such feature exists.")
2026-02-26 05:45:33.581182 (3792299) lic_core INFO    (3) checking out 'jasper_fao' ...
2026-02-26 05:45:33.635853 (3792299) lic_core INFO    ... (3) checkout succeeded
2026-02-26 05:45:33.662271 (3792299) main____ INFO    Tool inactivity delay is 480000 ms.
2026-02-26 05:45:33.670536 (3792315) stdio___ INFO    Starting STDIN reader (tty: yes, tty name: '/dev/pts/0')
2026-02-26 05:45:33.781558 (3792299) session_ INFO    Starting analysis session with session id 'session_0' (launcher: <local>) ...
2026-02-26 05:45:33.783778 (3792299) session_ INFO    Analysis session with session id 'session_0' started (pid: 3792318)
2026-02-26 05:45:36.263050 (3792299) session_ INFO    Analysis session 'session_0' connected to the console (host: 127.0.0.1:38778)
2026-02-26 05:45:44.834124 (3792299) lic__man INFO    Unclaim everything for 'session_0'.
2026-02-26 05:45:45.120622 (3792299) lic__man INFO    Claim 'fpv' for 'session_0'.
2026-02-26 05:45:45.120669 (3792299) lic__man INFO    Claim 'fpv' for 'session_0/prove-0'.
2026-02-26 05:45:48.554828 (3792299) lic__man INFO    Unclaim everything for 'session_0/prove-0'.
2026-02-26 05:45:48.618674 (3792299) main____ INFO    About to exit: request to exit with status 0 received from analysis session 'session_0'
2026-02-26 05:45:48.844057 (3792299) session_ INFO    Analysis session 'session_0' disconnected.
2026-02-26 05:45:48.844238 (3792299) lic__man INFO    Unclaim everything for 'session_0'.
2026-02-26 05:45:48.845175 (3792299) session_ INFO    Process for analysis session 'session_0' has exited with exit status '0'.
2026-02-26 05:45:50.526456 (3792315) stdio___ INFO    STDIN reader requested to stop.
2026-02-26 05:45:50.526498 (3792315) stdio___ INFO    STDIN reader stopped.
2026-02-26 05:45:50.529255 (3792299) lic_core INFO    (1) checkin jasper_interactive
2026-02-26 05:45:50.530935 (3792299) lic_core INFO    (3) checkin jasper_fao
2026-02-26 05:45:50.532737 (3792299) main____ INFO    Exiting with status 0.
