2026-03-02 10:38:26.388216 (565688) main____ INFO    ----------------------------------------
2026-03-02 10:38:26.388310 (565688) main____ INFO    Jasper version info
2026-03-02 10:38:26.388326 (565688) main____ INFO      tool      : Jasper 2023.12
2026-03-02 10:38:26.388341 (565688) main____ INFO      version   : 2023.12p001 64 bits
2026-03-02 10:38:26.388355 (565688) main____ INFO      build date: 2024.01.23 16:09:24 UTC
2026-03-02 10:38:26.388365 (565688) main____ INFO    ----------------------------------------
2026-03-02 10:38:26.388374 (565688) main____ INFO    Runtime info:
2026-03-02 10:38:26.388384 (565688) main____ INFO      platform  : Linux 4.18.0-553.89.1.el8_10.x86_64 x86_64
2026-03-02 10:38:26.388403 (565688) main____ INFO      hostname  : caddy12.stanford.edu
2026-03-02 10:38:26.388418 (565688) main____ INFO      pid       : 565688
2026-03-02 10:38:26.388429 (565688) main____ INFO      arguments : '-style' 'windows' '-allow_unsupported_OS' '-no_gui' '-fpv' './synthlc/i_ADDI_out/xPairwiseDepDiv/nunv_anytwo_39_.tcl' '-proj' './synthlc/i_ADDI_out/xPairwiseDepDiv/nunv_anytwo_39_jgsession_26-03-02-10_38_25'
2026-03-02 10:38:26.388446 (565688) main____ INFO      locale    : UTF-8
2026-03-02 10:38:26.388455 (565688) main____ INFO    ----------------------------------------
2026-03-02 10:38:26.388464 (565688) main____ INFO    System resource limits info:
2026-03-02 10:38:26.388476 (565688) main____ INFO      virtual memory: unlimited
2026-03-02 10:38:26.388488 (565688) main____ INFO      cpu time      : unlimited
2026-03-02 10:38:26.388505 (565688) main____ INFO      processes     : 4096
2026-03-02 10:38:26.388526 (565688) main____ INFO      stack size    : 8388608 B
2026-03-02 10:38:26.388539 (565688) main____ INFO      core file size: 0 B
2026-03-02 10:38:26.388552 (565688) main____ INFO      open files    : 4096
2026-03-02 10:38:26.388563 (565688) main____ INFO      file size     : unlimited
2026-03-02 10:38:26.388573 (565688) main____ INFO    ----------------------------------------
2026-03-02 10:38:26.388582 (565688) main____ INFO    Memory statistics:
2026-03-02 10:38:26.388593 (565688) main____ INFO      total physical memory  : 98449088 kB
2026-03-02 10:38:26.388604 (565688) main____ INFO      free physical memory   : 86457480 kB
2026-03-02 10:38:26.388616 (565688) main____ INFO      committed address space: 8951460 kB
2026-03-02 10:38:26.388625 (565688) main____ INFO    ----------------------------------------
2026-03-02 10:38:26.389848 (565688) main____ INFO    Important environment variables:
2026-03-02 10:38:26.389874 (565688) main____ INFO      CDS_LIC_FILE       : '5280@cadlic0'
2026-03-02 10:38:26.389887 (565688) main____ INFO      DISPLAY            : 'localhost:12.0'
2026-03-02 10:38:26.389898 (565688) main____ INFO      JASPER_INSTALL_DIR : '/cad/cadence/jasper_2023.12p001'
2026-03-02 10:38:26.389910 (565688) main____ INFO      JASPER_KERNEL_CHECK: '1'
2026-03-02 10:38:26.389929 (565688) main____ INFO      JASPER_OS_CHECK    : '0'
2026-03-02 10:38:26.389941 (565688) main____ INFO      LANG               : 'zh_TW.UTF-8'
2026-03-02 10:38:26.389950 (565688) main____ INFO    ----------------------------------------
2026-03-02 10:38:26.391854 (565688) lic_core INFO    Initializing license system ...
2026-03-02 10:38:26.415977 (565688) lic_core INFO    ... license system initialized.
2026-03-02 10:38:26.459847 (565688) lic__man INFO    Claim 'main' for <ui>.
2026-03-02 10:38:26.459907 (565688) lic_core INFO    (1) checking out 'jasper_interactive' ...
2026-03-02 10:38:26.477286 (565688) lic_core INFO    ... (1) checkout succeeded
2026-03-02 10:38:26.477370 (565688) lic__man INFO    Claim 'fpv' for <ui>.
2026-03-02 10:38:26.477394 (565688) lic_core INFO    (2) checking out 'jasper_fpv' ...
2026-03-02 10:38:26.483366 (565688) lic_core INFO    ... (2) checkout failed (error: -5) ("FLEXnet ERROR(-5, 0, 0): No such feature exists.")
2026-03-02 10:38:26.483416 (565688) lic_core INFO    (3) checking out 'jasper_fao' ...
2026-03-02 10:38:26.495852 (565688) lic_core INFO    ... (3) checkout succeeded
2026-03-02 10:38:26.497069 (565720) stdio___ INFO    Starting STDIN reader (tty: yes, tty name: '/dev/pts/0')
2026-03-02 10:38:26.497173 (565688) main____ INFO    Tool inactivity delay is 480000 ms.
2026-03-02 10:38:26.538823 (565688) session_ INFO    Starting analysis session with session id 'session_0' (launcher: <local>) ...
2026-03-02 10:38:26.540899 (565688) session_ INFO    Analysis session with session id 'session_0' started (pid: 565723)
2026-03-02 10:38:27.635014 (565688) session_ INFO    Analysis session 'session_0' connected to the console (host: 127.0.0.1:57558)
2026-03-02 10:38:30.676304 (565688) lic__man INFO    Unclaim everything for 'session_0'.
2026-03-02 10:38:30.873441 (565688) lic__man INFO    Claim 'fpv' for 'session_0'.
2026-03-02 10:38:30.873476 (565688) lic__man INFO    Claim 'fpv' for 'session_0/prove-0'.
2026-03-02 10:38:31.881056 (565688) lic__man INFO    Unclaim everything for 'session_0/prove-0'.
2026-03-02 10:38:31.922819 (565688) main____ INFO    About to exit: request to exit with status 0 received from analysis session 'session_0'
2026-03-02 10:38:32.070678 (565688) session_ INFO    Analysis session 'session_0' disconnected.
2026-03-02 10:38:32.070872 (565688) lic__man INFO    Unclaim everything for 'session_0'.
2026-03-02 10:38:32.071065 (565688) session_ INFO    Process for analysis session 'session_0' has exited with exit status '0'.
2026-03-02 10:38:33.891879 (565720) stdio___ INFO    STDIN reader requested to stop.
2026-03-02 10:38:33.891920 (565720) stdio___ INFO    STDIN reader stopped.
2026-03-02 10:38:33.892125 (565688) lic_core INFO    (1) checkin jasper_interactive
2026-03-02 10:38:33.893704 (565688) lic_core INFO    (3) checkin jasper_fao
2026-03-02 10:38:33.894637 (565688) main____ INFO    Exiting with status 0.
