2026-02-26 12:37:23.366394 (2186264) main____ INFO    ----------------------------------------
2026-02-26 12:37:23.366489 (2186264) main____ INFO    Jasper version info
2026-02-26 12:37:23.366506 (2186264) main____ INFO      tool      : Jasper 2023.12
2026-02-26 12:37:23.366521 (2186264) main____ INFO      version   : 2023.12p001 64 bits
2026-02-26 12:37:23.366534 (2186264) main____ INFO      build date: 2024.01.23 16:09:24 UTC
2026-02-26 12:37:23.366544 (2186264) main____ INFO    ----------------------------------------
2026-02-26 12:37:23.366553 (2186264) main____ INFO    Runtime info:
2026-02-26 12:37:23.366564 (2186264) main____ INFO      platform  : Linux 4.18.0-553.89.1.el8_10.x86_64 x86_64
2026-02-26 12:37:23.366582 (2186264) main____ INFO      hostname  : caddy12.stanford.edu
2026-02-26 12:37:23.366597 (2186264) main____ INFO      pid       : 2186264
2026-02-26 12:37:23.366608 (2186264) main____ INFO      arguments : '-style' 'windows' '-allow_unsupported_OS' '-no_gui' '-fpv' './synthlc/i_DIV_out/xHBPerfG_dfg_v3_div/HB_224_.tcl' '-proj' './synthlc/i_DIV_out/xHBPerfG_dfg_v3_div/HB_224_jgsession_26-02-26-12_37_22'
2026-02-26 12:37:23.366647 (2186264) main____ INFO      locale    : UTF-8
2026-02-26 12:37:23.366657 (2186264) main____ INFO    ----------------------------------------
2026-02-26 12:37:23.366682 (2186264) main____ INFO    System resource limits info:
2026-02-26 12:37:23.366694 (2186264) main____ INFO      virtual memory: unlimited
2026-02-26 12:37:23.366706 (2186264) main____ INFO      cpu time      : unlimited
2026-02-26 12:37:23.366723 (2186264) main____ INFO      processes     : 4096
2026-02-26 12:37:23.366743 (2186264) main____ INFO      stack size    : 8388608 B
2026-02-26 12:37:23.366757 (2186264) main____ INFO      core file size: 0 B
2026-02-26 12:37:23.366769 (2186264) main____ INFO      open files    : 4096
2026-02-26 12:37:23.366781 (2186264) main____ INFO      file size     : unlimited
2026-02-26 12:37:23.366790 (2186264) main____ INFO    ----------------------------------------
2026-02-26 12:37:23.366799 (2186264) main____ INFO    Memory statistics:
2026-02-26 12:37:23.366811 (2186264) main____ INFO      total physical memory  : 98449088 kB
2026-02-26 12:37:23.366822 (2186264) main____ INFO      free physical memory   : 75940064 kB
2026-02-26 12:37:23.366833 (2186264) main____ INFO      committed address space: 8041380 kB
2026-02-26 12:37:23.366842 (2186264) main____ INFO    ----------------------------------------
2026-02-26 12:37:23.368077 (2186264) main____ INFO    Important environment variables:
2026-02-26 12:37:23.368112 (2186264) main____ INFO      CDS_LIC_FILE       : '5280@cadlic0'
2026-02-26 12:37:23.368125 (2186264) main____ INFO      DISPLAY            : 'localhost:12.0'
2026-02-26 12:37:23.368136 (2186264) main____ INFO      JASPER_INSTALL_DIR : '/cad/cadence/jasper_2023.12p001'
2026-02-26 12:37:23.368148 (2186264) main____ INFO      JASPER_KERNEL_CHECK: '1'
2026-02-26 12:37:23.368160 (2186264) main____ INFO      JASPER_OS_CHECK    : '0'
2026-02-26 12:37:23.368172 (2186264) main____ INFO      LANG               : 'zh_TW.UTF-8'
2026-02-26 12:37:23.368181 (2186264) main____ INFO    ----------------------------------------
2026-02-26 12:37:23.369822 (2186264) lic_core INFO    Initializing license system ...
2026-02-26 12:37:23.393040 (2186264) lic_core INFO    ... license system initialized.
2026-02-26 12:37:23.406507 (2186264) lic__man INFO    Claim 'main' for <ui>.
2026-02-26 12:37:23.406570 (2186264) lic_core INFO    (1) checking out 'jasper_interactive' ...
2026-02-26 12:37:23.468967 (2186264) lic_core INFO    ... (1) checkout succeeded
2026-02-26 12:37:23.469063 (2186264) lic__man INFO    Claim 'fpv' for <ui>.
2026-02-26 12:37:23.469091 (2186264) lic_core INFO    (2) checking out 'jasper_fpv' ...
2026-02-26 12:37:23.501243 (2186264) lic_core INFO    ... (2) checkout failed (error: -5) ("FLEXnet ERROR(-5, 0, 0): No such feature exists.")
2026-02-26 12:37:23.501299 (2186264) lic_core INFO    (3) checking out 'jasper_fao' ...
2026-02-26 12:37:23.527061 (2186264) lic_core INFO    ... (3) checkout succeeded
2026-02-26 12:37:23.529426 (2186264) main____ INFO    Tool inactivity delay is 480000 ms.
2026-02-26 12:37:23.529733 (2186284) stdio___ INFO    Starting STDIN reader (tty: yes, tty name: '/dev/pts/0')
2026-02-26 12:37:23.614457 (2186264) session_ INFO    Starting analysis session with session id 'session_0' (launcher: <local>) ...
2026-02-26 12:37:23.616455 (2186264) session_ INFO    Analysis session with session id 'session_0' started (pid: 2186285)
2026-02-26 12:37:25.132098 (2186264) session_ INFO    Analysis session 'session_0' connected to the console (host: 127.0.0.1:40010)
2026-02-26 12:37:29.489888 (2186264) lic__man INFO    Unclaim everything for 'session_0'.
2026-02-26 12:37:29.787326 (2186264) lic__man INFO    Claim 'fpv' for 'session_0'.
2026-02-26 12:37:29.787372 (2186264) lic__man INFO    Claim 'fpv' for 'session_0/prove-0'.
2026-02-26 12:37:39.108057 (2186264) lic__man INFO    Unclaim everything for 'session_0/prove-0'.
2026-02-26 12:37:39.177954 (2186264) main____ INFO    About to exit: request to exit with status 0 received from analysis session 'session_0'
2026-02-26 12:37:39.482623 (2186264) session_ INFO    Analysis session 'session_0' disconnected.
2026-02-26 12:37:39.482781 (2186264) lic__man INFO    Unclaim everything for 'session_0'.
2026-02-26 12:37:39.483078 (2186264) session_ INFO    Process for analysis session 'session_0' has exited with exit status '0'.
2026-02-26 12:37:41.296252 (2186284) stdio___ INFO    STDIN reader requested to stop.
2026-02-26 12:37:41.296299 (2186284) stdio___ INFO    STDIN reader stopped.
2026-02-26 12:37:41.296612 (2186264) lic_core INFO    (1) checkin jasper_interactive
2026-02-26 12:37:41.297823 (2186264) lic_core INFO    (3) checkin jasper_fao
2026-02-26 12:37:41.309965 (2186264) main____ INFO    Exiting with status 0.
