2026-02-26 09:45:09.939739 (2053151) main____ INFO    ----------------------------------------
2026-02-26 09:45:09.939797 (2053151) main____ INFO    Jasper version info
2026-02-26 09:45:09.939811 (2053151) main____ INFO      tool      : Jasper 2023.12
2026-02-26 09:45:09.939824 (2053151) main____ INFO      version   : 2023.12p001 64 bits
2026-02-26 09:45:09.939847 (2053151) main____ INFO      build date: 2024.01.23 16:09:24 UTC
2026-02-26 09:45:09.939856 (2053151) main____ INFO    ----------------------------------------
2026-02-26 09:45:09.939865 (2053151) main____ INFO    Runtime info:
2026-02-26 09:45:09.939876 (2053151) main____ INFO      platform  : Linux 4.18.0-553.89.1.el8_10.x86_64 x86_64
2026-02-26 09:45:09.939892 (2053151) main____ INFO      hostname  : caddy12.stanford.edu
2026-02-26 09:45:09.939906 (2053151) main____ INFO      pid       : 2053151
2026-02-26 09:45:09.939917 (2053151) main____ INFO      arguments : '-style' 'windows' '-allow_unsupported_OS' '-no_gui' '-fpv' './synthlc/i_DIV_out/xCoverAPerflocDiv/17_.tcl' '-proj' './synthlc/i_DIV_out/xCoverAPerflocDiv/17_jgsession_26-02-26-09_45_09'
2026-02-26 09:45:09.939931 (2053151) main____ INFO      locale    : UTF-8
2026-02-26 09:45:09.939941 (2053151) main____ INFO    ----------------------------------------
2026-02-26 09:45:09.939950 (2053151) main____ INFO    System resource limits info:
2026-02-26 09:45:09.939961 (2053151) main____ INFO      virtual memory: unlimited
2026-02-26 09:45:09.939973 (2053151) main____ INFO      cpu time      : unlimited
2026-02-26 09:45:09.939988 (2053151) main____ INFO      processes     : 4096
2026-02-26 09:45:09.940004 (2053151) main____ INFO      stack size    : 8388608 B
2026-02-26 09:45:09.940018 (2053151) main____ INFO      core file size: 0 B
2026-02-26 09:45:09.940030 (2053151) main____ INFO      open files    : 4096
2026-02-26 09:45:09.940041 (2053151) main____ INFO      file size     : unlimited
2026-02-26 09:45:09.940051 (2053151) main____ INFO    ----------------------------------------
2026-02-26 09:45:09.940060 (2053151) main____ INFO    Memory statistics:
2026-02-26 09:45:09.940070 (2053151) main____ INFO      total physical memory  : 98449088 kB
2026-02-26 09:45:09.940081 (2053151) main____ INFO      free physical memory   : 82097796 kB
2026-02-26 09:45:09.940091 (2053151) main____ INFO      committed address space: 1872220 kB
2026-02-26 09:45:09.940101 (2053151) main____ INFO    ----------------------------------------
2026-02-26 09:45:09.941261 (2053151) main____ INFO    Important environment variables:
2026-02-26 09:45:09.941281 (2053151) main____ INFO      CDS_LIC_FILE       : '5280@cadlic0'
2026-02-26 09:45:09.941294 (2053151) main____ INFO      DISPLAY            : 'localhost:12.0'
2026-02-26 09:45:09.941305 (2053151) main____ INFO      JASPER_INSTALL_DIR : '/cad/cadence/jasper_2023.12p001'
2026-02-26 09:45:09.941316 (2053151) main____ INFO      JASPER_KERNEL_CHECK: '1'
2026-02-26 09:45:09.941327 (2053151) main____ INFO      JASPER_OS_CHECK    : '0'
2026-02-26 09:45:09.941339 (2053151) main____ INFO      LANG               : 'zh_TW.UTF-8'
2026-02-26 09:45:09.941348 (2053151) main____ INFO    ----------------------------------------
2026-02-26 09:45:09.942399 (2053151) lic_core INFO    Initializing license system ...
2026-02-26 09:45:09.944740 (2053151) lic_core INFO    ... license system initialized.
2026-02-26 09:45:09.965258 (2053151) lic__man INFO    Claim 'main' for <ui>.
2026-02-26 09:45:09.965293 (2053151) lic_core INFO    (1) checking out 'jasper_interactive' ...
2026-02-26 09:45:09.977809 (2053151) lic_core INFO    ... (1) checkout succeeded
2026-02-26 09:45:09.977888 (2053151) lic__man INFO    Claim 'fpv' for <ui>.
2026-02-26 09:45:09.977909 (2053151) lic_core INFO    (2) checking out 'jasper_fpv' ...
2026-02-26 09:45:09.982034 (2053151) lic_core INFO    ... (2) checkout failed (error: -5) ("FLEXnet ERROR(-5, 0, 0): No such feature exists.")
2026-02-26 09:45:09.982067 (2053151) lic_core INFO    (3) checking out 'jasper_fao' ...
2026-02-26 09:45:09.992796 (2053151) lic_core INFO    ... (3) checkout succeeded
2026-02-26 09:45:09.995451 (2053181) stdio___ INFO    Starting STDIN reader (tty: yes, tty name: '/dev/pts/0')
2026-02-26 09:45:09.995594 (2053151) main____ INFO    Tool inactivity delay is 480000 ms.
2026-02-26 09:45:10.042141 (2053151) session_ INFO    Starting analysis session with session id 'session_0' (launcher: <local>) ...
2026-02-26 09:45:10.044851 (2053151) session_ INFO    Analysis session with session id 'session_0' started (pid: 2053184)
2026-02-26 09:45:11.295245 (2053151) session_ INFO    Analysis session 'session_0' connected to the console (host: 127.0.0.1:36102)
2026-02-26 09:45:14.509367 (2053151) lic__man INFO    Unclaim everything for 'session_0'.
2026-02-26 10:00:18.804297 (2053151) lic__man INFO    Unclaim everything for 'session_0/prove-0'.
2026-02-26 10:00:18.850535 (2053151) main____ INFO    About to exit: request to exit with status 0 received from analysis session 'session_0'
2026-02-26 10:00:18.984784 (2053151) session_ INFO    Analysis session 'session_0' disconnected.
2026-02-26 10:00:18.985073 (2053151) lic__man INFO    Unclaim everything for 'session_0'.
2026-02-26 10:00:18.985355 (2053151) session_ INFO    Process for analysis session 'session_0' has exited with exit status '0'.
2026-02-26 10:00:20.893192 (2053181) stdio___ INFO    STDIN reader requested to stop.
2026-02-26 10:00:20.893224 (2053181) stdio___ INFO    STDIN reader stopped.
2026-02-26 10:00:20.893553 (2053151) lic_core INFO    (1) checkin jasper_interactive
2026-02-26 10:00:20.895094 (2053151) lic_core INFO    (3) checkin jasper_fao
2026-02-26 10:00:20.897479 (2053151) main____ INFO    Exiting with status 0.
