2026-02-26 02:52:47.800215 (1911605) main____ INFO    ----------------------------------------
2026-02-26 02:52:47.800311 (1911605) main____ INFO    Jasper version info
2026-02-26 02:52:47.800327 (1911605) main____ INFO      tool      : Jasper 2023.12
2026-02-26 02:52:47.800342 (1911605) main____ INFO      version   : 2023.12p001 64 bits
2026-02-26 02:52:47.800355 (1911605) main____ INFO      build date: 2024.01.23 16:09:24 UTC
2026-02-26 02:52:47.800365 (1911605) main____ INFO    ----------------------------------------
2026-02-26 02:52:47.800374 (1911605) main____ INFO    Runtime info:
2026-02-26 02:52:47.800385 (1911605) main____ INFO      platform  : Linux 4.18.0-553.89.1.el8_10.x86_64 x86_64
2026-02-26 02:52:47.800403 (1911605) main____ INFO      hostname  : caddy12.stanford.edu
2026-02-26 02:52:47.800418 (1911605) main____ INFO      pid       : 1911605
2026-02-26 02:52:47.800428 (1911605) main____ INFO      arguments : '-style' 'windows' '-allow_unsupported_OS' '-no_gui' '-fpv' './synthlc/i_MUL_out/xHBPerfG_dfg_v3_div/WHB_59_.tcl' '-proj' './synthlc/i_MUL_out/xHBPerfG_dfg_v3_div/WHB_59_jgsession_26-02-26-02_52_47'
2026-02-26 02:52:47.800447 (1911605) main____ INFO      locale    : UTF-8
2026-02-26 02:52:47.800456 (1911605) main____ INFO    ----------------------------------------
2026-02-26 02:52:47.800467 (1911605) main____ INFO    System resource limits info:
2026-02-26 02:52:47.800482 (1911605) main____ INFO      virtual memory: unlimited
2026-02-26 02:52:47.800495 (1911605) main____ INFO      cpu time      : unlimited
2026-02-26 02:52:47.800516 (1911605) main____ INFO      processes     : 4096
2026-02-26 02:52:47.800535 (1911605) main____ INFO      stack size    : 8388608 B
2026-02-26 02:52:47.800549 (1911605) main____ INFO      core file size: 0 B
2026-02-26 02:52:47.800562 (1911605) main____ INFO      open files    : 4096
2026-02-26 02:52:47.800574 (1911605) main____ INFO      file size     : unlimited
2026-02-26 02:52:47.800583 (1911605) main____ INFO    ----------------------------------------
2026-02-26 02:52:47.800592 (1911605) main____ INFO    Memory statistics:
2026-02-26 02:52:47.800604 (1911605) main____ INFO      total physical memory  : 98449088 kB
2026-02-26 02:52:47.800615 (1911605) main____ INFO      free physical memory   : 79400060 kB
2026-02-26 02:52:47.800626 (1911605) main____ INFO      committed address space: 5532440 kB
2026-02-26 02:52:47.800635 (1911605) main____ INFO    ----------------------------------------
2026-02-26 02:52:47.801869 (1911605) main____ INFO    Important environment variables:
2026-02-26 02:52:47.801899 (1911605) main____ INFO      CDS_LIC_FILE       : '5280@cadlic0'
2026-02-26 02:52:47.801912 (1911605) main____ INFO      DISPLAY            : 'localhost:12.0'
2026-02-26 02:52:47.801924 (1911605) main____ INFO      JASPER_INSTALL_DIR : '/cad/cadence/jasper_2023.12p001'
2026-02-26 02:52:47.801935 (1911605) main____ INFO      JASPER_KERNEL_CHECK: '1'
2026-02-26 02:52:47.801947 (1911605) main____ INFO      JASPER_OS_CHECK    : '0'
2026-02-26 02:52:47.801959 (1911605) main____ INFO      LANG               : 'zh_TW.UTF-8'
2026-02-26 02:52:47.801969 (1911605) main____ INFO    ----------------------------------------
2026-02-26 02:52:47.804814 (1911605) lic_core INFO    Initializing license system ...
2026-02-26 02:52:47.828988 (1911605) lic_core INFO    ... license system initialized.
2026-02-26 02:52:47.849946 (1911605) lic__man INFO    Claim 'main' for <ui>.
2026-02-26 02:52:47.850022 (1911605) lic_core INFO    (1) checking out 'jasper_interactive' ...
2026-02-26 02:52:47.862349 (1911605) lic_core INFO    ... (1) checkout succeeded
2026-02-26 02:52:47.862445 (1911605) lic__man INFO    Claim 'fpv' for <ui>.
2026-02-26 02:52:47.862473 (1911605) lic_core INFO    (2) checking out 'jasper_fpv' ...
2026-02-26 02:52:47.866781 (1911605) lic_core INFO    ... (2) checkout failed (error: -5) ("FLEXnet ERROR(-5, 0, 0): No such feature exists.")
2026-02-26 02:52:47.866829 (1911605) lic_core INFO    (3) checking out 'jasper_fao' ...
2026-02-26 02:52:47.878114 (1911605) lic_core INFO    ... (3) checkout succeeded
2026-02-26 02:52:47.879428 (1911605) main____ INFO    Tool inactivity delay is 480000 ms.
2026-02-26 02:52:47.883533 (1911616) stdio___ INFO    Starting STDIN reader (tty: yes, tty name: '/dev/pts/0')
2026-02-26 02:52:47.939815 (1911605) session_ INFO    Starting analysis session with session id 'session_0' (launcher: <local>) ...
2026-02-26 02:52:47.941837 (1911605) session_ INFO    Analysis session with session id 'session_0' started (pid: 1911621)
2026-02-26 02:52:49.336234 (1911605) session_ INFO    Analysis session 'session_0' connected to the console (host: 127.0.0.1:34976)
2026-02-26 02:52:54.213599 (1911605) lic__man INFO    Unclaim everything for 'session_0'.
2026-02-26 02:52:54.518288 (1911605) lic__man INFO    Claim 'fpv' for 'session_0'.
2026-02-26 02:52:54.518331 (1911605) lic__man INFO    Claim 'fpv' for 'session_0/prove-0'.
2026-02-26 02:52:56.839129 (1911605) lic__man INFO    Unclaim everything for 'session_0/prove-0'.
2026-02-26 02:52:56.844573 (1911605) main____ INFO    About to exit: request to exit with status 0 received from analysis session 'session_0'
2026-02-26 02:52:57.119564 (1911605) session_ INFO    Analysis session 'session_0' disconnected.
2026-02-26 02:52:57.119730 (1911605) lic__man INFO    Unclaim everything for 'session_0'.
2026-02-26 02:52:57.119929 (1911605) session_ INFO    Process for analysis session 'session_0' has exited with exit status '0'.
2026-02-26 02:52:58.898770 (1911616) stdio___ INFO    STDIN reader requested to stop.
2026-02-26 02:52:58.898826 (1911616) stdio___ INFO    STDIN reader stopped.
2026-02-26 02:52:58.899146 (1911605) lic_core INFO    (1) checkin jasper_interactive
2026-02-26 02:52:58.901085 (1911605) lic_core INFO    (3) checkin jasper_fao
2026-02-26 02:52:58.910319 (1911605) main____ INFO    Exiting with status 0.
