2026-02-28 23:30:37.586900 (3789927) main____ INFO    ----------------------------------------
2026-02-28 23:30:37.586996 (3789927) main____ INFO    Jasper version info
2026-02-28 23:30:37.587013 (3789927) main____ INFO      tool      : Jasper 2023.12
2026-02-28 23:30:37.587030 (3789927) main____ INFO      version   : 2023.12p001 64 bits
2026-02-28 23:30:37.587045 (3789927) main____ INFO      build date: 2024.01.23 16:09:24 UTC
2026-02-28 23:30:37.587056 (3789927) main____ INFO    ----------------------------------------
2026-02-28 23:30:37.587076 (3789927) main____ INFO    Runtime info:
2026-02-28 23:30:37.587089 (3789927) main____ INFO      platform  : Linux 4.18.0-553.89.1.el8_10.x86_64 x86_64
2026-02-28 23:30:37.587109 (3789927) main____ INFO      hostname  : caddy12.stanford.edu
2026-02-28 23:30:37.587125 (3789927) main____ INFO      pid       : 3789927
2026-02-28 23:30:37.587136 (3789927) main____ INFO      arguments : '-style' 'windows' '-allow_unsupported_OS' '-no_gui' '-fpv' './synthlc/i_ADDI_out/xHBPerfG_dfg_v3_div/HB_18_.tcl' '-proj' './synthlc/i_ADDI_out/xHBPerfG_dfg_v3_div/HB_18_jgsession_26-02-28-23_30_37'
2026-02-28 23:30:37.587154 (3789927) main____ INFO      locale    : UTF-8
2026-02-28 23:30:37.587165 (3789927) main____ INFO    ----------------------------------------
2026-02-28 23:30:37.587175 (3789927) main____ INFO    System resource limits info:
2026-02-28 23:30:37.587189 (3789927) main____ INFO      virtual memory: unlimited
2026-02-28 23:30:37.587202 (3789927) main____ INFO      cpu time      : unlimited
2026-02-28 23:30:37.587220 (3789927) main____ INFO      processes     : 4096
2026-02-28 23:30:37.587241 (3789927) main____ INFO      stack size    : 8388608 B
2026-02-28 23:30:37.587256 (3789927) main____ INFO      core file size: 0 B
2026-02-28 23:30:37.587270 (3789927) main____ INFO      open files    : 4096
2026-02-28 23:30:37.587283 (3789927) main____ INFO      file size     : unlimited
2026-02-28 23:30:37.587294 (3789927) main____ INFO    ----------------------------------------
2026-02-28 23:30:37.587304 (3789927) main____ INFO    Memory statistics:
2026-02-28 23:30:37.587316 (3789927) main____ INFO      total physical memory  : 98449088 kB
2026-02-28 23:30:37.587328 (3789927) main____ INFO      free physical memory   : 84470484 kB
2026-02-28 23:30:37.587342 (3789927) main____ INFO      committed address space: 9875148 kB
2026-02-28 23:30:37.587352 (3789927) main____ INFO    ----------------------------------------
2026-02-28 23:30:37.588551 (3789927) main____ INFO    Important environment variables:
2026-02-28 23:30:37.588577 (3789927) main____ INFO      CDS_LIC_FILE       : '5280@cadlic0'
2026-02-28 23:30:37.588590 (3789927) main____ INFO      DISPLAY            : 'localhost:12.0'
2026-02-28 23:30:37.588603 (3789927) main____ INFO      JASPER_INSTALL_DIR : '/cad/cadence/jasper_2023.12p001'
2026-02-28 23:30:37.588616 (3789927) main____ INFO      JASPER_KERNEL_CHECK: '1'
2026-02-28 23:30:37.588629 (3789927) main____ INFO      JASPER_OS_CHECK    : '0'
2026-02-28 23:30:37.588641 (3789927) main____ INFO      LANG               : 'zh_TW.UTF-8'
2026-02-28 23:30:37.588652 (3789927) main____ INFO    ----------------------------------------
2026-02-28 23:30:37.591028 (3789927) lic_core INFO    Initializing license system ...
2026-02-28 23:30:37.592441 (3789927) lic_core INFO    ... license system initialized.
2026-02-28 23:30:37.615563 (3789927) lic__man INFO    Claim 'main' for <ui>.
2026-02-28 23:30:37.615639 (3789927) lic_core INFO    (1) checking out 'jasper_interactive' ...
2026-02-28 23:30:37.629236 (3789927) lic_core INFO    ... (1) checkout succeeded
2026-02-28 23:30:37.629353 (3789927) lic__man INFO    Claim 'fpv' for <ui>.
2026-02-28 23:30:37.629383 (3789927) lic_core INFO    (2) checking out 'jasper_fpv' ...
2026-02-28 23:30:37.637281 (3789927) lic_core INFO    ... (2) checkout failed (error: -5) ("FLEXnet ERROR(-5, 0, 0): No such feature exists.")
2026-02-28 23:30:37.637343 (3789927) lic_core INFO    (3) checking out 'jasper_fao' ...
2026-02-28 23:30:37.650696 (3789927) lic_core INFO    ... (3) checkout succeeded
2026-02-28 23:30:37.652308 (3789927) main____ INFO    Tool inactivity delay is 480000 ms.
2026-02-28 23:30:37.656777 (3789938) stdio___ INFO    Starting STDIN reader (tty: yes, tty name: '/dev/pts/0')
2026-02-28 23:30:37.847859 (3789927) session_ INFO    Starting analysis session with session id 'session_0' (launcher: <local>) ...
2026-02-28 23:30:37.849905 (3789927) session_ INFO    Analysis session with session id 'session_0' started (pid: 3789939)
2026-02-28 23:30:39.926247 (3789927) session_ INFO    Analysis session 'session_0' connected to the console (host: 127.0.0.1:36638)
2026-02-28 23:30:44.596566 (3789927) lic__man INFO    Unclaim everything for 'session_0'.
2026-02-28 23:30:44.928882 (3789927) lic__man INFO    Claim 'fpv' for 'session_0'.
2026-02-28 23:30:44.928929 (3789927) lic__man INFO    Claim 'fpv' for 'session_0/prove-0'.
2026-02-28 23:30:48.515471 (3789927) lic__man INFO    Unclaim everything for 'session_0/prove-0'.
2026-02-28 23:30:48.535291 (3789927) main____ INFO    About to exit: request to exit with status 0 received from analysis session 'session_0'
2026-02-28 23:30:48.919005 (3789927) session_ INFO    Analysis session 'session_0' disconnected.
2026-02-28 23:30:48.919174 (3789927) lic__man INFO    Unclaim everything for 'session_0'.
2026-02-28 23:30:48.919375 (3789927) session_ INFO    Process for analysis session 'session_0' has exited with exit status '0'.
2026-02-28 23:30:50.454728 (3789938) stdio___ INFO    STDIN reader requested to stop.
2026-02-28 23:30:50.454781 (3789938) stdio___ INFO    STDIN reader stopped.
2026-02-28 23:30:50.464926 (3789927) lic_core INFO    (1) checkin jasper_interactive
2026-02-28 23:30:50.467562 (3789927) lic_core INFO    (3) checkin jasper_fao
2026-02-28 23:30:50.468972 (3789927) main____ INFO    Exiting with status 0.
