2026-02-26 01:29:12.212265 (1828284) main____ INFO    ----------------------------------------
2026-02-26 01:29:12.212332 (1828284) main____ INFO    Jasper version info
2026-02-26 01:29:12.212347 (1828284) main____ INFO      tool      : Jasper 2023.12
2026-02-26 01:29:12.212360 (1828284) main____ INFO      version   : 2023.12p001 64 bits
2026-02-26 01:29:12.212373 (1828284) main____ INFO      build date: 2024.01.23 16:09:24 UTC
2026-02-26 01:29:12.212382 (1828284) main____ INFO    ----------------------------------------
2026-02-26 01:29:12.212391 (1828284) main____ INFO    Runtime info:
2026-02-26 01:29:12.212402 (1828284) main____ INFO      platform  : Linux 4.18.0-553.89.1.el8_10.x86_64 x86_64
2026-02-26 01:29:12.212417 (1828284) main____ INFO      hostname  : caddy12.stanford.edu
2026-02-26 01:29:12.212432 (1828284) main____ INFO      pid       : 1828284
2026-02-26 01:29:12.212442 (1828284) main____ INFO      arguments : '-style' 'windows' '-allow_unsupported_OS' '-no_gui' '-fpv' './synthlc/i_MUL_out/xPairwiseDepDiv/nunv_anytwo_118_.tcl' '-proj' './synthlc/i_MUL_out/xPairwiseDepDiv/nunv_anytwo_118_jgsession_26-02-26-01_29_12'
2026-02-26 01:29:12.212457 (1828284) main____ INFO      locale    : UTF-8
2026-02-26 01:29:12.212466 (1828284) main____ INFO    ----------------------------------------
2026-02-26 01:29:12.212475 (1828284) main____ INFO    System resource limits info:
2026-02-26 01:29:12.212487 (1828284) main____ INFO      virtual memory: unlimited
2026-02-26 01:29:12.212498 (1828284) main____ INFO      cpu time      : unlimited
2026-02-26 01:29:12.212514 (1828284) main____ INFO      processes     : 4096
2026-02-26 01:29:12.212532 (1828284) main____ INFO      stack size    : 8388608 B
2026-02-26 01:29:12.212546 (1828284) main____ INFO      core file size: 0 B
2026-02-26 01:29:12.212558 (1828284) main____ INFO      open files    : 4096
2026-02-26 01:29:12.212570 (1828284) main____ INFO      file size     : unlimited
2026-02-26 01:29:12.212579 (1828284) main____ INFO    ----------------------------------------
2026-02-26 01:29:12.212588 (1828284) main____ INFO    Memory statistics:
2026-02-26 01:29:12.212599 (1828284) main____ INFO      total physical memory  : 98449088 kB
2026-02-26 01:29:12.212610 (1828284) main____ INFO      free physical memory   : 81528164 kB
2026-02-26 01:29:12.212620 (1828284) main____ INFO      committed address space: 2592672 kB
2026-02-26 01:29:12.212629 (1828284) main____ INFO    ----------------------------------------
2026-02-26 01:29:12.213813 (1828284) main____ INFO    Important environment variables:
2026-02-26 01:29:12.213836 (1828284) main____ INFO      CDS_LIC_FILE       : '5280@cadlic0'
2026-02-26 01:29:12.213849 (1828284) main____ INFO      DISPLAY            : 'localhost:12.0'
2026-02-26 01:29:12.213860 (1828284) main____ INFO      JASPER_INSTALL_DIR : '/cad/cadence/jasper_2023.12p001'
2026-02-26 01:29:12.213872 (1828284) main____ INFO      JASPER_KERNEL_CHECK: '1'
2026-02-26 01:29:12.213883 (1828284) main____ INFO      JASPER_OS_CHECK    : '0'
2026-02-26 01:29:12.213894 (1828284) main____ INFO      LANG               : 'zh_TW.UTF-8'
2026-02-26 01:29:12.213904 (1828284) main____ INFO    ----------------------------------------
2026-02-26 01:29:12.215014 (1828284) lic_core INFO    Initializing license system ...
2026-02-26 01:29:12.216566 (1828284) lic_core INFO    ... license system initialized.
2026-02-26 01:29:12.228069 (1828284) lic__man INFO    Claim 'main' for <ui>.
2026-02-26 01:29:12.228111 (1828284) lic_core INFO    (1) checking out 'jasper_interactive' ...
2026-02-26 01:29:12.240752 (1828284) lic_core INFO    ... (1) checkout succeeded
2026-02-26 01:29:12.240809 (1828284) lic__man INFO    Claim 'fpv' for <ui>.
2026-02-26 01:29:12.240830 (1828284) lic_core INFO    (2) checking out 'jasper_fpv' ...
2026-02-26 01:29:12.244760 (1828284) lic_core INFO    ... (2) checkout failed (error: -5) ("FLEXnet ERROR(-5, 0, 0): No such feature exists.")
2026-02-26 01:29:12.244790 (1828284) lic_core INFO    (3) checking out 'jasper_fao' ...
2026-02-26 01:29:12.256059 (1828284) lic_core INFO    ... (3) checkout succeeded
2026-02-26 01:29:12.256989 (1828300) stdio___ INFO    Starting STDIN reader (tty: yes, tty name: '/dev/pts/0')
2026-02-26 01:29:12.257113 (1828284) main____ INFO    Tool inactivity delay is 480000 ms.
2026-02-26 01:29:12.300385 (1828284) session_ INFO    Starting analysis session with session id 'session_0' (launcher: <local>) ...
2026-02-26 01:29:12.302119 (1828284) session_ INFO    Analysis session with session id 'session_0' started (pid: 1828301)
2026-02-26 01:29:13.378843 (1828284) session_ INFO    Analysis session 'session_0' connected to the console (host: 127.0.0.1:41700)
2026-02-26 01:29:16.482992 (1828284) lic__man INFO    Unclaim everything for 'session_0'.
2026-02-26 01:29:16.682475 (1828284) lic__man INFO    Claim 'fpv' for 'session_0'.
2026-02-26 01:29:16.682511 (1828284) lic__man INFO    Claim 'fpv' for 'session_0/prove-0'.
2026-02-26 01:29:17.843524 (1828284) lic__man INFO    Unclaim everything for 'session_0/prove-0'.
2026-02-26 01:29:17.885801 (1828284) main____ INFO    About to exit: request to exit with status 0 received from analysis session 'session_0'
2026-02-26 01:29:18.034208 (1828284) session_ INFO    Analysis session 'session_0' disconnected.
2026-02-26 01:29:18.034408 (1828284) lic__man INFO    Unclaim everything for 'session_0'.
2026-02-26 01:29:18.034597 (1828284) session_ INFO    Process for analysis session 'session_0' has exited with exit status '0'.
2026-02-26 01:29:19.900733 (1828300) stdio___ INFO    STDIN reader requested to stop.
2026-02-26 01:29:19.900789 (1828300) stdio___ INFO    STDIN reader stopped.
2026-02-26 01:29:19.901128 (1828284) lic_core INFO    (1) checkin jasper_interactive
2026-02-26 01:29:19.911884 (1828284) lic_core INFO    (3) checkin jasper_fao
2026-02-26 01:29:19.923822 (1828284) main____ INFO    Exiting with status 0.
