2026-02-26 01:39:01.626259 (1841525) main____ INFO    ----------------------------------------
2026-02-26 01:39:01.626350 (1841525) main____ INFO    Jasper version info
2026-02-26 01:39:01.626367 (1841525) main____ INFO      tool      : Jasper 2023.12
2026-02-26 01:39:01.626382 (1841525) main____ INFO      version   : 2023.12p001 64 bits
2026-02-26 01:39:01.626395 (1841525) main____ INFO      build date: 2024.01.23 16:09:24 UTC
2026-02-26 01:39:01.626404 (1841525) main____ INFO    ----------------------------------------
2026-02-26 01:39:01.626413 (1841525) main____ INFO    Runtime info:
2026-02-26 01:39:01.626423 (1841525) main____ INFO      platform  : Linux 4.18.0-553.89.1.el8_10.x86_64 x86_64
2026-02-26 01:39:01.626442 (1841525) main____ INFO      hostname  : caddy12.stanford.edu
2026-02-26 01:39:01.626457 (1841525) main____ INFO      pid       : 1841525
2026-02-26 01:39:01.626468 (1841525) main____ INFO      arguments : '-style' 'windows' '-allow_unsupported_OS' '-no_gui' '-fpv' './synthlc/i_MUL_out/xPairwiseDepDiv/exclusive_31_.tcl' '-proj' './synthlc/i_MUL_out/xPairwiseDepDiv/exclusive_31_jgsession_26-02-26-01_39_00'
2026-02-26 01:39:01.626484 (1841525) main____ INFO      locale    : UTF-8
2026-02-26 01:39:01.626494 (1841525) main____ INFO    ----------------------------------------
2026-02-26 01:39:01.626503 (1841525) main____ INFO    System resource limits info:
2026-02-26 01:39:01.626515 (1841525) main____ INFO      virtual memory: unlimited
2026-02-26 01:39:01.626526 (1841525) main____ INFO      cpu time      : unlimited
2026-02-26 01:39:01.626544 (1841525) main____ INFO      processes     : 4096
2026-02-26 01:39:01.626564 (1841525) main____ INFO      stack size    : 8388608 B
2026-02-26 01:39:01.626579 (1841525) main____ INFO      core file size: 0 B
2026-02-26 01:39:01.626592 (1841525) main____ INFO      open files    : 4096
2026-02-26 01:39:01.626603 (1841525) main____ INFO      file size     : unlimited
2026-02-26 01:39:01.626613 (1841525) main____ INFO    ----------------------------------------
2026-02-26 01:39:01.626622 (1841525) main____ INFO    Memory statistics:
2026-02-26 01:39:01.626633 (1841525) main____ INFO      total physical memory  : 98449088 kB
2026-02-26 01:39:01.626644 (1841525) main____ INFO      free physical memory   : 75392700 kB
2026-02-26 01:39:01.626655 (1841525) main____ INFO      committed address space: 10278572 kB
2026-02-26 01:39:01.626678 (1841525) main____ INFO    ----------------------------------------
2026-02-26 01:39:01.627869 (1841525) main____ INFO    Important environment variables:
2026-02-26 01:39:01.627899 (1841525) main____ INFO      CDS_LIC_FILE       : '5280@cadlic0'
2026-02-26 01:39:01.627911 (1841525) main____ INFO      DISPLAY            : 'localhost:12.0'
2026-02-26 01:39:01.627923 (1841525) main____ INFO      JASPER_INSTALL_DIR : '/cad/cadence/jasper_2023.12p001'
2026-02-26 01:39:01.627934 (1841525) main____ INFO      JASPER_KERNEL_CHECK: '1'
2026-02-26 01:39:01.627945 (1841525) main____ INFO      JASPER_OS_CHECK    : '0'
2026-02-26 01:39:01.627957 (1841525) main____ INFO      LANG               : 'zh_TW.UTF-8'
2026-02-26 01:39:01.627966 (1841525) main____ INFO    ----------------------------------------
2026-02-26 01:39:01.630879 (1841525) lic_core INFO    Initializing license system ...
2026-02-26 01:39:01.688994 (1841525) lic_core INFO    ... license system initialized.
2026-02-26 01:39:01.852090 (1841525) lic__man INFO    Claim 'main' for <ui>.
2026-02-26 01:39:01.852169 (1841525) lic_core INFO    (1) checking out 'jasper_interactive' ...
2026-02-26 01:39:01.866660 (1841525) lic_core INFO    ... (1) checkout succeeded
2026-02-26 01:39:01.866770 (1841525) lic__man INFO    Claim 'fpv' for <ui>.
2026-02-26 01:39:01.866800 (1841525) lic_core INFO    (2) checking out 'jasper_fpv' ...
2026-02-26 01:39:01.873900 (1841525) lic_core INFO    ... (2) checkout failed (error: -5) ("FLEXnet ERROR(-5, 0, 0): No such feature exists.")
2026-02-26 01:39:01.873957 (1841525) lic_core INFO    (3) checking out 'jasper_fao' ...
2026-02-26 01:39:01.894560 (1841525) lic_core INFO    ... (3) checkout succeeded
2026-02-26 01:39:01.922643 (1841525) main____ INFO    Tool inactivity delay is 480000 ms.
2026-02-26 01:39:01.930901 (1841618) stdio___ INFO    Starting STDIN reader (tty: yes, tty name: '/dev/pts/0')
2026-02-26 01:39:02.277772 (1841525) session_ INFO    Starting analysis session with session id 'session_0' (launcher: <local>) ...
2026-02-26 01:39:02.279781 (1841525) session_ INFO    Analysis session with session id 'session_0' started (pid: 1841619)
2026-02-26 01:39:05.695337 (1841525) session_ INFO    Analysis session 'session_0' connected to the console (host: 127.0.0.1:57740)
2026-02-26 01:39:16.359978 (1841525) lic__man INFO    Unclaim everything for 'session_0'.
2026-02-26 01:39:17.041335 (1841525) lic__man INFO    Claim 'fpv' for 'session_0'.
2026-02-26 01:39:17.041381 (1841525) lic__man INFO    Claim 'fpv' for 'session_0/prove-0'.
2026-02-26 01:41:04.235114 (1841525) lic__man INFO    Unclaim everything for 'session_0/prove-0'.
2026-02-26 01:41:04.272953 (1841525) main____ INFO    About to exit: request to exit with status 0 received from analysis session 'session_0'
2026-02-26 01:41:04.430999 (1841525) session_ INFO    Analysis session 'session_0' disconnected.
2026-02-26 01:41:04.431141 (1841525) lic__man INFO    Unclaim everything for 'session_0'.
2026-02-26 01:41:04.431327 (1841525) session_ INFO    Process for analysis session 'session_0' has exited with exit status '0'.
2026-02-26 01:41:06.406753 (1841618) stdio___ INFO    STDIN reader requested to stop.
2026-02-26 01:41:06.406809 (1841618) stdio___ INFO    STDIN reader stopped.
2026-02-26 01:41:06.407179 (1841525) lic_core INFO    (1) checkin jasper_interactive
2026-02-26 01:41:06.417882 (1841525) lic_core INFO    (3) checkin jasper_fao
2026-02-26 01:41:06.422119 (1841525) main____ INFO    Exiting with status 0.
