2026-03-02 01:06:25.769498 (440966) main____ INFO    ----------------------------------------
2026-03-02 01:06:25.769570 (440966) main____ INFO    Jasper version info
2026-03-02 01:06:25.769586 (440966) main____ INFO      tool      : Jasper 2023.12
2026-03-02 01:06:25.769600 (440966) main____ INFO      version   : 2023.12p001 64 bits
2026-03-02 01:06:25.769613 (440966) main____ INFO      build date: 2024.01.23 16:09:24 UTC
2026-03-02 01:06:25.769624 (440966) main____ INFO    ----------------------------------------
2026-03-02 01:06:25.769634 (440966) main____ INFO    Runtime info:
2026-03-02 01:06:25.769645 (440966) main____ INFO      platform  : Linux 4.18.0-553.89.1.el8_10.x86_64 x86_64
2026-03-02 01:06:25.769686 (440966) main____ INFO      hostname  : caddy12.stanford.edu
2026-03-02 01:06:25.770926 (440966) main____ INFO      pid       : 440966
2026-03-02 01:06:25.770964 (440966) main____ INFO      arguments : '-style' 'windows' '-allow_unsupported_OS' '-no_gui' '-fpv' './synthlc/i_MUL_out/xPairwiseDepDiv/nunv_anytwo_14_.tcl' '-proj' './synthlc/i_MUL_out/xPairwiseDepDiv/nunv_anytwo_14_jgsession_26-03-02-01_06_25'
2026-03-02 01:06:25.771006 (440966) main____ INFO      locale    : UTF-8
2026-03-02 01:06:25.771034 (440966) main____ INFO    ----------------------------------------
2026-03-02 01:06:25.771061 (440966) main____ INFO    System resource limits info:
2026-03-02 01:06:25.771094 (440966) main____ INFO      virtual memory: unlimited
2026-03-02 01:06:25.771128 (440966) main____ INFO      cpu time      : unlimited
2026-03-02 01:06:25.771170 (440966) main____ INFO      processes     : 4096
2026-03-02 01:06:25.771209 (440966) main____ INFO      stack size    : 8388608 B
2026-03-02 01:06:25.771223 (440966) main____ INFO      core file size: 0 B
2026-03-02 01:06:25.771236 (440966) main____ INFO      open files    : 4096
2026-03-02 01:06:25.771249 (440966) main____ INFO      file size     : unlimited
2026-03-02 01:06:25.771259 (440966) main____ INFO    ----------------------------------------
2026-03-02 01:06:25.771269 (440966) main____ INFO    Memory statistics:
2026-03-02 01:06:25.771281 (440966) main____ INFO      total physical memory  : 98449088 kB
2026-03-02 01:06:25.771292 (440966) main____ INFO      free physical memory   : 87890792 kB
2026-03-02 01:06:25.771304 (440966) main____ INFO      committed address space: 6664764 kB
2026-03-02 01:06:25.771314 (440966) main____ INFO    ----------------------------------------
2026-03-02 01:06:25.772475 (440966) main____ INFO    Important environment variables:
2026-03-02 01:06:25.772958 (440966) main____ INFO      CDS_LIC_FILE       : '5280@cadlic0'
2026-03-02 01:06:25.772974 (440966) main____ INFO      DISPLAY            : 'localhost:12.0'
2026-03-02 01:06:25.772986 (440966) main____ INFO      JASPER_INSTALL_DIR : '/cad/cadence/jasper_2023.12p001'
2026-03-02 01:06:25.772999 (440966) main____ INFO      JASPER_KERNEL_CHECK: '1'
2026-03-02 01:06:25.773011 (440966) main____ INFO      JASPER_OS_CHECK    : '0'
2026-03-02 01:06:25.773023 (440966) main____ INFO      LANG               : 'zh_TW.UTF-8'
2026-03-02 01:06:25.773033 (440966) main____ INFO    ----------------------------------------
2026-03-02 01:06:25.774149 (440966) lic_core INFO    Initializing license system ...
2026-03-02 01:06:25.776434 (440966) lic_core INFO    ... license system initialized.
2026-03-02 01:06:25.791087 (440966) lic__man INFO    Claim 'main' for <ui>.
2026-03-02 01:06:25.791139 (440966) lic_core INFO    (1) checking out 'jasper_interactive' ...
2026-03-02 01:06:25.803457 (440966) lic_core INFO    ... (1) checkout succeeded
2026-03-02 01:06:25.803529 (440966) lic__man INFO    Claim 'fpv' for <ui>.
2026-03-02 01:06:25.803549 (440966) lic_core INFO    (2) checking out 'jasper_fpv' ...
2026-03-02 01:06:25.807926 (440966) lic_core INFO    ... (2) checkout failed (error: -5) ("FLEXnet ERROR(-5, 0, 0): No such feature exists.")
2026-03-02 01:06:25.807974 (440966) lic_core INFO    (3) checking out 'jasper_fao' ...
2026-03-02 01:06:25.818636 (440966) lic_core INFO    ... (3) checkout succeeded
2026-03-02 01:06:25.819548 (440977) stdio___ INFO    Starting STDIN reader (tty: yes, tty name: '/dev/pts/0')
2026-03-02 01:06:25.820449 (440966) main____ INFO    Tool inactivity delay is 480000 ms.
2026-03-02 01:06:25.865270 (440966) session_ INFO    Starting analysis session with session id 'session_0' (launcher: <local>) ...
2026-03-02 01:06:25.867105 (440966) session_ INFO    Analysis session with session id 'session_0' started (pid: 440978)
2026-03-02 01:06:26.939365 (440966) session_ INFO    Analysis session 'session_0' connected to the console (host: 127.0.0.1:44428)
2026-03-02 01:06:29.970753 (440966) lic__man INFO    Unclaim everything for 'session_0'.
2026-03-02 01:06:30.170142 (440966) lic__man INFO    Claim 'fpv' for 'session_0'.
2026-03-02 01:06:30.170185 (440966) lic__man INFO    Claim 'fpv' for 'session_0/prove-0'.
2026-03-02 01:06:31.399078 (440966) lic__man INFO    Unclaim everything for 'session_0/prove-0'.
2026-03-02 01:06:31.440890 (440966) main____ INFO    About to exit: request to exit with status 0 received from analysis session 'session_0'
2026-03-02 01:06:31.589473 (440966) session_ INFO    Analysis session 'session_0' disconnected.
2026-03-02 01:06:31.589699 (440966) lic__man INFO    Unclaim everything for 'session_0'.
2026-03-02 01:06:31.589899 (440966) session_ INFO    Process for analysis session 'session_0' has exited with exit status '0'.
2026-03-02 01:06:33.392729 (440977) stdio___ INFO    STDIN reader requested to stop.
2026-03-02 01:06:33.392831 (440977) stdio___ INFO    STDIN reader stopped.
2026-03-02 01:06:33.393138 (440966) lic_core INFO    (1) checkin jasper_interactive
2026-03-02 01:06:33.395596 (440966) lic_core INFO    (3) checkin jasper_fao
2026-03-02 01:06:33.396732 (440966) main____ INFO    Exiting with status 0.
