2026-03-01 13:11:26.806012 (111107) main____ INFO    ----------------------------------------
2026-03-01 13:11:26.806109 (111107) main____ INFO    Jasper version info
2026-03-01 13:11:26.806126 (111107) main____ INFO      tool      : Jasper 2023.12
2026-03-01 13:11:26.806142 (111107) main____ INFO      version   : 2023.12p001 64 bits
2026-03-01 13:11:26.806156 (111107) main____ INFO      build date: 2024.01.23 16:09:24 UTC
2026-03-01 13:11:26.806166 (111107) main____ INFO    ----------------------------------------
2026-03-01 13:11:26.806176 (111107) main____ INFO    Runtime info:
2026-03-01 13:11:26.806188 (111107) main____ INFO      platform  : Linux 4.18.0-553.89.1.el8_10.x86_64 x86_64
2026-03-01 13:11:26.806207 (111107) main____ INFO      hostname  : caddy12.stanford.edu
2026-03-01 13:11:26.806223 (111107) main____ INFO      pid       : 111107
2026-03-01 13:11:26.806234 (111107) main____ INFO      arguments : '-style' 'windows' '-allow_unsupported_OS' '-no_gui' '-fpv' './synthlc/i_LW_out/xPerfLocCycleCount/cycle_count_mult_fsm_s2_.tcl' '-proj' './synthlc/i_LW_out/xPerfLocCycleCount/cycle_count_mult_fsm_s2_jgsession_26-03-01-13_11_26'
2026-03-01 13:11:26.806252 (111107) main____ INFO      locale    : UTF-8
2026-03-01 13:11:26.806262 (111107) main____ INFO    ----------------------------------------
2026-03-01 13:11:26.806272 (111107) main____ INFO    System resource limits info:
2026-03-01 13:11:26.806285 (111107) main____ INFO      virtual memory: unlimited
2026-03-01 13:11:26.806297 (111107) main____ INFO      cpu time      : unlimited
2026-03-01 13:11:26.806315 (111107) main____ INFO      processes     : 4096
2026-03-01 13:11:26.806334 (111107) main____ INFO      stack size    : 8388608 B
2026-03-01 13:11:26.806348 (111107) main____ INFO      core file size: 0 B
2026-03-01 13:11:26.806362 (111107) main____ INFO      open files    : 4096
2026-03-01 13:11:26.806374 (111107) main____ INFO      file size     : unlimited
2026-03-01 13:11:26.806384 (111107) main____ INFO    ----------------------------------------
2026-03-01 13:11:26.807404 (111107) main____ INFO    Memory statistics:
2026-03-01 13:11:26.807418 (111107) main____ INFO      total physical memory  : 98449088 kB
2026-03-01 13:11:26.807430 (111107) main____ INFO      free physical memory   : 81079696 kB
2026-03-01 13:11:26.807442 (111107) main____ INFO      committed address space: 13176676 kB
2026-03-01 13:11:26.807452 (111107) main____ INFO    ----------------------------------------
2026-03-01 13:11:26.808640 (111107) main____ INFO    Important environment variables:
2026-03-01 13:11:26.809219 (111107) main____ INFO      CDS_LIC_FILE       : '5280@cadlic0'
2026-03-01 13:11:26.809234 (111107) main____ INFO      DISPLAY            : 'localhost:12.0'
2026-03-01 13:11:26.809247 (111107) main____ INFO      JASPER_INSTALL_DIR : '/cad/cadence/jasper_2023.12p001'
2026-03-01 13:11:26.809259 (111107) main____ INFO      JASPER_KERNEL_CHECK: '1'
2026-03-01 13:11:26.809272 (111107) main____ INFO      JASPER_OS_CHECK    : '0'
2026-03-01 13:11:26.809284 (111107) main____ INFO      LANG               : 'zh_TW.UTF-8'
2026-03-01 13:11:26.809294 (111107) main____ INFO    ----------------------------------------
2026-03-01 13:11:26.810422 (111107) lic_core INFO    Initializing license system ...
2026-03-01 13:11:26.814788 (111107) lic_core INFO    ... license system initialized.
2026-03-01 13:11:26.826979 (111107) lic__man INFO    Claim 'main' for <ui>.
2026-03-01 13:11:26.827060 (111107) lic_core INFO    (1) checking out 'jasper_interactive' ...
2026-03-01 13:11:26.839919 (111107) lic_core INFO    ... (1) checkout succeeded
2026-03-01 13:11:26.840039 (111107) lic__man INFO    Claim 'fpv' for <ui>.
2026-03-01 13:11:26.840072 (111107) lic_core INFO    (2) checking out 'jasper_fpv' ...
2026-03-01 13:11:26.844291 (111107) lic_core INFO    ... (2) checkout failed (error: -5) ("FLEXnet ERROR(-5, 0, 0): No such feature exists.")
2026-03-01 13:11:26.844363 (111107) lic_core INFO    (3) checking out 'jasper_fao' ...
2026-03-01 13:11:26.855183 (111107) lic_core INFO    ... (3) checkout succeeded
2026-03-01 13:11:26.859196 (111118) stdio___ INFO    Starting STDIN reader (tty: yes, tty name: '/dev/pts/0')
2026-03-01 13:11:26.859274 (111107) main____ INFO    Tool inactivity delay is 480000 ms.
2026-03-01 13:11:26.904034 (111107) session_ INFO    Starting analysis session with session id 'session_0' (launcher: <local>) ...
2026-03-01 13:11:26.906063 (111107) session_ INFO    Analysis session with session id 'session_0' started (pid: 111119)
2026-03-01 13:11:28.090615 (111107) session_ INFO    Analysis session 'session_0' connected to the console (host: 127.0.0.1:51298)
2026-03-01 13:11:31.447370 (111107) lic__man INFO    Unclaim everything for 'session_0'.
2026-03-01 13:11:31.680043 (111107) lic__man INFO    Claim 'fpv' for 'session_0'.
2026-03-01 13:11:31.680087 (111107) lic__man INFO    Claim 'fpv' for 'session_0/prove-0'.
2026-03-01 13:11:39.765284 (111107) lic__man INFO    Unclaim everything for 'session_0/prove-0'.
2026-03-01 13:11:39.792508 (111107) lic__man INFO    Claim 'fpv' for 'session_0'.
2026-03-01 13:11:39.792550 (111107) lic__man INFO    Claim 'fpv' for 'session_0/prove-1'.
2026-03-01 13:11:54.158829 (111107) lic__man INFO    Unclaim everything for 'session_0/prove-1'.
2026-03-01 13:11:54.186649 (111107) lic__man INFO    Claim 'fpv' for 'session_0'.
2026-03-01 13:11:54.186708 (111107) lic__man INFO    Claim 'fpv' for 'session_0/prove-2'.
2026-03-01 13:12:10.082697 (111107) lic__man INFO    Unclaim everything for 'session_0/prove-2'.
2026-03-01 13:12:10.112373 (111107) lic__man INFO    Claim 'fpv' for 'session_0'.
2026-03-01 13:12:10.112416 (111107) lic__man INFO    Claim 'fpv' for 'session_0/prove-3'.
2026-03-01 13:12:26.300677 (111107) lic__man INFO    Unclaim everything for 'session_0/prove-3'.
2026-03-01 13:12:26.301195 (111107) lic__man INFO    Claim 'fpv' for 'session_0'.
2026-03-01 13:12:26.301221 (111107) lic__man INFO    Claim 'fpv' for 'session_0/prove-4'.
2026-03-01 13:12:47.829308 (111107) lic__man INFO    Unclaim everything for 'session_0/prove-4'.
2026-03-01 13:12:47.867611 (111107) lic__man INFO    Claim 'fpv' for 'session_0'.
2026-03-01 13:12:47.867656 (111107) lic__man INFO    Claim 'fpv' for 'session_0/prove-5'.
2026-03-01 13:12:58.742870 (111107) lic__man INFO    Unclaim everything for 'session_0/prove-5'.
2026-03-01 13:12:58.773696 (111107) lic__man INFO    Claim 'fpv' for 'session_0'.
2026-03-01 13:12:58.773739 (111107) lic__man INFO    Claim 'fpv' for 'session_0/prove-6'.
2026-03-01 13:13:14.308296 (111107) lic__man INFO    Unclaim everything for 'session_0/prove-6'.
2026-03-01 13:13:14.359898 (111107) main____ INFO    About to exit: request to exit with status 0 received from analysis session 'session_0'
2026-03-01 13:13:14.515131 (111107) session_ INFO    Analysis session 'session_0' disconnected.
2026-03-01 13:13:14.515363 (111107) lic__man INFO    Unclaim everything for 'session_0'.
2026-03-01 13:13:14.515566 (111107) session_ INFO    Process for analysis session 'session_0' has exited with exit status '0'.
2026-03-01 13:13:16.392327 (111118) stdio___ INFO    STDIN reader requested to stop.
2026-03-01 13:13:16.392377 (111118) stdio___ INFO    STDIN reader stopped.
2026-03-01 13:13:16.393196 (111107) lic_core INFO    (1) checkin jasper_interactive
2026-03-01 13:13:16.394080 (111107) lic_core INFO    (3) checkin jasper_fao
2026-03-01 13:13:16.395180 (111107) main____ INFO    Exiting with status 0.
