2026-03-01 08:20:14.137573 (4168290) main____ INFO    ----------------------------------------
2026-03-01 08:20:14.137643 (4168290) main____ INFO    Jasper version info
2026-03-01 08:20:14.137659 (4168290) main____ INFO      tool      : Jasper 2023.12
2026-03-01 08:20:14.137688 (4168290) main____ INFO      version   : 2023.12p001 64 bits
2026-03-01 08:20:14.137701 (4168290) main____ INFO      build date: 2024.01.23 16:09:24 UTC
2026-03-01 08:20:14.137712 (4168290) main____ INFO    ----------------------------------------
2026-03-01 08:20:14.137722 (4168290) main____ INFO    Runtime info:
2026-03-01 08:20:14.137733 (4168290) main____ INFO      platform  : Linux 4.18.0-553.89.1.el8_10.x86_64 x86_64
2026-03-01 08:20:14.137749 (4168290) main____ INFO      hostname  : caddy12.stanford.edu
2026-03-01 08:20:14.137764 (4168290) main____ INFO      pid       : 4168290
2026-03-01 08:20:14.137776 (4168290) main____ INFO      arguments : '-style' 'windows' '-allow_unsupported_OS' '-no_gui' '-fpv' './synthlc/i_LW_out/xPerfLocSubsetDiv/coverset_19_.tcl' '-proj' './synthlc/i_LW_out/xPerfLocSubsetDiv/coverset_19_jgsession_26-03-01-08_20_13'
2026-03-01 08:20:14.137792 (4168290) main____ INFO      locale    : UTF-8
2026-03-01 08:20:14.137802 (4168290) main____ INFO    ----------------------------------------
2026-03-01 08:20:14.137812 (4168290) main____ INFO    System resource limits info:
2026-03-01 08:20:14.137824 (4168290) main____ INFO      virtual memory: unlimited
2026-03-01 08:20:14.137837 (4168290) main____ INFO      cpu time      : unlimited
2026-03-01 08:20:14.137854 (4168290) main____ INFO      processes     : 4096
2026-03-01 08:20:14.138810 (4168290) main____ INFO      stack size    : 8388608 B
2026-03-01 08:20:14.138825 (4168290) main____ INFO      core file size: 0 B
2026-03-01 08:20:14.138838 (4168290) main____ INFO      open files    : 4096
2026-03-01 08:20:14.138851 (4168290) main____ INFO      file size     : unlimited
2026-03-01 08:20:14.138861 (4168290) main____ INFO    ----------------------------------------
2026-03-01 08:20:14.138871 (4168290) main____ INFO    Memory statistics:
2026-03-01 08:20:14.138884 (4168290) main____ INFO      total physical memory  : 98449088 kB
2026-03-01 08:20:14.138895 (4168290) main____ INFO      free physical memory   : 86706376 kB
2026-03-01 08:20:14.138907 (4168290) main____ INFO      committed address space: 7001652 kB
2026-03-01 08:20:14.138917 (4168290) main____ INFO    ----------------------------------------
2026-03-01 08:20:14.140071 (4168290) main____ INFO    Important environment variables:
2026-03-01 08:20:14.140729 (4168290) main____ INFO      CDS_LIC_FILE       : '5280@cadlic0'
2026-03-01 08:20:14.140744 (4168290) main____ INFO      DISPLAY            : 'localhost:12.0'
2026-03-01 08:20:14.140756 (4168290) main____ INFO      JASPER_INSTALL_DIR : '/cad/cadence/jasper_2023.12p001'
2026-03-01 08:20:14.140769 (4168290) main____ INFO      JASPER_KERNEL_CHECK: '1'
2026-03-01 08:20:14.140781 (4168290) main____ INFO      JASPER_OS_CHECK    : '0'
2026-03-01 08:20:14.140793 (4168290) main____ INFO      LANG               : 'zh_TW.UTF-8'
2026-03-01 08:20:14.140804 (4168290) main____ INFO    ----------------------------------------
2026-03-01 08:20:14.141914 (4168290) lic_core INFO    Initializing license system ...
2026-03-01 08:20:14.144006 (4168290) lic_core INFO    ... license system initialized.
2026-03-01 08:20:14.156404 (4168290) lic__man INFO    Claim 'main' for <ui>.
2026-03-01 08:20:14.156452 (4168290) lic_core INFO    (1) checking out 'jasper_interactive' ...
2026-03-01 08:20:14.168683 (4168290) lic_core INFO    ... (1) checkout succeeded
2026-03-01 08:20:14.168747 (4168290) lic__man INFO    Claim 'fpv' for <ui>.
2026-03-01 08:20:14.168768 (4168290) lic_core INFO    (2) checking out 'jasper_fpv' ...
2026-03-01 08:20:14.172761 (4168290) lic_core INFO    ... (2) checkout failed (error: -5) ("FLEXnet ERROR(-5, 0, 0): No such feature exists.")
2026-03-01 08:20:14.172800 (4168290) lic_core INFO    (3) checking out 'jasper_fao' ...
2026-03-01 08:20:14.183553 (4168290) lic_core INFO    ... (3) checkout succeeded
2026-03-01 08:20:14.184491 (4168306) stdio___ INFO    Starting STDIN reader (tty: yes, tty name: '/dev/pts/0')
2026-03-01 08:20:14.184590 (4168290) main____ INFO    Tool inactivity delay is 480000 ms.
2026-03-01 08:20:14.226171 (4168290) session_ INFO    Starting analysis session with session id 'session_0' (launcher: <local>) ...
2026-03-01 08:20:14.227929 (4168290) session_ INFO    Analysis session with session id 'session_0' started (pid: 4168309)
2026-03-01 08:20:15.355811 (4168290) session_ INFO    Analysis session 'session_0' connected to the console (host: 127.0.0.1:50402)
2026-03-01 08:20:18.888429 (4168290) lic__man INFO    Unclaim everything for 'session_0'.
2026-03-01 08:20:19.084162 (4168290) lic__man INFO    Claim 'fpv' for 'session_0'.
2026-03-01 08:20:19.084214 (4168290) lic__man INFO    Claim 'fpv' for 'session_0/prove-0'.
2026-03-01 08:20:21.659691 (4168290) lic__man INFO    Unclaim everything for 'session_0/prove-0'.
2026-03-01 08:20:21.701794 (4168290) main____ INFO    About to exit: request to exit with status 0 received from analysis session 'session_0'
2026-03-01 08:20:21.839862 (4168290) session_ INFO    Analysis session 'session_0' disconnected.
2026-03-01 08:20:21.840061 (4168290) lic__man INFO    Unclaim everything for 'session_0'.
2026-03-01 08:20:21.840271 (4168290) session_ INFO    Process for analysis session 'session_0' has exited with exit status '0'.
2026-03-01 08:20:23.809072 (4168306) stdio___ INFO    STDIN reader requested to stop.
2026-03-01 08:20:23.809131 (4168306) stdio___ INFO    STDIN reader stopped.
2026-03-01 08:20:23.809359 (4168290) lic_core INFO    (1) checkin jasper_interactive
2026-03-01 08:20:23.810374 (4168290) lic_core INFO    (3) checkin jasper_fao
2026-03-01 08:20:23.811883 (4168290) main____ INFO    Exiting with status 0.
