2026-03-02 11:25:29.995303 (612389) main____ INFO    ----------------------------------------
2026-03-02 11:25:29.995400 (612389) main____ INFO    Jasper version info
2026-03-02 11:25:29.995416 (612389) main____ INFO      tool      : Jasper 2023.12
2026-03-02 11:25:29.995431 (612389) main____ INFO      version   : 2023.12p001 64 bits
2026-03-02 11:25:29.995444 (612389) main____ INFO      build date: 2024.01.23 16:09:24 UTC
2026-03-02 11:25:29.995453 (612389) main____ INFO    ----------------------------------------
2026-03-02 11:25:29.995462 (612389) main____ INFO    Runtime info:
2026-03-02 11:25:29.995472 (612389) main____ INFO      platform  : Linux 4.18.0-553.89.1.el8_10.x86_64 x86_64
2026-03-02 11:25:29.995491 (612389) main____ INFO      hostname  : caddy12.stanford.edu
2026-03-02 11:25:29.995506 (612389) main____ INFO      pid       : 612389
2026-03-02 11:25:29.995516 (612389) main____ INFO      arguments : '-style' 'windows' '-allow_unsupported_OS' '-no_gui' '-fpv' './synthlc/i_ADDI_out/xHBPerfG_dfg_v3_div/HB_502_.tcl' '-proj' './synthlc/i_ADDI_out/xHBPerfG_dfg_v3_div/HB_502_jgsession_26-03-02-11_25_29'
2026-03-02 11:25:29.995533 (612389) main____ INFO      locale    : UTF-8
2026-03-02 11:25:29.995542 (612389) main____ INFO    ----------------------------------------
2026-03-02 11:25:29.995551 (612389) main____ INFO    System resource limits info:
2026-03-02 11:25:29.995563 (612389) main____ INFO      virtual memory: unlimited
2026-03-02 11:25:29.995574 (612389) main____ INFO      cpu time      : unlimited
2026-03-02 11:25:29.995592 (612389) main____ INFO      processes     : 4096
2026-03-02 11:25:29.995611 (612389) main____ INFO      stack size    : 8388608 B
2026-03-02 11:25:29.995625 (612389) main____ INFO      core file size: 0 B
2026-03-02 11:25:29.995637 (612389) main____ INFO      open files    : 4096
2026-03-02 11:25:29.995648 (612389) main____ INFO      file size     : unlimited
2026-03-02 11:25:29.995658 (612389) main____ INFO    ----------------------------------------
2026-03-02 11:25:29.995682 (612389) main____ INFO    Memory statistics:
2026-03-02 11:25:29.995694 (612389) main____ INFO      total physical memory  : 98449088 kB
2026-03-02 11:25:29.995704 (612389) main____ INFO      free physical memory   : 80012620 kB
2026-03-02 11:25:29.995724 (612389) main____ INFO      committed address space: 17196868 kB
2026-03-02 11:25:29.995733 (612389) main____ INFO    ----------------------------------------
2026-03-02 11:25:29.996926 (612389) main____ INFO    Important environment variables:
2026-03-02 11:25:29.996952 (612389) main____ INFO      CDS_LIC_FILE       : '5280@cadlic0'
2026-03-02 11:25:29.996965 (612389) main____ INFO      DISPLAY            : 'localhost:12.0'
2026-03-02 11:25:29.996976 (612389) main____ INFO      JASPER_INSTALL_DIR : '/cad/cadence/jasper_2023.12p001'
2026-03-02 11:25:29.996987 (612389) main____ INFO      JASPER_KERNEL_CHECK: '1'
2026-03-02 11:25:29.996999 (612389) main____ INFO      JASPER_OS_CHECK    : '0'
2026-03-02 11:25:29.997010 (612389) main____ INFO      LANG               : 'zh_TW.UTF-8'
2026-03-02 11:25:29.997019 (612389) main____ INFO    ----------------------------------------
2026-03-02 11:25:29.998946 (612389) lic_core INFO    Initializing license system ...
2026-03-02 11:25:30.057521 (612389) lic_core INFO    ... license system initialized.
2026-03-02 11:25:30.147750 (612389) lic__man INFO    Claim 'main' for <ui>.
2026-03-02 11:25:30.147818 (612389) lic_core INFO    (1) checking out 'jasper_interactive' ...
2026-03-02 11:25:30.222982 (612389) lic_core INFO    ... (1) checkout succeeded
2026-03-02 11:25:30.223084 (612389) lic__man INFO    Claim 'fpv' for <ui>.
2026-03-02 11:25:30.223112 (612389) lic_core INFO    (2) checking out 'jasper_fpv' ...
2026-03-02 11:25:30.279230 (612389) lic_core INFO    ... (2) checkout failed (error: -5) ("FLEXnet ERROR(-5, 0, 0): No such feature exists.")
2026-03-02 11:25:30.279285 (612389) lic_core INFO    (3) checking out 'jasper_fao' ...
2026-03-02 11:25:30.356992 (612389) lic_core INFO    ... (3) checkout succeeded
2026-03-02 11:25:30.381591 (612389) main____ INFO    Tool inactivity delay is 480000 ms.
2026-03-02 11:25:30.389890 (612400) stdio___ INFO    Starting STDIN reader (tty: yes, tty name: '/dev/pts/0')
2026-03-02 11:25:30.726798 (612389) session_ INFO    Starting analysis session with session id 'session_0' (launcher: <local>) ...
2026-03-02 11:25:30.728842 (612389) session_ INFO    Analysis session with session id 'session_0' started (pid: 612402)
2026-03-02 11:25:33.717478 (612389) session_ INFO    Analysis session 'session_0' connected to the console (host: 127.0.0.1:47012)
2026-03-02 11:25:43.353784 (612389) lic__man INFO    Unclaim everything for 'session_0'.
2026-03-02 11:25:43.720223 (612389) lic__man INFO    Claim 'fpv' for 'session_0'.
2026-03-02 11:25:43.720265 (612389) lic__man INFO    Claim 'fpv' for 'session_0/prove-0'.
2026-03-02 11:25:47.006747 (612389) lic__man INFO    Unclaim everything for 'session_0/prove-0'.
2026-03-02 11:25:47.057029 (612389) main____ INFO    About to exit: request to exit with status 0 received from analysis session 'session_0'
2026-03-02 11:25:47.686060 (612389) session_ INFO    Analysis session 'session_0' disconnected.
2026-03-02 11:25:47.686248 (612389) lic__man INFO    Unclaim everything for 'session_0'.
2026-03-02 11:25:47.686449 (612389) session_ INFO    Process for analysis session 'session_0' has exited with exit status '0'.
2026-03-02 11:25:48.993763 (612400) stdio___ INFO    STDIN reader requested to stop.
2026-03-02 11:25:48.993816 (612400) stdio___ INFO    STDIN reader stopped.
2026-03-02 11:25:48.999981 (612389) lic_core INFO    (1) checkin jasper_interactive
2026-03-02 11:25:49.010985 (612389) lic_core INFO    (3) checkin jasper_fao
2026-03-02 11:25:49.022486 (612389) main____ INFO    Exiting with status 0.
