2026-02-27 16:46:56.319268 (3232987) main____ INFO    ----------------------------------------
2026-02-27 16:46:56.319365 (3232987) main____ INFO    Jasper version info
2026-02-27 16:46:56.319382 (3232987) main____ INFO      tool      : Jasper 2023.12
2026-02-27 16:46:56.319399 (3232987) main____ INFO      version   : 2023.12p001 64 bits
2026-02-27 16:46:56.319413 (3232987) main____ INFO      build date: 2024.01.23 16:09:24 UTC
2026-02-27 16:46:56.319424 (3232987) main____ INFO    ----------------------------------------
2026-02-27 16:46:56.319434 (3232987) main____ INFO    Runtime info:
2026-02-27 16:46:56.319445 (3232987) main____ INFO      platform  : Linux 4.18.0-553.89.1.el8_10.x86_64 x86_64
2026-02-27 16:46:56.319466 (3232987) main____ INFO      hostname  : caddy12.stanford.edu
2026-02-27 16:46:56.319482 (3232987) main____ INFO      pid       : 3232987
2026-02-27 16:46:56.319493 (3232987) main____ INFO      arguments : '-style' 'windows' '-allow_unsupported_OS' '-no_gui' '-fpv' './synthlc/i_DIV_out/xHBPerfG_dfg_v3_div/WHB_132_.tcl' '-proj' './synthlc/i_DIV_out/xHBPerfG_dfg_v3_div/WHB_132_jgsession_26-02-27-16_46_55'
2026-02-27 16:46:56.319512 (3232987) main____ INFO      locale    : UTF-8
2026-02-27 16:46:56.319522 (3232987) main____ INFO    ----------------------------------------
2026-02-27 16:46:56.319532 (3232987) main____ INFO    System resource limits info:
2026-02-27 16:46:56.319546 (3232987) main____ INFO      virtual memory: unlimited
2026-02-27 16:46:56.319559 (3232987) main____ INFO      cpu time      : unlimited
2026-02-27 16:46:56.319578 (3232987) main____ INFO      processes     : 4096
2026-02-27 16:46:56.319600 (3232987) main____ INFO      stack size    : 8388608 B
2026-02-27 16:46:56.319615 (3232987) main____ INFO      core file size: 0 B
2026-02-27 16:46:56.319629 (3232987) main____ INFO      open files    : 4096
2026-02-27 16:46:56.319642 (3232987) main____ INFO      file size     : unlimited
2026-02-27 16:46:56.319653 (3232987) main____ INFO    ----------------------------------------
2026-02-27 16:46:56.319682 (3232987) main____ INFO    Memory statistics:
2026-02-27 16:46:56.319695 (3232987) main____ INFO      total physical memory  : 98449088 kB
2026-02-27 16:46:56.319707 (3232987) main____ INFO      free physical memory   : 75350684 kB
2026-02-27 16:46:56.319719 (3232987) main____ INFO      committed address space: 7018876 kB
2026-02-27 16:46:56.319730 (3232987) main____ INFO    ----------------------------------------
2026-02-27 16:46:56.321012 (3232987) main____ INFO    Important environment variables:
2026-02-27 16:46:56.321048 (3232987) main____ INFO      CDS_LIC_FILE       : '5280@cadlic0'
2026-02-27 16:46:56.321063 (3232987) main____ INFO      DISPLAY            : 'localhost:12.0'
2026-02-27 16:46:56.321076 (3232987) main____ INFO      JASPER_INSTALL_DIR : '/cad/cadence/jasper_2023.12p001'
2026-02-27 16:46:56.321089 (3232987) main____ INFO      JASPER_KERNEL_CHECK: '1'
2026-02-27 16:46:56.321102 (3232987) main____ INFO      JASPER_OS_CHECK    : '0'
2026-02-27 16:46:56.321115 (3232987) main____ INFO      LANG               : 'zh_TW.UTF-8'
2026-02-27 16:46:56.321125 (3232987) main____ INFO    ----------------------------------------
2026-02-27 16:46:56.322911 (3232987) lic_core INFO    Initializing license system ...
2026-02-27 16:46:56.344996 (3232987) lic_core INFO    ... license system initialized.
2026-02-27 16:46:56.519956 (3232987) lic__man INFO    Claim 'main' for <ui>.
2026-02-27 16:46:56.520057 (3232987) lic_core INFO    (1) checking out 'jasper_interactive' ...
2026-02-27 16:46:56.588968 (3232987) lic_core INFO    ... (1) checkout succeeded
2026-02-27 16:46:56.589093 (3232987) lic__man INFO    Claim 'fpv' for <ui>.
2026-02-27 16:46:56.589124 (3232987) lic_core INFO    (2) checking out 'jasper_fpv' ...
2026-02-27 16:46:56.633131 (3232987) lic_core INFO    ... (2) checkout failed (error: -5) ("FLEXnet ERROR(-5, 0, 0): No such feature exists.")
2026-02-27 16:46:56.633197 (3232987) lic_core INFO    (3) checking out 'jasper_fao' ...
2026-02-27 16:46:56.696951 (3232987) lic_core INFO    ... (3) checkout succeeded
2026-02-27 16:46:56.709640 (3232987) main____ INFO    Tool inactivity delay is 480000 ms.
2026-02-27 16:46:56.717932 (3233168) stdio___ INFO    Starting STDIN reader (tty: yes, tty name: '/dev/pts/0')
2026-02-27 16:46:57.051851 (3232987) session_ INFO    Starting analysis session with session id 'session_0' (launcher: <local>) ...
2026-02-27 16:46:57.053801 (3232987) session_ INFO    Analysis session with session id 'session_0' started (pid: 3233177)
2026-02-27 16:47:00.794259 (3232987) session_ INFO    Analysis session 'session_0' connected to the console (host: 127.0.0.1:34230)
2026-02-27 16:47:07.203902 (3232987) lic__man INFO    Unclaim everything for 'session_0'.
2026-02-27 16:47:07.554004 (3232987) lic__man INFO    Claim 'fpv' for 'session_0'.
2026-02-27 16:47:07.554055 (3232987) lic__man INFO    Claim 'fpv' for 'session_0/prove-0'.
2026-02-27 16:47:16.897937 (3232987) lic__man INFO    Unclaim everything for 'session_0/prove-0'.
2026-02-27 16:47:16.923993 (3232987) main____ INFO    About to exit: request to exit with status 0 received from analysis session 'session_0'
2026-02-27 16:47:17.136830 (3232987) session_ INFO    Analysis session 'session_0' disconnected.
2026-02-27 16:47:17.137006 (3232987) lic__man INFO    Unclaim everything for 'session_0'.
2026-02-27 16:47:17.137727 (3232987) session_ INFO    Process for analysis session 'session_0' has exited with exit status '0'.
2026-02-27 16:47:18.897771 (3233168) stdio___ INFO    STDIN reader requested to stop.
2026-02-27 16:47:18.897858 (3233168) stdio___ INFO    STDIN reader stopped.
2026-02-27 16:47:18.902954 (3232987) lic_core INFO    (1) checkin jasper_interactive
2026-02-27 16:47:18.905462 (3232987) lic_core INFO    (3) checkin jasper_fao
2026-02-27 16:47:18.925711 (3232987) main____ INFO    Exiting with status 0.
