2026-02-25 11:15:02.603904 (3080062) main____ INFO    ----------------------------------------
2026-02-25 11:15:02.604021 (3080062) main____ INFO    Jasper version info
2026-02-25 11:15:02.604037 (3080062) main____ INFO      tool      : Jasper 2023.12
2026-02-25 11:15:02.604053 (3080062) main____ INFO      version   : 2023.12p001 64 bits
2026-02-25 11:15:02.604066 (3080062) main____ INFO      build date: 2024.01.23 16:09:24 UTC
2026-02-25 11:15:02.604077 (3080062) main____ INFO    ----------------------------------------
2026-02-25 11:15:02.604086 (3080062) main____ INFO    Runtime info:
2026-02-25 11:15:02.604096 (3080062) main____ INFO      platform  : Linux 4.18.0-553.89.1.el8_10.x86_64 x86_64
2026-02-25 11:15:02.604116 (3080062) main____ INFO      hostname  : caddy15.stanford.edu
2026-02-25 11:15:02.604131 (3080062) main____ INFO      pid       : 3080062
2026-02-25 11:15:02.604144 (3080062) main____ INFO      arguments : '-style' 'windows' '-allow_unsupported_OS' '-no_gui' '-fpv' './synthlc/i_DIV_out/xPairwiseDepDiv/exclusive_187_.tcl' '-proj' './synthlc/i_DIV_out/xPairwiseDepDiv/exclusive_187_jgsession_26-02-25-11_15_01'
2026-02-25 11:15:02.604162 (3080062) main____ INFO      locale    : UTF-8
2026-02-25 11:15:02.604172 (3080062) main____ INFO    ----------------------------------------
2026-02-25 11:15:02.604181 (3080062) main____ INFO    System resource limits info:
2026-02-25 11:15:02.604193 (3080062) main____ INFO      virtual memory: unlimited
2026-02-25 11:15:02.604205 (3080062) main____ INFO      cpu time      : unlimited
2026-02-25 11:15:02.604224 (3080062) main____ INFO      processes     : 4096
2026-02-25 11:15:02.604246 (3080062) main____ INFO      stack size    : 8388608 B
2026-02-25 11:15:02.604260 (3080062) main____ INFO      core file size: 0 B
2026-02-25 11:15:02.604273 (3080062) main____ INFO      open files    : 4096
2026-02-25 11:15:02.604285 (3080062) main____ INFO      file size     : unlimited
2026-02-25 11:15:02.604295 (3080062) main____ INFO    ----------------------------------------
2026-02-25 11:15:02.604322 (3080062) main____ INFO    Memory statistics:
2026-02-25 11:15:02.604334 (3080062) main____ INFO      total physical memory  : 98449092 kB
2026-02-25 11:15:02.604355 (3080062) main____ INFO      free physical memory   : 70280504 kB
2026-02-25 11:15:02.604366 (3080062) main____ INFO      committed address space: 16052836 kB
2026-02-25 11:15:02.604375 (3080062) main____ INFO    ----------------------------------------
2026-02-25 11:15:02.605553 (3080062) main____ INFO    Important environment variables:
2026-02-25 11:15:02.605581 (3080062) main____ INFO      CDS_LIC_FILE       : '5280@cadlic0'
2026-02-25 11:15:02.605593 (3080062) main____ INFO      JASPER_INSTALL_DIR : '/cad/cadence/jasper_2023.12p001'
2026-02-25 11:15:02.605605 (3080062) main____ INFO      JASPER_KERNEL_CHECK: '1'
2026-02-25 11:15:02.605617 (3080062) main____ INFO      JASPER_OS_CHECK    : '0'
2026-02-25 11:15:02.605629 (3080062) main____ INFO      LANG               : 'en_US.UTF-8'
2026-02-25 11:15:02.605639 (3080062) main____ INFO    ----------------------------------------
2026-02-25 11:15:02.607534 (3080062) lic_core INFO    Initializing license system ...
2026-02-25 11:15:02.691118 (3080062) lic_core INFO    ... license system initialized.
2026-02-25 11:15:02.844875 (3080062) lic__man INFO    Claim 'main' for <ui>.
2026-02-25 11:15:02.844964 (3080062) lic_core INFO    (1) checking out 'jasper_interactive' ...
2026-02-25 11:15:02.915703 (3080062) lic_core INFO    ... (1) checkout succeeded
2026-02-25 11:15:02.915826 (3080062) lic__man INFO    Claim 'fpv' for <ui>.
2026-02-25 11:15:02.915858 (3080062) lic_core INFO    (2) checking out 'jasper_fpv' ...
2026-02-25 11:15:03.042806 (3080062) lic_core INFO    ... (2) checkout failed (error: -5) ("FLEXnet ERROR(-5, 0, 0): No such feature exists.")
2026-02-25 11:15:03.042868 (3080062) lic_core INFO    (3) checking out 'jasper_fao' ...
2026-02-25 11:15:03.125583 (3080062) lic_core INFO    ... (3) checkout succeeded
2026-02-25 11:15:03.162379 (3080062) main____ INFO    Tool inactivity delay is 480000 ms.
2026-02-25 11:15:03.171867 (3080113) stdio___ INFO    Starting STDIN reader (tty: yes, tty name: '/dev/pts/0')
2026-02-25 11:15:03.594474 (3080062) session_ INFO    Starting analysis session with session id 'session_0' (launcher: <local>) ...
2026-02-25 11:15:03.596713 (3080062) session_ INFO    Analysis session with session id 'session_0' started (pid: 3080114)
2026-02-25 11:15:08.837908 (3080062) session_ INFO    Analysis session 'session_0' connected to the console (host: 127.0.0.1:45958)
2026-02-25 11:15:21.959456 (3080062) lic__man INFO    Unclaim everything for 'session_0'.
2026-02-25 11:15:22.415896 (3080062) lic__man INFO    Claim 'fpv' for 'session_0'.
2026-02-25 11:15:22.415949 (3080062) lic__man INFO    Claim 'fpv' for 'session_0/prove-0'.
2026-02-25 11:16:03.620693 (3080062) lic__man INFO    Unclaim everything for 'session_0/prove-0'.
2026-02-25 11:16:03.682679 (3080062) main____ INFO    About to exit: request to exit with status 0 received from analysis session 'session_0'
2026-02-25 11:16:04.329037 (3080062) session_ INFO    Analysis session 'session_0' disconnected.
2026-02-25 11:16:04.329246 (3080062) lic__man INFO    Unclaim everything for 'session_0'.
2026-02-25 11:16:04.330032 (3080062) session_ INFO    Process for analysis session 'session_0' has exited with exit status '0'.
2026-02-25 11:16:05.791386 (3080113) stdio___ INFO    STDIN reader requested to stop.
2026-02-25 11:16:05.791438 (3080113) stdio___ INFO    STDIN reader stopped.
2026-02-25 11:16:05.801615 (3080062) lic_core INFO    (1) checkin jasper_interactive
2026-02-25 11:16:05.803481 (3080062) lic_core INFO    (3) checkin jasper_fao
2026-02-25 11:16:05.824719 (3080062) main____ INFO    Exiting with status 0.
