2026-03-01 01:43:36.207924 (1200597) main____ INFO    ----------------------------------------
2026-03-01 01:43:36.207998 (1200597) main____ INFO    Jasper version info
2026-03-01 01:43:36.208013 (1200597) main____ INFO      tool      : Jasper 2023.12
2026-03-01 01:43:36.208027 (1200597) main____ INFO      version   : 2023.12p001 64 bits
2026-03-01 01:43:36.208039 (1200597) main____ INFO      build date: 2024.01.23 16:09:24 UTC
2026-03-01 01:43:36.208049 (1200597) main____ INFO    ----------------------------------------
2026-03-01 01:43:36.208059 (1200597) main____ INFO    Runtime info:
2026-03-01 01:43:36.208069 (1200597) main____ INFO      platform  : Linux 4.18.0-553.89.1.el8_10.x86_64 x86_64
2026-03-01 01:43:36.208086 (1200597) main____ INFO      hostname  : caddy15.stanford.edu
2026-03-01 01:43:36.208101 (1200597) main____ INFO      pid       : 1200597
2026-03-01 01:43:36.208112 (1200597) main____ INFO      arguments : '-style' 'windows' '-allow_unsupported_OS' '-no_gui' '-fpv' './synthlc/i_LW_out/xHBPerfG_dfg_v3_div/HB_49_.tcl' '-proj' './synthlc/i_LW_out/xHBPerfG_dfg_v3_div/HB_49_jgsession_26-03-01-01_43_36'
2026-03-01 01:43:36.208128 (1200597) main____ INFO      locale    : UTF-8
2026-03-01 01:43:36.208138 (1200597) main____ INFO    ----------------------------------------
2026-03-01 01:43:36.208147 (1200597) main____ INFO    System resource limits info:
2026-03-01 01:43:36.208159 (1200597) main____ INFO      virtual memory: unlimited
2026-03-01 01:43:36.208171 (1200597) main____ INFO      cpu time      : unlimited
2026-03-01 01:43:36.208188 (1200597) main____ INFO      processes     : 4096
2026-03-01 01:43:36.208207 (1200597) main____ INFO      stack size    : 8388608 B
2026-03-01 01:43:36.208221 (1200597) main____ INFO      core file size: 0 B
2026-03-01 01:43:36.208233 (1200597) main____ INFO      open files    : 4096
2026-03-01 01:43:36.208245 (1200597) main____ INFO      file size     : unlimited
2026-03-01 01:43:36.208265 (1200597) main____ INFO    ----------------------------------------
2026-03-01 01:43:36.208274 (1200597) main____ INFO    Memory statistics:
2026-03-01 01:43:36.208286 (1200597) main____ INFO      total physical memory  : 98449092 kB
2026-03-01 01:43:36.208297 (1200597) main____ INFO      free physical memory   : 79721456 kB
2026-03-01 01:43:36.208328 (1200597) main____ INFO      committed address space: 1920008 kB
2026-03-01 01:43:36.208337 (1200597) main____ INFO    ----------------------------------------
2026-03-01 01:43:36.209466 (1200597) main____ INFO    Important environment variables:
2026-03-01 01:43:36.209490 (1200597) main____ INFO      CDS_LIC_FILE       : '5280@cadlic0'
2026-03-01 01:43:36.209503 (1200597) main____ INFO      JASPER_INSTALL_DIR : '/cad/cadence/jasper_2023.12p001'
2026-03-01 01:43:36.209515 (1200597) main____ INFO      JASPER_KERNEL_CHECK: '1'
2026-03-01 01:43:36.209527 (1200597) main____ INFO      JASPER_OS_CHECK    : '0'
2026-03-01 01:43:36.209539 (1200597) main____ INFO      LANG               : 'en_US.UTF-8'
2026-03-01 01:43:36.209549 (1200597) main____ INFO    ----------------------------------------
2026-03-01 01:43:36.210690 (1200597) lic_core INFO    Initializing license system ...
2026-03-01 01:43:36.213774 (1200597) lic_core INFO    ... license system initialized.
2026-03-01 01:43:36.224798 (1200597) lic__man INFO    Claim 'main' for <ui>.
2026-03-01 01:43:36.224844 (1200597) lic_core INFO    (1) checking out 'jasper_interactive' ...
2026-03-01 01:43:36.237066 (1200597) lic_core INFO    ... (1) checkout succeeded
2026-03-01 01:43:36.237130 (1200597) lic__man INFO    Claim 'fpv' for <ui>.
2026-03-01 01:43:36.237153 (1200597) lic_core INFO    (2) checking out 'jasper_fpv' ...
2026-03-01 01:43:36.241499 (1200597) lic_core INFO    ... (2) checkout failed (error: -5) ("FLEXnet ERROR(-5, 0, 0): No such feature exists.")
2026-03-01 01:43:36.241530 (1200597) lic_core INFO    (3) checking out 'jasper_fao' ...
2026-03-01 01:43:36.252149 (1200597) lic_core INFO    ... (3) checkout succeeded
2026-03-01 01:43:36.253797 (1200608) stdio___ INFO    Starting STDIN reader (tty: yes, tty name: '/dev/pts/0')
2026-03-01 01:43:36.253910 (1200597) main____ INFO    Tool inactivity delay is 480000 ms.
2026-03-01 01:43:36.293374 (1200597) session_ INFO    Starting analysis session with session id 'session_0' (launcher: <local>) ...
2026-03-01 01:43:36.295155 (1200597) session_ INFO    Analysis session with session id 'session_0' started (pid: 1200609)
2026-03-01 01:43:37.393452 (1200597) session_ INFO    Analysis session 'session_0' connected to the console (host: 127.0.0.1:55844)
2026-03-01 01:43:40.614050 (1200597) lic__man INFO    Unclaim everything for 'session_0'.
2026-03-01 01:43:40.819992 (1200597) lic__man INFO    Claim 'fpv' for 'session_0'.
2026-03-01 01:43:40.820027 (1200597) lic__man INFO    Claim 'fpv' for 'session_0/prove-0'.
2026-03-01 01:43:42.033582 (1200597) lic__man INFO    Unclaim everything for 'session_0/prove-0'.
2026-03-01 01:43:42.075418 (1200597) main____ INFO    About to exit: request to exit with status 0 received from analysis session 'session_0'
2026-03-01 01:43:42.229687 (1200597) session_ INFO    Analysis session 'session_0' disconnected.
2026-03-01 01:43:42.229888 (1200597) lic__man INFO    Unclaim everything for 'session_0'.
2026-03-01 01:43:42.230089 (1200597) session_ INFO    Process for analysis session 'session_0' has exited with exit status '0'.
2026-03-01 01:43:43.986210 (1200608) stdio___ INFO    STDIN reader requested to stop.
2026-03-01 01:43:43.986268 (1200608) stdio___ INFO    STDIN reader stopped.
2026-03-01 01:43:43.987567 (1200597) lic_core INFO    (1) checkin jasper_interactive
2026-03-01 01:43:43.988495 (1200597) lic_core INFO    (3) checkin jasper_fao
2026-03-01 01:43:43.996434 (1200597) main____ INFO    Exiting with status 0.
