2026-02-27 23:32:25.201117 (489289) main____ INFO    ----------------------------------------
2026-02-27 23:32:25.201178 (489289) main____ INFO    Jasper version info
2026-02-27 23:32:25.201192 (489289) main____ INFO      tool      : Jasper 2023.12
2026-02-27 23:32:25.201206 (489289) main____ INFO      version   : 2023.12p001 64 bits
2026-02-27 23:32:25.201219 (489289) main____ INFO      build date: 2024.01.23 16:09:24 UTC
2026-02-27 23:32:25.201229 (489289) main____ INFO    ----------------------------------------
2026-02-27 23:32:25.201238 (489289) main____ INFO    Runtime info:
2026-02-27 23:32:25.201249 (489289) main____ INFO      platform  : Linux 4.18.0-553.89.1.el8_10.x86_64 x86_64
2026-02-27 23:32:25.201266 (489289) main____ INFO      hostname  : caddy10.stanford.edu
2026-02-27 23:32:25.201280 (489289) main____ INFO      pid       : 489289
2026-02-27 23:32:25.201291 (489289) main____ INFO      arguments : '-style' 'windows' '-allow_unsupported_OS' '-no_gui' '-fpv' './synthlc/i_DIV_out/xPerfLocSubsetDiv/coverset_13_.tcl' '-proj' './synthlc/i_DIV_out/xPerfLocSubsetDiv/coverset_13_jgsession_26-02-27-23_32_25'
2026-02-27 23:32:25.201306 (489289) main____ INFO      locale    : UTF-8
2026-02-27 23:32:25.201316 (489289) main____ INFO    ----------------------------------------
2026-02-27 23:32:25.201325 (489289) main____ INFO    System resource limits info:
2026-02-27 23:32:25.201338 (489289) main____ INFO      virtual memory: unlimited
2026-02-27 23:32:25.201350 (489289) main____ INFO      cpu time      : unlimited
2026-02-27 23:32:25.201365 (489289) main____ INFO      processes     : 4096
2026-02-27 23:32:25.201383 (489289) main____ INFO      stack size    : 8388608 B
2026-02-27 23:32:25.201397 (489289) main____ INFO      core file size: 0 B
2026-02-27 23:32:25.201409 (489289) main____ INFO      open files    : 4096
2026-02-27 23:32:25.201421 (489289) main____ INFO      file size     : unlimited
2026-02-27 23:32:25.201431 (489289) main____ INFO    ----------------------------------------
2026-02-27 23:32:25.201440 (489289) main____ INFO    Memory statistics:
2026-02-27 23:32:25.201452 (489289) main____ INFO      total physical memory  : 98449096 kB
2026-02-27 23:32:25.201463 (489289) main____ INFO      free physical memory   : 90739904 kB
2026-02-27 23:32:25.201474 (489289) main____ INFO      committed address space: 1813004 kB
2026-02-27 23:32:25.201483 (489289) main____ INFO    ----------------------------------------
2026-02-27 23:32:25.202604 (489289) main____ INFO    Important environment variables:
2026-02-27 23:32:25.202625 (489289) main____ INFO      CDS_LIC_FILE       : '5280@cadlic0'
2026-02-27 23:32:25.202637 (489289) main____ INFO      JASPER_INSTALL_DIR : '/cad/cadence/jasper_2023.12p001'
2026-02-27 23:32:25.202649 (489289) main____ INFO      JASPER_KERNEL_CHECK: '1'
2026-02-27 23:32:25.202661 (489289) main____ INFO      JASPER_OS_CHECK    : '0'
2026-02-27 23:32:25.202672 (489289) main____ INFO      LANG               : 'en_US.UTF-8'
2026-02-27 23:32:25.202682 (489289) main____ INFO    ----------------------------------------
2026-02-27 23:32:25.203775 (489289) lic_core INFO    Initializing license system ...
2026-02-27 23:32:25.205817 (489289) lic_core INFO    ... license system initialized.
2026-02-27 23:32:25.215790 (489289) lic__man INFO    Claim 'main' for <ui>.
2026-02-27 23:32:25.215830 (489289) lic_core INFO    (1) checking out 'jasper_interactive' ...
2026-02-27 23:32:25.228184 (489289) lic_core INFO    ... (1) checkout succeeded
2026-02-27 23:32:25.228238 (489289) lic__man INFO    Claim 'fpv' for <ui>.
2026-02-27 23:32:25.228259 (489289) lic_core INFO    (2) checking out 'jasper_fpv' ...
2026-02-27 23:32:25.232297 (489289) lic_core INFO    ... (2) checkout failed (error: -5) ("FLEXnet ERROR(-5, 0, 0): No such feature exists.")
2026-02-27 23:32:25.232326 (489289) lic_core INFO    (3) checking out 'jasper_fao' ...
2026-02-27 23:32:25.243264 (489289) lic_core INFO    ... (3) checkout succeeded
2026-02-27 23:32:25.244175 (489312) stdio___ INFO    Starting STDIN reader (tty: yes, tty name: '/dev/pts/5')
2026-02-27 23:32:25.244290 (489289) main____ INFO    Tool inactivity delay is 480000 ms.
2026-02-27 23:32:25.282921 (489289) session_ INFO    Starting analysis session with session id 'session_0' (launcher: <local>) ...
2026-02-27 23:32:25.284656 (489289) session_ INFO    Analysis session with session id 'session_0' started (pid: 489313)
2026-02-27 23:32:26.346116 (489289) session_ INFO    Analysis session 'session_0' connected to the console (host: 127.0.0.1:40534)
2026-02-27 23:32:29.557238 (489289) lic__man INFO    Unclaim everything for 'session_0'.
2026-02-27 23:32:29.987268 (489289) lic__man INFO    Claim 'fpv' for 'session_0'.
2026-02-27 23:32:29.987305 (489289) lic__man INFO    Claim 'fpv' for 'session_0/prove-0'.
2026-02-27 23:32:32.053955 (489289) lic__man INFO    Unclaim everything for 'session_0/prove-0'.
2026-02-27 23:32:32.096228 (489289) main____ INFO    About to exit: request to exit with status 0 received from analysis session 'session_0'
2026-02-27 23:32:32.227960 (489289) session_ INFO    Analysis session 'session_0' disconnected.
2026-02-27 23:32:32.228178 (489289) lic__man INFO    Unclaim everything for 'session_0'.
2026-02-27 23:32:32.228371 (489289) session_ INFO    Process for analysis session 'session_0' has exited with exit status '0'.
2026-02-27 23:32:34.003036 (489312) stdio___ INFO    STDIN reader requested to stop.
2026-02-27 23:32:34.003084 (489312) stdio___ INFO    STDIN reader stopped.
2026-02-27 23:32:34.003285 (489289) lic_core INFO    (1) checkin jasper_interactive
2026-02-27 23:32:34.004003 (489289) lic_core INFO    (3) checkin jasper_fao
2026-02-27 23:32:34.004969 (489289) main____ INFO    Exiting with status 0.
