2026-02-27 12:47:36.141378 (3070118) main____ INFO    ----------------------------------------
2026-02-27 12:47:36.141446 (3070118) main____ INFO    Jasper version info
2026-02-27 12:47:36.141461 (3070118) main____ INFO      tool      : Jasper 2023.12
2026-02-27 12:47:36.141476 (3070118) main____ INFO      version   : 2023.12p001 64 bits
2026-02-27 12:47:36.141489 (3070118) main____ INFO      build date: 2024.01.23 16:09:24 UTC
2026-02-27 12:47:36.141500 (3070118) main____ INFO    ----------------------------------------
2026-02-27 12:47:36.141509 (3070118) main____ INFO    Runtime info:
2026-02-27 12:47:36.141521 (3070118) main____ INFO      platform  : Linux 4.18.0-553.89.1.el8_10.x86_64 x86_64
2026-02-27 12:47:36.141537 (3070118) main____ INFO      hostname  : caddy12.stanford.edu
2026-02-27 12:47:36.141552 (3070118) main____ INFO      pid       : 3070118
2026-02-27 12:47:36.141563 (3070118) main____ INFO      arguments : '-style' 'windows' '-allow_unsupported_OS' '-no_gui' '-fpv' './synthlc/i_MUL_out/xHBPerfG_dfg_v3_div/HB_13_.tcl' '-proj' './synthlc/i_MUL_out/xHBPerfG_dfg_v3_div/HB_13_jgsession_26-02-27-12_47_35'
2026-02-27 12:47:36.141578 (3070118) main____ INFO      locale    : UTF-8
2026-02-27 12:47:36.141589 (3070118) main____ INFO    ----------------------------------------
2026-02-27 12:47:36.141598 (3070118) main____ INFO    System resource limits info:
2026-02-27 12:47:36.141611 (3070118) main____ INFO      virtual memory: unlimited
2026-02-27 12:47:36.141624 (3070118) main____ INFO      cpu time      : unlimited
2026-02-27 12:47:36.141640 (3070118) main____ INFO      processes     : 4096
2026-02-27 12:47:36.141657 (3070118) main____ INFO      stack size    : 8388608 B
2026-02-27 12:47:36.142527 (3070118) main____ INFO      core file size: 0 B
2026-02-27 12:47:36.142541 (3070118) main____ INFO      open files    : 4096
2026-02-27 12:47:36.142553 (3070118) main____ INFO      file size     : unlimited
2026-02-27 12:47:36.142564 (3070118) main____ INFO    ----------------------------------------
2026-02-27 12:47:36.142573 (3070118) main____ INFO    Memory statistics:
2026-02-27 12:47:36.142585 (3070118) main____ INFO      total physical memory  : 98449088 kB
2026-02-27 12:47:36.142596 (3070118) main____ INFO      free physical memory   : 79209044 kB
2026-02-27 12:47:36.142608 (3070118) main____ INFO      committed address space: 2133352 kB
2026-02-27 12:47:36.142618 (3070118) main____ INFO    ----------------------------------------
2026-02-27 12:47:36.143776 (3070118) main____ INFO    Important environment variables:
2026-02-27 12:47:36.144453 (3070118) main____ INFO      CDS_LIC_FILE       : '5280@cadlic0'
2026-02-27 12:47:36.144492 (3070118) main____ INFO      DISPLAY            : 'localhost:12.0'
2026-02-27 12:47:36.144525 (3070118) main____ INFO      JASPER_INSTALL_DIR : '/cad/cadence/jasper_2023.12p001'
2026-02-27 12:47:36.144558 (3070118) main____ INFO      JASPER_KERNEL_CHECK: '1'
2026-02-27 12:47:36.144590 (3070118) main____ INFO      JASPER_OS_CHECK    : '0'
2026-02-27 12:47:36.144623 (3070118) main____ INFO      LANG               : 'zh_TW.UTF-8'
2026-02-27 12:47:36.144651 (3070118) main____ INFO    ----------------------------------------
2026-02-27 12:47:36.145802 (3070118) lic_core INFO    Initializing license system ...
2026-02-27 12:47:36.149235 (3070118) lic_core INFO    ... license system initialized.
2026-02-27 12:47:36.161861 (3070118) lic__man INFO    Claim 'main' for <ui>.
2026-02-27 12:47:36.161940 (3070118) lic_core INFO    (1) checking out 'jasper_interactive' ...
2026-02-27 12:47:36.175509 (3070118) lic_core INFO    ... (1) checkout succeeded
2026-02-27 12:47:36.175583 (3070118) lic__man INFO    Claim 'fpv' for <ui>.
2026-02-27 12:47:36.175607 (3070118) lic_core INFO    (2) checking out 'jasper_fpv' ...
2026-02-27 12:47:36.180076 (3070118) lic_core INFO    ... (2) checkout failed (error: -5) ("FLEXnet ERROR(-5, 0, 0): No such feature exists.")
2026-02-27 12:47:36.180117 (3070118) lic_core INFO    (3) checking out 'jasper_fao' ...
2026-02-27 12:47:36.191397 (3070118) lic_core INFO    ... (3) checkout succeeded
2026-02-27 12:47:36.193262 (3070134) stdio___ INFO    Starting STDIN reader (tty: yes, tty name: '/dev/pts/0')
2026-02-27 12:47:36.193414 (3070118) main____ INFO    Tool inactivity delay is 480000 ms.
2026-02-27 12:47:36.237261 (3070118) session_ INFO    Starting analysis session with session id 'session_0' (launcher: <local>) ...
2026-02-27 12:47:36.239759 (3070118) session_ INFO    Analysis session with session id 'session_0' started (pid: 3070135)
2026-02-27 12:47:37.403022 (3070118) session_ INFO    Analysis session 'session_0' connected to the console (host: 127.0.0.1:51520)
2026-02-27 12:47:41.026808 (3070118) lic__man INFO    Unclaim everything for 'session_0'.
2026-02-27 12:47:41.225854 (3070118) lic__man INFO    Claim 'fpv' for 'session_0'.
2026-02-27 12:47:41.225895 (3070118) lic__man INFO    Claim 'fpv' for 'session_0/prove-0'.
2026-02-27 12:47:42.608067 (3070118) lic__man INFO    Unclaim everything for 'session_0/prove-0'.
2026-02-27 12:47:42.650988 (3070118) main____ INFO    About to exit: request to exit with status 0 received from analysis session 'session_0'
2026-02-27 12:47:42.791372 (3070118) session_ INFO    Analysis session 'session_0' disconnected.
2026-02-27 12:47:42.791496 (3070118) lic__man INFO    Unclaim everything for 'session_0'.
2026-02-27 12:47:42.791977 (3070118) session_ INFO    Process for analysis session 'session_0' has exited with exit status '0'.
2026-02-27 12:47:44.757097 (3070134) stdio___ INFO    STDIN reader requested to stop.
2026-02-27 12:47:44.757214 (3070134) stdio___ INFO    STDIN reader stopped.
2026-02-27 12:47:44.757904 (3070118) lic_core INFO    (1) checkin jasper_interactive
2026-02-27 12:47:44.759438 (3070118) lic_core INFO    (3) checkin jasper_fao
2026-02-27 12:47:44.760819 (3070118) main____ INFO    Exiting with status 0.
