2026-02-27 12:51:55.759316 (3082556) main____ INFO    ----------------------------------------
2026-02-27 12:51:55.759381 (3082556) main____ INFO    Jasper version info
2026-02-27 12:51:55.759396 (3082556) main____ INFO      tool      : Jasper 2023.12
2026-02-27 12:51:55.759410 (3082556) main____ INFO      version   : 2023.12p001 64 bits
2026-02-27 12:51:55.759424 (3082556) main____ INFO      build date: 2024.01.23 16:09:24 UTC
2026-02-27 12:51:55.759434 (3082556) main____ INFO    ----------------------------------------
2026-02-27 12:51:55.759444 (3082556) main____ INFO    Runtime info:
2026-02-27 12:51:55.759455 (3082556) main____ INFO      platform  : Linux 4.18.0-553.89.1.el8_10.x86_64 x86_64
2026-02-27 12:51:55.759472 (3082556) main____ INFO      hostname  : caddy12.stanford.edu
2026-02-27 12:51:55.759487 (3082556) main____ INFO      pid       : 3082556
2026-02-27 12:51:55.759498 (3082556) main____ INFO      arguments : '-style' 'windows' '-allow_unsupported_OS' '-no_gui' '-fpv' './synthlc/i_MUL_out/xPerfLocCycleCount/over1cyc_1_mult_fsm_s2_.tcl' '-proj' './synthlc/i_MUL_out/xPerfLocCycleCount/over1cyc_1_mult_fsm_s2_jgsession_26-02-27-12_51_55'
2026-02-27 12:51:55.759513 (3082556) main____ INFO      locale    : UTF-8
2026-02-27 12:51:55.759523 (3082556) main____ INFO    ----------------------------------------
2026-02-27 12:51:55.759533 (3082556) main____ INFO    System resource limits info:
2026-02-27 12:51:55.759545 (3082556) main____ INFO      virtual memory: unlimited
2026-02-27 12:51:55.759558 (3082556) main____ INFO      cpu time      : unlimited
2026-02-27 12:51:55.759574 (3082556) main____ INFO      processes     : 4096
2026-02-27 12:51:55.759591 (3082556) main____ INFO      stack size    : 8388608 B
2026-02-27 12:51:55.759605 (3082556) main____ INFO      core file size: 0 B
2026-02-27 12:51:55.759618 (3082556) main____ INFO      open files    : 4096
2026-02-27 12:51:55.759631 (3082556) main____ INFO      file size     : unlimited
2026-02-27 12:51:55.759641 (3082556) main____ INFO    ----------------------------------------
2026-02-27 12:51:55.759651 (3082556) main____ INFO    Memory statistics:
2026-02-27 12:51:55.759662 (3082556) main____ INFO      total physical memory  : 98449088 kB
2026-02-27 12:51:55.759674 (3082556) main____ INFO      free physical memory   : 79311040 kB
2026-02-27 12:51:55.759699 (3082556) main____ INFO      committed address space: 1808648 kB
2026-02-27 12:51:55.759709 (3082556) main____ INFO    ----------------------------------------
2026-02-27 12:51:55.760840 (3082556) main____ INFO    Important environment variables:
2026-02-27 12:51:55.760863 (3082556) main____ INFO      CDS_LIC_FILE       : '5280@cadlic0'
2026-02-27 12:51:55.760876 (3082556) main____ INFO      DISPLAY            : 'localhost:12.0'
2026-02-27 12:51:55.760888 (3082556) main____ INFO      JASPER_INSTALL_DIR : '/cad/cadence/jasper_2023.12p001'
2026-02-27 12:51:55.760900 (3082556) main____ INFO      JASPER_KERNEL_CHECK: '1'
2026-02-27 12:51:55.760912 (3082556) main____ INFO      JASPER_OS_CHECK    : '0'
2026-02-27 12:51:55.760931 (3082556) main____ INFO      LANG               : 'zh_TW.UTF-8'
2026-02-27 12:51:55.760942 (3082556) main____ INFO    ----------------------------------------
2026-02-27 12:51:55.761990 (3082556) lic_core INFO    Initializing license system ...
2026-02-27 12:51:55.763309 (3082556) lic_core INFO    ... license system initialized.
2026-02-27 12:51:55.831596 (3082556) lic__man INFO    Claim 'main' for <ui>.
2026-02-27 12:51:55.831647 (3082556) lic_core INFO    (1) checking out 'jasper_interactive' ...
2026-02-27 12:51:55.844051 (3082556) lic_core INFO    ... (1) checkout succeeded
2026-02-27 12:51:55.844118 (3082556) lic__man INFO    Claim 'fpv' for <ui>.
2026-02-27 12:51:55.844140 (3082556) lic_core INFO    (2) checking out 'jasper_fpv' ...
2026-02-27 12:51:55.847921 (3082556) lic_core INFO    ... (2) checkout failed (error: -5) ("FLEXnet ERROR(-5, 0, 0): No such feature exists.")
2026-02-27 12:51:55.849958 (3082556) lic_core INFO    (3) checking out 'jasper_fao' ...
2026-02-27 12:51:55.860896 (3082556) lic_core INFO    ... (3) checkout succeeded
2026-02-27 12:51:55.861979 (3082585) stdio___ INFO    Starting STDIN reader (tty: yes, tty name: '/dev/pts/0')
2026-02-27 12:51:55.869816 (3082556) main____ INFO    Tool inactivity delay is 480000 ms.
2026-02-27 12:51:55.993093 (3082556) session_ INFO    Starting analysis session with session id 'session_0' (launcher: <local>) ...
2026-02-27 12:51:55.995029 (3082556) session_ INFO    Analysis session with session id 'session_0' started (pid: 3082587)
2026-02-27 12:51:57.082257 (3082556) session_ INFO    Analysis session 'session_0' connected to the console (host: 127.0.0.1:33688)
2026-02-27 12:52:00.420302 (3082556) lic__man INFO    Unclaim everything for 'session_0'.
2026-02-27 12:52:00.637482 (3082556) lic__man INFO    Claim 'fpv' for 'session_0'.
2026-02-27 12:52:00.637522 (3082556) lic__man INFO    Claim 'fpv' for 'session_0/prove-0'.
2026-02-27 12:52:02.529246 (3082556) lic__man INFO    Unclaim everything for 'session_0/prove-0'.
2026-02-27 12:52:02.570876 (3082556) main____ INFO    About to exit: request to exit with status 0 received from analysis session 'session_0'
2026-02-27 12:52:02.777578 (3082556) session_ INFO    Analysis session 'session_0' disconnected.
2026-02-27 12:52:02.777789 (3082556) lic__man INFO    Unclaim everything for 'session_0'.
2026-02-27 12:52:02.778065 (3082556) session_ INFO    Process for analysis session 'session_0' has exited with exit status '0'.
2026-02-27 12:52:04.477423 (3082585) stdio___ INFO    STDIN reader requested to stop.
2026-02-27 12:52:04.477508 (3082585) stdio___ INFO    STDIN reader stopped.
2026-02-27 12:52:04.477798 (3082556) lic_core INFO    (1) checkin jasper_interactive
2026-02-27 12:52:04.479376 (3082556) lic_core INFO    (3) checkin jasper_fao
2026-02-27 12:52:04.488395 (3082556) main____ INFO    Exiting with status 0.
