2026-02-28 02:01:40.190774 (619087) main____ INFO    ----------------------------------------
2026-02-28 02:01:40.190835 (619087) main____ INFO    Jasper version info
2026-02-28 02:01:40.190849 (619087) main____ INFO      tool      : Jasper 2023.12
2026-02-28 02:01:40.190862 (619087) main____ INFO      version   : 2023.12p001 64 bits
2026-02-28 02:01:40.190875 (619087) main____ INFO      build date: 2024.01.23 16:09:24 UTC
2026-02-28 02:01:40.190884 (619087) main____ INFO    ----------------------------------------
2026-02-28 02:01:40.190894 (619087) main____ INFO    Runtime info:
2026-02-28 02:01:40.190904 (619087) main____ INFO      platform  : Linux 4.18.0-553.89.1.el8_10.x86_64 x86_64
2026-02-28 02:01:40.190920 (619087) main____ INFO      hostname  : caddy10.stanford.edu
2026-02-28 02:01:40.190934 (619087) main____ INFO      pid       : 619087
2026-02-28 02:01:40.190945 (619087) main____ INFO      arguments : '-style' 'windows' '-allow_unsupported_OS' '-no_gui' '-fpv' './synthlc/i_MUL_out/xHBPerfG_dfg_v3_div/HB_104_.tcl' '-proj' './synthlc/i_MUL_out/xHBPerfG_dfg_v3_div/HB_104_jgsession_26-02-28-02_01_40'
2026-02-28 02:01:40.190959 (619087) main____ INFO      locale    : UTF-8
2026-02-28 02:01:40.190968 (619087) main____ INFO    ----------------------------------------
2026-02-28 02:01:40.190978 (619087) main____ INFO    System resource limits info:
2026-02-28 02:01:40.190989 (619087) main____ INFO      virtual memory: unlimited
2026-02-28 02:01:40.191001 (619087) main____ INFO      cpu time      : unlimited
2026-02-28 02:01:40.191016 (619087) main____ INFO      processes     : 4096
2026-02-28 02:01:40.191044 (619087) main____ INFO      stack size    : 8388608 B
2026-02-28 02:01:40.191081 (619087) main____ INFO      core file size: 0 B
2026-02-28 02:01:40.191093 (619087) main____ INFO      open files    : 4096
2026-02-28 02:01:40.191105 (619087) main____ INFO      file size     : unlimited
2026-02-28 02:01:40.191114 (619087) main____ INFO    ----------------------------------------
2026-02-28 02:01:40.191123 (619087) main____ INFO    Memory statistics:
2026-02-28 02:01:40.191135 (619087) main____ INFO      total physical memory  : 98449096 kB
2026-02-28 02:01:40.191146 (619087) main____ INFO      free physical memory   : 90523396 kB
2026-02-28 02:01:40.191157 (619087) main____ INFO      committed address space: 1422372 kB
2026-02-28 02:01:40.191166 (619087) main____ INFO    ----------------------------------------
2026-02-28 02:01:40.192268 (619087) main____ INFO    Important environment variables:
2026-02-28 02:01:40.192289 (619087) main____ INFO      CDS_LIC_FILE       : '5280@cadlic0'
2026-02-28 02:01:40.192301 (619087) main____ INFO      JASPER_INSTALL_DIR : '/cad/cadence/jasper_2023.12p001'
2026-02-28 02:01:40.192312 (619087) main____ INFO      JASPER_KERNEL_CHECK: '1'
2026-02-28 02:01:40.192324 (619087) main____ INFO      JASPER_OS_CHECK    : '0'
2026-02-28 02:01:40.192335 (619087) main____ INFO      LANG               : 'en_US.UTF-8'
2026-02-28 02:01:40.192345 (619087) main____ INFO    ----------------------------------------
2026-02-28 02:01:40.193403 (619087) lic_core INFO    Initializing license system ...
2026-02-28 02:01:40.194998 (619087) lic_core INFO    ... license system initialized.
2026-02-28 02:01:40.207211 (619087) lic__man INFO    Claim 'main' for <ui>.
2026-02-28 02:01:40.207251 (619087) lic_core INFO    (1) checking out 'jasper_interactive' ...
2026-02-28 02:01:40.219937 (619087) lic_core INFO    ... (1) checkout succeeded
2026-02-28 02:01:40.219993 (619087) lic__man INFO    Claim 'fpv' for <ui>.
2026-02-28 02:01:40.220015 (619087) lic_core INFO    (2) checking out 'jasper_fpv' ...
2026-02-28 02:01:40.224137 (619087) lic_core INFO    ... (2) checkout failed (error: -5) ("FLEXnet ERROR(-5, 0, 0): No such feature exists.")
2026-02-28 02:01:40.224167 (619087) lic_core INFO    (3) checking out 'jasper_fao' ...
2026-02-28 02:01:40.236417 (619087) lic_core INFO    ... (3) checkout succeeded
2026-02-28 02:01:40.237333 (619098) stdio___ INFO    Starting STDIN reader (tty: yes, tty name: '/dev/pts/5')
2026-02-28 02:01:40.237474 (619087) main____ INFO    Tool inactivity delay is 480000 ms.
2026-02-28 02:01:40.281328 (619087) session_ INFO    Starting analysis session with session id 'session_0' (launcher: <local>) ...
2026-02-28 02:01:40.283073 (619087) session_ INFO    Analysis session with session id 'session_0' started (pid: 619099)
2026-02-28 02:01:41.368423 (619087) session_ INFO    Analysis session 'session_0' connected to the console (host: 127.0.0.1:37428)
2026-02-28 02:01:44.384684 (619087) lic__man INFO    Unclaim everything for 'session_0'.
2026-02-28 02:01:44.585889 (619087) lic__man INFO    Claim 'fpv' for 'session_0'.
2026-02-28 02:01:44.585923 (619087) lic__man INFO    Claim 'fpv' for 'session_0/prove-0'.
2026-02-28 02:01:46.695907 (619087) lic__man INFO    Unclaim everything for 'session_0/prove-0'.
2026-02-28 02:01:46.738259 (619087) main____ INFO    About to exit: request to exit with status 0 received from analysis session 'session_0'
2026-02-28 02:01:46.879323 (619087) session_ INFO    Analysis session 'session_0' disconnected.
2026-02-28 02:01:46.879492 (619087) lic__man INFO    Unclaim everything for 'session_0'.
2026-02-28 02:01:46.879687 (619087) session_ INFO    Process for analysis session 'session_0' has exited with exit status '0'.
2026-02-28 02:01:48.845746 (619098) stdio___ INFO    STDIN reader requested to stop.
2026-02-28 02:01:48.845816 (619098) stdio___ INFO    STDIN reader stopped.
2026-02-28 02:01:48.846275 (619087) lic_core INFO    (1) checkin jasper_interactive
2026-02-28 02:01:48.847152 (619087) lic_core INFO    (3) checkin jasper_fao
2026-02-28 02:01:48.848073 (619087) main____ INFO    Exiting with status 0.
