2026-02-26 10:32:36.141055 (2061850) main____ INFO    ----------------------------------------
2026-02-26 10:32:36.141152 (2061850) main____ INFO    Jasper version info
2026-02-26 10:32:36.141168 (2061850) main____ INFO      tool      : Jasper 2023.12
2026-02-26 10:32:36.141182 (2061850) main____ INFO      version   : 2023.12p001 64 bits
2026-02-26 10:32:36.141194 (2061850) main____ INFO      build date: 2024.01.23 16:09:24 UTC
2026-02-26 10:32:36.141204 (2061850) main____ INFO    ----------------------------------------
2026-02-26 10:32:36.141213 (2061850) main____ INFO    Runtime info:
2026-02-26 10:32:36.141223 (2061850) main____ INFO      platform  : Linux 4.18.0-553.89.1.el8_10.x86_64 x86_64
2026-02-26 10:32:36.141241 (2061850) main____ INFO      hostname  : caddy12.stanford.edu
2026-02-26 10:32:36.141256 (2061850) main____ INFO      pid       : 2061850
2026-02-26 10:32:36.141266 (2061850) main____ INFO      arguments : '-style' 'windows' '-allow_unsupported_OS' '-no_gui' '-fpv' './synthlc/i_DIV_out/xPairwiseDepDiv/nunv_anytwo_117_.tcl' '-proj' './synthlc/i_DIV_out/xPairwiseDepDiv/nunv_anytwo_117_jgsession_26-02-26-10_32_35'
2026-02-26 10:32:36.141283 (2061850) main____ INFO      locale    : UTF-8
2026-02-26 10:32:36.141292 (2061850) main____ INFO    ----------------------------------------
2026-02-26 10:32:36.141301 (2061850) main____ INFO    System resource limits info:
2026-02-26 10:32:36.141313 (2061850) main____ INFO      virtual memory: unlimited
2026-02-26 10:32:36.141325 (2061850) main____ INFO      cpu time      : unlimited
2026-02-26 10:32:36.141342 (2061850) main____ INFO      processes     : 4096
2026-02-26 10:32:36.141359 (2061850) main____ INFO      stack size    : 8388608 B
2026-02-26 10:32:36.141372 (2061850) main____ INFO      core file size: 0 B
2026-02-26 10:32:36.141385 (2061850) main____ INFO      open files    : 4096
2026-02-26 10:32:36.141396 (2061850) main____ INFO      file size     : unlimited
2026-02-26 10:32:36.141406 (2061850) main____ INFO    ----------------------------------------
2026-02-26 10:32:36.141415 (2061850) main____ INFO    Memory statistics:
2026-02-26 10:32:36.141426 (2061850) main____ INFO      total physical memory  : 98449088 kB
2026-02-26 10:32:36.141437 (2061850) main____ INFO      free physical memory   : 78656116 kB
2026-02-26 10:32:36.141448 (2061850) main____ INFO      committed address space: 6299144 kB
2026-02-26 10:32:36.141457 (2061850) main____ INFO    ----------------------------------------
2026-02-26 10:32:36.142680 (2061850) main____ INFO    Important environment variables:
2026-02-26 10:32:36.142709 (2061850) main____ INFO      CDS_LIC_FILE       : '5280@cadlic0'
2026-02-26 10:32:36.142721 (2061850) main____ INFO      DISPLAY            : 'localhost:12.0'
2026-02-26 10:32:36.142732 (2061850) main____ INFO      JASPER_INSTALL_DIR : '/cad/cadence/jasper_2023.12p001'
2026-02-26 10:32:36.142744 (2061850) main____ INFO      JASPER_KERNEL_CHECK: '1'
2026-02-26 10:32:36.142755 (2061850) main____ INFO      JASPER_OS_CHECK    : '0'
2026-02-26 10:32:36.142777 (2061850) main____ INFO      LANG               : 'zh_TW.UTF-8'
2026-02-26 10:32:36.142786 (2061850) main____ INFO    ----------------------------------------
2026-02-26 10:32:36.143981 (2061850) lic_core INFO    Initializing license system ...
2026-02-26 10:32:36.145296 (2061850) lic_core INFO    ... license system initialized.
2026-02-26 10:32:36.163463 (2061850) lic__man INFO    Claim 'main' for <ui>.
2026-02-26 10:32:36.163529 (2061850) lic_core INFO    (1) checking out 'jasper_interactive' ...
2026-02-26 10:32:36.176138 (2061850) lic_core INFO    ... (1) checkout succeeded
2026-02-26 10:32:36.176240 (2061850) lic__man INFO    Claim 'fpv' for <ui>.
2026-02-26 10:32:36.176268 (2061850) lic_core INFO    (2) checking out 'jasper_fpv' ...
2026-02-26 10:32:36.180487 (2061850) lic_core INFO    ... (2) checkout failed (error: -5) ("FLEXnet ERROR(-5, 0, 0): No such feature exists.")
2026-02-26 10:32:36.180537 (2061850) lic_core INFO    (3) checking out 'jasper_fao' ...
2026-02-26 10:32:36.191785 (2061850) lic_core INFO    ... (3) checkout succeeded
2026-02-26 10:32:36.222556 (2061850) main____ INFO    Tool inactivity delay is 480000 ms.
2026-02-26 10:32:36.230945 (2061861) stdio___ INFO    Starting STDIN reader (tty: yes, tty name: '/dev/pts/0')
2026-02-26 10:32:36.432842 (2061850) session_ INFO    Starting analysis session with session id 'session_0' (launcher: <local>) ...
2026-02-26 10:32:36.434748 (2061850) session_ INFO    Analysis session with session id 'session_0' started (pid: 2061862)
2026-02-26 10:32:37.898134 (2061850) session_ INFO    Analysis session 'session_0' connected to the console (host: 127.0.0.1:47580)
2026-02-26 10:32:43.590781 (2061850) lic__man INFO    Unclaim everything for 'session_0'.
2026-02-26 10:32:43.937203 (2061850) lic__man INFO    Claim 'fpv' for 'session_0'.
2026-02-26 10:32:43.937254 (2061850) lic__man INFO    Claim 'fpv' for 'session_0/prove-0'.
2026-02-26 10:32:45.512440 (2061850) lic__man INFO    Unclaim everything for 'session_0/prove-0'.
2026-02-26 10:32:45.563943 (2061850) main____ INFO    About to exit: request to exit with status 0 received from analysis session 'session_0'
2026-02-26 10:32:45.908259 (2061850) session_ INFO    Analysis session 'session_0' disconnected.
2026-02-26 10:32:45.908394 (2061850) lic__man INFO    Unclaim everything for 'session_0'.
2026-02-26 10:32:45.908657 (2061850) session_ INFO    Process for analysis session 'session_0' has exited with exit status '0'.
2026-02-26 10:32:47.481740 (2061861) stdio___ INFO    STDIN reader requested to stop.
2026-02-26 10:32:47.481791 (2061861) stdio___ INFO    STDIN reader stopped.
2026-02-26 10:32:47.482061 (2061850) lic_core INFO    (1) checkin jasper_interactive
2026-02-26 10:32:47.486780 (2061850) lic_core INFO    (3) checkin jasper_fao
2026-02-26 10:32:47.518205 (2061850) main____ INFO    Exiting with status 0.
