2026-02-26 08:14:55.556944 (3910282) main____ INFO    ----------------------------------------
2026-02-26 08:14:55.557044 (3910282) main____ INFO    Jasper version info
2026-02-26 08:14:55.557060 (3910282) main____ INFO      tool      : Jasper 2023.12
2026-02-26 08:14:55.557075 (3910282) main____ INFO      version   : 2023.12p001 64 bits
2026-02-26 08:14:55.557089 (3910282) main____ INFO      build date: 2024.01.23 16:09:24 UTC
2026-02-26 08:14:55.557099 (3910282) main____ INFO    ----------------------------------------
2026-02-26 08:14:55.557120 (3910282) main____ INFO    Runtime info:
2026-02-26 08:14:55.557131 (3910282) main____ INFO      platform  : Linux 4.18.0-553.89.1.el8_10.x86_64 x86_64
2026-02-26 08:14:55.557150 (3910282) main____ INFO      hostname  : caddy15.stanford.edu
2026-02-26 08:14:55.557165 (3910282) main____ INFO      pid       : 3910282
2026-02-26 08:14:55.557177 (3910282) main____ INFO      arguments : '-style' 'windows' '-allow_unsupported_OS' '-no_gui' '-fpv' './synthlc/i_ADDI_out/xHBPerfG_dfg_v3_div/HB_170_.tcl' '-proj' './synthlc/i_ADDI_out/xHBPerfG_dfg_v3_div/HB_170_jgsession_26-02-26-08_14_55'
2026-02-26 08:14:55.557194 (3910282) main____ INFO      locale    : UTF-8
2026-02-26 08:14:55.557203 (3910282) main____ INFO    ----------------------------------------
2026-02-26 08:14:55.557212 (3910282) main____ INFO    System resource limits info:
2026-02-26 08:14:55.557224 (3910282) main____ INFO      virtual memory: unlimited
2026-02-26 08:14:55.557236 (3910282) main____ INFO      cpu time      : unlimited
2026-02-26 08:14:55.557255 (3910282) main____ INFO      processes     : 4096
2026-02-26 08:14:55.557293 (3910282) main____ INFO      stack size    : 8388608 B
2026-02-26 08:14:55.557327 (3910282) main____ INFO      core file size: 0 B
2026-02-26 08:14:55.557340 (3910282) main____ INFO      open files    : 4096
2026-02-26 08:14:55.557352 (3910282) main____ INFO      file size     : unlimited
2026-02-26 08:14:55.557361 (3910282) main____ INFO    ----------------------------------------
2026-02-26 08:14:55.557370 (3910282) main____ INFO    Memory statistics:
2026-02-26 08:14:55.557382 (3910282) main____ INFO      total physical memory  : 98449092 kB
2026-02-26 08:14:55.557393 (3910282) main____ INFO      free physical memory   : 75119380 kB
2026-02-26 08:14:55.557404 (3910282) main____ INFO      committed address space: 7675040 kB
2026-02-26 08:14:55.557413 (3910282) main____ INFO    ----------------------------------------
2026-02-26 08:14:55.558741 (3910282) main____ INFO    Important environment variables:
2026-02-26 08:14:55.558775 (3910282) main____ INFO      CDS_LIC_FILE       : '5280@cadlic0'
2026-02-26 08:14:55.558788 (3910282) main____ INFO      JASPER_INSTALL_DIR : '/cad/cadence/jasper_2023.12p001'
2026-02-26 08:14:55.558800 (3910282) main____ INFO      JASPER_KERNEL_CHECK: '1'
2026-02-26 08:14:55.558812 (3910282) main____ INFO      JASPER_OS_CHECK    : '0'
2026-02-26 08:14:55.558824 (3910282) main____ INFO      LANG               : 'en_US.UTF-8'
2026-02-26 08:14:55.558834 (3910282) main____ INFO    ----------------------------------------
2026-02-26 08:14:55.560540 (3910282) lic_core INFO    Initializing license system ...
2026-02-26 08:14:55.628179 (3910282) lic_core INFO    ... license system initialized.
2026-02-26 08:14:55.716506 (3910282) lic__man INFO    Claim 'main' for <ui>.
2026-02-26 08:14:55.716589 (3910282) lic_core INFO    (1) checking out 'jasper_interactive' ...
2026-02-26 08:14:55.729924 (3910282) lic_core INFO    ... (1) checkout succeeded
2026-02-26 08:14:55.730033 (3910282) lic__man INFO    Claim 'fpv' for <ui>.
2026-02-26 08:14:55.730062 (3910282) lic_core INFO    (2) checking out 'jasper_fpv' ...
2026-02-26 08:14:55.762918 (3910282) lic_core INFO    ... (2) checkout failed (error: -5) ("FLEXnet ERROR(-5, 0, 0): No such feature exists.")
2026-02-26 08:14:55.762982 (3910282) lic_core INFO    (3) checking out 'jasper_fao' ...
2026-02-26 08:14:55.774393 (3910282) lic_core INFO    ... (3) checkout succeeded
2026-02-26 08:14:55.780378 (3910282) main____ INFO    Tool inactivity delay is 480000 ms.
2026-02-26 08:14:55.780678 (3910293) stdio___ INFO    Starting STDIN reader (tty: yes, tty name: '/dev/pts/0')
2026-02-26 08:14:55.823610 (3910282) session_ INFO    Starting analysis session with session id 'session_0' (launcher: <local>) ...
2026-02-26 08:14:55.825746 (3910282) session_ INFO    Analysis session with session id 'session_0' started (pid: 3910294)
2026-02-26 08:14:57.495840 (3910282) session_ INFO    Analysis session 'session_0' connected to the console (host: 127.0.0.1:56664)
2026-02-26 08:15:02.061397 (3910282) lic__man INFO    Unclaim everything for 'session_0'.
2026-02-26 08:15:02.370317 (3910282) lic__man INFO    Claim 'fpv' for 'session_0'.
2026-02-26 08:15:02.370367 (3910282) lic__man INFO    Claim 'fpv' for 'session_0/prove-0'.
2026-02-26 08:15:08.328671 (3910282) lic__man INFO    Unclaim everything for 'session_0/prove-0'.
2026-02-26 08:15:08.340918 (3910282) main____ INFO    About to exit: request to exit with status 0 received from analysis session 'session_0'
2026-02-26 08:15:08.594070 (3910282) session_ INFO    Analysis session 'session_0' disconnected.
2026-02-26 08:15:08.594241 (3910282) lic__man INFO    Unclaim everything for 'session_0'.
2026-02-26 08:15:08.605524 (3910282) session_ INFO    Process for analysis session 'session_0' has exited with exit status '0'.
2026-02-26 08:15:10.412406 (3910293) stdio___ INFO    STDIN reader requested to stop.
2026-02-26 08:15:10.412465 (3910293) stdio___ INFO    STDIN reader stopped.
2026-02-26 08:15:10.415616 (3910282) lic_core INFO    (1) checkin jasper_interactive
2026-02-26 08:15:10.417507 (3910282) lic_core INFO    (3) checkin jasper_fao
2026-02-26 08:15:10.439701 (3910282) main____ INFO    Exiting with status 0.
