2026-02-27 23:42:54.678784 (526439) main____ INFO    ----------------------------------------
2026-02-27 23:42:54.678850 (526439) main____ INFO    Jasper version info
2026-02-27 23:42:54.678865 (526439) main____ INFO      tool      : Jasper 2023.12
2026-02-27 23:42:54.678879 (526439) main____ INFO      version   : 2023.12p001 64 bits
2026-02-27 23:42:54.678892 (526439) main____ INFO      build date: 2024.01.23 16:09:24 UTC
2026-02-27 23:42:54.678902 (526439) main____ INFO    ----------------------------------------
2026-02-27 23:42:54.678911 (526439) main____ INFO    Runtime info:
2026-02-27 23:42:54.678922 (526439) main____ INFO      platform  : Linux 4.18.0-553.89.1.el8_10.x86_64 x86_64
2026-02-27 23:42:54.678938 (526439) main____ INFO      hostname  : caddy10.stanford.edu
2026-02-27 23:42:54.678954 (526439) main____ INFO      pid       : 526439
2026-02-27 23:42:54.678965 (526439) main____ INFO      arguments : '-style' 'windows' '-allow_unsupported_OS' '-no_gui' '-fpv' './synthlc/i_DIV_out/xHBPerfG_dfg_v3_div/WHB_97_.tcl' '-proj' './synthlc/i_DIV_out/xHBPerfG_dfg_v3_div/WHB_97_jgsession_26-02-27-23_42_54'
2026-02-27 23:42:54.678981 (526439) main____ INFO      locale    : UTF-8
2026-02-27 23:42:54.678991 (526439) main____ INFO    ----------------------------------------
2026-02-27 23:42:54.679000 (526439) main____ INFO    System resource limits info:
2026-02-27 23:42:54.679012 (526439) main____ INFO      virtual memory: unlimited
2026-02-27 23:42:54.679024 (526439) main____ INFO      cpu time      : unlimited
2026-02-27 23:42:54.679040 (526439) main____ INFO      processes     : 4096
2026-02-27 23:42:54.679073 (526439) main____ INFO      stack size    : 8388608 B
2026-02-27 23:42:54.679087 (526439) main____ INFO      core file size: 0 B
2026-02-27 23:42:54.679099 (526439) main____ INFO      open files    : 4096
2026-02-27 23:42:54.679111 (526439) main____ INFO      file size     : unlimited
2026-02-27 23:42:54.679121 (526439) main____ INFO    ----------------------------------------
2026-02-27 23:42:54.679130 (526439) main____ INFO    Memory statistics:
2026-02-27 23:42:54.679141 (526439) main____ INFO      total physical memory  : 98449096 kB
2026-02-27 23:42:54.679153 (526439) main____ INFO      free physical memory   : 90495932 kB
2026-02-27 23:42:54.679164 (526439) main____ INFO      committed address space: 2184128 kB
2026-02-27 23:42:54.679173 (526439) main____ INFO    ----------------------------------------
2026-02-27 23:42:54.680298 (526439) main____ INFO    Important environment variables:
2026-02-27 23:42:54.680320 (526439) main____ INFO      CDS_LIC_FILE       : '5280@cadlic0'
2026-02-27 23:42:54.680333 (526439) main____ INFO      JASPER_INSTALL_DIR : '/cad/cadence/jasper_2023.12p001'
2026-02-27 23:42:54.680345 (526439) main____ INFO      JASPER_KERNEL_CHECK: '1'
2026-02-27 23:42:54.680357 (526439) main____ INFO      JASPER_OS_CHECK    : '0'
2026-02-27 23:42:54.680368 (526439) main____ INFO      LANG               : 'en_US.UTF-8'
2026-02-27 23:42:54.680378 (526439) main____ INFO    ----------------------------------------
2026-02-27 23:42:54.681525 (526439) lic_core INFO    Initializing license system ...
2026-02-27 23:42:54.683092 (526439) lic_core INFO    ... license system initialized.
2026-02-27 23:42:54.693794 (526439) lic__man INFO    Claim 'main' for <ui>.
2026-02-27 23:42:54.693837 (526439) lic_core INFO    (1) checking out 'jasper_interactive' ...
2026-02-27 23:42:54.705904 (526439) lic_core INFO    ... (1) checkout succeeded
2026-02-27 23:42:54.705963 (526439) lic__man INFO    Claim 'fpv' for <ui>.
2026-02-27 23:42:54.705984 (526439) lic_core INFO    (2) checking out 'jasper_fpv' ...
2026-02-27 23:42:54.710004 (526439) lic_core INFO    ... (2) checkout failed (error: -5) ("FLEXnet ERROR(-5, 0, 0): No such feature exists.")
2026-02-27 23:42:54.710034 (526439) lic_core INFO    (3) checking out 'jasper_fao' ...
2026-02-27 23:42:54.720506 (526439) lic_core INFO    ... (3) checkout succeeded
2026-02-27 23:42:54.721502 (526450) stdio___ INFO    Starting STDIN reader (tty: yes, tty name: '/dev/pts/5')
2026-02-27 23:42:54.721606 (526439) main____ INFO    Tool inactivity delay is 480000 ms.
2026-02-27 23:42:54.760937 (526439) session_ INFO    Starting analysis session with session id 'session_0' (launcher: <local>) ...
2026-02-27 23:42:54.762803 (526439) session_ INFO    Analysis session with session id 'session_0' started (pid: 526451)
2026-02-27 23:42:55.844540 (526439) session_ INFO    Analysis session 'session_0' connected to the console (host: 127.0.0.1:55608)
2026-02-27 23:42:59.282228 (526439) lic__man INFO    Unclaim everything for 'session_0'.
2026-02-27 23:42:59.593633 (526439) lic__man INFO    Claim 'fpv' for 'session_0'.
2026-02-27 23:42:59.593672 (526439) lic__man INFO    Claim 'fpv' for 'session_0/prove-0'.
2026-02-27 23:43:03.753267 (526439) lic__man INFO    Unclaim everything for 'session_0/prove-0'.
2026-02-27 23:43:03.831310 (526439) main____ INFO    About to exit: request to exit with status 0 received from analysis session 'session_0'
2026-02-27 23:43:04.319726 (526439) session_ INFO    Analysis session 'session_0' disconnected.
2026-02-27 23:43:04.319868 (526439) lic__man INFO    Unclaim everything for 'session_0'.
2026-02-27 23:43:04.320522 (526439) session_ INFO    Process for analysis session 'session_0' has exited with exit status '0'.
2026-02-27 23:43:05.881508 (526450) stdio___ INFO    STDIN reader requested to stop.
2026-02-27 23:43:05.881545 (526450) stdio___ INFO    STDIN reader stopped.
2026-02-27 23:43:05.881772 (526439) lic_core INFO    (1) checkin jasper_interactive
2026-02-27 23:43:05.882640 (526439) lic_core INFO    (3) checkin jasper_fao
2026-02-27 23:43:05.884111 (526439) main____ INFO    Exiting with status 0.
