2026-02-25 11:39:53.738608 (3100633) main____ INFO    ----------------------------------------
2026-02-25 11:39:53.738677 (3100633) main____ INFO    Jasper version info
2026-02-25 11:39:53.738691 (3100633) main____ INFO      tool      : Jasper 2023.12
2026-02-25 11:39:53.738705 (3100633) main____ INFO      version   : 2023.12p001 64 bits
2026-02-25 11:39:53.738718 (3100633) main____ INFO      build date: 2024.01.23 16:09:24 UTC
2026-02-25 11:39:53.738728 (3100633) main____ INFO    ----------------------------------------
2026-02-25 11:39:53.738737 (3100633) main____ INFO    Runtime info:
2026-02-25 11:39:53.738747 (3100633) main____ INFO      platform  : Linux 4.18.0-553.89.1.el8_10.x86_64 x86_64
2026-02-25 11:39:53.738764 (3100633) main____ INFO      hostname  : caddy15.stanford.edu
2026-02-25 11:39:53.738779 (3100633) main____ INFO      pid       : 3100633
2026-02-25 11:39:53.738790 (3100633) main____ INFO      arguments : '-style' 'windows' '-allow_unsupported_OS' '-no_gui' '-fpv' './synthlc/i_DIV_out/xPairwiseDepDiv/exclusive_205_.tcl' '-proj' './synthlc/i_DIV_out/xPairwiseDepDiv/exclusive_205_jgsession_26-02-25-11_39_53'
2026-02-25 11:39:53.738806 (3100633) main____ INFO      locale    : UTF-8
2026-02-25 11:39:53.738815 (3100633) main____ INFO    ----------------------------------------
2026-02-25 11:39:53.738825 (3100633) main____ INFO    System resource limits info:
2026-02-25 11:39:53.738837 (3100633) main____ INFO      virtual memory: unlimited
2026-02-25 11:39:53.738848 (3100633) main____ INFO      cpu time      : unlimited
2026-02-25 11:39:53.738865 (3100633) main____ INFO      processes     : 4096
2026-02-25 11:39:53.738883 (3100633) main____ INFO      stack size    : 8388608 B
2026-02-25 11:39:53.738897 (3100633) main____ INFO      core file size: 0 B
2026-02-25 11:39:53.738910 (3100633) main____ INFO      open files    : 4096
2026-02-25 11:39:53.738921 (3100633) main____ INFO      file size     : unlimited
2026-02-25 11:39:53.738931 (3100633) main____ INFO    ----------------------------------------
2026-02-25 11:39:53.738940 (3100633) main____ INFO    Memory statistics:
2026-02-25 11:39:53.738952 (3100633) main____ INFO      total physical memory  : 98449092 kB
2026-02-25 11:39:53.738963 (3100633) main____ INFO      free physical memory   : 82835252 kB
2026-02-25 11:39:53.738974 (3100633) main____ INFO      committed address space: 1979148 kB
2026-02-25 11:39:53.738983 (3100633) main____ INFO    ----------------------------------------
2026-02-25 11:39:53.740104 (3100633) main____ INFO    Important environment variables:
2026-02-25 11:39:53.740127 (3100633) main____ INFO      CDS_LIC_FILE       : '5280@cadlic0'
2026-02-25 11:39:53.740139 (3100633) main____ INFO      JASPER_INSTALL_DIR : '/cad/cadence/jasper_2023.12p001'
2026-02-25 11:39:53.740151 (3100633) main____ INFO      JASPER_KERNEL_CHECK: '1'
2026-02-25 11:39:53.740163 (3100633) main____ INFO      JASPER_OS_CHECK    : '0'
2026-02-25 11:39:53.740175 (3100633) main____ INFO      LANG               : 'en_US.UTF-8'
2026-02-25 11:39:53.740184 (3100633) main____ INFO    ----------------------------------------
2026-02-25 11:39:53.741402 (3100633) lic_core INFO    Initializing license system ...
2026-02-25 11:39:53.742822 (3100633) lic_core INFO    ... license system initialized.
2026-02-25 11:39:53.754478 (3100633) lic__man INFO    Claim 'main' for <ui>.
2026-02-25 11:39:53.754523 (3100633) lic_core INFO    (1) checking out 'jasper_interactive' ...
2026-02-25 11:39:53.767021 (3100633) lic_core INFO    ... (1) checkout succeeded
2026-02-25 11:39:53.767085 (3100633) lic__man INFO    Claim 'fpv' for <ui>.
2026-02-25 11:39:53.767106 (3100633) lic_core INFO    (2) checking out 'jasper_fpv' ...
2026-02-25 11:39:53.771566 (3100633) lic_core INFO    ... (2) checkout failed (error: -5) ("FLEXnet ERROR(-5, 0, 0): No such feature exists.")
2026-02-25 11:39:53.771618 (3100633) lic_core INFO    (3) checking out 'jasper_fao' ...
2026-02-25 11:39:53.782858 (3100633) lic_core INFO    ... (3) checkout succeeded
2026-02-25 11:39:53.783888 (3100644) stdio___ INFO    Starting STDIN reader (tty: yes, tty name: '/dev/pts/0')
2026-02-25 11:39:53.784046 (3100633) main____ INFO    Tool inactivity delay is 480000 ms.
2026-02-25 11:39:53.826393 (3100633) session_ INFO    Starting analysis session with session id 'session_0' (launcher: <local>) ...
2026-02-25 11:39:53.828254 (3100633) session_ INFO    Analysis session with session id 'session_0' started (pid: 3100645)
2026-02-25 11:39:54.930033 (3100633) session_ INFO    Analysis session 'session_0' connected to the console (host: 127.0.0.1:33666)
2026-02-25 11:39:57.978884 (3100633) lic__man INFO    Unclaim everything for 'session_0'.
2026-02-25 11:39:58.173865 (3100633) lic__man INFO    Claim 'fpv' for 'session_0'.
2026-02-25 11:39:58.173902 (3100633) lic__man INFO    Claim 'fpv' for 'session_0/prove-0'.
2026-02-25 11:40:10.811109 (3100633) lic__man INFO    Unclaim everything for 'session_0/prove-0'.
2026-02-25 11:40:10.879577 (3100633) main____ INFO    About to exit: request to exit with status 0 received from analysis session 'session_0'
2026-02-25 11:40:11.096701 (3100633) session_ INFO    Analysis session 'session_0' disconnected.
2026-02-25 11:40:11.096838 (3100633) lic__man INFO    Unclaim everything for 'session_0'.
2026-02-25 11:40:11.098737 (3100633) session_ INFO    Process for analysis session 'session_0' has exited with exit status '0'.
2026-02-25 11:40:12.905229 (3100644) stdio___ INFO    STDIN reader requested to stop.
2026-02-25 11:40:12.905274 (3100644) stdio___ INFO    STDIN reader stopped.
2026-02-25 11:40:12.905580 (3100633) lic_core INFO    (1) checkin jasper_interactive
2026-02-25 11:40:12.906831 (3100633) lic_core INFO    (3) checkin jasper_fao
2026-02-25 11:40:12.907879 (3100633) main____ INFO    Exiting with status 0.
