2026-03-01 04:49:33.056194 (3934062) main____ INFO    ----------------------------------------
2026-03-01 04:49:33.056291 (3934062) main____ INFO    Jasper version info
2026-03-01 04:49:33.056308 (3934062) main____ INFO      tool      : Jasper 2023.12
2026-03-01 04:49:33.056324 (3934062) main____ INFO      version   : 2023.12p001 64 bits
2026-03-01 04:49:33.056337 (3934062) main____ INFO      build date: 2024.01.23 16:09:24 UTC
2026-03-01 04:49:33.056348 (3934062) main____ INFO    ----------------------------------------
2026-03-01 04:49:33.056358 (3934062) main____ INFO    Runtime info:
2026-03-01 04:49:33.056370 (3934062) main____ INFO      platform  : Linux 4.18.0-553.89.1.el8_10.x86_64 x86_64
2026-03-01 04:49:33.056390 (3934062) main____ INFO      hostname  : caddy12.stanford.edu
2026-03-01 04:49:33.056406 (3934062) main____ INFO      pid       : 3934062
2026-03-01 04:49:33.056417 (3934062) main____ INFO      arguments : '-style' 'windows' '-allow_unsupported_OS' '-no_gui' '-fpv' './synthlc/i_LW_out/xPairwiseDepDiv/nunv_anytwo_357_.tcl' '-proj' './synthlc/i_LW_out/xPairwiseDepDiv/nunv_anytwo_357_jgsession_26-03-01-04_49_31'
2026-03-01 04:49:33.056436 (3934062) main____ INFO      locale    : UTF-8
2026-03-01 04:49:33.056446 (3934062) main____ INFO    ----------------------------------------
2026-03-01 04:49:33.056456 (3934062) main____ INFO    System resource limits info:
2026-03-01 04:49:33.056469 (3934062) main____ INFO      virtual memory: unlimited
2026-03-01 04:49:33.056493 (3934062) main____ INFO      cpu time      : unlimited
2026-03-01 04:49:33.056512 (3934062) main____ INFO      processes     : 4096
2026-03-01 04:49:33.056533 (3934062) main____ INFO      stack size    : 8388608 B
2026-03-01 04:49:33.056547 (3934062) main____ INFO      core file size: 0 B
2026-03-01 04:49:33.056561 (3934062) main____ INFO      open files    : 4096
2026-03-01 04:49:33.056573 (3934062) main____ INFO      file size     : unlimited
2026-03-01 04:49:33.056584 (3934062) main____ INFO    ----------------------------------------
2026-03-01 04:49:33.056594 (3934062) main____ INFO    Memory statistics:
2026-03-01 04:49:33.056606 (3934062) main____ INFO      total physical memory  : 98449088 kB
2026-03-01 04:49:33.056618 (3934062) main____ INFO      free physical memory   : 80118840 kB
2026-03-01 04:49:33.056630 (3934062) main____ INFO      committed address space: 15729120 kB
2026-03-01 04:49:33.056641 (3934062) main____ INFO    ----------------------------------------
2026-03-01 04:49:33.057831 (3934062) main____ INFO    Important environment variables:
2026-03-01 04:49:33.057857 (3934062) main____ INFO      CDS_LIC_FILE       : '5280@cadlic0'
2026-03-01 04:49:33.057871 (3934062) main____ INFO      DISPLAY            : 'localhost:12.0'
2026-03-01 04:49:33.057884 (3934062) main____ INFO      JASPER_INSTALL_DIR : '/cad/cadence/jasper_2023.12p001'
2026-03-01 04:49:33.057896 (3934062) main____ INFO      JASPER_KERNEL_CHECK: '1'
2026-03-01 04:49:33.057909 (3934062) main____ INFO      JASPER_OS_CHECK    : '0'
2026-03-01 04:49:33.057921 (3934062) main____ INFO      LANG               : 'zh_TW.UTF-8'
2026-03-01 04:49:33.057932 (3934062) main____ INFO    ----------------------------------------
2026-03-01 04:49:33.059840 (3934062) lic_core INFO    Initializing license system ...
2026-03-01 04:49:33.107983 (3934062) lic_core INFO    ... license system initialized.
2026-03-01 04:49:33.235888 (3934062) lic__man INFO    Claim 'main' for <ui>.
2026-03-01 04:49:33.235973 (3934062) lic_core INFO    (1) checking out 'jasper_interactive' ...
2026-03-01 04:49:33.285659 (3934062) lic_core INFO    ... (1) checkout succeeded
2026-03-01 04:49:33.285790 (3934062) lic__man INFO    Claim 'fpv' for <ui>.
2026-03-01 04:49:33.285821 (3934062) lic_core INFO    (2) checking out 'jasper_fpv' ...
2026-03-01 04:49:33.313140 (3934062) lic_core INFO    ... (2) checkout failed (error: -5) ("FLEXnet ERROR(-5, 0, 0): No such feature exists.")
2026-03-01 04:49:33.313213 (3934062) lic_core INFO    (3) checking out 'jasper_fao' ...
2026-03-01 04:49:33.339623 (3934062) lic_core INFO    ... (3) checkout succeeded
2026-03-01 04:49:33.344198 (3934062) main____ INFO    Tool inactivity delay is 480000 ms.
2026-03-01 04:49:33.344798 (3934178) stdio___ INFO    Starting STDIN reader (tty: yes, tty name: '/dev/pts/0')
2026-03-01 04:49:33.505400 (3934062) session_ INFO    Starting analysis session with session id 'session_0' (launcher: <local>) ...
2026-03-01 04:49:33.507338 (3934062) session_ INFO    Analysis session with session id 'session_0' started (pid: 3934185)
2026-03-01 04:49:34.972265 (3934062) session_ INFO    Analysis session 'session_0' connected to the console (host: 127.0.0.1:48516)
2026-03-01 04:49:39.353921 (3934062) lic__man INFO    Unclaim everything for 'session_0'.
2026-03-01 04:49:39.652260 (3934062) lic__man INFO    Claim 'fpv' for 'session_0'.
2026-03-01 04:49:39.652305 (3934062) lic__man INFO    Claim 'fpv' for 'session_0/prove-0'.
2026-03-01 04:49:57.067625 (3934062) lic__man INFO    Unclaim everything for 'session_0/prove-0'.
2026-03-01 04:49:57.092951 (3934062) main____ INFO    About to exit: request to exit with status 0 received from analysis session 'session_0'
2026-03-01 04:49:57.457310 (3934062) session_ INFO    Analysis session 'session_0' disconnected.
2026-03-01 04:49:57.457492 (3934062) lic__man INFO    Unclaim everything for 'session_0'.
2026-03-01 04:49:57.472050 (3934062) session_ INFO    Process for analysis session 'session_0' has exited with exit status '0'.
2026-03-01 04:49:59.019094 (3934178) stdio___ INFO    STDIN reader requested to stop.
2026-03-01 04:49:59.019160 (3934178) stdio___ INFO    STDIN reader stopped.
2026-03-01 04:49:59.019526 (3934062) lic_core INFO    (1) checkin jasper_interactive
2026-03-01 04:49:59.029949 (3934062) lic_core INFO    (3) checkin jasper_fao
2026-03-01 04:49:59.040888 (3934062) main____ INFO    Exiting with status 0.
