2026-02-25 10:17:47.334972 (3044422) main____ INFO    ----------------------------------------
2026-02-25 10:17:47.335084 (3044422) main____ INFO    Jasper version info
2026-02-25 10:17:47.335103 (3044422) main____ INFO      tool      : Jasper 2023.12
2026-02-25 10:17:47.335121 (3044422) main____ INFO      version   : 2023.12p001 64 bits
2026-02-25 10:17:47.335137 (3044422) main____ INFO      build date: 2024.01.23 16:09:24 UTC
2026-02-25 10:17:47.335148 (3044422) main____ INFO    ----------------------------------------
2026-02-25 10:17:47.335159 (3044422) main____ INFO    Runtime info:
2026-02-25 10:17:47.335172 (3044422) main____ INFO      platform  : Linux 4.18.0-553.89.1.el8_10.x86_64 x86_64
2026-02-25 10:17:47.335193 (3044422) main____ INFO      hostname  : caddy15.stanford.edu
2026-02-25 10:17:47.335212 (3044422) main____ INFO      pid       : 3044422
2026-02-25 10:17:47.335224 (3044422) main____ INFO      arguments : '-style' 'windows' '-allow_unsupported_OS' '-no_gui' '-fpv' './synthlc/i_DIV_out/xPairwiseDepDiv/nunv_anytwo_181_.tcl' '-proj' './synthlc/i_DIV_out/xPairwiseDepDiv/nunv_anytwo_181_jgsession_26-02-25-10_17_46'
2026-02-25 10:17:47.335244 (3044422) main____ INFO      locale    : UTF-8
2026-02-25 10:17:47.335256 (3044422) main____ INFO    ----------------------------------------
2026-02-25 10:17:47.335267 (3044422) main____ INFO    System resource limits info:
2026-02-25 10:17:47.335281 (3044422) main____ INFO      virtual memory: unlimited
2026-02-25 10:17:47.335295 (3044422) main____ INFO      cpu time      : unlimited
2026-02-25 10:17:47.335331 (3044422) main____ INFO      processes     : 4096
2026-02-25 10:17:47.335356 (3044422) main____ INFO      stack size    : 8388608 B
2026-02-25 10:17:47.335372 (3044422) main____ INFO      core file size: 0 B
2026-02-25 10:17:47.335388 (3044422) main____ INFO      open files    : 4096
2026-02-25 10:17:47.335402 (3044422) main____ INFO      file size     : unlimited
2026-02-25 10:17:47.335413 (3044422) main____ INFO    ----------------------------------------
2026-02-25 10:17:47.335424 (3044422) main____ INFO    Memory statistics:
2026-02-25 10:17:47.335438 (3044422) main____ INFO      total physical memory  : 98449092 kB
2026-02-25 10:17:47.335451 (3044422) main____ INFO      free physical memory   : 76670664 kB
2026-02-25 10:17:47.335464 (3044422) main____ INFO      committed address space: 9871120 kB
2026-02-25 10:17:47.335475 (3044422) main____ INFO    ----------------------------------------
2026-02-25 10:17:47.336844 (3044422) main____ INFO    Important environment variables:
2026-02-25 10:17:47.336872 (3044422) main____ INFO      CDS_LIC_FILE       : '5280@cadlic0'
2026-02-25 10:17:47.336887 (3044422) main____ INFO      JASPER_INSTALL_DIR : '/cad/cadence/jasper_2023.12p001'
2026-02-25 10:17:47.336901 (3044422) main____ INFO      JASPER_KERNEL_CHECK: '1'
2026-02-25 10:17:47.336915 (3044422) main____ INFO      JASPER_OS_CHECK    : '0'
2026-02-25 10:17:47.336929 (3044422) main____ INFO      LANG               : 'en_US.UTF-8'
2026-02-25 10:17:47.336941 (3044422) main____ INFO    ----------------------------------------
2026-02-25 10:17:47.351635 (3044422) lic_core INFO    Initializing license system ...
2026-02-25 10:17:47.369768 (3044422) lic_core INFO    ... license system initialized.
2026-02-25 10:17:47.524792 (3044422) lic__man INFO    Claim 'main' for <ui>.
2026-02-25 10:17:47.524892 (3044422) lic_core INFO    (1) checking out 'jasper_interactive' ...
2026-02-25 10:17:47.600981 (3044422) lic_core INFO    ... (1) checkout succeeded
2026-02-25 10:17:47.601103 (3044422) lic__man INFO    Claim 'fpv' for <ui>.
2026-02-25 10:17:47.601136 (3044422) lic_core INFO    (2) checking out 'jasper_fpv' ...
2026-02-25 10:17:47.676863 (3044422) lic_core INFO    ... (2) checkout failed (error: -5) ("FLEXnet ERROR(-5, 0, 0): No such feature exists.")
2026-02-25 10:17:47.676932 (3044422) lic_core INFO    (3) checking out 'jasper_fao' ...
2026-02-25 10:17:47.760012 (3044422) lic_core INFO    ... (3) checkout succeeded
2026-02-25 10:17:47.817417 (3044422) main____ INFO    Tool inactivity delay is 480000 ms.
2026-02-25 10:17:47.825562 (3044434) stdio___ INFO    Starting STDIN reader (tty: yes, tty name: '/dev/pts/0')
2026-02-25 10:17:48.188458 (3044422) session_ INFO    Starting analysis session with session id 'session_0' (launcher: <local>) ...
2026-02-25 10:17:48.190727 (3044422) session_ INFO    Analysis session with session id 'session_0' started (pid: 3044435)
2026-02-25 10:17:51.074908 (3044422) session_ INFO    Analysis session 'session_0' connected to the console (host: 127.0.0.1:46466)
2026-02-25 10:17:55.336580 (3044422) lic__man INFO    Unclaim everything for 'session_0'.
2026-02-25 10:17:55.684249 (3044422) lic__man INFO    Claim 'fpv' for 'session_0'.
2026-02-25 10:17:55.684300 (3044422) lic__man INFO    Claim 'fpv' for 'session_0/prove-0'.
2026-02-25 10:17:59.696875 (3044422) lic__man INFO    Unclaim everything for 'session_0/prove-0'.
2026-02-25 10:17:59.754483 (3044422) main____ INFO    About to exit: request to exit with status 0 received from analysis session 'session_0'
2026-02-25 10:17:59.984996 (3044422) session_ INFO    Analysis session 'session_0' disconnected.
2026-02-25 10:17:59.985161 (3044422) lic__man INFO    Unclaim everything for 'session_0'.
2026-02-25 10:17:59.985476 (3044422) session_ INFO    Process for analysis session 'session_0' has exited with exit status '0'.
2026-02-25 10:18:01.871402 (3044434) stdio___ INFO    STDIN reader requested to stop.
2026-02-25 10:18:01.871460 (3044434) stdio___ INFO    STDIN reader stopped.
2026-02-25 10:18:01.878609 (3044422) lic_core INFO    (1) checkin jasper_interactive
2026-02-25 10:18:01.886545 (3044422) lic_core INFO    (3) checkin jasper_fao
2026-02-25 10:18:01.919359 (3044422) main____ INFO    Exiting with status 0.
