2026-02-26 01:51:41.189997 (1859621) main____ INFO    ----------------------------------------
2026-02-26 01:51:41.190072 (1859621) main____ INFO    Jasper version info
2026-02-26 01:51:41.190087 (1859621) main____ INFO      tool      : Jasper 2023.12
2026-02-26 01:51:41.190101 (1859621) main____ INFO      version   : 2023.12p001 64 bits
2026-02-26 01:51:41.190113 (1859621) main____ INFO      build date: 2024.01.23 16:09:24 UTC
2026-02-26 01:51:41.190123 (1859621) main____ INFO    ----------------------------------------
2026-02-26 01:51:41.190132 (1859621) main____ INFO    Runtime info:
2026-02-26 01:51:41.190142 (1859621) main____ INFO      platform  : Linux 4.18.0-553.89.1.el8_10.x86_64 x86_64
2026-02-26 01:51:41.190159 (1859621) main____ INFO      hostname  : caddy12.stanford.edu
2026-02-26 01:51:41.190173 (1859621) main____ INFO      pid       : 1859621
2026-02-26 01:51:41.190184 (1859621) main____ INFO      arguments : '-style' 'windows' '-allow_unsupported_OS' '-no_gui' '-fpv' './synthlc/i_MUL_out/xHBPerfG_dfg_v3_div/HB_329_.tcl' '-proj' './synthlc/i_MUL_out/xHBPerfG_dfg_v3_div/HB_329_jgsession_26-02-26-01_51_41'
2026-02-26 01:51:41.190198 (1859621) main____ INFO      locale    : UTF-8
2026-02-26 01:51:41.190208 (1859621) main____ INFO    ----------------------------------------
2026-02-26 01:51:41.190217 (1859621) main____ INFO    System resource limits info:
2026-02-26 01:51:41.190229 (1859621) main____ INFO      virtual memory: unlimited
2026-02-26 01:51:41.190240 (1859621) main____ INFO      cpu time      : unlimited
2026-02-26 01:51:41.190256 (1859621) main____ INFO      processes     : 4096
2026-02-26 01:51:41.190274 (1859621) main____ INFO      stack size    : 8388608 B
2026-02-26 01:51:41.190288 (1859621) main____ INFO      core file size: 0 B
2026-02-26 01:51:41.190300 (1859621) main____ INFO      open files    : 4096
2026-02-26 01:51:41.190312 (1859621) main____ INFO      file size     : unlimited
2026-02-26 01:51:41.190321 (1859621) main____ INFO    ----------------------------------------
2026-02-26 01:51:41.190330 (1859621) main____ INFO    Memory statistics:
2026-02-26 01:51:41.190341 (1859621) main____ INFO      total physical memory  : 98449088 kB
2026-02-26 01:51:41.190351 (1859621) main____ INFO      free physical memory   : 81259444 kB
2026-02-26 01:51:41.190362 (1859621) main____ INFO      committed address space: 3159684 kB
2026-02-26 01:51:41.190371 (1859621) main____ INFO    ----------------------------------------
2026-02-26 01:51:41.191543 (1859621) main____ INFO    Important environment variables:
2026-02-26 01:51:41.191574 (1859621) main____ INFO      CDS_LIC_FILE       : '5280@cadlic0'
2026-02-26 01:51:41.191587 (1859621) main____ INFO      DISPLAY            : 'localhost:12.0'
2026-02-26 01:51:41.191598 (1859621) main____ INFO      JASPER_INSTALL_DIR : '/cad/cadence/jasper_2023.12p001'
2026-02-26 01:51:41.191609 (1859621) main____ INFO      JASPER_KERNEL_CHECK: '1'
2026-02-26 01:51:41.191620 (1859621) main____ INFO      JASPER_OS_CHECK    : '0'
2026-02-26 01:51:41.191631 (1859621) main____ INFO      LANG               : 'zh_TW.UTF-8'
2026-02-26 01:51:41.191641 (1859621) main____ INFO    ----------------------------------------
2026-02-26 01:51:41.192819 (1859621) lic_core INFO    Initializing license system ...
2026-02-26 01:51:41.194348 (1859621) lic_core INFO    ... license system initialized.
2026-02-26 01:51:41.207322 (1859621) lic__man INFO    Claim 'main' for <ui>.
2026-02-26 01:51:41.207365 (1859621) lic_core INFO    (1) checking out 'jasper_interactive' ...
2026-02-26 01:51:41.219952 (1859621) lic_core INFO    ... (1) checkout succeeded
2026-02-26 01:51:41.220018 (1859621) lic__man INFO    Claim 'fpv' for <ui>.
2026-02-26 01:51:41.220042 (1859621) lic_core INFO    (2) checking out 'jasper_fpv' ...
2026-02-26 01:51:41.224196 (1859621) lic_core INFO    ... (2) checkout failed (error: -5) ("FLEXnet ERROR(-5, 0, 0): No such feature exists.")
2026-02-26 01:51:41.224226 (1859621) lic_core INFO    (3) checking out 'jasper_fao' ...
2026-02-26 01:51:41.235294 (1859621) lic_core INFO    ... (3) checkout succeeded
2026-02-26 01:51:41.236307 (1859632) stdio___ INFO    Starting STDIN reader (tty: yes, tty name: '/dev/pts/0')
2026-02-26 01:51:41.236423 (1859621) main____ INFO    Tool inactivity delay is 480000 ms.
2026-02-26 01:51:41.277133 (1859621) session_ INFO    Starting analysis session with session id 'session_0' (launcher: <local>) ...
2026-02-26 01:51:41.278979 (1859621) session_ INFO    Analysis session with session id 'session_0' started (pid: 1859633)
2026-02-26 01:51:42.373794 (1859621) session_ INFO    Analysis session 'session_0' connected to the console (host: 127.0.0.1:51096)
2026-02-26 01:51:45.776039 (1859621) lic__man INFO    Unclaim everything for 'session_0'.
2026-02-26 01:51:45.972659 (1859621) lic__man INFO    Claim 'fpv' for 'session_0'.
2026-02-26 01:51:45.972713 (1859621) lic__man INFO    Claim 'fpv' for 'session_0/prove-0'.
2026-02-26 01:51:52.488856 (1859621) lic__man INFO    Unclaim everything for 'session_0/prove-0'.
2026-02-26 01:51:52.531837 (1859621) main____ INFO    About to exit: request to exit with status 0 received from analysis session 'session_0'
2026-02-26 01:51:52.721040 (1859621) session_ INFO    Analysis session 'session_0' disconnected.
2026-02-26 01:51:52.721182 (1859621) lic__man INFO    Unclaim everything for 'session_0'.
2026-02-26 01:51:52.721682 (1859621) session_ INFO    Process for analysis session 'session_0' has exited with exit status '0'.
2026-02-26 01:51:54.449045 (1859632) stdio___ INFO    STDIN reader requested to stop.
2026-02-26 01:51:54.449084 (1859632) stdio___ INFO    STDIN reader stopped.
2026-02-26 01:51:54.449394 (1859621) lic_core INFO    (1) checkin jasper_interactive
2026-02-26 01:51:54.464877 (1859621) lic_core INFO    (3) checkin jasper_fao
2026-02-26 01:51:54.477079 (1859621) main____ INFO    Exiting with status 0.
