2026-02-25 10:37:07.717899 (3050504) main____ INFO    ----------------------------------------
2026-02-25 10:37:07.718006 (3050504) main____ INFO    Jasper version info
2026-02-25 10:37:07.718024 (3050504) main____ INFO      tool      : Jasper 2023.12
2026-02-25 10:37:07.718042 (3050504) main____ INFO      version   : 2023.12p001 64 bits
2026-02-25 10:37:07.718057 (3050504) main____ INFO      build date: 2024.01.23 16:09:24 UTC
2026-02-25 10:37:07.718069 (3050504) main____ INFO    ----------------------------------------
2026-02-25 10:37:07.718080 (3050504) main____ INFO    Runtime info:
2026-02-25 10:37:07.718092 (3050504) main____ INFO      platform  : Linux 4.18.0-553.89.1.el8_10.x86_64 x86_64
2026-02-25 10:37:07.718114 (3050504) main____ INFO      hostname  : caddy15.stanford.edu
2026-02-25 10:37:07.718133 (3050504) main____ INFO      pid       : 3050504
2026-02-25 10:37:07.718147 (3050504) main____ INFO      arguments : '-style' 'windows' '-allow_unsupported_OS' '-no_gui' '-fpv' './synthlc/i_DIV_out/xPairwiseDepDiv/exclusive_53_.tcl' '-proj' './synthlc/i_DIV_out/xPairwiseDepDiv/exclusive_53_jgsession_26-02-25-10_37_06'
2026-02-25 10:37:07.718167 (3050504) main____ INFO      locale    : UTF-8
2026-02-25 10:37:07.718178 (3050504) main____ INFO    ----------------------------------------
2026-02-25 10:37:07.718189 (3050504) main____ INFO    System resource limits info:
2026-02-25 10:37:07.718204 (3050504) main____ INFO      virtual memory: unlimited
2026-02-25 10:37:07.718218 (3050504) main____ INFO      cpu time      : unlimited
2026-02-25 10:37:07.718239 (3050504) main____ INFO      processes     : 4096
2026-02-25 10:37:07.718263 (3050504) main____ INFO      stack size    : 8388608 B
2026-02-25 10:37:07.718280 (3050504) main____ INFO      core file size: 0 B
2026-02-25 10:37:07.718296 (3050504) main____ INFO      open files    : 4096
2026-02-25 10:37:07.718332 (3050504) main____ INFO      file size     : unlimited
2026-02-25 10:37:07.718344 (3050504) main____ INFO    ----------------------------------------
2026-02-25 10:37:07.718355 (3050504) main____ INFO    Memory statistics:
2026-02-25 10:37:07.718368 (3050504) main____ INFO      total physical memory  : 98449092 kB
2026-02-25 10:37:07.718382 (3050504) main____ INFO      free physical memory   : 71830664 kB
2026-02-25 10:37:07.718395 (3050504) main____ INFO      committed address space: 14620680 kB
2026-02-25 10:37:07.718406 (3050504) main____ INFO    ----------------------------------------
2026-02-25 10:37:07.719793 (3050504) main____ INFO    Important environment variables:
2026-02-25 10:37:07.719821 (3050504) main____ INFO      CDS_LIC_FILE       : '5280@cadlic0'
2026-02-25 10:37:07.719836 (3050504) main____ INFO      JASPER_INSTALL_DIR : '/cad/cadence/jasper_2023.12p001'
2026-02-25 10:37:07.719850 (3050504) main____ INFO      JASPER_KERNEL_CHECK: '1'
2026-02-25 10:37:07.719864 (3050504) main____ INFO      JASPER_OS_CHECK    : '0'
2026-02-25 10:37:07.719878 (3050504) main____ INFO      LANG               : 'en_US.UTF-8'
2026-02-25 10:37:07.719889 (3050504) main____ INFO    ----------------------------------------
2026-02-25 10:37:07.721468 (3050504) lic_core INFO    Initializing license system ...
2026-02-25 10:37:07.756644 (3050504) lic_core INFO    ... license system initialized.
2026-02-25 10:37:07.935598 (3050504) lic__man INFO    Claim 'main' for <ui>.
2026-02-25 10:37:07.935665 (3050504) lic_core INFO    (1) checking out 'jasper_interactive' ...
2026-02-25 10:37:08.014844 (3050504) lic_core INFO    ... (1) checkout succeeded
2026-02-25 10:37:08.014958 (3050504) lic__man INFO    Claim 'fpv' for <ui>.
2026-02-25 10:37:08.014992 (3050504) lic_core INFO    (2) checking out 'jasper_fpv' ...
2026-02-25 10:37:08.074857 (3050504) lic_core INFO    ... (2) checkout failed (error: -5) ("FLEXnet ERROR(-5, 0, 0): No such feature exists.")
2026-02-25 10:37:08.074921 (3050504) lic_core INFO    (3) checking out 'jasper_fao' ...
2026-02-25 10:37:08.166805 (3050504) lic_core INFO    ... (3) checkout succeeded
2026-02-25 10:37:08.196416 (3050504) main____ INFO    Tool inactivity delay is 480000 ms.
2026-02-25 10:37:08.205561 (3050515) stdio___ INFO    Starting STDIN reader (tty: yes, tty name: '/dev/pts/0')
2026-02-25 10:37:08.528483 (3050504) session_ INFO    Starting analysis session with session id 'session_0' (launcher: <local>) ...
2026-02-25 10:37:08.530733 (3050504) session_ INFO    Analysis session with session id 'session_0' started (pid: 3050517)
2026-02-25 10:37:11.362904 (3050504) session_ INFO    Analysis session 'session_0' connected to the console (host: 127.0.0.1:38870)
2026-02-25 10:37:21.264603 (3050504) lic__man INFO    Unclaim everything for 'session_0'.
2026-02-25 10:37:21.790767 (3050504) lic__man INFO    Claim 'fpv' for 'session_0'.
2026-02-25 10:37:21.790829 (3050504) lic__man INFO    Claim 'fpv' for 'session_0/prove-0'.
2026-02-25 10:52:26.045968 (3050504) lic__man INFO    Unclaim everything for 'session_0/prove-0'.
2026-02-25 10:52:26.111572 (3050504) main____ INFO    About to exit: request to exit with status 0 received from analysis session 'session_0'
2026-02-25 10:52:26.317690 (3050504) session_ INFO    Analysis session 'session_0' disconnected.
2026-02-25 10:52:26.317842 (3050504) lic__man INFO    Unclaim everything for 'session_0'.
2026-02-25 10:52:26.318090 (3050504) session_ INFO    Process for analysis session 'session_0' has exited with exit status '0'.
2026-02-25 10:52:28.030404 (3050515) stdio___ INFO    STDIN reader requested to stop.
2026-02-25 10:52:28.030464 (3050515) stdio___ INFO    STDIN reader stopped.
2026-02-25 10:52:28.040569 (3050504) lic_core INFO    (1) checkin jasper_interactive
2026-02-25 10:52:28.043224 (3050504) lic_core INFO    (3) checkin jasper_fao
2026-02-25 10:52:28.050650 (3050504) main____ INFO    Exiting with status 0.
