2026-02-26 14:05:39.783350 (2235073) main____ INFO    ----------------------------------------
2026-02-26 14:05:39.783432 (2235073) main____ INFO    Jasper version info
2026-02-26 14:05:39.783448 (2235073) main____ INFO      tool      : Jasper 2023.12
2026-02-26 14:05:39.783463 (2235073) main____ INFO      version   : 2023.12p001 64 bits
2026-02-26 14:05:39.783477 (2235073) main____ INFO      build date: 2024.01.23 16:09:24 UTC
2026-02-26 14:05:39.783488 (2235073) main____ INFO    ----------------------------------------
2026-02-26 14:05:39.783498 (2235073) main____ INFO    Runtime info:
2026-02-26 14:05:39.783510 (2235073) main____ INFO      platform  : Linux 4.18.0-553.89.1.el8_10.x86_64 x86_64
2026-02-26 14:05:39.783527 (2235073) main____ INFO      hostname  : caddy12.stanford.edu
2026-02-26 14:05:39.783543 (2235073) main____ INFO      pid       : 2235073
2026-02-26 14:05:39.783554 (2235073) main____ INFO      arguments : '-style' 'windows' '-allow_unsupported_OS' '-no_gui' '-fpv' './synthlc/i_DIV_out/xPerfLocCycleCount/cycle_count_wb_stage_s1_.tcl' '-proj' './synthlc/i_DIV_out/xPerfLocCycleCount/cycle_count_wb_stage_s1_jgsession_26-02-26-14_05_39'
2026-02-26 14:05:39.783570 (2235073) main____ INFO      locale    : UTF-8
2026-02-26 14:05:39.783581 (2235073) main____ INFO    ----------------------------------------
2026-02-26 14:05:39.783591 (2235073) main____ INFO    System resource limits info:
2026-02-26 14:05:39.783604 (2235073) main____ INFO      virtual memory: unlimited
2026-02-26 14:05:39.783616 (2235073) main____ INFO      cpu time      : unlimited
2026-02-26 14:05:39.783633 (2235073) main____ INFO      processes     : 4096
2026-02-26 14:05:39.783655 (2235073) main____ INFO      stack size    : 8388608 B
2026-02-26 14:05:39.783682 (2235073) main____ INFO      core file size: 0 B
2026-02-26 14:05:39.784806 (2235073) main____ INFO      open files    : 4096
2026-02-26 14:05:39.784848 (2235073) main____ INFO      file size     : unlimited
2026-02-26 14:05:39.784891 (2235073) main____ INFO    ----------------------------------------
2026-02-26 14:05:39.784902 (2235073) main____ INFO    Memory statistics:
2026-02-26 14:05:39.784916 (2235073) main____ INFO      total physical memory  : 98449088 kB
2026-02-26 14:05:39.784928 (2235073) main____ INFO      free physical memory   : 79535556 kB
2026-02-26 14:05:39.784940 (2235073) main____ INFO      committed address space: 2802896 kB
2026-02-26 14:05:39.784950 (2235073) main____ INFO    ----------------------------------------
2026-02-26 14:05:39.786132 (2235073) main____ INFO    Important environment variables:
2026-02-26 14:05:39.786822 (2235073) main____ INFO      CDS_LIC_FILE       : '5280@cadlic0'
2026-02-26 14:05:39.786838 (2235073) main____ INFO      DISPLAY            : 'localhost:12.0'
2026-02-26 14:05:39.786850 (2235073) main____ INFO      JASPER_INSTALL_DIR : '/cad/cadence/jasper_2023.12p001'
2026-02-26 14:05:39.786863 (2235073) main____ INFO      JASPER_KERNEL_CHECK: '1'
2026-02-26 14:05:39.786876 (2235073) main____ INFO      JASPER_OS_CHECK    : '0'
2026-02-26 14:05:39.786888 (2235073) main____ INFO      LANG               : 'zh_TW.UTF-8'
2026-02-26 14:05:39.786899 (2235073) main____ INFO    ----------------------------------------
2026-02-26 14:05:39.788075 (2235073) lic_core INFO    Initializing license system ...
2026-02-26 14:05:39.792444 (2235073) lic_core INFO    ... license system initialized.
2026-02-26 14:05:39.804969 (2235073) lic__man INFO    Claim 'main' for <ui>.
2026-02-26 14:05:39.805024 (2235073) lic_core INFO    (1) checking out 'jasper_interactive' ...
2026-02-26 14:05:39.817661 (2235073) lic_core INFO    ... (1) checkout succeeded
2026-02-26 14:05:39.817746 (2235073) lic__man INFO    Claim 'fpv' for <ui>.
2026-02-26 14:05:39.817768 (2235073) lic_core INFO    (2) checking out 'jasper_fpv' ...
2026-02-26 14:05:39.821892 (2235073) lic_core INFO    ... (2) checkout failed (error: -5) ("FLEXnet ERROR(-5, 0, 0): No such feature exists.")
2026-02-26 14:05:39.821941 (2235073) lic_core INFO    (3) checking out 'jasper_fao' ...
2026-02-26 14:05:39.833309 (2235073) lic_core INFO    ... (3) checkout succeeded
2026-02-26 14:05:39.837077 (2235084) stdio___ INFO    Starting STDIN reader (tty: yes, tty name: '/dev/pts/0')
2026-02-26 14:05:39.837181 (2235073) main____ INFO    Tool inactivity delay is 480000 ms.
2026-02-26 14:05:39.883133 (2235073) session_ INFO    Starting analysis session with session id 'session_0' (launcher: <local>) ...
2026-02-26 14:05:39.885082 (2235073) session_ INFO    Analysis session with session id 'session_0' started (pid: 2235085)
2026-02-26 14:05:41.053082 (2235073) session_ INFO    Analysis session 'session_0' connected to the console (host: 127.0.0.1:46760)
2026-02-26 14:05:44.262331 (2235073) lic__man INFO    Unclaim everything for 'session_0'.
2026-02-26 14:05:44.482586 (2235073) lic__man INFO    Claim 'fpv' for 'session_0'.
2026-02-26 14:05:44.482624 (2235073) lic__man INFO    Claim 'fpv' for 'session_0/prove-0'.
2026-02-26 14:05:45.793529 (2235073) lic__man INFO    Unclaim everything for 'session_0/prove-0'.
2026-02-26 14:05:45.808373 (2235073) lic__man INFO    Claim 'fpv' for 'session_0'.
2026-02-26 14:05:45.808405 (2235073) lic__man INFO    Claim 'fpv' for 'session_0/prove-1'.
2026-02-26 14:05:47.444685 (2235073) lic__man INFO    Unclaim everything for 'session_0/prove-1'.
2026-02-26 14:05:47.454894 (2235073) lic__man INFO    Claim 'fpv' for 'session_0'.
2026-02-26 14:05:47.454930 (2235073) lic__man INFO    Claim 'fpv' for 'session_0/prove-2'.
2026-02-26 14:05:48.648014 (2235073) lic__man INFO    Unclaim everything for 'session_0/prove-2'.
2026-02-26 14:05:48.656556 (2235073) lic__man INFO    Claim 'fpv' for 'session_0'.
2026-02-26 14:05:48.656586 (2235073) lic__man INFO    Claim 'fpv' for 'session_0/prove-3'.
2026-02-26 14:05:49.864035 (2235073) lic__man INFO    Unclaim everything for 'session_0/prove-3'.
2026-02-26 14:05:49.872318 (2235073) lic__man INFO    Claim 'fpv' for 'session_0'.
2026-02-26 14:05:49.872350 (2235073) lic__man INFO    Claim 'fpv' for 'session_0/prove-4'.
2026-02-26 14:05:50.853810 (2235073) lic__man INFO    Unclaim everything for 'session_0/prove-4'.
2026-02-26 14:05:50.862648 (2235073) lic__man INFO    Claim 'fpv' for 'session_0'.
2026-02-26 14:05:50.862692 (2235073) lic__man INFO    Claim 'fpv' for 'session_0/prove-5'.
2026-02-26 14:05:52.115264 (2235073) lic__man INFO    Unclaim everything for 'session_0/prove-5'.
2026-02-26 14:05:52.165897 (2235073) main____ INFO    About to exit: request to exit with status 0 received from analysis session 'session_0'
2026-02-26 14:05:52.521324 (2235073) session_ INFO    Analysis session 'session_0' disconnected.
2026-02-26 14:05:52.521496 (2235073) lic__man INFO    Unclaim everything for 'session_0'.
2026-02-26 14:05:52.569781 (2235073) session_ INFO    Process for analysis session 'session_0' has exited with exit status '0'.
2026-02-26 14:05:54.273942 (2235084) stdio___ INFO    STDIN reader requested to stop.
2026-02-26 14:05:54.274004 (2235084) stdio___ INFO    STDIN reader stopped.
2026-02-26 14:05:54.274278 (2235073) lic_core INFO    (1) checkin jasper_interactive
2026-02-26 14:05:54.277069 (2235073) lic_core INFO    (3) checkin jasper_fao
2026-02-26 14:05:54.279560 (2235073) main____ INFO    Exiting with status 0.
