2026-03-02 11:47:47.112475 (624275) main____ INFO    ----------------------------------------
2026-03-02 11:47:47.112552 (624275) main____ INFO    Jasper version info
2026-03-02 11:47:47.112567 (624275) main____ INFO      tool      : Jasper 2023.12
2026-03-02 11:47:47.112583 (624275) main____ INFO      version   : 2023.12p001 64 bits
2026-03-02 11:47:47.112596 (624275) main____ INFO      build date: 2024.01.23 16:09:24 UTC
2026-03-02 11:47:47.112605 (624275) main____ INFO    ----------------------------------------
2026-03-02 11:47:47.112614 (624275) main____ INFO    Runtime info:
2026-03-02 11:47:47.112624 (624275) main____ INFO      platform  : Linux 4.18.0-553.89.1.el8_10.x86_64 x86_64
2026-03-02 11:47:47.112643 (624275) main____ INFO      hostname  : caddy12.stanford.edu
2026-03-02 11:47:47.112657 (624275) main____ INFO      pid       : 624275
2026-03-02 11:47:47.112682 (624275) main____ INFO      arguments : '-style' 'windows' '-allow_unsupported_OS' '-no_gui' '-fpv' './synthlc/i_ADDI_out/xHBPerfG_dfg_v3_div/WHB_215_.tcl' '-proj' './synthlc/i_ADDI_out/xHBPerfG_dfg_v3_div/WHB_215_jgsession_26-03-02-11_47_46'
2026-03-02 11:47:47.112699 (624275) main____ INFO      locale    : UTF-8
2026-03-02 11:47:47.112708 (624275) main____ INFO    ----------------------------------------
2026-03-02 11:47:47.112717 (624275) main____ INFO    System resource limits info:
2026-03-02 11:47:47.112729 (624275) main____ INFO      virtual memory: unlimited
2026-03-02 11:47:47.112741 (624275) main____ INFO      cpu time      : unlimited
2026-03-02 11:47:47.112758 (624275) main____ INFO      processes     : 4096
2026-03-02 11:47:47.112778 (624275) main____ INFO      stack size    : 8388608 B
2026-03-02 11:47:47.112792 (624275) main____ INFO      core file size: 0 B
2026-03-02 11:47:47.112805 (624275) main____ INFO      open files    : 4096
2026-03-02 11:47:47.112816 (624275) main____ INFO      file size     : unlimited
2026-03-02 11:47:47.112825 (624275) main____ INFO    ----------------------------------------
2026-03-02 11:47:47.112834 (624275) main____ INFO    Memory statistics:
2026-03-02 11:47:47.112845 (624275) main____ INFO      total physical memory  : 98449088 kB
2026-03-02 11:47:47.112856 (624275) main____ INFO      free physical memory   : 86673464 kB
2026-03-02 11:47:47.112868 (624275) main____ INFO      committed address space: 8752268 kB
2026-03-02 11:47:47.112877 (624275) main____ INFO    ----------------------------------------
2026-03-02 11:47:47.114077 (624275) main____ INFO    Important environment variables:
2026-03-02 11:47:47.114102 (624275) main____ INFO      CDS_LIC_FILE       : '5280@cadlic0'
2026-03-02 11:47:47.114124 (624275) main____ INFO      DISPLAY            : 'localhost:12.0'
2026-03-02 11:47:47.114136 (624275) main____ INFO      JASPER_INSTALL_DIR : '/cad/cadence/jasper_2023.12p001'
2026-03-02 11:47:47.114147 (624275) main____ INFO      JASPER_KERNEL_CHECK: '1'
2026-03-02 11:47:47.114159 (624275) main____ INFO      JASPER_OS_CHECK    : '0'
2026-03-02 11:47:47.114170 (624275) main____ INFO      LANG               : 'zh_TW.UTF-8'
2026-03-02 11:47:47.114179 (624275) main____ INFO    ----------------------------------------
2026-03-02 11:47:47.115340 (624275) lic_core INFO    Initializing license system ...
2026-03-02 11:47:47.140880 (624275) lic_core INFO    ... license system initialized.
2026-03-02 11:47:47.283859 (624275) lic__man INFO    Claim 'main' for <ui>.
2026-03-02 11:47:47.283920 (624275) lic_core INFO    (1) checking out 'jasper_interactive' ...
2026-03-02 11:47:47.325161 (624275) lic_core INFO    ... (1) checkout succeeded
2026-03-02 11:47:47.325262 (624275) lic__man INFO    Claim 'fpv' for <ui>.
2026-03-02 11:47:47.325288 (624275) lic_core INFO    (2) checking out 'jasper_fpv' ...
2026-03-02 11:47:47.343945 (624275) lic_core INFO    ... (2) checkout failed (error: -5) ("FLEXnet ERROR(-5, 0, 0): No such feature exists.")
2026-03-02 11:47:47.343998 (624275) lic_core INFO    (3) checking out 'jasper_fao' ...
2026-03-02 11:47:47.355519 (624275) lic_core INFO    ... (3) checkout succeeded
2026-03-02 11:47:47.373502 (624275) main____ INFO    Tool inactivity delay is 480000 ms.
2026-03-02 11:47:47.399856 (624415) stdio___ INFO    Starting STDIN reader (tty: yes, tty name: '/dev/pts/0')
2026-03-02 11:47:47.536947 (624275) session_ INFO    Starting analysis session with session id 'session_0' (launcher: <local>) ...
2026-03-02 11:47:47.538827 (624275) session_ INFO    Analysis session with session id 'session_0' started (pid: 624427)
2026-03-02 11:47:49.823373 (624275) session_ INFO    Analysis session 'session_0' connected to the console (host: 127.0.0.1:40866)
2026-03-02 11:47:56.631047 (624275) lic__man INFO    Unclaim everything for 'session_0'.
2026-03-02 11:47:56.868918 (624275) lic__man INFO    Claim 'fpv' for 'session_0'.
2026-03-02 11:47:56.868955 (624275) lic__man INFO    Claim 'fpv' for 'session_0/prove-0'.
2026-03-02 11:47:58.352929 (624275) lic__man INFO    Unclaim everything for 'session_0/prove-0'.
2026-03-02 11:47:58.395778 (624275) main____ INFO    About to exit: request to exit with status 0 received from analysis session 'session_0'
2026-03-02 11:47:58.593480 (624275) session_ INFO    Analysis session 'session_0' disconnected.
2026-03-02 11:47:58.593616 (624275) lic__man INFO    Unclaim everything for 'session_0'.
2026-03-02 11:47:58.593881 (624275) session_ INFO    Process for analysis session 'session_0' has exited with exit status '0'.
2026-03-02 11:48:00.393003 (624415) stdio___ INFO    STDIN reader requested to stop.
2026-03-02 11:48:00.393039 (624415) stdio___ INFO    STDIN reader stopped.
2026-03-02 11:48:00.393274 (624275) lic_core INFO    (1) checkin jasper_interactive
2026-03-02 11:48:00.394578 (624275) lic_core INFO    (3) checkin jasper_fao
2026-03-02 11:48:00.395613 (624275) main____ INFO    Exiting with status 0.
