2026-02-26 03:21:53.453884 (3677324) main____ INFO    ----------------------------------------
2026-02-26 03:21:53.453980 (3677324) main____ INFO    Jasper version info
2026-02-26 03:21:53.453996 (3677324) main____ INFO      tool      : Jasper 2023.12
2026-02-26 03:21:53.454011 (3677324) main____ INFO      version   : 2023.12p001 64 bits
2026-02-26 03:21:53.454024 (3677324) main____ INFO      build date: 2024.01.23 16:09:24 UTC
2026-02-26 03:21:53.454034 (3677324) main____ INFO    ----------------------------------------
2026-02-26 03:21:53.454044 (3677324) main____ INFO    Runtime info:
2026-02-26 03:21:53.454054 (3677324) main____ INFO      platform  : Linux 4.18.0-553.89.1.el8_10.x86_64 x86_64
2026-02-26 03:21:53.454074 (3677324) main____ INFO      hostname  : caddy15.stanford.edu
2026-02-26 03:21:53.454089 (3677324) main____ INFO      pid       : 3677324
2026-02-26 03:21:53.454100 (3677324) main____ INFO      arguments : '-style' 'windows' '-allow_unsupported_OS' '-no_gui' '-fpv' './synthlc/i_ADDI_out/xPairwiseDepDiv/nunv_anytwo_364_.tcl' '-proj' './synthlc/i_ADDI_out/xPairwiseDepDiv/nunv_anytwo_364_jgsession_26-02-26-03_21_52'
2026-02-26 03:21:53.454117 (3677324) main____ INFO      locale    : UTF-8
2026-02-26 03:21:53.454127 (3677324) main____ INFO    ----------------------------------------
2026-02-26 03:21:53.454136 (3677324) main____ INFO    System resource limits info:
2026-02-26 03:21:53.454148 (3677324) main____ INFO      virtual memory: unlimited
2026-02-26 03:21:53.454160 (3677324) main____ INFO      cpu time      : unlimited
2026-02-26 03:21:53.454178 (3677324) main____ INFO      processes     : 4096
2026-02-26 03:21:53.454201 (3677324) main____ INFO      stack size    : 8388608 B
2026-02-26 03:21:53.454215 (3677324) main____ INFO      core file size: 0 B
2026-02-26 03:21:53.454228 (3677324) main____ INFO      open files    : 4096
2026-02-26 03:21:53.454240 (3677324) main____ INFO      file size     : unlimited
2026-02-26 03:21:53.454249 (3677324) main____ INFO    ----------------------------------------
2026-02-26 03:21:53.454259 (3677324) main____ INFO    Memory statistics:
2026-02-26 03:21:53.454270 (3677324) main____ INFO      total physical memory  : 98449092 kB
2026-02-26 03:21:53.454281 (3677324) main____ INFO      free physical memory   : 76882676 kB
2026-02-26 03:21:53.454293 (3677324) main____ INFO      committed address space: 6829208 kB
2026-02-26 03:21:53.454317 (3677324) main____ INFO    ----------------------------------------
2026-02-26 03:21:53.455500 (3677324) main____ INFO    Important environment variables:
2026-02-26 03:21:53.455528 (3677324) main____ INFO      CDS_LIC_FILE       : '5280@cadlic0'
2026-02-26 03:21:53.455540 (3677324) main____ INFO      JASPER_INSTALL_DIR : '/cad/cadence/jasper_2023.12p001'
2026-02-26 03:21:53.455552 (3677324) main____ INFO      JASPER_KERNEL_CHECK: '1'
2026-02-26 03:21:53.455563 (3677324) main____ INFO      JASPER_OS_CHECK    : '0'
2026-02-26 03:21:53.455575 (3677324) main____ INFO      LANG               : 'en_US.UTF-8'
2026-02-26 03:21:53.455585 (3677324) main____ INFO    ----------------------------------------
2026-02-26 03:21:53.457579 (3677324) lic_core INFO    Initializing license system ...
2026-02-26 03:21:53.513235 (3677324) lic_core INFO    ... license system initialized.
2026-02-26 03:21:53.554253 (3677324) lic__man INFO    Claim 'main' for <ui>.
2026-02-26 03:21:53.554335 (3677324) lic_core INFO    (1) checking out 'jasper_interactive' ...
2026-02-26 03:21:53.566555 (3677324) lic_core INFO    ... (1) checkout succeeded
2026-02-26 03:21:53.566656 (3677324) lic__man INFO    Claim 'fpv' for <ui>.
2026-02-26 03:21:53.566685 (3677324) lic_core INFO    (2) checking out 'jasper_fpv' ...
2026-02-26 03:21:53.570722 (3677324) lic_core INFO    ... (2) checkout failed (error: -5) ("FLEXnet ERROR(-5, 0, 0): No such feature exists.")
2026-02-26 03:21:53.570797 (3677324) lic_core INFO    (3) checking out 'jasper_fao' ...
2026-02-26 03:21:53.586933 (3677324) lic_core INFO    ... (3) checkout succeeded
2026-02-26 03:21:53.588255 (3677337) stdio___ INFO    Starting STDIN reader (tty: yes, tty name: '/dev/pts/0')
2026-02-26 03:21:53.588363 (3677324) main____ INFO    Tool inactivity delay is 480000 ms.
2026-02-26 03:21:53.629657 (3677324) session_ INFO    Starting analysis session with session id 'session_0' (launcher: <local>) ...
2026-02-26 03:21:53.631678 (3677324) session_ INFO    Analysis session with session id 'session_0' started (pid: 3677338)
2026-02-26 03:21:55.096032 (3677324) session_ INFO    Analysis session 'session_0' connected to the console (host: 127.0.0.1:42942)
2026-02-26 03:21:59.054525 (3677324) lic__man INFO    Unclaim everything for 'session_0'.
2026-02-26 03:21:59.336809 (3677324) lic__man INFO    Claim 'fpv' for 'session_0'.
2026-02-26 03:21:59.336849 (3677324) lic__man INFO    Claim 'fpv' for 'session_0/prove-0'.
2026-02-26 03:22:01.185276 (3677324) lic__man INFO    Unclaim everything for 'session_0/prove-0'.
2026-02-26 03:22:01.193137 (3677324) main____ INFO    About to exit: request to exit with status 0 received from analysis session 'session_0'
2026-02-26 03:22:01.435622 (3677324) session_ INFO    Analysis session 'session_0' disconnected.
2026-02-26 03:22:01.435762 (3677324) lic__man INFO    Unclaim everything for 'session_0'.
2026-02-26 03:22:01.435952 (3677324) session_ INFO    Process for analysis session 'session_0' has exited with exit status '0'.
2026-02-26 03:22:03.311405 (3677337) stdio___ INFO    STDIN reader requested to stop.
2026-02-26 03:22:03.311467 (3677337) stdio___ INFO    STDIN reader stopped.
2026-02-26 03:22:03.311764 (3677324) lic_core INFO    (1) checkin jasper_interactive
2026-02-26 03:22:03.313520 (3677324) lic_core INFO    (3) checkin jasper_fao
2026-02-26 03:22:03.323472 (3677324) main____ INFO    Exiting with status 0.
