2026-02-28 22:47:10.722664 (1032838) main____ INFO    ----------------------------------------
2026-02-28 22:47:10.722734 (1032838) main____ INFO    Jasper version info
2026-02-28 22:47:10.722749 (1032838) main____ INFO      tool      : Jasper 2023.12
2026-02-28 22:47:10.722763 (1032838) main____ INFO      version   : 2023.12p001 64 bits
2026-02-28 22:47:10.722777 (1032838) main____ INFO      build date: 2024.01.23 16:09:24 UTC
2026-02-28 22:47:10.722787 (1032838) main____ INFO    ----------------------------------------
2026-02-28 22:47:10.722796 (1032838) main____ INFO    Runtime info:
2026-02-28 22:47:10.722807 (1032838) main____ INFO      platform  : Linux 4.18.0-553.89.1.el8_10.x86_64 x86_64
2026-02-28 22:47:10.722824 (1032838) main____ INFO      hostname  : caddy15.stanford.edu
2026-02-28 22:47:10.722839 (1032838) main____ INFO      pid       : 1032838
2026-02-28 22:47:10.722850 (1032838) main____ INFO      arguments : '-style' 'windows' '-allow_unsupported_OS' '-no_gui' '-fpv' './synthlc/i_BEQ_out/xPairwiseDepDiv/exclusive_55_.tcl' '-proj' './synthlc/i_BEQ_out/xPairwiseDepDiv/exclusive_55_jgsession_26-02-28-22_47_10'
2026-02-28 22:47:10.722866 (1032838) main____ INFO      locale    : UTF-8
2026-02-28 22:47:10.722876 (1032838) main____ INFO    ----------------------------------------
2026-02-28 22:47:10.722885 (1032838) main____ INFO    System resource limits info:
2026-02-28 22:47:10.722897 (1032838) main____ INFO      virtual memory: unlimited
2026-02-28 22:47:10.722909 (1032838) main____ INFO      cpu time      : unlimited
2026-02-28 22:47:10.722924 (1032838) main____ INFO      processes     : 4096
2026-02-28 22:47:10.722943 (1032838) main____ INFO      stack size    : 8388608 B
2026-02-28 22:47:10.722957 (1032838) main____ INFO      core file size: 0 B
2026-02-28 22:47:10.722969 (1032838) main____ INFO      open files    : 4096
2026-02-28 22:47:10.722981 (1032838) main____ INFO      file size     : unlimited
2026-02-28 22:47:10.722991 (1032838) main____ INFO    ----------------------------------------
2026-02-28 22:47:10.723000 (1032838) main____ INFO    Memory statistics:
2026-02-28 22:47:10.723011 (1032838) main____ INFO      total physical memory  : 98449092 kB
2026-02-28 22:47:10.723022 (1032838) main____ INFO      free physical memory   : 80021600 kB
2026-02-28 22:47:10.723034 (1032838) main____ INFO      committed address space: 1878112 kB
2026-02-28 22:47:10.723044 (1032838) main____ INFO    ----------------------------------------
2026-02-28 22:47:10.724207 (1032838) main____ INFO    Important environment variables:
2026-02-28 22:47:10.724230 (1032838) main____ INFO      CDS_LIC_FILE       : '5280@cadlic0'
2026-02-28 22:47:10.724242 (1032838) main____ INFO      JASPER_INSTALL_DIR : '/cad/cadence/jasper_2023.12p001'
2026-02-28 22:47:10.724254 (1032838) main____ INFO      JASPER_KERNEL_CHECK: '1'
2026-02-28 22:47:10.724266 (1032838) main____ INFO      JASPER_OS_CHECK    : '0'
2026-02-28 22:47:10.724278 (1032838) main____ INFO      LANG               : 'en_US.UTF-8'
2026-02-28 22:47:10.724287 (1032838) main____ INFO    ----------------------------------------
2026-02-28 22:47:10.725390 (1032838) lic_core INFO    Initializing license system ...
2026-02-28 22:47:10.726972 (1032838) lic_core INFO    ... license system initialized.
2026-02-28 22:47:10.793485 (1032838) lic__man INFO    Claim 'main' for <ui>.
2026-02-28 22:47:10.793531 (1032838) lic_core INFO    (1) checking out 'jasper_interactive' ...
2026-02-28 22:47:10.806088 (1032838) lic_core INFO    ... (1) checkout succeeded
2026-02-28 22:47:10.806149 (1032838) lic__man INFO    Claim 'fpv' for <ui>.
2026-02-28 22:47:10.806171 (1032838) lic_core INFO    (2) checking out 'jasper_fpv' ...
2026-02-28 22:47:10.810026 (1032838) lic_core INFO    ... (2) checkout failed (error: -5) ("FLEXnet ERROR(-5, 0, 0): No such feature exists.")
2026-02-28 22:47:10.810058 (1032838) lic_core INFO    (3) checking out 'jasper_fao' ...
2026-02-28 22:47:10.820987 (1032838) lic_core INFO    ... (3) checkout succeeded
2026-02-28 22:47:10.822137 (1032854) stdio___ INFO    Starting STDIN reader (tty: yes, tty name: '/dev/pts/0')
2026-02-28 22:47:10.822194 (1032838) main____ INFO    Tool inactivity delay is 480000 ms.
2026-02-28 22:47:10.971056 (1032838) session_ INFO    Starting analysis session with session id 'session_0' (launcher: <local>) ...
2026-02-28 22:47:10.972821 (1032838) session_ INFO    Analysis session with session id 'session_0' started (pid: 1032860)
2026-02-28 22:47:12.343764 (1032838) session_ INFO    Analysis session 'session_0' connected to the console (host: 127.0.0.1:45770)
2026-02-28 22:47:17.616984 (1032838) lic__man INFO    Unclaim everything for 'session_0'.
2026-02-28 22:47:17.997917 (1032838) lic__man INFO    Claim 'fpv' for 'session_0'.
2026-02-28 22:47:17.997963 (1032838) lic__man INFO    Claim 'fpv' for 'session_0/prove-0'.
2026-02-28 22:47:37.584455 (1032838) lic__man INFO    Unclaim everything for 'session_0/prove-0'.
2026-02-28 22:47:37.642450 (1032838) main____ INFO    About to exit: request to exit with status 0 received from analysis session 'session_0'
2026-02-28 22:47:37.856654 (1032838) session_ INFO    Analysis session 'session_0' disconnected.
2026-02-28 22:47:37.856850 (1032838) lic__man INFO    Unclaim everything for 'session_0'.
2026-02-28 22:47:37.857049 (1032838) session_ INFO    Process for analysis session 'session_0' has exited with exit status '0'.
2026-02-28 22:47:39.554376 (1032854) stdio___ INFO    STDIN reader requested to stop.
2026-02-28 22:47:39.554434 (1032854) stdio___ INFO    STDIN reader stopped.
2026-02-28 22:47:39.554807 (1032838) lic_core INFO    (1) checkin jasper_interactive
2026-02-28 22:47:39.563519 (1032838) lic_core INFO    (3) checkin jasper_fao
2026-02-28 22:47:39.585781 (1032838) main____ INFO    Exiting with status 0.
