2026-03-02 01:46:32.242642 (474315) main____ INFO    ----------------------------------------
2026-03-02 01:46:32.242755 (474315) main____ INFO    Jasper version info
2026-03-02 01:46:32.242772 (474315) main____ INFO      tool      : Jasper 2023.12
2026-03-02 01:46:32.242789 (474315) main____ INFO      version   : 2023.12p001 64 bits
2026-03-02 01:46:32.242803 (474315) main____ INFO      build date: 2024.01.23 16:09:24 UTC
2026-03-02 01:46:32.242814 (474315) main____ INFO    ----------------------------------------
2026-03-02 01:46:32.242824 (474315) main____ INFO    Runtime info:
2026-03-02 01:46:32.242835 (474315) main____ INFO      platform  : Linux 4.18.0-553.89.1.el8_10.x86_64 x86_64
2026-03-02 01:46:32.242854 (474315) main____ INFO      hostname  : caddy12.stanford.edu
2026-03-02 01:46:32.242870 (474315) main____ INFO      pid       : 474315
2026-03-02 01:46:32.242881 (474315) main____ INFO      arguments : '-style' 'windows' '-allow_unsupported_OS' '-no_gui' '-fpv' './synthlc/i_MUL_out/xHBPerfG_dfg_v3_div/WHB_275_.tcl' '-proj' './synthlc/i_MUL_out/xHBPerfG_dfg_v3_div/WHB_275_jgsession_26-03-02-01_46_32'
2026-03-02 01:46:32.242910 (474315) main____ INFO      locale    : UTF-8
2026-03-02 01:46:32.242920 (474315) main____ INFO    ----------------------------------------
2026-03-02 01:46:32.242930 (474315) main____ INFO    System resource limits info:
2026-03-02 01:46:32.242943 (474315) main____ INFO      virtual memory: unlimited
2026-03-02 01:46:32.242956 (474315) main____ INFO      cpu time      : unlimited
2026-03-02 01:46:32.242975 (474315) main____ INFO      processes     : 4096
2026-03-02 01:46:32.244151 (474315) main____ INFO      stack size    : 8388608 B
2026-03-02 01:46:32.244169 (474315) main____ INFO      core file size: 0 B
2026-03-02 01:46:32.244183 (474315) main____ INFO      open files    : 4096
2026-03-02 01:46:32.244195 (474315) main____ INFO      file size     : unlimited
2026-03-02 01:46:32.244206 (474315) main____ INFO    ----------------------------------------
2026-03-02 01:46:32.244216 (474315) main____ INFO    Memory statistics:
2026-03-02 01:46:32.244228 (474315) main____ INFO      total physical memory  : 98449088 kB
2026-03-02 01:46:32.244240 (474315) main____ INFO      free physical memory   : 86958484 kB
2026-03-02 01:46:32.244252 (474315) main____ INFO      committed address space: 8301560 kB
2026-03-02 01:46:32.244263 (474315) main____ INFO    ----------------------------------------
2026-03-02 01:46:32.245453 (474315) main____ INFO    Important environment variables:
2026-03-02 01:46:32.246026 (474315) main____ INFO      CDS_LIC_FILE       : '5280@cadlic0'
2026-03-02 01:46:32.246042 (474315) main____ INFO      DISPLAY            : 'localhost:12.0'
2026-03-02 01:46:32.246055 (474315) main____ INFO      JASPER_INSTALL_DIR : '/cad/cadence/jasper_2023.12p001'
2026-03-02 01:46:32.246067 (474315) main____ INFO      JASPER_KERNEL_CHECK: '1'
2026-03-02 01:46:32.246080 (474315) main____ INFO      JASPER_OS_CHECK    : '0'
2026-03-02 01:46:32.246092 (474315) main____ INFO      LANG               : 'zh_TW.UTF-8'
2026-03-02 01:46:32.246103 (474315) main____ INFO    ----------------------------------------
2026-03-02 01:46:32.247246 (474315) lic_core INFO    Initializing license system ...
2026-03-02 01:46:32.249348 (474315) lic_core INFO    ... license system initialized.
2026-03-02 01:46:32.274933 (474315) lic__man INFO    Claim 'main' for <ui>.
2026-03-02 01:46:32.275002 (474315) lic_core INFO    (1) checking out 'jasper_interactive' ...
2026-03-02 01:46:32.288999 (474315) lic_core INFO    ... (1) checkout succeeded
2026-03-02 01:46:32.289097 (474315) lic__man INFO    Claim 'fpv' for <ui>.
2026-03-02 01:46:32.289126 (474315) lic_core INFO    (2) checking out 'jasper_fpv' ...
2026-03-02 01:46:32.350116 (474315) lic_core INFO    ... (2) checkout failed (error: -5) ("FLEXnet ERROR(-5, 0, 0): No such feature exists.")
2026-03-02 01:46:32.350173 (474315) lic_core INFO    (3) checking out 'jasper_fao' ...
2026-03-02 01:46:32.384735 (474315) lic_core INFO    ... (3) checkout succeeded
2026-03-02 01:46:32.385955 (474315) main____ INFO    Tool inactivity delay is 480000 ms.
2026-03-02 01:46:32.395841 (474358) stdio___ INFO    Starting STDIN reader (tty: yes, tty name: '/dev/pts/0')
2026-03-02 01:46:32.823812 (474315) session_ INFO    Starting analysis session with session id 'session_0' (launcher: <local>) ...
2026-03-02 01:46:32.825874 (474315) session_ INFO    Analysis session with session id 'session_0' started (pid: 474366)
2026-03-02 01:46:34.388497 (474315) session_ INFO    Analysis session 'session_0' connected to the console (host: 127.0.0.1:34824)
2026-03-02 01:46:39.636685 (474315) lic__man INFO    Unclaim everything for 'session_0'.
2026-03-02 01:46:40.077323 (474315) lic__man INFO    Claim 'fpv' for 'session_0'.
2026-03-02 01:46:40.077371 (474315) lic__man INFO    Claim 'fpv' for 'session_0/prove-0'.
2026-03-02 01:46:46.601826 (474315) lic__man INFO    Unclaim everything for 'session_0/prove-0'.
2026-03-02 01:46:46.644782 (474315) main____ INFO    About to exit: request to exit with status 0 received from analysis session 'session_0'
2026-03-02 01:46:46.786865 (474315) session_ INFO    Analysis session 'session_0' disconnected.
2026-03-02 01:46:46.787097 (474315) lic__man INFO    Unclaim everything for 'session_0'.
2026-03-02 01:46:46.787283 (474315) session_ INFO    Process for analysis session 'session_0' has exited with exit status '0'.
2026-03-02 01:46:48.762444 (474358) stdio___ INFO    STDIN reader requested to stop.
2026-03-02 01:46:48.762499 (474358) stdio___ INFO    STDIN reader stopped.
2026-03-02 01:46:48.773937 (474315) lic_core INFO    (1) checkin jasper_interactive
2026-03-02 01:46:48.799891 (474315) lic_core INFO    (3) checkin jasper_fao
2026-03-02 01:46:48.825404 (474315) main____ INFO    Exiting with status 0.
