2026-02-26 11:02:03.696038 (4035156) main____ INFO    ----------------------------------------
2026-02-26 11:02:03.696136 (4035156) main____ INFO    Jasper version info
2026-02-26 11:02:03.696152 (4035156) main____ INFO      tool      : Jasper 2023.12
2026-02-26 11:02:03.696168 (4035156) main____ INFO      version   : 2023.12p001 64 bits
2026-02-26 11:02:03.696181 (4035156) main____ INFO      build date: 2024.01.23 16:09:24 UTC
2026-02-26 11:02:03.696191 (4035156) main____ INFO    ----------------------------------------
2026-02-26 11:02:03.696201 (4035156) main____ INFO    Runtime info:
2026-02-26 11:02:03.696212 (4035156) main____ INFO      platform  : Linux 4.18.0-553.89.1.el8_10.x86_64 x86_64
2026-02-26 11:02:03.696231 (4035156) main____ INFO      hostname  : caddy15.stanford.edu
2026-02-26 11:02:03.696247 (4035156) main____ INFO      pid       : 4035156
2026-02-26 11:02:03.696268 (4035156) main____ INFO      arguments : '-style' 'windows' '-allow_unsupported_OS' '-no_gui' '-fpv' './synthlc/i_ADDI_out/xPerfLocCycleCount/over1cyc_2_div_fsm_s2_.tcl' '-proj' './synthlc/i_ADDI_out/xPerfLocCycleCount/over1cyc_2_div_fsm_s2_jgsession_26-02-26-11_02_03'
2026-02-26 11:02:03.696286 (4035156) main____ INFO      locale    : UTF-8
2026-02-26 11:02:03.696296 (4035156) main____ INFO    ----------------------------------------
2026-02-26 11:02:03.696323 (4035156) main____ INFO    System resource limits info:
2026-02-26 11:02:03.696336 (4035156) main____ INFO      virtual memory: unlimited
2026-02-26 11:02:03.696349 (4035156) main____ INFO      cpu time      : unlimited
2026-02-26 11:02:03.696373 (4035156) main____ INFO      processes     : 4096
2026-02-26 11:02:03.696395 (4035156) main____ INFO      stack size    : 8388608 B
2026-02-26 11:02:03.696410 (4035156) main____ INFO      core file size: 0 B
2026-02-26 11:02:03.696425 (4035156) main____ INFO      open files    : 4096
2026-02-26 11:02:03.696439 (4035156) main____ INFO      file size     : unlimited
2026-02-26 11:02:03.696463 (4035156) main____ INFO    ----------------------------------------
2026-02-26 11:02:03.696474 (4035156) main____ INFO    Memory statistics:
2026-02-26 11:02:03.696486 (4035156) main____ INFO      total physical memory  : 98449092 kB
2026-02-26 11:02:03.696498 (4035156) main____ INFO      free physical memory   : 77707628 kB
2026-02-26 11:02:03.696510 (4035156) main____ INFO      committed address space: 4426140 kB
2026-02-26 11:02:03.696519 (4035156) main____ INFO    ----------------------------------------
2026-02-26 11:02:03.697727 (4035156) main____ INFO    Important environment variables:
2026-02-26 11:02:03.697762 (4035156) main____ INFO      CDS_LIC_FILE       : '5280@cadlic0'
2026-02-26 11:02:03.697775 (4035156) main____ INFO      JASPER_INSTALL_DIR : '/cad/cadence/jasper_2023.12p001'
2026-02-26 11:02:03.697788 (4035156) main____ INFO      JASPER_KERNEL_CHECK: '1'
2026-02-26 11:02:03.697800 (4035156) main____ INFO      JASPER_OS_CHECK    : '0'
2026-02-26 11:02:03.697812 (4035156) main____ INFO      LANG               : 'en_US.UTF-8'
2026-02-26 11:02:03.697822 (4035156) main____ INFO    ----------------------------------------
2026-02-26 11:02:03.699058 (4035156) lic_core INFO    Initializing license system ...
2026-02-26 11:02:03.700516 (4035156) lic_core INFO    ... license system initialized.
2026-02-26 11:02:03.712014 (4035156) lic__man INFO    Claim 'main' for <ui>.
2026-02-26 11:02:03.712084 (4035156) lic_core INFO    (1) checking out 'jasper_interactive' ...
2026-02-26 11:02:03.728245 (4035156) lic_core INFO    ... (1) checkout succeeded
2026-02-26 11:02:03.728374 (4035156) lic__man INFO    Claim 'fpv' for <ui>.
2026-02-26 11:02:03.728405 (4035156) lic_core INFO    (2) checking out 'jasper_fpv' ...
2026-02-26 11:02:03.739768 (4035156) lic_core INFO    ... (2) checkout failed (error: -5) ("FLEXnet ERROR(-5, 0, 0): No such feature exists.")
2026-02-26 11:02:03.739827 (4035156) lic_core INFO    (3) checking out 'jasper_fao' ...
2026-02-26 11:02:03.756597 (4035156) lic_core INFO    ... (3) checkout succeeded
2026-02-26 11:02:03.758165 (4035156) main____ INFO    Tool inactivity delay is 480000 ms.
2026-02-26 11:02:03.758520 (4035168) stdio___ INFO    Starting STDIN reader (tty: yes, tty name: '/dev/pts/0')
2026-02-26 11:02:03.801287 (4035156) session_ INFO    Starting analysis session with session id 'session_0' (launcher: <local>) ...
2026-02-26 11:02:03.803691 (4035156) session_ INFO    Analysis session with session id 'session_0' started (pid: 4035169)
2026-02-26 11:02:05.110802 (4035156) session_ INFO    Analysis session 'session_0' connected to the console (host: 127.0.0.1:43176)
2026-02-26 11:02:08.607405 (4035156) lic__man INFO    Unclaim everything for 'session_0'.
2026-02-26 11:02:08.840388 (4035156) lic__man INFO    Claim 'fpv' for 'session_0'.
2026-02-26 11:02:08.840437 (4035156) lic__man INFO    Claim 'fpv' for 'session_0/prove-0'.
2026-02-26 11:02:36.151659 (4035156) lic__man INFO    Unclaim everything for 'session_0/prove-0'.
2026-02-26 11:02:36.155702 (4035156) main____ INFO    About to exit: request to exit with status 0 received from analysis session 'session_0'
2026-02-26 11:02:36.332009 (4035156) session_ INFO    Analysis session 'session_0' disconnected.
2026-02-26 11:02:36.332162 (4035156) lic__man INFO    Unclaim everything for 'session_0'.
2026-02-26 11:02:36.332513 (4035156) session_ INFO    Process for analysis session 'session_0' has exited with exit status '0'.
2026-02-26 11:02:38.262860 (4035168) stdio___ INFO    STDIN reader requested to stop.
2026-02-26 11:02:38.262916 (4035168) stdio___ INFO    STDIN reader stopped.
2026-02-26 11:02:38.263241 (4035156) lic_core INFO    (1) checkin jasper_interactive
2026-02-26 11:02:38.264978 (4035156) lic_core INFO    (3) checkin jasper_fao
2026-02-26 11:02:38.266035 (4035156) main____ INFO    Exiting with status 0.
