2026-02-28 01:56:43.301435 (601516) main____ INFO    ----------------------------------------
2026-02-28 01:56:43.301497 (601516) main____ INFO    Jasper version info
2026-02-28 01:56:43.301512 (601516) main____ INFO      tool      : Jasper 2023.12
2026-02-28 01:56:43.301525 (601516) main____ INFO      version   : 2023.12p001 64 bits
2026-02-28 01:56:43.301538 (601516) main____ INFO      build date: 2024.01.23 16:09:24 UTC
2026-02-28 01:56:43.301548 (601516) main____ INFO    ----------------------------------------
2026-02-28 01:56:43.301557 (601516) main____ INFO    Runtime info:
2026-02-28 01:56:43.301567 (601516) main____ INFO      platform  : Linux 4.18.0-553.89.1.el8_10.x86_64 x86_64
2026-02-28 01:56:43.301583 (601516) main____ INFO      hostname  : caddy10.stanford.edu
2026-02-28 01:56:43.301597 (601516) main____ INFO      pid       : 601516
2026-02-28 01:56:43.301608 (601516) main____ INFO      arguments : '-style' 'windows' '-allow_unsupported_OS' '-no_gui' '-fpv' './synthlc/i_MUL_out/xPairwiseDepDiv/exclusive_38_.tcl' '-proj' './synthlc/i_MUL_out/xPairwiseDepDiv/exclusive_38_jgsession_26-02-28-01_56_43'
2026-02-28 01:56:43.301623 (601516) main____ INFO      locale    : UTF-8
2026-02-28 01:56:43.301632 (601516) main____ INFO    ----------------------------------------
2026-02-28 01:56:43.301641 (601516) main____ INFO    System resource limits info:
2026-02-28 01:56:43.301653 (601516) main____ INFO      virtual memory: unlimited
2026-02-28 01:56:43.301664 (601516) main____ INFO      cpu time      : unlimited
2026-02-28 01:56:43.301680 (601516) main____ INFO      processes     : 4096
2026-02-28 01:56:43.301697 (601516) main____ INFO      stack size    : 8388608 B
2026-02-28 01:56:43.301710 (601516) main____ INFO      core file size: 0 B
2026-02-28 01:56:43.301723 (601516) main____ INFO      open files    : 4096
2026-02-28 01:56:43.301734 (601516) main____ INFO      file size     : unlimited
2026-02-28 01:56:43.301744 (601516) main____ INFO    ----------------------------------------
2026-02-28 01:56:43.301753 (601516) main____ INFO    Memory statistics:
2026-02-28 01:56:43.301764 (601516) main____ INFO      total physical memory  : 98449096 kB
2026-02-28 01:56:43.301775 (601516) main____ INFO      free physical memory   : 90605072 kB
2026-02-28 01:56:43.301786 (601516) main____ INFO      committed address space: 1355284 kB
2026-02-28 01:56:43.301795 (601516) main____ INFO    ----------------------------------------
2026-02-28 01:56:43.302901 (601516) main____ INFO    Important environment variables:
2026-02-28 01:56:43.302922 (601516) main____ INFO      CDS_LIC_FILE       : '5280@cadlic0'
2026-02-28 01:56:43.302934 (601516) main____ INFO      JASPER_INSTALL_DIR : '/cad/cadence/jasper_2023.12p001'
2026-02-28 01:56:43.302946 (601516) main____ INFO      JASPER_KERNEL_CHECK: '1'
2026-02-28 01:56:43.302957 (601516) main____ INFO      JASPER_OS_CHECK    : '0'
2026-02-28 01:56:43.302976 (601516) main____ INFO      LANG               : 'en_US.UTF-8'
2026-02-28 01:56:43.302986 (601516) main____ INFO    ----------------------------------------
2026-02-28 01:56:43.304161 (601516) lic_core INFO    Initializing license system ...
2026-02-28 01:56:43.305652 (601516) lic_core INFO    ... license system initialized.
2026-02-28 01:56:43.317310 (601516) lic__man INFO    Claim 'main' for <ui>.
2026-02-28 01:56:43.317348 (601516) lic_core INFO    (1) checking out 'jasper_interactive' ...
2026-02-28 01:56:43.329530 (601516) lic_core INFO    ... (1) checkout succeeded
2026-02-28 01:56:43.329582 (601516) lic__man INFO    Claim 'fpv' for <ui>.
2026-02-28 01:56:43.329602 (601516) lic_core INFO    (2) checking out 'jasper_fpv' ...
2026-02-28 01:56:43.334132 (601516) lic_core INFO    ... (2) checkout failed (error: -5) ("FLEXnet ERROR(-5, 0, 0): No such feature exists.")
2026-02-28 01:56:43.334159 (601516) lic_core INFO    (3) checking out 'jasper_fao' ...
2026-02-28 01:56:43.345476 (601516) lic_core INFO    ... (3) checkout succeeded
2026-02-28 01:56:43.346366 (601527) stdio___ INFO    Starting STDIN reader (tty: yes, tty name: '/dev/pts/5')
2026-02-28 01:56:43.346473 (601516) main____ INFO    Tool inactivity delay is 480000 ms.
2026-02-28 01:56:43.400497 (601516) session_ INFO    Starting analysis session with session id 'session_0' (launcher: <local>) ...
2026-02-28 01:56:43.402288 (601516) session_ INFO    Analysis session with session id 'session_0' started (pid: 601528)
2026-02-28 01:56:44.491605 (601516) session_ INFO    Analysis session 'session_0' connected to the console (host: 127.0.0.1:39318)
2026-02-28 01:56:47.505313 (601516) lic__man INFO    Unclaim everything for 'session_0'.
2026-02-28 01:56:47.705280 (601516) lic__man INFO    Claim 'fpv' for 'session_0'.
2026-02-28 01:56:47.705316 (601516) lic__man INFO    Claim 'fpv' for 'session_0/prove-0'.
2026-02-28 01:56:48.881230 (601516) lic__man INFO    Unclaim everything for 'session_0/prove-0'.
2026-02-28 01:56:48.923242 (601516) main____ INFO    About to exit: request to exit with status 0 received from analysis session 'session_0'
2026-02-28 01:56:49.070448 (601516) session_ INFO    Analysis session 'session_0' disconnected.
2026-02-28 01:56:49.070637 (601516) lic__man INFO    Unclaim everything for 'session_0'.
2026-02-28 01:56:49.070823 (601516) session_ INFO    Process for analysis session 'session_0' has exited with exit status '0'.
2026-02-28 01:56:50.904189 (601527) stdio___ INFO    STDIN reader requested to stop.
2026-02-28 01:56:50.904248 (601527) stdio___ INFO    STDIN reader stopped.
2026-02-28 01:56:50.912345 (601516) lic_core INFO    (1) checkin jasper_interactive
2026-02-28 01:56:50.914934 (601516) lic_core INFO    (3) checkin jasper_fao
2026-02-28 01:56:50.940095 (601516) main____ INFO    Exiting with status 0.
