2026-02-27 16:51:39.733255 (3239580) main____ INFO    ----------------------------------------
2026-02-27 16:51:39.733362 (3239580) main____ INFO    Jasper version info
2026-02-27 16:51:39.733381 (3239580) main____ INFO      tool      : Jasper 2023.12
2026-02-27 16:51:39.733400 (3239580) main____ INFO      version   : 2023.12p001 64 bits
2026-02-27 16:51:39.733416 (3239580) main____ INFO      build date: 2024.01.23 16:09:24 UTC
2026-02-27 16:51:39.733429 (3239580) main____ INFO    ----------------------------------------
2026-02-27 16:51:39.733440 (3239580) main____ INFO    Runtime info:
2026-02-27 16:51:39.733453 (3239580) main____ INFO      platform  : Linux 4.18.0-553.89.1.el8_10.x86_64 x86_64
2026-02-27 16:51:39.733474 (3239580) main____ INFO      hostname  : caddy12.stanford.edu
2026-02-27 16:51:39.733492 (3239580) main____ INFO      pid       : 3239580
2026-02-27 16:51:39.733506 (3239580) main____ INFO      arguments : '-style' 'windows' '-allow_unsupported_OS' '-no_gui' '-fpv' './synthlc/i_DIV_out/xHBPerfG_dfg_v3_div/WHB_134_.tcl' '-proj' './synthlc/i_DIV_out/xHBPerfG_dfg_v3_div/WHB_134_jgsession_26-02-27-16_51_38'
2026-02-27 16:51:39.733525 (3239580) main____ INFO      locale    : UTF-8
2026-02-27 16:51:39.733537 (3239580) main____ INFO    ----------------------------------------
2026-02-27 16:51:39.733549 (3239580) main____ INFO    System resource limits info:
2026-02-27 16:51:39.733564 (3239580) main____ INFO      virtual memory: unlimited
2026-02-27 16:51:39.733578 (3239580) main____ INFO      cpu time      : unlimited
2026-02-27 16:51:39.733599 (3239580) main____ INFO      processes     : 4096
2026-02-27 16:51:39.733622 (3239580) main____ INFO      stack size    : 8388608 B
2026-02-27 16:51:39.733639 (3239580) main____ INFO      core file size: 0 B
2026-02-27 16:51:39.733654 (3239580) main____ INFO      open files    : 4096
2026-02-27 16:51:39.733689 (3239580) main____ INFO      file size     : unlimited
2026-02-27 16:51:39.733701 (3239580) main____ INFO    ----------------------------------------
2026-02-27 16:51:39.733713 (3239580) main____ INFO    Memory statistics:
2026-02-27 16:51:39.733727 (3239580) main____ INFO      total physical memory  : 98449088 kB
2026-02-27 16:51:39.733741 (3239580) main____ INFO      free physical memory   : 70492032 kB
2026-02-27 16:51:39.733755 (3239580) main____ INFO      committed address space: 12713416 kB
2026-02-27 16:51:39.733766 (3239580) main____ INFO    ----------------------------------------
2026-02-27 16:51:39.734970 (3239580) main____ INFO    Important environment variables:
2026-02-27 16:51:39.734998 (3239580) main____ INFO      CDS_LIC_FILE       : '5280@cadlic0'
2026-02-27 16:51:39.735014 (3239580) main____ INFO      DISPLAY            : 'localhost:12.0'
2026-02-27 16:51:39.735029 (3239580) main____ INFO      JASPER_INSTALL_DIR : '/cad/cadence/jasper_2023.12p001'
2026-02-27 16:51:39.735043 (3239580) main____ INFO      JASPER_KERNEL_CHECK: '1'
2026-02-27 16:51:39.735057 (3239580) main____ INFO      JASPER_OS_CHECK    : '0'
2026-02-27 16:51:39.735072 (3239580) main____ INFO      LANG               : 'zh_TW.UTF-8'
2026-02-27 16:51:39.735084 (3239580) main____ INFO    ----------------------------------------
2026-02-27 16:51:39.736929 (3239580) lic_core INFO    Initializing license system ...
2026-02-27 16:51:39.812962 (3239580) lic_core INFO    ... license system initialized.
2026-02-27 16:51:39.937968 (3239580) lic__man INFO    Claim 'main' for <ui>.
2026-02-27 16:51:39.938052 (3239580) lic_core INFO    (1) checking out 'jasper_interactive' ...
2026-02-27 16:51:40.009009 (3239580) lic_core INFO    ... (1) checkout succeeded
2026-02-27 16:51:40.009127 (3239580) lic__man INFO    Claim 'fpv' for <ui>.
2026-02-27 16:51:40.009157 (3239580) lic_core INFO    (2) checking out 'jasper_fpv' ...
2026-02-27 16:51:40.065126 (3239580) lic_core INFO    ... (2) checkout failed (error: -5) ("FLEXnet ERROR(-5, 0, 0): No such feature exists.")
2026-02-27 16:51:40.065201 (3239580) lic_core INFO    (3) checking out 'jasper_fao' ...
2026-02-27 16:51:40.143952 (3239580) lic_core INFO    ... (3) checkout succeeded
2026-02-27 16:51:40.177597 (3239580) main____ INFO    Tool inactivity delay is 480000 ms.
2026-02-27 16:51:40.186920 (3239601) stdio___ INFO    Starting STDIN reader (tty: yes, tty name: '/dev/pts/0')
2026-02-27 16:51:40.448809 (3239580) session_ INFO    Starting analysis session with session id 'session_0' (launcher: <local>) ...
2026-02-27 16:51:40.450789 (3239580) session_ INFO    Analysis session with session id 'session_0' started (pid: 3239602)
2026-02-27 16:51:43.579183 (3239580) session_ INFO    Analysis session 'session_0' connected to the console (host: 127.0.0.1:37476)
2026-02-27 16:51:52.408906 (3239580) lic__man INFO    Unclaim everything for 'session_0'.
2026-02-27 16:51:52.861373 (3239580) lic__man INFO    Claim 'fpv' for 'session_0'.
2026-02-27 16:51:52.861428 (3239580) lic__man INFO    Claim 'fpv' for 'session_0/prove-0'.
2026-02-27 16:52:01.293060 (3239580) lic__man INFO    Unclaim everything for 'session_0/prove-0'.
2026-02-27 16:52:01.310008 (3239580) main____ INFO    About to exit: request to exit with status 0 received from analysis session 'session_0'
2026-02-27 16:52:01.725050 (3239580) session_ INFO    Analysis session 'session_0' disconnected.
2026-02-27 16:52:01.725213 (3239580) lic__man INFO    Unclaim everything for 'session_0'.
2026-02-27 16:52:01.725404 (3239580) session_ INFO    Process for analysis session 'session_0' has exited with exit status '0'.
2026-02-27 16:52:03.436760 (3239601) stdio___ INFO    STDIN reader requested to stop.
2026-02-27 16:52:03.436843 (3239601) stdio___ INFO    STDIN reader stopped.
2026-02-27 16:52:03.437179 (3239580) lic_core INFO    (1) checkin jasper_interactive
2026-02-27 16:52:03.442956 (3239580) lic_core INFO    (3) checkin jasper_fao
2026-02-27 16:52:03.511716 (3239580) main____ INFO    Exiting with status 0.
