2026-02-27 23:44:33.630315 (532910) main____ INFO    ----------------------------------------
2026-02-27 23:44:33.630385 (532910) main____ INFO    Jasper version info
2026-02-27 23:44:33.630400 (532910) main____ INFO      tool      : Jasper 2023.12
2026-02-27 23:44:33.630414 (532910) main____ INFO      version   : 2023.12p001 64 bits
2026-02-27 23:44:33.630426 (532910) main____ INFO      build date: 2024.01.23 16:09:24 UTC
2026-02-27 23:44:33.630436 (532910) main____ INFO    ----------------------------------------
2026-02-27 23:44:33.630445 (532910) main____ INFO    Runtime info:
2026-02-27 23:44:33.630456 (532910) main____ INFO      platform  : Linux 4.18.0-553.89.1.el8_10.x86_64 x86_64
2026-02-27 23:44:33.630472 (532910) main____ INFO      hostname  : caddy10.stanford.edu
2026-02-27 23:44:33.630491 (532910) main____ INFO      pid       : 532910
2026-02-27 23:44:33.630502 (532910) main____ INFO      arguments : '-style' 'windows' '-allow_unsupported_OS' '-no_gui' '-fpv' './synthlc/i_DIV_out/xHBPerfG_dfg_v3_div/WHB_53_.tcl' '-proj' './synthlc/i_DIV_out/xHBPerfG_dfg_v3_div/WHB_53_jgsession_26-02-27-23_44_33'
2026-02-27 23:44:33.630518 (532910) main____ INFO      locale    : UTF-8
2026-02-27 23:44:33.630528 (532910) main____ INFO    ----------------------------------------
2026-02-27 23:44:33.630537 (532910) main____ INFO    System resource limits info:
2026-02-27 23:44:33.630548 (532910) main____ INFO      virtual memory: unlimited
2026-02-27 23:44:33.630560 (532910) main____ INFO      cpu time      : unlimited
2026-02-27 23:44:33.630577 (532910) main____ INFO      processes     : 4096
2026-02-27 23:44:33.630594 (532910) main____ INFO      stack size    : 8388608 B
2026-02-27 23:44:33.630608 (532910) main____ INFO      core file size: 0 B
2026-02-27 23:44:33.630621 (532910) main____ INFO      open files    : 4096
2026-02-27 23:44:33.630632 (532910) main____ INFO      file size     : unlimited
2026-02-27 23:44:33.630642 (532910) main____ INFO    ----------------------------------------
2026-02-27 23:44:33.630651 (532910) main____ INFO    Memory statistics:
2026-02-27 23:44:33.630663 (532910) main____ INFO      total physical memory  : 98449096 kB
2026-02-27 23:44:33.630674 (532910) main____ INFO      free physical memory   : 90633908 kB
2026-02-27 23:44:33.630685 (532910) main____ INFO      committed address space: 1822800 kB
2026-02-27 23:44:33.630694 (532910) main____ INFO    ----------------------------------------
2026-02-27 23:44:33.631823 (532910) main____ INFO    Important environment variables:
2026-02-27 23:44:33.631846 (532910) main____ INFO      CDS_LIC_FILE       : '5280@cadlic0'
2026-02-27 23:44:33.631858 (532910) main____ INFO      JASPER_INSTALL_DIR : '/cad/cadence/jasper_2023.12p001'
2026-02-27 23:44:33.631870 (532910) main____ INFO      JASPER_KERNEL_CHECK: '1'
2026-02-27 23:44:33.631882 (532910) main____ INFO      JASPER_OS_CHECK    : '0'
2026-02-27 23:44:33.631894 (532910) main____ INFO      LANG               : 'en_US.UTF-8'
2026-02-27 23:44:33.631904 (532910) main____ INFO    ----------------------------------------
2026-02-27 23:44:33.633131 (532910) lic_core INFO    Initializing license system ...
2026-02-27 23:44:33.634597 (532910) lic_core INFO    ... license system initialized.
2026-02-27 23:44:33.643588 (532910) lic__man INFO    Claim 'main' for <ui>.
2026-02-27 23:44:33.643628 (532910) lic_core INFO    (1) checking out 'jasper_interactive' ...
2026-02-27 23:44:33.656783 (532910) lic_core INFO    ... (1) checkout succeeded
2026-02-27 23:44:33.656844 (532910) lic__man INFO    Claim 'fpv' for <ui>.
2026-02-27 23:44:33.656866 (532910) lic_core INFO    (2) checking out 'jasper_fpv' ...
2026-02-27 23:44:33.660687 (532910) lic_core INFO    ... (2) checkout failed (error: -5) ("FLEXnet ERROR(-5, 0, 0): No such feature exists.")
2026-02-27 23:44:33.660722 (532910) lic_core INFO    (3) checking out 'jasper_fao' ...
2026-02-27 23:44:33.672479 (532910) lic_core INFO    ... (3) checkout succeeded
2026-02-27 23:44:33.674500 (532930) stdio___ INFO    Starting STDIN reader (tty: yes, tty name: '/dev/pts/5')
2026-02-27 23:44:33.674629 (532910) main____ INFO    Tool inactivity delay is 480000 ms.
2026-02-27 23:44:33.712993 (532910) session_ INFO    Starting analysis session with session id 'session_0' (launcher: <local>) ...
2026-02-27 23:44:33.714826 (532910) session_ INFO    Analysis session with session id 'session_0' started (pid: 532931)
2026-02-27 23:44:34.791382 (532910) session_ INFO    Analysis session 'session_0' connected to the console (host: 127.0.0.1:56982)
2026-02-27 23:44:37.819687 (532910) lic__man INFO    Unclaim everything for 'session_0'.
2026-02-27 23:44:38.020434 (532910) lic__man INFO    Claim 'fpv' for 'session_0'.
2026-02-27 23:44:38.020467 (532910) lic__man INFO    Claim 'fpv' for 'session_0/prove-0'.
2026-02-27 23:44:45.403024 (532910) lic__man INFO    Unclaim everything for 'session_0/prove-0'.
2026-02-27 23:44:45.415496 (532910) main____ INFO    About to exit: request to exit with status 0 received from analysis session 'session_0'
2026-02-27 23:44:45.714362 (532910) session_ INFO    Analysis session 'session_0' disconnected.
2026-02-27 23:44:45.714494 (532910) lic__man INFO    Unclaim everything for 'session_0'.
2026-02-27 23:44:45.714678 (532910) session_ INFO    Process for analysis session 'session_0' has exited with exit status '0'.
2026-02-27 23:44:47.392383 (532930) stdio___ INFO    STDIN reader requested to stop.
2026-02-27 23:44:47.392437 (532930) stdio___ INFO    STDIN reader stopped.
2026-02-27 23:44:47.392907 (532910) lic_core INFO    (1) checkin jasper_interactive
2026-02-27 23:44:47.399494 (532910) lic_core INFO    (3) checkin jasper_fao
2026-02-27 23:44:47.423485 (532910) main____ INFO    Exiting with status 0.
