2026-02-25 16:52:55.404098 (3319242) main____ INFO    ----------------------------------------
2026-02-25 16:52:55.404188 (3319242) main____ INFO    Jasper version info
2026-02-25 16:52:55.404204 (3319242) main____ INFO      tool      : Jasper 2023.12
2026-02-25 16:52:55.404219 (3319242) main____ INFO      version   : 2023.12p001 64 bits
2026-02-25 16:52:55.404233 (3319242) main____ INFO      build date: 2024.01.23 16:09:24 UTC
2026-02-25 16:52:55.404243 (3319242) main____ INFO    ----------------------------------------
2026-02-25 16:52:55.404252 (3319242) main____ INFO    Runtime info:
2026-02-25 16:52:55.404263 (3319242) main____ INFO      platform  : Linux 4.18.0-553.89.1.el8_10.x86_64 x86_64
2026-02-25 16:52:55.404282 (3319242) main____ INFO      hostname  : caddy15.stanford.edu
2026-02-25 16:52:55.404298 (3319242) main____ INFO      pid       : 3319242
2026-02-25 16:52:55.404328 (3319242) main____ INFO      arguments : '-style' 'windows' '-allow_unsupported_OS' '-no_gui' '-fpv' './synthlc/i_DIV_out/xHBPerfG_dfg_v3_div/WHB_264_.tcl' '-proj' './synthlc/i_DIV_out/xHBPerfG_dfg_v3_div/WHB_264_jgsession_26-02-25-16_52_54'
2026-02-25 16:52:55.404345 (3319242) main____ INFO      locale    : UTF-8
2026-02-25 16:52:55.404355 (3319242) main____ INFO    ----------------------------------------
2026-02-25 16:52:55.404364 (3319242) main____ INFO    System resource limits info:
2026-02-25 16:52:55.404377 (3319242) main____ INFO      virtual memory: unlimited
2026-02-25 16:52:55.404389 (3319242) main____ INFO      cpu time      : unlimited
2026-02-25 16:52:55.404407 (3319242) main____ INFO      processes     : 4096
2026-02-25 16:52:55.404428 (3319242) main____ INFO      stack size    : 8388608 B
2026-02-25 16:52:55.404442 (3319242) main____ INFO      core file size: 0 B
2026-02-25 16:52:55.404454 (3319242) main____ INFO      open files    : 4096
2026-02-25 16:52:55.404466 (3319242) main____ INFO      file size     : unlimited
2026-02-25 16:52:55.404476 (3319242) main____ INFO    ----------------------------------------
2026-02-25 16:52:55.404486 (3319242) main____ INFO    Memory statistics:
2026-02-25 16:52:55.404497 (3319242) main____ INFO      total physical memory  : 98449092 kB
2026-02-25 16:52:55.404518 (3319242) main____ INFO      free physical memory   : 80664376 kB
2026-02-25 16:52:55.404530 (3319242) main____ INFO      committed address space: 3515636 kB
2026-02-25 16:52:55.404539 (3319242) main____ INFO    ----------------------------------------
2026-02-25 16:52:55.405713 (3319242) main____ INFO    Important environment variables:
2026-02-25 16:52:55.405738 (3319242) main____ INFO      CDS_LIC_FILE       : '5280@cadlic0'
2026-02-25 16:52:55.405750 (3319242) main____ INFO      JASPER_INSTALL_DIR : '/cad/cadence/jasper_2023.12p001'
2026-02-25 16:52:55.405762 (3319242) main____ INFO      JASPER_KERNEL_CHECK: '1'
2026-02-25 16:52:55.405775 (3319242) main____ INFO      JASPER_OS_CHECK    : '0'
2026-02-25 16:52:55.405787 (3319242) main____ INFO      LANG               : 'en_US.UTF-8'
2026-02-25 16:52:55.405797 (3319242) main____ INFO    ----------------------------------------
2026-02-25 16:52:55.407039 (3319242) lic_core INFO    Initializing license system ...
2026-02-25 16:52:55.416496 (3319242) lic_core INFO    ... license system initialized.
2026-02-25 16:52:55.470031 (3319242) lic__man INFO    Claim 'main' for <ui>.
2026-02-25 16:52:55.470104 (3319242) lic_core INFO    (1) checking out 'jasper_interactive' ...
2026-02-25 16:52:55.498674 (3319242) lic_core INFO    ... (1) checkout succeeded
2026-02-25 16:52:55.498778 (3319242) lic__man INFO    Claim 'fpv' for <ui>.
2026-02-25 16:52:55.498808 (3319242) lic_core INFO    (2) checking out 'jasper_fpv' ...
2026-02-25 16:52:55.503547 (3319242) lic_core INFO    ... (2) checkout failed (error: -5) ("FLEXnet ERROR(-5, 0, 0): No such feature exists.")
2026-02-25 16:52:55.503597 (3319242) lic_core INFO    (3) checking out 'jasper_fao' ...
2026-02-25 16:52:55.515613 (3319242) lic_core INFO    ... (3) checkout succeeded
2026-02-25 16:52:55.527272 (3319242) main____ INFO    Tool inactivity delay is 480000 ms.
2026-02-25 16:52:55.528705 (3319263) stdio___ INFO    Starting STDIN reader (tty: yes, tty name: '/dev/pts/0')
2026-02-25 16:52:55.626488 (3319242) session_ INFO    Starting analysis session with session id 'session_0' (launcher: <local>) ...
2026-02-25 16:52:55.628528 (3319242) session_ INFO    Analysis session with session id 'session_0' started (pid: 3319265)
2026-02-25 16:52:57.364829 (3319242) session_ INFO    Analysis session 'session_0' connected to the console (host: 127.0.0.1:38356)
2026-02-25 16:53:03.953885 (3319242) lic__man INFO    Unclaim everything for 'session_0'.
2026-02-25 16:53:04.149436 (3319242) lic__man INFO    Claim 'fpv' for 'session_0'.
2026-02-25 16:53:04.149474 (3319242) lic__man INFO    Claim 'fpv' for 'session_0/prove-0'.
2026-02-25 16:53:05.304486 (3319242) lic__man INFO    Unclaim everything for 'session_0/prove-0'.
2026-02-25 16:53:05.338601 (3319242) main____ INFO    About to exit: request to exit with status 0 received from analysis session 'session_0'
2026-02-25 16:53:05.605267 (3319242) session_ INFO    Analysis session 'session_0' disconnected.
2026-02-25 16:53:05.605467 (3319242) lic__man INFO    Unclaim everything for 'session_0'.
2026-02-25 16:53:05.605661 (3319242) session_ INFO    Process for analysis session 'session_0' has exited with exit status '0'.
2026-02-25 16:53:07.403934 (3319263) stdio___ INFO    STDIN reader requested to stop.
2026-02-25 16:53:07.403972 (3319263) stdio___ INFO    STDIN reader stopped.
2026-02-25 16:53:07.404210 (3319242) lic_core INFO    (1) checkin jasper_interactive
2026-02-25 16:53:07.405183 (3319242) lic_core INFO    (3) checkin jasper_fao
2026-02-25 16:53:07.406839 (3319242) main____ INFO    Exiting with status 0.
