2026-02-28 01:56:44.828034 (601581) main____ INFO    ----------------------------------------
2026-02-28 01:56:44.828118 (601581) main____ INFO    Jasper version info
2026-02-28 01:56:44.828133 (601581) main____ INFO      tool      : Jasper 2023.12
2026-02-28 01:56:44.828147 (601581) main____ INFO      version   : 2023.12p001 64 bits
2026-02-28 01:56:44.828160 (601581) main____ INFO      build date: 2024.01.23 16:09:24 UTC
2026-02-28 01:56:44.828170 (601581) main____ INFO    ----------------------------------------
2026-02-28 01:56:44.828179 (601581) main____ INFO    Runtime info:
2026-02-28 01:56:44.828189 (601581) main____ INFO      platform  : Linux 4.18.0-553.89.1.el8_10.x86_64 x86_64
2026-02-28 01:56:44.828205 (601581) main____ INFO      hostname  : caddy10.stanford.edu
2026-02-28 01:56:44.828219 (601581) main____ INFO      pid       : 601581
2026-02-28 01:56:44.828230 (601581) main____ INFO      arguments : '-style' 'windows' '-allow_unsupported_OS' '-no_gui' '-fpv' './synthlc/i_MUL_out/xPairwiseDepDiv/nunv_anytwo_76_.tcl' '-proj' './synthlc/i_MUL_out/xPairwiseDepDiv/nunv_anytwo_76_jgsession_26-02-28-01_56_44'
2026-02-28 01:56:44.828244 (601581) main____ INFO      locale    : UTF-8
2026-02-28 01:56:44.828254 (601581) main____ INFO    ----------------------------------------
2026-02-28 01:56:44.828263 (601581) main____ INFO    System resource limits info:
2026-02-28 01:56:44.828275 (601581) main____ INFO      virtual memory: unlimited
2026-02-28 01:56:44.828287 (601581) main____ INFO      cpu time      : unlimited
2026-02-28 01:56:44.828303 (601581) main____ INFO      processes     : 4096
2026-02-28 01:56:44.828320 (601581) main____ INFO      stack size    : 8388608 B
2026-02-28 01:56:44.828334 (601581) main____ INFO      core file size: 0 B
2026-02-28 01:56:44.828346 (601581) main____ INFO      open files    : 4096
2026-02-28 01:56:44.828358 (601581) main____ INFO      file size     : unlimited
2026-02-28 01:56:44.828367 (601581) main____ INFO    ----------------------------------------
2026-02-28 01:56:44.828376 (601581) main____ INFO    Memory statistics:
2026-02-28 01:56:44.828388 (601581) main____ INFO      total physical memory  : 98449096 kB
2026-02-28 01:56:44.828399 (601581) main____ INFO      free physical memory   : 90501708 kB
2026-02-28 01:56:44.828410 (601581) main____ INFO      committed address space: 1510372 kB
2026-02-28 01:56:44.828419 (601581) main____ INFO    ----------------------------------------
2026-02-28 01:56:44.829523 (601581) main____ INFO    Important environment variables:
2026-02-28 01:56:44.829545 (601581) main____ INFO      CDS_LIC_FILE       : '5280@cadlic0'
2026-02-28 01:56:44.829557 (601581) main____ INFO      JASPER_INSTALL_DIR : '/cad/cadence/jasper_2023.12p001'
2026-02-28 01:56:44.829569 (601581) main____ INFO      JASPER_KERNEL_CHECK: '1'
2026-02-28 01:56:44.829580 (601581) main____ INFO      JASPER_OS_CHECK    : '0'
2026-02-28 01:56:44.829592 (601581) main____ INFO      LANG               : 'en_US.UTF-8'
2026-02-28 01:56:44.829601 (601581) main____ INFO    ----------------------------------------
2026-02-28 01:56:44.830760 (601581) lic_core INFO    Initializing license system ...
2026-02-28 01:56:44.832209 (601581) lic_core INFO    ... license system initialized.
2026-02-28 01:56:44.843217 (601581) lic__man INFO    Claim 'main' for <ui>.
2026-02-28 01:56:44.843256 (601581) lic_core INFO    (1) checking out 'jasper_interactive' ...
2026-02-28 01:56:44.855996 (601581) lic_core INFO    ... (1) checkout succeeded
2026-02-28 01:56:44.856063 (601581) lic__man INFO    Claim 'fpv' for <ui>.
2026-02-28 01:56:44.856083 (601581) lic_core INFO    (2) checking out 'jasper_fpv' ...
2026-02-28 01:56:44.860451 (601581) lic_core INFO    ... (2) checkout failed (error: -5) ("FLEXnet ERROR(-5, 0, 0): No such feature exists.")
2026-02-28 01:56:44.860478 (601581) lic_core INFO    (3) checking out 'jasper_fao' ...
2026-02-28 01:56:44.871189 (601581) lic_core INFO    ... (3) checkout succeeded
2026-02-28 01:56:44.872090 (601597) stdio___ INFO    Starting STDIN reader (tty: yes, tty name: '/dev/pts/5')
2026-02-28 01:56:44.872229 (601581) main____ INFO    Tool inactivity delay is 480000 ms.
2026-02-28 01:56:44.913256 (601581) session_ INFO    Starting analysis session with session id 'session_0' (launcher: <local>) ...
2026-02-28 01:56:44.914945 (601581) session_ INFO    Analysis session with session id 'session_0' started (pid: 601598)
2026-02-28 01:56:45.989174 (601581) session_ INFO    Analysis session 'session_0' connected to the console (host: 127.0.0.1:42202)
2026-02-28 01:56:49.051847 (601581) lic__man INFO    Unclaim everything for 'session_0'.
2026-02-28 01:56:49.255856 (601581) lic__man INFO    Claim 'fpv' for 'session_0'.
2026-02-28 01:56:49.255891 (601581) lic__man INFO    Claim 'fpv' for 'session_0/prove-0'.
2026-02-28 01:56:57.096685 (601581) lic__man INFO    Unclaim everything for 'session_0/prove-0'.
2026-02-28 01:56:57.139174 (601581) main____ INFO    About to exit: request to exit with status 0 received from analysis session 'session_0'
2026-02-28 01:56:57.283547 (601581) session_ INFO    Analysis session 'session_0' disconnected.
2026-02-28 01:56:57.283745 (601581) lic__man INFO    Unclaim everything for 'session_0'.
2026-02-28 01:56:57.283935 (601581) session_ INFO    Process for analysis session 'session_0' has exited with exit status '0'.
2026-02-28 01:56:59.246160 (601597) stdio___ INFO    STDIN reader requested to stop.
2026-02-28 01:56:59.246208 (601597) stdio___ INFO    STDIN reader stopped.
2026-02-28 01:56:59.246473 (601581) lic_core INFO    (1) checkin jasper_interactive
2026-02-28 01:56:59.247565 (601581) lic_core INFO    (3) checkin jasper_fao
2026-02-28 01:56:59.248507 (601581) main____ INFO    Exiting with status 0.
