2026-02-26 00:40:22.226222 (1797191) main____ INFO    ----------------------------------------
2026-02-26 00:40:22.226321 (1797191) main____ INFO    Jasper version info
2026-02-26 00:40:22.226336 (1797191) main____ INFO      tool      : Jasper 2023.12
2026-02-26 00:40:22.226351 (1797191) main____ INFO      version   : 2023.12p001 64 bits
2026-02-26 00:40:22.226364 (1797191) main____ INFO      build date: 2024.01.23 16:09:24 UTC
2026-02-26 00:40:22.226374 (1797191) main____ INFO    ----------------------------------------
2026-02-26 00:40:22.226382 (1797191) main____ INFO    Runtime info:
2026-02-26 00:40:22.226393 (1797191) main____ INFO      platform  : Linux 4.18.0-553.89.1.el8_10.x86_64 x86_64
2026-02-26 00:40:22.226411 (1797191) main____ INFO      hostname  : caddy12.stanford.edu
2026-02-26 00:40:22.226426 (1797191) main____ INFO      pid       : 1797191
2026-02-26 00:40:22.226437 (1797191) main____ INFO      arguments : '-style' 'windows' '-allow_unsupported_OS' '-no_gui' '-fpv' './synthlc/i_MUL_out/xPairwiseDepDiv/nunv_anytwo_91_.tcl' '-proj' './synthlc/i_MUL_out/xPairwiseDepDiv/nunv_anytwo_91_jgsession_26-02-26-00_40_21'
2026-02-26 00:40:22.226453 (1797191) main____ INFO      locale    : UTF-8
2026-02-26 00:40:22.226462 (1797191) main____ INFO    ----------------------------------------
2026-02-26 00:40:22.226471 (1797191) main____ INFO    System resource limits info:
2026-02-26 00:40:22.226483 (1797191) main____ INFO      virtual memory: unlimited
2026-02-26 00:40:22.226494 (1797191) main____ INFO      cpu time      : unlimited
2026-02-26 00:40:22.226522 (1797191) main____ INFO      processes     : 4096
2026-02-26 00:40:22.226542 (1797191) main____ INFO      stack size    : 8388608 B
2026-02-26 00:40:22.226555 (1797191) main____ INFO      core file size: 0 B
2026-02-26 00:40:22.226568 (1797191) main____ INFO      open files    : 4096
2026-02-26 00:40:22.226579 (1797191) main____ INFO      file size     : unlimited
2026-02-26 00:40:22.226589 (1797191) main____ INFO    ----------------------------------------
2026-02-26 00:40:22.226597 (1797191) main____ INFO    Memory statistics:
2026-02-26 00:40:22.226609 (1797191) main____ INFO      total physical memory  : 98449088 kB
2026-02-26 00:40:22.226619 (1797191) main____ INFO      free physical memory   : 73349204 kB
2026-02-26 00:40:22.226630 (1797191) main____ INFO      committed address space: 12285356 kB
2026-02-26 00:40:22.226639 (1797191) main____ INFO    ----------------------------------------
2026-02-26 00:40:22.227845 (1797191) main____ INFO    Important environment variables:
2026-02-26 00:40:22.227871 (1797191) main____ INFO      CDS_LIC_FILE       : '5280@cadlic0'
2026-02-26 00:40:22.227883 (1797191) main____ INFO      DISPLAY            : 'localhost:12.0'
2026-02-26 00:40:22.227895 (1797191) main____ INFO      JASPER_INSTALL_DIR : '/cad/cadence/jasper_2023.12p001'
2026-02-26 00:40:22.227906 (1797191) main____ INFO      JASPER_KERNEL_CHECK: '1'
2026-02-26 00:40:22.227917 (1797191) main____ INFO      JASPER_OS_CHECK    : '0'
2026-02-26 00:40:22.227929 (1797191) main____ INFO      LANG               : 'zh_TW.UTF-8'
2026-02-26 00:40:22.227938 (1797191) main____ INFO    ----------------------------------------
2026-02-26 00:40:22.234820 (1797191) lic_core INFO    Initializing license system ...
2026-02-26 00:40:22.289481 (1797191) lic_core INFO    ... license system initialized.
2026-02-26 00:40:22.412046 (1797191) lic__man INFO    Claim 'main' for <ui>.
2026-02-26 00:40:22.412116 (1797191) lic_core INFO    (1) checking out 'jasper_interactive' ...
2026-02-26 00:40:22.484004 (1797191) lic_core INFO    ... (1) checkout succeeded
2026-02-26 00:40:22.484103 (1797191) lic__man INFO    Claim 'fpv' for <ui>.
2026-02-26 00:40:22.484132 (1797191) lic_core INFO    (2) checking out 'jasper_fpv' ...
2026-02-26 00:40:22.549143 (1797191) lic_core INFO    ... (2) checkout failed (error: -5) ("FLEXnet ERROR(-5, 0, 0): No such feature exists.")
2026-02-26 00:40:22.549193 (1797191) lic_core INFO    (3) checking out 'jasper_fao' ...
2026-02-26 00:40:22.627890 (1797191) lic_core INFO    ... (3) checkout succeeded
2026-02-26 00:40:22.677622 (1797191) main____ INFO    Tool inactivity delay is 480000 ms.
2026-02-26 00:40:22.687921 (1797221) stdio___ INFO    Starting STDIN reader (tty: yes, tty name: '/dev/pts/0')
2026-02-26 00:40:23.001794 (1797191) session_ INFO    Starting analysis session with session id 'session_0' (launcher: <local>) ...
2026-02-26 00:40:23.003832 (1797191) session_ INFO    Analysis session with session id 'session_0' started (pid: 1797233)
2026-02-26 00:40:26.019181 (1797191) session_ INFO    Analysis session 'session_0' connected to the console (host: 127.0.0.1:38932)
2026-02-26 00:40:37.502630 (1797191) lic__man INFO    Unclaim everything for 'session_0'.
2026-02-26 00:40:38.132333 (1797191) lic__man INFO    Claim 'fpv' for 'session_0'.
2026-02-26 00:40:38.132387 (1797191) lic__man INFO    Claim 'fpv' for 'session_0/prove-0'.
2026-02-26 00:40:41.181675 (1797191) lic__man INFO    Unclaim everything for 'session_0/prove-0'.
2026-02-26 00:40:41.289940 (1797191) main____ INFO    About to exit: request to exit with status 0 received from analysis session 'session_0'
2026-02-26 00:40:41.786925 (1797191) session_ INFO    Analysis session 'session_0' disconnected.
2026-02-26 00:40:41.787080 (1797191) lic__man INFO    Unclaim everything for 'session_0'.
2026-02-26 00:40:41.797875 (1797191) session_ INFO    Process for analysis session 'session_0' has exited with exit status '0'.
2026-02-26 00:40:43.392441 (1797221) stdio___ INFO    STDIN reader requested to stop.
2026-02-26 00:40:43.392499 (1797221) stdio___ INFO    STDIN reader stopped.
2026-02-26 00:40:43.398378 (1797191) lic_core INFO    (1) checkin jasper_interactive
2026-02-26 00:40:43.409889 (1797191) lic_core INFO    (3) checkin jasper_fao
2026-02-26 00:40:43.432862 (1797191) main____ INFO    Exiting with status 0.
