2026-02-27 23:17:04.711905 (440952) main____ INFO    ----------------------------------------
2026-02-27 23:17:04.711993 (440952) main____ INFO    Jasper version info
2026-02-27 23:17:04.712008 (440952) main____ INFO      tool      : Jasper 2023.12
2026-02-27 23:17:04.712023 (440952) main____ INFO      version   : 2023.12p001 64 bits
2026-02-27 23:17:04.712035 (440952) main____ INFO      build date: 2024.01.23 16:09:24 UTC
2026-02-27 23:17:04.712045 (440952) main____ INFO    ----------------------------------------
2026-02-27 23:17:04.712069 (440952) main____ INFO    Runtime info:
2026-02-27 23:17:04.712080 (440952) main____ INFO      platform  : Linux 4.18.0-553.89.1.el8_10.x86_64 x86_64
2026-02-27 23:17:04.712099 (440952) main____ INFO      hostname  : caddy10.stanford.edu
2026-02-27 23:17:04.712114 (440952) main____ INFO      pid       : 440952
2026-02-27 23:17:04.712125 (440952) main____ INFO      arguments : '-style' 'windows' '-allow_unsupported_OS' '-no_gui' '-fpv' './synthlc/i_DIV_out/xPairwiseDepDiv/nunv_anytwo_9_.tcl' '-proj' './synthlc/i_DIV_out/xPairwiseDepDiv/nunv_anytwo_9_jgsession_26-02-27-23_17_04'
2026-02-27 23:17:04.712141 (440952) main____ INFO      locale    : UTF-8
2026-02-27 23:17:04.712151 (440952) main____ INFO    ----------------------------------------
2026-02-27 23:17:04.712160 (440952) main____ INFO    System resource limits info:
2026-02-27 23:17:04.712172 (440952) main____ INFO      virtual memory: unlimited
2026-02-27 23:17:04.712184 (440952) main____ INFO      cpu time      : unlimited
2026-02-27 23:17:04.712202 (440952) main____ INFO      processes     : 4096
2026-02-27 23:17:04.712221 (440952) main____ INFO      stack size    : 8388608 B
2026-02-27 23:17:04.712235 (440952) main____ INFO      core file size: 0 B
2026-02-27 23:17:04.712248 (440952) main____ INFO      open files    : 4096
2026-02-27 23:17:04.712260 (440952) main____ INFO      file size     : unlimited
2026-02-27 23:17:04.712269 (440952) main____ INFO    ----------------------------------------
2026-02-27 23:17:04.712278 (440952) main____ INFO    Memory statistics:
2026-02-27 23:17:04.712289 (440952) main____ INFO      total physical memory  : 98449096 kB
2026-02-27 23:17:04.712300 (440952) main____ INFO      free physical memory   : 89266012 kB
2026-02-27 23:17:04.712311 (440952) main____ INFO      committed address space: 3469900 kB
2026-02-27 23:17:04.712320 (440952) main____ INFO    ----------------------------------------
2026-02-27 23:17:04.713468 (440952) main____ INFO    Important environment variables:
2026-02-27 23:17:04.713494 (440952) main____ INFO      CDS_LIC_FILE       : '5280@cadlic0'
2026-02-27 23:17:04.713506 (440952) main____ INFO      JASPER_INSTALL_DIR : '/cad/cadence/jasper_2023.12p001'
2026-02-27 23:17:04.713518 (440952) main____ INFO      JASPER_KERNEL_CHECK: '1'
2026-02-27 23:17:04.713529 (440952) main____ INFO      JASPER_OS_CHECK    : '0'
2026-02-27 23:17:04.713541 (440952) main____ INFO      LANG               : 'en_US.UTF-8'
2026-02-27 23:17:04.713550 (440952) main____ INFO    ----------------------------------------
2026-02-27 23:17:04.715217 (440952) lic_core INFO    Initializing license system ...
2026-02-27 23:17:04.740229 (440952) lic_core INFO    ... license system initialized.
2026-02-27 23:17:04.790970 (440952) lic__man INFO    Claim 'main' for <ui>.
2026-02-27 23:17:04.791034 (440952) lic_core INFO    (1) checking out 'jasper_interactive' ...
2026-02-27 23:17:04.810207 (440952) lic_core INFO    ... (1) checkout succeeded
2026-02-27 23:17:04.810306 (440952) lic__man INFO    Claim 'fpv' for <ui>.
2026-02-27 23:17:04.810333 (440952) lic_core INFO    (2) checking out 'jasper_fpv' ...
2026-02-27 23:17:04.816397 (440952) lic_core INFO    ... (2) checkout failed (error: -5) ("FLEXnet ERROR(-5, 0, 0): No such feature exists.")
2026-02-27 23:17:04.816439 (440952) lic_core INFO    (3) checking out 'jasper_fao' ...
2026-02-27 23:17:04.827344 (440952) lic_core INFO    ... (3) checkout succeeded
2026-02-27 23:17:04.829973 (440952) main____ INFO    Tool inactivity delay is 480000 ms.
2026-02-27 23:17:04.837634 (440987) stdio___ INFO    Starting STDIN reader (tty: yes, tty name: '/dev/pts/5')
2026-02-27 23:17:05.091214 (440952) session_ INFO    Starting analysis session with session id 'session_0' (launcher: <local>) ...
2026-02-27 23:17:05.092942 (440952) session_ INFO    Analysis session with session id 'session_0' started (pid: 440999)
2026-02-27 23:17:06.913499 (440952) session_ INFO    Analysis session 'session_0' connected to the console (host: 127.0.0.1:60210)
2026-02-27 23:17:10.756275 (440952) lic__man INFO    Unclaim everything for 'session_0'.
2026-02-27 23:17:10.955168 (440952) lic__man INFO    Claim 'fpv' for 'session_0'.
2026-02-27 23:17:10.955201 (440952) lic__man INFO    Claim 'fpv' for 'session_0/prove-0'.
2026-02-27 23:17:11.940316 (440952) lic__man INFO    Unclaim everything for 'session_0/prove-0'.
2026-02-27 23:17:11.982206 (440952) main____ INFO    About to exit: request to exit with status 0 received from analysis session 'session_0'
2026-02-27 23:17:12.100951 (440952) session_ INFO    Analysis session 'session_0' disconnected.
2026-02-27 23:17:12.101175 (440952) lic__man INFO    Unclaim everything for 'session_0'.
2026-02-27 23:17:12.101377 (440952) session_ INFO    Process for analysis session 'session_0' has exited with exit status '0'.
2026-02-27 23:17:13.889027 (440987) stdio___ INFO    STDIN reader requested to stop.
2026-02-27 23:17:13.889102 (440987) stdio___ INFO    STDIN reader stopped.
2026-02-27 23:17:13.889322 (440952) lic_core INFO    (1) checkin jasper_interactive
2026-02-27 23:17:13.890887 (440952) lic_core INFO    (3) checkin jasper_fao
2026-02-27 23:17:13.891832 (440952) main____ INFO    Exiting with status 0.
