2026-02-25 14:08:58.239821 (3199845) main____ INFO    ----------------------------------------
2026-02-25 14:08:58.239886 (3199845) main____ INFO    Jasper version info
2026-02-25 14:08:58.239900 (3199845) main____ INFO      tool      : Jasper 2023.12
2026-02-25 14:08:58.239914 (3199845) main____ INFO      version   : 2023.12p001 64 bits
2026-02-25 14:08:58.239927 (3199845) main____ INFO      build date: 2024.01.23 16:09:24 UTC
2026-02-25 14:08:58.239937 (3199845) main____ INFO    ----------------------------------------
2026-02-25 14:08:58.239946 (3199845) main____ INFO    Runtime info:
2026-02-25 14:08:58.239956 (3199845) main____ INFO      platform  : Linux 4.18.0-553.89.1.el8_10.x86_64 x86_64
2026-02-25 14:08:58.239973 (3199845) main____ INFO      hostname  : caddy15.stanford.edu
2026-02-25 14:08:58.239988 (3199845) main____ INFO      pid       : 3199845
2026-02-25 14:08:58.239999 (3199845) main____ INFO      arguments : '-style' 'windows' '-allow_unsupported_OS' '-no_gui' '-fpv' './synthlc/i_DIV_out/xPerfLocSubsetDiv/coverset_194_.tcl' '-proj' './synthlc/i_DIV_out/xPerfLocSubsetDiv/coverset_194_jgsession_26-02-25-14_08_58'
2026-02-25 14:08:58.240014 (3199845) main____ INFO      locale    : UTF-8
2026-02-25 14:08:58.240024 (3199845) main____ INFO    ----------------------------------------
2026-02-25 14:08:58.240033 (3199845) main____ INFO    System resource limits info:
2026-02-25 14:08:58.240045 (3199845) main____ INFO      virtual memory: unlimited
2026-02-25 14:08:58.240057 (3199845) main____ INFO      cpu time      : unlimited
2026-02-25 14:08:58.240074 (3199845) main____ INFO      processes     : 4096
2026-02-25 14:08:58.240092 (3199845) main____ INFO      stack size    : 8388608 B
2026-02-25 14:08:58.240106 (3199845) main____ INFO      core file size: 0 B
2026-02-25 14:08:58.240118 (3199845) main____ INFO      open files    : 4096
2026-02-25 14:08:58.240130 (3199845) main____ INFO      file size     : unlimited
2026-02-25 14:08:58.240140 (3199845) main____ INFO    ----------------------------------------
2026-02-25 14:08:58.240149 (3199845) main____ INFO    Memory statistics:
2026-02-25 14:08:58.240160 (3199845) main____ INFO      total physical memory  : 98449092 kB
2026-02-25 14:08:58.240171 (3199845) main____ INFO      free physical memory   : 82634540 kB
2026-02-25 14:08:58.240182 (3199845) main____ INFO      committed address space: 1570860 kB
2026-02-25 14:08:58.240192 (3199845) main____ INFO    ----------------------------------------
2026-02-25 14:08:58.241324 (3199845) main____ INFO    Important environment variables:
2026-02-25 14:08:58.241347 (3199845) main____ INFO      CDS_LIC_FILE       : '5280@cadlic0'
2026-02-25 14:08:58.241359 (3199845) main____ INFO      JASPER_INSTALL_DIR : '/cad/cadence/jasper_2023.12p001'
2026-02-25 14:08:58.241371 (3199845) main____ INFO      JASPER_KERNEL_CHECK: '1'
2026-02-25 14:08:58.241383 (3199845) main____ INFO      JASPER_OS_CHECK    : '0'
2026-02-25 14:08:58.241395 (3199845) main____ INFO      LANG               : 'en_US.UTF-8'
2026-02-25 14:08:58.241405 (3199845) main____ INFO    ----------------------------------------
2026-02-25 14:08:58.242451 (3199845) lic_core INFO    Initializing license system ...
2026-02-25 14:08:58.243801 (3199845) lic_core INFO    ... license system initialized.
2026-02-25 14:08:58.254571 (3199845) lic__man INFO    Claim 'main' for <ui>.
2026-02-25 14:08:58.254612 (3199845) lic_core INFO    (1) checking out 'jasper_interactive' ...
2026-02-25 14:08:58.267225 (3199845) lic_core INFO    ... (1) checkout succeeded
2026-02-25 14:08:58.267282 (3199845) lic__man INFO    Claim 'fpv' for <ui>.
2026-02-25 14:08:58.267316 (3199845) lic_core INFO    (2) checking out 'jasper_fpv' ...
2026-02-25 14:08:58.271657 (3199845) lic_core INFO    ... (2) checkout failed (error: -5) ("FLEXnet ERROR(-5, 0, 0): No such feature exists.")
2026-02-25 14:08:58.271688 (3199845) lic_core INFO    (3) checking out 'jasper_fao' ...
2026-02-25 14:08:58.282707 (3199845) lic_core INFO    ... (3) checkout succeeded
2026-02-25 14:08:58.283613 (3199871) stdio___ INFO    Starting STDIN reader (tty: yes, tty name: '/dev/pts/0')
2026-02-25 14:08:58.283763 (3199845) main____ INFO    Tool inactivity delay is 480000 ms.
2026-02-25 14:08:58.332053 (3199845) session_ INFO    Starting analysis session with session id 'session_0' (launcher: <local>) ...
2026-02-25 14:08:58.333843 (3199845) session_ INFO    Analysis session with session id 'session_0' started (pid: 3199872)
2026-02-25 14:08:59.436105 (3199845) session_ INFO    Analysis session 'session_0' connected to the console (host: 127.0.0.1:49936)
2026-02-25 14:09:02.690148 (3199845) lic__man INFO    Unclaim everything for 'session_0'.
2026-02-25 14:09:02.892099 (3199845) lic__man INFO    Claim 'fpv' for 'session_0'.
2026-02-25 14:09:02.892137 (3199845) lic__man INFO    Claim 'fpv' for 'session_0/prove-0'.
2026-02-25 14:09:04.404434 (3199845) lic__man INFO    Unclaim everything for 'session_0/prove-0'.
2026-02-25 14:09:04.447467 (3199845) main____ INFO    About to exit: request to exit with status 0 received from analysis session 'session_0'
2026-02-25 14:09:04.590418 (3199845) session_ INFO    Analysis session 'session_0' disconnected.
2026-02-25 14:09:04.590560 (3199845) lic__man INFO    Unclaim everything for 'session_0'.
2026-02-25 14:09:04.590815 (3199845) session_ INFO    Process for analysis session 'session_0' has exited with exit status '0'.
2026-02-25 14:09:06.404182 (3199871) stdio___ INFO    STDIN reader requested to stop.
2026-02-25 14:09:06.404218 (3199871) stdio___ INFO    STDIN reader stopped.
2026-02-25 14:09:06.404450 (3199845) lic_core INFO    (1) checkin jasper_interactive
2026-02-25 14:09:06.405919 (3199845) lic_core INFO    (3) checkin jasper_fao
2026-02-25 14:09:06.406907 (3199845) main____ INFO    Exiting with status 0.
