2026-02-28 23:50:14.742228 (3798357) main____ INFO    ----------------------------------------
2026-02-28 23:50:14.742343 (3798357) main____ INFO    Jasper version info
2026-02-28 23:50:14.742362 (3798357) main____ INFO      tool      : Jasper 2023.12
2026-02-28 23:50:14.742378 (3798357) main____ INFO      version   : 2023.12p001 64 bits
2026-02-28 23:50:14.742391 (3798357) main____ INFO      build date: 2024.01.23 16:09:24 UTC
2026-02-28 23:50:14.742402 (3798357) main____ INFO    ----------------------------------------
2026-02-28 23:50:14.742412 (3798357) main____ INFO    Runtime info:
2026-02-28 23:50:14.742424 (3798357) main____ INFO      platform  : Linux 4.18.0-553.89.1.el8_10.x86_64 x86_64
2026-02-28 23:50:14.742443 (3798357) main____ INFO      hostname  : caddy12.stanford.edu
2026-02-28 23:50:14.742459 (3798357) main____ INFO      pid       : 3798357
2026-02-28 23:50:14.742471 (3798357) main____ INFO      arguments : '-style' 'windows' '-allow_unsupported_OS' '-no_gui' '-fpv' './synthlc/i_ADDI_out/xHBPerfG_dfg_v3_div/HB_41_.tcl' '-proj' './synthlc/i_ADDI_out/xHBPerfG_dfg_v3_div/HB_41_jgsession_26-02-28-23_50_13'
2026-02-28 23:50:14.742489 (3798357) main____ INFO      locale    : UTF-8
2026-02-28 23:50:14.742499 (3798357) main____ INFO    ----------------------------------------
2026-02-28 23:50:14.742510 (3798357) main____ INFO    System resource limits info:
2026-02-28 23:50:14.742523 (3798357) main____ INFO      virtual memory: unlimited
2026-02-28 23:50:14.742535 (3798357) main____ INFO      cpu time      : unlimited
2026-02-28 23:50:14.742554 (3798357) main____ INFO      processes     : 4096
2026-02-28 23:50:14.742574 (3798357) main____ INFO      stack size    : 8388608 B
2026-02-28 23:50:14.742589 (3798357) main____ INFO      core file size: 0 B
2026-02-28 23:50:14.742603 (3798357) main____ INFO      open files    : 4096
2026-02-28 23:50:14.742616 (3798357) main____ INFO      file size     : unlimited
2026-02-28 23:50:14.742626 (3798357) main____ INFO    ----------------------------------------
2026-02-28 23:50:14.742636 (3798357) main____ INFO    Memory statistics:
2026-02-28 23:50:14.742649 (3798357) main____ INFO      total physical memory  : 98449088 kB
2026-02-28 23:50:14.742673 (3798357) main____ INFO      free physical memory   : 81255848 kB
2026-02-28 23:50:14.742686 (3798357) main____ INFO      committed address space: 14396952 kB
2026-02-28 23:50:14.742696 (3798357) main____ INFO    ----------------------------------------
2026-02-28 23:50:14.743888 (3798357) main____ INFO    Important environment variables:
2026-02-28 23:50:14.743914 (3798357) main____ INFO      CDS_LIC_FILE       : '5280@cadlic0'
2026-02-28 23:50:14.743928 (3798357) main____ INFO      DISPLAY            : 'localhost:12.0'
2026-02-28 23:50:14.743941 (3798357) main____ INFO      JASPER_INSTALL_DIR : '/cad/cadence/jasper_2023.12p001'
2026-02-28 23:50:14.743953 (3798357) main____ INFO      JASPER_KERNEL_CHECK: '1'
2026-02-28 23:50:14.743973 (3798357) main____ INFO      JASPER_OS_CHECK    : '0'
2026-02-28 23:50:14.743986 (3798357) main____ INFO      LANG               : 'zh_TW.UTF-8'
2026-02-28 23:50:14.743997 (3798357) main____ INFO    ----------------------------------------
2026-02-28 23:50:14.755835 (3798357) lic_core INFO    Initializing license system ...
2026-02-28 23:50:14.822481 (3798357) lic_core INFO    ... license system initialized.
2026-02-28 23:50:14.964964 (3798357) lic__man INFO    Claim 'main' for <ui>.
2026-02-28 23:50:14.965050 (3798357) lic_core INFO    (1) checking out 'jasper_interactive' ...
2026-02-28 23:50:15.038932 (3798357) lic_core INFO    ... (1) checkout succeeded
2026-02-28 23:50:15.039062 (3798357) lic__man INFO    Claim 'fpv' for <ui>.
2026-02-28 23:50:15.039095 (3798357) lic_core INFO    (2) checking out 'jasper_fpv' ...
2026-02-28 23:50:15.065434 (3798357) lic_core INFO    ... (2) checkout failed (error: -5) ("FLEXnet ERROR(-5, 0, 0): No such feature exists.")
2026-02-28 23:50:15.065496 (3798357) lic_core INFO    (3) checking out 'jasper_fao' ...
2026-02-28 23:50:15.127005 (3798357) lic_core INFO    ... (3) checkout succeeded
2026-02-28 23:50:15.155546 (3798357) main____ INFO    Tool inactivity delay is 480000 ms.
2026-02-28 23:50:15.163904 (3798369) stdio___ INFO    Starting STDIN reader (tty: yes, tty name: '/dev/pts/0')
2026-02-28 23:50:15.476897 (3798357) session_ INFO    Starting analysis session with session id 'session_0' (launcher: <local>) ...
2026-02-28 23:50:15.478961 (3798357) session_ INFO    Analysis session with session id 'session_0' started (pid: 3798370)
2026-02-28 23:50:18.156557 (3798357) session_ INFO    Analysis session 'session_0' connected to the console (host: 127.0.0.1:35450)
2026-02-28 23:50:28.133627 (3798357) lic__man INFO    Unclaim everything for 'session_0'.
2026-02-28 23:50:28.609289 (3798357) lic__man INFO    Claim 'fpv' for 'session_0'.
2026-02-28 23:50:28.609341 (3798357) lic__man INFO    Claim 'fpv' for 'session_0/prove-0'.
2026-02-28 23:50:32.715799 (3798357) lic__man INFO    Unclaim everything for 'session_0/prove-0'.
2026-02-28 23:50:32.823859 (3798357) main____ INFO    About to exit: request to exit with status 0 received from analysis session 'session_0'
2026-02-28 23:50:33.380768 (3798357) session_ INFO    Analysis session 'session_0' disconnected.
2026-02-28 23:50:33.380955 (3798357) lic__man INFO    Unclaim everything for 'session_0'.
2026-02-28 23:50:33.381641 (3798357) session_ INFO    Process for analysis session 'session_0' has exited with exit status '0'.
2026-02-28 23:50:34.914191 (3798369) stdio___ INFO    STDIN reader requested to stop.
2026-02-28 23:50:34.914268 (3798369) stdio___ INFO    STDIN reader stopped.
2026-02-28 23:50:34.914975 (3798357) lic_core INFO    (1) checkin jasper_interactive
2026-02-28 23:50:34.939742 (3798357) lic_core INFO    (3) checkin jasper_fao
2026-02-28 23:50:34.944775 (3798357) main____ INFO    Exiting with status 0.
