2026-02-26 01:33:58.930313 (1835416) main____ INFO    ----------------------------------------
2026-02-26 01:33:58.930406 (1835416) main____ INFO    Jasper version info
2026-02-26 01:33:58.930421 (1835416) main____ INFO      tool      : Jasper 2023.12
2026-02-26 01:33:58.930437 (1835416) main____ INFO      version   : 2023.12p001 64 bits
2026-02-26 01:33:58.930451 (1835416) main____ INFO      build date: 2024.01.23 16:09:24 UTC
2026-02-26 01:33:58.930460 (1835416) main____ INFO    ----------------------------------------
2026-02-26 01:33:58.930470 (1835416) main____ INFO    Runtime info:
2026-02-26 01:33:58.930480 (1835416) main____ INFO      platform  : Linux 4.18.0-553.89.1.el8_10.x86_64 x86_64
2026-02-26 01:33:58.930499 (1835416) main____ INFO      hostname  : caddy12.stanford.edu
2026-02-26 01:33:58.930514 (1835416) main____ INFO      pid       : 1835416
2026-02-26 01:33:58.930525 (1835416) main____ INFO      arguments : '-style' 'windows' '-allow_unsupported_OS' '-no_gui' '-fpv' './synthlc/i_MUL_out/xPairwiseDepDiv/nunv_anytwo_127_.tcl' '-proj' './synthlc/i_MUL_out/xPairwiseDepDiv/nunv_anytwo_127_jgsession_26-02-26-01_33_58'
2026-02-26 01:33:58.930542 (1835416) main____ INFO      locale    : UTF-8
2026-02-26 01:33:58.930551 (1835416) main____ INFO    ----------------------------------------
2026-02-26 01:33:58.930560 (1835416) main____ INFO    System resource limits info:
2026-02-26 01:33:58.930572 (1835416) main____ INFO      virtual memory: unlimited
2026-02-26 01:33:58.930585 (1835416) main____ INFO      cpu time      : unlimited
2026-02-26 01:33:58.930602 (1835416) main____ INFO      processes     : 4096
2026-02-26 01:33:58.930620 (1835416) main____ INFO      stack size    : 8388608 B
2026-02-26 01:33:58.930634 (1835416) main____ INFO      core file size: 0 B
2026-02-26 01:33:58.930647 (1835416) main____ INFO      open files    : 4096
2026-02-26 01:33:58.930658 (1835416) main____ INFO      file size     : unlimited
2026-02-26 01:33:58.930682 (1835416) main____ INFO    ----------------------------------------
2026-02-26 01:33:58.930691 (1835416) main____ INFO    Memory statistics:
2026-02-26 01:33:58.930703 (1835416) main____ INFO      total physical memory  : 98449088 kB
2026-02-26 01:33:58.930714 (1835416) main____ INFO      free physical memory   : 78101920 kB
2026-02-26 01:33:58.930725 (1835416) main____ INFO      committed address space: 7051688 kB
2026-02-26 01:33:58.930734 (1835416) main____ INFO    ----------------------------------------
2026-02-26 01:33:58.931979 (1835416) main____ INFO    Important environment variables:
2026-02-26 01:33:58.932008 (1835416) main____ INFO      CDS_LIC_FILE       : '5280@cadlic0'
2026-02-26 01:33:58.932021 (1835416) main____ INFO      DISPLAY            : 'localhost:12.0'
2026-02-26 01:33:58.932033 (1835416) main____ INFO      JASPER_INSTALL_DIR : '/cad/cadence/jasper_2023.12p001'
2026-02-26 01:33:58.932044 (1835416) main____ INFO      JASPER_KERNEL_CHECK: '1'
2026-02-26 01:33:58.932056 (1835416) main____ INFO      JASPER_OS_CHECK    : '0'
2026-02-26 01:33:58.932067 (1835416) main____ INFO      LANG               : 'zh_TW.UTF-8'
2026-02-26 01:33:58.932077 (1835416) main____ INFO    ----------------------------------------
2026-02-26 01:33:58.933855 (1835416) lic_core INFO    Initializing license system ...
2026-02-26 01:33:58.952221 (1835416) lic_core INFO    ... license system initialized.
2026-02-26 01:33:58.964716 (1835416) lic__man INFO    Claim 'main' for <ui>.
2026-02-26 01:33:58.964777 (1835416) lic_core INFO    (1) checking out 'jasper_interactive' ...
2026-02-26 01:33:58.976895 (1835416) lic_core INFO    ... (1) checkout succeeded
2026-02-26 01:33:58.976990 (1835416) lic__man INFO    Claim 'fpv' for <ui>.
2026-02-26 01:33:58.977016 (1835416) lic_core INFO    (2) checking out 'jasper_fpv' ...
2026-02-26 01:33:58.981312 (1835416) lic_core INFO    ... (2) checkout failed (error: -5) ("FLEXnet ERROR(-5, 0, 0): No such feature exists.")
2026-02-26 01:33:58.981360 (1835416) lic_core INFO    (3) checking out 'jasper_fao' ...
2026-02-26 01:33:58.992449 (1835416) lic_core INFO    ... (3) checkout succeeded
2026-02-26 01:33:58.993821 (1835416) main____ INFO    Tool inactivity delay is 480000 ms.
2026-02-26 01:33:58.994846 (1835442) stdio___ INFO    Starting STDIN reader (tty: yes, tty name: '/dev/pts/0')
2026-02-26 01:33:59.055552 (1835416) session_ INFO    Starting analysis session with session id 'session_0' (launcher: <local>) ...
2026-02-26 01:33:59.057466 (1835416) session_ INFO    Analysis session with session id 'session_0' started (pid: 1835451)
2026-02-26 01:34:00.403815 (1835416) session_ INFO    Analysis session 'session_0' connected to the console (host: 127.0.0.1:36524)
2026-02-26 01:34:05.105839 (1835416) lic__man INFO    Unclaim everything for 'session_0'.
2026-02-26 01:34:05.477120 (1835416) lic__man INFO    Claim 'fpv' for 'session_0'.
2026-02-26 01:34:05.477165 (1835416) lic__man INFO    Claim 'fpv' for 'session_0/prove-0'.
2026-02-26 01:34:07.606855 (1835416) lic__man INFO    Unclaim everything for 'session_0/prove-0'.
2026-02-26 01:34:07.613725 (1835416) main____ INFO    About to exit: request to exit with status 0 received from analysis session 'session_0'
2026-02-26 01:34:07.843248 (1835416) session_ INFO    Analysis session 'session_0' disconnected.
2026-02-26 01:34:07.843397 (1835416) lic__man INFO    Unclaim everything for 'session_0'.
2026-02-26 01:34:07.843608 (1835416) session_ INFO    Process for analysis session 'session_0' has exited with exit status '0'.
2026-02-26 01:34:09.521168 (1835442) stdio___ INFO    STDIN reader requested to stop.
2026-02-26 01:34:09.521225 (1835442) stdio___ INFO    STDIN reader stopped.
2026-02-26 01:34:09.521608 (1835416) lic_core INFO    (1) checkin jasper_interactive
2026-02-26 01:34:09.522516 (1835416) lic_core INFO    (3) checkin jasper_fao
2026-02-26 01:34:09.524172 (1835416) main____ INFO    Exiting with status 0.
