2026-03-01 03:50:58.245839 (3901769) main____ INFO    ----------------------------------------
2026-03-01 03:50:58.245949 (3901769) main____ INFO    Jasper version info
2026-03-01 03:50:58.245970 (3901769) main____ INFO      tool      : Jasper 2023.12
2026-03-01 03:50:58.245988 (3901769) main____ INFO      version   : 2023.12p001 64 bits
2026-03-01 03:50:58.246004 (3901769) main____ INFO      build date: 2024.01.23 16:09:24 UTC
2026-03-01 03:50:58.246017 (3901769) main____ INFO    ----------------------------------------
2026-03-01 03:50:58.246028 (3901769) main____ INFO    Runtime info:
2026-03-01 03:50:58.246042 (3901769) main____ INFO      platform  : Linux 4.18.0-553.89.1.el8_10.x86_64 x86_64
2026-03-01 03:50:58.246064 (3901769) main____ INFO      hostname  : caddy12.stanford.edu
2026-03-01 03:50:58.246082 (3901769) main____ INFO      pid       : 3901769
2026-03-01 03:50:58.246096 (3901769) main____ INFO      arguments : '-style' 'windows' '-allow_unsupported_OS' '-no_gui' '-fpv' './synthlc/i_LW_out/xPairwiseDepDiv/exclusive_66_.tcl' '-proj' './synthlc/i_LW_out/xPairwiseDepDiv/exclusive_66_jgsession_26-03-01-03_50_56'
2026-03-01 03:50:58.246116 (3901769) main____ INFO      locale    : UTF-8
2026-03-01 03:50:58.246128 (3901769) main____ INFO    ----------------------------------------
2026-03-01 03:50:58.246140 (3901769) main____ INFO    System resource limits info:
2026-03-01 03:50:58.246155 (3901769) main____ INFO      virtual memory: unlimited
2026-03-01 03:50:58.246170 (3901769) main____ INFO      cpu time      : unlimited
2026-03-01 03:50:58.246191 (3901769) main____ INFO      processes     : 4096
2026-03-01 03:50:58.246214 (3901769) main____ INFO      stack size    : 8388608 B
2026-03-01 03:50:58.246245 (3901769) main____ INFO      core file size: 0 B
2026-03-01 03:50:58.246262 (3901769) main____ INFO      open files    : 4096
2026-03-01 03:50:58.246277 (3901769) main____ INFO      file size     : unlimited
2026-03-01 03:50:58.246289 (3901769) main____ INFO    ----------------------------------------
2026-03-01 03:50:58.246300 (3901769) main____ INFO    Memory statistics:
2026-03-01 03:50:58.246315 (3901769) main____ INFO      total physical memory  : 98449088 kB
2026-03-01 03:50:58.246328 (3901769) main____ INFO      free physical memory   : 78706644 kB
2026-03-01 03:50:58.246343 (3901769) main____ INFO      committed address space: 17511976 kB
2026-03-01 03:50:58.246355 (3901769) main____ INFO    ----------------------------------------
2026-03-01 03:50:58.247837 (3901769) main____ INFO    Important environment variables:
2026-03-01 03:50:58.247881 (3901769) main____ INFO      CDS_LIC_FILE       : '5280@cadlic0'
2026-03-01 03:50:58.247898 (3901769) main____ INFO      DISPLAY            : 'localhost:12.0'
2026-03-01 03:50:58.247913 (3901769) main____ INFO      JASPER_INSTALL_DIR : '/cad/cadence/jasper_2023.12p001'
2026-03-01 03:50:58.247927 (3901769) main____ INFO      JASPER_KERNEL_CHECK: '1'
2026-03-01 03:50:58.247942 (3901769) main____ INFO      JASPER_OS_CHECK    : '0'
2026-03-01 03:50:58.247957 (3901769) main____ INFO      LANG               : 'zh_TW.UTF-8'
2026-03-01 03:50:58.247969 (3901769) main____ INFO    ----------------------------------------
2026-03-01 03:50:58.256878 (3901769) lic_core INFO    Initializing license system ...
2026-03-01 03:50:58.282134 (3901769) lic_core INFO    ... license system initialized.
2026-03-01 03:50:58.458065 (3901769) lic__man INFO    Claim 'main' for <ui>.
2026-03-01 03:50:58.458158 (3901769) lic_core INFO    (1) checking out 'jasper_interactive' ...
2026-03-01 03:50:58.480132 (3901769) lic_core INFO    ... (1) checkout succeeded
2026-03-01 03:50:58.480266 (3901769) lic__man INFO    Claim 'fpv' for <ui>.
2026-03-01 03:50:58.480300 (3901769) lic_core INFO    (2) checking out 'jasper_fpv' ...
2026-03-01 03:50:58.554265 (3901769) lic_core INFO    ... (2) checkout failed (error: -5) ("FLEXnet ERROR(-5, 0, 0): No such feature exists.")
2026-03-01 03:50:58.554345 (3901769) lic_core INFO    (3) checking out 'jasper_fao' ...
2026-03-01 03:50:58.650361 (3901769) lic_core INFO    ... (3) checkout succeeded
2026-03-01 03:50:58.673634 (3901769) main____ INFO    Tool inactivity delay is 480000 ms.
2026-03-01 03:50:58.682898 (3901785) stdio___ INFO    Starting STDIN reader (tty: yes, tty name: '/dev/pts/0')
2026-03-01 03:50:59.029867 (3901769) session_ INFO    Starting analysis session with session id 'session_0' (launcher: <local>) ...
2026-03-01 03:50:59.031825 (3901769) session_ INFO    Analysis session with session id 'session_0' started (pid: 3901787)
2026-03-01 03:51:01.957178 (3901769) session_ INFO    Analysis session 'session_0' connected to the console (host: 127.0.0.1:54930)
2026-03-01 03:51:13.015938 (3901769) lic__man INFO    Unclaim everything for 'session_0'.
2026-03-01 03:51:13.490026 (3901769) lic__man INFO    Claim 'fpv' for 'session_0'.
2026-03-01 03:51:13.490083 (3901769) lic__man INFO    Claim 'fpv' for 'session_0/prove-0'.
2026-03-01 04:06:17.994784 (3901769) lic__man INFO    Unclaim everything for 'session_0/prove-0'.
2026-03-01 04:06:18.007968 (3901769) main____ INFO    About to exit: request to exit with status 0 received from analysis session 'session_0'
2026-03-01 04:06:18.268443 (3901769) session_ INFO    Analysis session 'session_0' disconnected.
2026-03-01 04:06:18.268591 (3901769) lic__man INFO    Unclaim everything for 'session_0'.
2026-03-01 04:06:18.281033 (3901769) session_ INFO    Process for analysis session 'session_0' has exited with exit status '0'.
2026-03-01 04:06:19.935753 (3901785) stdio___ INFO    STDIN reader requested to stop.
2026-03-01 04:06:19.935832 (3901785) stdio___ INFO    STDIN reader stopped.
2026-03-01 04:06:19.936457 (3901769) lic_core INFO    (1) checkin jasper_interactive
2026-03-01 04:06:19.959008 (3901769) lic_core INFO    (3) checkin jasper_fao
2026-03-01 04:06:19.960509 (3901769) main____ INFO    Exiting with status 0.
