2026-02-26 08:42:07.073845 (3938514) main____ INFO    ----------------------------------------
2026-02-26 08:42:07.073948 (3938514) main____ INFO    Jasper version info
2026-02-26 08:42:07.073964 (3938514) main____ INFO      tool      : Jasper 2023.12
2026-02-26 08:42:07.073980 (3938514) main____ INFO      version   : 2023.12p001 64 bits
2026-02-26 08:42:07.073993 (3938514) main____ INFO      build date: 2024.01.23 16:09:24 UTC
2026-02-26 08:42:07.074003 (3938514) main____ INFO    ----------------------------------------
2026-02-26 08:42:07.074013 (3938514) main____ INFO    Runtime info:
2026-02-26 08:42:07.074023 (3938514) main____ INFO      platform  : Linux 4.18.0-553.89.1.el8_10.x86_64 x86_64
2026-02-26 08:42:07.074043 (3938514) main____ INFO      hostname  : caddy15.stanford.edu
2026-02-26 08:42:07.074059 (3938514) main____ INFO      pid       : 3938514
2026-02-26 08:42:07.074071 (3938514) main____ INFO      arguments : '-style' 'windows' '-allow_unsupported_OS' '-no_gui' '-fpv' './synthlc/i_ADDI_out/xHBPerfG_dfg_v3_div/WHB_352_.tcl' '-proj' './synthlc/i_ADDI_out/xHBPerfG_dfg_v3_div/WHB_352_jgsession_26-02-26-08_42_05'
2026-02-26 08:42:07.074087 (3938514) main____ INFO      locale    : UTF-8
2026-02-26 08:42:07.074097 (3938514) main____ INFO    ----------------------------------------
2026-02-26 08:42:07.074106 (3938514) main____ INFO    System resource limits info:
2026-02-26 08:42:07.074118 (3938514) main____ INFO      virtual memory: unlimited
2026-02-26 08:42:07.074130 (3938514) main____ INFO      cpu time      : unlimited
2026-02-26 08:42:07.074160 (3938514) main____ INFO      processes     : 4096
2026-02-26 08:42:07.074194 (3938514) main____ INFO      stack size    : 8388608 B
2026-02-26 08:42:07.074208 (3938514) main____ INFO      core file size: 0 B
2026-02-26 08:42:07.074222 (3938514) main____ INFO      open files    : 4096
2026-02-26 08:42:07.074233 (3938514) main____ INFO      file size     : unlimited
2026-02-26 08:42:07.074243 (3938514) main____ INFO    ----------------------------------------
2026-02-26 08:42:07.074252 (3938514) main____ INFO    Memory statistics:
2026-02-26 08:42:07.074264 (3938514) main____ INFO      total physical memory  : 98449092 kB
2026-02-26 08:42:07.074275 (3938514) main____ INFO      free physical memory   : 76648944 kB
2026-02-26 08:42:07.074286 (3938514) main____ INFO      committed address space: 6513796 kB
2026-02-26 08:42:07.074295 (3938514) main____ INFO    ----------------------------------------
2026-02-26 08:42:07.075486 (3938514) main____ INFO    Important environment variables:
2026-02-26 08:42:07.075512 (3938514) main____ INFO      CDS_LIC_FILE       : '5280@cadlic0'
2026-02-26 08:42:07.075524 (3938514) main____ INFO      JASPER_INSTALL_DIR : '/cad/cadence/jasper_2023.12p001'
2026-02-26 08:42:07.075537 (3938514) main____ INFO      JASPER_KERNEL_CHECK: '1'
2026-02-26 08:42:07.075549 (3938514) main____ INFO      JASPER_OS_CHECK    : '0'
2026-02-26 08:42:07.075561 (3938514) main____ INFO      LANG               : 'en_US.UTF-8'
2026-02-26 08:42:07.075570 (3938514) main____ INFO    ----------------------------------------
2026-02-26 08:42:07.077503 (3938514) lic_core INFO    Initializing license system ...
2026-02-26 08:42:07.099844 (3938514) lic_core INFO    ... license system initialized.
2026-02-26 08:42:07.222741 (3938514) lic__man INFO    Claim 'main' for <ui>.
2026-02-26 08:42:07.222814 (3938514) lic_core INFO    (1) checking out 'jasper_interactive' ...
2026-02-26 08:42:07.298619 (3938514) lic_core INFO    ... (1) checkout succeeded
2026-02-26 08:42:07.298727 (3938514) lic__man INFO    Claim 'fpv' for <ui>.
2026-02-26 08:42:07.298755 (3938514) lic_core INFO    (2) checking out 'jasper_fpv' ...
2026-02-26 08:42:07.376817 (3938514) lic_core INFO    ... (2) checkout failed (error: -5) ("FLEXnet ERROR(-5, 0, 0): No such feature exists.")
2026-02-26 08:42:07.376877 (3938514) lic_core INFO    (3) checking out 'jasper_fao' ...
2026-02-26 08:42:07.460602 (3938514) lic_core INFO    ... (3) checkout succeeded
2026-02-26 08:42:07.484372 (3938514) main____ INFO    Tool inactivity delay is 480000 ms.
2026-02-26 08:42:07.501568 (3938525) stdio___ INFO    Starting STDIN reader (tty: yes, tty name: '/dev/pts/0')
2026-02-26 08:42:07.857445 (3938514) session_ INFO    Starting analysis session with session id 'session_0' (launcher: <local>) ...
2026-02-26 08:42:07.859470 (3938514) session_ INFO    Analysis session with session id 'session_0' started (pid: 3938526)
2026-02-26 08:42:11.851792 (3938514) session_ INFO    Analysis session 'session_0' connected to the console (host: 127.0.0.1:35780)
2026-02-26 08:42:15.879640 (3938514) lic__man INFO    Unclaim everything for 'session_0'.
2026-02-26 08:42:16.073967 (3938514) lic__man INFO    Claim 'fpv' for 'session_0'.
2026-02-26 08:42:16.074006 (3938514) lic__man INFO    Claim 'fpv' for 'session_0/prove-0'.
2026-02-26 08:42:26.774807 (3938514) lic__man INFO    Unclaim everything for 'session_0/prove-0'.
2026-02-26 08:42:26.819546 (3938514) main____ INFO    About to exit: request to exit with status 0 received from analysis session 'session_0'
2026-02-26 08:42:26.970329 (3938514) session_ INFO    Analysis session 'session_0' disconnected.
2026-02-26 08:42:26.970505 (3938514) lic__man INFO    Unclaim everything for 'session_0'.
2026-02-26 08:42:26.970693 (3938514) session_ INFO    Process for analysis session 'session_0' has exited with exit status '0'.
2026-02-26 08:42:28.903667 (3938525) stdio___ INFO    STDIN reader requested to stop.
2026-02-26 08:42:28.903703 (3938525) stdio___ INFO    STDIN reader stopped.
2026-02-26 08:42:28.903925 (3938514) lic_core INFO    (1) checkin jasper_interactive
2026-02-26 08:42:28.904929 (3938514) lic_core INFO    (3) checkin jasper_fao
2026-02-26 08:42:28.906314 (3938514) main____ INFO    Exiting with status 0.
