2026-02-26 01:00:58.425226 (3588852) main____ INFO    ----------------------------------------
2026-02-26 01:00:58.425329 (3588852) main____ INFO    Jasper version info
2026-02-26 01:00:58.425344 (3588852) main____ INFO      tool      : Jasper 2023.12
2026-02-26 01:00:58.425361 (3588852) main____ INFO      version   : 2023.12p001 64 bits
2026-02-26 01:00:58.425374 (3588852) main____ INFO      build date: 2024.01.23 16:09:24 UTC
2026-02-26 01:00:58.425384 (3588852) main____ INFO    ----------------------------------------
2026-02-26 01:00:58.425393 (3588852) main____ INFO    Runtime info:
2026-02-26 01:00:58.425404 (3588852) main____ INFO      platform  : Linux 4.18.0-553.89.1.el8_10.x86_64 x86_64
2026-02-26 01:00:58.425423 (3588852) main____ INFO      hostname  : caddy15.stanford.edu
2026-02-26 01:00:58.425438 (3588852) main____ INFO      pid       : 3588852
2026-02-26 01:00:58.425449 (3588852) main____ INFO      arguments : '-style' 'windows' '-allow_unsupported_OS' '-no_gui' '-fpv' './synthlc/i_ADDI_out/xPairwiseDepDiv/exclusive_284_.tcl' '-proj' './synthlc/i_ADDI_out/xPairwiseDepDiv/exclusive_284_jgsession_26-02-26-01_00_57'
2026-02-26 01:00:58.425466 (3588852) main____ INFO      locale    : UTF-8
2026-02-26 01:00:58.425476 (3588852) main____ INFO    ----------------------------------------
2026-02-26 01:00:58.425486 (3588852) main____ INFO    System resource limits info:
2026-02-26 01:00:58.425498 (3588852) main____ INFO      virtual memory: unlimited
2026-02-26 01:00:58.425510 (3588852) main____ INFO      cpu time      : unlimited
2026-02-26 01:00:58.425529 (3588852) main____ INFO      processes     : 4096
2026-02-26 01:00:58.425548 (3588852) main____ INFO      stack size    : 8388608 B
2026-02-26 01:00:58.425562 (3588852) main____ INFO      core file size: 0 B
2026-02-26 01:00:58.425575 (3588852) main____ INFO      open files    : 4096
2026-02-26 01:00:58.425587 (3588852) main____ INFO      file size     : unlimited
2026-02-26 01:00:58.425599 (3588852) main____ INFO    ----------------------------------------
2026-02-26 01:00:58.425610 (3588852) main____ INFO    Memory statistics:
2026-02-26 01:00:58.425622 (3588852) main____ INFO      total physical memory  : 98449092 kB
2026-02-26 01:00:58.425633 (3588852) main____ INFO      free physical memory   : 78891160 kB
2026-02-26 01:00:58.425647 (3588852) main____ INFO      committed address space: 4434148 kB
2026-02-26 01:00:58.425656 (3588852) main____ INFO    ----------------------------------------
2026-02-26 01:00:58.426842 (3588852) main____ INFO    Important environment variables:
2026-02-26 01:00:58.426875 (3588852) main____ INFO      CDS_LIC_FILE       : '5280@cadlic0'
2026-02-26 01:00:58.426887 (3588852) main____ INFO      JASPER_INSTALL_DIR : '/cad/cadence/jasper_2023.12p001'
2026-02-26 01:00:58.426900 (3588852) main____ INFO      JASPER_KERNEL_CHECK: '1'
2026-02-26 01:00:58.426912 (3588852) main____ INFO      JASPER_OS_CHECK    : '0'
2026-02-26 01:00:58.426924 (3588852) main____ INFO      LANG               : 'en_US.UTF-8'
2026-02-26 01:00:58.426934 (3588852) main____ INFO    ----------------------------------------
2026-02-26 01:00:58.428501 (3588852) lic_core INFO    Initializing license system ...
2026-02-26 01:00:58.450210 (3588852) lic_core INFO    ... license system initialized.
2026-02-26 01:00:58.614804 (3588852) lic__man INFO    Claim 'main' for <ui>.
2026-02-26 01:00:58.614877 (3588852) lic_core INFO    (1) checking out 'jasper_interactive' ...
2026-02-26 01:00:58.698621 (3588852) lic_core INFO    ... (1) checkout succeeded
2026-02-26 01:00:58.698740 (3588852) lic__man INFO    Claim 'fpv' for <ui>.
2026-02-26 01:00:58.698771 (3588852) lic_core INFO    (2) checking out 'jasper_fpv' ...
2026-02-26 01:00:58.762866 (3588852) lic_core INFO    ... (2) checkout failed (error: -5) ("FLEXnet ERROR(-5, 0, 0): No such feature exists.")
2026-02-26 01:00:58.762932 (3588852) lic_core INFO    (3) checking out 'jasper_fao' ...
2026-02-26 01:00:58.823570 (3588852) lic_core INFO    ... (3) checkout succeeded
2026-02-26 01:00:58.846610 (3588852) main____ INFO    Tool inactivity delay is 480000 ms.
2026-02-26 01:00:58.870512 (3589005) stdio___ INFO    Starting STDIN reader (tty: yes, tty name: '/dev/pts/0')
2026-02-26 01:00:59.177425 (3588852) session_ INFO    Starting analysis session with session id 'session_0' (launcher: <local>) ...
2026-02-26 01:00:59.179381 (3588852) session_ INFO    Analysis session with session id 'session_0' started (pid: 3589007)
2026-02-26 01:01:00.932132 (3588852) session_ INFO    Analysis session 'session_0' connected to the console (host: 127.0.0.1:48096)
2026-02-26 01:01:03.914916 (3588852) lic__man INFO    Unclaim everything for 'session_0'.
2026-02-26 01:01:04.109518 (3588852) lic__man INFO    Claim 'fpv' for 'session_0'.
2026-02-26 01:01:04.109552 (3588852) lic__man INFO    Claim 'fpv' for 'session_0/prove-0'.
2026-02-26 01:01:05.685056 (3588852) lic__man INFO    Unclaim everything for 'session_0/prove-0'.
2026-02-26 01:01:05.727419 (3588852) main____ INFO    About to exit: request to exit with status 0 received from analysis session 'session_0'
2026-02-26 01:01:05.873075 (3588852) session_ INFO    Analysis session 'session_0' disconnected.
2026-02-26 01:01:05.873263 (3588852) lic__man INFO    Unclaim everything for 'session_0'.
2026-02-26 01:01:05.873467 (3588852) session_ INFO    Process for analysis session 'session_0' has exited with exit status '0'.
2026-02-26 01:01:07.835086 (3589005) stdio___ INFO    STDIN reader requested to stop.
2026-02-26 01:01:07.835122 (3589005) stdio___ INFO    STDIN reader stopped.
2026-02-26 01:01:07.835394 (3588852) lic_core INFO    (1) checkin jasper_interactive
2026-02-26 01:01:07.836499 (3588852) lic_core INFO    (3) checkin jasper_fao
2026-02-26 01:01:07.837517 (3588852) main____ INFO    Exiting with status 0.
