2026-02-26 03:45:09.692879 (3707776) main____ INFO    ----------------------------------------
2026-02-26 03:45:09.692977 (3707776) main____ INFO    Jasper version info
2026-02-26 03:45:09.692993 (3707776) main____ INFO      tool      : Jasper 2023.12
2026-02-26 03:45:09.693009 (3707776) main____ INFO      version   : 2023.12p001 64 bits
2026-02-26 03:45:09.693022 (3707776) main____ INFO      build date: 2024.01.23 16:09:24 UTC
2026-02-26 03:45:09.693032 (3707776) main____ INFO    ----------------------------------------
2026-02-26 03:45:09.693041 (3707776) main____ INFO    Runtime info:
2026-02-26 03:45:09.693051 (3707776) main____ INFO      platform  : Linux 4.18.0-553.89.1.el8_10.x86_64 x86_64
2026-02-26 03:45:09.693071 (3707776) main____ INFO      hostname  : caddy15.stanford.edu
2026-02-26 03:45:09.693086 (3707776) main____ INFO      pid       : 3707776
2026-02-26 03:45:09.693097 (3707776) main____ INFO      arguments : '-style' 'windows' '-allow_unsupported_OS' '-no_gui' '-fpv' './synthlc/i_ADDI_out/xPairwiseDepDiv/nunv_anytwo_215_.tcl' '-proj' './synthlc/i_ADDI_out/xPairwiseDepDiv/nunv_anytwo_215_jgsession_26-02-26-03_45_09'
2026-02-26 03:45:09.693114 (3707776) main____ INFO      locale    : UTF-8
2026-02-26 03:45:09.693124 (3707776) main____ INFO    ----------------------------------------
2026-02-26 03:45:09.693133 (3707776) main____ INFO    System resource limits info:
2026-02-26 03:45:09.693145 (3707776) main____ INFO      virtual memory: unlimited
2026-02-26 03:45:09.693157 (3707776) main____ INFO      cpu time      : unlimited
2026-02-26 03:45:09.693176 (3707776) main____ INFO      processes     : 4096
2026-02-26 03:45:09.693197 (3707776) main____ INFO      stack size    : 8388608 B
2026-02-26 03:45:09.693210 (3707776) main____ INFO      core file size: 0 B
2026-02-26 03:45:09.693223 (3707776) main____ INFO      open files    : 4096
2026-02-26 03:45:09.693235 (3707776) main____ INFO      file size     : unlimited
2026-02-26 03:45:09.693245 (3707776) main____ INFO    ----------------------------------------
2026-02-26 03:45:09.693254 (3707776) main____ INFO    Memory statistics:
2026-02-26 03:45:09.693265 (3707776) main____ INFO      total physical memory  : 98449092 kB
2026-02-26 03:45:09.693277 (3707776) main____ INFO      free physical memory   : 78178788 kB
2026-02-26 03:45:09.693288 (3707776) main____ INFO      committed address space: 5008740 kB
2026-02-26 03:45:09.693297 (3707776) main____ INFO    ----------------------------------------
2026-02-26 03:45:09.694500 (3707776) main____ INFO    Important environment variables:
2026-02-26 03:45:09.694530 (3707776) main____ INFO      CDS_LIC_FILE       : '5280@cadlic0'
2026-02-26 03:45:09.694542 (3707776) main____ INFO      JASPER_INSTALL_DIR : '/cad/cadence/jasper_2023.12p001'
2026-02-26 03:45:09.694554 (3707776) main____ INFO      JASPER_KERNEL_CHECK: '1'
2026-02-26 03:45:09.694566 (3707776) main____ INFO      JASPER_OS_CHECK    : '0'
2026-02-26 03:45:09.694578 (3707776) main____ INFO      LANG               : 'en_US.UTF-8'
2026-02-26 03:45:09.694588 (3707776) main____ INFO    ----------------------------------------
2026-02-26 03:45:09.696527 (3707776) lic_core INFO    Initializing license system ...
2026-02-26 03:45:09.720664 (3707776) lic_core INFO    ... license system initialized.
2026-02-26 03:45:09.833556 (3707776) lic__man INFO    Claim 'main' for <ui>.
2026-02-26 03:45:09.833621 (3707776) lic_core INFO    (1) checking out 'jasper_interactive' ...
2026-02-26 03:45:09.846039 (3707776) lic_core INFO    ... (1) checkout succeeded
2026-02-26 03:45:09.846159 (3707776) lic__man INFO    Claim 'fpv' for <ui>.
2026-02-26 03:45:09.846186 (3707776) lic_core INFO    (2) checking out 'jasper_fpv' ...
2026-02-26 03:45:09.851675 (3707776) lic_core INFO    ... (2) checkout failed (error: -5) ("FLEXnet ERROR(-5, 0, 0): No such feature exists.")
2026-02-26 03:45:09.851727 (3707776) lic_core INFO    (3) checking out 'jasper_fao' ...
2026-02-26 03:45:09.862353 (3707776) lic_core INFO    ... (3) checkout succeeded
2026-02-26 03:45:09.865585 (3707776) main____ INFO    Tool inactivity delay is 480000 ms.
2026-02-26 03:45:09.875508 (3707792) stdio___ INFO    Starting STDIN reader (tty: yes, tty name: '/dev/pts/0')
2026-02-26 03:45:09.932884 (3707776) session_ INFO    Starting analysis session with session id 'session_0' (launcher: <local>) ...
2026-02-26 03:45:09.934881 (3707776) session_ INFO    Analysis session with session id 'session_0' started (pid: 3707793)
2026-02-26 03:45:11.381819 (3707776) session_ INFO    Analysis session 'session_0' connected to the console (host: 127.0.0.1:43926)
2026-02-26 03:45:20.188879 (3707776) lic__man INFO    Unclaim everything for 'session_0'.
2026-02-26 03:45:20.634027 (3707776) lic__man INFO    Claim 'fpv' for 'session_0'.
2026-02-26 03:45:20.634077 (3707776) lic__man INFO    Claim 'fpv' for 'session_0/prove-0'.
2026-02-26 03:45:24.069298 (3707776) lic__man INFO    Unclaim everything for 'session_0/prove-0'.
2026-02-26 03:45:24.116632 (3707776) main____ INFO    About to exit: request to exit with status 0 received from analysis session 'session_0'
2026-02-26 03:45:24.670671 (3707776) session_ INFO    Analysis session 'session_0' disconnected.
2026-02-26 03:45:24.670829 (3707776) lic__man INFO    Unclaim everything for 'session_0'.
2026-02-26 03:45:24.674581 (3707776) session_ INFO    Process for analysis session 'session_0' has exited with exit status '0'.
2026-02-26 03:45:26.026393 (3707792) stdio___ INFO    STDIN reader requested to stop.
2026-02-26 03:45:26.026448 (3707792) stdio___ INFO    STDIN reader stopped.
2026-02-26 03:45:26.035605 (3707776) lic_core INFO    (1) checkin jasper_interactive
2026-02-26 03:45:26.037515 (3707776) lic_core INFO    (3) checkin jasper_fao
2026-02-26 03:45:26.071487 (3707776) main____ INFO    Exiting with status 0.
