2026-02-28 02:00:11.224585 (614805) main____ INFO    ----------------------------------------
2026-02-28 02:00:11.224672 (614805) main____ INFO    Jasper version info
2026-02-28 02:00:11.224687 (614805) main____ INFO      tool      : Jasper 2023.12
2026-02-28 02:00:11.224702 (614805) main____ INFO      version   : 2023.12p001 64 bits
2026-02-28 02:00:11.224715 (614805) main____ INFO      build date: 2024.01.23 16:09:24 UTC
2026-02-28 02:00:11.224725 (614805) main____ INFO    ----------------------------------------
2026-02-28 02:00:11.224734 (614805) main____ INFO    Runtime info:
2026-02-28 02:00:11.224745 (614805) main____ INFO      platform  : Linux 4.18.0-553.89.1.el8_10.x86_64 x86_64
2026-02-28 02:00:11.224763 (614805) main____ INFO      hostname  : caddy10.stanford.edu
2026-02-28 02:00:11.224778 (614805) main____ INFO      pid       : 614805
2026-02-28 02:00:11.224790 (614805) main____ INFO      arguments : '-style' 'windows' '-allow_unsupported_OS' '-no_gui' '-fpv' './synthlc/i_MUL_out/xHBPerfG_dfg_v3_div/HB_34_.tcl' '-proj' './synthlc/i_MUL_out/xHBPerfG_dfg_v3_div/HB_34_jgsession_26-02-28-02_00_11'
2026-02-28 02:00:11.224806 (614805) main____ INFO      locale    : UTF-8
2026-02-28 02:00:11.224816 (614805) main____ INFO    ----------------------------------------
2026-02-28 02:00:11.224825 (614805) main____ INFO    System resource limits info:
2026-02-28 02:00:11.224837 (614805) main____ INFO      virtual memory: unlimited
2026-02-28 02:00:11.224849 (614805) main____ INFO      cpu time      : unlimited
2026-02-28 02:00:11.224867 (614805) main____ INFO      processes     : 4096
2026-02-28 02:00:11.224885 (614805) main____ INFO      stack size    : 8388608 B
2026-02-28 02:00:11.224899 (614805) main____ INFO      core file size: 0 B
2026-02-28 02:00:11.224911 (614805) main____ INFO      open files    : 4096
2026-02-28 02:00:11.224923 (614805) main____ INFO      file size     : unlimited
2026-02-28 02:00:11.224933 (614805) main____ INFO    ----------------------------------------
2026-02-28 02:00:11.224942 (614805) main____ INFO    Memory statistics:
2026-02-28 02:00:11.224954 (614805) main____ INFO      total physical memory  : 98449096 kB
2026-02-28 02:00:11.224965 (614805) main____ INFO      free physical memory   : 90124976 kB
2026-02-28 02:00:11.224976 (614805) main____ INFO      committed address space: 2151616 kB
2026-02-28 02:00:11.224986 (614805) main____ INFO    ----------------------------------------
2026-02-28 02:00:11.226151 (614805) main____ INFO    Important environment variables:
2026-02-28 02:00:11.226176 (614805) main____ INFO      CDS_LIC_FILE       : '5280@cadlic0'
2026-02-28 02:00:11.226188 (614805) main____ INFO      JASPER_INSTALL_DIR : '/cad/cadence/jasper_2023.12p001'
2026-02-28 02:00:11.226200 (614805) main____ INFO      JASPER_KERNEL_CHECK: '1'
2026-02-28 02:00:11.226212 (614805) main____ INFO      JASPER_OS_CHECK    : '0'
2026-02-28 02:00:11.226224 (614805) main____ INFO      LANG               : 'en_US.UTF-8'
2026-02-28 02:00:11.226234 (614805) main____ INFO    ----------------------------------------
2026-02-28 02:00:11.227398 (614805) lic_core INFO    Initializing license system ...
2026-02-28 02:00:11.229613 (614805) lic_core INFO    ... license system initialized.
2026-02-28 02:00:11.240420 (614805) lic__man INFO    Claim 'main' for <ui>.
2026-02-28 02:00:11.240469 (614805) lic_core INFO    (1) checking out 'jasper_interactive' ...
2026-02-28 02:00:11.252405 (614805) lic_core INFO    ... (1) checkout succeeded
2026-02-28 02:00:11.252471 (614805) lic__man INFO    Claim 'fpv' for <ui>.
2026-02-28 02:00:11.252494 (614805) lic_core INFO    (2) checking out 'jasper_fpv' ...
2026-02-28 02:00:11.256403 (614805) lic_core INFO    ... (2) checkout failed (error: -5) ("FLEXnet ERROR(-5, 0, 0): No such feature exists.")
2026-02-28 02:00:11.256435 (614805) lic_core INFO    (3) checking out 'jasper_fao' ...
2026-02-28 02:00:11.267152 (614805) lic_core INFO    ... (3) checkout succeeded
2026-02-28 02:00:11.268115 (614825) stdio___ INFO    Starting STDIN reader (tty: yes, tty name: '/dev/pts/5')
2026-02-28 02:00:11.268236 (614805) main____ INFO    Tool inactivity delay is 480000 ms.
2026-02-28 02:00:11.309323 (614805) session_ INFO    Starting analysis session with session id 'session_0' (launcher: <local>) ...
2026-02-28 02:00:11.311227 (614805) session_ INFO    Analysis session with session id 'session_0' started (pid: 614826)
2026-02-28 02:00:12.391299 (614805) session_ INFO    Analysis session 'session_0' connected to the console (host: 127.0.0.1:48252)
2026-02-28 02:00:15.387611 (614805) lic__man INFO    Unclaim everything for 'session_0'.
2026-02-28 02:00:15.586812 (614805) lic__man INFO    Claim 'fpv' for 'session_0'.
2026-02-28 02:00:15.586849 (614805) lic__man INFO    Claim 'fpv' for 'session_0/prove-0'.
2026-02-28 02:00:18.507954 (614805) lic__man INFO    Unclaim everything for 'session_0/prove-0'.
2026-02-28 02:00:18.550185 (614805) main____ INFO    About to exit: request to exit with status 0 received from analysis session 'session_0'
2026-02-28 02:00:18.696461 (614805) session_ INFO    Analysis session 'session_0' disconnected.
2026-02-28 02:00:18.696645 (614805) lic__man INFO    Unclaim everything for 'session_0'.
2026-02-28 02:00:18.696828 (614805) session_ INFO    Process for analysis session 'session_0' has exited with exit status '0'.
2026-02-28 02:00:20.456481 (614825) stdio___ INFO    STDIN reader requested to stop.
2026-02-28 02:00:20.456519 (614825) stdio___ INFO    STDIN reader stopped.
2026-02-28 02:00:20.456749 (614805) lic_core INFO    (1) checkin jasper_interactive
2026-02-28 02:00:20.457583 (614805) lic_core INFO    (3) checkin jasper_fao
2026-02-28 02:00:20.459284 (614805) main____ INFO    Exiting with status 0.
