2026-02-26 08:39:12.818151 (3926676) main____ INFO    ----------------------------------------
2026-02-26 08:39:12.818220 (3926676) main____ INFO    Jasper version info
2026-02-26 08:39:12.818235 (3926676) main____ INFO      tool      : Jasper 2023.12
2026-02-26 08:39:12.818250 (3926676) main____ INFO      version   : 2023.12p001 64 bits
2026-02-26 08:39:12.818263 (3926676) main____ INFO      build date: 2024.01.23 16:09:24 UTC
2026-02-26 08:39:12.818273 (3926676) main____ INFO    ----------------------------------------
2026-02-26 08:39:12.818282 (3926676) main____ INFO    Runtime info:
2026-02-26 08:39:12.818293 (3926676) main____ INFO      platform  : Linux 4.18.0-553.89.1.el8_10.x86_64 x86_64
2026-02-26 08:39:12.818323 (3926676) main____ INFO      hostname  : caddy15.stanford.edu
2026-02-26 08:39:12.818339 (3926676) main____ INFO      pid       : 3926676
2026-02-26 08:39:12.818350 (3926676) main____ INFO      arguments : '-style' 'windows' '-allow_unsupported_OS' '-no_gui' '-fpv' './synthlc/i_ADDI_out/xHBPerfG_dfg_v3_div/WHB_206_.tcl' '-proj' './synthlc/i_ADDI_out/xHBPerfG_dfg_v3_div/WHB_206_jgsession_26-02-26-08_39_12'
2026-02-26 08:39:12.818365 (3926676) main____ INFO      locale    : UTF-8
2026-02-26 08:39:12.818375 (3926676) main____ INFO    ----------------------------------------
2026-02-26 08:39:12.818384 (3926676) main____ INFO    System resource limits info:
2026-02-26 08:39:12.818396 (3926676) main____ INFO      virtual memory: unlimited
2026-02-26 08:39:12.818408 (3926676) main____ INFO      cpu time      : unlimited
2026-02-26 08:39:12.818425 (3926676) main____ INFO      processes     : 4096
2026-02-26 08:39:12.818443 (3926676) main____ INFO      stack size    : 8388608 B
2026-02-26 08:39:12.818457 (3926676) main____ INFO      core file size: 0 B
2026-02-26 08:39:12.818470 (3926676) main____ INFO      open files    : 4096
2026-02-26 08:39:12.818481 (3926676) main____ INFO      file size     : unlimited
2026-02-26 08:39:12.818491 (3926676) main____ INFO    ----------------------------------------
2026-02-26 08:39:12.818500 (3926676) main____ INFO    Memory statistics:
2026-02-26 08:39:12.818512 (3926676) main____ INFO      total physical memory  : 98449092 kB
2026-02-26 08:39:12.818523 (3926676) main____ INFO      free physical memory   : 80187424 kB
2026-02-26 08:39:12.818534 (3926676) main____ INFO      committed address space: 1600320 kB
2026-02-26 08:39:12.818544 (3926676) main____ INFO    ----------------------------------------
2026-02-26 08:39:12.819681 (3926676) main____ INFO    Important environment variables:
2026-02-26 08:39:12.819704 (3926676) main____ INFO      CDS_LIC_FILE       : '5280@cadlic0'
2026-02-26 08:39:12.819717 (3926676) main____ INFO      JASPER_INSTALL_DIR : '/cad/cadence/jasper_2023.12p001'
2026-02-26 08:39:12.819729 (3926676) main____ INFO      JASPER_KERNEL_CHECK: '1'
2026-02-26 08:39:12.819741 (3926676) main____ INFO      JASPER_OS_CHECK    : '0'
2026-02-26 08:39:12.819753 (3926676) main____ INFO      LANG               : 'en_US.UTF-8'
2026-02-26 08:39:12.819762 (3926676) main____ INFO    ----------------------------------------
2026-02-26 08:39:12.820920 (3926676) lic_core INFO    Initializing license system ...
2026-02-26 08:39:12.822611 (3926676) lic_core INFO    ... license system initialized.
2026-02-26 08:39:12.834344 (3926676) lic__man INFO    Claim 'main' for <ui>.
2026-02-26 08:39:12.834390 (3926676) lic_core INFO    (1) checking out 'jasper_interactive' ...
2026-02-26 08:39:12.847439 (3926676) lic_core INFO    ... (1) checkout succeeded
2026-02-26 08:39:12.847501 (3926676) lic__man INFO    Claim 'fpv' for <ui>.
2026-02-26 08:39:12.847522 (3926676) lic_core INFO    (2) checking out 'jasper_fpv' ...
2026-02-26 08:39:12.851917 (3926676) lic_core INFO    ... (2) checkout failed (error: -5) ("FLEXnet ERROR(-5, 0, 0): No such feature exists.")
2026-02-26 08:39:12.851950 (3926676) lic_core INFO    (3) checking out 'jasper_fao' ...
2026-02-26 08:39:12.862772 (3926676) lic_core INFO    ... (3) checkout succeeded
2026-02-26 08:39:12.863707 (3926689) stdio___ INFO    Starting STDIN reader (tty: yes, tty name: '/dev/pts/0')
2026-02-26 08:39:12.863879 (3926676) main____ INFO    Tool inactivity delay is 480000 ms.
2026-02-26 08:39:12.906309 (3926676) session_ INFO    Starting analysis session with session id 'session_0' (launcher: <local>) ...
2026-02-26 08:39:12.908240 (3926676) session_ INFO    Analysis session with session id 'session_0' started (pid: 3926690)
2026-02-26 08:39:14.193563 (3926676) session_ INFO    Analysis session 'session_0' connected to the console (host: 127.0.0.1:43430)
2026-02-26 08:39:17.196606 (3926676) lic__man INFO    Unclaim everything for 'session_0'.
2026-02-26 08:39:17.393674 (3926676) lic__man INFO    Claim 'fpv' for 'session_0'.
2026-02-26 08:39:17.393710 (3926676) lic__man INFO    Claim 'fpv' for 'session_0/prove-0'.
2026-02-26 08:39:18.615370 (3926676) lic__man INFO    Unclaim everything for 'session_0/prove-0'.
2026-02-26 08:39:18.658464 (3926676) main____ INFO    About to exit: request to exit with status 0 received from analysis session 'session_0'
2026-02-26 08:39:18.809090 (3926676) session_ INFO    Analysis session 'session_0' disconnected.
2026-02-26 08:39:18.809324 (3926676) lic__man INFO    Unclaim everything for 'session_0'.
2026-02-26 08:39:18.809518 (3926676) session_ INFO    Process for analysis session 'session_0' has exited with exit status '0'.
2026-02-26 08:39:20.779012 (3926689) stdio___ INFO    STDIN reader requested to stop.
2026-02-26 08:39:20.779072 (3926689) stdio___ INFO    STDIN reader stopped.
2026-02-26 08:39:20.789577 (3926676) lic_core INFO    (1) checkin jasper_interactive
2026-02-26 08:39:20.795459 (3926676) lic_core INFO    (3) checkin jasper_fao
2026-02-26 08:39:20.806470 (3926676) main____ INFO    Exiting with status 0.
