2026-02-28 23:59:41.384188 (3810789) main____ INFO    ----------------------------------------
2026-02-28 23:59:41.384287 (3810789) main____ INFO    Jasper version info
2026-02-28 23:59:41.384304 (3810789) main____ INFO      tool      : Jasper 2023.12
2026-02-28 23:59:41.384321 (3810789) main____ INFO      version   : 2023.12p001 64 bits
2026-02-28 23:59:41.384335 (3810789) main____ INFO      build date: 2024.01.23 16:09:24 UTC
2026-02-28 23:59:41.384346 (3810789) main____ INFO    ----------------------------------------
2026-02-28 23:59:41.384356 (3810789) main____ INFO    Runtime info:
2026-02-28 23:59:41.384368 (3810789) main____ INFO      platform  : Linux 4.18.0-553.89.1.el8_10.x86_64 x86_64
2026-02-28 23:59:41.384388 (3810789) main____ INFO      hostname  : caddy12.stanford.edu
2026-02-28 23:59:41.384404 (3810789) main____ INFO      pid       : 3810789
2026-02-28 23:59:41.384416 (3810789) main____ INFO      arguments : '-style' 'windows' '-allow_unsupported_OS' '-no_gui' '-fpv' './synthlc/i_ADDI_out/xHBPerfG_dfg_v3_div/WHB_265_.tcl' '-proj' './synthlc/i_ADDI_out/xHBPerfG_dfg_v3_div/WHB_265_jgsession_26-02-28-23_59_40'
2026-02-28 23:59:41.384435 (3810789) main____ INFO      locale    : UTF-8
2026-02-28 23:59:41.384445 (3810789) main____ INFO    ----------------------------------------
2026-02-28 23:59:41.384455 (3810789) main____ INFO    System resource limits info:
2026-02-28 23:59:41.384469 (3810789) main____ INFO      virtual memory: unlimited
2026-02-28 23:59:41.384482 (3810789) main____ INFO      cpu time      : unlimited
2026-02-28 23:59:41.384501 (3810789) main____ INFO      processes     : 4096
2026-02-28 23:59:41.384522 (3810789) main____ INFO      stack size    : 8388608 B
2026-02-28 23:59:41.384537 (3810789) main____ INFO      core file size: 0 B
2026-02-28 23:59:41.384551 (3810789) main____ INFO      open files    : 4096
2026-02-28 23:59:41.384563 (3810789) main____ INFO      file size     : unlimited
2026-02-28 23:59:41.384574 (3810789) main____ INFO    ----------------------------------------
2026-02-28 23:59:41.384584 (3810789) main____ INFO    Memory statistics:
2026-02-28 23:59:41.384597 (3810789) main____ INFO      total physical memory  : 98449088 kB
2026-02-28 23:59:41.384609 (3810789) main____ INFO      free physical memory   : 88664440 kB
2026-02-28 23:59:41.384622 (3810789) main____ INFO      committed address space: 4974228 kB
2026-02-28 23:59:41.384632 (3810789) main____ INFO    ----------------------------------------
2026-02-28 23:59:41.385854 (3810789) main____ INFO    Important environment variables:
2026-02-28 23:59:41.385881 (3810789) main____ INFO      CDS_LIC_FILE       : '5280@cadlic0'
2026-02-28 23:59:41.385902 (3810789) main____ INFO      DISPLAY            : 'localhost:12.0'
2026-02-28 23:59:41.385915 (3810789) main____ INFO      JASPER_INSTALL_DIR : '/cad/cadence/jasper_2023.12p001'
2026-02-28 23:59:41.385928 (3810789) main____ INFO      JASPER_KERNEL_CHECK: '1'
2026-02-28 23:59:41.385941 (3810789) main____ INFO      JASPER_OS_CHECK    : '0'
2026-02-28 23:59:41.385954 (3810789) main____ INFO      LANG               : 'zh_TW.UTF-8'
2026-02-28 23:59:41.385964 (3810789) main____ INFO    ----------------------------------------
2026-02-28 23:59:41.387827 (3810789) lic_core INFO    Initializing license system ...
2026-02-28 23:59:41.428577 (3810789) lic_core INFO    ... license system initialized.
2026-02-28 23:59:41.497966 (3810789) lic__man INFO    Claim 'main' for <ui>.
2026-02-28 23:59:41.498043 (3810789) lic_core INFO    (1) checking out 'jasper_interactive' ...
2026-02-28 23:59:41.563999 (3810789) lic_core INFO    ... (1) checkout succeeded
2026-02-28 23:59:41.564118 (3810789) lic__man INFO    Claim 'fpv' for <ui>.
2026-02-28 23:59:41.564148 (3810789) lic_core INFO    (2) checking out 'jasper_fpv' ...
2026-02-28 23:59:41.585120 (3810789) lic_core INFO    ... (2) checkout failed (error: -5) ("FLEXnet ERROR(-5, 0, 0): No such feature exists.")
2026-02-28 23:59:41.585181 (3810789) lic_core INFO    (3) checking out 'jasper_fao' ...
2026-02-28 23:59:41.617042 (3810789) lic_core INFO    ... (3) checkout succeeded
2026-02-28 23:59:41.619105 (3810789) main____ INFO    Tool inactivity delay is 480000 ms.
2026-02-28 23:59:41.619447 (3810818) stdio___ INFO    Starting STDIN reader (tty: yes, tty name: '/dev/pts/0')
2026-02-28 23:59:41.680706 (3810789) session_ INFO    Starting analysis session with session id 'session_0' (launcher: <local>) ...
2026-02-28 23:59:41.682728 (3810789) session_ INFO    Analysis session with session id 'session_0' started (pid: 3810819)
2026-02-28 23:59:43.262072 (3810789) session_ INFO    Analysis session 'session_0' connected to the console (host: 127.0.0.1:45190)
2026-02-28 23:59:46.296193 (3810789) lic__man INFO    Unclaim everything for 'session_0'.
2026-02-28 23:59:46.496084 (3810789) lic__man INFO    Claim 'fpv' for 'session_0'.
2026-02-28 23:59:46.496125 (3810789) lic__man INFO    Claim 'fpv' for 'session_0/prove-0'.
2026-02-28 23:59:47.822537 (3810789) lic__man INFO    Unclaim everything for 'session_0/prove-0'.
2026-02-28 23:59:47.864779 (3810789) main____ INFO    About to exit: request to exit with status 0 received from analysis session 'session_0'
2026-02-28 23:59:48.008917 (3810789) session_ INFO    Analysis session 'session_0' disconnected.
2026-02-28 23:59:48.009119 (3810789) lic__man INFO    Unclaim everything for 'session_0'.
2026-02-28 23:59:48.009315 (3810789) session_ INFO    Process for analysis session 'session_0' has exited with exit status '0'.
2026-02-28 23:59:49.892054 (3810818) stdio___ INFO    STDIN reader requested to stop.
2026-02-28 23:59:49.892101 (3810818) stdio___ INFO    STDIN reader stopped.
2026-02-28 23:59:49.892326 (3810789) lic_core INFO    (1) checkin jasper_interactive
2026-02-28 23:59:49.894906 (3810789) lic_core INFO    (3) checkin jasper_fao
2026-02-28 23:59:49.896446 (3810789) main____ INFO    Exiting with status 0.
