2026-02-25 11:43:01.156817 (3106452) main____ INFO    ----------------------------------------
2026-02-25 11:43:01.156914 (3106452) main____ INFO    Jasper version info
2026-02-25 11:43:01.156930 (3106452) main____ INFO      tool      : Jasper 2023.12
2026-02-25 11:43:01.156945 (3106452) main____ INFO      version   : 2023.12p001 64 bits
2026-02-25 11:43:01.156959 (3106452) main____ INFO      build date: 2024.01.23 16:09:24 UTC
2026-02-25 11:43:01.156969 (3106452) main____ INFO    ----------------------------------------
2026-02-25 11:43:01.156978 (3106452) main____ INFO    Runtime info:
2026-02-25 11:43:01.156989 (3106452) main____ INFO      platform  : Linux 4.18.0-553.89.1.el8_10.x86_64 x86_64
2026-02-25 11:43:01.157008 (3106452) main____ INFO      hostname  : caddy15.stanford.edu
2026-02-25 11:43:01.157023 (3106452) main____ INFO      pid       : 3106452
2026-02-25 11:43:01.157035 (3106452) main____ INFO      arguments : '-style' 'windows' '-allow_unsupported_OS' '-no_gui' '-fpv' './synthlc/i_DIV_out/xPairwiseDepDiv/nunv_anytwo_147_.tcl' '-proj' './synthlc/i_DIV_out/xPairwiseDepDiv/nunv_anytwo_147_jgsession_26-02-25-11_42_59'
2026-02-25 11:43:01.157052 (3106452) main____ INFO      locale    : UTF-8
2026-02-25 11:43:01.157062 (3106452) main____ INFO    ----------------------------------------
2026-02-25 11:43:01.157071 (3106452) main____ INFO    System resource limits info:
2026-02-25 11:43:01.157083 (3106452) main____ INFO      virtual memory: unlimited
2026-02-25 11:43:01.157096 (3106452) main____ INFO      cpu time      : unlimited
2026-02-25 11:43:01.157114 (3106452) main____ INFO      processes     : 4096
2026-02-25 11:43:01.157135 (3106452) main____ INFO      stack size    : 8388608 B
2026-02-25 11:43:01.157150 (3106452) main____ INFO      core file size: 0 B
2026-02-25 11:43:01.157162 (3106452) main____ INFO      open files    : 4096
2026-02-25 11:43:01.157174 (3106452) main____ INFO      file size     : unlimited
2026-02-25 11:43:01.157196 (3106452) main____ INFO    ----------------------------------------
2026-02-25 11:43:01.157205 (3106452) main____ INFO    Memory statistics:
2026-02-25 11:43:01.157216 (3106452) main____ INFO      total physical memory  : 98449092 kB
2026-02-25 11:43:01.157227 (3106452) main____ INFO      free physical memory   : 77359916 kB
2026-02-25 11:43:01.157239 (3106452) main____ INFO      committed address space: 9068524 kB
2026-02-25 11:43:01.157248 (3106452) main____ INFO    ----------------------------------------
2026-02-25 11:43:01.158418 (3106452) main____ INFO    Important environment variables:
2026-02-25 11:43:01.158444 (3106452) main____ INFO      CDS_LIC_FILE       : '5280@cadlic0'
2026-02-25 11:43:01.158457 (3106452) main____ INFO      JASPER_INSTALL_DIR : '/cad/cadence/jasper_2023.12p001'
2026-02-25 11:43:01.158469 (3106452) main____ INFO      JASPER_KERNEL_CHECK: '1'
2026-02-25 11:43:01.158481 (3106452) main____ INFO      JASPER_OS_CHECK    : '0'
2026-02-25 11:43:01.158493 (3106452) main____ INFO      LANG               : 'en_US.UTF-8'
2026-02-25 11:43:01.158503 (3106452) main____ INFO    ----------------------------------------
2026-02-25 11:43:01.160480 (3106452) lic_core INFO    Initializing license system ...
2026-02-25 11:43:01.183690 (3106452) lic_core INFO    ... license system initialized.
2026-02-25 11:43:01.320626 (3106452) lic__man INFO    Claim 'main' for <ui>.
2026-02-25 11:43:01.320694 (3106452) lic_core INFO    (1) checking out 'jasper_interactive' ...
2026-02-25 11:43:01.396553 (3106452) lic_core INFO    ... (1) checkout succeeded
2026-02-25 11:43:01.396668 (3106452) lic__man INFO    Claim 'fpv' for <ui>.
2026-02-25 11:43:01.396701 (3106452) lic_core INFO    (2) checking out 'jasper_fpv' ...
2026-02-25 11:43:01.461915 (3106452) lic_core INFO    ... (2) checkout failed (error: -5) ("FLEXnet ERROR(-5, 0, 0): No such feature exists.")
2026-02-25 11:43:01.461972 (3106452) lic_core INFO    (3) checking out 'jasper_fao' ...
2026-02-25 11:43:01.532705 (3106452) lic_core INFO    ... (3) checkout succeeded
2026-02-25 11:43:01.579258 (3106452) main____ INFO    Tool inactivity delay is 480000 ms.
2026-02-25 11:43:01.587559 (3106484) stdio___ INFO    Starting STDIN reader (tty: yes, tty name: '/dev/pts/0')
2026-02-25 11:43:01.913430 (3106452) session_ INFO    Starting analysis session with session id 'session_0' (launcher: <local>) ...
2026-02-25 11:43:01.915298 (3106452) session_ INFO    Analysis session with session id 'session_0' started (pid: 3106485)
2026-02-25 11:43:06.028856 (3106452) session_ INFO    Analysis session 'session_0' connected to the console (host: 127.0.0.1:52472)
2026-02-25 11:43:17.678527 (3106452) lic__man INFO    Unclaim everything for 'session_0'.
2026-02-25 11:43:18.016559 (3106452) lic__man INFO    Claim 'fpv' for 'session_0'.
2026-02-25 11:43:18.016602 (3106452) lic__man INFO    Claim 'fpv' for 'session_0/prove-0'.
2026-02-25 11:43:52.012280 (3106452) lic__man INFO    Unclaim everything for 'session_0/prove-0'.
2026-02-25 11:43:52.049613 (3106452) main____ INFO    About to exit: request to exit with status 0 received from analysis session 'session_0'
2026-02-25 11:43:52.592719 (3106452) session_ INFO    Analysis session 'session_0' disconnected.
2026-02-25 11:43:52.592912 (3106452) lic__man INFO    Unclaim everything for 'session_0'.
2026-02-25 11:43:52.593134 (3106452) session_ INFO    Process for analysis session 'session_0' has exited with exit status '0'.
2026-02-25 11:43:53.977388 (3106484) stdio___ INFO    STDIN reader requested to stop.
2026-02-25 11:43:53.977437 (3106484) stdio___ INFO    STDIN reader stopped.
2026-02-25 11:43:53.977798 (3106452) lic_core INFO    (1) checkin jasper_interactive
2026-02-25 11:43:53.981509 (3106452) lic_core INFO    (3) checkin jasper_fao
2026-02-25 11:43:54.009349 (3106452) main____ INFO    Exiting with status 0.
