2026-03-01 10:23:47.574593 (52603) main____ INFO    ----------------------------------------
2026-03-01 10:23:47.574716 (52603) main____ INFO    Jasper version info
2026-03-01 10:23:47.574734 (52603) main____ INFO      tool      : Jasper 2023.12
2026-03-01 10:23:47.574751 (52603) main____ INFO      version   : 2023.12p001 64 bits
2026-03-01 10:23:47.574765 (52603) main____ INFO      build date: 2024.01.23 16:09:24 UTC
2026-03-01 10:23:47.574776 (52603) main____ INFO    ----------------------------------------
2026-03-01 10:23:47.574786 (52603) main____ INFO    Runtime info:
2026-03-01 10:23:47.574797 (52603) main____ INFO      platform  : Linux 4.18.0-553.89.1.el8_10.x86_64 x86_64
2026-03-01 10:23:47.574818 (52603) main____ INFO      hostname  : caddy12.stanford.edu
2026-03-01 10:23:47.574834 (52603) main____ INFO      pid       : 52603
2026-03-01 10:23:47.574845 (52603) main____ INFO      arguments : '-style' 'windows' '-allow_unsupported_OS' '-no_gui' '-fpv' './synthlc/i_LW_out/xHBPerfG_dfg_v3_div/HB_295_.tcl' '-proj' './synthlc/i_LW_out/xHBPerfG_dfg_v3_div/HB_295_jgsession_26-03-01-10_23_47'
2026-03-01 10:23:47.574863 (52603) main____ INFO      locale    : UTF-8
2026-03-01 10:23:47.574874 (52603) main____ INFO    ----------------------------------------
2026-03-01 10:23:47.574883 (52603) main____ INFO    System resource limits info:
2026-03-01 10:23:47.574897 (52603) main____ INFO      virtual memory: unlimited
2026-03-01 10:23:47.574909 (52603) main____ INFO      cpu time      : unlimited
2026-03-01 10:23:47.574928 (52603) main____ INFO      processes     : 4096
2026-03-01 10:23:47.574949 (52603) main____ INFO      stack size    : 8388608 B
2026-03-01 10:23:47.574964 (52603) main____ INFO      core file size: 0 B
2026-03-01 10:23:47.574978 (52603) main____ INFO      open files    : 4096
2026-03-01 10:23:47.574991 (52603) main____ INFO      file size     : unlimited
2026-03-01 10:23:47.575001 (52603) main____ INFO    ----------------------------------------
2026-03-01 10:23:47.575011 (52603) main____ INFO    Memory statistics:
2026-03-01 10:23:47.575023 (52603) main____ INFO      total physical memory  : 98449088 kB
2026-03-01 10:23:47.575035 (52603) main____ INFO      free physical memory   : 80427668 kB
2026-03-01 10:23:47.575048 (52603) main____ INFO      committed address space: 14310616 kB
2026-03-01 10:23:47.575058 (52603) main____ INFO    ----------------------------------------
2026-03-01 10:23:47.576244 (52603) main____ INFO    Important environment variables:
2026-03-01 10:23:47.576274 (52603) main____ INFO      CDS_LIC_FILE       : '5280@cadlic0'
2026-03-01 10:23:47.576293 (52603) main____ INFO      DISPLAY            : 'localhost:12.0'
2026-03-01 10:23:47.576306 (52603) main____ INFO      JASPER_INSTALL_DIR : '/cad/cadence/jasper_2023.12p001'
2026-03-01 10:23:47.576317 (52603) main____ INFO      JASPER_KERNEL_CHECK: '1'
2026-03-01 10:23:47.576328 (52603) main____ INFO      JASPER_OS_CHECK    : '0'
2026-03-01 10:23:47.576338 (52603) main____ INFO      LANG               : 'zh_TW.UTF-8'
2026-03-01 10:23:47.576347 (52603) main____ INFO    ----------------------------------------
2026-03-01 10:23:47.578883 (52603) lic_core INFO    Initializing license system ...
2026-03-01 10:23:47.590172 (52603) lic_core INFO    ... license system initialized.
2026-03-01 10:23:47.618987 (52603) lic__man INFO    Claim 'main' for <ui>.
2026-03-01 10:23:47.619077 (52603) lic_core INFO    (1) checking out 'jasper_interactive' ...
2026-03-01 10:23:47.631872 (52603) lic_core INFO    ... (1) checkout succeeded
2026-03-01 10:23:47.631987 (52603) lic__man INFO    Claim 'fpv' for <ui>.
2026-03-01 10:23:47.632016 (52603) lic_core INFO    (2) checking out 'jasper_fpv' ...
2026-03-01 10:23:47.636518 (52603) lic_core INFO    ... (2) checkout failed (error: -5) ("FLEXnet ERROR(-5, 0, 0): No such feature exists.")
2026-03-01 10:23:47.636582 (52603) lic_core INFO    (3) checking out 'jasper_fao' ...
2026-03-01 10:23:47.648073 (52603) lic_core INFO    ... (3) checkout succeeded
2026-03-01 10:23:47.649267 (52614) stdio___ INFO    Starting STDIN reader (tty: yes, tty name: '/dev/pts/0')
2026-03-01 10:23:47.649561 (52603) main____ INFO    Tool inactivity delay is 480000 ms.
2026-03-01 10:23:47.695356 (52603) session_ INFO    Starting analysis session with session id 'session_0' (launcher: <local>) ...
2026-03-01 10:23:47.697418 (52603) session_ INFO    Analysis session with session id 'session_0' started (pid: 52615)
2026-03-01 10:23:49.012333 (52603) session_ INFO    Analysis session 'session_0' connected to the console (host: 127.0.0.1:44058)
2026-03-01 10:23:52.768637 (52603) lic__man INFO    Unclaim everything for 'session_0'.
2026-03-01 10:23:53.095809 (52603) lic__man INFO    Claim 'fpv' for 'session_0'.
2026-03-01 10:23:53.095863 (52603) lic__man INFO    Claim 'fpv' for 'session_0/prove-0'.
2026-03-01 10:24:13.379808 (52603) lic__man INFO    Unclaim everything for 'session_0/prove-0'.
2026-03-01 10:24:13.472832 (52603) main____ INFO    About to exit: request to exit with status 0 received from analysis session 'session_0'
2026-03-01 10:24:13.883957 (52603) session_ INFO    Analysis session 'session_0' disconnected.
2026-03-01 10:24:13.884143 (52603) lic__man INFO    Unclaim everything for 'session_0'.
2026-03-01 10:24:13.894977 (52603) session_ INFO    Process for analysis session 'session_0' has exited with exit status '0'.
2026-03-01 10:24:15.393754 (52614) stdio___ INFO    STDIN reader requested to stop.
2026-03-01 10:24:15.393822 (52614) stdio___ INFO    STDIN reader stopped.
2026-03-01 10:24:15.397016 (52603) lic_core INFO    (1) checkin jasper_interactive
2026-03-01 10:24:15.400997 (52603) lic_core INFO    (3) checkin jasper_fao
2026-03-01 10:24:15.412753 (52603) main____ INFO    Exiting with status 0.
