2026-02-28 23:13:15.071192 (1112458) main____ INFO    ----------------------------------------
2026-02-28 23:13:15.071258 (1112458) main____ INFO    Jasper version info
2026-02-28 23:13:15.071273 (1112458) main____ INFO      tool      : Jasper 2023.12
2026-02-28 23:13:15.071287 (1112458) main____ INFO      version   : 2023.12p001 64 bits
2026-02-28 23:13:15.071300 (1112458) main____ INFO      build date: 2024.01.23 16:09:24 UTC
2026-02-28 23:13:15.071324 (1112458) main____ INFO    ----------------------------------------
2026-02-28 23:13:15.071334 (1112458) main____ INFO    Runtime info:
2026-02-28 23:13:15.071344 (1112458) main____ INFO      platform  : Linux 4.18.0-553.89.1.el8_10.x86_64 x86_64
2026-02-28 23:13:15.071361 (1112458) main____ INFO      hostname  : caddy15.stanford.edu
2026-02-28 23:13:15.071376 (1112458) main____ INFO      pid       : 1112458
2026-02-28 23:13:15.071387 (1112458) main____ INFO      arguments : '-style' 'windows' '-allow_unsupported_OS' '-no_gui' '-fpv' './synthlc/i_BEQ_out/xPerfLocCycleCount/cycle_count_div_fsm_s10_.tcl' '-proj' './synthlc/i_BEQ_out/xPerfLocCycleCount/cycle_count_div_fsm_s10_jgsession_26-02-28-23_13_14'
2026-02-28 23:13:15.071402 (1112458) main____ INFO      locale    : UTF-8
2026-02-28 23:13:15.071412 (1112458) main____ INFO    ----------------------------------------
2026-02-28 23:13:15.071429 (1112458) main____ INFO    System resource limits info:
2026-02-28 23:13:15.071441 (1112458) main____ INFO      virtual memory: unlimited
2026-02-28 23:13:15.071453 (1112458) main____ INFO      cpu time      : unlimited
2026-02-28 23:13:15.071469 (1112458) main____ INFO      processes     : 4096
2026-02-28 23:13:15.071487 (1112458) main____ INFO      stack size    : 8388608 B
2026-02-28 23:13:15.071500 (1112458) main____ INFO      core file size: 0 B
2026-02-28 23:13:15.071513 (1112458) main____ INFO      open files    : 4096
2026-02-28 23:13:15.071524 (1112458) main____ INFO      file size     : unlimited
2026-02-28 23:13:15.071534 (1112458) main____ INFO    ----------------------------------------
2026-02-28 23:13:15.071543 (1112458) main____ INFO    Memory statistics:
2026-02-28 23:13:15.071555 (1112458) main____ INFO      total physical memory  : 98449092 kB
2026-02-28 23:13:15.071565 (1112458) main____ INFO      free physical memory   : 80082436 kB
2026-02-28 23:13:15.071576 (1112458) main____ INFO      committed address space: 1411292 kB
2026-02-28 23:13:15.071586 (1112458) main____ INFO    ----------------------------------------
2026-02-28 23:13:15.072713 (1112458) main____ INFO    Important environment variables:
2026-02-28 23:13:15.072735 (1112458) main____ INFO      CDS_LIC_FILE       : '5280@cadlic0'
2026-02-28 23:13:15.072747 (1112458) main____ INFO      JASPER_INSTALL_DIR : '/cad/cadence/jasper_2023.12p001'
2026-02-28 23:13:15.072760 (1112458) main____ INFO      JASPER_KERNEL_CHECK: '1'
2026-02-28 23:13:15.072772 (1112458) main____ INFO      JASPER_OS_CHECK    : '0'
2026-02-28 23:13:15.072784 (1112458) main____ INFO      LANG               : 'en_US.UTF-8'
2026-02-28 23:13:15.072794 (1112458) main____ INFO    ----------------------------------------
2026-02-28 23:13:15.073875 (1112458) lic_core INFO    Initializing license system ...
2026-02-28 23:13:15.075879 (1112458) lic_core INFO    ... license system initialized.
2026-02-28 23:13:15.086510 (1112458) lic__man INFO    Claim 'main' for <ui>.
2026-02-28 23:13:15.086551 (1112458) lic_core INFO    (1) checking out 'jasper_interactive' ...
2026-02-28 23:13:15.099227 (1112458) lic_core INFO    ... (1) checkout succeeded
2026-02-28 23:13:15.099288 (1112458) lic__man INFO    Claim 'fpv' for <ui>.
2026-02-28 23:13:15.099324 (1112458) lic_core INFO    (2) checking out 'jasper_fpv' ...
2026-02-28 23:13:15.103113 (1112458) lic_core INFO    ... (2) checkout failed (error: -5) ("FLEXnet ERROR(-5, 0, 0): No such feature exists.")
2026-02-28 23:13:15.103143 (1112458) lic_core INFO    (3) checking out 'jasper_fao' ...
2026-02-28 23:13:15.113678 (1112458) lic_core INFO    ... (3) checkout succeeded
2026-02-28 23:13:15.114636 (1112511) stdio___ INFO    Starting STDIN reader (tty: yes, tty name: '/dev/pts/0')
2026-02-28 23:13:15.114787 (1112458) main____ INFO    Tool inactivity delay is 480000 ms.
2026-02-28 23:13:15.158634 (1112458) session_ INFO    Starting analysis session with session id 'session_0' (launcher: <local>) ...
2026-02-28 23:13:15.160453 (1112458) session_ INFO    Analysis session with session id 'session_0' started (pid: 1112512)
2026-02-28 23:13:16.275296 (1112458) session_ INFO    Analysis session 'session_0' connected to the console (host: 127.0.0.1:42444)
2026-02-28 23:13:19.257462 (1112458) lic__man INFO    Unclaim everything for 'session_0'.
2026-02-28 23:13:19.476189 (1112458) lic__man INFO    Claim 'fpv' for 'session_0'.
2026-02-28 23:13:19.476226 (1112458) lic__man INFO    Claim 'fpv' for 'session_0/prove-0'.
2026-02-28 23:13:20.436160 (1112458) lic__man INFO    Unclaim everything for 'session_0/prove-0'.
2026-02-28 23:13:20.451203 (1112458) lic__man INFO    Claim 'fpv' for 'session_0'.
2026-02-28 23:13:20.451243 (1112458) lic__man INFO    Claim 'fpv' for 'session_0/prove-1'.
2026-02-28 23:13:21.392512 (1112458) lic__man INFO    Unclaim everything for 'session_0/prove-1'.
2026-02-28 23:13:21.402823 (1112458) lic__man INFO    Claim 'fpv' for 'session_0'.
2026-02-28 23:13:21.402854 (1112458) lic__man INFO    Claim 'fpv' for 'session_0/prove-2'.
2026-02-28 23:13:22.347619 (1112458) lic__man INFO    Unclaim everything for 'session_0/prove-2'.
2026-02-28 23:13:22.356191 (1112458) lic__man INFO    Claim 'fpv' for 'session_0'.
2026-02-28 23:13:22.356230 (1112458) lic__man INFO    Claim 'fpv' for 'session_0/prove-3'.
2026-02-28 23:13:23.275486 (1112458) lic__man INFO    Unclaim everything for 'session_0/prove-3'.
2026-02-28 23:13:23.280393 (1112458) lic__man INFO    Claim 'fpv' for 'session_0'.
2026-02-28 23:13:23.280438 (1112458) lic__man INFO    Claim 'fpv' for 'session_0/prove-4'.
2026-02-28 23:13:24.563055 (1112458) lic__man INFO    Unclaim everything for 'session_0/prove-4'.
2026-02-28 23:13:24.571146 (1112458) lic__man INFO    Claim 'fpv' for 'session_0'.
2026-02-28 23:13:24.571178 (1112458) lic__man INFO    Claim 'fpv' for 'session_0/prove-5'.
2026-02-28 23:13:25.502359 (1112458) lic__man INFO    Unclaim everything for 'session_0/prove-5'.
2026-02-28 23:13:25.553539 (1112458) main____ INFO    About to exit: request to exit with status 0 received from analysis session 'session_0'
2026-02-28 23:13:25.698622 (1112458) session_ INFO    Analysis session 'session_0' disconnected.
2026-02-28 23:13:25.698810 (1112458) lic__man INFO    Unclaim everything for 'session_0'.
2026-02-28 23:13:25.699018 (1112458) session_ INFO    Process for analysis session 'session_0' has exited with exit status '0'.
2026-02-28 23:13:27.460011 (1112511) stdio___ INFO    STDIN reader requested to stop.
2026-02-28 23:13:27.460059 (1112511) stdio___ INFO    STDIN reader stopped.
2026-02-28 23:13:27.460327 (1112458) lic_core INFO    (1) checkin jasper_interactive
2026-02-28 23:13:27.461914 (1112458) lic_core INFO    (3) checkin jasper_fao
2026-02-28 23:13:27.463195 (1112458) main____ INFO    Exiting with status 0.
