2026-03-01 14:55:39.742532 (213669) main____ INFO    ----------------------------------------
2026-03-01 14:55:39.742601 (213669) main____ INFO    Jasper version info
2026-03-01 14:55:39.742616 (213669) main____ INFO      tool      : Jasper 2023.12
2026-03-01 14:55:39.742631 (213669) main____ INFO      version   : 2023.12p001 64 bits
2026-03-01 14:55:39.742644 (213669) main____ INFO      build date: 2024.01.23 16:09:24 UTC
2026-03-01 14:55:39.742655 (213669) main____ INFO    ----------------------------------------
2026-03-01 14:55:39.742665 (213669) main____ INFO    Runtime info:
2026-03-01 14:55:39.742698 (213669) main____ INFO      platform  : Linux 4.18.0-553.89.1.el8_10.x86_64 x86_64
2026-03-01 14:55:39.742718 (213669) main____ INFO      hostname  : caddy12.stanford.edu
2026-03-01 14:55:39.742733 (213669) main____ INFO      pid       : 213669
2026-03-01 14:55:39.742745 (213669) main____ INFO      arguments : '-style' 'windows' '-allow_unsupported_OS' '-no_gui' '-fpv' './synthlc/i_LW_out/xCollectReEval/com_5_.tcl' '-proj' './synthlc/i_LW_out/xCollectReEval/com_5_jgsession_26-03-01-14_55_39'
2026-03-01 14:55:39.742760 (213669) main____ INFO      locale    : UTF-8
2026-03-01 14:55:39.742771 (213669) main____ INFO    ----------------------------------------
2026-03-01 14:55:39.742791 (213669) main____ INFO    System resource limits info:
2026-03-01 14:55:39.742805 (213669) main____ INFO      virtual memory: unlimited
2026-03-01 14:55:39.742817 (213669) main____ INFO      cpu time      : unlimited
2026-03-01 14:55:39.742834 (213669) main____ INFO      processes     : 4096
2026-03-01 14:55:39.742852 (213669) main____ INFO      stack size    : 8388608 B
2026-03-01 14:55:39.742867 (213669) main____ INFO      core file size: 0 B
2026-03-01 14:55:39.742881 (213669) main____ INFO      open files    : 4096
2026-03-01 14:55:39.742893 (213669) main____ INFO      file size     : unlimited
2026-03-01 14:55:39.742904 (213669) main____ INFO    ----------------------------------------
2026-03-01 14:55:39.742923 (213669) main____ INFO    Memory statistics:
2026-03-01 14:55:39.742935 (213669) main____ INFO      total physical memory  : 98449088 kB
2026-03-01 14:55:39.742947 (213669) main____ INFO      free physical memory   : 86437688 kB
2026-03-01 14:55:39.742959 (213669) main____ INFO      committed address space: 6622636 kB
2026-03-01 14:55:39.742969 (213669) main____ INFO    ----------------------------------------
2026-03-01 14:55:39.744113 (213669) main____ INFO    Important environment variables:
2026-03-01 14:55:39.744136 (213669) main____ INFO      CDS_LIC_FILE       : '5280@cadlic0'
2026-03-01 14:55:39.744149 (213669) main____ INFO      DISPLAY            : 'localhost:12.0'
2026-03-01 14:55:39.744162 (213669) main____ INFO      JASPER_INSTALL_DIR : '/cad/cadence/jasper_2023.12p001'
2026-03-01 14:55:39.744174 (213669) main____ INFO      JASPER_KERNEL_CHECK: '1'
2026-03-01 14:55:39.744187 (213669) main____ INFO      JASPER_OS_CHECK    : '0'
2026-03-01 14:55:39.744199 (213669) main____ INFO      LANG               : 'zh_TW.UTF-8'
2026-03-01 14:55:39.744210 (213669) main____ INFO    ----------------------------------------
2026-03-01 14:55:39.745311 (213669) lic_core INFO    Initializing license system ...
2026-03-01 14:55:39.748020 (213669) lic_core INFO    ... license system initialized.
2026-03-01 14:55:39.763536 (213669) lic__man INFO    Claim 'main' for <ui>.
2026-03-01 14:55:39.763587 (213669) lic_core INFO    (1) checking out 'jasper_interactive' ...
2026-03-01 14:55:39.776407 (213669) lic_core INFO    ... (1) checkout succeeded
2026-03-01 14:55:39.776500 (213669) lic__man INFO    Claim 'fpv' for <ui>.
2026-03-01 14:55:39.776529 (213669) lic_core INFO    (2) checking out 'jasper_fpv' ...
2026-03-01 14:55:39.780405 (213669) lic_core INFO    ... (2) checkout failed (error: -5) ("FLEXnet ERROR(-5, 0, 0): No such feature exists.")
2026-03-01 14:55:39.780448 (213669) lic_core INFO    (3) checking out 'jasper_fao' ...
2026-03-01 14:55:39.791491 (213669) lic_core INFO    ... (3) checkout succeeded
2026-03-01 14:55:39.796058 (213699) stdio___ INFO    Starting STDIN reader (tty: yes, tty name: '/dev/pts/0')
2026-03-01 14:55:39.796180 (213669) main____ INFO    Tool inactivity delay is 480000 ms.
2026-03-01 14:55:39.839716 (213669) session_ INFO    Starting analysis session with session id 'session_0' (launcher: <local>) ...
2026-03-01 14:55:39.842073 (213669) session_ INFO    Analysis session with session id 'session_0' started (pid: 213703)
2026-03-01 14:55:40.924243 (213669) session_ INFO    Analysis session 'session_0' connected to the console (host: 127.0.0.1:50464)
2026-03-01 14:55:44.027370 (213669) lic__man INFO    Unclaim everything for 'session_0'.
2026-03-01 14:55:44.240716 (213669) lic__man INFO    Claim 'fpv' for 'session_0'.
2026-03-01 14:55:44.240764 (213669) lic__man INFO    Claim 'fpv' for 'session_0/prove-0'.
2026-03-01 14:55:45.497025 (213669) lic__man INFO    Unclaim everything for 'session_0/prove-0'.
2026-03-01 14:55:45.497555 (213669) lic__man INFO    Claim 'fpv' for 'session_0'.
2026-03-01 14:55:45.497584 (213669) lic__man INFO    Claim 'fpv' for 'session_0/prove-1'.
2026-03-01 14:55:45.861238 (213669) lic__man INFO    Unclaim everything for 'session_0/prove-1'.
2026-03-01 14:55:45.861583 (213669) lic__man INFO    Claim 'fpv' for 'session_0'.
2026-03-01 14:55:45.861611 (213669) lic__man INFO    Claim 'fpv' for 'session_0/prove-2'.
2026-03-01 14:56:01.368085 (213669) lic__man INFO    Unclaim everything for 'session_0/prove-2'.
2026-03-01 14:56:01.412887 (213669) main____ INFO    About to exit: request to exit with status 0 received from analysis session 'session_0'
2026-03-01 14:56:01.563390 (213669) session_ INFO    Analysis session 'session_0' disconnected.
2026-03-01 14:56:01.563617 (213669) lic__man INFO    Unclaim everything for 'session_0'.
2026-03-01 14:56:01.563839 (213669) session_ INFO    Process for analysis session 'session_0' has exited with exit status '0'.
2026-03-01 14:56:03.392705 (213699) stdio___ INFO    STDIN reader requested to stop.
2026-03-01 14:56:03.392750 (213699) stdio___ INFO    STDIN reader stopped.
2026-03-01 14:56:03.393009 (213669) lic_core INFO    (1) checkin jasper_interactive
2026-03-01 14:56:03.394497 (213669) lic_core INFO    (3) checkin jasper_fao
2026-03-01 14:56:03.395435 (213669) main____ INFO    Exiting with status 0.
