2026-02-28 23:00:33.441274 (3775837) main____ INFO    ----------------------------------------
2026-02-28 23:00:33.441373 (3775837) main____ INFO    Jasper version info
2026-02-28 23:00:33.441390 (3775837) main____ INFO      tool      : Jasper 2023.12
2026-02-28 23:00:33.441406 (3775837) main____ INFO      version   : 2023.12p001 64 bits
2026-02-28 23:00:33.441421 (3775837) main____ INFO      build date: 2024.01.23 16:09:24 UTC
2026-02-28 23:00:33.441431 (3775837) main____ INFO    ----------------------------------------
2026-02-28 23:00:33.441441 (3775837) main____ INFO    Runtime info:
2026-02-28 23:00:33.441453 (3775837) main____ INFO      platform  : Linux 4.18.0-553.89.1.el8_10.x86_64 x86_64
2026-02-28 23:00:33.441473 (3775837) main____ INFO      hostname  : caddy12.stanford.edu
2026-02-28 23:00:33.441489 (3775837) main____ INFO      pid       : 3775837
2026-02-28 23:00:33.441501 (3775837) main____ INFO      arguments : '-style' 'windows' '-allow_unsupported_OS' '-no_gui' '-fpv' './synthlc/i_ADDI_out/xHBPerfG_dfg_v3_div/HB_316_.tcl' '-proj' './synthlc/i_ADDI_out/xHBPerfG_dfg_v3_div/HB_316_jgsession_26-02-28-23_00_32'
2026-02-28 23:00:33.441519 (3775837) main____ INFO      locale    : UTF-8
2026-02-28 23:00:33.441529 (3775837) main____ INFO    ----------------------------------------
2026-02-28 23:00:33.441539 (3775837) main____ INFO    System resource limits info:
2026-02-28 23:00:33.441552 (3775837) main____ INFO      virtual memory: unlimited
2026-02-28 23:00:33.441565 (3775837) main____ INFO      cpu time      : unlimited
2026-02-28 23:00:33.441595 (3775837) main____ INFO      processes     : 4096
2026-02-28 23:00:33.441617 (3775837) main____ INFO      stack size    : 8388608 B
2026-02-28 23:00:33.441632 (3775837) main____ INFO      core file size: 0 B
2026-02-28 23:00:33.441646 (3775837) main____ INFO      open files    : 4096
2026-02-28 23:00:33.441658 (3775837) main____ INFO      file size     : unlimited
2026-02-28 23:00:33.441682 (3775837) main____ INFO    ----------------------------------------
2026-02-28 23:00:33.441692 (3775837) main____ INFO    Memory statistics:
2026-02-28 23:00:33.441704 (3775837) main____ INFO      total physical memory  : 98449088 kB
2026-02-28 23:00:33.441716 (3775837) main____ INFO      free physical memory   : 84269440 kB
2026-02-28 23:00:33.441729 (3775837) main____ INFO      committed address space: 10909444 kB
2026-02-28 23:00:33.441739 (3775837) main____ INFO    ----------------------------------------
2026-02-28 23:00:33.442928 (3775837) main____ INFO    Important environment variables:
2026-02-28 23:00:33.442953 (3775837) main____ INFO      CDS_LIC_FILE       : '5280@cadlic0'
2026-02-28 23:00:33.442967 (3775837) main____ INFO      DISPLAY            : 'localhost:12.0'
2026-02-28 23:00:33.442979 (3775837) main____ INFO      JASPER_INSTALL_DIR : '/cad/cadence/jasper_2023.12p001'
2026-02-28 23:00:33.442992 (3775837) main____ INFO      JASPER_KERNEL_CHECK: '1'
2026-02-28 23:00:33.443004 (3775837) main____ INFO      JASPER_OS_CHECK    : '0'
2026-02-28 23:00:33.443016 (3775837) main____ INFO      LANG               : 'zh_TW.UTF-8'
2026-02-28 23:00:33.443027 (3775837) main____ INFO    ----------------------------------------
2026-02-28 23:00:33.446833 (3775837) lic_core INFO    Initializing license system ...
2026-02-28 23:00:33.471192 (3775837) lic_core INFO    ... license system initialized.
2026-02-28 23:00:33.607027 (3775837) lic__man INFO    Claim 'main' for <ui>.
2026-02-28 23:00:33.607113 (3775837) lic_core INFO    (1) checking out 'jasper_interactive' ...
2026-02-28 23:00:33.676928 (3775837) lic_core INFO    ... (1) checkout succeeded
2026-02-28 23:00:33.677050 (3775837) lic__man INFO    Claim 'fpv' for <ui>.
2026-02-28 23:00:33.677081 (3775837) lic_core INFO    (2) checking out 'jasper_fpv' ...
2026-02-28 23:00:33.742174 (3775837) lic_core INFO    ... (2) checkout failed (error: -5) ("FLEXnet ERROR(-5, 0, 0): No such feature exists.")
2026-02-28 23:00:33.742252 (3775837) lic_core INFO    (3) checking out 'jasper_fao' ...
2026-02-28 23:00:33.753701 (3775837) lic_core INFO    ... (3) checkout succeeded
2026-02-28 23:00:33.775906 (3775837) main____ INFO    Tool inactivity delay is 480000 ms.
2026-02-28 23:00:33.796010 (3775853) stdio___ INFO    Starting STDIN reader (tty: yes, tty name: '/dev/pts/0')
2026-02-28 23:00:34.098902 (3775837) session_ INFO    Starting analysis session with session id 'session_0' (launcher: <local>) ...
2026-02-28 23:00:34.100823 (3775837) session_ INFO    Analysis session with session id 'session_0' started (pid: 3775854)
2026-02-28 23:00:38.181249 (3775837) session_ INFO    Analysis session 'session_0' connected to the console (host: 127.0.0.1:52546)
2026-02-28 23:00:47.550993 (3775837) lic__man INFO    Unclaim everything for 'session_0'.
2026-02-28 23:00:48.113290 (3775837) lic__man INFO    Claim 'fpv' for 'session_0'.
2026-02-28 23:00:48.113341 (3775837) lic__man INFO    Claim 'fpv' for 'session_0/prove-0'.
2026-02-28 23:00:58.364024 (3775837) lic__man INFO    Unclaim everything for 'session_0/prove-0'.
2026-02-28 23:00:58.398037 (3775837) main____ INFO    About to exit: request to exit with status 0 received from analysis session 'session_0'
2026-02-28 23:00:58.907909 (3775837) session_ INFO    Analysis session 'session_0' disconnected.
2026-02-28 23:00:58.908070 (3775837) lic__man INFO    Unclaim everything for 'session_0'.
2026-02-28 23:00:58.918889 (3775837) session_ INFO    Process for analysis session 'session_0' has exited with exit status '0'.
2026-02-28 23:01:00.406756 (3775853) stdio___ INFO    STDIN reader requested to stop.
2026-02-28 23:01:00.406833 (3775853) stdio___ INFO    STDIN reader stopped.
2026-02-28 23:01:00.407149 (3775837) lic_core INFO    (1) checkin jasper_interactive
2026-02-28 23:01:00.408788 (3775837) lic_core INFO    (3) checkin jasper_fao
2026-02-28 23:01:00.436726 (3775837) main____ INFO    Exiting with status 0.
