2026-03-01 01:31:17.744492 (1157251) main____ INFO    ----------------------------------------
2026-03-01 01:31:17.744564 (1157251) main____ INFO    Jasper version info
2026-03-01 01:31:17.744579 (1157251) main____ INFO      tool      : Jasper 2023.12
2026-03-01 01:31:17.744593 (1157251) main____ INFO      version   : 2023.12p001 64 bits
2026-03-01 01:31:17.744605 (1157251) main____ INFO      build date: 2024.01.23 16:09:24 UTC
2026-03-01 01:31:17.744615 (1157251) main____ INFO    ----------------------------------------
2026-03-01 01:31:17.744624 (1157251) main____ INFO    Runtime info:
2026-03-01 01:31:17.744635 (1157251) main____ INFO      platform  : Linux 4.18.0-553.89.1.el8_10.x86_64 x86_64
2026-03-01 01:31:17.744652 (1157251) main____ INFO      hostname  : caddy15.stanford.edu
2026-03-01 01:31:17.744667 (1157251) main____ INFO      pid       : 1157251
2026-03-01 01:31:17.744678 (1157251) main____ INFO      arguments : '-style' 'windows' '-allow_unsupported_OS' '-no_gui' '-fpv' './synthlc/i_LW_out/xPairwiseDepDiv/exclusive_29_.tcl' '-proj' './synthlc/i_LW_out/xPairwiseDepDiv/exclusive_29_jgsession_26-03-01-01_31_17'
2026-03-01 01:31:17.744693 (1157251) main____ INFO      locale    : UTF-8
2026-03-01 01:31:17.744702 (1157251) main____ INFO    ----------------------------------------
2026-03-01 01:31:17.744711 (1157251) main____ INFO    System resource limits info:
2026-03-01 01:31:17.744723 (1157251) main____ INFO      virtual memory: unlimited
2026-03-01 01:31:17.744735 (1157251) main____ INFO      cpu time      : unlimited
2026-03-01 01:31:17.744752 (1157251) main____ INFO      processes     : 4096
2026-03-01 01:31:17.744770 (1157251) main____ INFO      stack size    : 8388608 B
2026-03-01 01:31:17.744784 (1157251) main____ INFO      core file size: 0 B
2026-03-01 01:31:17.744796 (1157251) main____ INFO      open files    : 4096
2026-03-01 01:31:17.744808 (1157251) main____ INFO      file size     : unlimited
2026-03-01 01:31:17.744817 (1157251) main____ INFO    ----------------------------------------
2026-03-01 01:31:17.744826 (1157251) main____ INFO    Memory statistics:
2026-03-01 01:31:17.744838 (1157251) main____ INFO      total physical memory  : 98449092 kB
2026-03-01 01:31:17.744849 (1157251) main____ INFO      free physical memory   : 79832736 kB
2026-03-01 01:31:17.744860 (1157251) main____ INFO      committed address space: 1778372 kB
2026-03-01 01:31:17.744869 (1157251) main____ INFO    ----------------------------------------
2026-03-01 01:31:17.746005 (1157251) main____ INFO    Important environment variables:
2026-03-01 01:31:17.746029 (1157251) main____ INFO      CDS_LIC_FILE       : '5280@cadlic0'
2026-03-01 01:31:17.746041 (1157251) main____ INFO      JASPER_INSTALL_DIR : '/cad/cadence/jasper_2023.12p001'
2026-03-01 01:31:17.746053 (1157251) main____ INFO      JASPER_KERNEL_CHECK: '1'
2026-03-01 01:31:17.746064 (1157251) main____ INFO      JASPER_OS_CHECK    : '0'
2026-03-01 01:31:17.746076 (1157251) main____ INFO      LANG               : 'en_US.UTF-8'
2026-03-01 01:31:17.746086 (1157251) main____ INFO    ----------------------------------------
2026-03-01 01:31:17.747265 (1157251) lic_core INFO    Initializing license system ...
2026-03-01 01:31:17.748802 (1157251) lic_core INFO    ... license system initialized.
2026-03-01 01:31:17.760414 (1157251) lic__man INFO    Claim 'main' for <ui>.
2026-03-01 01:31:17.760459 (1157251) lic_core INFO    (1) checking out 'jasper_interactive' ...
2026-03-01 01:31:17.773423 (1157251) lic_core INFO    ... (1) checkout succeeded
2026-03-01 01:31:17.773513 (1157251) lic__man INFO    Claim 'fpv' for <ui>.
2026-03-01 01:31:17.773538 (1157251) lic_core INFO    (2) checking out 'jasper_fpv' ...
2026-03-01 01:31:17.777630 (1157251) lic_core INFO    ... (2) checkout failed (error: -5) ("FLEXnet ERROR(-5, 0, 0): No such feature exists.")
2026-03-01 01:31:17.777663 (1157251) lic_core INFO    (3) checking out 'jasper_fao' ...
2026-03-01 01:31:17.788447 (1157251) lic_core INFO    ... (3) checkout succeeded
2026-03-01 01:31:17.789461 (1157292) stdio___ INFO    Starting STDIN reader (tty: yes, tty name: '/dev/pts/0')
2026-03-01 01:31:17.789589 (1157251) main____ INFO    Tool inactivity delay is 480000 ms.
2026-03-01 01:31:17.829886 (1157251) session_ INFO    Starting analysis session with session id 'session_0' (launcher: <local>) ...
2026-03-01 01:31:17.831700 (1157251) session_ INFO    Analysis session with session id 'session_0' started (pid: 1157293)
2026-03-01 01:31:18.926894 (1157251) session_ INFO    Analysis session 'session_0' connected to the console (host: 127.0.0.1:46144)
2026-03-01 01:31:21.971743 (1157251) lic__man INFO    Unclaim everything for 'session_0'.
2026-03-01 01:31:22.174174 (1157251) lic__man INFO    Claim 'fpv' for 'session_0'.
2026-03-01 01:31:22.174213 (1157251) lic__man INFO    Claim 'fpv' for 'session_0/prove-0'.
2026-03-01 01:31:23.439586 (1157251) lic__man INFO    Unclaim everything for 'session_0/prove-0'.
2026-03-01 01:31:23.495491 (1157251) main____ INFO    About to exit: request to exit with status 0 received from analysis session 'session_0'
2026-03-01 01:31:23.646992 (1157251) session_ INFO    Analysis session 'session_0' disconnected.
2026-03-01 01:31:23.647186 (1157251) lic__man INFO    Unclaim everything for 'session_0'.
2026-03-01 01:31:23.647407 (1157251) session_ INFO    Process for analysis session 'session_0' has exited with exit status '0'.
2026-03-01 01:31:25.404095 (1157292) stdio___ INFO    STDIN reader requested to stop.
2026-03-01 01:31:25.404125 (1157292) stdio___ INFO    STDIN reader stopped.
2026-03-01 01:31:25.404378 (1157251) lic_core INFO    (1) checkin jasper_interactive
2026-03-01 01:31:25.405511 (1157251) lic_core INFO    (3) checkin jasper_fao
2026-03-01 01:31:25.406932 (1157251) main____ INFO    Exiting with status 0.
