2026-02-26 01:52:24.681320 (1862824) main____ INFO    ----------------------------------------
2026-02-26 01:52:24.681401 (1862824) main____ INFO    Jasper version info
2026-02-26 01:52:24.681418 (1862824) main____ INFO      tool      : Jasper 2023.12
2026-02-26 01:52:24.681432 (1862824) main____ INFO      version   : 2023.12p001 64 bits
2026-02-26 01:52:24.681445 (1862824) main____ INFO      build date: 2024.01.23 16:09:24 UTC
2026-02-26 01:52:24.681454 (1862824) main____ INFO    ----------------------------------------
2026-02-26 01:52:24.681463 (1862824) main____ INFO    Runtime info:
2026-02-26 01:52:24.681473 (1862824) main____ INFO      platform  : Linux 4.18.0-553.89.1.el8_10.x86_64 x86_64
2026-02-26 01:52:24.681491 (1862824) main____ INFO      hostname  : caddy12.stanford.edu
2026-02-26 01:52:24.681506 (1862824) main____ INFO      pid       : 1862824
2026-02-26 01:52:24.681516 (1862824) main____ INFO      arguments : '-style' 'windows' '-allow_unsupported_OS' '-no_gui' '-fpv' './synthlc/i_MUL_out/xHBPerfG_dfg_v3_div/HB_285_.tcl' '-proj' './synthlc/i_MUL_out/xHBPerfG_dfg_v3_div/HB_285_jgsession_26-02-26-01_52_24'
2026-02-26 01:52:24.681543 (1862824) main____ INFO      locale    : UTF-8
2026-02-26 01:52:24.681552 (1862824) main____ INFO    ----------------------------------------
2026-02-26 01:52:24.681561 (1862824) main____ INFO    System resource limits info:
2026-02-26 01:52:24.681573 (1862824) main____ INFO      virtual memory: unlimited
2026-02-26 01:52:24.681584 (1862824) main____ INFO      cpu time      : unlimited
2026-02-26 01:52:24.681601 (1862824) main____ INFO      processes     : 4096
2026-02-26 01:52:24.681619 (1862824) main____ INFO      stack size    : 8388608 B
2026-02-26 01:52:24.681632 (1862824) main____ INFO      core file size: 0 B
2026-02-26 01:52:24.681644 (1862824) main____ INFO      open files    : 4096
2026-02-26 01:52:24.681656 (1862824) main____ INFO      file size     : unlimited
2026-02-26 01:52:24.681678 (1862824) main____ INFO    ----------------------------------------
2026-02-26 01:52:24.681687 (1862824) main____ INFO    Memory statistics:
2026-02-26 01:52:24.681698 (1862824) main____ INFO      total physical memory  : 98449088 kB
2026-02-26 01:52:24.681709 (1862824) main____ INFO      free physical memory   : 79499468 kB
2026-02-26 01:52:24.681720 (1862824) main____ INFO      committed address space: 5102448 kB
2026-02-26 01:52:24.681729 (1862824) main____ INFO    ----------------------------------------
2026-02-26 01:52:24.682927 (1862824) main____ INFO    Important environment variables:
2026-02-26 01:52:24.682951 (1862824) main____ INFO      CDS_LIC_FILE       : '5280@cadlic0'
2026-02-26 01:52:24.682964 (1862824) main____ INFO      DISPLAY            : 'localhost:12.0'
2026-02-26 01:52:24.682975 (1862824) main____ INFO      JASPER_INSTALL_DIR : '/cad/cadence/jasper_2023.12p001'
2026-02-26 01:52:24.682986 (1862824) main____ INFO      JASPER_KERNEL_CHECK: '1'
2026-02-26 01:52:24.682997 (1862824) main____ INFO      JASPER_OS_CHECK    : '0'
2026-02-26 01:52:24.683009 (1862824) main____ INFO      LANG               : 'zh_TW.UTF-8'
2026-02-26 01:52:24.683018 (1862824) main____ INFO    ----------------------------------------
2026-02-26 01:52:24.684845 (1862824) lic_core INFO    Initializing license system ...
2026-02-26 01:52:24.703014 (1862824) lic_core INFO    ... license system initialized.
2026-02-26 01:52:24.716080 (1862824) lic__man INFO    Claim 'main' for <ui>.
2026-02-26 01:52:24.716141 (1862824) lic_core INFO    (1) checking out 'jasper_interactive' ...
2026-02-26 01:52:24.728355 (1862824) lic_core INFO    ... (1) checkout succeeded
2026-02-26 01:52:24.728447 (1862824) lic__man INFO    Claim 'fpv' for <ui>.
2026-02-26 01:52:24.728476 (1862824) lic_core INFO    (2) checking out 'jasper_fpv' ...
2026-02-26 01:52:24.732511 (1862824) lic_core INFO    ... (2) checkout failed (error: -5) ("FLEXnet ERROR(-5, 0, 0): No such feature exists.")
2026-02-26 01:52:24.732568 (1862824) lic_core INFO    (3) checking out 'jasper_fao' ...
2026-02-26 01:52:24.744963 (1862824) lic_core INFO    ... (3) checkout succeeded
2026-02-26 01:52:24.746415 (1862824) main____ INFO    Tool inactivity delay is 480000 ms.
2026-02-26 01:52:24.754890 (1862850) stdio___ INFO    Starting STDIN reader (tty: yes, tty name: '/dev/pts/0')
2026-02-26 01:52:24.794042 (1862824) session_ INFO    Starting analysis session with session id 'session_0' (launcher: <local>) ...
2026-02-26 01:52:24.796037 (1862824) session_ INFO    Analysis session with session id 'session_0' started (pid: 1862851)
2026-02-26 01:52:26.322181 (1862824) session_ INFO    Analysis session 'session_0' connected to the console (host: 127.0.0.1:38666)
2026-02-26 01:52:30.708900 (1862824) lic__man INFO    Unclaim everything for 'session_0'.
2026-02-26 01:52:31.076355 (1862824) lic__man INFO    Claim 'fpv' for 'session_0'.
2026-02-26 01:52:31.076405 (1862824) lic__man INFO    Claim 'fpv' for 'session_0/prove-0'.
2026-02-26 01:52:39.570911 (1862824) lic__man INFO    Unclaim everything for 'session_0/prove-0'.
2026-02-26 01:52:39.646858 (1862824) main____ INFO    About to exit: request to exit with status 0 received from analysis session 'session_0'
2026-02-26 01:52:39.930919 (1862824) session_ INFO    Analysis session 'session_0' disconnected.
2026-02-26 01:52:39.931056 (1862824) lic__man INFO    Unclaim everything for 'session_0'.
2026-02-26 01:52:39.931245 (1862824) session_ INFO    Process for analysis session 'session_0' has exited with exit status '0'.
2026-02-26 01:52:41.755751 (1862850) stdio___ INFO    STDIN reader requested to stop.
2026-02-26 01:52:41.755806 (1862850) stdio___ INFO    STDIN reader stopped.
2026-02-26 01:52:41.756166 (1862824) lic_core INFO    (1) checkin jasper_interactive
2026-02-26 01:52:41.767583 (1862824) lic_core INFO    (3) checkin jasper_fao
2026-02-26 01:52:41.779427 (1862824) main____ INFO    Exiting with status 0.
