2026-03-01 06:38:03.342018 (4030841) main____ INFO    ----------------------------------------
2026-03-01 06:38:03.342118 (4030841) main____ INFO    Jasper version info
2026-03-01 06:38:03.342148 (4030841) main____ INFO      tool      : Jasper 2023.12
2026-03-01 06:38:03.342167 (4030841) main____ INFO      version   : 2023.12p001 64 bits
2026-03-01 06:38:03.342183 (4030841) main____ INFO      build date: 2024.01.23 16:09:24 UTC
2026-03-01 06:38:03.342196 (4030841) main____ INFO    ----------------------------------------
2026-03-01 06:38:03.342207 (4030841) main____ INFO    Runtime info:
2026-03-01 06:38:03.342221 (4030841) main____ INFO      platform  : Linux 4.18.0-553.89.1.el8_10.x86_64 x86_64
2026-03-01 06:38:03.342242 (4030841) main____ INFO      hostname  : caddy12.stanford.edu
2026-03-01 06:38:03.342260 (4030841) main____ INFO      pid       : 4030841
2026-03-01 06:38:03.342273 (4030841) main____ INFO      arguments : '-style' 'windows' '-allow_unsupported_OS' '-no_gui' '-fpv' './synthlc/i_LW_out/xPairwiseDepDiv/exclusive_162_.tcl' '-proj' './synthlc/i_LW_out/xPairwiseDepDiv/exclusive_162_jgsession_26-03-01-06_38_02'
2026-03-01 06:38:03.342292 (4030841) main____ INFO      locale    : UTF-8
2026-03-01 06:38:03.342305 (4030841) main____ INFO    ----------------------------------------
2026-03-01 06:38:03.342317 (4030841) main____ INFO    System resource limits info:
2026-03-01 06:38:03.342332 (4030841) main____ INFO      virtual memory: unlimited
2026-03-01 06:38:03.342346 (4030841) main____ INFO      cpu time      : unlimited
2026-03-01 06:38:03.342368 (4030841) main____ INFO      processes     : 4096
2026-03-01 06:38:03.342391 (4030841) main____ INFO      stack size    : 8388608 B
2026-03-01 06:38:03.342408 (4030841) main____ INFO      core file size: 0 B
2026-03-01 06:38:03.342424 (4030841) main____ INFO      open files    : 4096
2026-03-01 06:38:03.342439 (4030841) main____ INFO      file size     : unlimited
2026-03-01 06:38:03.342451 (4030841) main____ INFO    ----------------------------------------
2026-03-01 06:38:03.342462 (4030841) main____ INFO    Memory statistics:
2026-03-01 06:38:03.342477 (4030841) main____ INFO      total physical memory  : 98449088 kB
2026-03-01 06:38:03.342491 (4030841) main____ INFO      free physical memory   : 75105468 kB
2026-03-01 06:38:03.342505 (4030841) main____ INFO      committed address space: 20651864 kB
2026-03-01 06:38:03.342517 (4030841) main____ INFO    ----------------------------------------
2026-03-01 06:38:03.343916 (4030841) main____ INFO    Important environment variables:
2026-03-01 06:38:03.343949 (4030841) main____ INFO      CDS_LIC_FILE       : '5280@cadlic0'
2026-03-01 06:38:03.343965 (4030841) main____ INFO      DISPLAY            : 'localhost:12.0'
2026-03-01 06:38:03.343980 (4030841) main____ INFO      JASPER_INSTALL_DIR : '/cad/cadence/jasper_2023.12p001'
2026-03-01 06:38:03.343995 (4030841) main____ INFO      JASPER_KERNEL_CHECK: '1'
2026-03-01 06:38:03.344009 (4030841) main____ INFO      JASPER_OS_CHECK    : '0'
2026-03-01 06:38:03.344023 (4030841) main____ INFO      LANG               : 'zh_TW.UTF-8'
2026-03-01 06:38:03.344036 (4030841) main____ INFO    ----------------------------------------
2026-03-01 06:38:03.352042 (4030841) lic_core INFO    Initializing license system ...
2026-03-01 06:38:03.411583 (4030841) lic_core INFO    ... license system initialized.
2026-03-01 06:38:03.517360 (4030841) lic__man INFO    Claim 'main' for <ui>.
2026-03-01 06:38:03.517451 (4030841) lic_core INFO    (1) checking out 'jasper_interactive' ...
2026-03-01 06:38:03.579370 (4030841) lic_core INFO    ... (1) checkout succeeded
2026-03-01 06:38:03.579503 (4030841) lic__man INFO    Claim 'fpv' for <ui>.
2026-03-01 06:38:03.579536 (4030841) lic_core INFO    (2) checking out 'jasper_fpv' ...
2026-03-01 06:38:03.645206 (4030841) lic_core INFO    ... (2) checkout failed (error: -5) ("FLEXnet ERROR(-5, 0, 0): No such feature exists.")
2026-03-01 06:38:03.645330 (4030841) lic_core INFO    (3) checking out 'jasper_fao' ...
2026-03-01 06:38:03.707352 (4030841) lic_core INFO    ... (3) checkout succeeded
2026-03-01 06:38:03.731721 (4030841) main____ INFO    Tool inactivity delay is 480000 ms.
2026-03-01 06:38:03.739908 (4030857) stdio___ INFO    Starting STDIN reader (tty: yes, tty name: '/dev/pts/0')
2026-03-01 06:38:04.063815 (4030841) session_ INFO    Starting analysis session with session id 'session_0' (launcher: <local>) ...
2026-03-01 06:38:04.065971 (4030841) session_ INFO    Analysis session with session id 'session_0' started (pid: 4030858)
2026-03-01 06:38:07.082913 (4030841) session_ INFO    Analysis session 'session_0' connected to the console (host: 127.0.0.1:43500)
2026-03-01 06:38:17.127099 (4030841) lic__man INFO    Unclaim everything for 'session_0'.
2026-03-01 06:38:17.581113 (4030841) lic__man INFO    Claim 'fpv' for 'session_0'.
2026-03-01 06:38:17.581178 (4030841) lic__man INFO    Claim 'fpv' for 'session_0/prove-0'.
2026-03-01 06:38:48.605532 (4030841) lic__man INFO    Unclaim everything for 'session_0/prove-0'.
2026-03-01 06:38:48.668453 (4030841) main____ INFO    About to exit: request to exit with status 0 received from analysis session 'session_0'
2026-03-01 06:38:49.097626 (4030841) session_ INFO    Analysis session 'session_0' disconnected.
2026-03-01 06:38:49.097833 (4030841) lic__man INFO    Unclaim everything for 'session_0'.
2026-03-01 06:38:49.134946 (4030841) session_ INFO    Process for analysis session 'session_0' has exited with exit status '0'.
2026-03-01 06:38:50.786300 (4030857) stdio___ INFO    STDIN reader requested to stop.
2026-03-01 06:38:50.786373 (4030857) stdio___ INFO    STDIN reader stopped.
2026-03-01 06:38:50.796989 (4030841) lic_core INFO    (1) checkin jasper_interactive
2026-03-01 06:38:50.801373 (4030841) lic_core INFO    (3) checkin jasper_fao
2026-03-01 06:38:50.820758 (4030841) main____ INFO    Exiting with status 0.
