2026-02-26 10:31:31.249351 (2058720) main____ INFO    ----------------------------------------
2026-02-26 10:31:31.249412 (2058720) main____ INFO    Jasper version info
2026-02-26 10:31:31.249426 (2058720) main____ INFO      tool      : Jasper 2023.12
2026-02-26 10:31:31.249440 (2058720) main____ INFO      version   : 2023.12p001 64 bits
2026-02-26 10:31:31.249451 (2058720) main____ INFO      build date: 2024.01.23 16:09:24 UTC
2026-02-26 10:31:31.249461 (2058720) main____ INFO    ----------------------------------------
2026-02-26 10:31:31.249470 (2058720) main____ INFO    Runtime info:
2026-02-26 10:31:31.249480 (2058720) main____ INFO      platform  : Linux 4.18.0-553.89.1.el8_10.x86_64 x86_64
2026-02-26 10:31:31.249495 (2058720) main____ INFO      hostname  : caddy12.stanford.edu
2026-02-26 10:31:31.249509 (2058720) main____ INFO      pid       : 2058720
2026-02-26 10:31:31.249519 (2058720) main____ INFO      arguments : '-style' 'windows' '-allow_unsupported_OS' '-no_gui' '-fpv' './synthlc/i_DIV_out/xPairwiseDepDiv/exclusive_48_.tcl' '-proj' './synthlc/i_DIV_out/xPairwiseDepDiv/exclusive_48_jgsession_26-02-26-10_31_31'
2026-02-26 10:31:31.249533 (2058720) main____ INFO      locale    : UTF-8
2026-02-26 10:31:31.249543 (2058720) main____ INFO    ----------------------------------------
2026-02-26 10:31:31.249551 (2058720) main____ INFO    System resource limits info:
2026-02-26 10:31:31.249563 (2058720) main____ INFO      virtual memory: unlimited
2026-02-26 10:31:31.249574 (2058720) main____ INFO      cpu time      : unlimited
2026-02-26 10:31:31.249590 (2058720) main____ INFO      processes     : 4096
2026-02-26 10:31:31.249607 (2058720) main____ INFO      stack size    : 8388608 B
2026-02-26 10:31:31.249620 (2058720) main____ INFO      core file size: 0 B
2026-02-26 10:31:31.249632 (2058720) main____ INFO      open files    : 4096
2026-02-26 10:31:31.249643 (2058720) main____ INFO      file size     : unlimited
2026-02-26 10:31:31.249653 (2058720) main____ INFO    ----------------------------------------
2026-02-26 10:31:31.249680 (2058720) main____ INFO    Memory statistics:
2026-02-26 10:31:31.249691 (2058720) main____ INFO      total physical memory  : 98449088 kB
2026-02-26 10:31:31.249702 (2058720) main____ INFO      free physical memory   : 81788828 kB
2026-02-26 10:31:31.249713 (2058720) main____ INFO      committed address space: 2635624 kB
2026-02-26 10:31:31.249721 (2058720) main____ INFO    ----------------------------------------
2026-02-26 10:31:31.250880 (2058720) main____ INFO    Important environment variables:
2026-02-26 10:31:31.250904 (2058720) main____ INFO      CDS_LIC_FILE       : '5280@cadlic0'
2026-02-26 10:31:31.250916 (2058720) main____ INFO      DISPLAY            : 'localhost:12.0'
2026-02-26 10:31:31.250927 (2058720) main____ INFO      JASPER_INSTALL_DIR : '/cad/cadence/jasper_2023.12p001'
2026-02-26 10:31:31.250938 (2058720) main____ INFO      JASPER_KERNEL_CHECK: '1'
2026-02-26 10:31:31.250950 (2058720) main____ INFO      JASPER_OS_CHECK    : '0'
2026-02-26 10:31:31.250961 (2058720) main____ INFO      LANG               : 'zh_TW.UTF-8'
2026-02-26 10:31:31.250970 (2058720) main____ INFO    ----------------------------------------
2026-02-26 10:31:31.252090 (2058720) lic_core INFO    Initializing license system ...
2026-02-26 10:31:31.253467 (2058720) lic_core INFO    ... license system initialized.
2026-02-26 10:31:31.265436 (2058720) lic__man INFO    Claim 'main' for <ui>.
2026-02-26 10:31:31.265472 (2058720) lic_core INFO    (1) checking out 'jasper_interactive' ...
2026-02-26 10:31:31.277709 (2058720) lic_core INFO    ... (1) checkout succeeded
2026-02-26 10:31:31.277758 (2058720) lic__man INFO    Claim 'fpv' for <ui>.
2026-02-26 10:31:31.277777 (2058720) lic_core INFO    (2) checking out 'jasper_fpv' ...
2026-02-26 10:31:31.281424 (2058720) lic_core INFO    ... (2) checkout failed (error: -5) ("FLEXnet ERROR(-5, 0, 0): No such feature exists.")
2026-02-26 10:31:31.281451 (2058720) lic_core INFO    (3) checking out 'jasper_fao' ...
2026-02-26 10:31:31.292175 (2058720) lic_core INFO    ... (3) checkout succeeded
2026-02-26 10:31:31.294392 (2058731) stdio___ INFO    Starting STDIN reader (tty: yes, tty name: '/dev/pts/0')
2026-02-26 10:31:31.294489 (2058720) main____ INFO    Tool inactivity delay is 480000 ms.
2026-02-26 10:31:31.335182 (2058720) session_ INFO    Starting analysis session with session id 'session_0' (launcher: <local>) ...
2026-02-26 10:31:31.336916 (2058720) session_ INFO    Analysis session with session id 'session_0' started (pid: 2058732)
2026-02-26 10:31:32.436148 (2058720) session_ INFO    Analysis session 'session_0' connected to the console (host: 127.0.0.1:49800)
2026-02-26 10:31:35.949706 (2058720) lic__man INFO    Unclaim everything for 'session_0'.
2026-02-26 10:31:36.625578 (2058720) lic__man INFO    Claim 'fpv' for 'session_0'.
2026-02-26 10:31:36.625622 (2058720) lic__man INFO    Claim 'fpv' for 'session_0/prove-0'.
2026-02-26 10:46:39.361253 (2058720) lic__man INFO    Unclaim everything for 'session_0/prove-0'.
2026-02-26 10:46:39.400967 (2058720) main____ INFO    About to exit: request to exit with status 0 received from analysis session 'session_0'
2026-02-26 10:46:39.541336 (2058720) session_ INFO    Analysis session 'session_0' disconnected.
2026-02-26 10:46:39.541481 (2058720) lic__man INFO    Unclaim everything for 'session_0'.
2026-02-26 10:46:39.541770 (2058720) session_ INFO    Process for analysis session 'session_0' has exited with exit status '0'.
2026-02-26 10:46:41.403035 (2058731) stdio___ INFO    STDIN reader requested to stop.
2026-02-26 10:46:41.403080 (2058731) stdio___ INFO    STDIN reader stopped.
2026-02-26 10:46:41.413896 (2058720) lic_core INFO    (1) checkin jasper_interactive
2026-02-26 10:46:41.414940 (2058720) lic_core INFO    (3) checkin jasper_fao
2026-02-26 10:46:41.416774 (2058720) main____ INFO    Exiting with status 0.
