2026-02-26 03:28:23.295230 (1934693) main____ INFO    ----------------------------------------
2026-02-26 03:28:23.295334 (1934693) main____ INFO    Jasper version info
2026-02-26 03:28:23.295352 (1934693) main____ INFO      tool      : Jasper 2023.12
2026-02-26 03:28:23.295369 (1934693) main____ INFO      version   : 2023.12p001 64 bits
2026-02-26 03:28:23.295384 (1934693) main____ INFO      build date: 2024.01.23 16:09:24 UTC
2026-02-26 03:28:23.295395 (1934693) main____ INFO    ----------------------------------------
2026-02-26 03:28:23.295406 (1934693) main____ INFO    Runtime info:
2026-02-26 03:28:23.295418 (1934693) main____ INFO      platform  : Linux 4.18.0-553.89.1.el8_10.x86_64 x86_64
2026-02-26 03:28:23.295439 (1934693) main____ INFO      hostname  : caddy12.stanford.edu
2026-02-26 03:28:23.295457 (1934693) main____ INFO      pid       : 1934693
2026-02-26 03:28:23.295469 (1934693) main____ INFO      arguments : '-style' 'windows' '-allow_unsupported_OS' '-no_gui' '-fpv' './synthlc/i_MUL_out/xPerfLocCycleCount/over1cyc_1_div_fsm_s6_.tcl' '-proj' './synthlc/i_MUL_out/xPerfLocCycleCount/over1cyc_1_div_fsm_s6_jgsession_26-02-26-03_28_22'
2026-02-26 03:28:23.295488 (1934693) main____ INFO      locale    : UTF-8
2026-02-26 03:28:23.295499 (1934693) main____ INFO    ----------------------------------------
2026-02-26 03:28:23.295510 (1934693) main____ INFO    System resource limits info:
2026-02-26 03:28:23.295523 (1934693) main____ INFO      virtual memory: unlimited
2026-02-26 03:28:23.295537 (1934693) main____ INFO      cpu time      : unlimited
2026-02-26 03:28:23.295556 (1934693) main____ INFO      processes     : 4096
2026-02-26 03:28:23.295579 (1934693) main____ INFO      stack size    : 8388608 B
2026-02-26 03:28:23.295595 (1934693) main____ INFO      core file size: 0 B
2026-02-26 03:28:23.295610 (1934693) main____ INFO      open files    : 4096
2026-02-26 03:28:23.295623 (1934693) main____ INFO      file size     : unlimited
2026-02-26 03:28:23.295634 (1934693) main____ INFO    ----------------------------------------
2026-02-26 03:28:23.295645 (1934693) main____ INFO    Memory statistics:
2026-02-26 03:28:23.295657 (1934693) main____ INFO      total physical memory  : 98449088 kB
2026-02-26 03:28:23.295686 (1934693) main____ INFO      free physical memory   : 79291388 kB
2026-02-26 03:28:23.295699 (1934693) main____ INFO      committed address space: 5492140 kB
2026-02-26 03:28:23.295709 (1934693) main____ INFO    ----------------------------------------
2026-02-26 03:28:23.297107 (1934693) main____ INFO    Important environment variables:
2026-02-26 03:28:23.297136 (1934693) main____ INFO      CDS_LIC_FILE       : '5280@cadlic0'
2026-02-26 03:28:23.297151 (1934693) main____ INFO      DISPLAY            : 'localhost:12.0'
2026-02-26 03:28:23.297164 (1934693) main____ INFO      JASPER_INSTALL_DIR : '/cad/cadence/jasper_2023.12p001'
2026-02-26 03:28:23.297178 (1934693) main____ INFO      JASPER_KERNEL_CHECK: '1'
2026-02-26 03:28:23.297191 (1934693) main____ INFO      JASPER_OS_CHECK    : '0'
2026-02-26 03:28:23.297204 (1934693) main____ INFO      LANG               : 'zh_TW.UTF-8'
2026-02-26 03:28:23.297215 (1934693) main____ INFO    ----------------------------------------
2026-02-26 03:28:23.299731 (1934693) lic_core INFO    Initializing license system ...
2026-02-26 03:28:23.322130 (1934693) lic_core INFO    ... license system initialized.
2026-02-26 03:28:23.353822 (1934693) lic__man INFO    Claim 'main' for <ui>.
2026-02-26 03:28:23.353884 (1934693) lic_core INFO    (1) checking out 'jasper_interactive' ...
2026-02-26 03:28:23.366965 (1934693) lic_core INFO    ... (1) checkout succeeded
2026-02-26 03:28:23.367077 (1934693) lic__man INFO    Claim 'fpv' for <ui>.
2026-02-26 03:28:23.367106 (1934693) lic_core INFO    (2) checking out 'jasper_fpv' ...
2026-02-26 03:28:23.410263 (1934693) lic_core INFO    ... (2) checkout failed (error: -5) ("FLEXnet ERROR(-5, 0, 0): No such feature exists.")
2026-02-26 03:28:23.410320 (1934693) lic_core INFO    (3) checking out 'jasper_fao' ...
2026-02-26 03:28:23.458929 (1934693) lic_core INFO    ... (3) checkout succeeded
2026-02-26 03:28:23.460195 (1934693) main____ INFO    Tool inactivity delay is 480000 ms.
2026-02-26 03:28:23.462096 (1934724) stdio___ INFO    Starting STDIN reader (tty: yes, tty name: '/dev/pts/0')
2026-02-26 03:28:23.669831 (1934693) session_ INFO    Starting analysis session with session id 'session_0' (launcher: <local>) ...
2026-02-26 03:28:23.671959 (1934693) session_ INFO    Analysis session with session id 'session_0' started (pid: 1934734)
2026-02-26 03:28:25.318178 (1934693) session_ INFO    Analysis session 'session_0' connected to the console (host: 127.0.0.1:52134)
2026-02-26 03:28:29.881134 (1934693) lic__man INFO    Unclaim everything for 'session_0'.
2026-02-26 03:28:30.098795 (1934693) lic__man INFO    Claim 'fpv' for 'session_0'.
2026-02-26 03:28:30.098831 (1934693) lic__man INFO    Claim 'fpv' for 'session_0/prove-0'.
2026-02-26 03:28:44.141987 (1934693) lic__man INFO    Unclaim everything for 'session_0/prove-0'.
2026-02-26 03:28:44.174956 (1934693) main____ INFO    About to exit: request to exit with status 0 received from analysis session 'session_0'
2026-02-26 03:28:44.773330 (1934693) session_ INFO    Analysis session 'session_0' disconnected.
2026-02-26 03:28:44.773489 (1934693) lic__man INFO    Unclaim everything for 'session_0'.
2026-02-26 03:28:44.774345 (1934693) session_ INFO    Process for analysis session 'session_0' has exited with exit status '0'.
2026-02-26 03:28:46.290750 (1934724) stdio___ INFO    STDIN reader requested to stop.
2026-02-26 03:28:46.290808 (1934724) stdio___ INFO    STDIN reader stopped.
2026-02-26 03:28:46.291180 (1934693) lic_core INFO    (1) checkin jasper_interactive
2026-02-26 03:28:46.296614 (1934693) lic_core INFO    (3) checkin jasper_fao
2026-02-26 03:28:46.312450 (1934693) main____ INFO    Exiting with status 0.
