2026-02-25 14:09:07.743360 (3200736) main____ INFO    ----------------------------------------
2026-02-25 14:09:07.743424 (3200736) main____ INFO    Jasper version info
2026-02-25 14:09:07.743438 (3200736) main____ INFO      tool      : Jasper 2023.12
2026-02-25 14:09:07.743452 (3200736) main____ INFO      version   : 2023.12p001 64 bits
2026-02-25 14:09:07.743464 (3200736) main____ INFO      build date: 2024.01.23 16:09:24 UTC
2026-02-25 14:09:07.743474 (3200736) main____ INFO    ----------------------------------------
2026-02-25 14:09:07.743483 (3200736) main____ INFO    Runtime info:
2026-02-25 14:09:07.743494 (3200736) main____ INFO      platform  : Linux 4.18.0-553.89.1.el8_10.x86_64 x86_64
2026-02-25 14:09:07.743510 (3200736) main____ INFO      hostname  : caddy15.stanford.edu
2026-02-25 14:09:07.743535 (3200736) main____ INFO      pid       : 3200736
2026-02-25 14:09:07.743546 (3200736) main____ INFO      arguments : '-style' 'windows' '-allow_unsupported_OS' '-no_gui' '-fpv' './synthlc/i_DIV_out/xPerfLocSubsetDiv/coverset_111_.tcl' '-proj' './synthlc/i_DIV_out/xPerfLocSubsetDiv/coverset_111_jgsession_26-02-25-14_09_07'
2026-02-25 14:09:07.743561 (3200736) main____ INFO      locale    : UTF-8
2026-02-25 14:09:07.743571 (3200736) main____ INFO    ----------------------------------------
2026-02-25 14:09:07.743580 (3200736) main____ INFO    System resource limits info:
2026-02-25 14:09:07.743592 (3200736) main____ INFO      virtual memory: unlimited
2026-02-25 14:09:07.743603 (3200736) main____ INFO      cpu time      : unlimited
2026-02-25 14:09:07.743619 (3200736) main____ INFO      processes     : 4096
2026-02-25 14:09:07.743637 (3200736) main____ INFO      stack size    : 8388608 B
2026-02-25 14:09:07.743651 (3200736) main____ INFO      core file size: 0 B
2026-02-25 14:09:07.743663 (3200736) main____ INFO      open files    : 4096
2026-02-25 14:09:07.743675 (3200736) main____ INFO      file size     : unlimited
2026-02-25 14:09:07.743685 (3200736) main____ INFO    ----------------------------------------
2026-02-25 14:09:07.743694 (3200736) main____ INFO    Memory statistics:
2026-02-25 14:09:07.743705 (3200736) main____ INFO      total physical memory  : 98449092 kB
2026-02-25 14:09:07.743716 (3200736) main____ INFO      free physical memory   : 82537020 kB
2026-02-25 14:09:07.743727 (3200736) main____ INFO      committed address space: 1933936 kB
2026-02-25 14:09:07.743736 (3200736) main____ INFO    ----------------------------------------
2026-02-25 14:09:07.744883 (3200736) main____ INFO    Important environment variables:
2026-02-25 14:09:07.744907 (3200736) main____ INFO      CDS_LIC_FILE       : '5280@cadlic0'
2026-02-25 14:09:07.744919 (3200736) main____ INFO      JASPER_INSTALL_DIR : '/cad/cadence/jasper_2023.12p001'
2026-02-25 14:09:07.744931 (3200736) main____ INFO      JASPER_KERNEL_CHECK: '1'
2026-02-25 14:09:07.744943 (3200736) main____ INFO      JASPER_OS_CHECK    : '0'
2026-02-25 14:09:07.744955 (3200736) main____ INFO      LANG               : 'en_US.UTF-8'
2026-02-25 14:09:07.744964 (3200736) main____ INFO    ----------------------------------------
2026-02-25 14:09:07.746068 (3200736) lic_core INFO    Initializing license system ...
2026-02-25 14:09:07.747547 (3200736) lic_core INFO    ... license system initialized.
2026-02-25 14:09:07.759401 (3200736) lic__man INFO    Claim 'main' for <ui>.
2026-02-25 14:09:07.759443 (3200736) lic_core INFO    (1) checking out 'jasper_interactive' ...
2026-02-25 14:09:07.771716 (3200736) lic_core INFO    ... (1) checkout succeeded
2026-02-25 14:09:07.771795 (3200736) lic__man INFO    Claim 'fpv' for <ui>.
2026-02-25 14:09:07.771822 (3200736) lic_core INFO    (2) checking out 'jasper_fpv' ...
2026-02-25 14:09:07.775980 (3200736) lic_core INFO    ... (2) checkout failed (error: -5) ("FLEXnet ERROR(-5, 0, 0): No such feature exists.")
2026-02-25 14:09:07.776015 (3200736) lic_core INFO    (3) checking out 'jasper_fao' ...
2026-02-25 14:09:07.786997 (3200736) lic_core INFO    ... (3) checkout succeeded
2026-02-25 14:09:07.788174 (3200736) main____ INFO    Tool inactivity delay is 480000 ms.
2026-02-25 14:09:07.788232 (3200750) stdio___ INFO    Starting STDIN reader (tty: yes, tty name: '/dev/pts/0')
2026-02-25 14:09:07.830106 (3200736) session_ INFO    Starting analysis session with session id 'session_0' (launcher: <local>) ...
2026-02-25 14:09:07.831807 (3200736) session_ INFO    Analysis session with session id 'session_0' started (pid: 3200753)
2026-02-25 14:09:08.937851 (3200736) session_ INFO    Analysis session 'session_0' connected to the console (host: 127.0.0.1:56880)
2026-02-25 14:09:12.032000 (3200736) lic__man INFO    Unclaim everything for 'session_0'.
2026-02-25 14:09:12.284077 (3200736) lic__man INFO    Claim 'fpv' for 'session_0'.
2026-02-25 14:09:12.284115 (3200736) lic__man INFO    Claim 'fpv' for 'session_0/prove-0'.
2026-02-25 14:09:13.512496 (3200736) lic__man INFO    Unclaim everything for 'session_0/prove-0'.
2026-02-25 14:09:13.555462 (3200736) main____ INFO    About to exit: request to exit with status 0 received from analysis session 'session_0'
2026-02-25 14:09:13.693414 (3200736) session_ INFO    Analysis session 'session_0' disconnected.
2026-02-25 14:09:13.693620 (3200736) lic__man INFO    Unclaim everything for 'session_0'.
2026-02-25 14:09:13.693811 (3200736) session_ INFO    Process for analysis session 'session_0' has exited with exit status '0'.
2026-02-25 14:09:15.463233 (3200750) stdio___ INFO    STDIN reader requested to stop.
2026-02-25 14:09:15.463268 (3200750) stdio___ INFO    STDIN reader stopped.
2026-02-25 14:09:15.463504 (3200736) lic_core INFO    (1) checkin jasper_interactive
2026-02-25 14:09:15.464636 (3200736) lic_core INFO    (3) checkin jasper_fao
2026-02-25 14:09:15.465670 (3200736) main____ INFO    Exiting with status 0.
