2026-02-26 07:23:31.421803 (3888469) main____ INFO    ----------------------------------------
2026-02-26 07:23:31.421898 (3888469) main____ INFO    Jasper version info
2026-02-26 07:23:31.421914 (3888469) main____ INFO      tool      : Jasper 2023.12
2026-02-26 07:23:31.421930 (3888469) main____ INFO      version   : 2023.12p001 64 bits
2026-02-26 07:23:31.421943 (3888469) main____ INFO      build date: 2024.01.23 16:09:24 UTC
2026-02-26 07:23:31.421953 (3888469) main____ INFO    ----------------------------------------
2026-02-26 07:23:31.421962 (3888469) main____ INFO    Runtime info:
2026-02-26 07:23:31.421972 (3888469) main____ INFO      platform  : Linux 4.18.0-553.89.1.el8_10.x86_64 x86_64
2026-02-26 07:23:31.421991 (3888469) main____ INFO      hostname  : caddy15.stanford.edu
2026-02-26 07:23:31.422007 (3888469) main____ INFO      pid       : 3888469
2026-02-26 07:23:31.422019 (3888469) main____ INFO      arguments : '-style' 'windows' '-allow_unsupported_OS' '-no_gui' '-fpv' './synthlc/i_ADDI_out/xHBPerfG_dfg_v3_div/HB_230_.tcl' '-proj' './synthlc/i_ADDI_out/xHBPerfG_dfg_v3_div/HB_230_jgsession_26-02-26-07_23_31'
2026-02-26 07:23:31.422036 (3888469) main____ INFO      locale    : UTF-8
2026-02-26 07:23:31.422045 (3888469) main____ INFO    ----------------------------------------
2026-02-26 07:23:31.422055 (3888469) main____ INFO    System resource limits info:
2026-02-26 07:23:31.422066 (3888469) main____ INFO      virtual memory: unlimited
2026-02-26 07:23:31.422090 (3888469) main____ INFO      cpu time      : unlimited
2026-02-26 07:23:31.422109 (3888469) main____ INFO      processes     : 4096
2026-02-26 07:23:31.422130 (3888469) main____ INFO      stack size    : 8388608 B
2026-02-26 07:23:31.422144 (3888469) main____ INFO      core file size: 0 B
2026-02-26 07:23:31.422156 (3888469) main____ INFO      open files    : 4096
2026-02-26 07:23:31.422168 (3888469) main____ INFO      file size     : unlimited
2026-02-26 07:23:31.422178 (3888469) main____ INFO    ----------------------------------------
2026-02-26 07:23:31.422187 (3888469) main____ INFO    Memory statistics:
2026-02-26 07:23:31.422199 (3888469) main____ INFO      total physical memory  : 98449092 kB
2026-02-26 07:23:31.422210 (3888469) main____ INFO      free physical memory   : 76337660 kB
2026-02-26 07:23:31.422221 (3888469) main____ INFO      committed address space: 6400984 kB
2026-02-26 07:23:31.422231 (3888469) main____ INFO    ----------------------------------------
2026-02-26 07:23:31.423414 (3888469) main____ INFO    Important environment variables:
2026-02-26 07:23:31.423440 (3888469) main____ INFO      CDS_LIC_FILE       : '5280@cadlic0'
2026-02-26 07:23:31.423452 (3888469) main____ INFO      JASPER_INSTALL_DIR : '/cad/cadence/jasper_2023.12p001'
2026-02-26 07:23:31.423464 (3888469) main____ INFO      JASPER_KERNEL_CHECK: '1'
2026-02-26 07:23:31.423476 (3888469) main____ INFO      JASPER_OS_CHECK    : '0'
2026-02-26 07:23:31.423488 (3888469) main____ INFO      LANG               : 'en_US.UTF-8'
2026-02-26 07:23:31.423498 (3888469) main____ INFO    ----------------------------------------
2026-02-26 07:23:31.424632 (3888469) lic_core INFO    Initializing license system ...
2026-02-26 07:23:31.427929 (3888469) lic_core INFO    ... license system initialized.
2026-02-26 07:23:31.440246 (3888469) lic__man INFO    Claim 'main' for <ui>.
2026-02-26 07:23:31.440344 (3888469) lic_core INFO    (1) checking out 'jasper_interactive' ...
2026-02-26 07:23:31.453412 (3888469) lic_core INFO    ... (1) checkout succeeded
2026-02-26 07:23:31.453513 (3888469) lic__man INFO    Claim 'fpv' for <ui>.
2026-02-26 07:23:31.453541 (3888469) lic_core INFO    (2) checking out 'jasper_fpv' ...
2026-02-26 07:23:31.458106 (3888469) lic_core INFO    ... (2) checkout failed (error: -5) ("FLEXnet ERROR(-5, 0, 0): No such feature exists.")
2026-02-26 07:23:31.458162 (3888469) lic_core INFO    (3) checking out 'jasper_fao' ...
2026-02-26 07:23:31.686646 (3888469) lic_core INFO    ... (3) checkout succeeded
2026-02-26 07:23:31.703424 (3888469) main____ INFO    Tool inactivity delay is 480000 ms.
2026-02-26 07:23:31.703720 (3888491) stdio___ INFO    Starting STDIN reader (tty: yes, tty name: '/dev/pts/0')
2026-02-26 07:23:31.848666 (3888469) session_ INFO    Starting analysis session with session id 'session_0' (launcher: <local>) ...
2026-02-26 07:23:31.850729 (3888469) session_ INFO    Analysis session with session id 'session_0' started (pid: 3888499)
2026-02-26 07:23:33.238792 (3888469) session_ INFO    Analysis session 'session_0' connected to the console (host: 127.0.0.1:41170)
2026-02-26 07:23:38.303421 (3888469) lic__man INFO    Unclaim everything for 'session_0'.
2026-02-26 07:23:38.573877 (3888469) lic__man INFO    Claim 'fpv' for 'session_0'.
2026-02-26 07:23:38.573920 (3888469) lic__man INFO    Claim 'fpv' for 'session_0/prove-0'.
2026-02-26 07:24:13.988727 (3888469) lic__man INFO    Unclaim everything for 'session_0/prove-0'.
2026-02-26 07:24:14.063581 (3888469) main____ INFO    About to exit: request to exit with status 0 received from analysis session 'session_0'
2026-02-26 07:24:14.395741 (3888469) session_ INFO    Analysis session 'session_0' disconnected.
2026-02-26 07:24:14.395913 (3888469) lic__man INFO    Unclaim everything for 'session_0'.
2026-02-26 07:24:14.396331 (3888469) session_ INFO    Process for analysis session 'session_0' has exited with exit status '0'.
2026-02-26 07:24:15.983805 (3888491) stdio___ INFO    STDIN reader requested to stop.
2026-02-26 07:24:15.983859 (3888491) stdio___ INFO    STDIN reader stopped.
2026-02-26 07:24:15.984193 (3888469) lic_core INFO    (1) checkin jasper_interactive
2026-02-26 07:24:15.985469 (3888469) lic_core INFO    (3) checkin jasper_fao
2026-02-26 07:24:15.997752 (3888469) main____ INFO    Exiting with status 0.
