2026-03-02 00:31:28.685017 (822164) main____ INFO    ----------------------------------------
2026-03-02 00:31:28.685112 (822164) main____ INFO    Jasper version info
2026-03-02 00:31:28.685128 (822164) main____ INFO      tool      : Jasper 2023.12
2026-03-02 00:31:28.685143 (822164) main____ INFO      version   : 2023.12p001 64 bits
2026-03-02 00:31:28.685157 (822164) main____ INFO      build date: 2024.01.23 16:09:24 UTC
2026-03-02 00:31:28.685167 (822164) main____ INFO    ----------------------------------------
2026-03-02 00:31:28.685176 (822164) main____ INFO    Runtime info:
2026-03-02 00:31:28.685186 (822164) main____ INFO      platform  : Linux 4.18.0-553.89.1.el8_10.x86_64 x86_64
2026-03-02 00:31:28.685206 (822164) main____ INFO      hostname  : caddy10.stanford.edu
2026-03-02 00:31:28.685221 (822164) main____ INFO      pid       : 822164
2026-03-02 00:31:28.685231 (822164) main____ INFO      arguments : '-style' 'windows' '-allow_unsupported_OS' '-no_gui' '-fpv' './synthlc/i_MUL_out/xPerfLocCycleCount/cycle_count_div_fsm_s12_.tcl' '-proj' './synthlc/i_MUL_out/xPerfLocCycleCount/cycle_count_div_fsm_s12_jgsession_26-03-02-00_31_28'
2026-03-02 00:31:28.685247 (822164) main____ INFO      locale    : UTF-8
2026-03-02 00:31:28.685257 (822164) main____ INFO    ----------------------------------------
2026-03-02 00:31:28.685266 (822164) main____ INFO    System resource limits info:
2026-03-02 00:31:28.685278 (822164) main____ INFO      virtual memory: unlimited
2026-03-02 00:31:28.685291 (822164) main____ INFO      cpu time      : unlimited
2026-03-02 00:31:28.685308 (822164) main____ INFO      processes     : 4096
2026-03-02 00:31:28.685327 (822164) main____ INFO      stack size    : 8388608 B
2026-03-02 00:31:28.685341 (822164) main____ INFO      core file size: 0 B
2026-03-02 00:31:28.685353 (822164) main____ INFO      open files    : 4096
2026-03-02 00:31:28.685365 (822164) main____ INFO      file size     : unlimited
2026-03-02 00:31:28.685374 (822164) main____ INFO    ----------------------------------------
2026-03-02 00:31:28.685383 (822164) main____ INFO    Memory statistics:
2026-03-02 00:31:28.685395 (822164) main____ INFO      total physical memory  : 98449096 kB
2026-03-02 00:31:28.685405 (822164) main____ INFO      free physical memory   : 91033396 kB
2026-03-02 00:31:28.685417 (822164) main____ INFO      committed address space: 2892192 kB
2026-03-02 00:31:28.685426 (822164) main____ INFO    ----------------------------------------
2026-03-02 00:31:28.686576 (822164) main____ INFO    Important environment variables:
2026-03-02 00:31:28.686602 (822164) main____ INFO      CDS_LIC_FILE       : '5280@cadlic0'
2026-03-02 00:31:28.686615 (822164) main____ INFO      JASPER_INSTALL_DIR : '/cad/cadence/jasper_2023.12p001'
2026-03-02 00:31:28.686627 (822164) main____ INFO      JASPER_KERNEL_CHECK: '1'
2026-03-02 00:31:28.686638 (822164) main____ INFO      JASPER_OS_CHECK    : '0'
2026-03-02 00:31:28.686650 (822164) main____ INFO      LANG               : 'en_US.UTF-8'
2026-03-02 00:31:28.686659 (822164) main____ INFO    ----------------------------------------
2026-03-02 00:31:28.687741 (822164) lic_core INFO    Initializing license system ...
2026-03-02 00:31:28.689172 (822164) lic_core INFO    ... license system initialized.
2026-03-02 00:31:28.701308 (822164) lic__man INFO    Claim 'main' for <ui>.
2026-03-02 00:31:28.701367 (822164) lic_core INFO    (1) checking out 'jasper_interactive' ...
2026-03-02 00:31:28.718953 (822164) lic_core INFO    ... (1) checkout succeeded
2026-03-02 00:31:28.719088 (822164) lic__man INFO    Claim 'fpv' for <ui>.
2026-03-02 00:31:28.719121 (822164) lic_core INFO    (2) checking out 'jasper_fpv' ...
2026-03-02 00:31:28.725426 (822164) lic_core INFO    ... (2) checkout failed (error: -5) ("FLEXnet ERROR(-5, 0, 0): No such feature exists.")
2026-03-02 00:31:28.725493 (822164) lic_core INFO    (3) checking out 'jasper_fao' ...
2026-03-02 00:31:28.738762 (822164) lic_core INFO    ... (3) checkout succeeded
2026-03-02 00:31:28.740090 (822195) stdio___ INFO    Starting STDIN reader (tty: yes, tty name: '/dev/pts/7')
2026-03-02 00:31:28.740230 (822164) main____ INFO    Tool inactivity delay is 480000 ms.
2026-03-02 00:31:28.788206 (822164) session_ INFO    Starting analysis session with session id 'session_0' (launcher: <local>) ...
2026-03-02 00:31:28.790123 (822164) session_ INFO    Analysis session with session id 'session_0' started (pid: 822196)
2026-03-02 00:31:29.912426 (822164) session_ INFO    Analysis session 'session_0' connected to the console (host: 127.0.0.1:51776)
2026-03-02 00:31:33.077796 (822164) lic__man INFO    Unclaim everything for 'session_0'.
2026-03-02 00:31:33.300251 (822164) lic__man INFO    Claim 'fpv' for 'session_0'.
2026-03-02 00:31:33.300287 (822164) lic__man INFO    Claim 'fpv' for 'session_0/prove-0'.
2026-03-02 00:31:57.958629 (822164) lic__man INFO    Unclaim everything for 'session_0/prove-0'.
2026-03-02 00:31:57.984167 (822164) lic__man INFO    Claim 'fpv' for 'session_0'.
2026-03-02 00:31:57.984204 (822164) lic__man INFO    Claim 'fpv' for 'session_0/prove-1'.
2026-03-02 00:32:33.134546 (822164) lic__man INFO    Unclaim everything for 'session_0/prove-1'.
2026-03-02 00:32:33.162139 (822164) lic__man INFO    Claim 'fpv' for 'session_0'.
2026-03-02 00:32:33.162175 (822164) lic__man INFO    Claim 'fpv' for 'session_0/prove-2'.
2026-03-02 00:33:43.012627 (822164) lic__man INFO    Unclaim everything for 'session_0/prove-2'.
2026-03-02 00:33:43.050496 (822164) lic__man INFO    Claim 'fpv' for 'session_0'.
2026-03-02 00:33:43.050532 (822164) lic__man INFO    Claim 'fpv' for 'session_0/prove-3'.
2026-03-02 00:34:42.826759 (822164) lic__man INFO    Unclaim everything for 'session_0/prove-3'.
2026-03-02 00:34:42.859634 (822164) lic__man INFO    Claim 'fpv' for 'session_0'.
2026-03-02 00:34:42.859675 (822164) lic__man INFO    Claim 'fpv' for 'session_0/prove-4'.
2026-03-02 00:35:48.555261 (822164) lic__man INFO    Unclaim everything for 'session_0/prove-4'.
2026-03-02 00:35:48.582002 (822164) lic__man INFO    Claim 'fpv' for 'session_0'.
2026-03-02 00:35:48.582033 (822164) lic__man INFO    Claim 'fpv' for 'session_0/prove-5'.
2026-03-02 00:37:01.928298 (822164) lic__man INFO    Unclaim everything for 'session_0/prove-5'.
2026-03-02 00:37:01.961794 (822164) lic__man INFO    Claim 'fpv' for 'session_0'.
2026-03-02 00:37:01.961829 (822164) lic__man INFO    Claim 'fpv' for 'session_0/prove-6'.
2026-03-02 00:38:09.892632 (822164) lic__man INFO    Unclaim everything for 'session_0/prove-6'.
2026-03-02 00:38:09.948265 (822164) main____ INFO    About to exit: request to exit with status 0 received from analysis session 'session_0'
2026-03-02 00:38:10.079951 (822164) session_ INFO    Analysis session 'session_0' disconnected.
2026-03-02 00:38:10.080181 (822164) lic__man INFO    Unclaim everything for 'session_0'.
2026-03-02 00:38:10.080399 (822164) session_ INFO    Process for analysis session 'session_0' has exited with exit status '0'.
2026-03-02 00:38:11.881493 (822195) stdio___ INFO    STDIN reader requested to stop.
2026-03-02 00:38:11.881551 (822195) stdio___ INFO    STDIN reader stopped.
2026-03-02 00:38:11.882192 (822164) lic_core INFO    (1) checkin jasper_interactive
2026-03-02 00:38:11.883228 (822164) lic_core INFO    (3) checkin jasper_fao
2026-03-02 00:38:11.885963 (822164) main____ INFO    Exiting with status 0.
