2026-02-28 21:16:35.775199 (3675842) main____ INFO    ----------------------------------------
2026-02-28 21:16:35.775296 (3675842) main____ INFO    Jasper version info
2026-02-28 21:16:35.775313 (3675842) main____ INFO      tool      : Jasper 2023.12
2026-02-28 21:16:35.775329 (3675842) main____ INFO      version   : 2023.12p001 64 bits
2026-02-28 21:16:35.775343 (3675842) main____ INFO      build date: 2024.01.23 16:09:24 UTC
2026-02-28 21:16:35.775354 (3675842) main____ INFO    ----------------------------------------
2026-02-28 21:16:35.775364 (3675842) main____ INFO    Runtime info:
2026-02-28 21:16:35.775375 (3675842) main____ INFO      platform  : Linux 4.18.0-553.89.1.el8_10.x86_64 x86_64
2026-02-28 21:16:35.775395 (3675842) main____ INFO      hostname  : caddy12.stanford.edu
2026-02-28 21:16:35.775411 (3675842) main____ INFO      pid       : 3675842
2026-02-28 21:16:35.775423 (3675842) main____ INFO      arguments : '-style' 'windows' '-allow_unsupported_OS' '-no_gui' '-fpv' './synthlc/i_ADDI_out/xPairwiseDepDiv/exclusive_114_.tcl' '-proj' './synthlc/i_ADDI_out/xPairwiseDepDiv/exclusive_114_jgsession_26-02-28-21_16_35'
2026-02-28 21:16:35.775440 (3675842) main____ INFO      locale    : UTF-8
2026-02-28 21:16:35.775451 (3675842) main____ INFO    ----------------------------------------
2026-02-28 21:16:35.775460 (3675842) main____ INFO    System resource limits info:
2026-02-28 21:16:35.775473 (3675842) main____ INFO      virtual memory: unlimited
2026-02-28 21:16:35.775486 (3675842) main____ INFO      cpu time      : unlimited
2026-02-28 21:16:35.775505 (3675842) main____ INFO      processes     : 4096
2026-02-28 21:16:35.775525 (3675842) main____ INFO      stack size    : 8388608 B
2026-02-28 21:16:35.775540 (3675842) main____ INFO      core file size: 0 B
2026-02-28 21:16:35.775554 (3675842) main____ INFO      open files    : 4096
2026-02-28 21:16:35.775566 (3675842) main____ INFO      file size     : unlimited
2026-02-28 21:16:35.775576 (3675842) main____ INFO    ----------------------------------------
2026-02-28 21:16:35.775586 (3675842) main____ INFO    Memory statistics:
2026-02-28 21:16:35.775599 (3675842) main____ INFO      total physical memory  : 98449088 kB
2026-02-28 21:16:35.775611 (3675842) main____ INFO      free physical memory   : 88751792 kB
2026-02-28 21:16:35.775623 (3675842) main____ INFO      committed address space: 5371104 kB
2026-02-28 21:16:35.775633 (3675842) main____ INFO    ----------------------------------------
2026-02-28 21:16:35.776864 (3675842) main____ INFO    Important environment variables:
2026-02-28 21:16:35.776893 (3675842) main____ INFO      CDS_LIC_FILE       : '5280@cadlic0'
2026-02-28 21:16:35.776907 (3675842) main____ INFO      DISPLAY            : 'localhost:12.0'
2026-02-28 21:16:35.776919 (3675842) main____ INFO      JASPER_INSTALL_DIR : '/cad/cadence/jasper_2023.12p001'
2026-02-28 21:16:35.776931 (3675842) main____ INFO      JASPER_KERNEL_CHECK: '1'
2026-02-28 21:16:35.776944 (3675842) main____ INFO      JASPER_OS_CHECK    : '0'
2026-02-28 21:16:35.776956 (3675842) main____ INFO      LANG               : 'zh_TW.UTF-8'
2026-02-28 21:16:35.776966 (3675842) main____ INFO    ----------------------------------------
2026-02-28 21:16:35.788813 (3675842) lic_core INFO    Initializing license system ...
2026-02-28 21:16:35.811925 (3675842) lic_core INFO    ... license system initialized.
2026-02-28 21:16:35.919093 (3675842) lic__man INFO    Claim 'main' for <ui>.
2026-02-28 21:16:35.919155 (3675842) lic_core INFO    (1) checking out 'jasper_interactive' ...
2026-02-28 21:16:35.931554 (3675842) lic_core INFO    ... (1) checkout succeeded
2026-02-28 21:16:35.931648 (3675842) lic__man INFO    Claim 'fpv' for <ui>.
2026-02-28 21:16:35.931689 (3675842) lic_core INFO    (2) checking out 'jasper_fpv' ...
2026-02-28 21:16:35.941710 (3675842) lic_core INFO    ... (2) checkout failed (error: -5) ("FLEXnet ERROR(-5, 0, 0): No such feature exists.")
2026-02-28 21:16:35.941774 (3675842) lic_core INFO    (3) checking out 'jasper_fao' ...
2026-02-28 21:16:35.959297 (3675842) lic_core INFO    ... (3) checkout succeeded
2026-02-28 21:16:35.966036 (3675861) stdio___ INFO    Starting STDIN reader (tty: yes, tty name: '/dev/pts/0')
2026-02-28 21:16:35.966146 (3675842) main____ INFO    Tool inactivity delay is 480000 ms.
2026-02-28 21:16:36.102410 (3675842) session_ INFO    Starting analysis session with session id 'session_0' (launcher: <local>) ...
2026-02-28 21:16:36.104389 (3675842) session_ INFO    Analysis session with session id 'session_0' started (pid: 3675862)
2026-02-28 21:16:37.559309 (3675842) session_ INFO    Analysis session 'session_0' connected to the console (host: 127.0.0.1:49070)
2026-02-28 21:16:43.108881 (3675842) lic__man INFO    Unclaim everything for 'session_0'.
2026-02-28 21:16:43.398555 (3675842) lic__man INFO    Claim 'fpv' for 'session_0'.
2026-02-28 21:16:43.398610 (3675842) lic__man INFO    Claim 'fpv' for 'session_0/prove-0'.
2026-02-28 21:16:54.734945 (3675842) lic__man INFO    Unclaim everything for 'session_0/prove-0'.
2026-02-28 21:16:54.768175 (3675842) main____ INFO    About to exit: request to exit with status 0 received from analysis session 'session_0'
2026-02-28 21:16:55.094475 (3675842) session_ INFO    Analysis session 'session_0' disconnected.
2026-02-28 21:16:55.094732 (3675842) lic__man INFO    Unclaim everything for 'session_0'.
2026-02-28 21:16:55.094934 (3675842) session_ INFO    Process for analysis session 'session_0' has exited with exit status '0'.
2026-02-28 21:16:56.895755 (3675861) stdio___ INFO    STDIN reader requested to stop.
2026-02-28 21:16:56.895815 (3675861) stdio___ INFO    STDIN reader stopped.
2026-02-28 21:16:56.905722 (3675842) lic_core INFO    (1) checkin jasper_interactive
2026-02-28 21:16:56.911890 (3675842) lic_core INFO    (3) checkin jasper_fao
2026-02-28 21:16:56.955812 (3675842) main____ INFO    Exiting with status 0.
