2026-02-25 10:12:29.627885 (3039616) main____ INFO    ----------------------------------------
2026-02-25 10:12:29.627989 (3039616) main____ INFO    Jasper version info
2026-02-25 10:12:29.628005 (3039616) main____ INFO      tool      : Jasper 2023.12
2026-02-25 10:12:29.628021 (3039616) main____ INFO      version   : 2023.12p001 64 bits
2026-02-25 10:12:29.628034 (3039616) main____ INFO      build date: 2024.01.23 16:09:24 UTC
2026-02-25 10:12:29.628044 (3039616) main____ INFO    ----------------------------------------
2026-02-25 10:12:29.628053 (3039616) main____ INFO    Runtime info:
2026-02-25 10:12:29.628064 (3039616) main____ INFO      platform  : Linux 4.18.0-553.89.1.el8_10.x86_64 x86_64
2026-02-25 10:12:29.628084 (3039616) main____ INFO      hostname  : caddy15.stanford.edu
2026-02-25 10:12:29.628100 (3039616) main____ INFO      pid       : 3039616
2026-02-25 10:12:29.628111 (3039616) main____ INFO      arguments : '-style' 'windows' '-allow_unsupported_OS' '-no_gui' '-fpv' './synthlc/i_DIV_out/xPairwiseDepDiv/nunv_anytwo_86_.tcl' '-proj' './synthlc/i_DIV_out/xPairwiseDepDiv/nunv_anytwo_86_jgsession_26-02-25-10_12_28'
2026-02-25 10:12:29.628129 (3039616) main____ INFO      locale    : UTF-8
2026-02-25 10:12:29.628139 (3039616) main____ INFO    ----------------------------------------
2026-02-25 10:12:29.628148 (3039616) main____ INFO    System resource limits info:
2026-02-25 10:12:29.628160 (3039616) main____ INFO      virtual memory: unlimited
2026-02-25 10:12:29.628173 (3039616) main____ INFO      cpu time      : unlimited
2026-02-25 10:12:29.628191 (3039616) main____ INFO      processes     : 4096
2026-02-25 10:12:29.628213 (3039616) main____ INFO      stack size    : 8388608 B
2026-02-25 10:12:29.628227 (3039616) main____ INFO      core file size: 0 B
2026-02-25 10:12:29.628240 (3039616) main____ INFO      open files    : 4096
2026-02-25 10:12:29.628252 (3039616) main____ INFO      file size     : unlimited
2026-02-25 10:12:29.628261 (3039616) main____ INFO    ----------------------------------------
2026-02-25 10:12:29.628271 (3039616) main____ INFO    Memory statistics:
2026-02-25 10:12:29.628283 (3039616) main____ INFO      total physical memory  : 98449092 kB
2026-02-25 10:12:29.628294 (3039616) main____ INFO      free physical memory   : 79526132 kB
2026-02-25 10:12:29.628321 (3039616) main____ INFO      committed address space: 6508652 kB
2026-02-25 10:12:29.628331 (3039616) main____ INFO    ----------------------------------------
2026-02-25 10:12:29.629498 (3039616) main____ INFO    Important environment variables:
2026-02-25 10:12:29.629523 (3039616) main____ INFO      CDS_LIC_FILE       : '5280@cadlic0'
2026-02-25 10:12:29.629536 (3039616) main____ INFO      JASPER_INSTALL_DIR : '/cad/cadence/jasper_2023.12p001'
2026-02-25 10:12:29.629548 (3039616) main____ INFO      JASPER_KERNEL_CHECK: '1'
2026-02-25 10:12:29.629561 (3039616) main____ INFO      JASPER_OS_CHECK    : '0'
2026-02-25 10:12:29.629572 (3039616) main____ INFO      LANG               : 'en_US.UTF-8'
2026-02-25 10:12:29.629583 (3039616) main____ INFO    ----------------------------------------
2026-02-25 10:12:29.631509 (3039616) lic_core INFO    Initializing license system ...
2026-02-25 10:12:29.654805 (3039616) lic_core INFO    ... license system initialized.
2026-02-25 10:12:29.770702 (3039616) lic__man INFO    Claim 'main' for <ui>.
2026-02-25 10:12:29.770777 (3039616) lic_core INFO    (1) checking out 'jasper_interactive' ...
2026-02-25 10:12:29.853606 (3039616) lic_core INFO    ... (1) checkout succeeded
2026-02-25 10:12:29.853716 (3039616) lic__man INFO    Claim 'fpv' for <ui>.
2026-02-25 10:12:29.853745 (3039616) lic_core INFO    (2) checking out 'jasper_fpv' ...
2026-02-25 10:12:29.929808 (3039616) lic_core INFO    ... (2) checkout failed (error: -5) ("FLEXnet ERROR(-5, 0, 0): No such feature exists.")
2026-02-25 10:12:29.929880 (3039616) lic_core INFO    (3) checking out 'jasper_fao' ...
2026-02-25 10:12:30.015531 (3039616) lic_core INFO    ... (3) checkout succeeded
2026-02-25 10:12:30.050286 (3039616) main____ INFO    Tool inactivity delay is 480000 ms.
2026-02-25 10:12:30.069620 (3039628) stdio___ INFO    Starting STDIN reader (tty: yes, tty name: '/dev/pts/0')
2026-02-25 10:12:30.398488 (3039616) session_ INFO    Starting analysis session with session id 'session_0' (launcher: <local>) ...
2026-02-25 10:12:30.400557 (3039616) session_ INFO    Analysis session with session id 'session_0' started (pid: 3039629)
2026-02-25 10:12:33.517854 (3039616) session_ INFO    Analysis session 'session_0' connected to the console (host: 127.0.0.1:60908)
2026-02-25 10:12:44.499412 (3039616) lic__man INFO    Unclaim everything for 'session_0'.
2026-02-25 10:12:45.128985 (3039616) lic__man INFO    Claim 'fpv' for 'session_0'.
2026-02-25 10:12:45.129035 (3039616) lic__man INFO    Claim 'fpv' for 'session_0/prove-0'.
2026-02-25 10:13:05.235676 (3039616) lic__man INFO    Unclaim everything for 'session_0/prove-0'.
2026-02-25 10:13:05.321499 (3039616) main____ INFO    About to exit: request to exit with status 0 received from analysis session 'session_0'
2026-02-25 10:13:05.931601 (3039616) session_ INFO    Analysis session 'session_0' disconnected.
2026-02-25 10:13:05.931765 (3039616) lic__man INFO    Unclaim everything for 'session_0'.
2026-02-25 10:13:05.935562 (3039616) session_ INFO    Process for analysis session 'session_0' has exited with exit status '0'.
2026-02-25 10:13:07.405346 (3039628) stdio___ INFO    STDIN reader requested to stop.
2026-02-25 10:13:07.405397 (3039628) stdio___ INFO    STDIN reader stopped.
2026-02-25 10:13:07.405721 (3039616) lic_core INFO    (1) checkin jasper_interactive
2026-02-25 10:13:07.417564 (3039616) lic_core INFO    (3) checkin jasper_fao
2026-02-25 10:13:07.429999 (3039616) main____ INFO    Exiting with status 0.
