2026-03-02 00:38:56.366174 (412531) main____ INFO    ----------------------------------------
2026-03-02 00:38:56.366280 (412531) main____ INFO    Jasper version info
2026-03-02 00:38:56.366300 (412531) main____ INFO      tool      : Jasper 2023.12
2026-03-02 00:38:56.366320 (412531) main____ INFO      version   : 2023.12p001 64 bits
2026-03-02 00:38:56.366336 (412531) main____ INFO      build date: 2024.01.23 16:09:24 UTC
2026-03-02 00:38:56.366349 (412531) main____ INFO    ----------------------------------------
2026-03-02 00:38:56.366360 (412531) main____ INFO    Runtime info:
2026-03-02 00:38:56.366373 (412531) main____ INFO      platform  : Linux 4.18.0-553.89.1.el8_10.x86_64 x86_64
2026-03-02 00:38:56.366394 (412531) main____ INFO      hostname  : caddy12.stanford.edu
2026-03-02 00:38:56.366412 (412531) main____ INFO      pid       : 412531
2026-03-02 00:38:56.366425 (412531) main____ INFO      arguments : '-style' 'windows' '-allow_unsupported_OS' '-no_gui' '-fpv' './synthlc/i_MUL_out/xPairwiseDepDiv/exclusive_36_.tcl' '-proj' './synthlc/i_MUL_out/xPairwiseDepDiv/exclusive_36_jgsession_26-03-02-00_38_56'
2026-03-02 00:38:56.366445 (412531) main____ INFO      locale    : UTF-8
2026-03-02 00:38:56.366457 (412531) main____ INFO    ----------------------------------------
2026-03-02 00:38:56.366469 (412531) main____ INFO    System resource limits info:
2026-03-02 00:38:56.366483 (412531) main____ INFO      virtual memory: unlimited
2026-03-02 00:38:56.367636 (412531) main____ INFO      cpu time      : unlimited
2026-03-02 00:38:56.367701 (412531) main____ INFO      processes     : 4096
2026-03-02 00:38:56.367727 (412531) main____ INFO      stack size    : 8388608 B
2026-03-02 00:38:56.367744 (412531) main____ INFO      core file size: 0 B
2026-03-02 00:38:56.367758 (412531) main____ INFO      open files    : 4096
2026-03-02 00:38:56.367771 (412531) main____ INFO      file size     : unlimited
2026-03-02 00:38:56.367782 (412531) main____ INFO    ----------------------------------------
2026-03-02 00:38:56.367793 (412531) main____ INFO    Memory statistics:
2026-03-02 00:38:56.367806 (412531) main____ INFO      total physical memory  : 98449088 kB
2026-03-02 00:38:56.367819 (412531) main____ INFO      free physical memory   : 84023640 kB
2026-03-02 00:38:56.367832 (412531) main____ INFO      committed address space: 12169992 kB
2026-03-02 00:38:56.367842 (412531) main____ INFO    ----------------------------------------
2026-03-02 00:38:56.369068 (412531) main____ INFO    Important environment variables:
2026-03-02 00:38:56.369098 (412531) main____ INFO      CDS_LIC_FILE       : '5280@cadlic0'
2026-03-02 00:38:56.369113 (412531) main____ INFO      DISPLAY            : 'localhost:12.0'
2026-03-02 00:38:56.369126 (412531) main____ INFO      JASPER_INSTALL_DIR : '/cad/cadence/jasper_2023.12p001'
2026-03-02 00:38:56.369139 (412531) main____ INFO      JASPER_KERNEL_CHECK: '1'
2026-03-02 00:38:56.369151 (412531) main____ INFO      JASPER_OS_CHECK    : '0'
2026-03-02 00:38:56.369164 (412531) main____ INFO      LANG               : 'zh_TW.UTF-8'
2026-03-02 00:38:56.369175 (412531) main____ INFO    ----------------------------------------
2026-03-02 00:38:56.370676 (412531) lic_core INFO    Initializing license system ...
2026-03-02 00:38:56.373031 (412531) lic_core INFO    ... license system initialized.
2026-03-02 00:38:56.385862 (412531) lic__man INFO    Claim 'main' for <ui>.
2026-03-02 00:38:56.385946 (412531) lic_core INFO    (1) checking out 'jasper_interactive' ...
2026-03-02 00:38:56.419953 (412531) lic_core INFO    ... (1) checkout succeeded
2026-03-02 00:38:56.420066 (412531) lic__man INFO    Claim 'fpv' for <ui>.
2026-03-02 00:38:56.420097 (412531) lic_core INFO    (2) checking out 'jasper_fpv' ...
2026-03-02 00:38:56.470124 (412531) lic_core INFO    ... (2) checkout failed (error: -5) ("FLEXnet ERROR(-5, 0, 0): No such feature exists.")
2026-03-02 00:38:56.470197 (412531) lic_core INFO    (3) checking out 'jasper_fao' ...
2026-03-02 00:38:56.504915 (412531) lic_core INFO    ... (3) checkout succeeded
2026-03-02 00:38:56.520452 (412542) stdio___ INFO    Starting STDIN reader (tty: yes, tty name: '/dev/pts/0')
2026-03-02 00:38:56.520522 (412531) main____ INFO    Tool inactivity delay is 480000 ms.
2026-03-02 00:38:56.664201 (412531) session_ INFO    Starting analysis session with session id 'session_0' (launcher: <local>) ...
2026-03-02 00:38:56.666036 (412531) session_ INFO    Analysis session with session id 'session_0' started (pid: 412546)
2026-03-02 00:38:58.059093 (412531) session_ INFO    Analysis session 'session_0' connected to the console (host: 127.0.0.1:53794)
2026-03-02 00:39:06.257390 (412531) lic__man INFO    Unclaim everything for 'session_0'.
2026-03-02 00:39:06.754621 (412531) lic__man INFO    Claim 'fpv' for 'session_0'.
2026-03-02 00:39:06.754689 (412531) lic__man INFO    Claim 'fpv' for 'session_0/prove-0'.
2026-03-02 00:39:17.634751 (412531) lic__man INFO    Unclaim everything for 'session_0/prove-0'.
2026-03-02 00:39:17.645275 (412531) main____ INFO    About to exit: request to exit with status 0 received from analysis session 'session_0'
2026-03-02 00:39:17.822877 (412531) session_ INFO    Analysis session 'session_0' disconnected.
2026-03-02 00:39:17.823024 (412531) lic__man INFO    Unclaim everything for 'session_0'.
2026-03-02 00:39:17.823996 (412531) session_ INFO    Process for analysis session 'session_0' has exited with exit status '0'.
2026-03-02 00:39:19.764740 (412542) stdio___ INFO    STDIN reader requested to stop.
2026-03-02 00:39:19.764813 (412542) stdio___ INFO    STDIN reader stopped.
2026-03-02 00:39:19.774954 (412531) lic_core INFO    (1) checkin jasper_interactive
2026-03-02 00:39:19.793887 (412531) lic_core INFO    (3) checkin jasper_fao
2026-03-02 00:39:19.807270 (412531) main____ INFO    Exiting with status 0.
