2026-02-28 02:00:20.794113 (615700) main____ INFO    ----------------------------------------
2026-02-28 02:00:20.794180 (615700) main____ INFO    Jasper version info
2026-02-28 02:00:20.794195 (615700) main____ INFO      tool      : Jasper 2023.12
2026-02-28 02:00:20.794209 (615700) main____ INFO      version   : 2023.12p001 64 bits
2026-02-28 02:00:20.794221 (615700) main____ INFO      build date: 2024.01.23 16:09:24 UTC
2026-02-28 02:00:20.794231 (615700) main____ INFO    ----------------------------------------
2026-02-28 02:00:20.794241 (615700) main____ INFO    Runtime info:
2026-02-28 02:00:20.794251 (615700) main____ INFO      platform  : Linux 4.18.0-553.89.1.el8_10.x86_64 x86_64
2026-02-28 02:00:20.794268 (615700) main____ INFO      hostname  : caddy10.stanford.edu
2026-02-28 02:00:20.794283 (615700) main____ INFO      pid       : 615700
2026-02-28 02:00:20.794294 (615700) main____ INFO      arguments : '-style' 'windows' '-allow_unsupported_OS' '-no_gui' '-fpv' './synthlc/i_MUL_out/xHBPerfG_dfg_v3_div/HB_106_.tcl' '-proj' './synthlc/i_MUL_out/xHBPerfG_dfg_v3_div/HB_106_jgsession_26-02-28-02_00_20'
2026-02-28 02:00:20.794309 (615700) main____ INFO      locale    : UTF-8
2026-02-28 02:00:20.794319 (615700) main____ INFO    ----------------------------------------
2026-02-28 02:00:20.794328 (615700) main____ INFO    System resource limits info:
2026-02-28 02:00:20.794340 (615700) main____ INFO      virtual memory: unlimited
2026-02-28 02:00:20.794352 (615700) main____ INFO      cpu time      : unlimited
2026-02-28 02:00:20.794367 (615700) main____ INFO      processes     : 4096
2026-02-28 02:00:20.794384 (615700) main____ INFO      stack size    : 8388608 B
2026-02-28 02:00:20.794398 (615700) main____ INFO      core file size: 0 B
2026-02-28 02:00:20.794411 (615700) main____ INFO      open files    : 4096
2026-02-28 02:00:20.794422 (615700) main____ INFO      file size     : unlimited
2026-02-28 02:00:20.794432 (615700) main____ INFO    ----------------------------------------
2026-02-28 02:00:20.794441 (615700) main____ INFO    Memory statistics:
2026-02-28 02:00:20.794453 (615700) main____ INFO      total physical memory  : 98449096 kB
2026-02-28 02:00:20.794464 (615700) main____ INFO      free physical memory   : 90405660 kB
2026-02-28 02:00:20.794475 (615700) main____ INFO      committed address space: 1787868 kB
2026-02-28 02:00:20.794485 (615700) main____ INFO    ----------------------------------------
2026-02-28 02:00:20.795600 (615700) main____ INFO    Important environment variables:
2026-02-28 02:00:20.795621 (615700) main____ INFO      CDS_LIC_FILE       : '5280@cadlic0'
2026-02-28 02:00:20.795634 (615700) main____ INFO      JASPER_INSTALL_DIR : '/cad/cadence/jasper_2023.12p001'
2026-02-28 02:00:20.795646 (615700) main____ INFO      JASPER_KERNEL_CHECK: '1'
2026-02-28 02:00:20.795658 (615700) main____ INFO      JASPER_OS_CHECK    : '0'
2026-02-28 02:00:20.795669 (615700) main____ INFO      LANG               : 'en_US.UTF-8'
2026-02-28 02:00:20.795679 (615700) main____ INFO    ----------------------------------------
2026-02-28 02:00:20.796935 (615700) lic_core INFO    Initializing license system ...
2026-02-28 02:00:20.798368 (615700) lic_core INFO    ... license system initialized.
2026-02-28 02:00:20.809340 (615700) lic__man INFO    Claim 'main' for <ui>.
2026-02-28 02:00:20.809379 (615700) lic_core INFO    (1) checking out 'jasper_interactive' ...
2026-02-28 02:00:20.821931 (615700) lic_core INFO    ... (1) checkout succeeded
2026-02-28 02:00:20.821985 (615700) lic__man INFO    Claim 'fpv' for <ui>.
2026-02-28 02:00:20.822006 (615700) lic_core INFO    (2) checking out 'jasper_fpv' ...
2026-02-28 02:00:20.826208 (615700) lic_core INFO    ... (2) checkout failed (error: -5) ("FLEXnet ERROR(-5, 0, 0): No such feature exists.")
2026-02-28 02:00:20.826237 (615700) lic_core INFO    (3) checking out 'jasper_fao' ...
2026-02-28 02:00:20.837185 (615700) lic_core INFO    ... (3) checkout succeeded
2026-02-28 02:00:20.838071 (615713) stdio___ INFO    Starting STDIN reader (tty: yes, tty name: '/dev/pts/5')
2026-02-28 02:00:20.838215 (615700) main____ INFO    Tool inactivity delay is 480000 ms.
2026-02-28 02:00:20.879738 (615700) session_ INFO    Starting analysis session with session id 'session_0' (launcher: <local>) ...
2026-02-28 02:00:20.881480 (615700) session_ INFO    Analysis session with session id 'session_0' started (pid: 615714)
2026-02-28 02:00:21.945578 (615700) session_ INFO    Analysis session 'session_0' connected to the console (host: 127.0.0.1:48722)
2026-02-28 02:00:25.264845 (615700) lic__man INFO    Unclaim everything for 'session_0'.
2026-02-28 02:00:25.610489 (615700) lic__man INFO    Claim 'fpv' for 'session_0'.
2026-02-28 02:00:25.610531 (615700) lic__man INFO    Claim 'fpv' for 'session_0/prove-0'.
2026-02-28 02:00:31.511469 (615700) lic__man INFO    Unclaim everything for 'session_0/prove-0'.
2026-02-28 02:00:31.549354 (615700) main____ INFO    About to exit: request to exit with status 0 received from analysis session 'session_0'
2026-02-28 02:00:32.031803 (615700) session_ INFO    Analysis session 'session_0' disconnected.
2026-02-28 02:00:32.031946 (615700) lic__man INFO    Unclaim everything for 'session_0'.
2026-02-28 02:00:32.043261 (615700) session_ INFO    Process for analysis session 'session_0' has exited with exit status '0'.
2026-02-28 02:00:33.459548 (615713) stdio___ INFO    STDIN reader requested to stop.
2026-02-28 02:00:33.459595 (615713) stdio___ INFO    STDIN reader stopped.
2026-02-28 02:00:33.459953 (615700) lic_core INFO    (1) checkin jasper_interactive
2026-02-28 02:00:33.462270 (615700) lic_core INFO    (3) checkin jasper_fao
2026-02-28 02:00:33.483304 (615700) main____ INFO    Exiting with status 0.
