2026-02-26 11:46:40.530095 (2116433) main____ INFO    ----------------------------------------
2026-02-26 11:46:40.530207 (2116433) main____ INFO    Jasper version info
2026-02-26 11:46:40.530226 (2116433) main____ INFO      tool      : Jasper 2023.12
2026-02-26 11:46:40.530243 (2116433) main____ INFO      version   : 2023.12p001 64 bits
2026-02-26 11:46:40.530258 (2116433) main____ INFO      build date: 2024.01.23 16:09:24 UTC
2026-02-26 11:46:40.530270 (2116433) main____ INFO    ----------------------------------------
2026-02-26 11:46:40.530281 (2116433) main____ INFO    Runtime info:
2026-02-26 11:46:40.530293 (2116433) main____ INFO      platform  : Linux 4.18.0-553.89.1.el8_10.x86_64 x86_64
2026-02-26 11:46:40.530315 (2116433) main____ INFO      hostname  : caddy12.stanford.edu
2026-02-26 11:46:40.530333 (2116433) main____ INFO      pid       : 2116433
2026-02-26 11:46:40.530345 (2116433) main____ INFO      arguments : '-style' 'windows' '-allow_unsupported_OS' '-no_gui' '-fpv' './synthlc/i_DIV_out/xPairwiseDepDiv/exclusive_36_.tcl' '-proj' './synthlc/i_DIV_out/xPairwiseDepDiv/exclusive_36_jgsession_26-02-26-11_46_40'
2026-02-26 11:46:40.530364 (2116433) main____ INFO      locale    : UTF-8
2026-02-26 11:46:40.530376 (2116433) main____ INFO    ----------------------------------------
2026-02-26 11:46:40.530387 (2116433) main____ INFO    System resource limits info:
2026-02-26 11:46:40.530401 (2116433) main____ INFO      virtual memory: unlimited
2026-02-26 11:46:40.530415 (2116433) main____ INFO      cpu time      : unlimited
2026-02-26 11:46:40.530436 (2116433) main____ INFO      processes     : 4096
2026-02-26 11:46:40.530459 (2116433) main____ INFO      stack size    : 8388608 B
2026-02-26 11:46:40.530475 (2116433) main____ INFO      core file size: 0 B
2026-02-26 11:46:40.530491 (2116433) main____ INFO      open files    : 4096
2026-02-26 11:46:40.530505 (2116433) main____ INFO      file size     : unlimited
2026-02-26 11:46:40.530516 (2116433) main____ INFO    ----------------------------------------
2026-02-26 11:46:40.530527 (2116433) main____ INFO    Memory statistics:
2026-02-26 11:46:40.530541 (2116433) main____ INFO      total physical memory  : 98449088 kB
2026-02-26 11:46:40.530554 (2116433) main____ INFO      free physical memory   : 75016520 kB
2026-02-26 11:46:40.530568 (2116433) main____ INFO      committed address space: 9035628 kB
2026-02-26 11:46:40.530579 (2116433) main____ INFO    ----------------------------------------
2026-02-26 11:46:40.532007 (2116433) main____ INFO    Important environment variables:
2026-02-26 11:46:40.532036 (2116433) main____ INFO      CDS_LIC_FILE       : '5280@cadlic0'
2026-02-26 11:46:40.532051 (2116433) main____ INFO      DISPLAY            : 'localhost:12.0'
2026-02-26 11:46:40.532065 (2116433) main____ INFO      JASPER_INSTALL_DIR : '/cad/cadence/jasper_2023.12p001'
2026-02-26 11:46:40.532079 (2116433) main____ INFO      JASPER_KERNEL_CHECK: '1'
2026-02-26 11:46:40.532092 (2116433) main____ INFO      JASPER_OS_CHECK    : '0'
2026-02-26 11:46:40.532106 (2116433) main____ INFO      LANG               : 'zh_TW.UTF-8'
2026-02-26 11:46:40.532117 (2116433) main____ INFO    ----------------------------------------
2026-02-26 11:46:40.534818 (2116433) lic_core INFO    Initializing license system ...
2026-02-26 11:46:40.548023 (2116433) lic_core INFO    ... license system initialized.
2026-02-26 11:46:40.636012 (2116433) lic__man INFO    Claim 'main' for <ui>.
2026-02-26 11:46:40.636082 (2116433) lic_core INFO    (1) checking out 'jasper_interactive' ...
2026-02-26 11:46:40.670698 (2116433) lic_core INFO    ... (1) checkout succeeded
2026-02-26 11:46:40.670798 (2116433) lic__man INFO    Claim 'fpv' for <ui>.
2026-02-26 11:46:40.670826 (2116433) lic_core INFO    (2) checking out 'jasper_fpv' ...
2026-02-26 11:46:40.687122 (2116433) lic_core INFO    ... (2) checkout failed (error: -5) ("FLEXnet ERROR(-5, 0, 0): No such feature exists.")
2026-02-26 11:46:40.687221 (2116433) lic_core INFO    (3) checking out 'jasper_fao' ...
2026-02-26 11:46:40.727748 (2116433) lic_core INFO    ... (3) checkout succeeded
2026-02-26 11:46:40.755580 (2116433) main____ INFO    Tool inactivity delay is 480000 ms.
2026-02-26 11:46:40.756036 (2116454) stdio___ INFO    Starting STDIN reader (tty: yes, tty name: '/dev/pts/0')
2026-02-26 11:46:40.984919 (2116433) session_ INFO    Starting analysis session with session id 'session_0' (launcher: <local>) ...
2026-02-26 11:46:40.986951 (2116433) session_ INFO    Analysis session with session id 'session_0' started (pid: 2116455)
2026-02-26 11:46:42.522133 (2116433) session_ INFO    Analysis session 'session_0' connected to the console (host: 127.0.0.1:43466)
2026-02-26 11:46:46.965596 (2116433) lic__man INFO    Unclaim everything for 'session_0'.
2026-02-26 11:46:47.324048 (2116433) lic__man INFO    Claim 'fpv' for 'session_0'.
2026-02-26 11:46:47.324091 (2116433) lic__man INFO    Claim 'fpv' for 'session_0/prove-0'.
2026-02-26 11:47:11.078072 (2116433) lic__man INFO    Unclaim everything for 'session_0/prove-0'.
2026-02-26 11:47:11.151855 (2116433) main____ INFO    About to exit: request to exit with status 0 received from analysis session 'session_0'
2026-02-26 11:47:11.378019 (2116433) session_ INFO    Analysis session 'session_0' disconnected.
2026-02-26 11:47:11.378184 (2116433) lic__man INFO    Unclaim everything for 'session_0'.
2026-02-26 11:47:11.378382 (2116433) session_ INFO    Process for analysis session 'session_0' has exited with exit status '0'.
2026-02-26 11:47:13.270432 (2116454) stdio___ INFO    STDIN reader requested to stop.
2026-02-26 11:47:13.270493 (2116454) stdio___ INFO    STDIN reader stopped.
2026-02-26 11:47:13.270791 (2116433) lic_core INFO    (1) checkin jasper_interactive
2026-02-26 11:47:13.271954 (2116433) lic_core INFO    (3) checkin jasper_fao
2026-02-26 11:47:13.273053 (2116433) main____ INFO    Exiting with status 0.
