2026-02-26 04:54:21.270992 (3743378) main____ INFO    ----------------------------------------
2026-02-26 04:54:21.271071 (3743378) main____ INFO    Jasper version info
2026-02-26 04:54:21.271089 (3743378) main____ INFO      tool      : Jasper 2023.12
2026-02-26 04:54:21.271105 (3743378) main____ INFO      version   : 2023.12p001 64 bits
2026-02-26 04:54:21.271120 (3743378) main____ INFO      build date: 2024.01.23 16:09:24 UTC
2026-02-26 04:54:21.271131 (3743378) main____ INFO    ----------------------------------------
2026-02-26 04:54:21.271141 (3743378) main____ INFO    Runtime info:
2026-02-26 04:54:21.271153 (3743378) main____ INFO      platform  : Linux 4.18.0-553.89.1.el8_10.x86_64 x86_64
2026-02-26 04:54:21.271173 (3743378) main____ INFO      hostname  : caddy15.stanford.edu
2026-02-26 04:54:21.271189 (3743378) main____ INFO      pid       : 3743378
2026-02-26 04:54:21.271202 (3743378) main____ INFO      arguments : '-style' 'windows' '-allow_unsupported_OS' '-no_gui' '-fpv' './synthlc/i_ADDI_out/xPairwiseDepDiv/nunv_anytwo_67_.tcl' '-proj' './synthlc/i_ADDI_out/xPairwiseDepDiv/nunv_anytwo_67_jgsession_26-02-26-04_54_21'
2026-02-26 04:54:21.271219 (3743378) main____ INFO      locale    : UTF-8
2026-02-26 04:54:21.271230 (3743378) main____ INFO    ----------------------------------------
2026-02-26 04:54:21.271240 (3743378) main____ INFO    System resource limits info:
2026-02-26 04:54:21.271253 (3743378) main____ INFO      virtual memory: unlimited
2026-02-26 04:54:21.271267 (3743378) main____ INFO      cpu time      : unlimited
2026-02-26 04:54:21.271286 (3743378) main____ INFO      processes     : 4096
2026-02-26 04:54:21.271324 (3743378) main____ INFO      stack size    : 8388608 B
2026-02-26 04:54:21.271340 (3743378) main____ INFO      core file size: 0 B
2026-02-26 04:54:21.271355 (3743378) main____ INFO      open files    : 4096
2026-02-26 04:54:21.271368 (3743378) main____ INFO      file size     : unlimited
2026-02-26 04:54:21.271379 (3743378) main____ INFO    ----------------------------------------
2026-02-26 04:54:21.271389 (3743378) main____ INFO    Memory statistics:
2026-02-26 04:54:21.271402 (3743378) main____ INFO      total physical memory  : 98449092 kB
2026-02-26 04:54:21.271414 (3743378) main____ INFO      free physical memory   : 80743072 kB
2026-02-26 04:54:21.271427 (3743378) main____ INFO      committed address space: 1198756 kB
2026-02-26 04:54:21.271438 (3743378) main____ INFO    ----------------------------------------
2026-02-26 04:54:21.272598 (3743378) main____ INFO    Important environment variables:
2026-02-26 04:54:21.272623 (3743378) main____ INFO      CDS_LIC_FILE       : '5280@cadlic0'
2026-02-26 04:54:21.272637 (3743378) main____ INFO      JASPER_INSTALL_DIR : '/cad/cadence/jasper_2023.12p001'
2026-02-26 04:54:21.272651 (3743378) main____ INFO      JASPER_KERNEL_CHECK: '1'
2026-02-26 04:54:21.272665 (3743378) main____ INFO      JASPER_OS_CHECK    : '0'
2026-02-26 04:54:21.272678 (3743378) main____ INFO      LANG               : 'en_US.UTF-8'
2026-02-26 04:54:21.272697 (3743378) main____ INFO    ----------------------------------------
2026-02-26 04:54:21.273873 (3743378) lic_core INFO    Initializing license system ...
2026-02-26 04:54:21.275722 (3743378) lic_core INFO    ... license system initialized.
2026-02-26 04:54:21.288062 (3743378) lic__man INFO    Claim 'main' for <ui>.
2026-02-26 04:54:21.288105 (3743378) lic_core INFO    (1) checking out 'jasper_interactive' ...
2026-02-26 04:54:21.301377 (3743378) lic_core INFO    ... (1) checkout succeeded
2026-02-26 04:54:21.301437 (3743378) lic__man INFO    Claim 'fpv' for <ui>.
2026-02-26 04:54:21.301459 (3743378) lic_core INFO    (2) checking out 'jasper_fpv' ...
2026-02-26 04:54:21.305763 (3743378) lic_core INFO    ... (2) checkout failed (error: -5) ("FLEXnet ERROR(-5, 0, 0): No such feature exists.")
2026-02-26 04:54:21.305794 (3743378) lic_core INFO    (3) checking out 'jasper_fao' ...
2026-02-26 04:54:21.317288 (3743378) lic_core INFO    ... (3) checkout succeeded
2026-02-26 04:54:21.320002 (3743389) stdio___ INFO    Starting STDIN reader (tty: yes, tty name: '/dev/pts/0')
2026-02-26 04:54:21.320100 (3743378) main____ INFO    Tool inactivity delay is 480000 ms.
2026-02-26 04:54:21.364108 (3743378) session_ INFO    Starting analysis session with session id 'session_0' (launcher: <local>) ...
2026-02-26 04:54:21.365830 (3743378) session_ INFO    Analysis session with session id 'session_0' started (pid: 3743390)
2026-02-26 04:54:22.475626 (3743378) session_ INFO    Analysis session 'session_0' connected to the console (host: 127.0.0.1:40140)
2026-02-26 04:54:25.551027 (3743378) lic__man INFO    Unclaim everything for 'session_0'.
2026-02-26 04:54:25.743759 (3743378) lic__man INFO    Claim 'fpv' for 'session_0'.
2026-02-26 04:54:25.743792 (3743378) lic__man INFO    Claim 'fpv' for 'session_0/prove-0'.
2026-02-26 04:54:34.576663 (3743378) lic__man INFO    Unclaim everything for 'session_0/prove-0'.
2026-02-26 04:54:34.618490 (3743378) main____ INFO    About to exit: request to exit with status 0 received from analysis session 'session_0'
2026-02-26 04:54:34.769260 (3743378) session_ INFO    Analysis session 'session_0' disconnected.
2026-02-26 04:54:34.769418 (3743378) lic__man INFO    Unclaim everything for 'session_0'.
2026-02-26 04:54:34.769667 (3743378) session_ INFO    Process for analysis session 'session_0' has exited with exit status '0'.
2026-02-26 04:54:36.525087 (3743389) stdio___ INFO    STDIN reader requested to stop.
2026-02-26 04:54:36.525122 (3743389) stdio___ INFO    STDIN reader stopped.
2026-02-26 04:54:36.525366 (3743378) lic_core INFO    (1) checkin jasper_interactive
2026-02-26 04:54:36.526628 (3743378) lic_core INFO    (3) checkin jasper_fao
2026-02-26 04:54:36.527846 (3743378) main____ INFO    Exiting with status 0.
