2026-02-28 22:59:42.093245 (3774553) main____ INFO    ----------------------------------------
2026-02-28 22:59:42.093349 (3774553) main____ INFO    Jasper version info
2026-02-28 22:59:42.093366 (3774553) main____ INFO      tool      : Jasper 2023.12
2026-02-28 22:59:42.093382 (3774553) main____ INFO      version   : 2023.12p001 64 bits
2026-02-28 22:59:42.093396 (3774553) main____ INFO      build date: 2024.01.23 16:09:24 UTC
2026-02-28 22:59:42.093407 (3774553) main____ INFO    ----------------------------------------
2026-02-28 22:59:42.093417 (3774553) main____ INFO    Runtime info:
2026-02-28 22:59:42.093428 (3774553) main____ INFO      platform  : Linux 4.18.0-553.89.1.el8_10.x86_64 x86_64
2026-02-28 22:59:42.093448 (3774553) main____ INFO      hostname  : caddy12.stanford.edu
2026-02-28 22:59:42.093464 (3774553) main____ INFO      pid       : 3774553
2026-02-28 22:59:42.093476 (3774553) main____ INFO      arguments : '-style' 'windows' '-allow_unsupported_OS' '-no_gui' '-fpv' './synthlc/i_ADDI_out/xHBPerfG_dfg_v3_div/HB_15_.tcl' '-proj' './synthlc/i_ADDI_out/xHBPerfG_dfg_v3_div/HB_15_jgsession_26-02-28-22_59_41'
2026-02-28 22:59:42.093494 (3774553) main____ INFO      locale    : UTF-8
2026-02-28 22:59:42.093504 (3774553) main____ INFO    ----------------------------------------
2026-02-28 22:59:42.093514 (3774553) main____ INFO    System resource limits info:
2026-02-28 22:59:42.093527 (3774553) main____ INFO      virtual memory: unlimited
2026-02-28 22:59:42.093541 (3774553) main____ INFO      cpu time      : unlimited
2026-02-28 22:59:42.093559 (3774553) main____ INFO      processes     : 4096
2026-02-28 22:59:42.093579 (3774553) main____ INFO      stack size    : 8388608 B
2026-02-28 22:59:42.093606 (3774553) main____ INFO      core file size: 0 B
2026-02-28 22:59:42.093623 (3774553) main____ INFO      open files    : 4096
2026-02-28 22:59:42.093637 (3774553) main____ INFO      file size     : unlimited
2026-02-28 22:59:42.093650 (3774553) main____ INFO    ----------------------------------------
2026-02-28 22:59:42.093660 (3774553) main____ INFO    Memory statistics:
2026-02-28 22:59:42.093688 (3774553) main____ INFO      total physical memory  : 98449088 kB
2026-02-28 22:59:42.093700 (3774553) main____ INFO      free physical memory   : 87836300 kB
2026-02-28 22:59:42.093712 (3774553) main____ INFO      committed address space: 6030232 kB
2026-02-28 22:59:42.093722 (3774553) main____ INFO    ----------------------------------------
2026-02-28 22:59:42.094934 (3774553) main____ INFO    Important environment variables:
2026-02-28 22:59:42.094967 (3774553) main____ INFO      CDS_LIC_FILE       : '5280@cadlic0'
2026-02-28 22:59:42.094981 (3774553) main____ INFO      DISPLAY            : 'localhost:12.0'
2026-02-28 22:59:42.094993 (3774553) main____ INFO      JASPER_INSTALL_DIR : '/cad/cadence/jasper_2023.12p001'
2026-02-28 22:59:42.095007 (3774553) main____ INFO      JASPER_KERNEL_CHECK: '1'
2026-02-28 22:59:42.118734 (3774553) main____ INFO      JASPER_OS_CHECK    : '0'
2026-02-28 22:59:42.118772 (3774553) main____ INFO      LANG               : 'zh_TW.UTF-8'
2026-02-28 22:59:42.118784 (3774553) main____ INFO    ----------------------------------------
2026-02-28 22:59:42.121854 (3774553) lic_core INFO    Initializing license system ...
2026-02-28 22:59:42.144909 (3774553) lic_core INFO    ... license system initialized.
2026-02-28 22:59:42.334896 (3774553) lic__man INFO    Claim 'main' for <ui>.
2026-02-28 22:59:42.334976 (3774553) lic_core INFO    (1) checking out 'jasper_interactive' ...
2026-02-28 22:59:42.404947 (3774553) lic_core INFO    ... (1) checkout succeeded
2026-02-28 22:59:42.405058 (3774553) lic__man INFO    Claim 'fpv' for <ui>.
2026-02-28 22:59:42.405088 (3774553) lic_core INFO    (2) checking out 'jasper_fpv' ...
2026-02-28 22:59:42.474090 (3774553) lic_core INFO    ... (2) checkout failed (error: -5) ("FLEXnet ERROR(-5, 0, 0): No such feature exists.")
2026-02-28 22:59:42.474153 (3774553) lic_core INFO    (3) checking out 'jasper_fao' ...
2026-02-28 22:59:42.553957 (3774553) lic_core INFO    ... (3) checkout succeeded
2026-02-28 22:59:42.577536 (3774553) main____ INFO    Tool inactivity delay is 480000 ms.
2026-02-28 22:59:42.585904 (3774587) stdio___ INFO    Starting STDIN reader (tty: yes, tty name: '/dev/pts/0')
2026-02-28 22:59:42.726699 (3774553) session_ INFO    Starting analysis session with session id 'session_0' (launcher: <local>) ...
2026-02-28 22:59:42.728690 (3774553) session_ INFO    Analysis session with session id 'session_0' started (pid: 3774600)
2026-02-28 22:59:44.309167 (3774553) session_ INFO    Analysis session 'session_0' connected to the console (host: 127.0.0.1:39182)
2026-02-28 22:59:52.169875 (3774553) lic__man INFO    Unclaim everything for 'session_0'.
2026-02-28 22:59:52.723302 (3774553) lic__man INFO    Claim 'fpv' for 'session_0'.
2026-02-28 22:59:52.723346 (3774553) lic__man INFO    Claim 'fpv' for 'session_0/prove-0'.
2026-02-28 22:59:58.711561 (3774553) lic__man INFO    Unclaim everything for 'session_0/prove-0'.
2026-02-28 22:59:58.754508 (3774553) main____ INFO    About to exit: request to exit with status 0 received from analysis session 'session_0'
2026-02-28 22:59:59.182928 (3774553) session_ INFO    Analysis session 'session_0' disconnected.
2026-02-28 22:59:59.183088 (3774553) lic__man INFO    Unclaim everything for 'session_0'.
2026-02-28 22:59:59.186910 (3774553) session_ INFO    Process for analysis session 'session_0' has exited with exit status '0'.
2026-02-28 23:00:00.862746 (3774587) stdio___ INFO    STDIN reader requested to stop.
2026-02-28 23:00:00.862817 (3774587) stdio___ INFO    STDIN reader stopped.
2026-02-28 23:00:00.872925 (3774553) lic_core INFO    (1) checkin jasper_interactive
2026-02-28 23:00:00.890551 (3774553) lic_core INFO    (3) checkin jasper_fao
2026-02-28 23:00:00.909126 (3774553) main____ INFO    Exiting with status 0.
