2026-02-27 15:57:29.304206 (3180756) main____ INFO    ----------------------------------------
2026-02-27 15:57:29.304293 (3180756) main____ INFO    Jasper version info
2026-02-27 15:57:29.304310 (3180756) main____ INFO      tool      : Jasper 2023.12
2026-02-27 15:57:29.304326 (3180756) main____ INFO      version   : 2023.12p001 64 bits
2026-02-27 15:57:29.304340 (3180756) main____ INFO      build date: 2024.01.23 16:09:24 UTC
2026-02-27 15:57:29.304350 (3180756) main____ INFO    ----------------------------------------
2026-02-27 15:57:29.304360 (3180756) main____ INFO    Runtime info:
2026-02-27 15:57:29.304371 (3180756) main____ INFO      platform  : Linux 4.18.0-553.89.1.el8_10.x86_64 x86_64
2026-02-27 15:57:29.304390 (3180756) main____ INFO      hostname  : caddy12.stanford.edu
2026-02-27 15:57:29.304406 (3180756) main____ INFO      pid       : 3180756
2026-02-27 15:57:29.304418 (3180756) main____ INFO      arguments : '-style' 'windows' '-allow_unsupported_OS' '-no_gui' '-fpv' './synthlc/i_DIV_out/xPerfLocSubsetDiv/coverset_13_.tcl' '-proj' './synthlc/i_DIV_out/xPerfLocSubsetDiv/coverset_13_jgsession_26-02-27-15_57_28'
2026-02-27 15:57:29.304435 (3180756) main____ INFO      locale    : UTF-8
2026-02-27 15:57:29.304445 (3180756) main____ INFO    ----------------------------------------
2026-02-27 15:57:29.304455 (3180756) main____ INFO    System resource limits info:
2026-02-27 15:57:29.304468 (3180756) main____ INFO      virtual memory: unlimited
2026-02-27 15:57:29.304481 (3180756) main____ INFO      cpu time      : unlimited
2026-02-27 15:57:29.304499 (3180756) main____ INFO      processes     : 4096
2026-02-27 15:57:29.304519 (3180756) main____ INFO      stack size    : 8388608 B
2026-02-27 15:57:29.304534 (3180756) main____ INFO      core file size: 0 B
2026-02-27 15:57:29.304547 (3180756) main____ INFO      open files    : 4096
2026-02-27 15:57:29.304559 (3180756) main____ INFO      file size     : unlimited
2026-02-27 15:57:29.304569 (3180756) main____ INFO    ----------------------------------------
2026-02-27 15:57:29.304579 (3180756) main____ INFO    Memory statistics:
2026-02-27 15:57:29.304591 (3180756) main____ INFO      total physical memory  : 98449088 kB
2026-02-27 15:57:29.304603 (3180756) main____ INFO      free physical memory   : 77538108 kB
2026-02-27 15:57:29.304615 (3180756) main____ INFO      committed address space: 4089224 kB
2026-02-27 15:57:29.304625 (3180756) main____ INFO    ----------------------------------------
2026-02-27 15:57:29.305836 (3180756) main____ INFO    Important environment variables:
2026-02-27 15:57:29.305864 (3180756) main____ INFO      CDS_LIC_FILE       : '5280@cadlic0'
2026-02-27 15:57:29.305878 (3180756) main____ INFO      DISPLAY            : 'localhost:12.0'
2026-02-27 15:57:29.305890 (3180756) main____ INFO      JASPER_INSTALL_DIR : '/cad/cadence/jasper_2023.12p001'
2026-02-27 15:57:29.305903 (3180756) main____ INFO      JASPER_KERNEL_CHECK: '1'
2026-02-27 15:57:29.305915 (3180756) main____ INFO      JASPER_OS_CHECK    : '0'
2026-02-27 15:57:29.305928 (3180756) main____ INFO      LANG               : 'zh_TW.UTF-8'
2026-02-27 15:57:29.305938 (3180756) main____ INFO    ----------------------------------------
2026-02-27 15:57:29.317812 (3180756) lic_core INFO    Initializing license system ...
2026-02-27 15:57:29.338950 (3180756) lic_core INFO    ... license system initialized.
2026-02-27 15:57:29.443011 (3180756) lic__man INFO    Claim 'main' for <ui>.
2026-02-27 15:57:29.443085 (3180756) lic_core INFO    (1) checking out 'jasper_interactive' ...
2026-02-27 15:57:29.501304 (3180756) lic_core INFO    ... (1) checkout succeeded
2026-02-27 15:57:29.501395 (3180756) lic__man INFO    Claim 'fpv' for <ui>.
2026-02-27 15:57:29.501424 (3180756) lic_core INFO    (2) checking out 'jasper_fpv' ...
2026-02-27 15:57:29.505447 (3180756) lic_core INFO    ... (2) checkout failed (error: -5) ("FLEXnet ERROR(-5, 0, 0): No such feature exists.")
2026-02-27 15:57:29.505497 (3180756) lic_core INFO    (3) checking out 'jasper_fao' ...
2026-02-27 15:57:29.516622 (3180756) lic_core INFO    ... (3) checkout succeeded
2026-02-27 15:57:29.518848 (3180756) main____ INFO    Tool inactivity delay is 480000 ms.
2026-02-27 15:57:29.528906 (3180772) stdio___ INFO    Starting STDIN reader (tty: yes, tty name: '/dev/pts/0')
2026-02-27 15:57:29.774793 (3180756) session_ INFO    Starting analysis session with session id 'session_0' (launcher: <local>) ...
2026-02-27 15:57:29.776700 (3180756) session_ INFO    Analysis session with session id 'session_0' started (pid: 3180803)
2026-02-27 15:57:31.690684 (3180756) session_ INFO    Analysis session 'session_0' connected to the console (host: 127.0.0.1:54388)
2026-02-27 15:57:35.038470 (3180756) lic__man INFO    Unclaim everything for 'session_0'.
2026-02-27 15:57:35.253431 (3180756) lic__man INFO    Claim 'fpv' for 'session_0'.
2026-02-27 15:57:35.253471 (3180756) lic__man INFO    Claim 'fpv' for 'session_0/prove-0'.
2026-02-27 15:57:37.911716 (3180756) lic__man INFO    Unclaim everything for 'session_0/prove-0'.
2026-02-27 15:57:37.952812 (3180756) main____ INFO    About to exit: request to exit with status 0 received from analysis session 'session_0'
2026-02-27 15:57:38.091713 (3180756) session_ INFO    Analysis session 'session_0' disconnected.
2026-02-27 15:57:38.091914 (3180756) lic__man INFO    Unclaim everything for 'session_0'.
2026-02-27 15:57:38.092100 (3180756) session_ INFO    Process for analysis session 'session_0' has exited with exit status '0'.
2026-02-27 15:57:39.900725 (3180772) stdio___ INFO    STDIN reader requested to stop.
2026-02-27 15:57:39.900770 (3180772) stdio___ INFO    STDIN reader stopped.
2026-02-27 15:57:39.910883 (3180756) lic_core INFO    (1) checkin jasper_interactive
2026-02-27 15:57:39.915840 (3180756) lic_core INFO    (3) checkin jasper_fao
2026-02-27 15:57:39.956873 (3180756) main____ INFO    Exiting with status 0.
