2026-02-28 01:42:43.699842 (557162) main____ INFO    ----------------------------------------
2026-02-28 01:42:43.699937 (557162) main____ INFO    Jasper version info
2026-02-28 01:42:43.699952 (557162) main____ INFO      tool      : Jasper 2023.12
2026-02-28 01:42:43.699966 (557162) main____ INFO      version   : 2023.12p001 64 bits
2026-02-28 01:42:43.699978 (557162) main____ INFO      build date: 2024.01.23 16:09:24 UTC
2026-02-28 01:42:43.699988 (557162) main____ INFO    ----------------------------------------
2026-02-28 01:42:43.699997 (557162) main____ INFO    Runtime info:
2026-02-28 01:42:43.700007 (557162) main____ INFO      platform  : Linux 4.18.0-553.89.1.el8_10.x86_64 x86_64
2026-02-28 01:42:43.700023 (557162) main____ INFO      hostname  : caddy10.stanford.edu
2026-02-28 01:42:43.700037 (557162) main____ INFO      pid       : 557162
2026-02-28 01:42:43.700048 (557162) main____ INFO      arguments : '-style' 'windows' '-allow_unsupported_OS' '-no_gui' '-fpv' './synthlc/i_MUL_out/xPairwiseDepDiv/exclusive_26_.tcl' '-proj' './synthlc/i_MUL_out/xPairwiseDepDiv/exclusive_26_jgsession_26-02-28-01_42_43'
2026-02-28 01:42:43.700075 (557162) main____ INFO      locale    : UTF-8
2026-02-28 01:42:43.700085 (557162) main____ INFO    ----------------------------------------
2026-02-28 01:42:43.700094 (557162) main____ INFO    System resource limits info:
2026-02-28 01:42:43.700106 (557162) main____ INFO      virtual memory: unlimited
2026-02-28 01:42:43.700118 (557162) main____ INFO      cpu time      : unlimited
2026-02-28 01:42:43.700134 (557162) main____ INFO      processes     : 4096
2026-02-28 01:42:43.700151 (557162) main____ INFO      stack size    : 8388608 B
2026-02-28 01:42:43.700165 (557162) main____ INFO      core file size: 0 B
2026-02-28 01:42:43.700177 (557162) main____ INFO      open files    : 4096
2026-02-28 01:42:43.700189 (557162) main____ INFO      file size     : unlimited
2026-02-28 01:42:43.700198 (557162) main____ INFO    ----------------------------------------
2026-02-28 01:42:43.700207 (557162) main____ INFO    Memory statistics:
2026-02-28 01:42:43.700218 (557162) main____ INFO      total physical memory  : 98449096 kB
2026-02-28 01:42:43.700229 (557162) main____ INFO      free physical memory   : 90564168 kB
2026-02-28 01:42:43.700240 (557162) main____ INFO      committed address space: 1591300 kB
2026-02-28 01:42:43.700249 (557162) main____ INFO    ----------------------------------------
2026-02-28 01:42:43.701361 (557162) main____ INFO    Important environment variables:
2026-02-28 01:42:43.701383 (557162) main____ INFO      CDS_LIC_FILE       : '5280@cadlic0'
2026-02-28 01:42:43.701395 (557162) main____ INFO      JASPER_INSTALL_DIR : '/cad/cadence/jasper_2023.12p001'
2026-02-28 01:42:43.701407 (557162) main____ INFO      JASPER_KERNEL_CHECK: '1'
2026-02-28 01:42:43.701418 (557162) main____ INFO      JASPER_OS_CHECK    : '0'
2026-02-28 01:42:43.701429 (557162) main____ INFO      LANG               : 'en_US.UTF-8'
2026-02-28 01:42:43.701439 (557162) main____ INFO    ----------------------------------------
2026-02-28 01:42:43.702646 (557162) lic_core INFO    Initializing license system ...
2026-02-28 01:42:43.704309 (557162) lic_core INFO    ... license system initialized.
2026-02-28 01:42:43.715456 (557162) lic__man INFO    Claim 'main' for <ui>.
2026-02-28 01:42:43.715499 (557162) lic_core INFO    (1) checking out 'jasper_interactive' ...
2026-02-28 01:42:43.728711 (557162) lic_core INFO    ... (1) checkout succeeded
2026-02-28 01:42:43.728772 (557162) lic__man INFO    Claim 'fpv' for <ui>.
2026-02-28 01:42:43.728795 (557162) lic_core INFO    (2) checking out 'jasper_fpv' ...
2026-02-28 01:42:43.733303 (557162) lic_core INFO    ... (2) checkout failed (error: -5) ("FLEXnet ERROR(-5, 0, 0): No such feature exists.")
2026-02-28 01:42:43.733334 (557162) lic_core INFO    (3) checking out 'jasper_fao' ...
2026-02-28 01:42:43.744916 (557162) lic_core INFO    ... (3) checkout succeeded
2026-02-28 01:42:43.745833 (557186) stdio___ INFO    Starting STDIN reader (tty: yes, tty name: '/dev/pts/5')
2026-02-28 01:42:43.745992 (557162) main____ INFO    Tool inactivity delay is 480000 ms.
2026-02-28 01:42:43.786541 (557162) session_ INFO    Starting analysis session with session id 'session_0' (launcher: <local>) ...
2026-02-28 01:42:43.788307 (557162) session_ INFO    Analysis session with session id 'session_0' started (pid: 557188)
2026-02-28 01:42:44.881859 (557162) session_ INFO    Analysis session 'session_0' connected to the console (host: 127.0.0.1:37588)
2026-02-28 01:42:47.883787 (557162) lic__man INFO    Unclaim everything for 'session_0'.
2026-02-28 01:42:48.079848 (557162) lic__man INFO    Claim 'fpv' for 'session_0'.
2026-02-28 01:42:48.079882 (557162) lic__man INFO    Claim 'fpv' for 'session_0/prove-0'.
2026-02-28 01:42:50.433410 (557162) lic__man INFO    Unclaim everything for 'session_0/prove-0'.
2026-02-28 01:42:50.478295 (557162) main____ INFO    About to exit: request to exit with status 0 received from analysis session 'session_0'
2026-02-28 01:42:50.699323 (557162) session_ INFO    Analysis session 'session_0' disconnected.
2026-02-28 01:42:50.699455 (557162) lic__man INFO    Unclaim everything for 'session_0'.
2026-02-28 01:42:50.727278 (557162) session_ INFO    Process for analysis session 'session_0' has exited with exit status '0'.
2026-02-28 01:42:52.397124 (557186) stdio___ INFO    STDIN reader requested to stop.
2026-02-28 01:42:52.397172 (557186) stdio___ INFO    STDIN reader stopped.
2026-02-28 01:42:52.405342 (557162) lic_core INFO    (1) checkin jasper_interactive
2026-02-28 01:42:52.416274 (557162) lic_core INFO    (3) checkin jasper_fao
2026-02-28 01:42:52.431489 (557162) main____ INFO    Exiting with status 0.
