2026-03-01 07:53:21.919641 (4086161) main____ INFO    ----------------------------------------
2026-03-01 07:53:21.919731 (4086161) main____ INFO    Jasper version info
2026-03-01 07:53:21.919747 (4086161) main____ INFO      tool      : Jasper 2023.12
2026-03-01 07:53:21.919762 (4086161) main____ INFO      version   : 2023.12p001 64 bits
2026-03-01 07:53:21.919776 (4086161) main____ INFO      build date: 2024.01.23 16:09:24 UTC
2026-03-01 07:53:21.919786 (4086161) main____ INFO    ----------------------------------------
2026-03-01 07:53:21.919797 (4086161) main____ INFO    Runtime info:
2026-03-01 07:53:21.919808 (4086161) main____ INFO      platform  : Linux 4.18.0-553.89.1.el8_10.x86_64 x86_64
2026-03-01 07:53:21.919825 (4086161) main____ INFO      hostname  : caddy12.stanford.edu
2026-03-01 07:53:21.919840 (4086161) main____ INFO      pid       : 4086161
2026-03-01 07:53:21.919852 (4086161) main____ INFO      arguments : '-style' 'windows' '-allow_unsupported_OS' '-no_gui' '-fpv' './synthlc/i_LW_out/xPerfLocSubsetDiv/coverset_240_.tcl' '-proj' './synthlc/i_LW_out/xPerfLocSubsetDiv/coverset_240_jgsession_26-03-01-07_53_21'
2026-03-01 07:53:21.919868 (4086161) main____ INFO      locale    : UTF-8
2026-03-01 07:53:21.919878 (4086161) main____ INFO    ----------------------------------------
2026-03-01 07:53:21.919888 (4086161) main____ INFO    System resource limits info:
2026-03-01 07:53:21.919901 (4086161) main____ INFO      virtual memory: unlimited
2026-03-01 07:53:21.919914 (4086161) main____ INFO      cpu time      : unlimited
2026-03-01 07:53:21.919931 (4086161) main____ INFO      processes     : 4096
2026-03-01 07:53:21.919949 (4086161) main____ INFO      stack size    : 8388608 B
2026-03-01 07:53:21.920844 (4086161) main____ INFO      core file size: 0 B
2026-03-01 07:53:21.920863 (4086161) main____ INFO      open files    : 4096
2026-03-01 07:53:21.920875 (4086161) main____ INFO      file size     : unlimited
2026-03-01 07:53:21.920885 (4086161) main____ INFO    ----------------------------------------
2026-03-01 07:53:21.920895 (4086161) main____ INFO    Memory statistics:
2026-03-01 07:53:21.920908 (4086161) main____ INFO      total physical memory  : 98449088 kB
2026-03-01 07:53:21.920919 (4086161) main____ INFO      free physical memory   : 86699108 kB
2026-03-01 07:53:21.920931 (4086161) main____ INFO      committed address space: 7577288 kB
2026-03-01 07:53:21.920941 (4086161) main____ INFO    ----------------------------------------
2026-03-01 07:53:21.922111 (4086161) main____ INFO    Important environment variables:
2026-03-01 07:53:21.922627 (4086161) main____ INFO      CDS_LIC_FILE       : '5280@cadlic0'
2026-03-01 07:53:21.922642 (4086161) main____ INFO      DISPLAY            : 'localhost:12.0'
2026-03-01 07:53:21.922655 (4086161) main____ INFO      JASPER_INSTALL_DIR : '/cad/cadence/jasper_2023.12p001'
2026-03-01 07:53:21.922677 (4086161) main____ INFO      JASPER_KERNEL_CHECK: '1'
2026-03-01 07:53:21.922689 (4086161) main____ INFO      JASPER_OS_CHECK    : '0'
2026-03-01 07:53:21.922702 (4086161) main____ INFO      LANG               : 'zh_TW.UTF-8'
2026-03-01 07:53:21.922712 (4086161) main____ INFO    ----------------------------------------
2026-03-01 07:53:21.923861 (4086161) lic_core INFO    Initializing license system ...
2026-03-01 07:53:21.925698 (4086161) lic_core INFO    ... license system initialized.
2026-03-01 07:53:21.938100 (4086161) lic__man INFO    Claim 'main' for <ui>.
2026-03-01 07:53:21.938149 (4086161) lic_core INFO    (1) checking out 'jasper_interactive' ...
2026-03-01 07:53:21.950323 (4086161) lic_core INFO    ... (1) checkout succeeded
2026-03-01 07:53:21.950402 (4086161) lic__man INFO    Claim 'fpv' for <ui>.
2026-03-01 07:53:21.950427 (4086161) lic_core INFO    (2) checking out 'jasper_fpv' ...
2026-03-01 07:53:21.954110 (4086161) lic_core INFO    ... (2) checkout failed (error: -5) ("FLEXnet ERROR(-5, 0, 0): No such feature exists.")
2026-03-01 07:53:21.954147 (4086161) lic_core INFO    (3) checking out 'jasper_fao' ...
2026-03-01 07:53:21.965505 (4086161) lic_core INFO    ... (3) checkout succeeded
2026-03-01 07:53:21.966486 (4086176) stdio___ INFO    Starting STDIN reader (tty: yes, tty name: '/dev/pts/0')
2026-03-01 07:53:21.966771 (4086161) main____ INFO    Tool inactivity delay is 480000 ms.
2026-03-01 07:53:22.008599 (4086161) session_ INFO    Starting analysis session with session id 'session_0' (launcher: <local>) ...
2026-03-01 07:53:22.010418 (4086161) session_ INFO    Analysis session with session id 'session_0' started (pid: 4086177)
2026-03-01 07:53:23.084229 (4086161) session_ INFO    Analysis session 'session_0' connected to the console (host: 127.0.0.1:55350)
2026-03-01 07:53:26.313903 (4086161) lic__man INFO    Unclaim everything for 'session_0'.
2026-03-01 07:53:26.639732 (4086161) lic__man INFO    Claim 'fpv' for 'session_0'.
2026-03-01 07:53:26.639776 (4086161) lic__man INFO    Claim 'fpv' for 'session_0/prove-0'.
2026-03-01 07:53:29.480157 (4086161) lic__man INFO    Unclaim everything for 'session_0/prove-0'.
2026-03-01 07:53:29.522810 (4086161) main____ INFO    About to exit: request to exit with status 0 received from analysis session 'session_0'
2026-03-01 07:53:29.652164 (4086161) session_ INFO    Analysis session 'session_0' disconnected.
2026-03-01 07:53:29.652355 (4086161) lic__man INFO    Unclaim everything for 'session_0'.
2026-03-01 07:53:29.652555 (4086161) session_ INFO    Process for analysis session 'session_0' has exited with exit status '0'.
2026-03-01 07:53:31.439205 (4086176) stdio___ INFO    STDIN reader requested to stop.
2026-03-01 07:53:31.439256 (4086176) stdio___ INFO    STDIN reader stopped.
2026-03-01 07:53:31.439639 (4086161) lic_core INFO    (1) checkin jasper_interactive
2026-03-01 07:53:31.444953 (4086161) lic_core INFO    (3) checkin jasper_fao
2026-03-01 07:53:31.472707 (4086161) main____ INFO    Exiting with status 0.
