2026-02-27 16:57:59.139223 (3240131) main____ INFO    ----------------------------------------
2026-02-27 16:57:59.139325 (3240131) main____ INFO    Jasper version info
2026-02-27 16:57:59.139342 (3240131) main____ INFO      tool      : Jasper 2023.12
2026-02-27 16:57:59.139358 (3240131) main____ INFO      version   : 2023.12p001 64 bits
2026-02-27 16:57:59.139373 (3240131) main____ INFO      build date: 2024.01.23 16:09:24 UTC
2026-02-27 16:57:59.139384 (3240131) main____ INFO    ----------------------------------------
2026-02-27 16:57:59.139394 (3240131) main____ INFO    Runtime info:
2026-02-27 16:57:59.139406 (3240131) main____ INFO      platform  : Linux 4.18.0-553.89.1.el8_10.x86_64 x86_64
2026-02-27 16:57:59.139426 (3240131) main____ INFO      hostname  : caddy12.stanford.edu
2026-02-27 16:57:59.139441 (3240131) main____ INFO      pid       : 3240131
2026-02-27 16:57:59.139453 (3240131) main____ INFO      arguments : '-style' 'windows' '-allow_unsupported_OS' '-no_gui' '-fpv' './synthlc/i_DIV_out/xHBPerfG_dfg_v3_div/WHB_161_.tcl' '-proj' './synthlc/i_DIV_out/xHBPerfG_dfg_v3_div/WHB_161_jgsession_26-02-27-16_57_58'
2026-02-27 16:57:59.139472 (3240131) main____ INFO      locale    : UTF-8
2026-02-27 16:57:59.139482 (3240131) main____ INFO    ----------------------------------------
2026-02-27 16:57:59.139492 (3240131) main____ INFO    System resource limits info:
2026-02-27 16:57:59.139505 (3240131) main____ INFO      virtual memory: unlimited
2026-02-27 16:57:59.139518 (3240131) main____ INFO      cpu time      : unlimited
2026-02-27 16:57:59.139538 (3240131) main____ INFO      processes     : 4096
2026-02-27 16:57:59.139559 (3240131) main____ INFO      stack size    : 8388608 B
2026-02-27 16:57:59.139574 (3240131) main____ INFO      core file size: 0 B
2026-02-27 16:57:59.139588 (3240131) main____ INFO      open files    : 4096
2026-02-27 16:57:59.139600 (3240131) main____ INFO      file size     : unlimited
2026-02-27 16:57:59.139611 (3240131) main____ INFO    ----------------------------------------
2026-02-27 16:57:59.139621 (3240131) main____ INFO    Memory statistics:
2026-02-27 16:57:59.139634 (3240131) main____ INFO      total physical memory  : 98449088 kB
2026-02-27 16:57:59.139646 (3240131) main____ INFO      free physical memory   : 75438064 kB
2026-02-27 16:57:59.139658 (3240131) main____ INFO      committed address space: 6172396 kB
2026-02-27 16:57:59.139687 (3240131) main____ INFO    ----------------------------------------
2026-02-27 16:57:59.140925 (3240131) main____ INFO    Important environment variables:
2026-02-27 16:57:59.140954 (3240131) main____ INFO      CDS_LIC_FILE       : '5280@cadlic0'
2026-02-27 16:57:59.140968 (3240131) main____ INFO      DISPLAY            : 'localhost:12.0'
2026-02-27 16:57:59.140981 (3240131) main____ INFO      JASPER_INSTALL_DIR : '/cad/cadence/jasper_2023.12p001'
2026-02-27 16:57:59.140994 (3240131) main____ INFO      JASPER_KERNEL_CHECK: '1'
2026-02-27 16:57:59.141007 (3240131) main____ INFO      JASPER_OS_CHECK    : '0'
2026-02-27 16:57:59.141019 (3240131) main____ INFO      LANG               : 'zh_TW.UTF-8'
2026-02-27 16:57:59.141030 (3240131) main____ INFO    ----------------------------------------
2026-02-27 16:57:59.142850 (3240131) lic_core INFO    Initializing license system ...
2026-02-27 16:57:59.151999 (3240131) lic_core INFO    ... license system initialized.
2026-02-27 16:57:59.218025 (3240131) lic__man INFO    Claim 'main' for <ui>.
2026-02-27 16:57:59.218114 (3240131) lic_core INFO    (1) checking out 'jasper_interactive' ...
2026-02-27 16:57:59.234881 (3240131) lic_core INFO    ... (1) checkout succeeded
2026-02-27 16:57:59.234998 (3240131) lic__man INFO    Claim 'fpv' for <ui>.
2026-02-27 16:57:59.235029 (3240131) lic_core INFO    (2) checking out 'jasper_fpv' ...
2026-02-27 16:57:59.245169 (3240131) lic_core INFO    ... (2) checkout failed (error: -5) ("FLEXnet ERROR(-5, 0, 0): No such feature exists.")
2026-02-27 16:57:59.245562 (3240131) lic_core INFO    (3) checking out 'jasper_fao' ...
2026-02-27 16:57:59.264124 (3240131) lic_core INFO    ... (3) checkout succeeded
2026-02-27 16:57:59.267849 (3240131) main____ INFO    Tool inactivity delay is 480000 ms.
2026-02-27 16:57:59.274842 (3240142) stdio___ INFO    Starting STDIN reader (tty: yes, tty name: '/dev/pts/0')
2026-02-27 16:57:59.392864 (3240131) session_ INFO    Starting analysis session with session id 'session_0' (launcher: <local>) ...
2026-02-27 16:57:59.395010 (3240131) session_ INFO    Analysis session with session id 'session_0' started (pid: 3240143)
2026-02-27 16:58:00.778559 (3240131) session_ INFO    Analysis session 'session_0' connected to the console (host: 127.0.0.1:52138)
2026-02-27 16:58:04.457351 (3240131) lic__man INFO    Unclaim everything for 'session_0'.
2026-02-27 16:58:04.727144 (3240131) lic__man INFO    Claim 'fpv' for 'session_0'.
2026-02-27 16:58:04.727205 (3240131) lic__man INFO    Claim 'fpv' for 'session_0/prove-0'.
2026-02-27 16:58:18.905918 (3240131) lic__man INFO    Unclaim everything for 'session_0/prove-0'.
2026-02-27 16:58:18.959871 (3240131) main____ INFO    About to exit: request to exit with status 0 received from analysis session 'session_0'
2026-02-27 16:58:19.182001 (3240131) session_ INFO    Analysis session 'session_0' disconnected.
2026-02-27 16:58:19.182161 (3240131) lic__man INFO    Unclaim everything for 'session_0'.
2026-02-27 16:58:19.183018 (3240131) session_ INFO    Process for analysis session 'session_0' has exited with exit status '0'.
2026-02-27 16:58:20.892587 (3240142) stdio___ INFO    STDIN reader requested to stop.
2026-02-27 16:58:20.892659 (3240142) stdio___ INFO    STDIN reader stopped.
2026-02-27 16:58:20.893292 (3240131) lic_core INFO    (1) checkin jasper_interactive
2026-02-27 16:58:20.896874 (3240131) lic_core INFO    (3) checkin jasper_fao
2026-02-27 16:58:20.907236 (3240131) main____ INFO    Exiting with status 0.
