2026-03-01 08:15:15.347664 (4150715) main____ INFO    ----------------------------------------
2026-03-01 08:15:15.347747 (4150715) main____ INFO    Jasper version info
2026-03-01 08:15:15.347763 (4150715) main____ INFO      tool      : Jasper 2023.12
2026-03-01 08:15:15.347777 (4150715) main____ INFO      version   : 2023.12p001 64 bits
2026-03-01 08:15:15.347791 (4150715) main____ INFO      build date: 2024.01.23 16:09:24 UTC
2026-03-01 08:15:15.347801 (4150715) main____ INFO    ----------------------------------------
2026-03-01 08:15:15.347812 (4150715) main____ INFO    Runtime info:
2026-03-01 08:15:15.347823 (4150715) main____ INFO      platform  : Linux 4.18.0-553.89.1.el8_10.x86_64 x86_64
2026-03-01 08:15:15.347840 (4150715) main____ INFO      hostname  : caddy12.stanford.edu
2026-03-01 08:15:15.347855 (4150715) main____ INFO      pid       : 4150715
2026-03-01 08:15:15.347866 (4150715) main____ INFO      arguments : '-style' 'windows' '-allow_unsupported_OS' '-no_gui' '-fpv' './synthlc/i_LW_out/xPerfLocSubsetDiv/coverset_294_.tcl' '-proj' './synthlc/i_LW_out/xPerfLocSubsetDiv/coverset_294_jgsession_26-03-01-08_15_15'
2026-03-01 08:15:15.347882 (4150715) main____ INFO      locale    : UTF-8
2026-03-01 08:15:15.347892 (4150715) main____ INFO    ----------------------------------------
2026-03-01 08:15:15.347902 (4150715) main____ INFO    System resource limits info:
2026-03-01 08:15:15.347915 (4150715) main____ INFO      virtual memory: unlimited
2026-03-01 08:15:15.347927 (4150715) main____ INFO      cpu time      : unlimited
2026-03-01 08:15:15.347943 (4150715) main____ INFO      processes     : 4096
2026-03-01 08:15:15.347962 (4150715) main____ INFO      stack size    : 8388608 B
2026-03-01 08:15:15.347976 (4150715) main____ INFO      core file size: 0 B
2026-03-01 08:15:15.347989 (4150715) main____ INFO      open files    : 4096
2026-03-01 08:15:15.348002 (4150715) main____ INFO      file size     : unlimited
2026-03-01 08:15:15.349082 (4150715) main____ INFO    ----------------------------------------
2026-03-01 08:15:15.349094 (4150715) main____ INFO    Memory statistics:
2026-03-01 08:15:15.349106 (4150715) main____ INFO      total physical memory  : 98449088 kB
2026-03-01 08:15:15.349118 (4150715) main____ INFO      free physical memory   : 86571252 kB
2026-03-01 08:15:15.349129 (4150715) main____ INFO      committed address space: 7451496 kB
2026-03-01 08:15:15.349140 (4150715) main____ INFO    ----------------------------------------
2026-03-01 08:15:15.350281 (4150715) main____ INFO    Important environment variables:
2026-03-01 08:15:15.351060 (4150715) main____ INFO      CDS_LIC_FILE       : '5280@cadlic0'
2026-03-01 08:15:15.351116 (4150715) main____ INFO      DISPLAY            : 'localhost:12.0'
2026-03-01 08:15:15.351149 (4150715) main____ INFO      JASPER_INSTALL_DIR : '/cad/cadence/jasper_2023.12p001'
2026-03-01 08:15:15.351183 (4150715) main____ INFO      JASPER_KERNEL_CHECK: '1'
2026-03-01 08:15:15.351217 (4150715) main____ INFO      JASPER_OS_CHECK    : '0'
2026-03-01 08:15:15.351251 (4150715) main____ INFO      LANG               : 'zh_TW.UTF-8'
2026-03-01 08:15:15.351280 (4150715) main____ INFO    ----------------------------------------
2026-03-01 08:15:15.352382 (4150715) lic_core INFO    Initializing license system ...
2026-03-01 08:15:15.354348 (4150715) lic_core INFO    ... license system initialized.
2026-03-01 08:15:15.366209 (4150715) lic__man INFO    Claim 'main' for <ui>.
2026-03-01 08:15:15.366264 (4150715) lic_core INFO    (1) checking out 'jasper_interactive' ...
2026-03-01 08:15:15.378581 (4150715) lic_core INFO    ... (1) checkout succeeded
2026-03-01 08:15:15.378651 (4150715) lic__man INFO    Claim 'fpv' for <ui>.
2026-03-01 08:15:15.378686 (4150715) lic_core INFO    (2) checking out 'jasper_fpv' ...
2026-03-01 08:15:15.382193 (4150715) lic_core INFO    ... (2) checkout failed (error: -5) ("FLEXnet ERROR(-5, 0, 0): No such feature exists.")
2026-03-01 08:15:15.382234 (4150715) lic_core INFO    (3) checking out 'jasper_fao' ...
2026-03-01 08:15:15.393571 (4150715) lic_core INFO    ... (3) checkout succeeded
2026-03-01 08:15:15.394735 (4150726) stdio___ INFO    Starting STDIN reader (tty: yes, tty name: '/dev/pts/0')
2026-03-01 08:15:15.395090 (4150715) main____ INFO    Tool inactivity delay is 480000 ms.
2026-03-01 08:15:15.437121 (4150715) session_ INFO    Starting analysis session with session id 'session_0' (launcher: <local>) ...
2026-03-01 08:15:15.439109 (4150715) session_ INFO    Analysis session with session id 'session_0' started (pid: 4150727)
2026-03-01 08:15:16.511843 (4150715) session_ INFO    Analysis session 'session_0' connected to the console (host: 127.0.0.1:35726)
2026-03-01 08:15:21.157363 (4150715) lic__man INFO    Unclaim everything for 'session_0'.
2026-03-01 08:15:21.557157 (4150715) lic__man INFO    Claim 'fpv' for 'session_0'.
2026-03-01 08:15:21.557215 (4150715) lic__man INFO    Claim 'fpv' for 'session_0/prove-0'.
2026-03-01 08:15:23.220025 (4150715) lic__man INFO    Unclaim everything for 'session_0/prove-0'.
2026-03-01 08:15:23.262815 (4150715) main____ INFO    About to exit: request to exit with status 0 received from analysis session 'session_0'
2026-03-01 08:15:23.403949 (4150715) session_ INFO    Analysis session 'session_0' disconnected.
2026-03-01 08:15:23.404142 (4150715) lic__man INFO    Unclaim everything for 'session_0'.
2026-03-01 08:15:23.404330 (4150715) session_ INFO    Process for analysis session 'session_0' has exited with exit status '0'.
2026-03-01 08:15:25.370898 (4150726) stdio___ INFO    STDIN reader requested to stop.
2026-03-01 08:15:25.370983 (4150726) stdio___ INFO    STDIN reader stopped.
2026-03-01 08:15:25.371226 (4150715) lic_core INFO    (1) checkin jasper_interactive
2026-03-01 08:15:25.373176 (4150715) lic_core INFO    (3) checkin jasper_fao
2026-03-01 08:15:25.375393 (4150715) main____ INFO    Exiting with status 0.
