2026-02-27 14:55:44.925520 (3124553) main____ INFO    ----------------------------------------
2026-02-27 14:55:44.925577 (3124553) main____ INFO    Jasper version info
2026-02-27 14:55:44.925593 (3124553) main____ INFO      tool      : Jasper 2023.12
2026-02-27 14:55:44.925607 (3124553) main____ INFO      version   : 2023.12p001 64 bits
2026-02-27 14:55:44.925620 (3124553) main____ INFO      build date: 2024.01.23 16:09:24 UTC
2026-02-27 14:55:44.925631 (3124553) main____ INFO    ----------------------------------------
2026-02-27 14:55:44.925641 (3124553) main____ INFO    Runtime info:
2026-02-27 14:55:44.925652 (3124553) main____ INFO      platform  : Linux 4.18.0-553.89.1.el8_10.x86_64 x86_64
2026-02-27 14:55:44.925684 (3124553) main____ INFO      hostname  : caddy12.stanford.edu
2026-02-27 14:55:44.925699 (3124553) main____ INFO      pid       : 3124553
2026-02-27 14:55:44.925711 (3124553) main____ INFO      arguments : '-style' 'windows' '-allow_unsupported_OS' '-no_gui' '-fpv' './synthlc/i_DIV_out/xCoverAPerflocDiv/9_.tcl' '-proj' './synthlc/i_DIV_out/xCoverAPerflocDiv/9_jgsession_26-02-27-14_55_44'
2026-02-27 14:55:44.925726 (3124553) main____ INFO      locale    : UTF-8
2026-02-27 14:55:44.925738 (3124553) main____ INFO    ----------------------------------------
2026-02-27 14:55:44.925750 (3124553) main____ INFO    System resource limits info:
2026-02-27 14:55:44.925769 (3124553) main____ INFO      virtual memory: unlimited
2026-02-27 14:55:44.925780 (3124553) main____ INFO      cpu time      : unlimited
2026-02-27 14:55:44.925798 (3124553) main____ INFO      processes     : 4096
2026-02-27 14:55:44.925827 (3124553) main____ INFO      stack size    : 8388608 B
2026-02-27 14:55:44.925841 (3124553) main____ INFO      core file size: 0 B
2026-02-27 14:55:44.925854 (3124553) main____ INFO      open files    : 4096
2026-02-27 14:55:44.925867 (3124553) main____ INFO      file size     : unlimited
2026-02-27 14:55:44.925877 (3124553) main____ INFO    ----------------------------------------
2026-02-27 14:55:44.925887 (3124553) main____ INFO    Memory statistics:
2026-02-27 14:55:44.925898 (3124553) main____ INFO      total physical memory  : 98449088 kB
2026-02-27 14:55:44.925910 (3124553) main____ INFO      free physical memory   : 79037464 kB
2026-02-27 14:55:44.925921 (3124553) main____ INFO      committed address space: 1781492 kB
2026-02-27 14:55:44.925931 (3124553) main____ INFO    ----------------------------------------
2026-02-27 14:55:44.927066 (3124553) main____ INFO    Important environment variables:
2026-02-27 14:55:44.927088 (3124553) main____ INFO      CDS_LIC_FILE       : '5280@cadlic0'
2026-02-27 14:55:44.927102 (3124553) main____ INFO      DISPLAY            : 'localhost:12.0'
2026-02-27 14:55:44.927114 (3124553) main____ INFO      JASPER_INSTALL_DIR : '/cad/cadence/jasper_2023.12p001'
2026-02-27 14:55:44.927126 (3124553) main____ INFO      JASPER_KERNEL_CHECK: '1'
2026-02-27 14:55:44.927138 (3124553) main____ INFO      JASPER_OS_CHECK    : '0'
2026-02-27 14:55:44.927150 (3124553) main____ INFO      LANG               : 'zh_TW.UTF-8'
2026-02-27 14:55:44.927160 (3124553) main____ INFO    ----------------------------------------
2026-02-27 14:55:44.928203 (3124553) lic_core INFO    Initializing license system ...
2026-02-27 14:55:44.929546 (3124553) lic_core INFO    ... license system initialized.
2026-02-27 14:55:44.947648 (3124553) lic__man INFO    Claim 'main' for <ui>.
2026-02-27 14:55:44.947704 (3124553) lic_core INFO    (1) checking out 'jasper_interactive' ...
2026-02-27 14:55:44.959253 (3124553) lic_core INFO    ... (1) checkout succeeded
2026-02-27 14:55:44.959311 (3124553) lic__man INFO    Claim 'fpv' for <ui>.
2026-02-27 14:55:44.959333 (3124553) lic_core INFO    (2) checking out 'jasper_fpv' ...
2026-02-27 14:55:44.962892 (3124553) lic_core INFO    ... (2) checkout failed (error: -5) ("FLEXnet ERROR(-5, 0, 0): No such feature exists.")
2026-02-27 14:55:44.962924 (3124553) lic_core INFO    (3) checking out 'jasper_fao' ...
2026-02-27 14:55:44.973721 (3124553) lic_core INFO    ... (3) checkout succeeded
2026-02-27 14:55:44.975191 (3124568) stdio___ INFO    Starting STDIN reader (tty: yes, tty name: '/dev/pts/0')
2026-02-27 14:55:44.975338 (3124553) main____ INFO    Tool inactivity delay is 480000 ms.
2026-02-27 14:55:45.019916 (3124553) session_ INFO    Starting analysis session with session id 'session_0' (launcher: <local>) ...
2026-02-27 14:55:45.021891 (3124553) session_ INFO    Analysis session with session id 'session_0' started (pid: 3124570)
2026-02-27 14:55:46.246131 (3124553) session_ INFO    Analysis session 'session_0' connected to the console (host: 127.0.0.1:38948)
2026-02-27 14:55:49.424185 (3124553) lic__man INFO    Unclaim everything for 'session_0'.
2026-02-27 15:10:53.910532 (3124553) lic__man INFO    Unclaim everything for 'session_0/prove-0'.
2026-02-27 15:10:53.953803 (3124553) main____ INFO    About to exit: request to exit with status 0 received from analysis session 'session_0'
2026-02-27 15:10:54.063297 (3124553) session_ INFO    Analysis session 'session_0' disconnected.
2026-02-27 15:10:54.063530 (3124553) lic__man INFO    Unclaim everything for 'session_0'.
2026-02-27 15:10:54.063755 (3124553) session_ INFO    Process for analysis session 'session_0' has exited with exit status '0'.
2026-02-27 15:10:55.892149 (3124568) stdio___ INFO    STDIN reader requested to stop.
2026-02-27 15:10:55.892201 (3124568) stdio___ INFO    STDIN reader stopped.
2026-02-27 15:10:55.892398 (3124553) lic_core INFO    (1) checkin jasper_interactive
2026-02-27 15:10:55.893798 (3124553) lic_core INFO    (3) checkin jasper_fao
2026-02-27 15:10:55.894687 (3124553) main____ INFO    Exiting with status 0.
