2026-02-27 22:16:05.311495 (437483) main____ INFO    ----------------------------------------
2026-02-27 22:16:05.311554 (437483) main____ INFO    Jasper version info
2026-02-27 22:16:05.311568 (437483) main____ INFO      tool      : Jasper 2023.12
2026-02-27 22:16:05.311582 (437483) main____ INFO      version   : 2023.12p001 64 bits
2026-02-27 22:16:05.311594 (437483) main____ INFO      build date: 2024.01.23 16:09:24 UTC
2026-02-27 22:16:05.311604 (437483) main____ INFO    ----------------------------------------
2026-02-27 22:16:05.311613 (437483) main____ INFO    Runtime info:
2026-02-27 22:16:05.311624 (437483) main____ INFO      platform  : Linux 4.18.0-553.89.1.el8_10.x86_64 x86_64
2026-02-27 22:16:05.311640 (437483) main____ INFO      hostname  : caddy10.stanford.edu
2026-02-27 22:16:05.311654 (437483) main____ INFO      pid       : 437483
2026-02-27 22:16:05.311665 (437483) main____ INFO      arguments : '-style' 'windows' '-allow_unsupported_OS' '-no_gui' '-fpv' './synthlc/i_DIV_out/xCoverAPerflocDiv/7_.tcl' '-proj' './synthlc/i_DIV_out/xCoverAPerflocDiv/7_jgsession_26-02-27-22_16_05'
2026-02-27 22:16:05.311679 (437483) main____ INFO      locale    : UTF-8
2026-02-27 22:16:05.311689 (437483) main____ INFO    ----------------------------------------
2026-02-27 22:16:05.311698 (437483) main____ INFO    System resource limits info:
2026-02-27 22:16:05.311710 (437483) main____ INFO      virtual memory: unlimited
2026-02-27 22:16:05.311732 (437483) main____ INFO      cpu time      : unlimited
2026-02-27 22:16:05.311747 (437483) main____ INFO      processes     : 4096
2026-02-27 22:16:05.311764 (437483) main____ INFO      stack size    : 8388608 B
2026-02-27 22:16:05.311778 (437483) main____ INFO      core file size: 0 B
2026-02-27 22:16:05.311790 (437483) main____ INFO      open files    : 4096
2026-02-27 22:16:05.311802 (437483) main____ INFO      file size     : unlimited
2026-02-27 22:16:05.311812 (437483) main____ INFO    ----------------------------------------
2026-02-27 22:16:05.311821 (437483) main____ INFO    Memory statistics:
2026-02-27 22:16:05.311832 (437483) main____ INFO      total physical memory  : 98449096 kB
2026-02-27 22:16:05.311843 (437483) main____ INFO      free physical memory   : 91004108 kB
2026-02-27 22:16:05.311854 (437483) main____ INFO      committed address space: 1242804 kB
2026-02-27 22:16:05.311863 (437483) main____ INFO    ----------------------------------------
2026-02-27 22:16:05.312970 (437483) main____ INFO    Important environment variables:
2026-02-27 22:16:05.312991 (437483) main____ INFO      CDS_LIC_FILE       : '5280@cadlic0'
2026-02-27 22:16:05.313003 (437483) main____ INFO      JASPER_INSTALL_DIR : '/cad/cadence/jasper_2023.12p001'
2026-02-27 22:16:05.313015 (437483) main____ INFO      JASPER_KERNEL_CHECK: '1'
2026-02-27 22:16:05.313027 (437483) main____ INFO      JASPER_OS_CHECK    : '0'
2026-02-27 22:16:05.313038 (437483) main____ INFO      LANG               : 'en_US.UTF-8'
2026-02-27 22:16:05.313048 (437483) main____ INFO    ----------------------------------------
2026-02-27 22:16:05.314146 (437483) lic_core INFO    Initializing license system ...
2026-02-27 22:16:05.315631 (437483) lic_core INFO    ... license system initialized.
2026-02-27 22:16:05.342968 (437483) lic__man INFO    Claim 'main' for <ui>.
2026-02-27 22:16:05.343004 (437483) lic_core INFO    (1) checking out 'jasper_interactive' ...
2026-02-27 22:16:05.354806 (437483) lic_core INFO    ... (1) checkout succeeded
2026-02-27 22:16:05.354855 (437483) lic__man INFO    Claim 'fpv' for <ui>.
2026-02-27 22:16:05.354877 (437483) lic_core INFO    (2) checking out 'jasper_fpv' ...
2026-02-27 22:16:05.358750 (437483) lic_core INFO    ... (2) checkout failed (error: -5) ("FLEXnet ERROR(-5, 0, 0): No such feature exists.")
2026-02-27 22:16:05.358779 (437483) lic_core INFO    (3) checking out 'jasper_fao' ...
2026-02-27 22:16:05.369506 (437483) lic_core INFO    ... (3) checkout succeeded
2026-02-27 22:16:05.370355 (437518) stdio___ INFO    Starting STDIN reader (tty: yes, tty name: '/dev/pts/5')
2026-02-27 22:16:05.370481 (437483) main____ INFO    Tool inactivity delay is 480000 ms.
2026-02-27 22:16:05.410460 (437483) session_ INFO    Starting analysis session with session id 'session_0' (launcher: <local>) ...
2026-02-27 22:16:05.412037 (437483) session_ INFO    Analysis session with session id 'session_0' started (pid: 437521)
2026-02-27 22:16:06.467975 (437483) session_ INFO    Analysis session 'session_0' connected to the console (host: 127.0.0.1:34834)
2026-02-27 22:16:09.479025 (437483) lic__man INFO    Unclaim everything for 'session_0'.
2026-02-27 22:31:13.637964 (437483) lic__man INFO    Unclaim everything for 'session_0/prove-0'.
2026-02-27 22:31:13.685230 (437483) main____ INFO    About to exit: request to exit with status 0 received from analysis session 'session_0'
2026-02-27 22:31:13.817989 (437483) session_ INFO    Analysis session 'session_0' disconnected.
2026-02-27 22:31:13.818295 (437483) lic__man INFO    Unclaim everything for 'session_0'.
2026-02-27 22:31:13.818579 (437483) session_ INFO    Process for analysis session 'session_0' has exited with exit status '0'.
2026-02-27 22:31:15.793438 (437518) stdio___ INFO    STDIN reader requested to stop.
2026-02-27 22:31:15.793511 (437518) stdio___ INFO    STDIN reader stopped.
2026-02-27 22:31:15.793865 (437483) lic_core INFO    (1) checkin jasper_interactive
2026-02-27 22:31:15.795149 (437483) lic_core INFO    (3) checkin jasper_fao
2026-02-27 22:31:15.799520 (437483) main____ INFO    Exiting with status 0.
