2026-03-02 11:47:32.101310 (623126) main____ INFO    ----------------------------------------
2026-03-02 11:47:32.101398 (623126) main____ INFO    Jasper version info
2026-03-02 11:47:32.101415 (623126) main____ INFO      tool      : Jasper 2023.12
2026-03-02 11:47:32.101433 (623126) main____ INFO      version   : 2023.12p001 64 bits
2026-03-02 11:47:32.101448 (623126) main____ INFO      build date: 2024.01.23 16:09:24 UTC
2026-03-02 11:47:32.101459 (623126) main____ INFO    ----------------------------------------
2026-03-02 11:47:32.101469 (623126) main____ INFO    Runtime info:
2026-03-02 11:47:32.101481 (623126) main____ INFO      platform  : Linux 4.18.0-553.89.1.el8_10.x86_64 x86_64
2026-03-02 11:47:32.101502 (623126) main____ INFO      hostname  : caddy12.stanford.edu
2026-03-02 11:47:32.101519 (623126) main____ INFO      pid       : 623126
2026-03-02 11:47:32.101531 (623126) main____ INFO      arguments : '-style' 'windows' '-allow_unsupported_OS' '-no_gui' '-fpv' './synthlc/i_ADDI_out/xHBPerfG_dfg_v3_div/WHB_198_.tcl' '-proj' './synthlc/i_ADDI_out/xHBPerfG_dfg_v3_div/WHB_198_jgsession_26-03-02-11_47_31'
2026-03-02 11:47:32.101550 (623126) main____ INFO      locale    : UTF-8
2026-03-02 11:47:32.101561 (623126) main____ INFO    ----------------------------------------
2026-03-02 11:47:32.101571 (623126) main____ INFO    System resource limits info:
2026-03-02 11:47:32.101585 (623126) main____ INFO      virtual memory: unlimited
2026-03-02 11:47:32.101598 (623126) main____ INFO      cpu time      : unlimited
2026-03-02 11:47:32.101618 (623126) main____ INFO      processes     : 4096
2026-03-02 11:47:32.101639 (623126) main____ INFO      stack size    : 8388608 B
2026-03-02 11:47:32.101655 (623126) main____ INFO      core file size: 0 B
2026-03-02 11:47:32.101686 (623126) main____ INFO      open files    : 4096
2026-03-02 11:47:32.101699 (623126) main____ INFO      file size     : unlimited
2026-03-02 11:47:32.101711 (623126) main____ INFO    ----------------------------------------
2026-03-02 11:47:32.101721 (623126) main____ INFO    Memory statistics:
2026-03-02 11:47:32.101734 (623126) main____ INFO      total physical memory  : 98449088 kB
2026-03-02 11:47:32.101747 (623126) main____ INFO      free physical memory   : 86386160 kB
2026-03-02 11:47:32.101759 (623126) main____ INFO      committed address space: 9191948 kB
2026-03-02 11:47:32.101783 (623126) main____ INFO    ----------------------------------------
2026-03-02 11:47:32.103158 (623126) main____ INFO    Important environment variables:
2026-03-02 11:47:32.103185 (623126) main____ INFO      CDS_LIC_FILE       : '5280@cadlic0'
2026-03-02 11:47:32.103200 (623126) main____ INFO      DISPLAY            : 'localhost:12.0'
2026-03-02 11:47:32.103213 (623126) main____ INFO      JASPER_INSTALL_DIR : '/cad/cadence/jasper_2023.12p001'
2026-03-02 11:47:32.103226 (623126) main____ INFO      JASPER_KERNEL_CHECK: '1'
2026-03-02 11:47:32.103240 (623126) main____ INFO      JASPER_OS_CHECK    : '0'
2026-03-02 11:47:32.103253 (623126) main____ INFO      LANG               : 'zh_TW.UTF-8'
2026-03-02 11:47:32.103264 (623126) main____ INFO    ----------------------------------------
2026-03-02 11:47:32.104844 (623126) lic_core INFO    Initializing license system ...
2026-03-02 11:47:32.115097 (623126) lic_core INFO    ... license system initialized.
2026-03-02 11:47:32.126272 (623126) lic__man INFO    Claim 'main' for <ui>.
2026-03-02 11:47:32.126329 (623126) lic_core INFO    (1) checking out 'jasper_interactive' ...
2026-03-02 11:47:32.140262 (623126) lic_core INFO    ... (1) checkout succeeded
2026-03-02 11:47:32.140350 (623126) lic__man INFO    Claim 'fpv' for <ui>.
2026-03-02 11:47:32.140377 (623126) lic_core INFO    (2) checking out 'jasper_fpv' ...
2026-03-02 11:47:32.147631 (623126) lic_core INFO    ... (2) checkout failed (error: -5) ("FLEXnet ERROR(-5, 0, 0): No such feature exists.")
2026-03-02 11:47:32.147702 (623126) lic_core INFO    (3) checking out 'jasper_fao' ...
2026-03-02 11:47:32.159758 (623126) lic_core INFO    ... (3) checkout succeeded
2026-03-02 11:47:32.165543 (623126) main____ INFO    Tool inactivity delay is 480000 ms.
2026-03-02 11:47:32.166303 (623145) stdio___ INFO    Starting STDIN reader (tty: yes, tty name: '/dev/pts/0')
2026-03-02 11:47:32.212547 (623126) session_ INFO    Starting analysis session with session id 'session_0' (launcher: <local>) ...
2026-03-02 11:47:32.214624 (623126) session_ INFO    Analysis session with session id 'session_0' started (pid: 623146)
2026-03-02 11:47:34.097226 (623126) session_ INFO    Analysis session 'session_0' connected to the console (host: 127.0.0.1:48632)
2026-03-02 11:47:37.530088 (623126) lic__man INFO    Unclaim everything for 'session_0'.
2026-03-02 11:47:37.730782 (623126) lic__man INFO    Claim 'fpv' for 'session_0'.
2026-03-02 11:47:37.730817 (623126) lic__man INFO    Claim 'fpv' for 'session_0/prove-0'.
2026-03-02 11:47:39.326184 (623126) lic__man INFO    Unclaim everything for 'session_0/prove-0'.
2026-03-02 11:47:39.368788 (623126) main____ INFO    About to exit: request to exit with status 0 received from analysis session 'session_0'
2026-03-02 11:47:39.515602 (623126) session_ INFO    Analysis session 'session_0' disconnected.
2026-03-02 11:47:39.515811 (623126) lic__man INFO    Unclaim everything for 'session_0'.
2026-03-02 11:47:39.515996 (623126) session_ INFO    Process for analysis session 'session_0' has exited with exit status '0'.
2026-03-02 11:47:41.392539 (623145) stdio___ INFO    STDIN reader requested to stop.
2026-03-02 11:47:41.392572 (623145) stdio___ INFO    STDIN reader stopped.
2026-03-02 11:47:41.392818 (623126) lic_core INFO    (1) checkin jasper_interactive
2026-03-02 11:47:41.393839 (623126) lic_core INFO    (3) checkin jasper_fao
2026-03-02 11:47:41.394886 (623126) main____ INFO    Exiting with status 0.
