2026-02-25 13:10:08.799888 (3144912) main____ INFO    ----------------------------------------
2026-02-25 13:10:08.799984 (3144912) main____ INFO    Jasper version info
2026-02-25 13:10:08.800000 (3144912) main____ INFO      tool      : Jasper 2023.12
2026-02-25 13:10:08.800016 (3144912) main____ INFO      version   : 2023.12p001 64 bits
2026-02-25 13:10:08.800029 (3144912) main____ INFO      build date: 2024.01.23 16:09:24 UTC
2026-02-25 13:10:08.800039 (3144912) main____ INFO    ----------------------------------------
2026-02-25 13:10:08.800048 (3144912) main____ INFO    Runtime info:
2026-02-25 13:10:08.800059 (3144912) main____ INFO      platform  : Linux 4.18.0-553.89.1.el8_10.x86_64 x86_64
2026-02-25 13:10:08.800078 (3144912) main____ INFO      hostname  : caddy15.stanford.edu
2026-02-25 13:10:08.800094 (3144912) main____ INFO      pid       : 3144912
2026-02-25 13:10:08.800106 (3144912) main____ INFO      arguments : '-style' 'windows' '-allow_unsupported_OS' '-no_gui' '-fpv' './synthlc/i_DIV_out/xPairwiseDepDiv/exclusive_201_.tcl' '-proj' './synthlc/i_DIV_out/xPairwiseDepDiv/exclusive_201_jgsession_26-02-25-13_10_07'
2026-02-25 13:10:08.800124 (3144912) main____ INFO      locale    : UTF-8
2026-02-25 13:10:08.800134 (3144912) main____ INFO    ----------------------------------------
2026-02-25 13:10:08.800143 (3144912) main____ INFO    System resource limits info:
2026-02-25 13:10:08.800156 (3144912) main____ INFO      virtual memory: unlimited
2026-02-25 13:10:08.800168 (3144912) main____ INFO      cpu time      : unlimited
2026-02-25 13:10:08.800187 (3144912) main____ INFO      processes     : 4096
2026-02-25 13:10:08.800209 (3144912) main____ INFO      stack size    : 8388608 B
2026-02-25 13:10:08.800224 (3144912) main____ INFO      core file size: 0 B
2026-02-25 13:10:08.800237 (3144912) main____ INFO      open files    : 4096
2026-02-25 13:10:08.800249 (3144912) main____ INFO      file size     : unlimited
2026-02-25 13:10:08.800259 (3144912) main____ INFO    ----------------------------------------
2026-02-25 13:10:08.800268 (3144912) main____ INFO    Memory statistics:
2026-02-25 13:10:08.800280 (3144912) main____ INFO      total physical memory  : 98449092 kB
2026-02-25 13:10:08.800291 (3144912) main____ INFO      free physical memory   : 72286612 kB
2026-02-25 13:10:08.800318 (3144912) main____ INFO      committed address space: 14430060 kB
2026-02-25 13:10:08.800327 (3144912) main____ INFO    ----------------------------------------
2026-02-25 13:10:08.801507 (3144912) main____ INFO    Important environment variables:
2026-02-25 13:10:08.801532 (3144912) main____ INFO      CDS_LIC_FILE       : '5280@cadlic0'
2026-02-25 13:10:08.801544 (3144912) main____ INFO      JASPER_INSTALL_DIR : '/cad/cadence/jasper_2023.12p001'
2026-02-25 13:10:08.801556 (3144912) main____ INFO      JASPER_KERNEL_CHECK: '1'
2026-02-25 13:10:08.801568 (3144912) main____ INFO      JASPER_OS_CHECK    : '0'
2026-02-25 13:10:08.801580 (3144912) main____ INFO      LANG               : 'en_US.UTF-8'
2026-02-25 13:10:08.801590 (3144912) main____ INFO    ----------------------------------------
2026-02-25 13:10:08.803507 (3144912) lic_core INFO    Initializing license system ...
2026-02-25 13:10:08.861120 (3144912) lic_core INFO    ... license system initialized.
2026-02-25 13:10:09.026983 (3144912) lic__man INFO    Claim 'main' for <ui>.
2026-02-25 13:10:09.027074 (3144912) lic_core INFO    (1) checking out 'jasper_interactive' ...
2026-02-25 13:10:09.097759 (3144912) lic_core INFO    ... (1) checkout succeeded
2026-02-25 13:10:09.097864 (3144912) lic__man INFO    Claim 'fpv' for <ui>.
2026-02-25 13:10:09.097892 (3144912) lic_core INFO    (2) checking out 'jasper_fpv' ...
2026-02-25 13:10:09.169830 (3144912) lic_core INFO    ... (2) checkout failed (error: -5) ("FLEXnet ERROR(-5, 0, 0): No such feature exists.")
2026-02-25 13:10:09.169890 (3144912) lic_core INFO    (3) checking out 'jasper_fao' ...
2026-02-25 13:10:09.242584 (3144912) lic_core INFO    ... (3) checkout succeeded
2026-02-25 13:10:09.266281 (3144912) main____ INFO    Tool inactivity delay is 480000 ms.
2026-02-25 13:10:09.274579 (3144923) stdio___ INFO    Starting STDIN reader (tty: yes, tty name: '/dev/pts/0')
2026-02-25 13:10:09.584473 (3144912) session_ INFO    Starting analysis session with session id 'session_0' (launcher: <local>) ...
2026-02-25 13:10:09.586452 (3144912) session_ INFO    Analysis session with session id 'session_0' started (pid: 3144924)
2026-02-25 13:10:13.627037 (3144912) session_ INFO    Analysis session 'session_0' connected to the console (host: 127.0.0.1:56174)
2026-02-25 13:10:24.227445 (3144912) lic__man INFO    Unclaim everything for 'session_0'.
2026-02-25 13:10:24.713951 (3144912) lic__man INFO    Claim 'fpv' for 'session_0'.
2026-02-25 13:10:24.713996 (3144912) lic__man INFO    Claim 'fpv' for 'session_0/prove-0'.
2026-02-25 13:11:20.424601 (3144912) lic__man INFO    Unclaim everything for 'session_0/prove-0'.
2026-02-25 13:11:20.525590 (3144912) main____ INFO    About to exit: request to exit with status 0 received from analysis session 'session_0'
2026-02-25 13:11:21.316295 (3144912) session_ INFO    Analysis session 'session_0' disconnected.
2026-02-25 13:11:21.316573 (3144912) lic__man INFO    Unclaim everything for 'session_0'.
2026-02-25 13:11:21.316786 (3144912) session_ INFO    Process for analysis session 'session_0' has exited with exit status '0'.
2026-02-25 13:11:22.452771 (3144923) stdio___ INFO    STDIN reader requested to stop.
2026-02-25 13:11:22.452825 (3144923) stdio___ INFO    STDIN reader stopped.
2026-02-25 13:11:22.463620 (3144912) lic_core INFO    (1) checkin jasper_interactive
2026-02-25 13:11:22.467561 (3144912) lic_core INFO    (3) checkin jasper_fao
2026-02-25 13:11:22.479926 (3144912) main____ INFO    Exiting with status 0.
