2026-03-01 04:52:47.884495 (3939545) main____ INFO    ----------------------------------------
2026-03-01 04:52:47.884587 (3939545) main____ INFO    Jasper version info
2026-03-01 04:52:47.884604 (3939545) main____ INFO      tool      : Jasper 2023.12
2026-03-01 04:52:47.884620 (3939545) main____ INFO      version   : 2023.12p001 64 bits
2026-03-01 04:52:47.884634 (3939545) main____ INFO      build date: 2024.01.23 16:09:24 UTC
2026-03-01 04:52:47.884645 (3939545) main____ INFO    ----------------------------------------
2026-03-01 04:52:47.884655 (3939545) main____ INFO    Runtime info:
2026-03-01 04:52:47.884681 (3939545) main____ INFO      platform  : Linux 4.18.0-553.89.1.el8_10.x86_64 x86_64
2026-03-01 04:52:47.884701 (3939545) main____ INFO      hostname  : caddy12.stanford.edu
2026-03-01 04:52:47.884717 (3939545) main____ INFO      pid       : 3939545
2026-03-01 04:52:47.884728 (3939545) main____ INFO      arguments : '-style' 'windows' '-allow_unsupported_OS' '-no_gui' '-fpv' './synthlc/i_LW_out/xPairwiseDepDiv/exclusive_80_.tcl' '-proj' './synthlc/i_LW_out/xPairwiseDepDiv/exclusive_80_jgsession_26-03-01-04_52_47'
2026-03-01 04:52:47.884746 (3939545) main____ INFO      locale    : UTF-8
2026-03-01 04:52:47.884757 (3939545) main____ INFO    ----------------------------------------
2026-03-01 04:52:47.884767 (3939545) main____ INFO    System resource limits info:
2026-03-01 04:52:47.884780 (3939545) main____ INFO      virtual memory: unlimited
2026-03-01 04:52:47.884792 (3939545) main____ INFO      cpu time      : unlimited
2026-03-01 04:52:47.884811 (3939545) main____ INFO      processes     : 4096
2026-03-01 04:52:47.884831 (3939545) main____ INFO      stack size    : 8388608 B
2026-03-01 04:52:47.884847 (3939545) main____ INFO      core file size: 0 B
2026-03-01 04:52:47.884860 (3939545) main____ INFO      open files    : 4096
2026-03-01 04:52:47.884873 (3939545) main____ INFO      file size     : unlimited
2026-03-01 04:52:47.884883 (3939545) main____ INFO    ----------------------------------------
2026-03-01 04:52:47.884893 (3939545) main____ INFO    Memory statistics:
2026-03-01 04:52:47.884906 (3939545) main____ INFO      total physical memory  : 98449088 kB
2026-03-01 04:52:47.884917 (3939545) main____ INFO      free physical memory   : 78951472 kB
2026-03-01 04:52:47.884930 (3939545) main____ INFO      committed address space: 16372016 kB
2026-03-01 04:52:47.884940 (3939545) main____ INFO    ----------------------------------------
2026-03-01 04:52:47.886120 (3939545) main____ INFO    Important environment variables:
2026-03-01 04:52:47.886147 (3939545) main____ INFO      CDS_LIC_FILE       : '5280@cadlic0'
2026-03-01 04:52:47.886161 (3939545) main____ INFO      DISPLAY            : 'localhost:12.0'
2026-03-01 04:52:47.886173 (3939545) main____ INFO      JASPER_INSTALL_DIR : '/cad/cadence/jasper_2023.12p001'
2026-03-01 04:52:47.886185 (3939545) main____ INFO      JASPER_KERNEL_CHECK: '1'
2026-03-01 04:52:47.886198 (3939545) main____ INFO      JASPER_OS_CHECK    : '0'
2026-03-01 04:52:47.886211 (3939545) main____ INFO      LANG               : 'zh_TW.UTF-8'
2026-03-01 04:52:47.886221 (3939545) main____ INFO    ----------------------------------------
2026-03-01 04:52:47.887865 (3939545) lic_core INFO    Initializing license system ...
2026-03-01 04:52:47.898836 (3939545) lic_core INFO    ... license system initialized.
2026-03-01 04:52:47.910948 (3939545) lic__man INFO    Claim 'main' for <ui>.
2026-03-01 04:52:47.911023 (3939545) lic_core INFO    (1) checking out 'jasper_interactive' ...
2026-03-01 04:52:47.923687 (3939545) lic_core INFO    ... (1) checkout succeeded
2026-03-01 04:52:47.923790 (3939545) lic__man INFO    Claim 'fpv' for <ui>.
2026-03-01 04:52:47.923819 (3939545) lic_core INFO    (2) checking out 'jasper_fpv' ...
2026-03-01 04:52:47.928857 (3939545) lic_core INFO    ... (2) checkout failed (error: -5) ("FLEXnet ERROR(-5, 0, 0): No such feature exists.")
2026-03-01 04:52:47.939812 (3939545) lic_core INFO    (3) checking out 'jasper_fao' ...
2026-03-01 04:52:47.955030 (3939545) lic_core INFO    ... (3) checkout succeeded
2026-03-01 04:52:47.956771 (3939545) main____ INFO    Tool inactivity delay is 480000 ms.
2026-03-01 04:52:47.957850 (3939565) stdio___ INFO    Starting STDIN reader (tty: yes, tty name: '/dev/pts/0')
2026-03-01 04:52:48.140119 (3939545) session_ INFO    Starting analysis session with session id 'session_0' (launcher: <local>) ...
2026-03-01 04:52:48.142042 (3939545) session_ INFO    Analysis session with session id 'session_0' started (pid: 3939566)
2026-03-01 04:52:49.551240 (3939545) session_ INFO    Analysis session 'session_0' connected to the console (host: 127.0.0.1:59940)
2026-03-01 04:52:53.778810 (3939545) lic__man INFO    Unclaim everything for 'session_0'.
2026-03-01 04:52:54.056016 (3939545) lic__man INFO    Claim 'fpv' for 'session_0'.
2026-03-01 04:52:54.056067 (3939545) lic__man INFO    Claim 'fpv' for 'session_0/prove-0'.
2026-03-01 04:52:55.605920 (3939545) lic__man INFO    Unclaim everything for 'session_0/prove-0'.
2026-03-01 04:52:55.642911 (3939545) main____ INFO    About to exit: request to exit with status 0 received from analysis session 'session_0'
2026-03-01 04:52:55.944021 (3939545) session_ INFO    Analysis session 'session_0' disconnected.
2026-03-01 04:52:55.944176 (3939545) lic__man INFO    Unclaim everything for 'session_0'.
2026-03-01 04:52:55.944361 (3939545) session_ INFO    Process for analysis session 'session_0' has exited with exit status '0'.
2026-03-01 04:52:57.750751 (3939565) stdio___ INFO    STDIN reader requested to stop.
2026-03-01 04:52:57.750819 (3939565) stdio___ INFO    STDIN reader stopped.
2026-03-01 04:52:57.751169 (3939545) lic_core INFO    (1) checkin jasper_interactive
2026-03-01 04:52:57.761894 (3939545) lic_core INFO    (3) checkin jasper_fao
2026-03-01 04:52:57.784033 (3939545) main____ INFO    Exiting with status 0.
