2026-02-28 19:21:44.383206 (899889) main____ INFO    ----------------------------------------
2026-02-28 19:21:44.383269 (899889) main____ INFO    Jasper version info
2026-02-28 19:21:44.383284 (899889) main____ INFO      tool      : Jasper 2023.12
2026-02-28 19:21:44.383298 (899889) main____ INFO      version   : 2023.12p001 64 bits
2026-02-28 19:21:44.383322 (899889) main____ INFO      build date: 2024.01.23 16:09:24 UTC
2026-02-28 19:21:44.383332 (899889) main____ INFO    ----------------------------------------
2026-02-28 19:21:44.383341 (899889) main____ INFO    Runtime info:
2026-02-28 19:21:44.383351 (899889) main____ INFO      platform  : Linux 4.18.0-553.89.1.el8_10.x86_64 x86_64
2026-02-28 19:21:44.383367 (899889) main____ INFO      hostname  : caddy15.stanford.edu
2026-02-28 19:21:44.383381 (899889) main____ INFO      pid       : 899889
2026-02-28 19:21:44.383392 (899889) main____ INFO      arguments : '-style' 'windows' '-allow_unsupported_OS' '-no_gui' '-fpv' './synthlc/i_ADDI_out/xPairwiseDepDiv/nunv_anytwo_99_.tcl' '-proj' './synthlc/i_ADDI_out/xPairwiseDepDiv/nunv_anytwo_99_jgsession_26-02-28-19_21_44'
2026-02-28 19:21:44.383406 (899889) main____ INFO      locale    : UTF-8
2026-02-28 19:21:44.383416 (899889) main____ INFO    ----------------------------------------
2026-02-28 19:21:44.383425 (899889) main____ INFO    System resource limits info:
2026-02-28 19:21:44.383437 (899889) main____ INFO      virtual memory: unlimited
2026-02-28 19:21:44.383448 (899889) main____ INFO      cpu time      : unlimited
2026-02-28 19:21:44.383464 (899889) main____ INFO      processes     : 4096
2026-02-28 19:21:44.383482 (899889) main____ INFO      stack size    : 8388608 B
2026-02-28 19:21:44.383496 (899889) main____ INFO      core file size: 0 B
2026-02-28 19:21:44.383508 (899889) main____ INFO      open files    : 4096
2026-02-28 19:21:44.383520 (899889) main____ INFO      file size     : unlimited
2026-02-28 19:21:44.383529 (899889) main____ INFO    ----------------------------------------
2026-02-28 19:21:44.383538 (899889) main____ INFO    Memory statistics:
2026-02-28 19:21:44.383549 (899889) main____ INFO      total physical memory  : 98449092 kB
2026-02-28 19:21:44.383560 (899889) main____ INFO      free physical memory   : 79805304 kB
2026-02-28 19:21:44.383571 (899889) main____ INFO      committed address space: 1805868 kB
2026-02-28 19:21:44.383580 (899889) main____ INFO    ----------------------------------------
2026-02-28 19:21:44.384692 (899889) main____ INFO    Important environment variables:
2026-02-28 19:21:44.384713 (899889) main____ INFO      CDS_LIC_FILE       : '5280@cadlic0'
2026-02-28 19:21:44.384725 (899889) main____ INFO      JASPER_INSTALL_DIR : '/cad/cadence/jasper_2023.12p001'
2026-02-28 19:21:44.384737 (899889) main____ INFO      JASPER_KERNEL_CHECK: '1'
2026-02-28 19:21:44.384749 (899889) main____ INFO      JASPER_OS_CHECK    : '0'
2026-02-28 19:21:44.384760 (899889) main____ INFO      LANG               : 'en_US.UTF-8'
2026-02-28 19:21:44.384770 (899889) main____ INFO    ----------------------------------------
2026-02-28 19:21:44.385870 (899889) lic_core INFO    Initializing license system ...
2026-02-28 19:21:44.389403 (899889) lic_core INFO    ... license system initialized.
2026-02-28 19:21:44.403650 (899889) lic__man INFO    Claim 'main' for <ui>.
2026-02-28 19:21:44.403702 (899889) lic_core INFO    (1) checking out 'jasper_interactive' ...
2026-02-28 19:21:44.416527 (899889) lic_core INFO    ... (1) checkout succeeded
2026-02-28 19:21:44.416592 (899889) lic__man INFO    Claim 'fpv' for <ui>.
2026-02-28 19:21:44.416613 (899889) lic_core INFO    (2) checking out 'jasper_fpv' ...
2026-02-28 19:21:44.420891 (899889) lic_core INFO    ... (2) checkout failed (error: -5) ("FLEXnet ERROR(-5, 0, 0): No such feature exists.")
2026-02-28 19:21:44.420921 (899889) lic_core INFO    (3) checking out 'jasper_fao' ...
2026-02-28 19:21:44.431967 (899889) lic_core INFO    ... (3) checkout succeeded
2026-02-28 19:21:44.436253 (899923) stdio___ INFO    Starting STDIN reader (tty: yes, tty name: '/dev/pts/0')
2026-02-28 19:21:44.436449 (899889) main____ INFO    Tool inactivity delay is 480000 ms.
2026-02-28 19:21:44.482284 (899889) session_ INFO    Starting analysis session with session id 'session_0' (launcher: <local>) ...
2026-02-28 19:21:44.484220 (899889) session_ INFO    Analysis session with session id 'session_0' started (pid: 899926)
2026-02-28 19:21:45.702719 (899889) session_ INFO    Analysis session 'session_0' connected to the console (host: 127.0.0.1:51582)
2026-02-28 19:21:48.992923 (899889) lic__man INFO    Unclaim everything for 'session_0'.
2026-02-28 19:21:49.199056 (899889) lic__man INFO    Claim 'fpv' for 'session_0'.
2026-02-28 19:21:49.199092 (899889) lic__man INFO    Claim 'fpv' for 'session_0/prove-0'.
2026-02-28 19:21:50.759167 (899889) lic__man INFO    Unclaim everything for 'session_0/prove-0'.
2026-02-28 19:21:50.805485 (899889) main____ INFO    About to exit: request to exit with status 0 received from analysis session 'session_0'
2026-02-28 19:21:51.233936 (899889) session_ INFO    Analysis session 'session_0' disconnected.
2026-02-28 19:21:51.234093 (899889) lic__man INFO    Unclaim everything for 'session_0'.
2026-02-28 19:21:51.234404 (899889) session_ INFO    Process for analysis session 'session_0' has exited with exit status '0'.
2026-02-28 19:21:52.914400 (899923) stdio___ INFO    STDIN reader requested to stop.
2026-02-28 19:21:52.914450 (899923) stdio___ INFO    STDIN reader stopped.
2026-02-28 19:21:52.914744 (899889) lic_core INFO    (1) checkin jasper_interactive
2026-02-28 19:21:52.926116 (899889) lic_core INFO    (3) checkin jasper_fao
2026-02-28 19:21:52.928007 (899889) main____ INFO    Exiting with status 0.
