2026-03-01 08:04:46.183180 (4123010) main____ INFO    ----------------------------------------
2026-03-01 08:04:46.183273 (4123010) main____ INFO    Jasper version info
2026-03-01 08:04:46.183290 (4123010) main____ INFO      tool      : Jasper 2023.12
2026-03-01 08:04:46.183307 (4123010) main____ INFO      version   : 2023.12p001 64 bits
2026-03-01 08:04:46.183321 (4123010) main____ INFO      build date: 2024.01.23 16:09:24 UTC
2026-03-01 08:04:46.183332 (4123010) main____ INFO    ----------------------------------------
2026-03-01 08:04:46.183342 (4123010) main____ INFO    Runtime info:
2026-03-01 08:04:46.183354 (4123010) main____ INFO      platform  : Linux 4.18.0-553.89.1.el8_10.x86_64 x86_64
2026-03-01 08:04:46.183374 (4123010) main____ INFO      hostname  : caddy12.stanford.edu
2026-03-01 08:04:46.183389 (4123010) main____ INFO      pid       : 4123010
2026-03-01 08:04:46.183401 (4123010) main____ INFO      arguments : '-style' 'windows' '-allow_unsupported_OS' '-no_gui' '-fpv' './synthlc/i_LW_out/xPerfLocSubsetDiv/coverset_117_.tcl' '-proj' './synthlc/i_LW_out/xPerfLocSubsetDiv/coverset_117_jgsession_26-03-01-08_04_44'
2026-03-01 08:04:46.183418 (4123010) main____ INFO      locale    : UTF-8
2026-03-01 08:04:46.183429 (4123010) main____ INFO    ----------------------------------------
2026-03-01 08:04:46.183439 (4123010) main____ INFO    System resource limits info:
2026-03-01 08:04:46.183452 (4123010) main____ INFO      virtual memory: unlimited
2026-03-01 08:04:46.183465 (4123010) main____ INFO      cpu time      : unlimited
2026-03-01 08:04:46.183484 (4123010) main____ INFO      processes     : 4096
2026-03-01 08:04:46.183505 (4123010) main____ INFO      stack size    : 8388608 B
2026-03-01 08:04:46.183520 (4123010) main____ INFO      core file size: 0 B
2026-03-01 08:04:46.183534 (4123010) main____ INFO      open files    : 4096
2026-03-01 08:04:46.183547 (4123010) main____ INFO      file size     : unlimited
2026-03-01 08:04:46.183557 (4123010) main____ INFO    ----------------------------------------
2026-03-01 08:04:46.183567 (4123010) main____ INFO    Memory statistics:
2026-03-01 08:04:46.183580 (4123010) main____ INFO      total physical memory  : 98449088 kB
2026-03-01 08:04:46.183592 (4123010) main____ INFO      free physical memory   : 84171320 kB
2026-03-01 08:04:46.183604 (4123010) main____ INFO      committed address space: 10418292 kB
2026-03-01 08:04:46.183614 (4123010) main____ INFO    ----------------------------------------
2026-03-01 08:04:46.184823 (4123010) main____ INFO    Important environment variables:
2026-03-01 08:04:46.184854 (4123010) main____ INFO      CDS_LIC_FILE       : '5280@cadlic0'
2026-03-01 08:04:46.184869 (4123010) main____ INFO      DISPLAY            : 'localhost:12.0'
2026-03-01 08:04:46.184881 (4123010) main____ INFO      JASPER_INSTALL_DIR : '/cad/cadence/jasper_2023.12p001'
2026-03-01 08:04:46.184894 (4123010) main____ INFO      JASPER_KERNEL_CHECK: '1'
2026-03-01 08:04:46.184906 (4123010) main____ INFO      JASPER_OS_CHECK    : '0'
2026-03-01 08:04:46.184919 (4123010) main____ INFO      LANG               : 'zh_TW.UTF-8'
2026-03-01 08:04:46.184929 (4123010) main____ INFO    ----------------------------------------
2026-03-01 08:04:46.186849 (4123010) lic_core INFO    Initializing license system ...
2026-03-01 08:04:46.211981 (4123010) lic_core INFO    ... license system initialized.
2026-03-01 08:04:46.346961 (4123010) lic__man INFO    Claim 'main' for <ui>.
2026-03-01 08:04:46.347043 (4123010) lic_core INFO    (1) checking out 'jasper_interactive' ...
2026-03-01 08:04:46.425103 (4123010) lic_core INFO    ... (1) checkout succeeded
2026-03-01 08:04:46.425224 (4123010) lic__man INFO    Claim 'fpv' for <ui>.
2026-03-01 08:04:46.425253 (4123010) lic_core INFO    (2) checking out 'jasper_fpv' ...
2026-03-01 08:04:46.489147 (4123010) lic_core INFO    ... (2) checkout failed (error: -5) ("FLEXnet ERROR(-5, 0, 0): No such feature exists.")
2026-03-01 08:04:46.489263 (4123010) lic_core INFO    (3) checking out 'jasper_fao' ...
2026-03-01 08:04:46.562955 (4123010) lic_core INFO    ... (3) checkout succeeded
2026-03-01 08:04:46.588500 (4123010) main____ INFO    Tool inactivity delay is 480000 ms.
2026-03-01 08:04:46.596964 (4123072) stdio___ INFO    Starting STDIN reader (tty: yes, tty name: '/dev/pts/0')
2026-03-01 08:04:46.944841 (4123010) session_ INFO    Starting analysis session with session id 'session_0' (launcher: <local>) ...
2026-03-01 08:04:46.946759 (4123010) session_ INFO    Analysis session with session id 'session_0' started (pid: 4123073)
2026-03-01 08:04:48.719312 (4123010) session_ INFO    Analysis session 'session_0' connected to the console (host: 127.0.0.1:49092)
2026-03-01 08:04:52.621595 (4123010) lic__man INFO    Unclaim everything for 'session_0'.
2026-03-01 08:04:52.954091 (4123010) lic__man INFO    Claim 'fpv' for 'session_0'.
2026-03-01 08:04:52.954146 (4123010) lic__man INFO    Claim 'fpv' for 'session_0/prove-0'.
2026-03-01 08:04:58.790999 (4123010) lic__man INFO    Unclaim everything for 'session_0/prove-0'.
2026-03-01 08:04:58.841065 (4123010) main____ INFO    About to exit: request to exit with status 0 received from analysis session 'session_0'
2026-03-01 08:04:59.034811 (4123010) session_ INFO    Analysis session 'session_0' disconnected.
2026-03-01 08:04:59.034964 (4123010) lic__man INFO    Unclaim everything for 'session_0'.
2026-03-01 08:04:59.036986 (4123010) session_ INFO    Process for analysis session 'session_0' has exited with exit status '0'.
2026-03-01 08:05:00.909742 (4123072) stdio___ INFO    STDIN reader requested to stop.
2026-03-01 08:05:00.909803 (4123072) stdio___ INFO    STDIN reader stopped.
2026-03-01 08:05:00.914954 (4123010) lic_core INFO    (1) checkin jasper_interactive
2026-03-01 08:05:00.919886 (4123010) lic_core INFO    (3) checkin jasper_fao
2026-03-01 08:05:00.942071 (4123010) main____ INFO    Exiting with status 0.
