2026-02-26 11:54:20.171371 (2129026) main____ INFO    ----------------------------------------
2026-02-26 11:54:20.171460 (2129026) main____ INFO    Jasper version info
2026-02-26 11:54:20.171476 (2129026) main____ INFO      tool      : Jasper 2023.12
2026-02-26 11:54:20.171492 (2129026) main____ INFO      version   : 2023.12p001 64 bits
2026-02-26 11:54:20.171505 (2129026) main____ INFO      build date: 2024.01.23 16:09:24 UTC
2026-02-26 11:54:20.171514 (2129026) main____ INFO    ----------------------------------------
2026-02-26 11:54:20.171524 (2129026) main____ INFO    Runtime info:
2026-02-26 11:54:20.171534 (2129026) main____ INFO      platform  : Linux 4.18.0-553.89.1.el8_10.x86_64 x86_64
2026-02-26 11:54:20.171553 (2129026) main____ INFO      hostname  : caddy12.stanford.edu
2026-02-26 11:54:20.171568 (2129026) main____ INFO      pid       : 2129026
2026-02-26 11:54:20.171579 (2129026) main____ INFO      arguments : '-style' 'windows' '-allow_unsupported_OS' '-no_gui' '-fpv' './synthlc/i_DIV_out/xPairwiseDepDiv/nunv_anytwo_76_.tcl' '-proj' './synthlc/i_DIV_out/xPairwiseDepDiv/nunv_anytwo_76_jgsession_26-02-26-11_54_19'
2026-02-26 11:54:20.171596 (2129026) main____ INFO      locale    : UTF-8
2026-02-26 11:54:20.171606 (2129026) main____ INFO    ----------------------------------------
2026-02-26 11:54:20.171615 (2129026) main____ INFO    System resource limits info:
2026-02-26 11:54:20.171627 (2129026) main____ INFO      virtual memory: unlimited
2026-02-26 11:54:20.171639 (2129026) main____ INFO      cpu time      : unlimited
2026-02-26 11:54:20.171657 (2129026) main____ INFO      processes     : 4096
2026-02-26 11:54:20.171692 (2129026) main____ INFO      stack size    : 8388608 B
2026-02-26 11:54:20.171707 (2129026) main____ INFO      core file size: 0 B
2026-02-26 11:54:20.171719 (2129026) main____ INFO      open files    : 4096
2026-02-26 11:54:20.171731 (2129026) main____ INFO      file size     : unlimited
2026-02-26 11:54:20.171741 (2129026) main____ INFO    ----------------------------------------
2026-02-26 11:54:20.171750 (2129026) main____ INFO    Memory statistics:
2026-02-26 11:54:20.171762 (2129026) main____ INFO      total physical memory  : 98449088 kB
2026-02-26 11:54:20.171773 (2129026) main____ INFO      free physical memory   : 78002632 kB
2026-02-26 11:54:20.171784 (2129026) main____ INFO      committed address space: 6000056 kB
2026-02-26 11:54:20.171793 (2129026) main____ INFO    ----------------------------------------
2026-02-26 11:54:20.172978 (2129026) main____ INFO    Important environment variables:
2026-02-26 11:54:20.173013 (2129026) main____ INFO      CDS_LIC_FILE       : '5280@cadlic0'
2026-02-26 11:54:20.173026 (2129026) main____ INFO      DISPLAY            : 'localhost:12.0'
2026-02-26 11:54:20.173038 (2129026) main____ INFO      JASPER_INSTALL_DIR : '/cad/cadence/jasper_2023.12p001'
2026-02-26 11:54:20.173049 (2129026) main____ INFO      JASPER_KERNEL_CHECK: '1'
2026-02-26 11:54:20.173061 (2129026) main____ INFO      JASPER_OS_CHECK    : '0'
2026-02-26 11:54:20.173072 (2129026) main____ INFO      LANG               : 'zh_TW.UTF-8'
2026-02-26 11:54:20.173082 (2129026) main____ INFO    ----------------------------------------
2026-02-26 11:54:20.174631 (2129026) lic_core INFO    Initializing license system ...
2026-02-26 11:54:20.176402 (2129026) lic_core INFO    ... license system initialized.
2026-02-26 11:54:20.208219 (2129026) lic__man INFO    Claim 'main' for <ui>.
2026-02-26 11:54:20.208281 (2129026) lic_core INFO    (1) checking out 'jasper_interactive' ...
2026-02-26 11:54:20.260901 (2129026) lic_core INFO    ... (1) checkout succeeded
2026-02-26 11:54:20.261008 (2129026) lic__man INFO    Claim 'fpv' for <ui>.
2026-02-26 11:54:20.261036 (2129026) lic_core INFO    (2) checking out 'jasper_fpv' ...
2026-02-26 11:54:20.316154 (2129026) lic_core INFO    ... (2) checkout failed (error: -5) ("FLEXnet ERROR(-5, 0, 0): No such feature exists.")
2026-02-26 11:54:20.316211 (2129026) lic_core INFO    (3) checking out 'jasper_fao' ...
2026-02-26 11:54:20.388989 (2129026) lic_core INFO    ... (3) checkout succeeded
2026-02-26 11:54:20.390465 (2129026) main____ INFO    Tool inactivity delay is 480000 ms.
2026-02-26 11:54:20.398916 (2129038) stdio___ INFO    Starting STDIN reader (tty: yes, tty name: '/dev/pts/0')
2026-02-26 11:54:20.727016 (2129026) session_ INFO    Starting analysis session with session id 'session_0' (launcher: <local>) ...
2026-02-26 11:54:20.729012 (2129026) session_ INFO    Analysis session with session id 'session_0' started (pid: 2129053)
2026-02-26 11:54:22.287407 (2129026) session_ INFO    Analysis session 'session_0' connected to the console (host: 127.0.0.1:56014)
2026-02-26 11:54:28.568902 (2129026) lic__man INFO    Unclaim everything for 'session_0'.
2026-02-26 11:54:28.925272 (2129026) lic__man INFO    Claim 'fpv' for 'session_0'.
2026-02-26 11:54:28.925313 (2129026) lic__man INFO    Claim 'fpv' for 'session_0/prove-0'.
2026-02-26 11:54:32.106626 (2129026) lic__man INFO    Unclaim everything for 'session_0/prove-0'.
2026-02-26 11:54:32.208823 (2129026) main____ INFO    About to exit: request to exit with status 0 received from analysis session 'session_0'
2026-02-26 11:54:32.519268 (2129026) session_ INFO    Analysis session 'session_0' disconnected.
2026-02-26 11:54:32.519423 (2129026) lic__man INFO    Unclaim everything for 'session_0'.
2026-02-26 11:54:32.520070 (2129026) session_ INFO    Process for analysis session 'session_0' has exited with exit status '0'.
2026-02-26 11:54:34.323732 (2129038) stdio___ INFO    STDIN reader requested to stop.
2026-02-26 11:54:34.323784 (2129038) stdio___ INFO    STDIN reader stopped.
2026-02-26 11:54:34.324118 (2129026) lic_core INFO    (1) checkin jasper_interactive
2026-02-26 11:54:34.334883 (2129026) lic_core INFO    (3) checkin jasper_fao
2026-02-26 11:54:34.359624 (2129026) main____ INFO    Exiting with status 0.
