2026-02-28 02:00:21.706043 (615761) main____ INFO    ----------------------------------------
2026-02-28 02:00:21.706123 (615761) main____ INFO    Jasper version info
2026-02-28 02:00:21.706138 (615761) main____ INFO      tool      : Jasper 2023.12
2026-02-28 02:00:21.706151 (615761) main____ INFO      version   : 2023.12p001 64 bits
2026-02-28 02:00:21.706164 (615761) main____ INFO      build date: 2024.01.23 16:09:24 UTC
2026-02-28 02:00:21.706173 (615761) main____ INFO    ----------------------------------------
2026-02-28 02:00:21.706183 (615761) main____ INFO    Runtime info:
2026-02-28 02:00:21.706194 (615761) main____ INFO      platform  : Linux 4.18.0-553.89.1.el8_10.x86_64 x86_64
2026-02-28 02:00:21.706210 (615761) main____ INFO      hostname  : caddy10.stanford.edu
2026-02-28 02:00:21.706224 (615761) main____ INFO      pid       : 615761
2026-02-28 02:00:21.706236 (615761) main____ INFO      arguments : '-style' 'windows' '-allow_unsupported_OS' '-no_gui' '-fpv' './synthlc/i_MUL_out/xHBPerfG_dfg_v3_div/HB_55_.tcl' '-proj' './synthlc/i_MUL_out/xHBPerfG_dfg_v3_div/HB_55_jgsession_26-02-28-02_00_21'
2026-02-28 02:00:21.706251 (615761) main____ INFO      locale    : UTF-8
2026-02-28 02:00:21.706260 (615761) main____ INFO    ----------------------------------------
2026-02-28 02:00:21.706269 (615761) main____ INFO    System resource limits info:
2026-02-28 02:00:21.706281 (615761) main____ INFO      virtual memory: unlimited
2026-02-28 02:00:21.706293 (615761) main____ INFO      cpu time      : unlimited
2026-02-28 02:00:21.706309 (615761) main____ INFO      processes     : 4096
2026-02-28 02:00:21.706326 (615761) main____ INFO      stack size    : 8388608 B
2026-02-28 02:00:21.706340 (615761) main____ INFO      core file size: 0 B
2026-02-28 02:00:21.706353 (615761) main____ INFO      open files    : 4096
2026-02-28 02:00:21.706364 (615761) main____ INFO      file size     : unlimited
2026-02-28 02:00:21.706374 (615761) main____ INFO    ----------------------------------------
2026-02-28 02:00:21.706383 (615761) main____ INFO    Memory statistics:
2026-02-28 02:00:21.706395 (615761) main____ INFO      total physical memory  : 98449096 kB
2026-02-28 02:00:21.706405 (615761) main____ INFO      free physical memory   : 90311564 kB
2026-02-28 02:00:21.706417 (615761) main____ INFO      committed address space: 1973416 kB
2026-02-28 02:00:21.706426 (615761) main____ INFO    ----------------------------------------
2026-02-28 02:00:21.707541 (615761) main____ INFO    Important environment variables:
2026-02-28 02:00:21.707563 (615761) main____ INFO      CDS_LIC_FILE       : '5280@cadlic0'
2026-02-28 02:00:21.707575 (615761) main____ INFO      JASPER_INSTALL_DIR : '/cad/cadence/jasper_2023.12p001'
2026-02-28 02:00:21.707587 (615761) main____ INFO      JASPER_KERNEL_CHECK: '1'
2026-02-28 02:00:21.707599 (615761) main____ INFO      JASPER_OS_CHECK    : '0'
2026-02-28 02:00:21.707610 (615761) main____ INFO      LANG               : 'en_US.UTF-8'
2026-02-28 02:00:21.707620 (615761) main____ INFO    ----------------------------------------
2026-02-28 02:00:21.708673 (615761) lic_core INFO    Initializing license system ...
2026-02-28 02:00:21.710174 (615761) lic_core INFO    ... license system initialized.
2026-02-28 02:00:21.720802 (615761) lic__man INFO    Claim 'main' for <ui>.
2026-02-28 02:00:21.720843 (615761) lic_core INFO    (1) checking out 'jasper_interactive' ...
2026-02-28 02:00:21.733201 (615761) lic_core INFO    ... (1) checkout succeeded
2026-02-28 02:00:21.733258 (615761) lic__man INFO    Claim 'fpv' for <ui>.
2026-02-28 02:00:21.733280 (615761) lic_core INFO    (2) checking out 'jasper_fpv' ...
2026-02-28 02:00:21.736964 (615761) lic_core INFO    ... (2) checkout failed (error: -5) ("FLEXnet ERROR(-5, 0, 0): No such feature exists.")
2026-02-28 02:00:21.736994 (615761) lic_core INFO    (3) checking out 'jasper_fao' ...
2026-02-28 02:00:21.747644 (615761) lic_core INFO    ... (3) checkout succeeded
2026-02-28 02:00:21.748723 (615775) stdio___ INFO    Starting STDIN reader (tty: yes, tty name: '/dev/pts/5')
2026-02-28 02:00:21.748879 (615761) main____ INFO    Tool inactivity delay is 480000 ms.
2026-02-28 02:00:21.788951 (615761) session_ INFO    Starting analysis session with session id 'session_0' (launcher: <local>) ...
2026-02-28 02:00:21.790613 (615761) session_ INFO    Analysis session with session id 'session_0' started (pid: 615778)
2026-02-28 02:00:22.864157 (615761) session_ INFO    Analysis session 'session_0' connected to the console (host: 127.0.0.1:47778)
2026-02-28 02:00:26.312963 (615761) lic__man INFO    Unclaim everything for 'session_0'.
2026-02-28 02:00:26.608293 (615761) lic__man INFO    Claim 'fpv' for 'session_0'.
2026-02-28 02:00:26.608332 (615761) lic__man INFO    Claim 'fpv' for 'session_0/prove-0'.
2026-02-28 02:01:07.763977 (615761) lic__man INFO    Unclaim everything for 'session_0/prove-0'.
2026-02-28 02:01:07.787701 (615761) main____ INFO    About to exit: request to exit with status 0 received from analysis session 'session_0'
2026-02-28 02:01:08.001700 (615761) session_ INFO    Analysis session 'session_0' disconnected.
2026-02-28 02:01:08.001952 (615761) lic__man INFO    Unclaim everything for 'session_0'.
2026-02-28 02:01:08.002181 (615761) session_ INFO    Process for analysis session 'session_0' has exited with exit status '0'.
2026-02-28 02:01:09.894124 (615775) stdio___ INFO    STDIN reader requested to stop.
2026-02-28 02:01:09.894181 (615775) stdio___ INFO    STDIN reader stopped.
2026-02-28 02:01:09.903403 (615761) lic_core INFO    (1) checkin jasper_interactive
2026-02-28 02:01:09.904542 (615761) lic_core INFO    (3) checkin jasper_fao
2026-02-28 02:01:09.914503 (615761) main____ INFO    Exiting with status 0.
