2026-02-27 12:48:47.234496 (3075347) main____ INFO    ----------------------------------------
2026-02-27 12:48:47.234579 (3075347) main____ INFO    Jasper version info
2026-02-27 12:48:47.234596 (3075347) main____ INFO      tool      : Jasper 2023.12
2026-02-27 12:48:47.234612 (3075347) main____ INFO      version   : 2023.12p001 64 bits
2026-02-27 12:48:47.234626 (3075347) main____ INFO      build date: 2024.01.23 16:09:24 UTC
2026-02-27 12:48:47.234636 (3075347) main____ INFO    ----------------------------------------
2026-02-27 12:48:47.234646 (3075347) main____ INFO    Runtime info:
2026-02-27 12:48:47.234657 (3075347) main____ INFO      platform  : Linux 4.18.0-553.89.1.el8_10.x86_64 x86_64
2026-02-27 12:48:47.234690 (3075347) main____ INFO      hostname  : caddy12.stanford.edu
2026-02-27 12:48:47.234705 (3075347) main____ INFO      pid       : 3075347
2026-02-27 12:48:47.234716 (3075347) main____ INFO      arguments : '-style' 'windows' '-allow_unsupported_OS' '-no_gui' '-fpv' './synthlc/i_MUL_out/xHBPerfG_dfg_v3_div/WHB_16_.tcl' '-proj' './synthlc/i_MUL_out/xHBPerfG_dfg_v3_div/WHB_16_jgsession_26-02-27-12_48_47'
2026-02-27 12:48:47.234733 (3075347) main____ INFO      locale    : UTF-8
2026-02-27 12:48:47.234743 (3075347) main____ INFO    ----------------------------------------
2026-02-27 12:48:47.234753 (3075347) main____ INFO    System resource limits info:
2026-02-27 12:48:47.234766 (3075347) main____ INFO      virtual memory: unlimited
2026-02-27 12:48:47.234779 (3075347) main____ INFO      cpu time      : unlimited
2026-02-27 12:48:47.234796 (3075347) main____ INFO      processes     : 4096
2026-02-27 12:48:47.234815 (3075347) main____ INFO      stack size    : 8388608 B
2026-02-27 12:48:47.234830 (3075347) main____ INFO      core file size: 0 B
2026-02-27 12:48:47.234843 (3075347) main____ INFO      open files    : 4096
2026-02-27 12:48:47.235818 (3075347) main____ INFO      file size     : unlimited
2026-02-27 12:48:47.235829 (3075347) main____ INFO    ----------------------------------------
2026-02-27 12:48:47.235839 (3075347) main____ INFO    Memory statistics:
2026-02-27 12:48:47.235851 (3075347) main____ INFO      total physical memory  : 98449088 kB
2026-02-27 12:48:47.235863 (3075347) main____ INFO      free physical memory   : 79195212 kB
2026-02-27 12:48:47.235875 (3075347) main____ INFO      committed address space: 2127608 kB
2026-02-27 12:48:47.235885 (3075347) main____ INFO    ----------------------------------------
2026-02-27 12:48:47.237082 (3075347) main____ INFO    Important environment variables:
2026-02-27 12:48:47.237560 (3075347) main____ INFO      CDS_LIC_FILE       : '5280@cadlic0'
2026-02-27 12:48:47.237575 (3075347) main____ INFO      DISPLAY            : 'localhost:12.0'
2026-02-27 12:48:47.237588 (3075347) main____ INFO      JASPER_INSTALL_DIR : '/cad/cadence/jasper_2023.12p001'
2026-02-27 12:48:47.237601 (3075347) main____ INFO      JASPER_KERNEL_CHECK: '1'
2026-02-27 12:48:47.237614 (3075347) main____ INFO      JASPER_OS_CHECK    : '0'
2026-02-27 12:48:47.237626 (3075347) main____ INFO      LANG               : 'zh_TW.UTF-8'
2026-02-27 12:48:47.237636 (3075347) main____ INFO    ----------------------------------------
2026-02-27 12:48:47.238751 (3075347) lic_core INFO    Initializing license system ...
2026-02-27 12:48:47.240626 (3075347) lic_core INFO    ... license system initialized.
2026-02-27 12:48:47.252967 (3075347) lic__man INFO    Claim 'main' for <ui>.
2026-02-27 12:48:47.253022 (3075347) lic_core INFO    (1) checking out 'jasper_interactive' ...
2026-02-27 12:48:47.265430 (3075347) lic_core INFO    ... (1) checkout succeeded
2026-02-27 12:48:47.265498 (3075347) lic__man INFO    Claim 'fpv' for <ui>.
2026-02-27 12:48:47.265521 (3075347) lic_core INFO    (2) checking out 'jasper_fpv' ...
2026-02-27 12:48:47.270116 (3075347) lic_core INFO    ... (2) checkout failed (error: -5) ("FLEXnet ERROR(-5, 0, 0): No such feature exists.")
2026-02-27 12:48:47.270158 (3075347) lic_core INFO    (3) checking out 'jasper_fao' ...
2026-02-27 12:48:47.281569 (3075347) lic_core INFO    ... (3) checkout succeeded
2026-02-27 12:48:47.282498 (3075358) stdio___ INFO    Starting STDIN reader (tty: yes, tty name: '/dev/pts/0')
2026-02-27 12:48:47.282934 (3075347) main____ INFO    Tool inactivity delay is 480000 ms.
2026-02-27 12:48:47.326408 (3075347) session_ INFO    Starting analysis session with session id 'session_0' (launcher: <local>) ...
2026-02-27 12:48:47.328243 (3075347) session_ INFO    Analysis session with session id 'session_0' started (pid: 3075359)
2026-02-27 12:48:48.395111 (3075347) session_ INFO    Analysis session 'session_0' connected to the console (host: 127.0.0.1:58540)
2026-02-27 12:48:51.497901 (3075347) lic__man INFO    Unclaim everything for 'session_0'.
2026-02-27 12:48:51.694930 (3075347) lic__man INFO    Claim 'fpv' for 'session_0'.
2026-02-27 12:48:51.694975 (3075347) lic__man INFO    Claim 'fpv' for 'session_0/prove-0'.
2026-02-27 12:48:53.017603 (3075347) lic__man INFO    Unclaim everything for 'session_0/prove-0'.
2026-02-27 12:48:53.061812 (3075347) main____ INFO    About to exit: request to exit with status 0 received from analysis session 'session_0'
2026-02-27 12:48:53.218914 (3075347) session_ INFO    Analysis session 'session_0' disconnected.
2026-02-27 12:48:53.219057 (3075347) lic__man INFO    Unclaim everything for 'session_0'.
2026-02-27 12:48:53.219314 (3075347) session_ INFO    Process for analysis session 'session_0' has exited with exit status '0'.
2026-02-27 12:48:54.968986 (3075358) stdio___ INFO    STDIN reader requested to stop.
2026-02-27 12:48:54.969074 (3075358) stdio___ INFO    STDIN reader stopped.
2026-02-27 12:48:54.969377 (3075347) lic_core INFO    (1) checkin jasper_interactive
2026-02-27 12:48:54.970468 (3075347) lic_core INFO    (3) checkin jasper_fao
2026-02-27 12:48:54.971727 (3075347) main____ INFO    Exiting with status 0.
