2026-03-02 12:18:48.016447 (647353) main____ INFO    ----------------------------------------
2026-03-02 12:18:48.016509 (647353) main____ INFO    Jasper version info
2026-03-02 12:18:48.016524 (647353) main____ INFO      tool      : Jasper 2023.12
2026-03-02 12:18:48.016537 (647353) main____ INFO      version   : 2023.12p001 64 bits
2026-03-02 12:18:48.016549 (647353) main____ INFO      build date: 2024.01.23 16:09:24 UTC
2026-03-02 12:18:48.016558 (647353) main____ INFO    ----------------------------------------
2026-03-02 12:18:48.016567 (647353) main____ INFO    Runtime info:
2026-03-02 12:18:48.016578 (647353) main____ INFO      platform  : Linux 4.18.0-553.89.1.el8_10.x86_64 x86_64
2026-03-02 12:18:48.016594 (647353) main____ INFO      hostname  : caddy12.stanford.edu
2026-03-02 12:18:48.016608 (647353) main____ INFO      pid       : 647353
2026-03-02 12:18:48.016618 (647353) main____ INFO      arguments : '-style' 'windows' '-allow_unsupported_OS' '-no_gui' '-fpv' './synthlc/i_ADDI_out/xPerfLocCycleCount/over1cyc_6_div_fsm_s12_.tcl' '-proj' './synthlc/i_ADDI_out/xPerfLocCycleCount/over1cyc_6_div_fsm_s12_jgsession_26-03-02-12_18_47'
2026-03-02 12:18:48.016632 (647353) main____ INFO      locale    : UTF-8
2026-03-02 12:18:48.016642 (647353) main____ INFO    ----------------------------------------
2026-03-02 12:18:48.016650 (647353) main____ INFO    System resource limits info:
2026-03-02 12:18:48.016676 (647353) main____ INFO      virtual memory: unlimited
2026-03-02 12:18:48.016688 (647353) main____ INFO      cpu time      : unlimited
2026-03-02 12:18:48.016703 (647353) main____ INFO      processes     : 4096
2026-03-02 12:18:48.016721 (647353) main____ INFO      stack size    : 8388608 B
2026-03-02 12:18:48.016734 (647353) main____ INFO      core file size: 0 B
2026-03-02 12:18:48.016756 (647353) main____ INFO      open files    : 4096
2026-03-02 12:18:48.016767 (647353) main____ INFO      file size     : unlimited
2026-03-02 12:18:48.016777 (647353) main____ INFO    ----------------------------------------
2026-03-02 12:18:48.016785 (647353) main____ INFO    Memory statistics:
2026-03-02 12:18:48.016796 (647353) main____ INFO      total physical memory  : 98449088 kB
2026-03-02 12:18:48.016807 (647353) main____ INFO      free physical memory   : 87822644 kB
2026-03-02 12:18:48.016818 (647353) main____ INFO      committed address space: 6992372 kB
2026-03-02 12:18:48.016827 (647353) main____ INFO    ----------------------------------------
2026-03-02 12:18:48.017969 (647353) main____ INFO    Important environment variables:
2026-03-02 12:18:48.017990 (647353) main____ INFO      CDS_LIC_FILE       : '5280@cadlic0'
2026-03-02 12:18:48.018003 (647353) main____ INFO      DISPLAY            : 'localhost:12.0'
2026-03-02 12:18:48.018014 (647353) main____ INFO      JASPER_INSTALL_DIR : '/cad/cadence/jasper_2023.12p001'
2026-03-02 12:18:48.018025 (647353) main____ INFO      JASPER_KERNEL_CHECK: '1'
2026-03-02 12:18:48.018036 (647353) main____ INFO      JASPER_OS_CHECK    : '0'
2026-03-02 12:18:48.018047 (647353) main____ INFO      LANG               : 'zh_TW.UTF-8'
2026-03-02 12:18:48.018057 (647353) main____ INFO    ----------------------------------------
2026-03-02 12:18:48.019244 (647353) lic_core INFO    Initializing license system ...
2026-03-02 12:18:48.022283 (647353) lic_core INFO    ... license system initialized.
2026-03-02 12:18:48.034688 (647353) lic__man INFO    Claim 'main' for <ui>.
2026-03-02 12:18:48.034730 (647353) lic_core INFO    (1) checking out 'jasper_interactive' ...
2026-03-02 12:18:48.047721 (647353) lic_core INFO    ... (1) checkout succeeded
2026-03-02 12:18:48.047788 (647353) lic__man INFO    Claim 'fpv' for <ui>.
2026-03-02 12:18:48.047811 (647353) lic_core INFO    (2) checking out 'jasper_fpv' ...
2026-03-02 12:18:48.051658 (647353) lic_core INFO    ... (2) checkout failed (error: -5) ("FLEXnet ERROR(-5, 0, 0): No such feature exists.")
2026-03-02 12:18:48.051702 (647353) lic_core INFO    (3) checking out 'jasper_fao' ...
2026-03-02 12:18:48.062616 (647353) lic_core INFO    ... (3) checkout succeeded
2026-03-02 12:18:48.065025 (647364) stdio___ INFO    Starting STDIN reader (tty: yes, tty name: '/dev/pts/0')
2026-03-02 12:18:48.065179 (647353) main____ INFO    Tool inactivity delay is 480000 ms.
2026-03-02 12:18:48.108976 (647353) session_ INFO    Starting analysis session with session id 'session_0' (launcher: <local>) ...
2026-03-02 12:18:48.110770 (647353) session_ INFO    Analysis session with session id 'session_0' started (pid: 647365)
2026-03-02 12:18:49.183651 (647353) session_ INFO    Analysis session 'session_0' connected to the console (host: 127.0.0.1:44894)
2026-03-02 12:18:52.245000 (647353) lic__man INFO    Unclaim everything for 'session_0'.
2026-03-02 12:18:52.445632 (647353) lic__man INFO    Claim 'fpv' for 'session_0'.
2026-03-02 12:18:52.445683 (647353) lic__man INFO    Claim 'fpv' for 'session_0/prove-0'.
2026-03-02 12:18:59.733820 (647353) lic__man INFO    Unclaim everything for 'session_0/prove-0'.
2026-03-02 12:18:59.776931 (647353) main____ INFO    About to exit: request to exit with status 0 received from analysis session 'session_0'
2026-03-02 12:18:59.919845 (647353) session_ INFO    Analysis session 'session_0' disconnected.
2026-03-02 12:18:59.919977 (647353) lic__man INFO    Unclaim everything for 'session_0'.
2026-03-02 12:18:59.920216 (647353) session_ INFO    Process for analysis session 'session_0' has exited with exit status '0'.
2026-03-02 12:19:01.884350 (647364) stdio___ INFO    STDIN reader requested to stop.
2026-03-02 12:19:01.884422 (647364) stdio___ INFO    STDIN reader stopped.
2026-03-02 12:19:01.884757 (647353) lic_core INFO    (1) checkin jasper_interactive
2026-03-02 12:19:01.885932 (647353) lic_core INFO    (3) checkin jasper_fao
2026-03-02 12:19:01.887341 (647353) main____ INFO    Exiting with status 0.
