2026-03-01 01:46:17.752913 (3882177) main____ INFO    ----------------------------------------
2026-03-01 01:46:17.752999 (3882177) main____ INFO    Jasper version info
2026-03-01 01:46:17.753017 (3882177) main____ INFO      tool      : Jasper 2023.12
2026-03-01 01:46:17.753035 (3882177) main____ INFO      version   : 2023.12p001 64 bits
2026-03-01 01:46:17.753051 (3882177) main____ INFO      build date: 2024.01.23 16:09:24 UTC
2026-03-01 01:46:17.753063 (3882177) main____ INFO    ----------------------------------------
2026-03-01 01:46:17.753075 (3882177) main____ INFO    Runtime info:
2026-03-01 01:46:17.753088 (3882177) main____ INFO      platform  : Linux 4.18.0-553.89.1.el8_10.x86_64 x86_64
2026-03-01 01:46:17.753109 (3882177) main____ INFO      hostname  : caddy12.stanford.edu
2026-03-01 01:46:17.753127 (3882177) main____ INFO      pid       : 3882177
2026-03-01 01:46:17.753140 (3882177) main____ INFO      arguments : '-style' 'windows' '-allow_unsupported_OS' '-no_gui' '-fpv' './synthlc/i_LW_out/xCoverAPerflocDiv/7_.tcl' '-proj' './synthlc/i_LW_out/xCoverAPerflocDiv/7_jgsession_26-03-01-01_46_17'
2026-03-01 01:46:17.753158 (3882177) main____ INFO      locale    : UTF-8
2026-03-01 01:46:17.753171 (3882177) main____ INFO    ----------------------------------------
2026-03-01 01:46:17.753182 (3882177) main____ INFO    System resource limits info:
2026-03-01 01:46:17.754205 (3882177) main____ INFO      virtual memory: unlimited
2026-03-01 01:46:17.754222 (3882177) main____ INFO      cpu time      : unlimited
2026-03-01 01:46:17.754242 (3882177) main____ INFO      processes     : 4096
2026-03-01 01:46:17.754262 (3882177) main____ INFO      stack size    : 8388608 B
2026-03-01 01:46:17.754279 (3882177) main____ INFO      core file size: 0 B
2026-03-01 01:46:17.754295 (3882177) main____ INFO      open files    : 4096
2026-03-01 01:46:17.754309 (3882177) main____ INFO      file size     : unlimited
2026-03-01 01:46:17.754322 (3882177) main____ INFO    ----------------------------------------
2026-03-01 01:46:17.754333 (3882177) main____ INFO    Memory statistics:
2026-03-01 01:46:17.754348 (3882177) main____ INFO      total physical memory  : 98449088 kB
2026-03-01 01:46:17.754362 (3882177) main____ INFO      free physical memory   : 87410404 kB
2026-03-01 01:46:17.754376 (3882177) main____ INFO      committed address space: 6935452 kB
2026-03-01 01:46:17.754388 (3882177) main____ INFO    ----------------------------------------
2026-03-01 01:46:17.755554 (3882177) main____ INFO    Important environment variables:
2026-03-01 01:46:17.756118 (3882177) main____ INFO      CDS_LIC_FILE       : '5280@cadlic0'
2026-03-01 01:46:17.756136 (3882177) main____ INFO      DISPLAY            : 'localhost:12.0'
2026-03-01 01:46:17.756150 (3882177) main____ INFO      JASPER_INSTALL_DIR : '/cad/cadence/jasper_2023.12p001'
2026-03-01 01:46:17.756165 (3882177) main____ INFO      JASPER_KERNEL_CHECK: '1'
2026-03-01 01:46:17.756179 (3882177) main____ INFO      JASPER_OS_CHECK    : '0'
2026-03-01 01:46:17.756194 (3882177) main____ INFO      LANG               : 'zh_TW.UTF-8'
2026-03-01 01:46:17.756206 (3882177) main____ INFO    ----------------------------------------
2026-03-01 01:46:17.757325 (3882177) lic_core INFO    Initializing license system ...
2026-03-01 01:46:17.760322 (3882177) lic_core INFO    ... license system initialized.
2026-03-01 01:46:17.772268 (3882177) lic__man INFO    Claim 'main' for <ui>.
2026-03-01 01:46:17.772321 (3882177) lic_core INFO    (1) checking out 'jasper_interactive' ...
2026-03-01 01:46:17.785544 (3882177) lic_core INFO    ... (1) checkout succeeded
2026-03-01 01:46:17.785616 (3882177) lic__man INFO    Claim 'fpv' for <ui>.
2026-03-01 01:46:17.785639 (3882177) lic_core INFO    (2) checking out 'jasper_fpv' ...
2026-03-01 01:46:17.790266 (3882177) lic_core INFO    ... (2) checkout failed (error: -5) ("FLEXnet ERROR(-5, 0, 0): No such feature exists.")
2026-03-01 01:46:17.790307 (3882177) lic_core INFO    (3) checking out 'jasper_fao' ...
2026-03-01 01:46:17.801376 (3882177) lic_core INFO    ... (3) checkout succeeded
2026-03-01 01:46:17.802421 (3882177) main____ INFO    Tool inactivity delay is 480000 ms.
2026-03-01 01:46:17.803145 (3882188) stdio___ INFO    Starting STDIN reader (tty: yes, tty name: '/dev/pts/0')
2026-03-01 01:46:17.843587 (3882177) session_ INFO    Starting analysis session with session id 'session_0' (launcher: <local>) ...
2026-03-01 01:46:17.845614 (3882177) session_ INFO    Analysis session with session id 'session_0' started (pid: 3882189)
2026-03-01 01:46:18.941802 (3882177) session_ INFO    Analysis session 'session_0' connected to the console (host: 127.0.0.1:34238)
2026-03-01 01:46:22.044770 (3882177) lic__man INFO    Unclaim everything for 'session_0'.
2026-03-01 02:01:26.406962 (3882177) lic__man INFO    Unclaim everything for 'session_0/prove-0'.
2026-03-01 02:01:26.452866 (3882177) main____ INFO    About to exit: request to exit with status 0 received from analysis session 'session_0'
2026-03-01 02:01:26.589352 (3882177) session_ INFO    Analysis session 'session_0' disconnected.
2026-03-01 02:01:26.589605 (3882177) lic__man INFO    Unclaim everything for 'session_0'.
2026-03-01 02:01:26.589863 (3882177) session_ INFO    Process for analysis session 'session_0' has exited with exit status '0'.
2026-03-01 02:01:28.392859 (3882188) stdio___ INFO    STDIN reader requested to stop.
2026-03-01 02:01:28.392904 (3882188) stdio___ INFO    STDIN reader stopped.
2026-03-01 02:01:28.393142 (3882177) lic_core INFO    (1) checkin jasper_interactive
2026-03-01 02:01:28.394839 (3882177) lic_core INFO    (3) checkin jasper_fao
2026-03-01 02:01:28.395938 (3882177) main____ INFO    Exiting with status 0.
