2026-02-27 15:53:59.227757 (3165964) main____ INFO    ----------------------------------------
2026-02-27 15:53:59.227833 (3165964) main____ INFO    Jasper version info
2026-02-27 15:53:59.227850 (3165964) main____ INFO      tool      : Jasper 2023.12
2026-02-27 15:53:59.227867 (3165964) main____ INFO      version   : 2023.12p001 64 bits
2026-02-27 15:53:59.227882 (3165964) main____ INFO      build date: 2024.01.23 16:09:24 UTC
2026-02-27 15:53:59.227893 (3165964) main____ INFO    ----------------------------------------
2026-02-27 15:53:59.227905 (3165964) main____ INFO    Runtime info:
2026-02-27 15:53:59.227917 (3165964) main____ INFO      platform  : Linux 4.18.0-553.89.1.el8_10.x86_64 x86_64
2026-02-27 15:53:59.227935 (3165964) main____ INFO      hostname  : caddy12.stanford.edu
2026-02-27 15:53:59.227952 (3165964) main____ INFO      pid       : 3165964
2026-02-27 15:53:59.227965 (3165964) main____ INFO      arguments : '-style' 'windows' '-allow_unsupported_OS' '-no_gui' '-fpv' './synthlc/i_DIV_out/xPairwiseDepDiv/nunv_anytwo_15_.tcl' '-proj' './synthlc/i_DIV_out/xPairwiseDepDiv/nunv_anytwo_15_jgsession_26-02-27-15_53_59'
2026-02-27 15:53:59.227982 (3165964) main____ INFO      locale    : UTF-8
2026-02-27 15:53:59.227993 (3165964) main____ INFO    ----------------------------------------
2026-02-27 15:53:59.228004 (3165964) main____ INFO    System resource limits info:
2026-02-27 15:53:59.228018 (3165964) main____ INFO      virtual memory: unlimited
2026-02-27 15:53:59.228032 (3165964) main____ INFO      cpu time      : unlimited
2026-02-27 15:53:59.228051 (3165964) main____ INFO      processes     : 4096
2026-02-27 15:53:59.228071 (3165964) main____ INFO      stack size    : 8388608 B
2026-02-27 15:53:59.228087 (3165964) main____ INFO      core file size: 0 B
2026-02-27 15:53:59.229001 (3165964) main____ INFO      open files    : 4096
2026-02-27 15:53:59.229016 (3165964) main____ INFO      file size     : unlimited
2026-02-27 15:53:59.229029 (3165964) main____ INFO    ----------------------------------------
2026-02-27 15:53:59.229040 (3165964) main____ INFO    Memory statistics:
2026-02-27 15:53:59.229053 (3165964) main____ INFO      total physical memory  : 98449088 kB
2026-02-27 15:53:59.229066 (3165964) main____ INFO      free physical memory   : 78774712 kB
2026-02-27 15:53:59.229080 (3165964) main____ INFO      committed address space: 2571164 kB
2026-02-27 15:53:59.229092 (3165964) main____ INFO    ----------------------------------------
2026-02-27 15:53:59.230234 (3165964) main____ INFO    Important environment variables:
2026-02-27 15:53:59.230937 (3165964) main____ INFO      CDS_LIC_FILE       : '5280@cadlic0'
2026-02-27 15:53:59.230954 (3165964) main____ INFO      DISPLAY            : 'localhost:12.0'
2026-02-27 15:53:59.230968 (3165964) main____ INFO      JASPER_INSTALL_DIR : '/cad/cadence/jasper_2023.12p001'
2026-02-27 15:53:59.230982 (3165964) main____ INFO      JASPER_KERNEL_CHECK: '1'
2026-02-27 15:53:59.230996 (3165964) main____ INFO      JASPER_OS_CHECK    : '0'
2026-02-27 15:53:59.231010 (3165964) main____ INFO      LANG               : 'zh_TW.UTF-8'
2026-02-27 15:53:59.231022 (3165964) main____ INFO    ----------------------------------------
2026-02-27 15:53:59.232161 (3165964) lic_core INFO    Initializing license system ...
2026-02-27 15:53:59.233720 (3165964) lic_core INFO    ... license system initialized.
2026-02-27 15:53:59.244830 (3165964) lic__man INFO    Claim 'main' for <ui>.
2026-02-27 15:53:59.244883 (3165964) lic_core INFO    (1) checking out 'jasper_interactive' ...
2026-02-27 15:53:59.256780 (3165964) lic_core INFO    ... (1) checkout succeeded
2026-02-27 15:53:59.256846 (3165964) lic__man INFO    Claim 'fpv' for <ui>.
2026-02-27 15:53:59.256870 (3165964) lic_core INFO    (2) checking out 'jasper_fpv' ...
2026-02-27 15:53:59.260786 (3165964) lic_core INFO    ... (2) checkout failed (error: -5) ("FLEXnet ERROR(-5, 0, 0): No such feature exists.")
2026-02-27 15:53:59.260827 (3165964) lic_core INFO    (3) checking out 'jasper_fao' ...
2026-02-27 15:53:59.272297 (3165964) lic_core INFO    ... (3) checkout succeeded
2026-02-27 15:53:59.273136 (3165977) stdio___ INFO    Starting STDIN reader (tty: yes, tty name: '/dev/pts/0')
2026-02-27 15:53:59.273552 (3165964) main____ INFO    Tool inactivity delay is 480000 ms.
2026-02-27 15:53:59.314871 (3165964) session_ INFO    Starting analysis session with session id 'session_0' (launcher: <local>) ...
2026-02-27 15:53:59.316541 (3165964) session_ INFO    Analysis session with session id 'session_0' started (pid: 3165978)
2026-02-27 15:54:00.686096 (3165964) session_ INFO    Analysis session 'session_0' connected to the console (host: 127.0.0.1:34578)
2026-02-27 15:54:04.513197 (3165964) lic__man INFO    Unclaim everything for 'session_0'.
2026-02-27 15:54:04.712774 (3165964) lic__man INFO    Claim 'fpv' for 'session_0'.
2026-02-27 15:54:04.712816 (3165964) lic__man INFO    Claim 'fpv' for 'session_0/prove-0'.
2026-02-27 15:54:06.485355 (3165964) lic__man INFO    Unclaim everything for 'session_0/prove-0'.
2026-02-27 15:54:06.526861 (3165964) main____ INFO    About to exit: request to exit with status 0 received from analysis session 'session_0'
2026-02-27 15:54:06.670056 (3165964) session_ INFO    Analysis session 'session_0' disconnected.
2026-02-27 15:54:06.670258 (3165964) lic__man INFO    Unclaim everything for 'session_0'.
2026-02-27 15:54:06.670447 (3165964) session_ INFO    Process for analysis session 'session_0' has exited with exit status '0'.
2026-02-27 15:54:08.435091 (3165977) stdio___ INFO    STDIN reader requested to stop.
2026-02-27 15:54:08.435131 (3165977) stdio___ INFO    STDIN reader stopped.
2026-02-27 15:54:08.435420 (3165964) lic_core INFO    (1) checkin jasper_interactive
2026-02-27 15:54:08.436325 (3165964) lic_core INFO    (3) checkin jasper_fao
2026-02-27 15:54:08.437409 (3165964) main____ INFO    Exiting with status 0.
