2026-02-25 16:55:27.465848 (3327760) main____ INFO    ----------------------------------------
2026-02-25 16:55:27.465949 (3327760) main____ INFO    Jasper version info
2026-02-25 16:55:27.465966 (3327760) main____ INFO      tool      : Jasper 2023.12
2026-02-25 16:55:27.465982 (3327760) main____ INFO      version   : 2023.12p001 64 bits
2026-02-25 16:55:27.465995 (3327760) main____ INFO      build date: 2024.01.23 16:09:24 UTC
2026-02-25 16:55:27.466006 (3327760) main____ INFO    ----------------------------------------
2026-02-25 16:55:27.466015 (3327760) main____ INFO    Runtime info:
2026-02-25 16:55:27.466026 (3327760) main____ INFO      platform  : Linux 4.18.0-553.89.1.el8_10.x86_64 x86_64
2026-02-25 16:55:27.466046 (3327760) main____ INFO      hostname  : caddy15.stanford.edu
2026-02-25 16:55:27.466062 (3327760) main____ INFO      pid       : 3327760
2026-02-25 16:55:27.466074 (3327760) main____ INFO      arguments : '-style' 'windows' '-allow_unsupported_OS' '-no_gui' '-fpv' './synthlc/i_DIV_out/xHBPerfG_dfg_v3_div/WHB_387_.tcl' '-proj' './synthlc/i_DIV_out/xHBPerfG_dfg_v3_div/WHB_387_jgsession_26-02-25-16_55_26'
2026-02-25 16:55:27.466093 (3327760) main____ INFO      locale    : UTF-8
2026-02-25 16:55:27.466103 (3327760) main____ INFO    ----------------------------------------
2026-02-25 16:55:27.466113 (3327760) main____ INFO    System resource limits info:
2026-02-25 16:55:27.466126 (3327760) main____ INFO      virtual memory: unlimited
2026-02-25 16:55:27.466139 (3327760) main____ INFO      cpu time      : unlimited
2026-02-25 16:55:27.466158 (3327760) main____ INFO      processes     : 4096
2026-02-25 16:55:27.466180 (3327760) main____ INFO      stack size    : 8388608 B
2026-02-25 16:55:27.466195 (3327760) main____ INFO      core file size: 0 B
2026-02-25 16:55:27.466208 (3327760) main____ INFO      open files    : 4096
2026-02-25 16:55:27.466221 (3327760) main____ INFO      file size     : unlimited
2026-02-25 16:55:27.466231 (3327760) main____ INFO    ----------------------------------------
2026-02-25 16:55:27.466240 (3327760) main____ INFO    Memory statistics:
2026-02-25 16:55:27.466252 (3327760) main____ INFO      total physical memory  : 98449092 kB
2026-02-25 16:55:27.466263 (3327760) main____ INFO      free physical memory   : 81516708 kB
2026-02-25 16:55:27.466275 (3327760) main____ INFO      committed address space: 2641064 kB
2026-02-25 16:55:27.466285 (3327760) main____ INFO    ----------------------------------------
2026-02-25 16:55:27.467480 (3327760) main____ INFO    Important environment variables:
2026-02-25 16:55:27.467508 (3327760) main____ INFO      CDS_LIC_FILE       : '5280@cadlic0'
2026-02-25 16:55:27.467521 (3327760) main____ INFO      JASPER_INSTALL_DIR : '/cad/cadence/jasper_2023.12p001'
2026-02-25 16:55:27.467534 (3327760) main____ INFO      JASPER_KERNEL_CHECK: '1'
2026-02-25 16:55:27.467546 (3327760) main____ INFO      JASPER_OS_CHECK    : '0'
2026-02-25 16:55:27.467559 (3327760) main____ INFO      LANG               : 'en_US.UTF-8'
2026-02-25 16:55:27.467569 (3327760) main____ INFO    ----------------------------------------
2026-02-25 16:55:27.479458 (3327760) lic_core INFO    Initializing license system ...
2026-02-25 16:55:27.503637 (3327760) lic_core INFO    ... license system initialized.
2026-02-25 16:55:27.673629 (3327760) lic__man INFO    Claim 'main' for <ui>.
2026-02-25 16:55:27.673699 (3327760) lic_core INFO    (1) checking out 'jasper_interactive' ...
2026-02-25 16:55:27.758575 (3327760) lic_core INFO    ... (1) checkout succeeded
2026-02-25 16:55:27.758679 (3327760) lic__man INFO    Claim 'fpv' for <ui>.
2026-02-25 16:55:27.758706 (3327760) lic_core INFO    (2) checking out 'jasper_fpv' ...
2026-02-25 16:55:27.826781 (3327760) lic_core INFO    ... (2) checkout failed (error: -5) ("FLEXnet ERROR(-5, 0, 0): No such feature exists.")
2026-02-25 16:55:27.826840 (3327760) lic_core INFO    (3) checking out 'jasper_fao' ...
2026-02-25 16:55:27.916619 (3327760) lic_core INFO    ... (3) checkout succeeded
2026-02-25 16:55:27.928231 (3327760) main____ INFO    Tool inactivity delay is 480000 ms.
2026-02-25 16:55:27.936530 (3327802) stdio___ INFO    Starting STDIN reader (tty: yes, tty name: '/dev/pts/0')
2026-02-25 16:55:28.245626 (3327760) session_ INFO    Starting analysis session with session id 'session_0' (launcher: <local>) ...
2026-02-25 16:55:28.247667 (3327760) session_ INFO    Analysis session with session id 'session_0' started (pid: 3327807)
2026-02-25 16:55:29.841833 (3327760) session_ INFO    Analysis session 'session_0' connected to the console (host: 127.0.0.1:48710)
2026-02-25 16:55:34.457540 (3327760) lic__man INFO    Unclaim everything for 'session_0'.
2026-02-25 16:55:34.820765 (3327760) lic__man INFO    Claim 'fpv' for 'session_0'.
2026-02-25 16:55:34.820810 (3327760) lic__man INFO    Claim 'fpv' for 'session_0/prove-0'.
2026-02-25 16:55:42.001659 (3327760) lic__man INFO    Unclaim everything for 'session_0/prove-0'.
2026-02-25 16:55:42.043437 (3327760) main____ INFO    About to exit: request to exit with status 0 received from analysis session 'session_0'
2026-02-25 16:55:42.197134 (3327760) session_ INFO    Analysis session 'session_0' disconnected.
2026-02-25 16:55:42.197346 (3327760) lic__man INFO    Unclaim everything for 'session_0'.
2026-02-25 16:55:42.197547 (3327760) session_ INFO    Process for analysis session 'session_0' has exited with exit status '0'.
2026-02-25 16:55:43.950269 (3327802) stdio___ INFO    STDIN reader requested to stop.
2026-02-25 16:55:43.950322 (3327802) stdio___ INFO    STDIN reader stopped.
2026-02-25 16:55:43.950539 (3327760) lic_core INFO    (1) checkin jasper_interactive
2026-02-25 16:55:43.951593 (3327760) lic_core INFO    (3) checkin jasper_fao
2026-02-25 16:55:43.953073 (3327760) main____ INFO    Exiting with status 0.
