2026-02-27 23:16:56.014987 (440211) main____ INFO    ----------------------------------------
2026-02-27 23:16:56.015064 (440211) main____ INFO    Jasper version info
2026-02-27 23:16:56.015079 (440211) main____ INFO      tool      : Jasper 2023.12
2026-02-27 23:16:56.015092 (440211) main____ INFO      version   : 2023.12p001 64 bits
2026-02-27 23:16:56.015105 (440211) main____ INFO      build date: 2024.01.23 16:09:24 UTC
2026-02-27 23:16:56.015114 (440211) main____ INFO    ----------------------------------------
2026-02-27 23:16:56.015123 (440211) main____ INFO    Runtime info:
2026-02-27 23:16:56.015133 (440211) main____ INFO      platform  : Linux 4.18.0-553.89.1.el8_10.x86_64 x86_64
2026-02-27 23:16:56.015149 (440211) main____ INFO      hostname  : caddy10.stanford.edu
2026-02-27 23:16:56.015164 (440211) main____ INFO      pid       : 440211
2026-02-27 23:16:56.015175 (440211) main____ INFO      arguments : '-style' 'windows' '-allow_unsupported_OS' '-no_gui' '-fpv' './synthlc/i_DIV_out/xPairwiseDepDiv/exclusive_55_.tcl' '-proj' './synthlc/i_DIV_out/xPairwiseDepDiv/exclusive_55_jgsession_26-02-27-23_16_55'
2026-02-27 23:16:56.015189 (440211) main____ INFO      locale    : UTF-8
2026-02-27 23:16:56.015199 (440211) main____ INFO    ----------------------------------------
2026-02-27 23:16:56.015208 (440211) main____ INFO    System resource limits info:
2026-02-27 23:16:56.015219 (440211) main____ INFO      virtual memory: unlimited
2026-02-27 23:16:56.015231 (440211) main____ INFO      cpu time      : unlimited
2026-02-27 23:16:56.015247 (440211) main____ INFO      processes     : 4096
2026-02-27 23:16:56.015267 (440211) main____ INFO      stack size    : 8388608 B
2026-02-27 23:16:56.015281 (440211) main____ INFO      core file size: 0 B
2026-02-27 23:16:56.015293 (440211) main____ INFO      open files    : 4096
2026-02-27 23:16:56.015305 (440211) main____ INFO      file size     : unlimited
2026-02-27 23:16:56.015314 (440211) main____ INFO    ----------------------------------------
2026-02-27 23:16:56.015323 (440211) main____ INFO    Memory statistics:
2026-02-27 23:16:56.015334 (440211) main____ INFO      total physical memory  : 98449096 kB
2026-02-27 23:16:56.015345 (440211) main____ INFO      free physical memory   : 91007604 kB
2026-02-27 23:16:56.015356 (440211) main____ INFO      committed address space: 1206016 kB
2026-02-27 23:16:56.015365 (440211) main____ INFO    ----------------------------------------
2026-02-27 23:16:56.016482 (440211) main____ INFO    Important environment variables:
2026-02-27 23:16:56.016504 (440211) main____ INFO      CDS_LIC_FILE       : '5280@cadlic0'
2026-02-27 23:16:56.016516 (440211) main____ INFO      JASPER_INSTALL_DIR : '/cad/cadence/jasper_2023.12p001'
2026-02-27 23:16:56.016527 (440211) main____ INFO      JASPER_KERNEL_CHECK: '1'
2026-02-27 23:16:56.016538 (440211) main____ INFO      JASPER_OS_CHECK    : '0'
2026-02-27 23:16:56.016550 (440211) main____ INFO      LANG               : 'en_US.UTF-8'
2026-02-27 23:16:56.016559 (440211) main____ INFO    ----------------------------------------
2026-02-27 23:16:56.017716 (440211) lic_core INFO    Initializing license system ...
2026-02-27 23:16:56.021577 (440211) lic_core INFO    ... license system initialized.
2026-02-27 23:16:56.041746 (440211) lic__man INFO    Claim 'main' for <ui>.
2026-02-27 23:16:56.041795 (440211) lic_core INFO    (1) checking out 'jasper_interactive' ...
2026-02-27 23:16:56.053166 (440211) lic_core INFO    ... (1) checkout succeeded
2026-02-27 23:16:56.053214 (440211) lic__man INFO    Claim 'fpv' for <ui>.
2026-02-27 23:16:56.053233 (440211) lic_core INFO    (2) checking out 'jasper_fpv' ...
2026-02-27 23:16:56.057029 (440211) lic_core INFO    ... (2) checkout failed (error: -5) ("FLEXnet ERROR(-5, 0, 0): No such feature exists.")
2026-02-27 23:16:56.057073 (440211) lic_core INFO    (3) checking out 'jasper_fao' ...
2026-02-27 23:16:56.067773 (440211) lic_core INFO    ... (3) checkout succeeded
2026-02-27 23:16:56.071117 (440246) stdio___ INFO    Starting STDIN reader (tty: yes, tty name: '/dev/pts/5')
2026-02-27 23:16:56.071289 (440211) main____ INFO    Tool inactivity delay is 480000 ms.
2026-02-27 23:16:56.111855 (440211) session_ INFO    Starting analysis session with session id 'session_0' (launcher: <local>) ...
2026-02-27 23:16:56.113650 (440211) session_ INFO    Analysis session with session id 'session_0' started (pid: 440248)
2026-02-27 23:16:57.340174 (440211) session_ INFO    Analysis session 'session_0' connected to the console (host: 127.0.0.1:38284)
2026-02-27 23:17:00.595347 (440211) lic__man INFO    Unclaim everything for 'session_0'.
2026-02-27 23:17:00.790828 (440211) lic__man INFO    Claim 'fpv' for 'session_0'.
2026-02-27 23:17:00.790860 (440211) lic__man INFO    Claim 'fpv' for 'session_0/prove-0'.
2026-02-27 23:17:08.688206 (440211) lic__man INFO    Unclaim everything for 'session_0/prove-0'.
2026-02-27 23:17:08.730185 (440211) main____ INFO    About to exit: request to exit with status 0 received from analysis session 'session_0'
2026-02-27 23:17:08.869328 (440211) session_ INFO    Analysis session 'session_0' disconnected.
2026-02-27 23:17:08.869510 (440211) lic__man INFO    Unclaim everything for 'session_0'.
2026-02-27 23:17:08.869691 (440211) session_ INFO    Process for analysis session 'session_0' has exited with exit status '0'.
2026-02-27 23:17:10.837303 (440246) stdio___ INFO    STDIN reader requested to stop.
2026-02-27 23:17:10.837353 (440246) stdio___ INFO    STDIN reader stopped.
2026-02-27 23:17:10.837737 (440211) lic_core INFO    (1) checkin jasper_interactive
2026-02-27 23:17:10.838610 (440211) lic_core INFO    (3) checkin jasper_fao
2026-02-27 23:17:10.839553 (440211) main____ INFO    Exiting with status 0.
