2026-02-28 23:07:41.250090 (1095560) main____ INFO    ----------------------------------------
2026-02-28 23:07:41.250164 (1095560) main____ INFO    Jasper version info
2026-02-28 23:07:41.250180 (1095560) main____ INFO      tool      : Jasper 2023.12
2026-02-28 23:07:41.250194 (1095560) main____ INFO      version   : 2023.12p001 64 bits
2026-02-28 23:07:41.250208 (1095560) main____ INFO      build date: 2024.01.23 16:09:24 UTC
2026-02-28 23:07:41.250218 (1095560) main____ INFO    ----------------------------------------
2026-02-28 23:07:41.250227 (1095560) main____ INFO    Runtime info:
2026-02-28 23:07:41.250238 (1095560) main____ INFO      platform  : Linux 4.18.0-553.89.1.el8_10.x86_64 x86_64
2026-02-28 23:07:41.250257 (1095560) main____ INFO      hostname  : caddy15.stanford.edu
2026-02-28 23:07:41.250272 (1095560) main____ INFO      pid       : 1095560
2026-02-28 23:07:41.250284 (1095560) main____ INFO      arguments : '-style' 'windows' '-allow_unsupported_OS' '-no_gui' '-fpv' './synthlc/i_BEQ_out/xHBPerfG_dfg_v3_div/HB_107_.tcl' '-proj' './synthlc/i_BEQ_out/xHBPerfG_dfg_v3_div/HB_107_jgsession_26-02-28-23_07_41'
2026-02-28 23:07:41.250320 (1095560) main____ INFO      locale    : UTF-8
2026-02-28 23:07:41.250331 (1095560) main____ INFO    ----------------------------------------
2026-02-28 23:07:41.250340 (1095560) main____ INFO    System resource limits info:
2026-02-28 23:07:41.250353 (1095560) main____ INFO      virtual memory: unlimited
2026-02-28 23:07:41.250365 (1095560) main____ INFO      cpu time      : unlimited
2026-02-28 23:07:41.250382 (1095560) main____ INFO      processes     : 4096
2026-02-28 23:07:41.250401 (1095560) main____ INFO      stack size    : 8388608 B
2026-02-28 23:07:41.250415 (1095560) main____ INFO      core file size: 0 B
2026-02-28 23:07:41.250428 (1095560) main____ INFO      open files    : 4096
2026-02-28 23:07:41.250440 (1095560) main____ INFO      file size     : unlimited
2026-02-28 23:07:41.250450 (1095560) main____ INFO    ----------------------------------------
2026-02-28 23:07:41.250459 (1095560) main____ INFO    Memory statistics:
2026-02-28 23:07:41.250471 (1095560) main____ INFO      total physical memory  : 98449092 kB
2026-02-28 23:07:41.250482 (1095560) main____ INFO      free physical memory   : 80001368 kB
2026-02-28 23:07:41.250493 (1095560) main____ INFO      committed address space: 1648840 kB
2026-02-28 23:07:41.250503 (1095560) main____ INFO    ----------------------------------------
2026-02-28 23:07:41.251658 (1095560) main____ INFO    Important environment variables:
2026-02-28 23:07:41.251682 (1095560) main____ INFO      CDS_LIC_FILE       : '5280@cadlic0'
2026-02-28 23:07:41.251695 (1095560) main____ INFO      JASPER_INSTALL_DIR : '/cad/cadence/jasper_2023.12p001'
2026-02-28 23:07:41.251707 (1095560) main____ INFO      JASPER_KERNEL_CHECK: '1'
2026-02-28 23:07:41.251719 (1095560) main____ INFO      JASPER_OS_CHECK    : '0'
2026-02-28 23:07:41.251731 (1095560) main____ INFO      LANG               : 'en_US.UTF-8'
2026-02-28 23:07:41.251741 (1095560) main____ INFO    ----------------------------------------
2026-02-28 23:07:41.252839 (1095560) lic_core INFO    Initializing license system ...
2026-02-28 23:07:41.254362 (1095560) lic_core INFO    ... license system initialized.
2026-02-28 23:07:41.265544 (1095560) lic__man INFO    Claim 'main' for <ui>.
2026-02-28 23:07:41.265602 (1095560) lic_core INFO    (1) checking out 'jasper_interactive' ...
2026-02-28 23:07:41.278061 (1095560) lic_core INFO    ... (1) checkout succeeded
2026-02-28 23:07:41.278123 (1095560) lic__man INFO    Claim 'fpv' for <ui>.
2026-02-28 23:07:41.278145 (1095560) lic_core INFO    (2) checking out 'jasper_fpv' ...
2026-02-28 23:07:41.282154 (1095560) lic_core INFO    ... (2) checkout failed (error: -5) ("FLEXnet ERROR(-5, 0, 0): No such feature exists.")
2026-02-28 23:07:41.282187 (1095560) lic_core INFO    (3) checking out 'jasper_fao' ...
2026-02-28 23:07:41.293156 (1095560) lic_core INFO    ... (3) checkout succeeded
2026-02-28 23:07:41.294147 (1095572) stdio___ INFO    Starting STDIN reader (tty: yes, tty name: '/dev/pts/0')
2026-02-28 23:07:41.294320 (1095560) main____ INFO    Tool inactivity delay is 480000 ms.
2026-02-28 23:07:41.335973 (1095560) session_ INFO    Starting analysis session with session id 'session_0' (launcher: <local>) ...
2026-02-28 23:07:41.337837 (1095560) session_ INFO    Analysis session with session id 'session_0' started (pid: 1095573)
2026-02-28 23:07:42.492807 (1095560) session_ INFO    Analysis session 'session_0' connected to the console (host: 127.0.0.1:50122)
2026-02-28 23:07:46.361263 (1095560) lic__man INFO    Unclaim everything for 'session_0'.
2026-02-28 23:07:46.569027 (1095560) lic__man INFO    Claim 'fpv' for 'session_0'.
2026-02-28 23:07:46.569060 (1095560) lic__man INFO    Claim 'fpv' for 'session_0/prove-0'.
2026-02-28 23:07:47.462359 (1095560) lic__man INFO    Unclaim everything for 'session_0/prove-0'.
2026-02-28 23:07:47.504424 (1095560) main____ INFO    About to exit: request to exit with status 0 received from analysis session 'session_0'
2026-02-28 23:07:47.657477 (1095560) session_ INFO    Analysis session 'session_0' disconnected.
2026-02-28 23:07:47.657619 (1095560) lic__man INFO    Unclaim everything for 'session_0'.
2026-02-28 23:07:47.657866 (1095560) session_ INFO    Process for analysis session 'session_0' has exited with exit status '0'.
2026-02-28 23:07:49.411550 (1095572) stdio___ INFO    STDIN reader requested to stop.
2026-02-28 23:07:49.411595 (1095572) stdio___ INFO    STDIN reader stopped.
2026-02-28 23:07:49.411817 (1095560) lic_core INFO    (1) checkin jasper_interactive
2026-02-28 23:07:49.413174 (1095560) lic_core INFO    (3) checkin jasper_fao
2026-02-28 23:07:49.414227 (1095560) main____ INFO    Exiting with status 0.
