2026-02-27 15:48:27.649667 (3142578) main____ INFO    ----------------------------------------
2026-02-27 15:48:27.649758 (3142578) main____ INFO    Jasper version info
2026-02-27 15:48:27.649774 (3142578) main____ INFO      tool      : Jasper 2023.12
2026-02-27 15:48:27.649789 (3142578) main____ INFO      version   : 2023.12p001 64 bits
2026-02-27 15:48:27.649802 (3142578) main____ INFO      build date: 2024.01.23 16:09:24 UTC
2026-02-27 15:48:27.649813 (3142578) main____ INFO    ----------------------------------------
2026-02-27 15:48:27.649823 (3142578) main____ INFO    Runtime info:
2026-02-27 15:48:27.649834 (3142578) main____ INFO      platform  : Linux 4.18.0-553.89.1.el8_10.x86_64 x86_64
2026-02-27 15:48:27.649850 (3142578) main____ INFO      hostname  : caddy12.stanford.edu
2026-02-27 15:48:27.649865 (3142578) main____ INFO      pid       : 3142578
2026-02-27 15:48:27.649877 (3142578) main____ INFO      arguments : '-style' 'windows' '-allow_unsupported_OS' '-no_gui' '-fpv' './synthlc/i_DIV_out/xPairwiseDepDiv/nunv_anytwo_23_.tcl' '-proj' './synthlc/i_DIV_out/xPairwiseDepDiv/nunv_anytwo_23_jgsession_26-02-27-15_48_27'
2026-02-27 15:48:27.649892 (3142578) main____ INFO      locale    : UTF-8
2026-02-27 15:48:27.649903 (3142578) main____ INFO    ----------------------------------------
2026-02-27 15:48:27.649913 (3142578) main____ INFO    System resource limits info:
2026-02-27 15:48:27.649925 (3142578) main____ INFO      virtual memory: unlimited
2026-02-27 15:48:27.649938 (3142578) main____ INFO      cpu time      : unlimited
2026-02-27 15:48:27.649954 (3142578) main____ INFO      processes     : 4096
2026-02-27 15:48:27.649972 (3142578) main____ INFO      stack size    : 8388608 B
2026-02-27 15:48:27.650895 (3142578) main____ INFO      core file size: 0 B
2026-02-27 15:48:27.650932 (3142578) main____ INFO      open files    : 4096
2026-02-27 15:48:27.650965 (3142578) main____ INFO      file size     : unlimited
2026-02-27 15:48:27.650993 (3142578) main____ INFO    ----------------------------------------
2026-02-27 15:48:27.651020 (3142578) main____ INFO    Memory statistics:
2026-02-27 15:48:27.651052 (3142578) main____ INFO      total physical memory  : 98449088 kB
2026-02-27 15:48:27.651083 (3142578) main____ INFO      free physical memory   : 79120360 kB
2026-02-27 15:48:27.651115 (3142578) main____ INFO      committed address space: 1974840 kB
2026-02-27 15:48:27.651142 (3142578) main____ INFO    ----------------------------------------
2026-02-27 15:48:27.652384 (3142578) main____ INFO    Important environment variables:
2026-02-27 15:48:27.652701 (3142578) main____ INFO      CDS_LIC_FILE       : '5280@cadlic0'
2026-02-27 15:48:27.652741 (3142578) main____ INFO      DISPLAY            : 'localhost:12.0'
2026-02-27 15:48:27.652794 (3142578) main____ INFO      JASPER_INSTALL_DIR : '/cad/cadence/jasper_2023.12p001'
2026-02-27 15:48:27.652827 (3142578) main____ INFO      JASPER_KERNEL_CHECK: '1'
2026-02-27 15:48:27.652860 (3142578) main____ INFO      JASPER_OS_CHECK    : '0'
2026-02-27 15:48:27.652893 (3142578) main____ INFO      LANG               : 'zh_TW.UTF-8'
2026-02-27 15:48:27.652921 (3142578) main____ INFO    ----------------------------------------
2026-02-27 15:48:27.654231 (3142578) lic_core INFO    Initializing license system ...
2026-02-27 15:48:27.656652 (3142578) lic_core INFO    ... license system initialized.
2026-02-27 15:48:27.668216 (3142578) lic__man INFO    Claim 'main' for <ui>.
2026-02-27 15:48:27.668266 (3142578) lic_core INFO    (1) checking out 'jasper_interactive' ...
2026-02-27 15:48:27.680640 (3142578) lic_core INFO    ... (1) checkout succeeded
2026-02-27 15:48:27.680711 (3142578) lic__man INFO    Claim 'fpv' for <ui>.
2026-02-27 15:48:27.680733 (3142578) lic_core INFO    (2) checking out 'jasper_fpv' ...
2026-02-27 15:48:27.684727 (3142578) lic_core INFO    ... (2) checkout failed (error: -5) ("FLEXnet ERROR(-5, 0, 0): No such feature exists.")
2026-02-27 15:48:27.684775 (3142578) lic_core INFO    (3) checking out 'jasper_fao' ...
2026-02-27 15:48:27.695846 (3142578) lic_core INFO    ... (3) checkout succeeded
2026-02-27 15:48:27.696740 (3142589) stdio___ INFO    Starting STDIN reader (tty: yes, tty name: '/dev/pts/0')
2026-02-27 15:48:27.697120 (3142578) main____ INFO    Tool inactivity delay is 480000 ms.
2026-02-27 15:48:27.739554 (3142578) session_ INFO    Starting analysis session with session id 'session_0' (launcher: <local>) ...
2026-02-27 15:48:27.741296 (3142578) session_ INFO    Analysis session with session id 'session_0' started (pid: 3142590)
2026-02-27 15:48:28.816581 (3142578) session_ INFO    Analysis session 'session_0' connected to the console (host: 127.0.0.1:59320)
2026-02-27 15:48:31.833576 (3142578) lic__man INFO    Unclaim everything for 'session_0'.
2026-02-27 15:48:32.034430 (3142578) lic__man INFO    Claim 'fpv' for 'session_0'.
2026-02-27 15:48:32.034470 (3142578) lic__man INFO    Claim 'fpv' for 'session_0/prove-0'.
2026-02-27 15:48:35.268266 (3142578) lic__man INFO    Unclaim everything for 'session_0/prove-0'.
2026-02-27 15:48:35.315856 (3142578) main____ INFO    About to exit: request to exit with status 0 received from analysis session 'session_0'
2026-02-27 15:48:35.535399 (3142578) session_ INFO    Analysis session 'session_0' disconnected.
2026-02-27 15:48:35.535556 (3142578) lic__man INFO    Unclaim everything for 'session_0'.
2026-02-27 15:48:35.535882 (3142578) session_ INFO    Process for analysis session 'session_0' has exited with exit status '0'.
2026-02-27 15:48:37.400567 (3142589) stdio___ INFO    STDIN reader requested to stop.
2026-02-27 15:48:37.400623 (3142589) stdio___ INFO    STDIN reader stopped.
2026-02-27 15:48:37.401601 (3142578) lic_core INFO    (1) checkin jasper_interactive
2026-02-27 15:48:37.403884 (3142578) lic_core INFO    (3) checkin jasper_fao
2026-02-27 15:48:37.412765 (3142578) main____ INFO    Exiting with status 0.
