2026-02-28 23:07:26.660046 (1094916) main____ INFO    ----------------------------------------
2026-02-28 23:07:26.660109 (1094916) main____ INFO    Jasper version info
2026-02-28 23:07:26.660123 (1094916) main____ INFO      tool      : Jasper 2023.12
2026-02-28 23:07:26.660137 (1094916) main____ INFO      version   : 2023.12p001 64 bits
2026-02-28 23:07:26.660150 (1094916) main____ INFO      build date: 2024.01.23 16:09:24 UTC
2026-02-28 23:07:26.660160 (1094916) main____ INFO    ----------------------------------------
2026-02-28 23:07:26.660169 (1094916) main____ INFO    Runtime info:
2026-02-28 23:07:26.660180 (1094916) main____ INFO      platform  : Linux 4.18.0-553.89.1.el8_10.x86_64 x86_64
2026-02-28 23:07:26.660196 (1094916) main____ INFO      hostname  : caddy15.stanford.edu
2026-02-28 23:07:26.660210 (1094916) main____ INFO      pid       : 1094916
2026-02-28 23:07:26.660221 (1094916) main____ INFO      arguments : '-style' 'windows' '-allow_unsupported_OS' '-no_gui' '-fpv' './synthlc/i_BEQ_out/xHBPerfG_dfg_v3_div/HB_53_.tcl' '-proj' './synthlc/i_BEQ_out/xHBPerfG_dfg_v3_div/HB_53_jgsession_26-02-28-23_07_26'
2026-02-28 23:07:26.660236 (1094916) main____ INFO      locale    : UTF-8
2026-02-28 23:07:26.660246 (1094916) main____ INFO    ----------------------------------------
2026-02-28 23:07:26.660256 (1094916) main____ INFO    System resource limits info:
2026-02-28 23:07:26.660268 (1094916) main____ INFO      virtual memory: unlimited
2026-02-28 23:07:26.660280 (1094916) main____ INFO      cpu time      : unlimited
2026-02-28 23:07:26.660296 (1094916) main____ INFO      processes     : 4096
2026-02-28 23:07:26.660314 (1094916) main____ INFO      stack size    : 8388608 B
2026-02-28 23:07:26.660340 (1094916) main____ INFO      core file size: 0 B
2026-02-28 23:07:26.660352 (1094916) main____ INFO      open files    : 4096
2026-02-28 23:07:26.660364 (1094916) main____ INFO      file size     : unlimited
2026-02-28 23:07:26.660374 (1094916) main____ INFO    ----------------------------------------
2026-02-28 23:07:26.660384 (1094916) main____ INFO    Memory statistics:
2026-02-28 23:07:26.660395 (1094916) main____ INFO      total physical memory  : 98449092 kB
2026-02-28 23:07:26.660406 (1094916) main____ INFO      free physical memory   : 79988864 kB
2026-02-28 23:07:26.660417 (1094916) main____ INFO      committed address space: 1772068 kB
2026-02-28 23:07:26.660426 (1094916) main____ INFO    ----------------------------------------
2026-02-28 23:07:26.661535 (1094916) main____ INFO    Important environment variables:
2026-02-28 23:07:26.661557 (1094916) main____ INFO      CDS_LIC_FILE       : '5280@cadlic0'
2026-02-28 23:07:26.661577 (1094916) main____ INFO      JASPER_INSTALL_DIR : '/cad/cadence/jasper_2023.12p001'
2026-02-28 23:07:26.661589 (1094916) main____ INFO      JASPER_KERNEL_CHECK: '1'
2026-02-28 23:07:26.661601 (1094916) main____ INFO      JASPER_OS_CHECK    : '0'
2026-02-28 23:07:26.661613 (1094916) main____ INFO      LANG               : 'en_US.UTF-8'
2026-02-28 23:07:26.661623 (1094916) main____ INFO    ----------------------------------------
2026-02-28 23:07:26.662699 (1094916) lic_core INFO    Initializing license system ...
2026-02-28 23:07:26.665854 (1094916) lic_core INFO    ... license system initialized.
2026-02-28 23:07:26.677386 (1094916) lic__man INFO    Claim 'main' for <ui>.
2026-02-28 23:07:26.677425 (1094916) lic_core INFO    (1) checking out 'jasper_interactive' ...
2026-02-28 23:07:26.689959 (1094916) lic_core INFO    ... (1) checkout succeeded
2026-02-28 23:07:26.690022 (1094916) lic__man INFO    Claim 'fpv' for <ui>.
2026-02-28 23:07:26.690042 (1094916) lic_core INFO    (2) checking out 'jasper_fpv' ...
2026-02-28 23:07:26.694896 (1094916) lic_core INFO    ... (2) checkout failed (error: -5) ("FLEXnet ERROR(-5, 0, 0): No such feature exists.")
2026-02-28 23:07:26.694924 (1094916) lic_core INFO    (3) checking out 'jasper_fao' ...
2026-02-28 23:07:26.706057 (1094916) lic_core INFO    ... (3) checkout succeeded
2026-02-28 23:07:26.707340 (1094916) main____ INFO    Tool inactivity delay is 480000 ms.
2026-02-28 23:07:26.707420 (1094927) stdio___ INFO    Starting STDIN reader (tty: yes, tty name: '/dev/pts/0')
2026-02-28 23:07:26.750999 (1094916) session_ INFO    Starting analysis session with session id 'session_0' (launcher: <local>) ...
2026-02-28 23:07:26.752823 (1094916) session_ INFO    Analysis session with session id 'session_0' started (pid: 1094928)
2026-02-28 23:07:27.867756 (1094916) session_ INFO    Analysis session 'session_0' connected to the console (host: 127.0.0.1:41648)
2026-02-28 23:07:31.086081 (1094916) lic__man INFO    Unclaim everything for 'session_0'.
2026-02-28 23:07:31.332391 (1094916) lic__man INFO    Claim 'fpv' for 'session_0'.
2026-02-28 23:07:31.332433 (1094916) lic__man INFO    Claim 'fpv' for 'session_0/prove-0'.
2026-02-28 23:07:38.888085 (1094916) lic__man INFO    Unclaim everything for 'session_0/prove-0'.
2026-02-28 23:07:38.931449 (1094916) main____ INFO    About to exit: request to exit with status 0 received from analysis session 'session_0'
2026-02-28 23:07:39.086851 (1094916) session_ INFO    Analysis session 'session_0' disconnected.
2026-02-28 23:07:39.086966 (1094916) lic__man INFO    Unclaim everything for 'session_0'.
2026-02-28 23:07:39.087221 (1094916) session_ INFO    Process for analysis session 'session_0' has exited with exit status '0'.
2026-02-28 23:07:40.904288 (1094927) stdio___ INFO    STDIN reader requested to stop.
2026-02-28 23:07:40.904343 (1094927) stdio___ INFO    STDIN reader stopped.
2026-02-28 23:07:40.904599 (1094916) lic_core INFO    (1) checkin jasper_interactive
2026-02-28 23:07:40.905616 (1094916) lic_core INFO    (3) checkin jasper_fao
2026-02-28 23:07:40.906558 (1094916) main____ INFO    Exiting with status 0.
