2026-02-25 18:10:14.240882 (3411821) main____ INFO    ----------------------------------------
2026-02-25 18:10:14.241002 (3411821) main____ INFO    Jasper version info
2026-02-25 18:10:14.241021 (3411821) main____ INFO      tool      : Jasper 2023.12
2026-02-25 18:10:14.241038 (3411821) main____ INFO      version   : 2023.12p001 64 bits
2026-02-25 18:10:14.241054 (3411821) main____ INFO      build date: 2024.01.23 16:09:24 UTC
2026-02-25 18:10:14.241066 (3411821) main____ INFO    ----------------------------------------
2026-02-25 18:10:14.241077 (3411821) main____ INFO    Runtime info:
2026-02-25 18:10:14.241090 (3411821) main____ INFO      platform  : Linux 4.18.0-553.89.1.el8_10.x86_64 x86_64
2026-02-25 18:10:14.241112 (3411821) main____ INFO      hostname  : caddy15.stanford.edu
2026-02-25 18:10:14.241130 (3411821) main____ INFO      pid       : 3411821
2026-02-25 18:10:14.241143 (3411821) main____ INFO      arguments : '-style' 'windows' '-allow_unsupported_OS' '-no_gui' '-fpv' './synthlc/i_DIV_out/xPerfLocCycleCount/over1cyc_29_mult_fsm_s5_.tcl' '-proj' './synthlc/i_DIV_out/xPerfLocCycleCount/over1cyc_29_mult_fsm_s5_jgsession_26-02-25-18_10_13'
2026-02-25 18:10:14.241163 (3411821) main____ INFO      locale    : UTF-8
2026-02-25 18:10:14.241175 (3411821) main____ INFO    ----------------------------------------
2026-02-25 18:10:14.241186 (3411821) main____ INFO    System resource limits info:
2026-02-25 18:10:14.241200 (3411821) main____ INFO      virtual memory: unlimited
2026-02-25 18:10:14.241214 (3411821) main____ INFO      cpu time      : unlimited
2026-02-25 18:10:14.241235 (3411821) main____ INFO      processes     : 4096
2026-02-25 18:10:14.241260 (3411821) main____ INFO      stack size    : 8388608 B
2026-02-25 18:10:14.241277 (3411821) main____ INFO      core file size: 0 B
2026-02-25 18:10:14.241292 (3411821) main____ INFO      open files    : 4096
2026-02-25 18:10:14.241321 (3411821) main____ INFO      file size     : unlimited
2026-02-25 18:10:14.241333 (3411821) main____ INFO    ----------------------------------------
2026-02-25 18:10:14.241344 (3411821) main____ INFO    Memory statistics:
2026-02-25 18:10:14.241358 (3411821) main____ INFO      total physical memory  : 98449092 kB
2026-02-25 18:10:14.241371 (3411821) main____ INFO      free physical memory   : 77504384 kB
2026-02-25 18:10:14.241385 (3411821) main____ INFO      committed address space: 6142500 kB
2026-02-25 18:10:14.241396 (3411821) main____ INFO    ----------------------------------------
2026-02-25 18:10:14.242774 (3411821) main____ INFO    Important environment variables:
2026-02-25 18:10:14.242811 (3411821) main____ INFO      CDS_LIC_FILE       : '5280@cadlic0'
2026-02-25 18:10:14.242827 (3411821) main____ INFO      JASPER_INSTALL_DIR : '/cad/cadence/jasper_2023.12p001'
2026-02-25 18:10:14.242841 (3411821) main____ INFO      JASPER_KERNEL_CHECK: '1'
2026-02-25 18:10:14.242856 (3411821) main____ INFO      JASPER_OS_CHECK    : '0'
2026-02-25 18:10:14.242871 (3411821) main____ INFO      LANG               : 'en_US.UTF-8'
2026-02-25 18:10:14.242882 (3411821) main____ INFO    ----------------------------------------
2026-02-25 18:10:14.244487 (3411821) lic_core INFO    Initializing license system ...
2026-02-25 18:10:14.269021 (3411821) lic_core INFO    ... license system initialized.
2026-02-25 18:10:14.333480 (3411821) lic__man INFO    Claim 'main' for <ui>.
2026-02-25 18:10:14.333552 (3411821) lic_core INFO    (1) checking out 'jasper_interactive' ...
2026-02-25 18:10:14.368274 (3411821) lic_core INFO    ... (1) checkout succeeded
2026-02-25 18:10:14.368399 (3411821) lic__man INFO    Claim 'fpv' for <ui>.
2026-02-25 18:10:14.368432 (3411821) lic_core INFO    (2) checking out 'jasper_fpv' ...
2026-02-25 18:10:14.372661 (3411821) lic_core INFO    ... (2) checkout failed (error: -5) ("FLEXnet ERROR(-5, 0, 0): No such feature exists.")
2026-02-25 18:10:14.372716 (3411821) lic_core INFO    (3) checking out 'jasper_fao' ...
2026-02-25 18:10:14.385216 (3411821) lic_core INFO    ... (3) checkout succeeded
2026-02-25 18:10:14.392101 (3411821) main____ INFO    Tool inactivity delay is 480000 ms.
2026-02-25 18:10:14.392457 (3411838) stdio___ INFO    Starting STDIN reader (tty: yes, tty name: '/dev/pts/0')
2026-02-25 18:10:14.443564 (3411821) session_ INFO    Starting analysis session with session id 'session_0' (launcher: <local>) ...
2026-02-25 18:10:14.445679 (3411821) session_ INFO    Analysis session with session id 'session_0' started (pid: 3411839)
2026-02-25 18:10:16.030168 (3411821) session_ INFO    Analysis session 'session_0' connected to the console (host: 127.0.0.1:45176)
2026-02-25 18:10:25.580410 (3411821) lic__man INFO    Unclaim everything for 'session_0'.
2026-02-25 18:10:26.264946 (3411821) lic__man INFO    Claim 'fpv' for 'session_0'.
2026-02-25 18:10:26.264993 (3411821) lic__man INFO    Claim 'fpv' for 'session_0/prove-0'.
2026-02-25 18:10:29.671437 (3411821) lic__man INFO    Unclaim everything for 'session_0/prove-0'.
2026-02-25 18:10:29.758673 (3411821) main____ INFO    About to exit: request to exit with status 0 received from analysis session 'session_0'
2026-02-25 18:10:30.257585 (3411821) session_ INFO    Analysis session 'session_0' disconnected.
2026-02-25 18:10:30.257748 (3411821) lic__man INFO    Unclaim everything for 'session_0'.
2026-02-25 18:10:30.266554 (3411821) session_ INFO    Process for analysis session 'session_0' has exited with exit status '0'.
2026-02-25 18:10:31.874292 (3411838) stdio___ INFO    STDIN reader requested to stop.
2026-02-25 18:10:31.874361 (3411838) stdio___ INFO    STDIN reader stopped.
2026-02-25 18:10:31.874718 (3411821) lic_core INFO    (1) checkin jasper_interactive
2026-02-25 18:10:31.884554 (3411821) lic_core INFO    (3) checkin jasper_fao
2026-02-25 18:10:31.897009 (3411821) main____ INFO    Exiting with status 0.
