2026-03-01 07:01:03.605914 (4046096) main____ INFO    ----------------------------------------
2026-03-01 07:01:03.606009 (4046096) main____ INFO    Jasper version info
2026-03-01 07:01:03.606026 (4046096) main____ INFO      tool      : Jasper 2023.12
2026-03-01 07:01:03.606042 (4046096) main____ INFO      version   : 2023.12p001 64 bits
2026-03-01 07:01:03.606056 (4046096) main____ INFO      build date: 2024.01.23 16:09:24 UTC
2026-03-01 07:01:03.606067 (4046096) main____ INFO    ----------------------------------------
2026-03-01 07:01:03.606077 (4046096) main____ INFO    Runtime info:
2026-03-01 07:01:03.606088 (4046096) main____ INFO      platform  : Linux 4.18.0-553.89.1.el8_10.x86_64 x86_64
2026-03-01 07:01:03.606108 (4046096) main____ INFO      hostname  : caddy12.stanford.edu
2026-03-01 07:01:03.606124 (4046096) main____ INFO      pid       : 4046096
2026-03-01 07:01:03.606135 (4046096) main____ INFO      arguments : '-style' 'windows' '-allow_unsupported_OS' '-no_gui' '-fpv' './synthlc/i_LW_out/xPairwiseDepDiv/exclusive_111_.tcl' '-proj' './synthlc/i_LW_out/xPairwiseDepDiv/exclusive_111_jgsession_26-03-01-07_01_03'
2026-03-01 07:01:03.606153 (4046096) main____ INFO      locale    : UTF-8
2026-03-01 07:01:03.606163 (4046096) main____ INFO    ----------------------------------------
2026-03-01 07:01:03.606173 (4046096) main____ INFO    System resource limits info:
2026-03-01 07:01:03.606186 (4046096) main____ INFO      virtual memory: unlimited
2026-03-01 07:01:03.606199 (4046096) main____ INFO      cpu time      : unlimited
2026-03-01 07:01:03.606217 (4046096) main____ INFO      processes     : 4096
2026-03-01 07:01:03.606238 (4046096) main____ INFO      stack size    : 8388608 B
2026-03-01 07:01:03.606252 (4046096) main____ INFO      core file size: 0 B
2026-03-01 07:01:03.606266 (4046096) main____ INFO      open files    : 4096
2026-03-01 07:01:03.606278 (4046096) main____ INFO      file size     : unlimited
2026-03-01 07:01:03.606289 (4046096) main____ INFO    ----------------------------------------
2026-03-01 07:01:03.606299 (4046096) main____ INFO    Memory statistics:
2026-03-01 07:01:03.606311 (4046096) main____ INFO      total physical memory  : 98449088 kB
2026-03-01 07:01:03.606323 (4046096) main____ INFO      free physical memory   : 85670960 kB
2026-03-01 07:01:03.606335 (4046096) main____ INFO      committed address space: 8622884 kB
2026-03-01 07:01:03.606345 (4046096) main____ INFO    ----------------------------------------
2026-03-01 07:01:03.607537 (4046096) main____ INFO    Important environment variables:
2026-03-01 07:01:03.609525 (4046096) main____ INFO      CDS_LIC_FILE       : '5280@cadlic0'
2026-03-01 07:01:03.609559 (4046096) main____ INFO      DISPLAY            : 'localhost:12.0'
2026-03-01 07:01:03.609573 (4046096) main____ INFO      JASPER_INSTALL_DIR : '/cad/cadence/jasper_2023.12p001'
2026-03-01 07:01:03.609586 (4046096) main____ INFO      JASPER_KERNEL_CHECK: '1'
2026-03-01 07:01:03.609599 (4046096) main____ INFO      JASPER_OS_CHECK    : '0'
2026-03-01 07:01:03.609624 (4046096) main____ INFO      LANG               : 'zh_TW.UTF-8'
2026-03-01 07:01:03.609637 (4046096) main____ INFO    ----------------------------------------
2026-03-01 07:01:03.611869 (4046096) lic_core INFO    Initializing license system ...
2026-03-01 07:01:03.613617 (4046096) lic_core INFO    ... license system initialized.
2026-03-01 07:01:03.627828 (4046096) lic__man INFO    Claim 'main' for <ui>.
2026-03-01 07:01:03.627901 (4046096) lic_core INFO    (1) checking out 'jasper_interactive' ...
2026-03-01 07:01:03.665535 (4046096) lic_core INFO    ... (1) checkout succeeded
2026-03-01 07:01:03.665650 (4046096) lic__man INFO    Claim 'fpv' for <ui>.
2026-03-01 07:01:03.665690 (4046096) lic_core INFO    (2) checking out 'jasper_fpv' ...
2026-03-01 07:01:03.697960 (4046096) lic_core INFO    ... (2) checkout failed (error: -5) ("FLEXnet ERROR(-5, 0, 0): No such feature exists.")
2026-03-01 07:01:03.698029 (4046096) lic_core INFO    (3) checking out 'jasper_fao' ...
2026-03-01 07:01:03.708890 (4046096) lic_core INFO    ... (3) checkout succeeded
2026-03-01 07:01:03.710399 (4046096) main____ INFO    Tool inactivity delay is 480000 ms.
2026-03-01 07:01:03.718896 (4046157) stdio___ INFO    Starting STDIN reader (tty: yes, tty name: '/dev/pts/0')
2026-03-01 07:01:03.868626 (4046096) session_ INFO    Starting analysis session with session id 'session_0' (launcher: <local>) ...
2026-03-01 07:01:03.870529 (4046096) session_ INFO    Analysis session with session id 'session_0' started (pid: 4046158)
2026-03-01 07:01:05.586182 (4046096) session_ INFO    Analysis session 'session_0' connected to the console (host: 127.0.0.1:57682)
2026-03-01 07:01:12.287934 (4046096) lic__man INFO    Unclaim everything for 'session_0'.
2026-03-01 07:01:12.563288 (4046096) lic__man INFO    Claim 'fpv' for 'session_0'.
2026-03-01 07:01:12.563335 (4046096) lic__man INFO    Claim 'fpv' for 'session_0/prove-0'.
2026-03-01 07:01:19.887983 (4046096) lic__man INFO    Unclaim everything for 'session_0/prove-0'.
2026-03-01 07:01:19.930804 (4046096) main____ INFO    About to exit: request to exit with status 0 received from analysis session 'session_0'
2026-03-01 07:01:20.058779 (4046096) session_ INFO    Analysis session 'session_0' disconnected.
2026-03-01 07:01:20.058993 (4046096) lic__man INFO    Unclaim everything for 'session_0'.
2026-03-01 07:01:20.059178 (4046096) session_ INFO    Process for analysis session 'session_0' has exited with exit status '0'.
2026-03-01 07:01:21.892379 (4046157) stdio___ INFO    STDIN reader requested to stop.
2026-03-01 07:01:21.892460 (4046157) stdio___ INFO    STDIN reader stopped.
2026-03-01 07:01:21.892852 (4046096) lic_core INFO    (1) checkin jasper_interactive
2026-03-01 07:01:21.894617 (4046096) lic_core INFO    (3) checkin jasper_fao
2026-03-01 07:01:21.896466 (4046096) main____ INFO    Exiting with status 0.
