2026-03-02 11:22:47.110367 (611032) main____ INFO    ----------------------------------------
2026-03-02 11:22:47.110462 (611032) main____ INFO    Jasper version info
2026-03-02 11:22:47.110477 (611032) main____ INFO      tool      : Jasper 2023.12
2026-03-02 11:22:47.110492 (611032) main____ INFO      version   : 2023.12p001 64 bits
2026-03-02 11:22:47.110505 (611032) main____ INFO      build date: 2024.01.23 16:09:24 UTC
2026-03-02 11:22:47.110515 (611032) main____ INFO    ----------------------------------------
2026-03-02 11:22:47.110524 (611032) main____ INFO    Runtime info:
2026-03-02 11:22:47.110535 (611032) main____ INFO      platform  : Linux 4.18.0-553.89.1.el8_10.x86_64 x86_64
2026-03-02 11:22:47.110553 (611032) main____ INFO      hostname  : caddy12.stanford.edu
2026-03-02 11:22:47.110568 (611032) main____ INFO      pid       : 611032
2026-03-02 11:22:47.110579 (611032) main____ INFO      arguments : '-style' 'windows' '-allow_unsupported_OS' '-no_gui' '-fpv' './synthlc/i_ADDI_out/xHBPerfG_dfg_v3_div/HB_219_.tcl' '-proj' './synthlc/i_ADDI_out/xHBPerfG_dfg_v3_div/HB_219_jgsession_26-03-02-11_22_45'
2026-03-02 11:22:47.110596 (611032) main____ INFO      locale    : UTF-8
2026-03-02 11:22:47.110606 (611032) main____ INFO    ----------------------------------------
2026-03-02 11:22:47.110615 (611032) main____ INFO    System resource limits info:
2026-03-02 11:22:47.110627 (611032) main____ INFO      virtual memory: unlimited
2026-03-02 11:22:47.110638 (611032) main____ INFO      cpu time      : unlimited
2026-03-02 11:22:47.110656 (611032) main____ INFO      processes     : 4096
2026-03-02 11:22:47.110699 (611032) main____ INFO      stack size    : 8388608 B
2026-03-02 11:22:47.110714 (611032) main____ INFO      core file size: 0 B
2026-03-02 11:22:47.110727 (611032) main____ INFO      open files    : 4096
2026-03-02 11:22:47.110739 (611032) main____ INFO      file size     : unlimited
2026-03-02 11:22:47.110748 (611032) main____ INFO    ----------------------------------------
2026-03-02 11:22:47.110757 (611032) main____ INFO    Memory statistics:
2026-03-02 11:22:47.110769 (611032) main____ INFO      total physical memory  : 98449088 kB
2026-03-02 11:22:47.110780 (611032) main____ INFO      free physical memory   : 82406112 kB
2026-03-02 11:22:47.110791 (611032) main____ INFO      committed address space: 14319828 kB
2026-03-02 11:22:47.110800 (611032) main____ INFO    ----------------------------------------
2026-03-02 11:22:47.111996 (611032) main____ INFO    Important environment variables:
2026-03-02 11:22:47.112020 (611032) main____ INFO      CDS_LIC_FILE       : '5280@cadlic0'
2026-03-02 11:22:47.112033 (611032) main____ INFO      DISPLAY            : 'localhost:12.0'
2026-03-02 11:22:47.112044 (611032) main____ INFO      JASPER_INSTALL_DIR : '/cad/cadence/jasper_2023.12p001'
2026-03-02 11:22:47.112056 (611032) main____ INFO      JASPER_KERNEL_CHECK: '1'
2026-03-02 11:22:47.112068 (611032) main____ INFO      JASPER_OS_CHECK    : '0'
2026-03-02 11:22:47.112079 (611032) main____ INFO      LANG               : 'zh_TW.UTF-8'
2026-03-02 11:22:47.112089 (611032) main____ INFO    ----------------------------------------
2026-03-02 11:22:47.125095 (611032) lic_core INFO    Initializing license system ...
2026-03-02 11:22:47.187822 (611032) lic_core INFO    ... license system initialized.
2026-03-02 11:22:47.360032 (611032) lic__man INFO    Claim 'main' for <ui>.
2026-03-02 11:22:47.360101 (611032) lic_core INFO    (1) checking out 'jasper_interactive' ...
2026-03-02 11:22:47.441056 (611032) lic_core INFO    ... (1) checkout succeeded
2026-03-02 11:22:47.441159 (611032) lic__man INFO    Claim 'fpv' for <ui>.
2026-03-02 11:22:47.441187 (611032) lic_core INFO    (2) checking out 'jasper_fpv' ...
2026-03-02 11:22:47.512148 (611032) lic_core INFO    ... (2) checkout failed (error: -5) ("FLEXnet ERROR(-5, 0, 0): No such feature exists.")
2026-03-02 11:22:47.512207 (611032) lic_core INFO    (3) checking out 'jasper_fao' ...
2026-03-02 11:22:47.597943 (611032) lic_core INFO    ... (3) checkout succeeded
2026-03-02 11:22:47.656602 (611032) main____ INFO    Tool inactivity delay is 480000 ms.
2026-03-02 11:22:47.668932 (611043) stdio___ INFO    Starting STDIN reader (tty: yes, tty name: '/dev/pts/0')
2026-03-02 11:22:48.076824 (611032) session_ INFO    Starting analysis session with session id 'session_0' (launcher: <local>) ...
2026-03-02 11:22:48.078962 (611032) session_ INFO    Analysis session with session id 'session_0' started (pid: 611047)
2026-03-02 11:22:51.547282 (611032) session_ INFO    Analysis session 'session_0' connected to the console (host: 127.0.0.1:51052)
2026-03-02 11:23:01.793954 (611032) lic__man INFO    Unclaim everything for 'session_0'.
2026-03-02 11:23:02.403323 (611032) lic__man INFO    Claim 'fpv' for 'session_0'.
2026-03-02 11:23:02.403368 (611032) lic__man INFO    Claim 'fpv' for 'session_0/prove-0'.
2026-03-02 11:23:06.334000 (611032) lic__man INFO    Unclaim everything for 'session_0/prove-0'.
2026-03-02 11:23:06.366962 (611032) main____ INFO    About to exit: request to exit with status 0 received from analysis session 'session_0'
2026-03-02 11:23:06.953419 (611032) session_ INFO    Analysis session 'session_0' disconnected.
2026-03-02 11:23:06.953569 (611032) lic__man INFO    Unclaim everything for 'session_0'.
2026-03-02 11:23:06.953788 (611032) session_ INFO    Process for analysis session 'session_0' has exited with exit status '0'.
2026-03-02 11:23:08.399359 (611043) stdio___ INFO    STDIN reader requested to stop.
2026-03-02 11:23:08.399415 (611043) stdio___ INFO    STDIN reader stopped.
2026-03-02 11:23:08.399696 (611032) lic_core INFO    (1) checkin jasper_interactive
2026-03-02 11:23:08.402508 (611032) lic_core INFO    (3) checkin jasper_fao
2026-03-02 11:23:08.411352 (611032) main____ INFO    Exiting with status 0.
