2026-02-26 02:01:59.099535 (3634533) main____ INFO    ----------------------------------------
2026-02-26 02:01:59.099624 (3634533) main____ INFO    Jasper version info
2026-02-26 02:01:59.099640 (3634533) main____ INFO      tool      : Jasper 2023.12
2026-02-26 02:01:59.099655 (3634533) main____ INFO      version   : 2023.12p001 64 bits
2026-02-26 02:01:59.099668 (3634533) main____ INFO      build date: 2024.01.23 16:09:24 UTC
2026-02-26 02:01:59.099678 (3634533) main____ INFO    ----------------------------------------
2026-02-26 02:01:59.099687 (3634533) main____ INFO    Runtime info:
2026-02-26 02:01:59.099698 (3634533) main____ INFO      platform  : Linux 4.18.0-553.89.1.el8_10.x86_64 x86_64
2026-02-26 02:01:59.099717 (3634533) main____ INFO      hostname  : caddy15.stanford.edu
2026-02-26 02:01:59.099732 (3634533) main____ INFO      pid       : 3634533
2026-02-26 02:01:59.099744 (3634533) main____ INFO      arguments : '-style' 'windows' '-allow_unsupported_OS' '-no_gui' '-fpv' './synthlc/i_ADDI_out/xPairwiseDepDiv/nunv_anytwo_327_.tcl' '-proj' './synthlc/i_ADDI_out/xPairwiseDepDiv/nunv_anytwo_327_jgsession_26-02-26-02_01_58'
2026-02-26 02:01:59.099761 (3634533) main____ INFO      locale    : UTF-8
2026-02-26 02:01:59.099770 (3634533) main____ INFO    ----------------------------------------
2026-02-26 02:01:59.099780 (3634533) main____ INFO    System resource limits info:
2026-02-26 02:01:59.099792 (3634533) main____ INFO      virtual memory: unlimited
2026-02-26 02:01:59.099804 (3634533) main____ INFO      cpu time      : unlimited
2026-02-26 02:01:59.099823 (3634533) main____ INFO      processes     : 4096
2026-02-26 02:01:59.099842 (3634533) main____ INFO      stack size    : 8388608 B
2026-02-26 02:01:59.099856 (3634533) main____ INFO      core file size: 0 B
2026-02-26 02:01:59.099869 (3634533) main____ INFO      open files    : 4096
2026-02-26 02:01:59.099881 (3634533) main____ INFO      file size     : unlimited
2026-02-26 02:01:59.099890 (3634533) main____ INFO    ----------------------------------------
2026-02-26 02:01:59.099900 (3634533) main____ INFO    Memory statistics:
2026-02-26 02:01:59.099911 (3634533) main____ INFO      total physical memory  : 98449092 kB
2026-02-26 02:01:59.099922 (3634533) main____ INFO      free physical memory   : 75450336 kB
2026-02-26 02:01:59.099934 (3634533) main____ INFO      committed address space: 7981676 kB
2026-02-26 02:01:59.099943 (3634533) main____ INFO    ----------------------------------------
2026-02-26 02:01:59.101149 (3634533) main____ INFO    Important environment variables:
2026-02-26 02:01:59.101176 (3634533) main____ INFO      CDS_LIC_FILE       : '5280@cadlic0'
2026-02-26 02:01:59.101189 (3634533) main____ INFO      JASPER_INSTALL_DIR : '/cad/cadence/jasper_2023.12p001'
2026-02-26 02:01:59.101210 (3634533) main____ INFO      JASPER_KERNEL_CHECK: '1'
2026-02-26 02:01:59.101223 (3634533) main____ INFO      JASPER_OS_CHECK    : '0'
2026-02-26 02:01:59.101235 (3634533) main____ INFO      LANG               : 'en_US.UTF-8'
2026-02-26 02:01:59.101244 (3634533) main____ INFO    ----------------------------------------
2026-02-26 02:01:59.102414 (3634533) lic_core INFO    Initializing license system ...
2026-02-26 02:01:59.115794 (3634533) lic_core INFO    ... license system initialized.
2026-02-26 02:01:59.139702 (3634533) lic__man INFO    Claim 'main' for <ui>.
2026-02-26 02:01:59.139774 (3634533) lic_core INFO    (1) checking out 'jasper_interactive' ...
2026-02-26 02:01:59.154061 (3634533) lic_core INFO    ... (1) checkout succeeded
2026-02-26 02:01:59.154168 (3634533) lic__man INFO    Claim 'fpv' for <ui>.
2026-02-26 02:01:59.154207 (3634533) lic_core INFO    (2) checking out 'jasper_fpv' ...
2026-02-26 02:01:59.204797 (3634533) lic_core INFO    ... (2) checkout failed (error: -5) ("FLEXnet ERROR(-5, 0, 0): No such feature exists.")
2026-02-26 02:01:59.204905 (3634533) lic_core INFO    (3) checking out 'jasper_fao' ...
2026-02-26 02:01:59.256587 (3634533) lic_core INFO    ... (3) checkout succeeded
2026-02-26 02:01:59.261257 (3634533) main____ INFO    Tool inactivity delay is 480000 ms.
2026-02-26 02:01:59.266581 (3634544) stdio___ INFO    Starting STDIN reader (tty: yes, tty name: '/dev/pts/0')
2026-02-26 02:01:59.515498 (3634533) session_ INFO    Starting analysis session with session id 'session_0' (launcher: <local>) ...
2026-02-26 02:01:59.517529 (3634533) session_ INFO    Analysis session with session id 'session_0' started (pid: 3634545)
2026-02-26 02:02:01.029758 (3634533) session_ INFO    Analysis session 'session_0' connected to the console (host: 127.0.0.1:59588)
2026-02-26 02:02:05.629990 (3634533) lic__man INFO    Unclaim everything for 'session_0'.
2026-02-26 02:02:06.041807 (3634533) lic__man INFO    Claim 'fpv' for 'session_0'.
2026-02-26 02:02:06.041853 (3634533) lic__man INFO    Claim 'fpv' for 'session_0/prove-0'.
2026-02-26 02:02:07.474316 (3634533) lic__man INFO    Unclaim everything for 'session_0/prove-0'.
2026-02-26 02:02:07.523569 (3634533) main____ INFO    About to exit: request to exit with status 0 received from analysis session 'session_0'
2026-02-26 02:02:07.785940 (3634533) session_ INFO    Analysis session 'session_0' disconnected.
2026-02-26 02:02:07.786097 (3634533) lic__man INFO    Unclaim everything for 'session_0'.
2026-02-26 02:02:07.786401 (3634533) session_ INFO    Process for analysis session 'session_0' has exited with exit status '0'.
2026-02-26 02:02:09.440381 (3634544) stdio___ INFO    STDIN reader requested to stop.
2026-02-26 02:02:09.440424 (3634544) stdio___ INFO    STDIN reader stopped.
2026-02-26 02:02:09.440774 (3634533) lic_core INFO    (1) checkin jasper_interactive
2026-02-26 02:02:09.452235 (3634533) lic_core INFO    (3) checkin jasper_fao
2026-02-26 02:02:09.483345 (3634533) main____ INFO    Exiting with status 0.
