2026-02-27 23:29:00.886091 (478976) main____ INFO    ----------------------------------------
2026-02-27 23:29:00.886181 (478976) main____ INFO    Jasper version info
2026-02-27 23:29:00.886196 (478976) main____ INFO      tool      : Jasper 2023.12
2026-02-27 23:29:00.886211 (478976) main____ INFO      version   : 2023.12p001 64 bits
2026-02-27 23:29:00.886224 (478976) main____ INFO      build date: 2024.01.23 16:09:24 UTC
2026-02-27 23:29:00.886233 (478976) main____ INFO    ----------------------------------------
2026-02-27 23:29:00.886242 (478976) main____ INFO    Runtime info:
2026-02-27 23:29:00.886253 (478976) main____ INFO      platform  : Linux 4.18.0-553.89.1.el8_10.x86_64 x86_64
2026-02-27 23:29:00.886271 (478976) main____ INFO      hostname  : caddy10.stanford.edu
2026-02-27 23:29:00.886286 (478976) main____ INFO      pid       : 478976
2026-02-27 23:29:00.886298 (478976) main____ INFO      arguments : '-style' 'windows' '-allow_unsupported_OS' '-no_gui' '-fpv' './synthlc/i_DIV_out/xPairwiseDepDiv/exclusive_16_.tcl' '-proj' './synthlc/i_DIV_out/xPairwiseDepDiv/exclusive_16_jgsession_26-02-27-23_29_00'
2026-02-27 23:29:00.886314 (478976) main____ INFO      locale    : UTF-8
2026-02-27 23:29:00.886324 (478976) main____ INFO    ----------------------------------------
2026-02-27 23:29:00.886333 (478976) main____ INFO    System resource limits info:
2026-02-27 23:29:00.886345 (478976) main____ INFO      virtual memory: unlimited
2026-02-27 23:29:00.886356 (478976) main____ INFO      cpu time      : unlimited
2026-02-27 23:29:00.886374 (478976) main____ INFO      processes     : 4096
2026-02-27 23:29:00.886393 (478976) main____ INFO      stack size    : 8388608 B
2026-02-27 23:29:00.886407 (478976) main____ INFO      core file size: 0 B
2026-02-27 23:29:00.886419 (478976) main____ INFO      open files    : 4096
2026-02-27 23:29:00.886431 (478976) main____ INFO      file size     : unlimited
2026-02-27 23:29:00.886440 (478976) main____ INFO    ----------------------------------------
2026-02-27 23:29:00.886449 (478976) main____ INFO    Memory statistics:
2026-02-27 23:29:00.886461 (478976) main____ INFO      total physical memory  : 98449096 kB
2026-02-27 23:29:00.886472 (478976) main____ INFO      free physical memory   : 87957196 kB
2026-02-27 23:29:00.886483 (478976) main____ INFO      committed address space: 5374304 kB
2026-02-27 23:29:00.886492 (478976) main____ INFO    ----------------------------------------
2026-02-27 23:29:00.887649 (478976) main____ INFO    Important environment variables:
2026-02-27 23:29:00.887674 (478976) main____ INFO      CDS_LIC_FILE       : '5280@cadlic0'
2026-02-27 23:29:00.887686 (478976) main____ INFO      JASPER_INSTALL_DIR : '/cad/cadence/jasper_2023.12p001'
2026-02-27 23:29:00.887698 (478976) main____ INFO      JASPER_KERNEL_CHECK: '1'
2026-02-27 23:29:00.887709 (478976) main____ INFO      JASPER_OS_CHECK    : '0'
2026-02-27 23:29:00.887721 (478976) main____ INFO      LANG               : 'en_US.UTF-8'
2026-02-27 23:29:00.887730 (478976) main____ INFO    ----------------------------------------
2026-02-27 23:29:00.888866 (478976) lic_core INFO    Initializing license system ...
2026-02-27 23:29:00.890194 (478976) lic_core INFO    ... license system initialized.
2026-02-27 23:29:00.922353 (478976) lic__man INFO    Claim 'main' for <ui>.
2026-02-27 23:29:00.922422 (478976) lic_core INFO    (1) checking out 'jasper_interactive' ...
2026-02-27 23:29:01.005980 (478976) lic_core INFO    ... (1) checkout succeeded
2026-02-27 23:29:01.006120 (478976) lic__man INFO    Claim 'fpv' for <ui>.
2026-02-27 23:29:01.006155 (478976) lic_core INFO    (2) checking out 'jasper_fpv' ...
2026-02-27 23:29:01.039731 (478976) lic_core INFO    ... (2) checkout failed (error: -5) ("FLEXnet ERROR(-5, 0, 0): No such feature exists.")
2026-02-27 23:29:01.039802 (478976) lic_core INFO    (3) checking out 'jasper_fao' ...
2026-02-27 23:29:01.098606 (478976) lic_core INFO    ... (3) checkout succeeded
2026-02-27 23:29:01.100952 (478976) main____ INFO    Tool inactivity delay is 480000 ms.
2026-02-27 23:29:01.109257 (478987) stdio___ INFO    Starting STDIN reader (tty: yes, tty name: '/dev/pts/5')
2026-02-27 23:29:01.224010 (478976) session_ INFO    Starting analysis session with session id 'session_0' (launcher: <local>) ...
2026-02-27 23:29:01.225999 (478976) session_ INFO    Analysis session with session id 'session_0' started (pid: 478989)
2026-02-27 23:29:02.815586 (478976) session_ INFO    Analysis session 'session_0' connected to the console (host: 127.0.0.1:50484)
2026-02-27 23:29:07.431352 (478976) lic__man INFO    Unclaim everything for 'session_0'.
2026-02-27 23:29:07.630575 (478976) lic__man INFO    Claim 'fpv' for 'session_0'.
2026-02-27 23:29:07.630610 (478976) lic__man INFO    Claim 'fpv' for 'session_0/prove-0'.
2026-02-27 23:29:15.075087 (478976) lic__man INFO    Unclaim everything for 'session_0/prove-0'.
2026-02-27 23:29:15.117171 (478976) main____ INFO    About to exit: request to exit with status 0 received from analysis session 'session_0'
2026-02-27 23:29:15.244333 (478976) session_ INFO    Analysis session 'session_0' disconnected.
2026-02-27 23:29:15.244507 (478976) lic__man INFO    Unclaim everything for 'session_0'.
2026-02-27 23:29:15.244696 (478976) session_ INFO    Process for analysis session 'session_0' has exited with exit status '0'.
2026-02-27 23:29:17.024268 (478987) stdio___ INFO    STDIN reader requested to stop.
2026-02-27 23:29:17.024306 (478987) stdio___ INFO    STDIN reader stopped.
2026-02-27 23:29:17.024536 (478976) lic_core INFO    (1) checkin jasper_interactive
2026-02-27 23:29:17.025933 (478976) lic_core INFO    (3) checkin jasper_fao
2026-02-27 23:29:17.027105 (478976) main____ INFO    Exiting with status 0.
