2026-03-02 11:15:18.319906 (602251) main____ INFO    ----------------------------------------
2026-03-02 11:15:18.319980 (602251) main____ INFO    Jasper version info
2026-03-02 11:15:18.319995 (602251) main____ INFO      tool      : Jasper 2023.12
2026-03-02 11:15:18.320009 (602251) main____ INFO      version   : 2023.12p001 64 bits
2026-03-02 11:15:18.320021 (602251) main____ INFO      build date: 2024.01.23 16:09:24 UTC
2026-03-02 11:15:18.320031 (602251) main____ INFO    ----------------------------------------
2026-03-02 11:15:18.320040 (602251) main____ INFO    Runtime info:
2026-03-02 11:15:18.320050 (602251) main____ INFO      platform  : Linux 4.18.0-553.89.1.el8_10.x86_64 x86_64
2026-03-02 11:15:18.320067 (602251) main____ INFO      hostname  : caddy12.stanford.edu
2026-03-02 11:15:18.320081 (602251) main____ INFO      pid       : 602251
2026-03-02 11:15:18.320092 (602251) main____ INFO      arguments : '-style' 'windows' '-allow_unsupported_OS' '-no_gui' '-fpv' './synthlc/i_ADDI_out/xHBPerfG_dfg_v3_div/HB_488_.tcl' '-proj' './synthlc/i_ADDI_out/xHBPerfG_dfg_v3_div/HB_488_jgsession_26-03-02-11_15_18'
2026-03-02 11:15:18.320107 (602251) main____ INFO      locale    : UTF-8
2026-03-02 11:15:18.320117 (602251) main____ INFO    ----------------------------------------
2026-03-02 11:15:18.320126 (602251) main____ INFO    System resource limits info:
2026-03-02 11:15:18.320138 (602251) main____ INFO      virtual memory: unlimited
2026-03-02 11:15:18.320149 (602251) main____ INFO      cpu time      : unlimited
2026-03-02 11:15:18.320166 (602251) main____ INFO      processes     : 4096
2026-03-02 11:15:18.320184 (602251) main____ INFO      stack size    : 8388608 B
2026-03-02 11:15:18.320197 (602251) main____ INFO      core file size: 0 B
2026-03-02 11:15:18.320209 (602251) main____ INFO      open files    : 4096
2026-03-02 11:15:18.320221 (602251) main____ INFO      file size     : unlimited
2026-03-02 11:15:18.320230 (602251) main____ INFO    ----------------------------------------
2026-03-02 11:15:18.320239 (602251) main____ INFO    Memory statistics:
2026-03-02 11:15:18.320250 (602251) main____ INFO      total physical memory  : 98449088 kB
2026-03-02 11:15:18.320261 (602251) main____ INFO      free physical memory   : 87809580 kB
2026-03-02 11:15:18.320272 (602251) main____ INFO      committed address space: 7335920 kB
2026-03-02 11:15:18.320281 (602251) main____ INFO    ----------------------------------------
2026-03-02 11:15:18.321434 (602251) main____ INFO    Important environment variables:
2026-03-02 11:15:18.321457 (602251) main____ INFO      CDS_LIC_FILE       : '5280@cadlic0'
2026-03-02 11:15:18.321469 (602251) main____ INFO      DISPLAY            : 'localhost:12.0'
2026-03-02 11:15:18.321481 (602251) main____ INFO      JASPER_INSTALL_DIR : '/cad/cadence/jasper_2023.12p001'
2026-03-02 11:15:18.321492 (602251) main____ INFO      JASPER_KERNEL_CHECK: '1'
2026-03-02 11:15:18.321503 (602251) main____ INFO      JASPER_OS_CHECK    : '0'
2026-03-02 11:15:18.321515 (602251) main____ INFO      LANG               : 'zh_TW.UTF-8'
2026-03-02 11:15:18.321524 (602251) main____ INFO    ----------------------------------------
2026-03-02 11:15:18.322691 (602251) lic_core INFO    Initializing license system ...
2026-03-02 11:15:18.324200 (602251) lic_core INFO    ... license system initialized.
2026-03-02 11:15:18.345880 (602251) lic__man INFO    Claim 'main' for <ui>.
2026-03-02 11:15:18.345922 (602251) lic_core INFO    (1) checking out 'jasper_interactive' ...
2026-03-02 11:15:18.359046 (602251) lic_core INFO    ... (1) checkout succeeded
2026-03-02 11:15:18.359103 (602251) lic__man INFO    Claim 'fpv' for <ui>.
2026-03-02 11:15:18.359125 (602251) lic_core INFO    (2) checking out 'jasper_fpv' ...
2026-03-02 11:15:18.363639 (602251) lic_core INFO    ... (2) checkout failed (error: -5) ("FLEXnet ERROR(-5, 0, 0): No such feature exists.")
2026-03-02 11:15:18.363668 (602251) lic_core INFO    (3) checking out 'jasper_fao' ...
2026-03-02 11:15:18.375411 (602251) lic_core INFO    ... (3) checkout succeeded
2026-03-02 11:15:18.376317 (602262) stdio___ INFO    Starting STDIN reader (tty: yes, tty name: '/dev/pts/0')
2026-03-02 11:15:18.376450 (602251) main____ INFO    Tool inactivity delay is 480000 ms.
2026-03-02 11:15:18.418697 (602251) session_ INFO    Starting analysis session with session id 'session_0' (launcher: <local>) ...
2026-03-02 11:15:18.420519 (602251) session_ INFO    Analysis session with session id 'session_0' started (pid: 602263)
2026-03-02 11:15:19.551523 (602251) session_ INFO    Analysis session 'session_0' connected to the console (host: 127.0.0.1:35892)
2026-03-02 11:15:23.130699 (602251) lic__man INFO    Unclaim everything for 'session_0'.
2026-03-02 11:15:23.329112 (602251) lic__man INFO    Claim 'fpv' for 'session_0'.
2026-03-02 11:15:23.329146 (602251) lic__man INFO    Claim 'fpv' for 'session_0/prove-0'.
2026-03-02 11:15:24.350205 (602251) lic__man INFO    Unclaim everything for 'session_0/prove-0'.
2026-03-02 11:15:24.391792 (602251) main____ INFO    About to exit: request to exit with status 0 received from analysis session 'session_0'
2026-03-02 11:15:24.539800 (602251) session_ INFO    Analysis session 'session_0' disconnected.
2026-03-02 11:15:24.539932 (602251) lic__man INFO    Unclaim everything for 'session_0'.
2026-03-02 11:15:24.540174 (602251) session_ INFO    Process for analysis session 'session_0' has exited with exit status '0'.
2026-03-02 11:15:26.392214 (602262) stdio___ INFO    STDIN reader requested to stop.
2026-03-02 11:15:26.392246 (602262) stdio___ INFO    STDIN reader stopped.
2026-03-02 11:15:26.392469 (602251) lic_core INFO    (1) checkin jasper_interactive
2026-03-02 11:15:26.394003 (602251) lic_core INFO    (3) checkin jasper_fao
2026-03-02 11:15:26.395198 (602251) main____ INFO    Exiting with status 0.
