2026-03-01 09:15:22.273864 (12631) main____ INFO    ----------------------------------------
2026-03-01 09:15:22.273950 (12631) main____ INFO    Jasper version info
2026-03-01 09:15:22.273966 (12631) main____ INFO      tool      : Jasper 2023.12
2026-03-01 09:15:22.273981 (12631) main____ INFO      version   : 2023.12p001 64 bits
2026-03-01 09:15:22.273995 (12631) main____ INFO      build date: 2024.01.23 16:09:24 UTC
2026-03-01 09:15:22.274006 (12631) main____ INFO    ----------------------------------------
2026-03-01 09:15:22.274016 (12631) main____ INFO    Runtime info:
2026-03-01 09:15:22.274027 (12631) main____ INFO      platform  : Linux 4.18.0-553.89.1.el8_10.x86_64 x86_64
2026-03-01 09:15:22.274044 (12631) main____ INFO      hostname  : caddy12.stanford.edu
2026-03-01 09:15:22.274060 (12631) main____ INFO      pid       : 12631
2026-03-01 09:15:22.274071 (12631) main____ INFO      arguments : '-style' 'windows' '-allow_unsupported_OS' '-no_gui' '-fpv' './synthlc/i_LW_out/xHBPerfG_dfg_v3_div/HB_0_.tcl' '-proj' './synthlc/i_LW_out/xHBPerfG_dfg_v3_div/HB_0_jgsession_26-03-01-09_15_22'
2026-03-01 09:15:22.274086 (12631) main____ INFO      locale    : UTF-8
2026-03-01 09:15:22.274097 (12631) main____ INFO    ----------------------------------------
2026-03-01 09:15:22.274107 (12631) main____ INFO    System resource limits info:
2026-03-01 09:15:22.274120 (12631) main____ INFO      virtual memory: unlimited
2026-03-01 09:15:22.274133 (12631) main____ INFO      cpu time      : unlimited
2026-03-01 09:15:22.274151 (12631) main____ INFO      processes     : 4096
2026-03-01 09:15:22.275073 (12631) main____ INFO      stack size    : 8388608 B
2026-03-01 09:15:22.275089 (12631) main____ INFO      core file size: 0 B
2026-03-01 09:15:22.275103 (12631) main____ INFO      open files    : 4096
2026-03-01 09:15:22.275116 (12631) main____ INFO      file size     : unlimited
2026-03-01 09:15:22.275126 (12631) main____ INFO    ----------------------------------------
2026-03-01 09:15:22.275137 (12631) main____ INFO    Memory statistics:
2026-03-01 09:15:22.275149 (12631) main____ INFO      total physical memory  : 98449088 kB
2026-03-01 09:15:22.275161 (12631) main____ INFO      free physical memory   : 86735640 kB
2026-03-01 09:15:22.275173 (12631) main____ INFO      committed address space: 6770748 kB
2026-03-01 09:15:22.275183 (12631) main____ INFO    ----------------------------------------
2026-03-01 09:15:22.276328 (12631) main____ INFO    Important environment variables:
2026-03-01 09:15:22.277024 (12631) main____ INFO      CDS_LIC_FILE       : '5280@cadlic0'
2026-03-01 09:15:22.277039 (12631) main____ INFO      DISPLAY            : 'localhost:12.0'
2026-03-01 09:15:22.277051 (12631) main____ INFO      JASPER_INSTALL_DIR : '/cad/cadence/jasper_2023.12p001'
2026-03-01 09:15:22.277064 (12631) main____ INFO      JASPER_KERNEL_CHECK: '1'
2026-03-01 09:15:22.277076 (12631) main____ INFO      JASPER_OS_CHECK    : '0'
2026-03-01 09:15:22.277088 (12631) main____ INFO      LANG               : 'zh_TW.UTF-8'
2026-03-01 09:15:22.277099 (12631) main____ INFO    ----------------------------------------
2026-03-01 09:15:22.278314 (12631) lic_core INFO    Initializing license system ...
2026-03-01 09:15:22.282279 (12631) lic_core INFO    ... license system initialized.
2026-03-01 09:15:22.295289 (12631) lic__man INFO    Claim 'main' for <ui>.
2026-03-01 09:15:22.295347 (12631) lic_core INFO    (1) checking out 'jasper_interactive' ...
2026-03-01 09:15:22.308106 (12631) lic_core INFO    ... (1) checkout succeeded
2026-03-01 09:15:22.308176 (12631) lic__man INFO    Claim 'fpv' for <ui>.
2026-03-01 09:15:22.308200 (12631) lic_core INFO    (2) checking out 'jasper_fpv' ...
2026-03-01 09:15:22.312682 (12631) lic_core INFO    ... (2) checkout failed (error: -5) ("FLEXnet ERROR(-5, 0, 0): No such feature exists.")
2026-03-01 09:15:22.312729 (12631) lic_core INFO    (3) checking out 'jasper_fao' ...
2026-03-01 09:15:22.324108 (12631) lic_core INFO    ... (3) checkout succeeded
2026-03-01 09:15:22.326413 (12642) stdio___ INFO    Starting STDIN reader (tty: yes, tty name: '/dev/pts/0')
2026-03-01 09:15:22.326543 (12631) main____ INFO    Tool inactivity delay is 480000 ms.
2026-03-01 09:15:22.371436 (12631) session_ INFO    Starting analysis session with session id 'session_0' (launcher: <local>) ...
2026-03-01 09:15:22.373235 (12631) session_ INFO    Analysis session with session id 'session_0' started (pid: 12643)
2026-03-01 09:15:23.453618 (12631) session_ INFO    Analysis session 'session_0' connected to the console (host: 127.0.0.1:38418)
2026-03-01 09:15:26.520422 (12631) lic__man INFO    Unclaim everything for 'session_0'.
2026-03-01 09:15:26.722577 (12631) lic__man INFO    Claim 'fpv' for 'session_0'.
2026-03-01 09:15:26.722617 (12631) lic__man INFO    Claim 'fpv' for 'session_0/prove-0'.
2026-03-01 09:15:28.781988 (12631) lic__man INFO    Unclaim everything for 'session_0/prove-0'.
2026-03-01 09:15:28.823796 (12631) main____ INFO    About to exit: request to exit with status 0 received from analysis session 'session_0'
2026-03-01 09:15:28.990326 (12631) session_ INFO    Analysis session 'session_0' disconnected.
2026-03-01 09:15:28.990514 (12631) lic__man INFO    Unclaim everything for 'session_0'.
2026-03-01 09:15:28.990706 (12631) session_ INFO    Process for analysis session 'session_0' has exited with exit status '0'.
2026-03-01 09:15:30.908747 (12642) stdio___ INFO    STDIN reader requested to stop.
2026-03-01 09:15:30.908822 (12642) stdio___ INFO    STDIN reader stopped.
2026-03-01 09:15:30.909965 (12631) lic_core INFO    (1) checkin jasper_interactive
2026-03-01 09:15:30.931894 (12631) lic_core INFO    (3) checkin jasper_fao
2026-03-01 09:15:30.964034 (12631) main____ INFO    Exiting with status 0.
