2026-02-27 15:46:46.673267 (3137088) main____ INFO    ----------------------------------------
2026-02-27 15:46:46.673365 (3137088) main____ INFO    Jasper version info
2026-02-27 15:46:46.673382 (3137088) main____ INFO      tool      : Jasper 2023.12
2026-02-27 15:46:46.673397 (3137088) main____ INFO      version   : 2023.12p001 64 bits
2026-02-27 15:46:46.673411 (3137088) main____ INFO      build date: 2024.01.23 16:09:24 UTC
2026-02-27 15:46:46.673422 (3137088) main____ INFO    ----------------------------------------
2026-02-27 15:46:46.673432 (3137088) main____ INFO    Runtime info:
2026-02-27 15:46:46.673443 (3137088) main____ INFO      platform  : Linux 4.18.0-553.89.1.el8_10.x86_64 x86_64
2026-02-27 15:46:46.673462 (3137088) main____ INFO      hostname  : caddy12.stanford.edu
2026-02-27 15:46:46.673478 (3137088) main____ INFO      pid       : 3137088
2026-02-27 15:46:46.673489 (3137088) main____ INFO      arguments : '-style' 'windows' '-allow_unsupported_OS' '-no_gui' '-fpv' './synthlc/i_DIV_out/xPairwiseDepDiv/exclusive_2_.tcl' '-proj' './synthlc/i_DIV_out/xPairwiseDepDiv/exclusive_2_jgsession_26-02-27-15_46_46'
2026-02-27 15:46:46.673507 (3137088) main____ INFO      locale    : UTF-8
2026-02-27 15:46:46.673517 (3137088) main____ INFO    ----------------------------------------
2026-02-27 15:46:46.673527 (3137088) main____ INFO    System resource limits info:
2026-02-27 15:46:46.673540 (3137088) main____ INFO      virtual memory: unlimited
2026-02-27 15:46:46.673553 (3137088) main____ INFO      cpu time      : unlimited
2026-02-27 15:46:46.673570 (3137088) main____ INFO      processes     : 4096
2026-02-27 15:46:46.673590 (3137088) main____ INFO      stack size    : 8388608 B
2026-02-27 15:46:46.673605 (3137088) main____ INFO      core file size: 0 B
2026-02-27 15:46:46.673618 (3137088) main____ INFO      open files    : 4096
2026-02-27 15:46:46.673631 (3137088) main____ INFO      file size     : unlimited
2026-02-27 15:46:46.673641 (3137088) main____ INFO    ----------------------------------------
2026-02-27 15:46:46.673651 (3137088) main____ INFO    Memory statistics:
2026-02-27 15:46:46.673681 (3137088) main____ INFO      total physical memory  : 98449088 kB
2026-02-27 15:46:46.673693 (3137088) main____ INFO      free physical memory   : 74855680 kB
2026-02-27 15:46:46.673705 (3137088) main____ INFO      committed address space: 7769904 kB
2026-02-27 15:46:46.673715 (3137088) main____ INFO    ----------------------------------------
2026-02-27 15:46:46.674932 (3137088) main____ INFO    Important environment variables:
2026-02-27 15:46:46.674971 (3137088) main____ INFO      CDS_LIC_FILE       : '5280@cadlic0'
2026-02-27 15:46:46.674986 (3137088) main____ INFO      DISPLAY            : 'localhost:12.0'
2026-02-27 15:46:46.674998 (3137088) main____ INFO      JASPER_INSTALL_DIR : '/cad/cadence/jasper_2023.12p001'
2026-02-27 15:46:46.675010 (3137088) main____ INFO      JASPER_KERNEL_CHECK: '1'
2026-02-27 15:46:46.675023 (3137088) main____ INFO      JASPER_OS_CHECK    : '0'
2026-02-27 15:46:46.675038 (3137088) main____ INFO      LANG               : 'zh_TW.UTF-8'
2026-02-27 15:46:46.675049 (3137088) main____ INFO    ----------------------------------------
2026-02-27 15:46:46.676885 (3137088) lic_core INFO    Initializing license system ...
2026-02-27 15:46:46.678851 (3137088) lic_core INFO    ... license system initialized.
2026-02-27 15:46:46.689761 (3137088) lic__man INFO    Claim 'main' for <ui>.
2026-02-27 15:46:46.689857 (3137088) lic_core INFO    (1) checking out 'jasper_interactive' ...
2026-02-27 15:46:46.703304 (3137088) lic_core INFO    ... (1) checkout succeeded
2026-02-27 15:46:46.703418 (3137088) lic__man INFO    Claim 'fpv' for <ui>.
2026-02-27 15:46:46.703448 (3137088) lic_core INFO    (2) checking out 'jasper_fpv' ...
2026-02-27 15:46:46.707996 (3137088) lic_core INFO    ... (2) checkout failed (error: -5) ("FLEXnet ERROR(-5, 0, 0): No such feature exists.")
2026-02-27 15:46:46.708053 (3137088) lic_core INFO    (3) checking out 'jasper_fao' ...
2026-02-27 15:46:46.719418 (3137088) lic_core INFO    ... (3) checkout succeeded
2026-02-27 15:46:46.721480 (3137088) main____ INFO    Tool inactivity delay is 480000 ms.
2026-02-27 15:46:46.731856 (3137104) stdio___ INFO    Starting STDIN reader (tty: yes, tty name: '/dev/pts/0')
2026-02-27 15:46:46.870811 (3137088) session_ INFO    Starting analysis session with session id 'session_0' (launcher: <local>) ...
2026-02-27 15:46:46.872749 (3137088) session_ INFO    Analysis session with session id 'session_0' started (pid: 3137115)
2026-02-27 15:46:48.298112 (3137088) session_ INFO    Analysis session 'session_0' connected to the console (host: 127.0.0.1:50536)
2026-02-27 15:46:52.876825 (3137088) lic__man INFO    Unclaim everything for 'session_0'.
2026-02-27 15:46:53.438101 (3137088) lic__man INFO    Claim 'fpv' for 'session_0'.
2026-02-27 15:46:53.438149 (3137088) lic__man INFO    Claim 'fpv' for 'session_0/prove-0'.
2026-02-27 15:46:57.133902 (3137088) lic__man INFO    Unclaim everything for 'session_0/prove-0'.
2026-02-27 15:46:57.153863 (3137088) main____ INFO    About to exit: request to exit with status 0 received from analysis session 'session_0'
2026-02-27 15:46:57.467574 (3137088) session_ INFO    Analysis session 'session_0' disconnected.
2026-02-27 15:46:57.467743 (3137088) lic__man INFO    Unclaim everything for 'session_0'.
2026-02-27 15:46:57.469916 (3137088) session_ INFO    Process for analysis session 'session_0' has exited with exit status '0'.
2026-02-27 15:46:59.273918 (3137104) stdio___ INFO    STDIN reader requested to stop.
2026-02-27 15:46:59.273981 (3137104) stdio___ INFO    STDIN reader stopped.
2026-02-27 15:46:59.274601 (3137088) lic_core INFO    (1) checkin jasper_interactive
2026-02-27 15:46:59.290561 (3137088) lic_core INFO    (3) checkin jasper_fao
2026-02-27 15:46:59.328718 (3137088) main____ INFO    Exiting with status 0.
