2026-02-26 00:48:53.881232 (1801322) main____ INFO    ----------------------------------------
2026-02-26 00:48:53.881330 (1801322) main____ INFO    Jasper version info
2026-02-26 00:48:53.881346 (1801322) main____ INFO      tool      : Jasper 2023.12
2026-02-26 00:48:53.881361 (1801322) main____ INFO      version   : 2023.12p001 64 bits
2026-02-26 00:48:53.881375 (1801322) main____ INFO      build date: 2024.01.23 16:09:24 UTC
2026-02-26 00:48:53.881384 (1801322) main____ INFO    ----------------------------------------
2026-02-26 00:48:53.881393 (1801322) main____ INFO    Runtime info:
2026-02-26 00:48:53.881415 (1801322) main____ INFO      platform  : Linux 4.18.0-553.89.1.el8_10.x86_64 x86_64
2026-02-26 00:48:53.881434 (1801322) main____ INFO      hostname  : caddy12.stanford.edu
2026-02-26 00:48:53.881449 (1801322) main____ INFO      pid       : 1801322
2026-02-26 00:48:53.881460 (1801322) main____ INFO      arguments : '-style' 'windows' '-allow_unsupported_OS' '-no_gui' '-fpv' './synthlc/i_MUL_out/xPairwiseDepDiv/exclusive_44_.tcl' '-proj' './synthlc/i_MUL_out/xPairwiseDepDiv/exclusive_44_jgsession_26-02-26-00_48_52'
2026-02-26 00:48:53.881477 (1801322) main____ INFO      locale    : UTF-8
2026-02-26 00:48:53.881487 (1801322) main____ INFO    ----------------------------------------
2026-02-26 00:48:53.881496 (1801322) main____ INFO    System resource limits info:
2026-02-26 00:48:53.881508 (1801322) main____ INFO      virtual memory: unlimited
2026-02-26 00:48:53.881521 (1801322) main____ INFO      cpu time      : unlimited
2026-02-26 00:48:53.881540 (1801322) main____ INFO      processes     : 4096
2026-02-26 00:48:53.881560 (1801322) main____ INFO      stack size    : 8388608 B
2026-02-26 00:48:53.881574 (1801322) main____ INFO      core file size: 0 B
2026-02-26 00:48:53.881587 (1801322) main____ INFO      open files    : 4096
2026-02-26 00:48:53.881599 (1801322) main____ INFO      file size     : unlimited
2026-02-26 00:48:53.881608 (1801322) main____ INFO    ----------------------------------------
2026-02-26 00:48:53.881617 (1801322) main____ INFO    Memory statistics:
2026-02-26 00:48:53.881629 (1801322) main____ INFO      total physical memory  : 98449088 kB
2026-02-26 00:48:53.881640 (1801322) main____ INFO      free physical memory   : 72123256 kB
2026-02-26 00:48:53.881651 (1801322) main____ INFO      committed address space: 14232000 kB
2026-02-26 00:48:53.881677 (1801322) main____ INFO    ----------------------------------------
2026-02-26 00:48:53.882867 (1801322) main____ INFO    Important environment variables:
2026-02-26 00:48:53.882898 (1801322) main____ INFO      CDS_LIC_FILE       : '5280@cadlic0'
2026-02-26 00:48:53.882911 (1801322) main____ INFO      DISPLAY            : 'localhost:12.0'
2026-02-26 00:48:53.882923 (1801322) main____ INFO      JASPER_INSTALL_DIR : '/cad/cadence/jasper_2023.12p001'
2026-02-26 00:48:53.882935 (1801322) main____ INFO      JASPER_KERNEL_CHECK: '1'
2026-02-26 00:48:53.882946 (1801322) main____ INFO      JASPER_OS_CHECK    : '0'
2026-02-26 00:48:53.882958 (1801322) main____ INFO      LANG               : 'zh_TW.UTF-8'
2026-02-26 00:48:53.882967 (1801322) main____ INFO    ----------------------------------------
2026-02-26 00:48:53.893529 (1801322) lic_core INFO    Initializing license system ...
2026-02-26 00:48:53.969470 (1801322) lic_core INFO    ... license system initialized.
2026-02-26 00:48:54.127070 (1801322) lic__man INFO    Claim 'main' for <ui>.
2026-02-26 00:48:54.127134 (1801322) lic_core INFO    (1) checking out 'jasper_interactive' ...
2026-02-26 00:48:54.213113 (1801322) lic_core INFO    ... (1) checkout succeeded
2026-02-26 00:48:54.213218 (1801322) lic__man INFO    Claim 'fpv' for <ui>.
2026-02-26 00:48:54.213246 (1801322) lic_core INFO    (2) checking out 'jasper_fpv' ...
2026-02-26 00:48:54.271211 (1801322) lic_core INFO    ... (2) checkout failed (error: -5) ("FLEXnet ERROR(-5, 0, 0): No such feature exists.")
2026-02-26 00:48:54.271270 (1801322) lic_core INFO    (3) checking out 'jasper_fao' ...
2026-02-26 00:48:54.333917 (1801322) lic_core INFO    ... (3) checkout succeeded
2026-02-26 00:48:54.392589 (1801322) main____ INFO    Tool inactivity delay is 480000 ms.
2026-02-26 00:48:54.400927 (1801338) stdio___ INFO    Starting STDIN reader (tty: yes, tty name: '/dev/pts/0')
2026-02-26 00:48:54.745963 (1801322) session_ INFO    Starting analysis session with session id 'session_0' (launcher: <local>) ...
2026-02-26 00:48:54.748079 (1801322) session_ INFO    Analysis session with session id 'session_0' started (pid: 1801339)
2026-02-26 00:48:59.400170 (1801322) session_ INFO    Analysis session 'session_0' connected to the console (host: 127.0.0.1:49382)
2026-02-26 00:49:14.275789 (1801322) lic__man INFO    Unclaim everything for 'session_0'.
2026-02-26 00:49:14.723318 (1801322) lic__man INFO    Claim 'fpv' for 'session_0'.
2026-02-26 00:49:14.723363 (1801322) lic__man INFO    Claim 'fpv' for 'session_0/prove-0'.
2026-02-26 00:54:53.746934 (1801322) lic__man INFO    Unclaim everything for 'session_0/prove-0'.
2026-02-26 00:54:53.792001 (1801322) main____ INFO    About to exit: request to exit with status 0 received from analysis session 'session_0'
2026-02-26 00:54:54.069474 (1801322) session_ INFO    Analysis session 'session_0' disconnected.
2026-02-26 00:54:54.069640 (1801322) lic__man INFO    Unclaim everything for 'session_0'.
2026-02-26 00:54:54.072506 (1801322) session_ INFO    Process for analysis session 'session_0' has exited with exit status '0'.
2026-02-26 00:54:55.900772 (1801338) stdio___ INFO    STDIN reader requested to stop.
2026-02-26 00:54:55.900835 (1801338) stdio___ INFO    STDIN reader stopped.
2026-02-26 00:54:55.903969 (1801322) lic_core INFO    (1) checkin jasper_interactive
2026-02-26 00:54:55.909628 (1801322) lic_core INFO    (3) checkin jasper_fao
2026-02-26 00:54:55.948571 (1801322) main____ INFO    Exiting with status 0.
