2026-02-28 21:56:37.846101 (3722883) main____ INFO    ----------------------------------------
2026-02-28 21:56:37.846190 (3722883) main____ INFO    Jasper version info
2026-02-28 21:56:37.846206 (3722883) main____ INFO      tool      : Jasper 2023.12
2026-02-28 21:56:37.846222 (3722883) main____ INFO      version   : 2023.12p001 64 bits
2026-02-28 21:56:37.846235 (3722883) main____ INFO      build date: 2024.01.23 16:09:24 UTC
2026-02-28 21:56:37.846246 (3722883) main____ INFO    ----------------------------------------
2026-02-28 21:56:37.846256 (3722883) main____ INFO    Runtime info:
2026-02-28 21:56:37.846267 (3722883) main____ INFO      platform  : Linux 4.18.0-553.89.1.el8_10.x86_64 x86_64
2026-02-28 21:56:37.846286 (3722883) main____ INFO      hostname  : caddy12.stanford.edu
2026-02-28 21:56:37.846301 (3722883) main____ INFO      pid       : 3722883
2026-02-28 21:56:37.846313 (3722883) main____ INFO      arguments : '-style' 'windows' '-allow_unsupported_OS' '-no_gui' '-fpv' './synthlc/i_ADDI_out/xPairwiseDepDiv/exclusive_126_.tcl' '-proj' './synthlc/i_ADDI_out/xPairwiseDepDiv/exclusive_126_jgsession_26-02-28-21_56_37'
2026-02-28 21:56:37.846330 (3722883) main____ INFO      locale    : UTF-8
2026-02-28 21:56:37.846340 (3722883) main____ INFO    ----------------------------------------
2026-02-28 21:56:37.846350 (3722883) main____ INFO    System resource limits info:
2026-02-28 21:56:37.846362 (3722883) main____ INFO      virtual memory: unlimited
2026-02-28 21:56:37.846375 (3722883) main____ INFO      cpu time      : unlimited
2026-02-28 21:56:37.846392 (3722883) main____ INFO      processes     : 4096
2026-02-28 21:56:37.846412 (3722883) main____ INFO      stack size    : 8388608 B
2026-02-28 21:56:37.846426 (3722883) main____ INFO      core file size: 0 B
2026-02-28 21:56:37.846440 (3722883) main____ INFO      open files    : 4096
2026-02-28 21:56:37.846452 (3722883) main____ INFO      file size     : unlimited
2026-02-28 21:56:37.846462 (3722883) main____ INFO    ----------------------------------------
2026-02-28 21:56:37.846472 (3722883) main____ INFO    Memory statistics:
2026-02-28 21:56:37.846484 (3722883) main____ INFO      total physical memory  : 98449088 kB
2026-02-28 21:56:37.846495 (3722883) main____ INFO      free physical memory   : 86865120 kB
2026-02-28 21:56:37.846507 (3722883) main____ INFO      committed address space: 7573952 kB
2026-02-28 21:56:37.846517 (3722883) main____ INFO    ----------------------------------------
2026-02-28 21:56:37.847708 (3722883) main____ INFO    Important environment variables:
2026-02-28 21:56:37.847733 (3722883) main____ INFO      CDS_LIC_FILE       : '5280@cadlic0'
2026-02-28 21:56:37.847746 (3722883) main____ INFO      DISPLAY            : 'localhost:12.0'
2026-02-28 21:56:37.847759 (3722883) main____ INFO      JASPER_INSTALL_DIR : '/cad/cadence/jasper_2023.12p001'
2026-02-28 21:56:37.847771 (3722883) main____ INFO      JASPER_KERNEL_CHECK: '1'
2026-02-28 21:56:37.847783 (3722883) main____ INFO      JASPER_OS_CHECK    : '0'
2026-02-28 21:56:37.847796 (3722883) main____ INFO      LANG               : 'zh_TW.UTF-8'
2026-02-28 21:56:37.847806 (3722883) main____ INFO    ----------------------------------------
2026-02-28 21:56:37.849400 (3722883) lic_core INFO    Initializing license system ...
2026-02-28 21:56:37.869011 (3722883) lic_core INFO    ... license system initialized.
2026-02-28 21:56:37.946454 (3722883) lic__man INFO    Claim 'main' for <ui>.
2026-02-28 21:56:37.946520 (3722883) lic_core INFO    (1) checking out 'jasper_interactive' ...
2026-02-28 21:56:38.006993 (3722883) lic_core INFO    ... (1) checkout succeeded
2026-02-28 21:56:38.007090 (3722883) lic__man INFO    Claim 'fpv' for <ui>.
2026-02-28 21:56:38.007119 (3722883) lic_core INFO    (2) checking out 'jasper_fpv' ...
2026-02-28 21:56:38.048418 (3722883) lic_core INFO    ... (2) checkout failed (error: -5) ("FLEXnet ERROR(-5, 0, 0): No such feature exists.")
2026-02-28 21:56:38.048471 (3722883) lic_core INFO    (3) checking out 'jasper_fao' ...
2026-02-28 21:56:38.098989 (3722883) lic_core INFO    ... (3) checkout succeeded
2026-02-28 21:56:38.110515 (3722883) main____ INFO    Tool inactivity delay is 480000 ms.
2026-02-28 21:56:38.128907 (3722907) stdio___ INFO    Starting STDIN reader (tty: yes, tty name: '/dev/pts/0')
2026-02-28 21:56:38.211453 (3722883) session_ INFO    Starting analysis session with session id 'session_0' (launcher: <local>) ...
2026-02-28 21:56:38.213417 (3722883) session_ INFO    Analysis session with session id 'session_0' started (pid: 3722908)
2026-02-28 21:56:39.606216 (3722883) session_ INFO    Analysis session 'session_0' connected to the console (host: 127.0.0.1:59162)
2026-02-28 21:56:44.680291 (3722883) lic__man INFO    Unclaim everything for 'session_0'.
2026-02-28 21:56:44.999114 (3722883) lic__man INFO    Claim 'fpv' for 'session_0'.
2026-02-28 21:56:44.999162 (3722883) lic__man INFO    Claim 'fpv' for 'session_0/prove-0'.
2026-02-28 21:56:54.926591 (3722883) lic__man INFO    Unclaim everything for 'session_0/prove-0'.
2026-02-28 21:56:54.965973 (3722883) main____ INFO    About to exit: request to exit with status 0 received from analysis session 'session_0'
2026-02-28 21:56:55.222276 (3722883) session_ INFO    Analysis session 'session_0' disconnected.
2026-02-28 21:56:55.222541 (3722883) lic__man INFO    Unclaim everything for 'session_0'.
2026-02-28 21:56:55.222779 (3722883) session_ INFO    Process for analysis session 'session_0' has exited with exit status '0'.
2026-02-28 21:56:56.911744 (3722907) stdio___ INFO    STDIN reader requested to stop.
2026-02-28 21:56:56.911825 (3722907) stdio___ INFO    STDIN reader stopped.
2026-02-28 21:56:56.921931 (3722883) lic_core INFO    (1) checkin jasper_interactive
2026-02-28 21:56:56.927876 (3722883) lic_core INFO    (3) checkin jasper_fao
2026-02-28 21:56:56.957714 (3722883) main____ INFO    Exiting with status 0.
