2026-02-25 13:47:17.286953 (3169653) main____ INFO    ----------------------------------------
2026-02-25 13:47:17.287064 (3169653) main____ INFO    Jasper version info
2026-02-25 13:47:17.287080 (3169653) main____ INFO      tool      : Jasper 2023.12
2026-02-25 13:47:17.287096 (3169653) main____ INFO      version   : 2023.12p001 64 bits
2026-02-25 13:47:17.287109 (3169653) main____ INFO      build date: 2024.01.23 16:09:24 UTC
2026-02-25 13:47:17.287119 (3169653) main____ INFO    ----------------------------------------
2026-02-25 13:47:17.287129 (3169653) main____ INFO    Runtime info:
2026-02-25 13:47:17.287139 (3169653) main____ INFO      platform  : Linux 4.18.0-553.89.1.el8_10.x86_64 x86_64
2026-02-25 13:47:17.287159 (3169653) main____ INFO      hostname  : caddy15.stanford.edu
2026-02-25 13:47:17.287174 (3169653) main____ INFO      pid       : 3169653
2026-02-25 13:47:17.287187 (3169653) main____ INFO      arguments : '-style' 'windows' '-allow_unsupported_OS' '-no_gui' '-fpv' './synthlc/i_DIV_out/xPairwiseDepDiv/exclusive_151_.tcl' '-proj' './synthlc/i_DIV_out/xPairwiseDepDiv/exclusive_151_jgsession_26-02-25-13_47_14'
2026-02-25 13:47:17.287205 (3169653) main____ INFO      locale    : UTF-8
2026-02-25 13:47:17.287215 (3169653) main____ INFO    ----------------------------------------
2026-02-25 13:47:17.287224 (3169653) main____ INFO    System resource limits info:
2026-02-25 13:47:17.287237 (3169653) main____ INFO      virtual memory: unlimited
2026-02-25 13:47:17.287249 (3169653) main____ INFO      cpu time      : unlimited
2026-02-25 13:47:17.287268 (3169653) main____ INFO      processes     : 4096
2026-02-25 13:47:17.287290 (3169653) main____ INFO      stack size    : 8388608 B
2026-02-25 13:47:17.287320 (3169653) main____ INFO      core file size: 0 B
2026-02-25 13:47:17.287334 (3169653) main____ INFO      open files    : 4096
2026-02-25 13:47:17.287346 (3169653) main____ INFO      file size     : unlimited
2026-02-25 13:47:17.287356 (3169653) main____ INFO    ----------------------------------------
2026-02-25 13:47:17.287365 (3169653) main____ INFO    Memory statistics:
2026-02-25 13:47:17.287377 (3169653) main____ INFO      total physical memory  : 98449092 kB
2026-02-25 13:47:17.287389 (3169653) main____ INFO      free physical memory   : 76883928 kB
2026-02-25 13:47:17.287401 (3169653) main____ INFO      committed address space: 8313204 kB
2026-02-25 13:47:17.287410 (3169653) main____ INFO    ----------------------------------------
2026-02-25 13:47:17.288576 (3169653) main____ INFO    Important environment variables:
2026-02-25 13:47:17.288602 (3169653) main____ INFO      CDS_LIC_FILE       : '5280@cadlic0'
2026-02-25 13:47:17.288615 (3169653) main____ INFO      JASPER_INSTALL_DIR : '/cad/cadence/jasper_2023.12p001'
2026-02-25 13:47:17.288627 (3169653) main____ INFO      JASPER_KERNEL_CHECK: '1'
2026-02-25 13:47:17.288639 (3169653) main____ INFO      JASPER_OS_CHECK    : '0'
2026-02-25 13:47:17.288651 (3169653) main____ INFO      LANG               : 'en_US.UTF-8'
2026-02-25 13:47:17.288661 (3169653) main____ INFO    ----------------------------------------
2026-02-25 13:47:17.294482 (3169653) lic_core INFO    Initializing license system ...
2026-02-25 13:47:17.312739 (3169653) lic_core INFO    ... license system initialized.
2026-02-25 13:47:17.681761 (3169653) lic__man INFO    Claim 'main' for <ui>.
2026-02-25 13:47:17.681831 (3169653) lic_core INFO    (1) checking out 'jasper_interactive' ...
2026-02-25 13:47:17.695104 (3169653) lic_core INFO    ... (1) checkout succeeded
2026-02-25 13:47:17.695212 (3169653) lic__man INFO    Claim 'fpv' for <ui>.
2026-02-25 13:47:17.695242 (3169653) lic_core INFO    (2) checking out 'jasper_fpv' ...
2026-02-25 13:47:17.700801 (3169653) lic_core INFO    ... (2) checkout failed (error: -5) ("FLEXnet ERROR(-5, 0, 0): No such feature exists.")
2026-02-25 13:47:17.700856 (3169653) lic_core INFO    (3) checking out 'jasper_fao' ...
2026-02-25 13:47:17.712927 (3169653) lic_core INFO    ... (3) checkout succeeded
2026-02-25 13:47:17.721948 (3169653) main____ INFO    Tool inactivity delay is 480000 ms.
2026-02-25 13:47:17.722275 (3169664) stdio___ INFO    Starting STDIN reader (tty: yes, tty name: '/dev/pts/0')
2026-02-25 13:47:17.770441 (3169653) session_ INFO    Starting analysis session with session id 'session_0' (launcher: <local>) ...
2026-02-25 13:47:17.772508 (3169653) session_ INFO    Analysis session with session id 'session_0' started (pid: 3169665)
2026-02-25 13:47:19.297755 (3169653) session_ INFO    Analysis session 'session_0' connected to the console (host: 127.0.0.1:47538)
2026-02-25 13:47:23.550563 (3169653) lic__man INFO    Unclaim everything for 'session_0'.
2026-02-25 13:47:23.921349 (3169653) lic__man INFO    Claim 'fpv' for 'session_0'.
2026-02-25 13:47:23.921404 (3169653) lic__man INFO    Claim 'fpv' for 'session_0/prove-0'.
2026-02-25 13:47:26.408569 (3169653) lic__man INFO    Unclaim everything for 'session_0/prove-0'.
2026-02-25 13:47:26.464878 (3169653) main____ INFO    About to exit: request to exit with status 0 received from analysis session 'session_0'
2026-02-25 13:47:26.795419 (3169653) session_ INFO    Analysis session 'session_0' disconnected.
2026-02-25 13:47:26.795573 (3169653) lic__man INFO    Unclaim everything for 'session_0'.
2026-02-25 13:47:26.795784 (3169653) session_ INFO    Process for analysis session 'session_0' has exited with exit status '0'.
2026-02-25 13:47:28.403859 (3169664) stdio___ INFO    STDIN reader requested to stop.
2026-02-25 13:47:28.403910 (3169664) stdio___ INFO    STDIN reader stopped.
2026-02-25 13:47:28.404228 (3169653) lic_core INFO    (1) checkin jasper_interactive
2026-02-25 13:47:28.405295 (3169653) lic_core INFO    (3) checkin jasper_fao
2026-02-25 13:47:28.416580 (3169653) main____ INFO    Exiting with status 0.
