2026-03-01 22:19:46.214195 (385856) main____ INFO    ----------------------------------------
2026-03-01 22:19:46.214267 (385856) main____ INFO    Jasper version info
2026-03-01 22:19:46.214283 (385856) main____ INFO      tool      : Jasper 2023.12
2026-03-01 22:19:46.214298 (385856) main____ INFO      version   : 2023.12p001 64 bits
2026-03-01 22:19:46.214312 (385856) main____ INFO      build date: 2024.01.23 16:09:24 UTC
2026-03-01 22:19:46.214322 (385856) main____ INFO    ----------------------------------------
2026-03-01 22:19:46.214332 (385856) main____ INFO    Runtime info:
2026-03-01 22:19:46.214343 (385856) main____ INFO      platform  : Linux 4.18.0-553.89.1.el8_10.x86_64 x86_64
2026-03-01 22:19:46.214360 (385856) main____ INFO      hostname  : caddy12.stanford.edu
2026-03-01 22:19:46.214375 (385856) main____ INFO      pid       : 385856
2026-03-01 22:19:46.214386 (385856) main____ INFO      arguments : '-style' 'windows' '-allow_unsupported_OS' '-no_gui' '-fpv' './synthlc/i_BEQ_out/xPerfLocCycleCount/over1cyc_1_div_fsm_s9_.tcl' '-proj' './synthlc/i_BEQ_out/xPerfLocCycleCount/over1cyc_1_div_fsm_s9_jgsession_26-03-01-22_19_46'
2026-03-01 22:19:46.214401 (385856) main____ INFO      locale    : UTF-8
2026-03-01 22:19:46.214412 (385856) main____ INFO    ----------------------------------------
2026-03-01 22:19:46.214421 (385856) main____ INFO    System resource limits info:
2026-03-01 22:19:46.214434 (385856) main____ INFO      virtual memory: unlimited
2026-03-01 22:19:46.214447 (385856) main____ INFO      cpu time      : unlimited
2026-03-01 22:19:46.214463 (385856) main____ INFO      processes     : 4096
2026-03-01 22:19:46.214485 (385856) main____ INFO      stack size    : 8388608 B
2026-03-01 22:19:46.214499 (385856) main____ INFO      core file size: 0 B
2026-03-01 22:19:46.215627 (385856) main____ INFO      open files    : 4096
2026-03-01 22:19:46.215702 (385856) main____ INFO      file size     : unlimited
2026-03-01 22:19:46.215733 (385856) main____ INFO    ----------------------------------------
2026-03-01 22:19:46.215760 (385856) main____ INFO    Memory statistics:
2026-03-01 22:19:46.215792 (385856) main____ INFO      total physical memory  : 98449088 kB
2026-03-01 22:19:46.215823 (385856) main____ INFO      free physical memory   : 85994200 kB
2026-03-01 22:19:46.215854 (385856) main____ INFO      committed address space: 6547496 kB
2026-03-01 22:19:46.215908 (385856) main____ INFO    ----------------------------------------
2026-03-01 22:19:46.217057 (385856) main____ INFO    Important environment variables:
2026-03-01 22:19:46.217502 (385856) main____ INFO      CDS_LIC_FILE       : '5280@cadlic0'
2026-03-01 22:19:46.217516 (385856) main____ INFO      DISPLAY            : 'localhost:12.0'
2026-03-01 22:19:46.217529 (385856) main____ INFO      JASPER_INSTALL_DIR : '/cad/cadence/jasper_2023.12p001'
2026-03-01 22:19:46.217541 (385856) main____ INFO      JASPER_KERNEL_CHECK: '1'
2026-03-01 22:19:46.217553 (385856) main____ INFO      JASPER_OS_CHECK    : '0'
2026-03-01 22:19:46.217566 (385856) main____ INFO      LANG               : 'zh_TW.UTF-8'
2026-03-01 22:19:46.217577 (385856) main____ INFO    ----------------------------------------
2026-03-01 22:19:46.218709 (385856) lic_core INFO    Initializing license system ...
2026-03-01 22:19:46.223006 (385856) lic_core INFO    ... license system initialized.
2026-03-01 22:19:46.236653 (385856) lic__man INFO    Claim 'main' for <ui>.
2026-03-01 22:19:46.236742 (385856) lic_core INFO    (1) checking out 'jasper_interactive' ...
2026-03-01 22:19:46.249600 (385856) lic_core INFO    ... (1) checkout succeeded
2026-03-01 22:19:46.249684 (385856) lic__man INFO    Claim 'fpv' for <ui>.
2026-03-01 22:19:46.249709 (385856) lic_core INFO    (2) checking out 'jasper_fpv' ...
2026-03-01 22:19:46.253776 (385856) lic_core INFO    ... (2) checkout failed (error: -5) ("FLEXnet ERROR(-5, 0, 0): No such feature exists.")
2026-03-01 22:19:46.253819 (385856) lic_core INFO    (3) checking out 'jasper_fao' ...
2026-03-01 22:19:46.264524 (385856) lic_core INFO    ... (3) checkout succeeded
2026-03-01 22:19:46.268612 (385867) stdio___ INFO    Starting STDIN reader (tty: yes, tty name: '/dev/pts/0')
2026-03-01 22:19:46.268822 (385856) main____ INFO    Tool inactivity delay is 480000 ms.
2026-03-01 22:19:46.319383 (385856) session_ INFO    Starting analysis session with session id 'session_0' (launcher: <local>) ...
2026-03-01 22:19:46.321228 (385856) session_ INFO    Analysis session with session id 'session_0' started (pid: 385868)
2026-03-01 22:19:47.499651 (385856) session_ INFO    Analysis session 'session_0' connected to the console (host: 127.0.0.1:47700)
2026-03-01 22:19:50.758057 (385856) lic__man INFO    Unclaim everything for 'session_0'.
2026-03-01 22:19:50.958749 (385856) lic__man INFO    Claim 'fpv' for 'session_0'.
2026-03-01 22:19:50.958785 (385856) lic__man INFO    Claim 'fpv' for 'session_0/prove-0'.
2026-03-01 22:19:52.348611 (385856) lic__man INFO    Unclaim everything for 'session_0/prove-0'.
2026-03-01 22:19:52.403018 (385856) main____ INFO    About to exit: request to exit with status 0 received from analysis session 'session_0'
2026-03-01 22:19:52.557272 (385856) session_ INFO    Analysis session 'session_0' disconnected.
2026-03-01 22:19:52.557491 (385856) lic__man INFO    Unclaim everything for 'session_0'.
2026-03-01 22:19:52.557709 (385856) session_ INFO    Process for analysis session 'session_0' has exited with exit status '0'.
2026-03-01 22:19:54.392873 (385867) stdio___ INFO    STDIN reader requested to stop.
2026-03-01 22:19:54.392939 (385867) stdio___ INFO    STDIN reader stopped.
2026-03-01 22:19:54.393188 (385856) lic_core INFO    (1) checkin jasper_interactive
2026-03-01 22:19:54.394467 (385856) lic_core INFO    (3) checkin jasper_fao
2026-03-01 22:19:54.395455 (385856) main____ INFO    Exiting with status 0.
