2026-03-01 07:17:28.528330 (4061065) main____ INFO    ----------------------------------------
2026-03-01 07:17:28.528431 (4061065) main____ INFO    Jasper version info
2026-03-01 07:17:28.528449 (4061065) main____ INFO      tool      : Jasper 2023.12
2026-03-01 07:17:28.528464 (4061065) main____ INFO      version   : 2023.12p001 64 bits
2026-03-01 07:17:28.528478 (4061065) main____ INFO      build date: 2024.01.23 16:09:24 UTC
2026-03-01 07:17:28.528489 (4061065) main____ INFO    ----------------------------------------
2026-03-01 07:17:28.528498 (4061065) main____ INFO    Runtime info:
2026-03-01 07:17:28.528510 (4061065) main____ INFO      platform  : Linux 4.18.0-553.89.1.el8_10.x86_64 x86_64
2026-03-01 07:17:28.528528 (4061065) main____ INFO      hostname  : caddy12.stanford.edu
2026-03-01 07:17:28.528544 (4061065) main____ INFO      pid       : 4061065
2026-03-01 07:17:28.528556 (4061065) main____ INFO      arguments : '-style' 'windows' '-allow_unsupported_OS' '-no_gui' '-fpv' './synthlc/i_LW_out/xPairwiseDepDiv/nunv_anytwo_328_.tcl' '-proj' './synthlc/i_LW_out/xPairwiseDepDiv/nunv_anytwo_328_jgsession_26-03-01-07_17_27'
2026-03-01 07:17:28.528574 (4061065) main____ INFO      locale    : UTF-8
2026-03-01 07:17:28.528584 (4061065) main____ INFO    ----------------------------------------
2026-03-01 07:17:28.528594 (4061065) main____ INFO    System resource limits info:
2026-03-01 07:17:28.528606 (4061065) main____ INFO      virtual memory: unlimited
2026-03-01 07:17:28.528619 (4061065) main____ INFO      cpu time      : unlimited
2026-03-01 07:17:28.528638 (4061065) main____ INFO      processes     : 4096
2026-03-01 07:17:28.528659 (4061065) main____ INFO      stack size    : 8388608 B
2026-03-01 07:17:28.528690 (4061065) main____ INFO      core file size: 0 B
2026-03-01 07:17:28.528704 (4061065) main____ INFO      open files    : 4096
2026-03-01 07:17:28.528716 (4061065) main____ INFO      file size     : unlimited
2026-03-01 07:17:28.528726 (4061065) main____ INFO    ----------------------------------------
2026-03-01 07:17:28.528736 (4061065) main____ INFO    Memory statistics:
2026-03-01 07:17:28.528758 (4061065) main____ INFO      total physical memory  : 98449088 kB
2026-03-01 07:17:28.528770 (4061065) main____ INFO      free physical memory   : 78238844 kB
2026-03-01 07:17:28.528782 (4061065) main____ INFO      committed address space: 16859000 kB
2026-03-01 07:17:28.528792 (4061065) main____ INFO    ----------------------------------------
2026-03-01 07:17:28.529983 (4061065) main____ INFO    Important environment variables:
2026-03-01 07:17:28.530008 (4061065) main____ INFO      CDS_LIC_FILE       : '5280@cadlic0'
2026-03-01 07:17:28.530022 (4061065) main____ INFO      DISPLAY            : 'localhost:12.0'
2026-03-01 07:17:28.530034 (4061065) main____ INFO      JASPER_INSTALL_DIR : '/cad/cadence/jasper_2023.12p001'
2026-03-01 07:17:28.530047 (4061065) main____ INFO      JASPER_KERNEL_CHECK: '1'
2026-03-01 07:17:28.530059 (4061065) main____ INFO      JASPER_OS_CHECK    : '0'
2026-03-01 07:17:28.530071 (4061065) main____ INFO      LANG               : 'zh_TW.UTF-8'
2026-03-01 07:17:28.530082 (4061065) main____ INFO    ----------------------------------------
2026-03-01 07:17:28.531901 (4061065) lic_core INFO    Initializing license system ...
2026-03-01 07:17:28.550042 (4061065) lic_core INFO    ... license system initialized.
2026-03-01 07:17:28.701933 (4061065) lic__man INFO    Claim 'main' for <ui>.
2026-03-01 07:17:28.702014 (4061065) lic_core INFO    (1) checking out 'jasper_interactive' ...
2026-03-01 07:17:28.759937 (4061065) lic_core INFO    ... (1) checkout succeeded
2026-03-01 07:17:28.760050 (4061065) lic__man INFO    Claim 'fpv' for <ui>.
2026-03-01 07:17:28.760080 (4061065) lic_core INFO    (2) checking out 'jasper_fpv' ...
2026-03-01 07:17:28.764812 (4061065) lic_core INFO    ... (2) checkout failed (error: -5) ("FLEXnet ERROR(-5, 0, 0): No such feature exists.")
2026-03-01 07:17:28.764874 (4061065) lic_core INFO    (3) checking out 'jasper_fao' ...
2026-03-01 07:17:28.776803 (4061065) lic_core INFO    ... (3) checkout succeeded
2026-03-01 07:17:28.778689 (4061065) main____ INFO    Tool inactivity delay is 480000 ms.
2026-03-01 07:17:28.788323 (4061077) stdio___ INFO    Starting STDIN reader (tty: yes, tty name: '/dev/pts/0')
2026-03-01 07:17:28.833956 (4061065) session_ INFO    Starting analysis session with session id 'session_0' (launcher: <local>) ...
2026-03-01 07:17:28.836014 (4061065) session_ INFO    Analysis session with session id 'session_0' started (pid: 4061081)
2026-03-01 07:17:30.668240 (4061065) session_ INFO    Analysis session 'session_0' connected to the console (host: 127.0.0.1:52266)
2026-03-01 07:17:38.054589 (4061065) lic__man INFO    Unclaim everything for 'session_0'.
2026-03-01 07:17:38.248468 (4061065) lic__man INFO    Claim 'fpv' for 'session_0'.
2026-03-01 07:17:38.248515 (4061065) lic__man INFO    Claim 'fpv' for 'session_0/prove-0'.
2026-03-01 07:17:39.316203 (4061065) lic__man INFO    Unclaim everything for 'session_0/prove-0'.
2026-03-01 07:17:39.357835 (4061065) main____ INFO    About to exit: request to exit with status 0 received from analysis session 'session_0'
2026-03-01 07:17:39.502774 (4061065) session_ INFO    Analysis session 'session_0' disconnected.
2026-03-01 07:17:39.502998 (4061065) lic__man INFO    Unclaim everything for 'session_0'.
2026-03-01 07:17:39.503195 (4061065) session_ INFO    Process for analysis session 'session_0' has exited with exit status '0'.
2026-03-01 07:17:41.391867 (4061077) stdio___ INFO    STDIN reader requested to stop.
2026-03-01 07:17:41.391914 (4061077) stdio___ INFO    STDIN reader stopped.
2026-03-01 07:17:41.392145 (4061065) lic_core INFO    (1) checkin jasper_interactive
2026-03-01 07:17:41.393102 (4061065) lic_core INFO    (3) checkin jasper_fao
2026-03-01 07:17:41.394157 (4061065) main____ INFO    Exiting with status 0.
