2026-03-01 21:53:57.301477 (368361) main____ INFO    ----------------------------------------
2026-03-01 21:53:57.301591 (368361) main____ INFO    Jasper version info
2026-03-01 21:53:57.301607 (368361) main____ INFO      tool      : Jasper 2023.12
2026-03-01 21:53:57.301623 (368361) main____ INFO      version   : 2023.12p001 64 bits
2026-03-01 21:53:57.301636 (368361) main____ INFO      build date: 2024.01.23 16:09:24 UTC
2026-03-01 21:53:57.301645 (368361) main____ INFO    ----------------------------------------
2026-03-01 21:53:57.301654 (368361) main____ INFO    Runtime info:
2026-03-01 21:53:57.301677 (368361) main____ INFO      platform  : Linux 4.18.0-553.89.1.el8_10.x86_64 x86_64
2026-03-01 21:53:57.301694 (368361) main____ INFO      hostname  : caddy12.stanford.edu
2026-03-01 21:53:57.301709 (368361) main____ INFO      pid       : 368361
2026-03-01 21:53:57.301719 (368361) main____ INFO      arguments : '-style' 'windows' '-allow_unsupported_OS' '-no_gui' '-fpv' './synthlc/i_BEQ_out/xPairwiseDepDiv/nunv_anytwo_19_.tcl' '-proj' './synthlc/i_BEQ_out/xPairwiseDepDiv/nunv_anytwo_19_jgsession_26-03-01-21_53_56'
2026-03-01 21:53:57.301736 (368361) main____ INFO      locale    : UTF-8
2026-03-01 21:53:57.301746 (368361) main____ INFO    ----------------------------------------
2026-03-01 21:53:57.301754 (368361) main____ INFO    System resource limits info:
2026-03-01 21:53:57.301766 (368361) main____ INFO      virtual memory: unlimited
2026-03-01 21:53:57.301778 (368361) main____ INFO      cpu time      : unlimited
2026-03-01 21:53:57.301796 (368361) main____ INFO      processes     : 4096
2026-03-01 21:53:57.301815 (368361) main____ INFO      stack size    : 8388608 B
2026-03-01 21:53:57.301829 (368361) main____ INFO      core file size: 0 B
2026-03-01 21:53:57.301841 (368361) main____ INFO      open files    : 4096
2026-03-01 21:53:57.301852 (368361) main____ INFO      file size     : unlimited
2026-03-01 21:53:57.301862 (368361) main____ INFO    ----------------------------------------
2026-03-01 21:53:57.301870 (368361) main____ INFO    Memory statistics:
2026-03-01 21:53:57.301882 (368361) main____ INFO      total physical memory  : 98449088 kB
2026-03-01 21:53:57.301893 (368361) main____ INFO      free physical memory   : 84692344 kB
2026-03-01 21:53:57.301904 (368361) main____ INFO      committed address space: 8889784 kB
2026-03-01 21:53:57.301913 (368361) main____ INFO    ----------------------------------------
2026-03-01 21:53:57.303118 (368361) main____ INFO    Important environment variables:
2026-03-01 21:53:57.303142 (368361) main____ INFO      CDS_LIC_FILE       : '5280@cadlic0'
2026-03-01 21:53:57.303155 (368361) main____ INFO      DISPLAY            : 'localhost:12.0'
2026-03-01 21:53:57.303166 (368361) main____ INFO      JASPER_INSTALL_DIR : '/cad/cadence/jasper_2023.12p001'
2026-03-01 21:53:57.303177 (368361) main____ INFO      JASPER_KERNEL_CHECK: '1'
2026-03-01 21:53:57.303188 (368361) main____ INFO      JASPER_OS_CHECK    : '0'
2026-03-01 21:53:57.303200 (368361) main____ INFO      LANG               : 'zh_TW.UTF-8'
2026-03-01 21:53:57.303209 (368361) main____ INFO    ----------------------------------------
2026-03-01 21:53:57.304310 (368361) lic_core INFO    Initializing license system ...
2026-03-01 21:53:57.324544 (368361) lic_core INFO    ... license system initialized.
2026-03-01 21:53:57.390732 (368361) lic__man INFO    Claim 'main' for <ui>.
2026-03-01 21:53:57.390805 (368361) lic_core INFO    (1) checking out 'jasper_interactive' ...
2026-03-01 21:53:57.404457 (368361) lic_core INFO    ... (1) checkout succeeded
2026-03-01 21:53:57.404570 (368361) lic__man INFO    Claim 'fpv' for <ui>.
2026-03-01 21:53:57.404612 (368361) lic_core INFO    (2) checking out 'jasper_fpv' ...
2026-03-01 21:53:57.409477 (368361) lic_core INFO    ... (2) checkout failed (error: -5) ("FLEXnet ERROR(-5, 0, 0): No such feature exists.")
2026-03-01 21:53:57.415142 (368361) lic_core INFO    (3) checking out 'jasper_fao' ...
2026-03-01 21:53:57.427103 (368361) lic_core INFO    ... (3) checkout succeeded
2026-03-01 21:53:57.435468 (368361) main____ INFO    Tool inactivity delay is 480000 ms.
2026-03-01 21:53:57.437540 (368388) stdio___ INFO    Starting STDIN reader (tty: yes, tty name: '/dev/pts/0')
2026-03-01 21:53:57.492229 (368361) session_ INFO    Starting analysis session with session id 'session_0' (launcher: <local>) ...
2026-03-01 21:53:57.494127 (368361) session_ INFO    Analysis session with session id 'session_0' started (pid: 368395)
2026-03-01 21:53:58.774111 (368361) session_ INFO    Analysis session 'session_0' connected to the console (host: 127.0.0.1:37066)
2026-03-01 21:54:02.820928 (368361) lic__man INFO    Unclaim everything for 'session_0'.
2026-03-01 21:54:03.051451 (368361) lic__man INFO    Claim 'fpv' for 'session_0'.
2026-03-01 21:54:03.051498 (368361) lic__man INFO    Claim 'fpv' for 'session_0/prove-0'.
2026-03-01 21:54:06.113083 (368361) lic__man INFO    Unclaim everything for 'session_0/prove-0'.
2026-03-01 21:54:06.159979 (368361) main____ INFO    About to exit: request to exit with status 0 received from analysis session 'session_0'
2026-03-01 21:54:06.414036 (368361) session_ INFO    Analysis session 'session_0' disconnected.
2026-03-01 21:54:06.414195 (368361) lic__man INFO    Unclaim everything for 'session_0'.
2026-03-01 21:54:06.414385 (368361) session_ INFO    Process for analysis session 'session_0' has exited with exit status '0'.
2026-03-01 21:54:08.278871 (368388) stdio___ INFO    STDIN reader requested to stop.
2026-03-01 21:54:08.278933 (368388) stdio___ INFO    STDIN reader stopped.
2026-03-01 21:54:08.279552 (368361) lic_core INFO    (1) checkin jasper_interactive
2026-03-01 21:54:08.291508 (368361) lic_core INFO    (3) checkin jasper_fao
2026-03-01 21:54:08.301654 (368361) main____ INFO    Exiting with status 0.
