2026-02-25 11:52:46.495908 (3111016) main____ INFO    ----------------------------------------
2026-02-25 11:52:46.496013 (3111016) main____ INFO    Jasper version info
2026-02-25 11:52:46.496030 (3111016) main____ INFO      tool      : Jasper 2023.12
2026-02-25 11:52:46.496045 (3111016) main____ INFO      version   : 2023.12p001 64 bits
2026-02-25 11:52:46.496059 (3111016) main____ INFO      build date: 2024.01.23 16:09:24 UTC
2026-02-25 11:52:46.496069 (3111016) main____ INFO    ----------------------------------------
2026-02-25 11:52:46.496078 (3111016) main____ INFO    Runtime info:
2026-02-25 11:52:46.496089 (3111016) main____ INFO      platform  : Linux 4.18.0-553.89.1.el8_10.x86_64 x86_64
2026-02-25 11:52:46.496109 (3111016) main____ INFO      hostname  : caddy15.stanford.edu
2026-02-25 11:52:46.496124 (3111016) main____ INFO      pid       : 3111016
2026-02-25 11:52:46.496135 (3111016) main____ INFO      arguments : '-style' 'windows' '-allow_unsupported_OS' '-no_gui' '-fpv' './synthlc/i_DIV_out/xPairwiseDepDiv/nunv_anytwo_168_.tcl' '-proj' './synthlc/i_DIV_out/xPairwiseDepDiv/nunv_anytwo_168_jgsession_26-02-25-11_52_45'
2026-02-25 11:52:46.496153 (3111016) main____ INFO      locale    : UTF-8
2026-02-25 11:52:46.496163 (3111016) main____ INFO    ----------------------------------------
2026-02-25 11:52:46.496172 (3111016) main____ INFO    System resource limits info:
2026-02-25 11:52:46.496194 (3111016) main____ INFO      virtual memory: unlimited
2026-02-25 11:52:46.496207 (3111016) main____ INFO      cpu time      : unlimited
2026-02-25 11:52:46.496226 (3111016) main____ INFO      processes     : 4096
2026-02-25 11:52:46.496247 (3111016) main____ INFO      stack size    : 8388608 B
2026-02-25 11:52:46.496262 (3111016) main____ INFO      core file size: 0 B
2026-02-25 11:52:46.496275 (3111016) main____ INFO      open files    : 4096
2026-02-25 11:52:46.496287 (3111016) main____ INFO      file size     : unlimited
2026-02-25 11:52:46.496296 (3111016) main____ INFO    ----------------------------------------
2026-02-25 11:52:46.496319 (3111016) main____ INFO    Memory statistics:
2026-02-25 11:52:46.496331 (3111016) main____ INFO      total physical memory  : 98449092 kB
2026-02-25 11:52:46.496342 (3111016) main____ INFO      free physical memory   : 67784268 kB
2026-02-25 11:52:46.496354 (3111016) main____ INFO      committed address space: 18965948 kB
2026-02-25 11:52:46.496363 (3111016) main____ INFO    ----------------------------------------
2026-02-25 11:52:46.497542 (3111016) main____ INFO    Important environment variables:
2026-02-25 11:52:46.497568 (3111016) main____ INFO      CDS_LIC_FILE       : '5280@cadlic0'
2026-02-25 11:52:46.497580 (3111016) main____ INFO      JASPER_INSTALL_DIR : '/cad/cadence/jasper_2023.12p001'
2026-02-25 11:52:46.497593 (3111016) main____ INFO      JASPER_KERNEL_CHECK: '1'
2026-02-25 11:52:46.497605 (3111016) main____ INFO      JASPER_OS_CHECK    : '0'
2026-02-25 11:52:46.497617 (3111016) main____ INFO      LANG               : 'en_US.UTF-8'
2026-02-25 11:52:46.497627 (3111016) main____ INFO    ----------------------------------------
2026-02-25 11:52:46.507543 (3111016) lic_core INFO    Initializing license system ...
2026-02-25 11:52:46.523722 (3111016) lic_core INFO    ... license system initialized.
2026-02-25 11:52:46.655030 (3111016) lic__man INFO    Claim 'main' for <ui>.
2026-02-25 11:52:46.655103 (3111016) lic_core INFO    (1) checking out 'jasper_interactive' ...
2026-02-25 11:52:46.730669 (3111016) lic_core INFO    ... (1) checkout succeeded
2026-02-25 11:52:46.730784 (3111016) lic__man INFO    Claim 'fpv' for <ui>.
2026-02-25 11:52:46.730817 (3111016) lic_core INFO    (2) checking out 'jasper_fpv' ...
2026-02-25 11:52:46.782773 (3111016) lic_core INFO    ... (2) checkout failed (error: -5) ("FLEXnet ERROR(-5, 0, 0): No such feature exists.")
2026-02-25 11:52:46.782833 (3111016) lic_core INFO    (3) checking out 'jasper_fao' ...
2026-02-25 11:52:46.852544 (3111016) lic_core INFO    ... (3) checkout succeeded
2026-02-25 11:52:46.876284 (3111016) main____ INFO    Tool inactivity delay is 480000 ms.
2026-02-25 11:52:46.884576 (3111027) stdio___ INFO    Starting STDIN reader (tty: yes, tty name: '/dev/pts/0')
2026-02-25 11:52:47.284440 (3111016) session_ INFO    Starting analysis session with session id 'session_0' (launcher: <local>) ...
2026-02-25 11:52:47.286402 (3111016) session_ INFO    Analysis session with session id 'session_0' started (pid: 3111028)
2026-02-25 11:52:51.423927 (3111016) session_ INFO    Analysis session 'session_0' connected to the console (host: 127.0.0.1:60946)
2026-02-25 11:53:00.463520 (3111016) lic__man INFO    Unclaim everything for 'session_0'.
2026-02-25 11:53:00.854634 (3111016) lic__man INFO    Claim 'fpv' for 'session_0'.
2026-02-25 11:53:00.854684 (3111016) lic__man INFO    Claim 'fpv' for 'session_0/prove-0'.
2026-02-25 11:53:04.518131 (3111016) lic__man INFO    Unclaim everything for 'session_0/prove-0'.
2026-02-25 11:53:04.629628 (3111016) main____ INFO    About to exit: request to exit with status 0 received from analysis session 'session_0'
2026-02-25 11:53:05.140949 (3111016) session_ INFO    Analysis session 'session_0' disconnected.
2026-02-25 11:53:05.141106 (3111016) lic__man INFO    Unclaim everything for 'session_0'.
2026-02-25 11:53:05.141848 (3111016) session_ INFO    Process for analysis session 'session_0' has exited with exit status '0'.
2026-02-25 11:53:06.556403 (3111027) stdio___ INFO    STDIN reader requested to stop.
2026-02-25 11:53:06.556469 (3111027) stdio___ INFO    STDIN reader stopped.
2026-02-25 11:53:06.557582 (3111016) lic_core INFO    (1) checkin jasper_interactive
2026-02-25 11:53:06.562530 (3111016) lic_core INFO    (3) checkin jasper_fao
2026-02-25 11:53:06.584711 (3111016) main____ INFO    Exiting with status 0.
