2026-02-28 19:37:58.854057 (951674) main____ INFO    ----------------------------------------
2026-02-28 19:37:58.854132 (951674) main____ INFO    Jasper version info
2026-02-28 19:37:58.854147 (951674) main____ INFO      tool      : Jasper 2023.12
2026-02-28 19:37:58.854161 (951674) main____ INFO      version   : 2023.12p001 64 bits
2026-02-28 19:37:58.854174 (951674) main____ INFO      build date: 2024.01.23 16:09:24 UTC
2026-02-28 19:37:58.854184 (951674) main____ INFO    ----------------------------------------
2026-02-28 19:37:58.854193 (951674) main____ INFO    Runtime info:
2026-02-28 19:37:58.854204 (951674) main____ INFO      platform  : Linux 4.18.0-553.89.1.el8_10.x86_64 x86_64
2026-02-28 19:37:58.854220 (951674) main____ INFO      hostname  : caddy15.stanford.edu
2026-02-28 19:37:58.854235 (951674) main____ INFO      pid       : 951674
2026-02-28 19:37:58.854245 (951674) main____ INFO      arguments : '-style' 'windows' '-allow_unsupported_OS' '-no_gui' '-fpv' './synthlc/i_ADDI_out/xPerfLocSubsetDiv/coverset_23_.tcl' '-proj' './synthlc/i_ADDI_out/xPerfLocSubsetDiv/coverset_23_jgsession_26-02-28-19_37_58'
2026-02-28 19:37:58.854260 (951674) main____ INFO      locale    : UTF-8
2026-02-28 19:37:58.854270 (951674) main____ INFO    ----------------------------------------
2026-02-28 19:37:58.854279 (951674) main____ INFO    System resource limits info:
2026-02-28 19:37:58.854291 (951674) main____ INFO      virtual memory: unlimited
2026-02-28 19:37:58.854319 (951674) main____ INFO      cpu time      : unlimited
2026-02-28 19:37:58.854338 (951674) main____ INFO      processes     : 4096
2026-02-28 19:37:58.854358 (951674) main____ INFO      stack size    : 8388608 B
2026-02-28 19:37:58.854371 (951674) main____ INFO      core file size: 0 B
2026-02-28 19:37:58.854384 (951674) main____ INFO      open files    : 4096
2026-02-28 19:37:58.854396 (951674) main____ INFO      file size     : unlimited
2026-02-28 19:37:58.854405 (951674) main____ INFO    ----------------------------------------
2026-02-28 19:37:58.854414 (951674) main____ INFO    Memory statistics:
2026-02-28 19:37:58.854426 (951674) main____ INFO      total physical memory  : 98449092 kB
2026-02-28 19:37:58.854437 (951674) main____ INFO      free physical memory   : 79509968 kB
2026-02-28 19:37:58.854448 (951674) main____ INFO      committed address space: 2284252 kB
2026-02-28 19:37:58.854458 (951674) main____ INFO    ----------------------------------------
2026-02-28 19:37:58.855573 (951674) main____ INFO    Important environment variables:
2026-02-28 19:37:58.855595 (951674) main____ INFO      CDS_LIC_FILE       : '5280@cadlic0'
2026-02-28 19:37:58.855608 (951674) main____ INFO      JASPER_INSTALL_DIR : '/cad/cadence/jasper_2023.12p001'
2026-02-28 19:37:58.855620 (951674) main____ INFO      JASPER_KERNEL_CHECK: '1'
2026-02-28 19:37:58.855631 (951674) main____ INFO      JASPER_OS_CHECK    : '0'
2026-02-28 19:37:58.855643 (951674) main____ INFO      LANG               : 'en_US.UTF-8'
2026-02-28 19:37:58.855653 (951674) main____ INFO    ----------------------------------------
2026-02-28 19:37:58.856781 (951674) lic_core INFO    Initializing license system ...
2026-02-28 19:37:58.858349 (951674) lic_core INFO    ... license system initialized.
2026-02-28 19:37:58.869547 (951674) lic__man INFO    Claim 'main' for <ui>.
2026-02-28 19:37:58.869587 (951674) lic_core INFO    (1) checking out 'jasper_interactive' ...
2026-02-28 19:37:58.881607 (951674) lic_core INFO    ... (1) checkout succeeded
2026-02-28 19:37:58.881661 (951674) lic__man INFO    Claim 'fpv' for <ui>.
2026-02-28 19:37:58.881680 (951674) lic_core INFO    (2) checking out 'jasper_fpv' ...
2026-02-28 19:37:58.885722 (951674) lic_core INFO    ... (2) checkout failed (error: -5) ("FLEXnet ERROR(-5, 0, 0): No such feature exists.")
2026-02-28 19:37:58.885751 (951674) lic_core INFO    (3) checking out 'jasper_fao' ...
2026-02-28 19:37:58.896712 (951674) lic_core INFO    ... (3) checkout succeeded
2026-02-28 19:37:58.897703 (951695) stdio___ INFO    Starting STDIN reader (tty: yes, tty name: '/dev/pts/0')
2026-02-28 19:37:58.897801 (951674) main____ INFO    Tool inactivity delay is 480000 ms.
2026-02-28 19:37:58.941552 (951674) session_ INFO    Starting analysis session with session id 'session_0' (launcher: <local>) ...
2026-02-28 19:37:58.943244 (951674) session_ INFO    Analysis session with session id 'session_0' started (pid: 951696)
2026-02-28 19:38:00.042758 (951674) session_ INFO    Analysis session 'session_0' connected to the console (host: 127.0.0.1:40452)
2026-02-28 19:38:03.054547 (951674) lic__man INFO    Unclaim everything for 'session_0'.
2026-02-28 19:38:03.376908 (951674) lic__man INFO    Claim 'fpv' for 'session_0'.
2026-02-28 19:38:03.376952 (951674) lic__man INFO    Claim 'fpv' for 'session_0/prove-0'.
2026-02-28 19:38:10.961028 (951674) lic__man INFO    Unclaim everything for 'session_0/prove-0'.
2026-02-28 19:38:11.002433 (951674) main____ INFO    About to exit: request to exit with status 0 received from analysis session 'session_0'
2026-02-28 19:38:11.150384 (951674) session_ INFO    Analysis session 'session_0' disconnected.
2026-02-28 19:38:11.150579 (951674) lic__man INFO    Unclaim everything for 'session_0'.
2026-02-28 19:38:11.150790 (951674) session_ INFO    Process for analysis session 'session_0' has exited with exit status '0'.
2026-02-28 19:38:12.909221 (951695) stdio___ INFO    STDIN reader requested to stop.
2026-02-28 19:38:12.909259 (951695) stdio___ INFO    STDIN reader stopped.
2026-02-28 19:38:12.909499 (951674) lic_core INFO    (1) checkin jasper_interactive
2026-02-28 19:38:12.911207 (951674) lic_core INFO    (3) checkin jasper_fao
2026-02-28 19:38:12.912214 (951674) main____ INFO    Exiting with status 0.
