2026-03-02 10:37:39.047187 (563529) main____ INFO    ----------------------------------------
2026-03-02 10:37:39.047279 (563529) main____ INFO    Jasper version info
2026-03-02 10:37:39.047295 (563529) main____ INFO      tool      : Jasper 2023.12
2026-03-02 10:37:39.047310 (563529) main____ INFO      version   : 2023.12p001 64 bits
2026-03-02 10:37:39.047323 (563529) main____ INFO      build date: 2024.01.23 16:09:24 UTC
2026-03-02 10:37:39.047333 (563529) main____ INFO    ----------------------------------------
2026-03-02 10:37:39.047342 (563529) main____ INFO    Runtime info:
2026-03-02 10:37:39.047353 (563529) main____ INFO      platform  : Linux 4.18.0-553.89.1.el8_10.x86_64 x86_64
2026-03-02 10:37:39.047372 (563529) main____ INFO      hostname  : caddy12.stanford.edu
2026-03-02 10:37:39.047388 (563529) main____ INFO      pid       : 563529
2026-03-02 10:37:39.047398 (563529) main____ INFO      arguments : '-style' 'windows' '-allow_unsupported_OS' '-no_gui' '-fpv' './synthlc/i_ADDI_out/xPairwiseDepDiv/nunv_anytwo_48_.tcl' '-proj' './synthlc/i_ADDI_out/xPairwiseDepDiv/nunv_anytwo_48_jgsession_26-03-02-10_37_38'
2026-03-02 10:37:39.047415 (563529) main____ INFO      locale    : UTF-8
2026-03-02 10:37:39.047425 (563529) main____ INFO    ----------------------------------------
2026-03-02 10:37:39.047434 (563529) main____ INFO    System resource limits info:
2026-03-02 10:37:39.047446 (563529) main____ INFO      virtual memory: unlimited
2026-03-02 10:37:39.047458 (563529) main____ INFO      cpu time      : unlimited
2026-03-02 10:37:39.047476 (563529) main____ INFO      processes     : 4096
2026-03-02 10:37:39.047496 (563529) main____ INFO      stack size    : 8388608 B
2026-03-02 10:37:39.047510 (563529) main____ INFO      core file size: 0 B
2026-03-02 10:37:39.047522 (563529) main____ INFO      open files    : 4096
2026-03-02 10:37:39.047534 (563529) main____ INFO      file size     : unlimited
2026-03-02 10:37:39.047543 (563529) main____ INFO    ----------------------------------------
2026-03-02 10:37:39.047552 (563529) main____ INFO    Memory statistics:
2026-03-02 10:37:39.047564 (563529) main____ INFO      total physical memory  : 98449088 kB
2026-03-02 10:37:39.047575 (563529) main____ INFO      free physical memory   : 82632596 kB
2026-03-02 10:37:39.047586 (563529) main____ INFO      committed address space: 13647056 kB
2026-03-02 10:37:39.047595 (563529) main____ INFO    ----------------------------------------
2026-03-02 10:37:39.048802 (563529) main____ INFO    Important environment variables:
2026-03-02 10:37:39.048835 (563529) main____ INFO      CDS_LIC_FILE       : '5280@cadlic0'
2026-03-02 10:37:39.048848 (563529) main____ INFO      DISPLAY            : 'localhost:12.0'
2026-03-02 10:37:39.048860 (563529) main____ INFO      JASPER_INSTALL_DIR : '/cad/cadence/jasper_2023.12p001'
2026-03-02 10:37:39.048872 (563529) main____ INFO      JASPER_KERNEL_CHECK: '1'
2026-03-02 10:37:39.048883 (563529) main____ INFO      JASPER_OS_CHECK    : '0'
2026-03-02 10:37:39.048895 (563529) main____ INFO      LANG               : 'zh_TW.UTF-8'
2026-03-02 10:37:39.048904 (563529) main____ INFO    ----------------------------------------
2026-03-02 10:37:39.061815 (563529) lic_core INFO    Initializing license system ...
2026-03-02 10:37:39.073557 (563529) lic_core INFO    ... license system initialized.
2026-03-02 10:37:39.154002 (563529) lic__man INFO    Claim 'main' for <ui>.
2026-03-02 10:37:39.154073 (563529) lic_core INFO    (1) checking out 'jasper_interactive' ...
2026-03-02 10:37:39.216114 (563529) lic_core INFO    ... (1) checkout succeeded
2026-03-02 10:37:39.216220 (563529) lic__man INFO    Claim 'fpv' for <ui>.
2026-03-02 10:37:39.216247 (563529) lic_core INFO    (2) checking out 'jasper_fpv' ...
2026-03-02 10:37:39.282149 (563529) lic_core INFO    ... (2) checkout failed (error: -5) ("FLEXnet ERROR(-5, 0, 0): No such feature exists.")
2026-03-02 10:37:39.282204 (563529) lic_core INFO    (3) checking out 'jasper_fao' ...
2026-03-02 10:37:39.295958 (563529) lic_core INFO    ... (3) checkout succeeded
2026-03-02 10:37:39.298413 (563529) main____ INFO    Tool inactivity delay is 480000 ms.
2026-03-02 10:37:39.298723 (563569) stdio___ INFO    Starting STDIN reader (tty: yes, tty name: '/dev/pts/0')
2026-03-02 10:37:39.474003 (563529) session_ INFO    Starting analysis session with session id 'session_0' (launcher: <local>) ...
2026-03-02 10:37:39.476016 (563529) session_ INFO    Analysis session with session id 'session_0' started (pid: 563570)
2026-03-02 10:37:40.967310 (563529) session_ INFO    Analysis session 'session_0' connected to the console (host: 127.0.0.1:36466)
2026-03-02 10:37:45.996870 (563529) lic__man INFO    Unclaim everything for 'session_0'.
2026-03-02 10:37:46.297039 (563529) lic__man INFO    Claim 'fpv' for 'session_0'.
2026-03-02 10:37:46.297083 (563529) lic__man INFO    Claim 'fpv' for 'session_0/prove-0'.
2026-03-02 10:37:49.126525 (563529) lic__man INFO    Unclaim everything for 'session_0/prove-0'.
2026-03-02 10:37:49.210984 (563529) main____ INFO    About to exit: request to exit with status 0 received from analysis session 'session_0'
2026-03-02 10:37:49.670264 (563529) session_ INFO    Analysis session 'session_0' disconnected.
2026-03-02 10:37:49.670407 (563529) lic__man INFO    Unclaim everything for 'session_0'.
2026-03-02 10:37:49.677863 (563529) session_ INFO    Process for analysis session 'session_0' has exited with exit status '0'.
2026-03-02 10:37:51.332903 (563569) stdio___ INFO    STDIN reader requested to stop.
2026-03-02 10:37:51.332965 (563569) stdio___ INFO    STDIN reader stopped.
2026-03-02 10:37:51.333357 (563529) lic_core INFO    (1) checkin jasper_interactive
2026-03-02 10:37:51.336831 (563529) lic_core INFO    (3) checkin jasper_fao
2026-03-02 10:37:51.369709 (563529) main____ INFO    Exiting with status 0.
