2026-03-01 01:39:26.233953 (1185283) main____ INFO    ----------------------------------------
2026-03-01 01:39:26.234015 (1185283) main____ INFO    Jasper version info
2026-03-01 01:39:26.234030 (1185283) main____ INFO      tool      : Jasper 2023.12
2026-03-01 01:39:26.234044 (1185283) main____ INFO      version   : 2023.12p001 64 bits
2026-03-01 01:39:26.234056 (1185283) main____ INFO      build date: 2024.01.23 16:09:24 UTC
2026-03-01 01:39:26.234066 (1185283) main____ INFO    ----------------------------------------
2026-03-01 01:39:26.234076 (1185283) main____ INFO    Runtime info:
2026-03-01 01:39:26.234086 (1185283) main____ INFO      platform  : Linux 4.18.0-553.89.1.el8_10.x86_64 x86_64
2026-03-01 01:39:26.234103 (1185283) main____ INFO      hostname  : caddy15.stanford.edu
2026-03-01 01:39:26.234117 (1185283) main____ INFO      pid       : 1185283
2026-03-01 01:39:26.234128 (1185283) main____ INFO      arguments : '-style' 'windows' '-allow_unsupported_OS' '-no_gui' '-fpv' './synthlc/i_LW_out/xPerfLocSubsetDiv/coverset_9_.tcl' '-proj' './synthlc/i_LW_out/xPerfLocSubsetDiv/coverset_9_jgsession_26-03-01-01_39_26'
2026-03-01 01:39:26.234143 (1185283) main____ INFO      locale    : UTF-8
2026-03-01 01:39:26.234153 (1185283) main____ INFO    ----------------------------------------
2026-03-01 01:39:26.234163 (1185283) main____ INFO    System resource limits info:
2026-03-01 01:39:26.234175 (1185283) main____ INFO      virtual memory: unlimited
2026-03-01 01:39:26.234187 (1185283) main____ INFO      cpu time      : unlimited
2026-03-01 01:39:26.234204 (1185283) main____ INFO      processes     : 4096
2026-03-01 01:39:26.234222 (1185283) main____ INFO      stack size    : 8388608 B
2026-03-01 01:39:26.234244 (1185283) main____ INFO      core file size: 0 B
2026-03-01 01:39:26.234257 (1185283) main____ INFO      open files    : 4096
2026-03-01 01:39:26.234269 (1185283) main____ INFO      file size     : unlimited
2026-03-01 01:39:26.234279 (1185283) main____ INFO    ----------------------------------------
2026-03-01 01:39:26.234288 (1185283) main____ INFO    Memory statistics:
2026-03-01 01:39:26.234300 (1185283) main____ INFO      total physical memory  : 98449092 kB
2026-03-01 01:39:26.234326 (1185283) main____ INFO      free physical memory   : 79672668 kB
2026-03-01 01:39:26.234337 (1185283) main____ INFO      committed address space: 2067488 kB
2026-03-01 01:39:26.234347 (1185283) main____ INFO    ----------------------------------------
2026-03-01 01:39:26.235459 (1185283) main____ INFO    Important environment variables:
2026-03-01 01:39:26.235480 (1185283) main____ INFO      CDS_LIC_FILE       : '5280@cadlic0'
2026-03-01 01:39:26.235493 (1185283) main____ INFO      JASPER_INSTALL_DIR : '/cad/cadence/jasper_2023.12p001'
2026-03-01 01:39:26.235505 (1185283) main____ INFO      JASPER_KERNEL_CHECK: '1'
2026-03-01 01:39:26.235517 (1185283) main____ INFO      JASPER_OS_CHECK    : '0'
2026-03-01 01:39:26.235528 (1185283) main____ INFO      LANG               : 'en_US.UTF-8'
2026-03-01 01:39:26.235538 (1185283) main____ INFO    ----------------------------------------
2026-03-01 01:39:26.236674 (1185283) lic_core INFO    Initializing license system ...
2026-03-01 01:39:26.238176 (1185283) lic_core INFO    ... license system initialized.
2026-03-01 01:39:26.248977 (1185283) lic__man INFO    Claim 'main' for <ui>.
2026-03-01 01:39:26.249018 (1185283) lic_core INFO    (1) checking out 'jasper_interactive' ...
2026-03-01 01:39:26.260778 (1185283) lic_core INFO    ... (1) checkout succeeded
2026-03-01 01:39:26.260837 (1185283) lic__man INFO    Claim 'fpv' for <ui>.
2026-03-01 01:39:26.260857 (1185283) lic_core INFO    (2) checking out 'jasper_fpv' ...
2026-03-01 01:39:26.264687 (1185283) lic_core INFO    ... (2) checkout failed (error: -5) ("FLEXnet ERROR(-5, 0, 0): No such feature exists.")
2026-03-01 01:39:26.264717 (1185283) lic_core INFO    (3) checking out 'jasper_fao' ...
2026-03-01 01:39:26.275500 (1185283) lic_core INFO    ... (3) checkout succeeded
2026-03-01 01:39:26.276509 (1185299) stdio___ INFO    Starting STDIN reader (tty: yes, tty name: '/dev/pts/0')
2026-03-01 01:39:26.276630 (1185283) main____ INFO    Tool inactivity delay is 480000 ms.
2026-03-01 01:39:26.319155 (1185283) session_ INFO    Starting analysis session with session id 'session_0' (launcher: <local>) ...
2026-03-01 01:39:26.320912 (1185283) session_ INFO    Analysis session with session id 'session_0' started (pid: 1185300)
2026-03-01 01:39:27.439608 (1185283) session_ INFO    Analysis session 'session_0' connected to the console (host: 127.0.0.1:45778)
2026-03-01 01:39:33.204543 (1185283) lic__man INFO    Unclaim everything for 'session_0'.
2026-03-01 01:39:33.634008 (1185283) lic__man INFO    Claim 'fpv' for 'session_0'.
2026-03-01 01:39:33.634065 (1185283) lic__man INFO    Claim 'fpv' for 'session_0/prove-0'.
2026-03-01 01:39:36.753840 (1185283) lic__man INFO    Unclaim everything for 'session_0/prove-0'.
2026-03-01 01:39:36.796426 (1185283) main____ INFO    About to exit: request to exit with status 0 received from analysis session 'session_0'
2026-03-01 01:39:36.938965 (1185283) session_ INFO    Analysis session 'session_0' disconnected.
2026-03-01 01:39:36.939085 (1185283) lic__man INFO    Unclaim everything for 'session_0'.
2026-03-01 01:39:36.939348 (1185283) session_ INFO    Process for analysis session 'session_0' has exited with exit status '0'.
2026-03-01 01:39:38.903545 (1185299) stdio___ INFO    STDIN reader requested to stop.
2026-03-01 01:39:38.903583 (1185299) stdio___ INFO    STDIN reader stopped.
2026-03-01 01:39:38.903803 (1185283) lic_core INFO    (1) checkin jasper_interactive
2026-03-01 01:39:38.904988 (1185283) lic_core INFO    (3) checkin jasper_fao
2026-03-01 01:39:38.906135 (1185283) main____ INFO    Exiting with status 0.
