2026-02-26 01:37:07.546899 (3614185) main____ INFO    ----------------------------------------
2026-02-26 01:37:07.546988 (3614185) main____ INFO    Jasper version info
2026-02-26 01:37:07.547004 (3614185) main____ INFO      tool      : Jasper 2023.12
2026-02-26 01:37:07.547019 (3614185) main____ INFO      version   : 2023.12p001 64 bits
2026-02-26 01:37:07.547033 (3614185) main____ INFO      build date: 2024.01.23 16:09:24 UTC
2026-02-26 01:37:07.547043 (3614185) main____ INFO    ----------------------------------------
2026-02-26 01:37:07.547053 (3614185) main____ INFO    Runtime info:
2026-02-26 01:37:07.547064 (3614185) main____ INFO      platform  : Linux 4.18.0-553.89.1.el8_10.x86_64 x86_64
2026-02-26 01:37:07.547083 (3614185) main____ INFO      hostname  : caddy15.stanford.edu
2026-02-26 01:37:07.547099 (3614185) main____ INFO      pid       : 3614185
2026-02-26 01:37:07.547110 (3614185) main____ INFO      arguments : '-style' 'windows' '-allow_unsupported_OS' '-no_gui' '-fpv' './synthlc/i_ADDI_out/xPairwiseDepDiv/exclusive_264_.tcl' '-proj' './synthlc/i_ADDI_out/xPairwiseDepDiv/exclusive_264_jgsession_26-02-26-01_37_07'
2026-02-26 01:37:07.547128 (3614185) main____ INFO      locale    : UTF-8
2026-02-26 01:37:07.547138 (3614185) main____ INFO    ----------------------------------------
2026-02-26 01:37:07.547148 (3614185) main____ INFO    System resource limits info:
2026-02-26 01:37:07.547160 (3614185) main____ INFO      virtual memory: unlimited
2026-02-26 01:37:07.547172 (3614185) main____ INFO      cpu time      : unlimited
2026-02-26 01:37:07.547191 (3614185) main____ INFO      processes     : 4096
2026-02-26 01:37:07.547211 (3614185) main____ INFO      stack size    : 8388608 B
2026-02-26 01:37:07.547225 (3614185) main____ INFO      core file size: 0 B
2026-02-26 01:37:07.547238 (3614185) main____ INFO      open files    : 4096
2026-02-26 01:37:07.547251 (3614185) main____ INFO      file size     : unlimited
2026-02-26 01:37:07.547261 (3614185) main____ INFO    ----------------------------------------
2026-02-26 01:37:07.547270 (3614185) main____ INFO    Memory statistics:
2026-02-26 01:37:07.547281 (3614185) main____ INFO      total physical memory  : 98449092 kB
2026-02-26 01:37:07.547293 (3614185) main____ INFO      free physical memory   : 74980024 kB
2026-02-26 01:37:07.547316 (3614185) main____ INFO      committed address space: 8790884 kB
2026-02-26 01:37:07.547326 (3614185) main____ INFO    ----------------------------------------
2026-02-26 01:37:07.548486 (3614185) main____ INFO    Important environment variables:
2026-02-26 01:37:07.548512 (3614185) main____ INFO      CDS_LIC_FILE       : '5280@cadlic0'
2026-02-26 01:37:07.548524 (3614185) main____ INFO      JASPER_INSTALL_DIR : '/cad/cadence/jasper_2023.12p001'
2026-02-26 01:37:07.548536 (3614185) main____ INFO      JASPER_KERNEL_CHECK: '1'
2026-02-26 01:37:07.548549 (3614185) main____ INFO      JASPER_OS_CHECK    : '0'
2026-02-26 01:37:07.548561 (3614185) main____ INFO      LANG               : 'en_US.UTF-8'
2026-02-26 01:37:07.548571 (3614185) main____ INFO    ----------------------------------------
2026-02-26 01:37:07.550467 (3614185) lic_core INFO    Initializing license system ...
2026-02-26 01:37:07.553510 (3614185) lic_core INFO    ... license system initialized.
2026-02-26 01:37:07.565076 (3614185) lic__man INFO    Claim 'main' for <ui>.
2026-02-26 01:37:07.565143 (3614185) lic_core INFO    (1) checking out 'jasper_interactive' ...
2026-02-26 01:37:07.628906 (3614185) lic_core INFO    ... (1) checkout succeeded
2026-02-26 01:37:07.629012 (3614185) lic__man INFO    Claim 'fpv' for <ui>.
2026-02-26 01:37:07.629044 (3614185) lic_core INFO    (2) checking out 'jasper_fpv' ...
2026-02-26 01:37:07.691921 (3614185) lic_core INFO    ... (2) checkout failed (error: -5) ("FLEXnet ERROR(-5, 0, 0): No such feature exists.")
2026-02-26 01:37:07.691988 (3614185) lic_core INFO    (3) checking out 'jasper_fao' ...
2026-02-26 01:37:07.759923 (3614185) lic_core INFO    ... (3) checkout succeeded
2026-02-26 01:37:07.761466 (3614185) main____ INFO    Tool inactivity delay is 480000 ms.
2026-02-26 01:37:07.771560 (3614197) stdio___ INFO    Starting STDIN reader (tty: yes, tty name: '/dev/pts/0')
2026-02-26 01:37:07.862489 (3614185) session_ INFO    Starting analysis session with session id 'session_0' (launcher: <local>) ...
2026-02-26 01:37:07.864576 (3614185) session_ INFO    Analysis session with session id 'session_0' started (pid: 3614198)
2026-02-26 01:37:09.682747 (3614185) session_ INFO    Analysis session 'session_0' connected to the console (host: 127.0.0.1:45824)
2026-02-26 01:37:14.409549 (3614185) lic__man INFO    Unclaim everything for 'session_0'.
2026-02-26 01:37:14.653447 (3614185) lic__man INFO    Claim 'fpv' for 'session_0'.
2026-02-26 01:37:14.653492 (3614185) lic__man INFO    Claim 'fpv' for 'session_0/prove-0'.
2026-02-26 01:37:17.495248 (3614185) lic__man INFO    Unclaim everything for 'session_0/prove-0'.
2026-02-26 01:37:17.518385 (3614185) main____ INFO    About to exit: request to exit with status 0 received from analysis session 'session_0'
2026-02-26 01:37:17.793587 (3614185) session_ INFO    Analysis session 'session_0' disconnected.
2026-02-26 01:37:17.793741 (3614185) lic__man INFO    Unclaim everything for 'session_0'.
2026-02-26 01:37:17.804567 (3614185) session_ INFO    Process for analysis session 'session_0' has exited with exit status '0'.
2026-02-26 01:37:19.440395 (3614197) stdio___ INFO    STDIN reader requested to stop.
2026-02-26 01:37:19.440442 (3614197) stdio___ INFO    STDIN reader stopped.
2026-02-26 01:37:19.444639 (3614185) lic_core INFO    (1) checkin jasper_interactive
2026-02-26 01:37:19.445629 (3614185) lic_core INFO    (3) checkin jasper_fao
2026-02-26 01:37:19.447465 (3614185) main____ INFO    Exiting with status 0.
