2026-03-01 01:48:24.571865 (1217430) main____ INFO    ----------------------------------------
2026-03-01 01:48:24.571956 (1217430) main____ INFO    Jasper version info
2026-03-01 01:48:24.571973 (1217430) main____ INFO      tool      : Jasper 2023.12
2026-03-01 01:48:24.571988 (1217430) main____ INFO      version   : 2023.12p001 64 bits
2026-03-01 01:48:24.572001 (1217430) main____ INFO      build date: 2024.01.23 16:09:24 UTC
2026-03-01 01:48:24.572011 (1217430) main____ INFO    ----------------------------------------
2026-03-01 01:48:24.572021 (1217430) main____ INFO    Runtime info:
2026-03-01 01:48:24.572032 (1217430) main____ INFO      platform  : Linux 4.18.0-553.89.1.el8_10.x86_64 x86_64
2026-03-01 01:48:24.572051 (1217430) main____ INFO      hostname  : caddy15.stanford.edu
2026-03-01 01:48:24.572066 (1217430) main____ INFO      pid       : 1217430
2026-03-01 01:48:24.572079 (1217430) main____ INFO      arguments : '-style' 'windows' '-allow_unsupported_OS' '-no_gui' '-fpv' './synthlc/i_LW_out/xHBPerfG_dfg_v3_div/WHB_60_.tcl' '-proj' './synthlc/i_LW_out/xHBPerfG_dfg_v3_div/WHB_60_jgsession_26-03-01-01_48_24'
2026-03-01 01:48:24.572096 (1217430) main____ INFO      locale    : UTF-8
2026-03-01 01:48:24.572106 (1217430) main____ INFO    ----------------------------------------
2026-03-01 01:48:24.572115 (1217430) main____ INFO    System resource limits info:
2026-03-01 01:48:24.572127 (1217430) main____ INFO      virtual memory: unlimited
2026-03-01 01:48:24.572140 (1217430) main____ INFO      cpu time      : unlimited
2026-03-01 01:48:24.572158 (1217430) main____ INFO      processes     : 4096
2026-03-01 01:48:24.572180 (1217430) main____ INFO      stack size    : 8388608 B
2026-03-01 01:48:24.572194 (1217430) main____ INFO      core file size: 0 B
2026-03-01 01:48:24.572207 (1217430) main____ INFO      open files    : 4096
2026-03-01 01:48:24.572219 (1217430) main____ INFO      file size     : unlimited
2026-03-01 01:48:24.572229 (1217430) main____ INFO    ----------------------------------------
2026-03-01 01:48:24.572238 (1217430) main____ INFO    Memory statistics:
2026-03-01 01:48:24.572250 (1217430) main____ INFO      total physical memory  : 98449092 kB
2026-03-01 01:48:24.572262 (1217430) main____ INFO      free physical memory   : 79192728 kB
2026-03-01 01:48:24.572283 (1217430) main____ INFO      committed address space: 2361868 kB
2026-03-01 01:48:24.572292 (1217430) main____ INFO    ----------------------------------------
2026-03-01 01:48:24.573460 (1217430) main____ INFO    Important environment variables:
2026-03-01 01:48:24.573485 (1217430) main____ INFO      CDS_LIC_FILE       : '5280@cadlic0'
2026-03-01 01:48:24.573498 (1217430) main____ INFO      JASPER_INSTALL_DIR : '/cad/cadence/jasper_2023.12p001'
2026-03-01 01:48:24.573510 (1217430) main____ INFO      JASPER_KERNEL_CHECK: '1'
2026-03-01 01:48:24.573522 (1217430) main____ INFO      JASPER_OS_CHECK    : '0'
2026-03-01 01:48:24.573534 (1217430) main____ INFO      LANG               : 'en_US.UTF-8'
2026-03-01 01:48:24.573544 (1217430) main____ INFO    ----------------------------------------
2026-03-01 01:48:24.581578 (1217430) lic_core INFO    Initializing license system ...
2026-03-01 01:48:24.598691 (1217430) lic_core INFO    ... license system initialized.
2026-03-01 01:48:24.764547 (1217430) lic__man INFO    Claim 'main' for <ui>.
2026-03-01 01:48:24.764614 (1217430) lic_core INFO    (1) checking out 'jasper_interactive' ...
2026-03-01 01:48:24.838629 (1217430) lic_core INFO    ... (1) checkout succeeded
2026-03-01 01:48:24.838734 (1217430) lic__man INFO    Claim 'fpv' for <ui>.
2026-03-01 01:48:24.838763 (1217430) lic_core INFO    (2) checking out 'jasper_fpv' ...
2026-03-01 01:48:24.907773 (1217430) lic_core INFO    ... (2) checkout failed (error: -5) ("FLEXnet ERROR(-5, 0, 0): No such feature exists.")
2026-03-01 01:48:24.907834 (1217430) lic_core INFO    (3) checking out 'jasper_fao' ...
2026-03-01 01:48:24.985502 (1217430) lic_core INFO    ... (3) checkout succeeded
2026-03-01 01:48:24.986845 (1217430) main____ INFO    Tool inactivity delay is 480000 ms.
2026-03-01 01:48:25.015431 (1217485) stdio___ INFO    Starting STDIN reader (tty: yes, tty name: '/dev/pts/0')
2026-03-01 01:48:25.273521 (1217430) session_ INFO    Starting analysis session with session id 'session_0' (launcher: <local>) ...
2026-03-01 01:48:25.275544 (1217430) session_ INFO    Analysis session with session id 'session_0' started (pid: 1217495)
2026-03-01 01:48:27.176792 (1217430) session_ INFO    Analysis session 'session_0' connected to the console (host: 127.0.0.1:48730)
2026-03-01 01:48:31.422932 (1217430) lic__man INFO    Unclaim everything for 'session_0'.
2026-03-01 01:48:31.628856 (1217430) lic__man INFO    Claim 'fpv' for 'session_0'.
2026-03-01 01:48:31.628896 (1217430) lic__man INFO    Claim 'fpv' for 'session_0/prove-0'.
2026-03-01 01:48:37.964594 (1217430) lic__man INFO    Unclaim everything for 'session_0/prove-0'.
2026-03-01 01:48:38.007411 (1217430) main____ INFO    About to exit: request to exit with status 0 received from analysis session 'session_0'
2026-03-01 01:48:38.171826 (1217430) session_ INFO    Analysis session 'session_0' disconnected.
2026-03-01 01:48:38.172014 (1217430) lic__man INFO    Unclaim everything for 'session_0'.
2026-03-01 01:48:38.172201 (1217430) session_ INFO    Process for analysis session 'session_0' has exited with exit status '0'.
2026-03-01 01:48:39.915995 (1217485) stdio___ INFO    STDIN reader requested to stop.
2026-03-01 01:48:39.916030 (1217485) stdio___ INFO    STDIN reader stopped.
2026-03-01 01:48:39.916367 (1217430) lic_core INFO    (1) checkin jasper_interactive
2026-03-01 01:48:39.917396 (1217430) lic_core INFO    (3) checkin jasper_fao
2026-03-01 01:48:39.918297 (1217430) main____ INFO    Exiting with status 0.
