2026-02-25 15:07:16.167948 (3267692) main____ INFO    ----------------------------------------
2026-02-25 15:07:16.168063 (3267692) main____ INFO    Jasper version info
2026-02-25 15:07:16.168082 (3267692) main____ INFO      tool      : Jasper 2023.12
2026-02-25 15:07:16.168100 (3267692) main____ INFO      version   : 2023.12p001 64 bits
2026-02-25 15:07:16.168116 (3267692) main____ INFO      build date: 2024.01.23 16:09:24 UTC
2026-02-25 15:07:16.168127 (3267692) main____ INFO    ----------------------------------------
2026-02-25 15:07:16.168138 (3267692) main____ INFO    Runtime info:
2026-02-25 15:07:16.168151 (3267692) main____ INFO      platform  : Linux 4.18.0-553.89.1.el8_10.x86_64 x86_64
2026-02-25 15:07:16.168174 (3267692) main____ INFO      hostname  : caddy15.stanford.edu
2026-02-25 15:07:16.168193 (3267692) main____ INFO      pid       : 3267692
2026-02-25 15:07:16.168207 (3267692) main____ INFO      arguments : '-style' 'windows' '-allow_unsupported_OS' '-no_gui' '-fpv' './synthlc/i_DIV_out/xHBPerfG_dfg_v3_div/HB_90_.tcl' '-proj' './synthlc/i_DIV_out/xHBPerfG_dfg_v3_div/HB_90_jgsession_26-02-25-15_07_15'
2026-02-25 15:07:16.168227 (3267692) main____ INFO      locale    : UTF-8
2026-02-25 15:07:16.168238 (3267692) main____ INFO    ----------------------------------------
2026-02-25 15:07:16.168249 (3267692) main____ INFO    System resource limits info:
2026-02-25 15:07:16.168264 (3267692) main____ INFO      virtual memory: unlimited
2026-02-25 15:07:16.168278 (3267692) main____ INFO      cpu time      : unlimited
2026-02-25 15:07:16.168300 (3267692) main____ INFO      processes     : 4096
2026-02-25 15:07:16.168340 (3267692) main____ INFO      stack size    : 8388608 B
2026-02-25 15:07:16.168357 (3267692) main____ INFO      core file size: 0 B
2026-02-25 15:07:16.168372 (3267692) main____ INFO      open files    : 4096
2026-02-25 15:07:16.168386 (3267692) main____ INFO      file size     : unlimited
2026-02-25 15:07:16.168397 (3267692) main____ INFO    ----------------------------------------
2026-02-25 15:07:16.168408 (3267692) main____ INFO    Memory statistics:
2026-02-25 15:07:16.168422 (3267692) main____ INFO      total physical memory  : 98449092 kB
2026-02-25 15:07:16.168435 (3267692) main____ INFO      free physical memory   : 73004440 kB
2026-02-25 15:07:16.168449 (3267692) main____ INFO      committed address space: 13387540 kB
2026-02-25 15:07:16.168460 (3267692) main____ INFO    ----------------------------------------
2026-02-25 15:07:16.169836 (3267692) main____ INFO    Important environment variables:
2026-02-25 15:07:16.169865 (3267692) main____ INFO      CDS_LIC_FILE       : '5280@cadlic0'
2026-02-25 15:07:16.169880 (3267692) main____ INFO      JASPER_INSTALL_DIR : '/cad/cadence/jasper_2023.12p001'
2026-02-25 15:07:16.169894 (3267692) main____ INFO      JASPER_KERNEL_CHECK: '1'
2026-02-25 15:07:16.169908 (3267692) main____ INFO      JASPER_OS_CHECK    : '0'
2026-02-25 15:07:16.169922 (3267692) main____ INFO      LANG               : 'en_US.UTF-8'
2026-02-25 15:07:16.169941 (3267692) main____ INFO    ----------------------------------------
2026-02-25 15:07:16.171565 (3267692) lic_core INFO    Initializing license system ...
2026-02-25 15:07:16.205788 (3267692) lic_core INFO    ... license system initialized.
2026-02-25 15:07:16.340811 (3267692) lic__man INFO    Claim 'main' for <ui>.
2026-02-25 15:07:16.340888 (3267692) lic_core INFO    (1) checking out 'jasper_interactive' ...
2026-02-25 15:07:16.424876 (3267692) lic_core INFO    ... (1) checkout succeeded
2026-02-25 15:07:16.425013 (3267692) lic__man INFO    Claim 'fpv' for <ui>.
2026-02-25 15:07:16.425050 (3267692) lic_core INFO    (2) checking out 'jasper_fpv' ...
2026-02-25 15:07:16.484900 (3267692) lic_core INFO    ... (2) checkout failed (error: -5) ("FLEXnet ERROR(-5, 0, 0): No such feature exists.")
2026-02-25 15:07:16.484975 (3267692) lic_core INFO    (3) checking out 'jasper_fao' ...
2026-02-25 15:07:16.568854 (3267692) lic_core INFO    ... (3) checkout succeeded
2026-02-25 15:07:16.571354 (3267692) main____ INFO    Tool inactivity delay is 480000 ms.
2026-02-25 15:07:16.581599 (3267703) stdio___ INFO    Starting STDIN reader (tty: yes, tty name: '/dev/pts/0')
2026-02-25 15:07:16.877467 (3267692) session_ INFO    Starting analysis session with session id 'session_0' (launcher: <local>) ...
2026-02-25 15:07:16.879808 (3267692) session_ INFO    Analysis session with session id 'session_0' started (pid: 3267704)
2026-02-25 15:07:18.437896 (3267692) session_ INFO    Analysis session 'session_0' connected to the console (host: 127.0.0.1:38454)
2026-02-25 15:07:22.593096 (3267692) lic__man INFO    Unclaim everything for 'session_0'.
2026-02-25 15:07:22.918397 (3267692) lic__man INFO    Claim 'fpv' for 'session_0'.
2026-02-25 15:07:22.918439 (3267692) lic__man INFO    Claim 'fpv' for 'session_0/prove-0'.
2026-02-25 15:07:25.370753 (3267692) lic__man INFO    Unclaim everything for 'session_0/prove-0'.
2026-02-25 15:07:25.413555 (3267692) main____ INFO    About to exit: request to exit with status 0 received from analysis session 'session_0'
2026-02-25 15:07:25.564988 (3267692) session_ INFO    Analysis session 'session_0' disconnected.
2026-02-25 15:07:25.565175 (3267692) lic__man INFO    Unclaim everything for 'session_0'.
2026-02-25 15:07:25.565376 (3267692) session_ INFO    Process for analysis session 'session_0' has exited with exit status '0'.
2026-02-25 15:07:27.403868 (3267703) stdio___ INFO    STDIN reader requested to stop.
2026-02-25 15:07:27.403910 (3267703) stdio___ INFO    STDIN reader stopped.
2026-02-25 15:07:27.404139 (3267692) lic_core INFO    (1) checkin jasper_interactive
2026-02-25 15:07:27.405609 (3267692) lic_core INFO    (3) checkin jasper_fao
2026-02-25 15:07:27.406713 (3267692) main____ INFO    Exiting with status 0.
