2026-02-28 19:35:19.686821 (944057) main____ INFO    ----------------------------------------
2026-02-28 19:35:19.686916 (944057) main____ INFO    Jasper version info
2026-02-28 19:35:19.686933 (944057) main____ INFO      tool      : Jasper 2023.12
2026-02-28 19:35:19.686948 (944057) main____ INFO      version   : 2023.12p001 64 bits
2026-02-28 19:35:19.686961 (944057) main____ INFO      build date: 2024.01.23 16:09:24 UTC
2026-02-28 19:35:19.686971 (944057) main____ INFO    ----------------------------------------
2026-02-28 19:35:19.686980 (944057) main____ INFO    Runtime info:
2026-02-28 19:35:19.686991 (944057) main____ INFO      platform  : Linux 4.18.0-553.89.1.el8_10.x86_64 x86_64
2026-02-28 19:35:19.687010 (944057) main____ INFO      hostname  : caddy15.stanford.edu
2026-02-28 19:35:19.687026 (944057) main____ INFO      pid       : 944057
2026-02-28 19:35:19.687037 (944057) main____ INFO      arguments : '-style' 'windows' '-allow_unsupported_OS' '-no_gui' '-fpv' './synthlc/i_ADDI_out/xPairwiseDepDiv/nunv_anytwo_65_.tcl' '-proj' './synthlc/i_ADDI_out/xPairwiseDepDiv/nunv_anytwo_65_jgsession_26-02-28-19_35_19'
2026-02-28 19:35:19.687055 (944057) main____ INFO      locale    : UTF-8
2026-02-28 19:35:19.687065 (944057) main____ INFO    ----------------------------------------
2026-02-28 19:35:19.687074 (944057) main____ INFO    System resource limits info:
2026-02-28 19:35:19.687087 (944057) main____ INFO      virtual memory: unlimited
2026-02-28 19:35:19.687110 (944057) main____ INFO      cpu time      : unlimited
2026-02-28 19:35:19.687128 (944057) main____ INFO      processes     : 4096
2026-02-28 19:35:19.687147 (944057) main____ INFO      stack size    : 8388608 B
2026-02-28 19:35:19.687161 (944057) main____ INFO      core file size: 0 B
2026-02-28 19:35:19.687174 (944057) main____ INFO      open files    : 4096
2026-02-28 19:35:19.687186 (944057) main____ INFO      file size     : unlimited
2026-02-28 19:35:19.687196 (944057) main____ INFO    ----------------------------------------
2026-02-28 19:35:19.687205 (944057) main____ INFO    Memory statistics:
2026-02-28 19:35:19.687217 (944057) main____ INFO      total physical memory  : 98449092 kB
2026-02-28 19:35:19.687228 (944057) main____ INFO      free physical memory   : 75877904 kB
2026-02-28 19:35:19.687239 (944057) main____ INFO      committed address space: 7053676 kB
2026-02-28 19:35:19.687249 (944057) main____ INFO    ----------------------------------------
2026-02-28 19:35:19.688423 (944057) main____ INFO    Important environment variables:
2026-02-28 19:35:19.688449 (944057) main____ INFO      CDS_LIC_FILE       : '5280@cadlic0'
2026-02-28 19:35:19.688462 (944057) main____ INFO      JASPER_INSTALL_DIR : '/cad/cadence/jasper_2023.12p001'
2026-02-28 19:35:19.688474 (944057) main____ INFO      JASPER_KERNEL_CHECK: '1'
2026-02-28 19:35:19.688486 (944057) main____ INFO      JASPER_OS_CHECK    : '0'
2026-02-28 19:35:19.688498 (944057) main____ INFO      LANG               : 'en_US.UTF-8'
2026-02-28 19:35:19.688508 (944057) main____ INFO    ----------------------------------------
2026-02-28 19:35:19.690494 (944057) lic_core INFO    Initializing license system ...
2026-02-28 19:35:19.714672 (944057) lic_core INFO    ... license system initialized.
2026-02-28 19:35:19.867613 (944057) lic__man INFO    Claim 'main' for <ui>.
2026-02-28 19:35:19.867682 (944057) lic_core INFO    (1) checking out 'jasper_interactive' ...
2026-02-28 19:35:19.943741 (944057) lic_core INFO    ... (1) checkout succeeded
2026-02-28 19:35:19.943857 (944057) lic__man INFO    Claim 'fpv' for <ui>.
2026-02-28 19:35:19.943888 (944057) lic_core INFO    (2) checking out 'jasper_fpv' ...
2026-02-28 19:35:19.984787 (944057) lic_core INFO    ... (2) checkout failed (error: -5) ("FLEXnet ERROR(-5, 0, 0): No such feature exists.")
2026-02-28 19:35:19.984849 (944057) lic_core INFO    (3) checking out 'jasper_fao' ...
2026-02-28 19:35:20.003035 (944057) lic_core INFO    ... (3) checkout succeeded
2026-02-28 19:35:20.037229 (944057) main____ INFO    Tool inactivity delay is 480000 ms.
2026-02-28 19:35:20.045545 (944071) stdio___ INFO    Starting STDIN reader (tty: yes, tty name: '/dev/pts/0')
2026-02-28 19:35:20.154530 (944057) session_ INFO    Starting analysis session with session id 'session_0' (launcher: <local>) ...
2026-02-28 19:35:20.156578 (944057) session_ INFO    Analysis session with session id 'session_0' started (pid: 944072)
2026-02-28 19:35:22.023765 (944057) session_ INFO    Analysis session 'session_0' connected to the console (host: 127.0.0.1:52780)
2026-02-28 19:35:25.846567 (944057) lic__man INFO    Unclaim everything for 'session_0'.
2026-02-28 19:35:26.172745 (944057) lic__man INFO    Claim 'fpv' for 'session_0'.
2026-02-28 19:35:26.172792 (944057) lic__man INFO    Claim 'fpv' for 'session_0/prove-0'.
2026-02-28 19:35:36.883669 (944057) lic__man INFO    Unclaim everything for 'session_0/prove-0'.
2026-02-28 19:35:36.953553 (944057) main____ INFO    About to exit: request to exit with status 0 received from analysis session 'session_0'
2026-02-28 19:35:37.268031 (944057) session_ INFO    Analysis session 'session_0' disconnected.
2026-02-28 19:35:37.268194 (944057) lic__man INFO    Unclaim everything for 'session_0'.
2026-02-28 19:35:37.268499 (944057) session_ INFO    Process for analysis session 'session_0' has exited with exit status '0'.
2026-02-28 19:35:38.910405 (944071) stdio___ INFO    STDIN reader requested to stop.
2026-02-28 19:35:38.910459 (944071) stdio___ INFO    STDIN reader stopped.
2026-02-28 19:35:38.910771 (944057) lic_core INFO    (1) checkin jasper_interactive
2026-02-28 19:35:38.912488 (944057) lic_core INFO    (3) checkin jasper_fao
2026-02-28 19:35:38.925840 (944057) main____ INFO    Exiting with status 0.
