2026-03-02 10:38:27.746315 (565786) main____ INFO    ----------------------------------------
2026-03-02 10:38:27.746377 (565786) main____ INFO    Jasper version info
2026-03-02 10:38:27.746391 (565786) main____ INFO      tool      : Jasper 2023.12
2026-03-02 10:38:27.746404 (565786) main____ INFO      version   : 2023.12p001 64 bits
2026-03-02 10:38:27.746416 (565786) main____ INFO      build date: 2024.01.23 16:09:24 UTC
2026-03-02 10:38:27.746426 (565786) main____ INFO    ----------------------------------------
2026-03-02 10:38:27.746434 (565786) main____ INFO    Runtime info:
2026-03-02 10:38:27.746445 (565786) main____ INFO      platform  : Linux 4.18.0-553.89.1.el8_10.x86_64 x86_64
2026-03-02 10:38:27.746461 (565786) main____ INFO      hostname  : caddy12.stanford.edu
2026-03-02 10:38:27.746475 (565786) main____ INFO      pid       : 565786
2026-03-02 10:38:27.746485 (565786) main____ INFO      arguments : '-style' 'windows' '-allow_unsupported_OS' '-no_gui' '-fpv' './synthlc/i_ADDI_out/xPairwiseDepDiv/nunv_anytwo_29_.tcl' '-proj' './synthlc/i_ADDI_out/xPairwiseDepDiv/nunv_anytwo_29_jgsession_26-03-02-10_38_27'
2026-03-02 10:38:27.746499 (565786) main____ INFO      locale    : UTF-8
2026-03-02 10:38:27.746509 (565786) main____ INFO    ----------------------------------------
2026-03-02 10:38:27.746517 (565786) main____ INFO    System resource limits info:
2026-03-02 10:38:27.746529 (565786) main____ INFO      virtual memory: unlimited
2026-03-02 10:38:27.746541 (565786) main____ INFO      cpu time      : unlimited
2026-03-02 10:38:27.746556 (565786) main____ INFO      processes     : 4096
2026-03-02 10:38:27.746573 (565786) main____ INFO      stack size    : 8388608 B
2026-03-02 10:38:27.746586 (565786) main____ INFO      core file size: 0 B
2026-03-02 10:38:27.746598 (565786) main____ INFO      open files    : 4096
2026-03-02 10:38:27.746610 (565786) main____ INFO      file size     : unlimited
2026-03-02 10:38:27.746619 (565786) main____ INFO    ----------------------------------------
2026-03-02 10:38:27.746628 (565786) main____ INFO    Memory statistics:
2026-03-02 10:38:27.746639 (565786) main____ INFO      total physical memory  : 98449088 kB
2026-03-02 10:38:27.746650 (565786) main____ INFO      free physical memory   : 88105280 kB
2026-03-02 10:38:27.746661 (565786) main____ INFO      committed address space: 6925584 kB
2026-03-02 10:38:27.746684 (565786) main____ INFO    ----------------------------------------
2026-03-02 10:38:27.747820 (565786) main____ INFO    Important environment variables:
2026-03-02 10:38:27.747840 (565786) main____ INFO      CDS_LIC_FILE       : '5280@cadlic0'
2026-03-02 10:38:27.747853 (565786) main____ INFO      DISPLAY            : 'localhost:12.0'
2026-03-02 10:38:27.747864 (565786) main____ INFO      JASPER_INSTALL_DIR : '/cad/cadence/jasper_2023.12p001'
2026-03-02 10:38:27.747875 (565786) main____ INFO      JASPER_KERNEL_CHECK: '1'
2026-03-02 10:38:27.747886 (565786) main____ INFO      JASPER_OS_CHECK    : '0'
2026-03-02 10:38:27.747897 (565786) main____ INFO      LANG               : 'zh_TW.UTF-8'
2026-03-02 10:38:27.747906 (565786) main____ INFO    ----------------------------------------
2026-03-02 10:38:27.749053 (565786) lic_core INFO    Initializing license system ...
2026-03-02 10:38:27.750386 (565786) lic_core INFO    ... license system initialized.
2026-03-02 10:38:27.762582 (565786) lic__man INFO    Claim 'main' for <ui>.
2026-03-02 10:38:27.762622 (565786) lic_core INFO    (1) checking out 'jasper_interactive' ...
2026-03-02 10:38:27.774969 (565786) lic_core INFO    ... (1) checkout succeeded
2026-03-02 10:38:27.775024 (565786) lic__man INFO    Claim 'fpv' for <ui>.
2026-03-02 10:38:27.775047 (565786) lic_core INFO    (2) checking out 'jasper_fpv' ...
2026-03-02 10:38:27.779373 (565786) lic_core INFO    ... (2) checkout failed (error: -5) ("FLEXnet ERROR(-5, 0, 0): No such feature exists.")
2026-03-02 10:38:27.779402 (565786) lic_core INFO    (3) checking out 'jasper_fao' ...
2026-03-02 10:38:27.790053 (565786) lic_core INFO    ... (3) checkout succeeded
2026-03-02 10:38:27.791033 (565797) stdio___ INFO    Starting STDIN reader (tty: yes, tty name: '/dev/pts/0')
2026-03-02 10:38:27.791127 (565786) main____ INFO    Tool inactivity delay is 480000 ms.
2026-03-02 10:38:27.833939 (565786) session_ INFO    Starting analysis session with session id 'session_0' (launcher: <local>) ...
2026-03-02 10:38:27.835698 (565786) session_ INFO    Analysis session with session id 'session_0' started (pid: 565798)
2026-03-02 10:38:28.929044 (565786) session_ INFO    Analysis session 'session_0' connected to the console (host: 127.0.0.1:37586)
2026-03-02 10:38:31.955870 (565786) lic__man INFO    Unclaim everything for 'session_0'.
2026-03-02 10:38:32.155200 (565786) lic__man INFO    Claim 'fpv' for 'session_0'.
2026-03-02 10:38:32.155236 (565786) lic__man INFO    Claim 'fpv' for 'session_0/prove-0'.
2026-03-02 10:38:33.416349 (565786) lic__man INFO    Unclaim everything for 'session_0/prove-0'.
2026-03-02 10:38:33.457948 (565786) main____ INFO    About to exit: request to exit with status 0 received from analysis session 'session_0'
2026-03-02 10:38:33.609933 (565786) session_ INFO    Analysis session 'session_0' disconnected.
2026-03-02 10:38:33.610125 (565786) lic__man INFO    Unclaim everything for 'session_0'.
2026-03-02 10:38:33.610313 (565786) session_ INFO    Process for analysis session 'session_0' has exited with exit status '0'.
2026-03-02 10:38:35.392112 (565797) stdio___ INFO    STDIN reader requested to stop.
2026-03-02 10:38:35.392152 (565797) stdio___ INFO    STDIN reader stopped.
2026-03-02 10:38:35.392379 (565786) lic_core INFO    (1) checkin jasper_interactive
2026-03-02 10:38:35.393396 (565786) lic_core INFO    (3) checkin jasper_fao
2026-03-02 10:38:35.395169 (565786) main____ INFO    Exiting with status 0.
