2026-02-27 15:50:39.137314 (3149964) main____ INFO    ----------------------------------------
2026-02-27 15:50:39.137388 (3149964) main____ INFO    Jasper version info
2026-02-27 15:50:39.137403 (3149964) main____ INFO      tool      : Jasper 2023.12
2026-02-27 15:50:39.137418 (3149964) main____ INFO      version   : 2023.12p001 64 bits
2026-02-27 15:50:39.137431 (3149964) main____ INFO      build date: 2024.01.23 16:09:24 UTC
2026-02-27 15:50:39.137442 (3149964) main____ INFO    ----------------------------------------
2026-02-27 15:50:39.137452 (3149964) main____ INFO    Runtime info:
2026-02-27 15:50:39.137463 (3149964) main____ INFO      platform  : Linux 4.18.0-553.89.1.el8_10.x86_64 x86_64
2026-02-27 15:50:39.137480 (3149964) main____ INFO      hostname  : caddy12.stanford.edu
2026-02-27 15:50:39.137496 (3149964) main____ INFO      pid       : 3149964
2026-02-27 15:50:39.137507 (3149964) main____ INFO      arguments : '-style' 'windows' '-allow_unsupported_OS' '-no_gui' '-fpv' './synthlc/i_DIV_out/xPairwiseDepDiv/nunv_anytwo_47_.tcl' '-proj' './synthlc/i_DIV_out/xPairwiseDepDiv/nunv_anytwo_47_jgsession_26-02-27-15_50_38'
2026-02-27 15:50:39.137522 (3149964) main____ INFO      locale    : UTF-8
2026-02-27 15:50:39.137532 (3149964) main____ INFO    ----------------------------------------
2026-02-27 15:50:39.137542 (3149964) main____ INFO    System resource limits info:
2026-02-27 15:50:39.137555 (3149964) main____ INFO      virtual memory: unlimited
2026-02-27 15:50:39.137567 (3149964) main____ INFO      cpu time      : unlimited
2026-02-27 15:50:39.137584 (3149964) main____ INFO      processes     : 4096
2026-02-27 15:50:39.137602 (3149964) main____ INFO      stack size    : 8388608 B
2026-02-27 15:50:39.138589 (3149964) main____ INFO      core file size: 0 B
2026-02-27 15:50:39.138604 (3149964) main____ INFO      open files    : 4096
2026-02-27 15:50:39.138616 (3149964) main____ INFO      file size     : unlimited
2026-02-27 15:50:39.138627 (3149964) main____ INFO    ----------------------------------------
2026-02-27 15:50:39.138636 (3149964) main____ INFO    Memory statistics:
2026-02-27 15:50:39.138648 (3149964) main____ INFO      total physical memory  : 98449088 kB
2026-02-27 15:50:39.138660 (3149964) main____ INFO      free physical memory   : 78864576 kB
2026-02-27 15:50:39.138680 (3149964) main____ INFO      committed address space: 2413564 kB
2026-02-27 15:50:39.138690 (3149964) main____ INFO    ----------------------------------------
2026-02-27 15:50:39.139843 (3149964) main____ INFO    Important environment variables:
2026-02-27 15:50:39.140439 (3149964) main____ INFO      CDS_LIC_FILE       : '5280@cadlic0'
2026-02-27 15:50:39.140453 (3149964) main____ INFO      DISPLAY            : 'localhost:12.0'
2026-02-27 15:50:39.140466 (3149964) main____ INFO      JASPER_INSTALL_DIR : '/cad/cadence/jasper_2023.12p001'
2026-02-27 15:50:39.140478 (3149964) main____ INFO      JASPER_KERNEL_CHECK: '1'
2026-02-27 15:50:39.140490 (3149964) main____ INFO      JASPER_OS_CHECK    : '0'
2026-02-27 15:50:39.140503 (3149964) main____ INFO      LANG               : 'zh_TW.UTF-8'
2026-02-27 15:50:39.140513 (3149964) main____ INFO    ----------------------------------------
2026-02-27 15:50:39.141582 (3149964) lic_core INFO    Initializing license system ...
2026-02-27 15:50:39.143414 (3149964) lic_core INFO    ... license system initialized.
2026-02-27 15:50:39.155595 (3149964) lic__man INFO    Claim 'main' for <ui>.
2026-02-27 15:50:39.155645 (3149964) lic_core INFO    (1) checking out 'jasper_interactive' ...
2026-02-27 15:50:39.167765 (3149964) lic_core INFO    ... (1) checkout succeeded
2026-02-27 15:50:39.167826 (3149964) lic__man INFO    Claim 'fpv' for <ui>.
2026-02-27 15:50:39.167848 (3149964) lic_core INFO    (2) checking out 'jasper_fpv' ...
2026-02-27 15:50:39.171924 (3149964) lic_core INFO    ... (2) checkout failed (error: -5) ("FLEXnet ERROR(-5, 0, 0): No such feature exists.")
2026-02-27 15:50:39.171962 (3149964) lic_core INFO    (3) checking out 'jasper_fao' ...
2026-02-27 15:50:39.182977 (3149964) lic_core INFO    ... (3) checkout succeeded
2026-02-27 15:50:39.183955 (3149964) main____ INFO    Tool inactivity delay is 480000 ms.
2026-02-27 15:50:39.184242 (3149980) stdio___ INFO    Starting STDIN reader (tty: yes, tty name: '/dev/pts/0')
2026-02-27 15:50:39.224183 (3149964) session_ INFO    Starting analysis session with session id 'session_0' (launcher: <local>) ...
2026-02-27 15:50:39.225848 (3149964) session_ INFO    Analysis session with session id 'session_0' started (pid: 3149982)
2026-02-27 15:50:40.468086 (3149964) session_ INFO    Analysis session 'session_0' connected to the console (host: 127.0.0.1:49028)
2026-02-27 15:50:44.075200 (3149964) lic__man INFO    Unclaim everything for 'session_0'.
2026-02-27 15:50:44.356522 (3149964) lic__man INFO    Claim 'fpv' for 'session_0'.
2026-02-27 15:50:44.356574 (3149964) lic__man INFO    Claim 'fpv' for 'session_0/prove-0'.
2026-02-27 15:50:45.975968 (3149964) lic__man INFO    Unclaim everything for 'session_0/prove-0'.
2026-02-27 15:50:46.018792 (3149964) main____ INFO    About to exit: request to exit with status 0 received from analysis session 'session_0'
2026-02-27 15:50:46.158076 (3149964) session_ INFO    Analysis session 'session_0' disconnected.
2026-02-27 15:50:46.158297 (3149964) lic__man INFO    Unclaim everything for 'session_0'.
2026-02-27 15:50:46.158492 (3149964) session_ INFO    Process for analysis session 'session_0' has exited with exit status '0'.
2026-02-27 15:50:47.925955 (3149980) stdio___ INFO    STDIN reader requested to stop.
2026-02-27 15:50:47.926012 (3149980) stdio___ INFO    STDIN reader stopped.
2026-02-27 15:50:47.926241 (3149964) lic_core INFO    (1) checkin jasper_interactive
2026-02-27 15:50:47.928233 (3149964) lic_core INFO    (3) checkin jasper_fao
2026-02-27 15:50:47.930923 (3149964) main____ INFO    Exiting with status 0.
