2026-02-27 15:53:15.172215 (3162175) main____ INFO    ----------------------------------------
2026-02-27 15:53:15.172292 (3162175) main____ INFO    Jasper version info
2026-02-27 15:53:15.172308 (3162175) main____ INFO      tool      : Jasper 2023.12
2026-02-27 15:53:15.172323 (3162175) main____ INFO      version   : 2023.12p001 64 bits
2026-02-27 15:53:15.172336 (3162175) main____ INFO      build date: 2024.01.23 16:09:24 UTC
2026-02-27 15:53:15.172347 (3162175) main____ INFO    ----------------------------------------
2026-02-27 15:53:15.172357 (3162175) main____ INFO    Runtime info:
2026-02-27 15:53:15.172368 (3162175) main____ INFO      platform  : Linux 4.18.0-553.89.1.el8_10.x86_64 x86_64
2026-02-27 15:53:15.172385 (3162175) main____ INFO      hostname  : caddy12.stanford.edu
2026-02-27 15:53:15.172401 (3162175) main____ INFO      pid       : 3162175
2026-02-27 15:53:15.172412 (3162175) main____ INFO      arguments : '-style' 'windows' '-allow_unsupported_OS' '-no_gui' '-fpv' './synthlc/i_DIV_out/xPairwiseDepDiv/nunv_anytwo_16_.tcl' '-proj' './synthlc/i_DIV_out/xPairwiseDepDiv/nunv_anytwo_16_jgsession_26-02-27-15_53_15'
2026-02-27 15:53:15.172428 (3162175) main____ INFO      locale    : UTF-8
2026-02-27 15:53:15.172439 (3162175) main____ INFO    ----------------------------------------
2026-02-27 15:53:15.172449 (3162175) main____ INFO    System resource limits info:
2026-02-27 15:53:15.172462 (3162175) main____ INFO      virtual memory: unlimited
2026-02-27 15:53:15.172474 (3162175) main____ INFO      cpu time      : unlimited
2026-02-27 15:53:15.172491 (3162175) main____ INFO      processes     : 4096
2026-02-27 15:53:15.172510 (3162175) main____ INFO      stack size    : 8388608 B
2026-02-27 15:53:15.172524 (3162175) main____ INFO      core file size: 0 B
2026-02-27 15:53:15.172537 (3162175) main____ INFO      open files    : 4096
2026-02-27 15:53:15.172550 (3162175) main____ INFO      file size     : unlimited
2026-02-27 15:53:15.172561 (3162175) main____ INFO    ----------------------------------------
2026-02-27 15:53:15.173503 (3162175) main____ INFO    Memory statistics:
2026-02-27 15:53:15.173517 (3162175) main____ INFO      total physical memory  : 98449088 kB
2026-02-27 15:53:15.173529 (3162175) main____ INFO      free physical memory   : 79062468 kB
2026-02-27 15:53:15.173542 (3162175) main____ INFO      committed address space: 1892776 kB
2026-02-27 15:53:15.173552 (3162175) main____ INFO    ----------------------------------------
2026-02-27 15:53:15.174705 (3162175) main____ INFO    Important environment variables:
2026-02-27 15:53:15.175696 (3162175) main____ INFO      CDS_LIC_FILE       : '5280@cadlic0'
2026-02-27 15:53:15.175711 (3162175) main____ INFO      DISPLAY            : 'localhost:12.0'
2026-02-27 15:53:15.175724 (3162175) main____ INFO      JASPER_INSTALL_DIR : '/cad/cadence/jasper_2023.12p001'
2026-02-27 15:53:15.175737 (3162175) main____ INFO      JASPER_KERNEL_CHECK: '1'
2026-02-27 15:53:15.175749 (3162175) main____ INFO      JASPER_OS_CHECK    : '0'
2026-02-27 15:53:15.175762 (3162175) main____ INFO      LANG               : 'zh_TW.UTF-8'
2026-02-27 15:53:15.175772 (3162175) main____ INFO    ----------------------------------------
2026-02-27 15:53:15.176868 (3162175) lic_core INFO    Initializing license system ...
2026-02-27 15:53:15.179537 (3162175) lic_core INFO    ... license system initialized.
2026-02-27 15:53:15.191880 (3162175) lic__man INFO    Claim 'main' for <ui>.
2026-02-27 15:53:15.191933 (3162175) lic_core INFO    (1) checking out 'jasper_interactive' ...
2026-02-27 15:53:15.205351 (3162175) lic_core INFO    ... (1) checkout succeeded
2026-02-27 15:53:15.205417 (3162175) lic__man INFO    Claim 'fpv' for <ui>.
2026-02-27 15:53:15.205441 (3162175) lic_core INFO    (2) checking out 'jasper_fpv' ...
2026-02-27 15:53:15.209771 (3162175) lic_core INFO    ... (2) checkout failed (error: -5) ("FLEXnet ERROR(-5, 0, 0): No such feature exists.")
2026-02-27 15:53:15.209811 (3162175) lic_core INFO    (3) checking out 'jasper_fao' ...
2026-02-27 15:53:15.221336 (3162175) lic_core INFO    ... (3) checkout succeeded
2026-02-27 15:53:15.223803 (3162186) stdio___ INFO    Starting STDIN reader (tty: yes, tty name: '/dev/pts/0')
2026-02-27 15:53:15.223932 (3162175) main____ INFO    Tool inactivity delay is 480000 ms.
2026-02-27 15:53:15.265128 (3162175) session_ INFO    Starting analysis session with session id 'session_0' (launcher: <local>) ...
2026-02-27 15:53:15.266932 (3162175) session_ INFO    Analysis session with session id 'session_0' started (pid: 3162187)
2026-02-27 15:53:16.345017 (3162175) session_ INFO    Analysis session 'session_0' connected to the console (host: 127.0.0.1:57766)
2026-02-27 15:53:19.453563 (3162175) lic__man INFO    Unclaim everything for 'session_0'.
2026-02-27 15:53:19.652181 (3162175) lic__man INFO    Claim 'fpv' for 'session_0'.
2026-02-27 15:53:19.652219 (3162175) lic__man INFO    Claim 'fpv' for 'session_0/prove-0'.
2026-02-27 15:53:21.299969 (3162175) lic__man INFO    Unclaim everything for 'session_0/prove-0'.
2026-02-27 15:53:21.345984 (3162175) main____ INFO    About to exit: request to exit with status 0 received from analysis session 'session_0'
2026-02-27 15:53:21.559653 (3162175) session_ INFO    Analysis session 'session_0' disconnected.
2026-02-27 15:53:21.559884 (3162175) lic__man INFO    Unclaim everything for 'session_0'.
2026-02-27 15:53:21.560076 (3162175) session_ INFO    Process for analysis session 'session_0' has exited with exit status '0'.
2026-02-27 15:53:23.412761 (3162186) stdio___ INFO    STDIN reader requested to stop.
2026-02-27 15:53:23.412828 (3162186) stdio___ INFO    STDIN reader stopped.
2026-02-27 15:53:23.415895 (3162175) lic_core INFO    (1) checkin jasper_interactive
2026-02-27 15:53:23.416833 (3162175) lic_core INFO    (3) checkin jasper_fao
2026-02-27 15:53:23.436714 (3162175) main____ INFO    Exiting with status 0.
