2026-03-01 08:22:45.652213 (4173140) main____ INFO    ----------------------------------------
2026-03-01 08:22:45.652312 (4173140) main____ INFO    Jasper version info
2026-03-01 08:22:45.652329 (4173140) main____ INFO      tool      : Jasper 2023.12
2026-03-01 08:22:45.652346 (4173140) main____ INFO      version   : 2023.12p001 64 bits
2026-03-01 08:22:45.652360 (4173140) main____ INFO      build date: 2024.01.23 16:09:24 UTC
2026-03-01 08:22:45.652371 (4173140) main____ INFO    ----------------------------------------
2026-03-01 08:22:45.652382 (4173140) main____ INFO    Runtime info:
2026-03-01 08:22:45.652393 (4173140) main____ INFO      platform  : Linux 4.18.0-553.89.1.el8_10.x86_64 x86_64
2026-03-01 08:22:45.652412 (4173140) main____ INFO      hostname  : caddy12.stanford.edu
2026-03-01 08:22:45.652429 (4173140) main____ INFO      pid       : 4173140
2026-03-01 08:22:45.652441 (4173140) main____ INFO      arguments : '-style' 'windows' '-allow_unsupported_OS' '-no_gui' '-fpv' './synthlc/i_LW_out/xHBPerfG_dfg_v3_div/HB_190_.tcl' '-proj' './synthlc/i_LW_out/xHBPerfG_dfg_v3_div/HB_190_jgsession_26-03-01-08_22_44'
2026-03-01 08:22:45.652459 (4173140) main____ INFO      locale    : UTF-8
2026-03-01 08:22:45.652470 (4173140) main____ INFO    ----------------------------------------
2026-03-01 08:22:45.652480 (4173140) main____ INFO    System resource limits info:
2026-03-01 08:22:45.652493 (4173140) main____ INFO      virtual memory: unlimited
2026-03-01 08:22:45.652507 (4173140) main____ INFO      cpu time      : unlimited
2026-03-01 08:22:45.652526 (4173140) main____ INFO      processes     : 4096
2026-03-01 08:22:45.652548 (4173140) main____ INFO      stack size    : 8388608 B
2026-03-01 08:22:45.652564 (4173140) main____ INFO      core file size: 0 B
2026-03-01 08:22:45.652577 (4173140) main____ INFO      open files    : 4096
2026-03-01 08:22:45.652590 (4173140) main____ INFO      file size     : unlimited
2026-03-01 08:22:45.652601 (4173140) main____ INFO    ----------------------------------------
2026-03-01 08:22:45.652611 (4173140) main____ INFO    Memory statistics:
2026-03-01 08:22:45.652623 (4173140) main____ INFO      total physical memory  : 98449088 kB
2026-03-01 08:22:45.652636 (4173140) main____ INFO      free physical memory   : 80210708 kB
2026-03-01 08:22:45.652649 (4173140) main____ INFO      committed address space: 15408036 kB
2026-03-01 08:22:45.652659 (4173140) main____ INFO    ----------------------------------------
2026-03-01 08:22:45.653879 (4173140) main____ INFO    Important environment variables:
2026-03-01 08:22:45.653906 (4173140) main____ INFO      CDS_LIC_FILE       : '5280@cadlic0'
2026-03-01 08:22:45.653920 (4173140) main____ INFO      DISPLAY            : 'localhost:12.0'
2026-03-01 08:22:45.653933 (4173140) main____ INFO      JASPER_INSTALL_DIR : '/cad/cadence/jasper_2023.12p001'
2026-03-01 08:22:45.653946 (4173140) main____ INFO      JASPER_KERNEL_CHECK: '1'
2026-03-01 08:22:45.653959 (4173140) main____ INFO      JASPER_OS_CHECK    : '0'
2026-03-01 08:22:45.653972 (4173140) main____ INFO      LANG               : 'zh_TW.UTF-8'
2026-03-01 08:22:45.653983 (4173140) main____ INFO    ----------------------------------------
2026-03-01 08:22:45.665822 (4173140) lic_core INFO    Initializing license system ...
2026-03-01 08:22:45.679093 (4173140) lic_core INFO    ... license system initialized.
2026-03-01 08:22:45.803132 (4173140) lic__man INFO    Claim 'main' for <ui>.
2026-03-01 08:22:45.803213 (4173140) lic_core INFO    (1) checking out 'jasper_interactive' ...
2026-03-01 08:22:45.870964 (4173140) lic_core INFO    ... (1) checkout succeeded
2026-03-01 08:22:45.871101 (4173140) lic__man INFO    Claim 'fpv' for <ui>.
2026-03-01 08:22:45.871135 (4173140) lic_core INFO    (2) checking out 'jasper_fpv' ...
2026-03-01 08:22:45.923198 (4173140) lic_core INFO    ... (2) checkout failed (error: -5) ("FLEXnet ERROR(-5, 0, 0): No such feature exists.")
2026-03-01 08:22:45.923325 (4173140) lic_core INFO    (3) checking out 'jasper_fao' ...
2026-03-01 08:22:46.201158 (4173140) lic_core INFO    ... (3) checkout succeeded
2026-03-01 08:22:46.225597 (4173140) main____ INFO    Tool inactivity delay is 480000 ms.
2026-03-01 08:22:46.233927 (4173178) stdio___ INFO    Starting STDIN reader (tty: yes, tty name: '/dev/pts/0')
2026-03-01 08:22:46.532823 (4173140) session_ INFO    Starting analysis session with session id 'session_0' (launcher: <local>) ...
2026-03-01 08:22:46.534777 (4173140) session_ INFO    Analysis session with session id 'session_0' started (pid: 4173179)
2026-03-01 08:22:48.989061 (4173140) session_ INFO    Analysis session 'session_0' connected to the console (host: 127.0.0.1:57870)
2026-03-01 08:23:00.472778 (4173140) lic__man INFO    Unclaim everything for 'session_0'.
2026-03-01 08:23:01.033509 (4173140) lic__man INFO    Claim 'fpv' for 'session_0'.
2026-03-01 08:23:01.033567 (4173140) lic__man INFO    Claim 'fpv' for 'session_0/prove-0'.
2026-03-01 08:23:12.918244 (4173140) lic__man INFO    Unclaim everything for 'session_0/prove-0'.
2026-03-01 08:23:12.984863 (4173140) main____ INFO    About to exit: request to exit with status 0 received from analysis session 'session_0'
2026-03-01 08:23:13.406369 (4173140) session_ INFO    Analysis session 'session_0' disconnected.
2026-03-01 08:23:13.406542 (4173140) lic__man INFO    Unclaim everything for 'session_0'.
2026-03-01 08:23:13.417921 (4173140) session_ INFO    Process for analysis session 'session_0' has exited with exit status '0'.
2026-03-01 08:23:14.898741 (4173178) stdio___ INFO    STDIN reader requested to stop.
2026-03-01 08:23:14.898814 (4173178) stdio___ INFO    STDIN reader stopped.
2026-03-01 08:23:14.909306 (4173140) lic_core INFO    (1) checkin jasper_interactive
2026-03-01 08:23:14.925858 (4173140) lic_core INFO    (3) checkin jasper_fao
2026-03-01 08:23:14.934859 (4173140) main____ INFO    Exiting with status 0.
