2026-03-02 00:56:15.842173 (434687) main____ INFO    ----------------------------------------
2026-03-02 00:56:15.842263 (434687) main____ INFO    Jasper version info
2026-03-02 00:56:15.842279 (434687) main____ INFO      tool      : Jasper 2023.12
2026-03-02 00:56:15.842295 (434687) main____ INFO      version   : 2023.12p001 64 bits
2026-03-02 00:56:15.842309 (434687) main____ INFO      build date: 2024.01.23 16:09:24 UTC
2026-03-02 00:56:15.842320 (434687) main____ INFO    ----------------------------------------
2026-03-02 00:56:15.842330 (434687) main____ INFO    Runtime info:
2026-03-02 00:56:15.842341 (434687) main____ INFO      platform  : Linux 4.18.0-553.89.1.el8_10.x86_64 x86_64
2026-03-02 00:56:15.842360 (434687) main____ INFO      hostname  : caddy12.stanford.edu
2026-03-02 00:56:15.842376 (434687) main____ INFO      pid       : 434687
2026-03-02 00:56:15.842387 (434687) main____ INFO      arguments : '-style' 'windows' '-allow_unsupported_OS' '-no_gui' '-fpv' './synthlc/i_MUL_out/xPairwiseDepDiv/nunv_anytwo_17_.tcl' '-proj' './synthlc/i_MUL_out/xPairwiseDepDiv/nunv_anytwo_17_jgsession_26-03-02-00_56_15'
2026-03-02 00:56:15.842405 (434687) main____ INFO      locale    : UTF-8
2026-03-02 00:56:15.842415 (434687) main____ INFO    ----------------------------------------
2026-03-02 00:56:15.842425 (434687) main____ INFO    System resource limits info:
2026-03-02 00:56:15.842438 (434687) main____ INFO      virtual memory: unlimited
2026-03-02 00:56:15.842450 (434687) main____ INFO      cpu time      : unlimited
2026-03-02 00:56:15.842468 (434687) main____ INFO      processes     : 4096
2026-03-02 00:56:15.842489 (434687) main____ INFO      stack size    : 8388608 B
2026-03-02 00:56:15.842503 (434687) main____ INFO      core file size: 0 B
2026-03-02 00:56:15.842516 (434687) main____ INFO      open files    : 4096
2026-03-02 00:56:15.842529 (434687) main____ INFO      file size     : unlimited
2026-03-02 00:56:15.842539 (434687) main____ INFO    ----------------------------------------
2026-03-02 00:56:15.842549 (434687) main____ INFO    Memory statistics:
2026-03-02 00:56:15.842561 (434687) main____ INFO      total physical memory  : 98449088 kB
2026-03-02 00:56:15.842573 (434687) main____ INFO      free physical memory   : 83202848 kB
2026-03-02 00:56:15.842586 (434687) main____ INFO      committed address space: 12772044 kB
2026-03-02 00:56:15.842596 (434687) main____ INFO    ----------------------------------------
2026-03-02 00:56:15.843869 (434687) main____ INFO    Important environment variables:
2026-03-02 00:56:15.843908 (434687) main____ INFO      CDS_LIC_FILE       : '5280@cadlic0'
2026-03-02 00:56:15.843923 (434687) main____ INFO      DISPLAY            : 'localhost:12.0'
2026-03-02 00:56:15.843935 (434687) main____ INFO      JASPER_INSTALL_DIR : '/cad/cadence/jasper_2023.12p001'
2026-03-02 00:56:15.843948 (434687) main____ INFO      JASPER_KERNEL_CHECK: '1'
2026-03-02 00:56:15.843960 (434687) main____ INFO      JASPER_OS_CHECK    : '0'
2026-03-02 00:56:15.843973 (434687) main____ INFO      LANG               : 'zh_TW.UTF-8'
2026-03-02 00:56:15.843983 (434687) main____ INFO    ----------------------------------------
2026-03-02 00:56:15.845811 (434687) lic_core INFO    Initializing license system ...
2026-03-02 00:56:15.849508 (434687) lic_core INFO    ... license system initialized.
2026-03-02 00:56:15.862168 (434687) lic__man INFO    Claim 'main' for <ui>.
2026-03-02 00:56:15.862237 (434687) lic_core INFO    (1) checking out 'jasper_interactive' ...
2026-03-02 00:56:15.874325 (434687) lic_core INFO    ... (1) checkout succeeded
2026-03-02 00:56:15.874430 (434687) lic__man INFO    Claim 'fpv' for <ui>.
2026-03-02 00:56:15.874460 (434687) lic_core INFO    (2) checking out 'jasper_fpv' ...
2026-03-02 00:56:15.879588 (434687) lic_core INFO    ... (2) checkout failed (error: -5) ("FLEXnet ERROR(-5, 0, 0): No such feature exists.")
2026-03-02 00:56:15.879646 (434687) lic_core INFO    (3) checking out 'jasper_fao' ...
2026-03-02 00:56:15.890731 (434687) lic_core INFO    ... (3) checkout succeeded
2026-03-02 00:56:15.892408 (434687) main____ INFO    Tool inactivity delay is 480000 ms.
2026-03-02 00:56:15.897948 (434715) stdio___ INFO    Starting STDIN reader (tty: yes, tty name: '/dev/pts/0')
2026-03-02 00:56:15.942158 (434687) session_ INFO    Starting analysis session with session id 'session_0' (launcher: <local>) ...
2026-03-02 00:56:15.944026 (434687) session_ INFO    Analysis session with session id 'session_0' started (pid: 434716)
2026-03-02 00:56:17.265661 (434687) session_ INFO    Analysis session 'session_0' connected to the console (host: 127.0.0.1:54758)
2026-03-02 00:56:21.523895 (434687) lic__man INFO    Unclaim everything for 'session_0'.
2026-03-02 00:56:21.816724 (434687) lic__man INFO    Claim 'fpv' for 'session_0'.
2026-03-02 00:56:21.816774 (434687) lic__man INFO    Claim 'fpv' for 'session_0/prove-0'.
2026-03-02 00:56:24.463980 (434687) lic__man INFO    Unclaim everything for 'session_0/prove-0'.
2026-03-02 00:56:24.509936 (434687) main____ INFO    About to exit: request to exit with status 0 received from analysis session 'session_0'
2026-03-02 00:56:24.957403 (434687) session_ INFO    Analysis session 'session_0' disconnected.
2026-03-02 00:56:24.957553 (434687) lic__man INFO    Unclaim everything for 'session_0'.
2026-03-02 00:56:24.968872 (434687) session_ INFO    Process for analysis session 'session_0' has exited with exit status '0'.
2026-03-02 00:56:26.424879 (434715) stdio___ INFO    STDIN reader requested to stop.
2026-03-02 00:56:26.424956 (434715) stdio___ INFO    STDIN reader stopped.
2026-03-02 00:56:26.425683 (434687) lic_core INFO    (1) checkin jasper_interactive
2026-03-02 00:56:26.448916 (434687) lic_core INFO    (3) checkin jasper_fao
2026-03-02 00:56:26.471004 (434687) main____ INFO    Exiting with status 0.
