2026-02-26 12:31:20.061204 (2176809) main____ INFO    ----------------------------------------
2026-02-26 12:31:20.061302 (2176809) main____ INFO    Jasper version info
2026-02-26 12:31:20.061318 (2176809) main____ INFO      tool      : Jasper 2023.12
2026-02-26 12:31:20.061333 (2176809) main____ INFO      version   : 2023.12p001 64 bits
2026-02-26 12:31:20.061347 (2176809) main____ INFO      build date: 2024.01.23 16:09:24 UTC
2026-02-26 12:31:20.061357 (2176809) main____ INFO    ----------------------------------------
2026-02-26 12:31:20.061366 (2176809) main____ INFO    Runtime info:
2026-02-26 12:31:20.061376 (2176809) main____ INFO      platform  : Linux 4.18.0-553.89.1.el8_10.x86_64 x86_64
2026-02-26 12:31:20.061396 (2176809) main____ INFO      hostname  : caddy12.stanford.edu
2026-02-26 12:31:20.061411 (2176809) main____ INFO      pid       : 2176809
2026-02-26 12:31:20.061422 (2176809) main____ INFO      arguments : '-style' 'windows' '-allow_unsupported_OS' '-no_gui' '-fpv' './synthlc/i_DIV_out/xHBPerfG_dfg_v3_div/HB_266_.tcl' '-proj' './synthlc/i_DIV_out/xHBPerfG_dfg_v3_div/HB_266_jgsession_26-02-26-12_31_19'
2026-02-26 12:31:20.061440 (2176809) main____ INFO      locale    : UTF-8
2026-02-26 12:31:20.061450 (2176809) main____ INFO    ----------------------------------------
2026-02-26 12:31:20.061459 (2176809) main____ INFO    System resource limits info:
2026-02-26 12:31:20.061471 (2176809) main____ INFO      virtual memory: unlimited
2026-02-26 12:31:20.061483 (2176809) main____ INFO      cpu time      : unlimited
2026-02-26 12:31:20.061501 (2176809) main____ INFO      processes     : 4096
2026-02-26 12:31:20.061523 (2176809) main____ INFO      stack size    : 8388608 B
2026-02-26 12:31:20.061537 (2176809) main____ INFO      core file size: 0 B
2026-02-26 12:31:20.061550 (2176809) main____ INFO      open files    : 4096
2026-02-26 12:31:20.061562 (2176809) main____ INFO      file size     : unlimited
2026-02-26 12:31:20.061571 (2176809) main____ INFO    ----------------------------------------
2026-02-26 12:31:20.061580 (2176809) main____ INFO    Memory statistics:
2026-02-26 12:31:20.061592 (2176809) main____ INFO      total physical memory  : 98449088 kB
2026-02-26 12:31:20.061603 (2176809) main____ INFO      free physical memory   : 74827956 kB
2026-02-26 12:31:20.061614 (2176809) main____ INFO      committed address space: 9650848 kB
2026-02-26 12:31:20.061623 (2176809) main____ INFO    ----------------------------------------
2026-02-26 12:31:20.062830 (2176809) main____ INFO    Important environment variables:
2026-02-26 12:31:20.062856 (2176809) main____ INFO      CDS_LIC_FILE       : '5280@cadlic0'
2026-02-26 12:31:20.062868 (2176809) main____ INFO      DISPLAY            : 'localhost:12.0'
2026-02-26 12:31:20.062880 (2176809) main____ INFO      JASPER_INSTALL_DIR : '/cad/cadence/jasper_2023.12p001'
2026-02-26 12:31:20.062891 (2176809) main____ INFO      JASPER_KERNEL_CHECK: '1'
2026-02-26 12:31:20.062903 (2176809) main____ INFO      JASPER_OS_CHECK    : '0'
2026-02-26 12:31:20.062923 (2176809) main____ INFO      LANG               : 'zh_TW.UTF-8'
2026-02-26 12:31:20.062933 (2176809) main____ INFO    ----------------------------------------
2026-02-26 12:31:20.075062 (2176809) lic_core INFO    Initializing license system ...
2026-02-26 12:31:20.085995 (2176809) lic_core INFO    ... license system initialized.
2026-02-26 12:31:20.260943 (2176809) lic__man INFO    Claim 'main' for <ui>.
2026-02-26 12:31:20.261009 (2176809) lic_core INFO    (1) checking out 'jasper_interactive' ...
2026-02-26 12:31:20.337972 (2176809) lic_core INFO    ... (1) checkout succeeded
2026-02-26 12:31:20.338072 (2176809) lic__man INFO    Claim 'fpv' for <ui>.
2026-02-26 12:31:20.338100 (2176809) lic_core INFO    (2) checking out 'jasper_fpv' ...
2026-02-26 12:31:20.386226 (2176809) lic_core INFO    ... (2) checkout failed (error: -5) ("FLEXnet ERROR(-5, 0, 0): No such feature exists.")
2026-02-26 12:31:20.386285 (2176809) lic_core INFO    (3) checking out 'jasper_fao' ...
2026-02-26 12:31:20.416139 (2176809) lic_core INFO    ... (3) checkout succeeded
2026-02-26 12:31:20.418438 (2176809) main____ INFO    Tool inactivity delay is 480000 ms.
2026-02-26 12:31:20.428911 (2176826) stdio___ INFO    Starting STDIN reader (tty: yes, tty name: '/dev/pts/0')
2026-02-26 12:31:20.755797 (2176809) session_ INFO    Starting analysis session with session id 'session_0' (launcher: <local>) ...
2026-02-26 12:31:20.757661 (2176809) session_ INFO    Analysis session with session id 'session_0' started (pid: 2176830)
2026-02-26 12:31:23.797238 (2176809) session_ INFO    Analysis session 'session_0' connected to the console (host: 127.0.0.1:48858)
2026-02-26 12:31:32.026832 (2176809) lic__man INFO    Unclaim everything for 'session_0'.
2026-02-26 12:31:32.358601 (2176809) lic__man INFO    Claim 'fpv' for 'session_0'.
2026-02-26 12:31:32.358682 (2176809) lic__man INFO    Claim 'fpv' for 'session_0/prove-0'.
2026-02-26 12:31:42.739067 (2176809) lic__man INFO    Unclaim everything for 'session_0/prove-0'.
2026-02-26 12:31:42.771681 (2176809) main____ INFO    About to exit: request to exit with status 0 received from analysis session 'session_0'
2026-02-26 12:31:42.959882 (2176809) session_ INFO    Analysis session 'session_0' disconnected.
2026-02-26 12:31:42.960037 (2176809) lic__man INFO    Unclaim everything for 'session_0'.
2026-02-26 12:31:42.960232 (2176809) session_ INFO    Process for analysis session 'session_0' has exited with exit status '0'.
2026-02-26 12:31:44.881758 (2176826) stdio___ INFO    STDIN reader requested to stop.
2026-02-26 12:31:44.881817 (2176826) stdio___ INFO    STDIN reader stopped.
2026-02-26 12:31:44.882201 (2176809) lic_core INFO    (1) checkin jasper_interactive
2026-02-26 12:31:44.893887 (2176809) lic_core INFO    (3) checkin jasper_fao
2026-02-26 12:31:44.909069 (2176809) main____ INFO    Exiting with status 0.
