2026-03-01 08:02:00.643834 (4109935) main____ INFO    ----------------------------------------
2026-03-01 08:02:00.643910 (4109935) main____ INFO    Jasper version info
2026-03-01 08:02:00.643926 (4109935) main____ INFO      tool      : Jasper 2023.12
2026-03-01 08:02:00.643941 (4109935) main____ INFO      version   : 2023.12p001 64 bits
2026-03-01 08:02:00.643954 (4109935) main____ INFO      build date: 2024.01.23 16:09:24 UTC
2026-03-01 08:02:00.643964 (4109935) main____ INFO    ----------------------------------------
2026-03-01 08:02:00.643974 (4109935) main____ INFO    Runtime info:
2026-03-01 08:02:00.643985 (4109935) main____ INFO      platform  : Linux 4.18.0-553.89.1.el8_10.x86_64 x86_64
2026-03-01 08:02:00.644002 (4109935) main____ INFO      hostname  : caddy12.stanford.edu
2026-03-01 08:02:00.644017 (4109935) main____ INFO      pid       : 4109935
2026-03-01 08:02:00.644029 (4109935) main____ INFO      arguments : '-style' 'windows' '-allow_unsupported_OS' '-no_gui' '-fpv' './synthlc/i_LW_out/xPerfLocSubsetDiv/coverset_171_.tcl' '-proj' './synthlc/i_LW_out/xPerfLocSubsetDiv/coverset_171_jgsession_26-03-01-08_02_00'
2026-03-01 08:02:00.644044 (4109935) main____ INFO      locale    : UTF-8
2026-03-01 08:02:00.644054 (4109935) main____ INFO    ----------------------------------------
2026-03-01 08:02:00.644064 (4109935) main____ INFO    System resource limits info:
2026-03-01 08:02:00.644077 (4109935) main____ INFO      virtual memory: unlimited
2026-03-01 08:02:00.644090 (4109935) main____ INFO      cpu time      : unlimited
2026-03-01 08:02:00.644106 (4109935) main____ INFO      processes     : 4096
2026-03-01 08:02:00.644124 (4109935) main____ INFO      stack size    : 8388608 B
2026-03-01 08:02:00.645117 (4109935) main____ INFO      core file size: 0 B
2026-03-01 08:02:00.645156 (4109935) main____ INFO      open files    : 4096
2026-03-01 08:02:00.645189 (4109935) main____ INFO      file size     : unlimited
2026-03-01 08:02:00.645217 (4109935) main____ INFO    ----------------------------------------
2026-03-01 08:02:00.645244 (4109935) main____ INFO    Memory statistics:
2026-03-01 08:02:00.645276 (4109935) main____ INFO      total physical memory  : 98449088 kB
2026-03-01 08:02:00.645307 (4109935) main____ INFO      free physical memory   : 86640284 kB
2026-03-01 08:02:00.645338 (4109935) main____ INFO      committed address space: 7507388 kB
2026-03-01 08:02:00.645365 (4109935) main____ INFO    ----------------------------------------
2026-03-01 08:02:00.646625 (4109935) main____ INFO    Important environment variables:
2026-03-01 08:02:00.646871 (4109935) main____ INFO      CDS_LIC_FILE       : '5280@cadlic0'
2026-03-01 08:02:00.646886 (4109935) main____ INFO      DISPLAY            : 'localhost:12.0'
2026-03-01 08:02:00.646898 (4109935) main____ INFO      JASPER_INSTALL_DIR : '/cad/cadence/jasper_2023.12p001'
2026-03-01 08:02:00.646911 (4109935) main____ INFO      JASPER_KERNEL_CHECK: '1'
2026-03-01 08:02:00.646923 (4109935) main____ INFO      JASPER_OS_CHECK    : '0'
2026-03-01 08:02:00.646935 (4109935) main____ INFO      LANG               : 'zh_TW.UTF-8'
2026-03-01 08:02:00.646946 (4109935) main____ INFO    ----------------------------------------
2026-03-01 08:02:00.648041 (4109935) lic_core INFO    Initializing license system ...
2026-03-01 08:02:00.650252 (4109935) lic_core INFO    ... license system initialized.
2026-03-01 08:02:00.662401 (4109935) lic__man INFO    Claim 'main' for <ui>.
2026-03-01 08:02:00.662452 (4109935) lic_core INFO    (1) checking out 'jasper_interactive' ...
2026-03-01 08:02:00.675034 (4109935) lic_core INFO    ... (1) checkout succeeded
2026-03-01 08:02:00.675093 (4109935) lic__man INFO    Claim 'fpv' for <ui>.
2026-03-01 08:02:00.675115 (4109935) lic_core INFO    (2) checking out 'jasper_fpv' ...
2026-03-01 08:02:00.678973 (4109935) lic_core INFO    ... (2) checkout failed (error: -5) ("FLEXnet ERROR(-5, 0, 0): No such feature exists.")
2026-03-01 08:02:00.679006 (4109935) lic_core INFO    (3) checking out 'jasper_fao' ...
2026-03-01 08:02:00.690145 (4109935) lic_core INFO    ... (3) checkout succeeded
2026-03-01 08:02:00.691074 (4109947) stdio___ INFO    Starting STDIN reader (tty: yes, tty name: '/dev/pts/0')
2026-03-01 08:02:00.691478 (4109935) main____ INFO    Tool inactivity delay is 480000 ms.
2026-03-01 08:02:00.732181 (4109935) session_ INFO    Starting analysis session with session id 'session_0' (launcher: <local>) ...
2026-03-01 08:02:00.733889 (4109935) session_ INFO    Analysis session with session id 'session_0' started (pid: 4109948)
2026-03-01 08:02:01.962106 (4109935) session_ INFO    Analysis session 'session_0' connected to the console (host: 127.0.0.1:53346)
2026-03-01 08:02:05.672178 (4109935) lic__man INFO    Unclaim everything for 'session_0'.
2026-03-01 08:02:05.874261 (4109935) lic__man INFO    Claim 'fpv' for 'session_0'.
2026-03-01 08:02:05.874300 (4109935) lic__man INFO    Claim 'fpv' for 'session_0/prove-0'.
2026-03-01 08:02:09.255678 (4109935) lic__man INFO    Unclaim everything for 'session_0/prove-0'.
2026-03-01 08:02:09.298832 (4109935) main____ INFO    About to exit: request to exit with status 0 received from analysis session 'session_0'
2026-03-01 08:02:09.443971 (4109935) session_ INFO    Analysis session 'session_0' disconnected.
2026-03-01 08:02:09.444115 (4109935) lic__man INFO    Unclaim everything for 'session_0'.
2026-03-01 08:02:09.444301 (4109935) session_ INFO    Process for analysis session 'session_0' has exited with exit status '0'.
2026-03-01 08:02:11.391782 (4109947) stdio___ INFO    STDIN reader requested to stop.
2026-03-01 08:02:11.391833 (4109947) stdio___ INFO    STDIN reader stopped.
2026-03-01 08:02:11.392077 (4109935) lic_core INFO    (1) checkin jasper_interactive
2026-03-01 08:02:11.393182 (4109935) lic_core INFO    (3) checkin jasper_fao
2026-03-01 08:02:11.394200 (4109935) main____ INFO    Exiting with status 0.
