2026-03-02 00:18:18.583849 (798340) main____ INFO    ----------------------------------------
2026-03-02 00:18:18.583931 (798340) main____ INFO    Jasper version info
2026-03-02 00:18:18.583947 (798340) main____ INFO      tool      : Jasper 2023.12
2026-03-02 00:18:18.583961 (798340) main____ INFO      version   : 2023.12p001 64 bits
2026-03-02 00:18:18.583974 (798340) main____ INFO      build date: 2024.01.23 16:09:24 UTC
2026-03-02 00:18:18.583984 (798340) main____ INFO    ----------------------------------------
2026-03-02 00:18:18.583993 (798340) main____ INFO    Runtime info:
2026-03-02 00:18:18.584003 (798340) main____ INFO      platform  : Linux 4.18.0-553.89.1.el8_10.x86_64 x86_64
2026-03-02 00:18:18.584021 (798340) main____ INFO      hostname  : caddy10.stanford.edu
2026-03-02 00:18:18.584035 (798340) main____ INFO      pid       : 798340
2026-03-02 00:18:18.584047 (798340) main____ INFO      arguments : '-style' 'windows' '-allow_unsupported_OS' '-no_gui' '-fpv' './synthlc/i_MUL_out/xHBPerfG_dfg_v3_div/HB_142_.tcl' '-proj' './synthlc/i_MUL_out/xHBPerfG_dfg_v3_div/HB_142_jgsession_26-03-02-00_18_18'
2026-03-02 00:18:18.584079 (798340) main____ INFO      locale    : UTF-8
2026-03-02 00:18:18.584088 (798340) main____ INFO    ----------------------------------------
2026-03-02 00:18:18.584097 (798340) main____ INFO    System resource limits info:
2026-03-02 00:18:18.584109 (798340) main____ INFO      virtual memory: unlimited
2026-03-02 00:18:18.584120 (798340) main____ INFO      cpu time      : unlimited
2026-03-02 00:18:18.584137 (798340) main____ INFO      processes     : 4096
2026-03-02 00:18:18.584157 (798340) main____ INFO      stack size    : 8388608 B
2026-03-02 00:18:18.584171 (798340) main____ INFO      core file size: 0 B
2026-03-02 00:18:18.584183 (798340) main____ INFO      open files    : 4096
2026-03-02 00:18:18.584194 (798340) main____ INFO      file size     : unlimited
2026-03-02 00:18:18.584204 (798340) main____ INFO    ----------------------------------------
2026-03-02 00:18:18.584212 (798340) main____ INFO    Memory statistics:
2026-03-02 00:18:18.584223 (798340) main____ INFO      total physical memory  : 98449096 kB
2026-03-02 00:18:18.584234 (798340) main____ INFO      free physical memory   : 90261584 kB
2026-03-02 00:18:18.584246 (798340) main____ INFO      committed address space: 4145676 kB
2026-03-02 00:18:18.584255 (798340) main____ INFO    ----------------------------------------
2026-03-02 00:18:18.585414 (798340) main____ INFO    Important environment variables:
2026-03-02 00:18:18.585439 (798340) main____ INFO      CDS_LIC_FILE       : '5280@cadlic0'
2026-03-02 00:18:18.585451 (798340) main____ INFO      JASPER_INSTALL_DIR : '/cad/cadence/jasper_2023.12p001'
2026-03-02 00:18:18.585463 (798340) main____ INFO      JASPER_KERNEL_CHECK: '1'
2026-03-02 00:18:18.585474 (798340) main____ INFO      JASPER_OS_CHECK    : '0'
2026-03-02 00:18:18.585485 (798340) main____ INFO      LANG               : 'en_US.UTF-8'
2026-03-02 00:18:18.585495 (798340) main____ INFO    ----------------------------------------
2026-03-02 00:18:18.587211 (798340) lic_core INFO    Initializing license system ...
2026-03-02 00:18:18.611293 (798340) lic_core INFO    ... license system initialized.
2026-03-02 00:18:18.725147 (798340) lic__man INFO    Claim 'main' for <ui>.
2026-03-02 00:18:18.725205 (798340) lic_core INFO    (1) checking out 'jasper_interactive' ...
2026-03-02 00:18:18.762369 (798340) lic_core INFO    ... (1) checkout succeeded
2026-03-02 00:18:18.762472 (798340) lic__man INFO    Claim 'fpv' for <ui>.
2026-03-02 00:18:18.762501 (798340) lic_core INFO    (2) checking out 'jasper_fpv' ...
2026-03-02 00:18:18.817506 (798340) lic_core INFO    ... (2) checkout failed (error: -5) ("FLEXnet ERROR(-5, 0, 0): No such feature exists.")
2026-03-02 00:18:18.817593 (798340) lic_core INFO    (3) checking out 'jasper_fao' ...
2026-03-02 00:18:18.878290 (798340) lic_core INFO    ... (3) checkout succeeded
2026-03-02 00:18:18.895900 (798340) main____ INFO    Tool inactivity delay is 480000 ms.
2026-03-02 00:18:18.904311 (798485) stdio___ INFO    Starting STDIN reader (tty: yes, tty name: '/dev/pts/7')
2026-03-02 00:18:19.206158 (798340) session_ INFO    Starting analysis session with session id 'session_0' (launcher: <local>) ...
2026-03-02 00:18:19.207901 (798340) session_ INFO    Analysis session with session id 'session_0' started (pid: 798505)
2026-03-02 00:18:21.489537 (798340) session_ INFO    Analysis session 'session_0' connected to the console (host: 127.0.0.1:56450)
2026-03-02 00:18:25.480176 (798340) lic__man INFO    Unclaim everything for 'session_0'.
2026-03-02 00:18:25.676722 (798340) lic__man INFO    Claim 'fpv' for 'session_0'.
2026-03-02 00:18:25.676760 (798340) lic__man INFO    Claim 'fpv' for 'session_0/prove-0'.
2026-03-02 00:18:55.685319 (798340) lic__man INFO    Unclaim everything for 'session_0/prove-0'.
2026-03-02 00:18:55.744259 (798340) main____ INFO    About to exit: request to exit with status 0 received from analysis session 'session_0'
2026-03-02 00:18:56.016330 (798340) session_ INFO    Analysis session 'session_0' disconnected.
2026-03-02 00:18:56.016454 (798340) lic__man INFO    Unclaim everything for 'session_0'.
2026-03-02 00:18:56.016631 (798340) session_ INFO    Process for analysis session 'session_0' has exited with exit status '0'.
2026-03-02 00:18:57.851104 (798485) stdio___ INFO    STDIN reader requested to stop.
2026-03-02 00:18:57.851136 (798485) stdio___ INFO    STDIN reader stopped.
2026-03-02 00:18:57.851360 (798340) lic_core INFO    (1) checkin jasper_interactive
2026-03-02 00:18:57.852363 (798340) lic_core INFO    (3) checkin jasper_fao
2026-03-02 00:18:57.853723 (798340) main____ INFO    Exiting with status 0.
