2026-02-25 16:58:08.764583 (3337544) main____ INFO    ----------------------------------------
2026-02-25 16:58:08.764655 (3337544) main____ INFO    Jasper version info
2026-02-25 16:58:08.764671 (3337544) main____ INFO      tool      : Jasper 2023.12
2026-02-25 16:58:08.764686 (3337544) main____ INFO      version   : 2023.12p001 64 bits
2026-02-25 16:58:08.764699 (3337544) main____ INFO      build date: 2024.01.23 16:09:24 UTC
2026-02-25 16:58:08.764709 (3337544) main____ INFO    ----------------------------------------
2026-02-25 16:58:08.764719 (3337544) main____ INFO    Runtime info:
2026-02-25 16:58:08.764730 (3337544) main____ INFO      platform  : Linux 4.18.0-553.89.1.el8_10.x86_64 x86_64
2026-02-25 16:58:08.764749 (3337544) main____ INFO      hostname  : caddy15.stanford.edu
2026-02-25 16:58:08.764763 (3337544) main____ INFO      pid       : 3337544
2026-02-25 16:58:08.764775 (3337544) main____ INFO      arguments : '-style' 'windows' '-allow_unsupported_OS' '-no_gui' '-fpv' './synthlc/i_DIV_out/xHBPerfG_dfg_v3_div/WHB_390_.tcl' '-proj' './synthlc/i_DIV_out/xHBPerfG_dfg_v3_div/WHB_390_jgsession_26-02-25-16_58_08'
2026-02-25 16:58:08.764791 (3337544) main____ INFO      locale    : UTF-8
2026-02-25 16:58:08.764802 (3337544) main____ INFO    ----------------------------------------
2026-02-25 16:58:08.764811 (3337544) main____ INFO    System resource limits info:
2026-02-25 16:58:08.764824 (3337544) main____ INFO      virtual memory: unlimited
2026-02-25 16:58:08.764836 (3337544) main____ INFO      cpu time      : unlimited
2026-02-25 16:58:08.764854 (3337544) main____ INFO      processes     : 4096
2026-02-25 16:58:08.764873 (3337544) main____ INFO      stack size    : 8388608 B
2026-02-25 16:58:08.764887 (3337544) main____ INFO      core file size: 0 B
2026-02-25 16:58:08.764901 (3337544) main____ INFO      open files    : 4096
2026-02-25 16:58:08.764913 (3337544) main____ INFO      file size     : unlimited
2026-02-25 16:58:08.764923 (3337544) main____ INFO    ----------------------------------------
2026-02-25 16:58:08.764933 (3337544) main____ INFO    Memory statistics:
2026-02-25 16:58:08.764945 (3337544) main____ INFO      total physical memory  : 98449092 kB
2026-02-25 16:58:08.764956 (3337544) main____ INFO      free physical memory   : 81164464 kB
2026-02-25 16:58:08.764968 (3337544) main____ INFO      committed address space: 2573012 kB
2026-02-25 16:58:08.764978 (3337544) main____ INFO    ----------------------------------------
2026-02-25 16:58:08.766125 (3337544) main____ INFO    Important environment variables:
2026-02-25 16:58:08.766149 (3337544) main____ INFO      CDS_LIC_FILE       : '5280@cadlic0'
2026-02-25 16:58:08.766161 (3337544) main____ INFO      JASPER_INSTALL_DIR : '/cad/cadence/jasper_2023.12p001'
2026-02-25 16:58:08.766174 (3337544) main____ INFO      JASPER_KERNEL_CHECK: '1'
2026-02-25 16:58:08.766186 (3337544) main____ INFO      JASPER_OS_CHECK    : '0'
2026-02-25 16:58:08.766199 (3337544) main____ INFO      LANG               : 'en_US.UTF-8'
2026-02-25 16:58:08.766209 (3337544) main____ INFO    ----------------------------------------
2026-02-25 16:58:08.767333 (3337544) lic_core INFO    Initializing license system ...
2026-02-25 16:58:08.768816 (3337544) lic_core INFO    ... license system initialized.
2026-02-25 16:58:08.778361 (3337544) lic__man INFO    Claim 'main' for <ui>.
2026-02-25 16:58:08.778403 (3337544) lic_core INFO    (1) checking out 'jasper_interactive' ...
2026-02-25 16:58:08.790688 (3337544) lic_core INFO    ... (1) checkout succeeded
2026-02-25 16:58:08.790755 (3337544) lic__man INFO    Claim 'fpv' for <ui>.
2026-02-25 16:58:08.790780 (3337544) lic_core INFO    (2) checking out 'jasper_fpv' ...
2026-02-25 16:58:08.795178 (3337544) lic_core INFO    ... (2) checkout failed (error: -5) ("FLEXnet ERROR(-5, 0, 0): No such feature exists.")
2026-02-25 16:58:08.795210 (3337544) lic_core INFO    (3) checking out 'jasper_fao' ...
2026-02-25 16:58:08.806228 (3337544) lic_core INFO    ... (3) checkout succeeded
2026-02-25 16:58:08.808502 (3337555) stdio___ INFO    Starting STDIN reader (tty: yes, tty name: '/dev/pts/0')
2026-02-25 16:58:08.808616 (3337544) main____ INFO    Tool inactivity delay is 480000 ms.
2026-02-25 16:58:08.846615 (3337544) session_ INFO    Starting analysis session with session id 'session_0' (launcher: <local>) ...
2026-02-25 16:58:08.848455 (3337544) session_ INFO    Analysis session with session id 'session_0' started (pid: 3337556)
2026-02-25 16:58:09.958319 (3337544) session_ INFO    Analysis session 'session_0' connected to the console (host: 127.0.0.1:56018)
2026-02-25 16:58:13.156499 (3337544) lic__man INFO    Unclaim everything for 'session_0'.
2026-02-25 16:58:13.457078 (3337544) lic__man INFO    Claim 'fpv' for 'session_0'.
2026-02-25 16:58:13.457130 (3337544) lic__man INFO    Claim 'fpv' for 'session_0/prove-0'.
2026-02-25 16:58:26.938655 (3337544) lic__man INFO    Unclaim everything for 'session_0/prove-0'.
2026-02-25 16:58:27.015620 (3337544) main____ INFO    About to exit: request to exit with status 0 received from analysis session 'session_0'
2026-02-25 16:58:27.570628 (3337544) session_ INFO    Analysis session 'session_0' disconnected.
2026-02-25 16:58:27.570785 (3337544) lic__man INFO    Unclaim everything for 'session_0'.
2026-02-25 16:58:27.570970 (3337544) session_ INFO    Process for analysis session 'session_0' has exited with exit status '0'.
2026-02-25 16:58:28.934394 (3337555) stdio___ INFO    STDIN reader requested to stop.
2026-02-25 16:58:28.934460 (3337555) stdio___ INFO    STDIN reader stopped.
2026-02-25 16:58:28.944583 (3337544) lic_core INFO    (1) checkin jasper_interactive
2026-02-25 16:58:28.949638 (3337544) lic_core INFO    (3) checkin jasper_fao
2026-02-25 16:58:28.952635 (3337544) main____ INFO    Exiting with status 0.
