2026-02-28 01:45:16.698634 (561408) main____ INFO    ----------------------------------------
2026-02-28 01:45:16.698737 (561408) main____ INFO    Jasper version info
2026-02-28 01:45:16.698752 (561408) main____ INFO      tool      : Jasper 2023.12
2026-02-28 01:45:16.698767 (561408) main____ INFO      version   : 2023.12p001 64 bits
2026-02-28 01:45:16.698780 (561408) main____ INFO      build date: 2024.01.23 16:09:24 UTC
2026-02-28 01:45:16.698790 (561408) main____ INFO    ----------------------------------------
2026-02-28 01:45:16.698799 (561408) main____ INFO    Runtime info:
2026-02-28 01:45:16.698809 (561408) main____ INFO      platform  : Linux 4.18.0-553.89.1.el8_10.x86_64 x86_64
2026-02-28 01:45:16.698828 (561408) main____ INFO      hostname  : caddy10.stanford.edu
2026-02-28 01:45:16.698843 (561408) main____ INFO      pid       : 561408
2026-02-28 01:45:16.698854 (561408) main____ INFO      arguments : '-style' 'windows' '-allow_unsupported_OS' '-no_gui' '-fpv' './synthlc/i_MUL_out/xPairwiseDepDiv/nunv_anytwo_107_.tcl' '-proj' './synthlc/i_MUL_out/xPairwiseDepDiv/nunv_anytwo_107_jgsession_26-02-28-01_45_16'
2026-02-28 01:45:16.698871 (561408) main____ INFO      locale    : UTF-8
2026-02-28 01:45:16.698880 (561408) main____ INFO    ----------------------------------------
2026-02-28 01:45:16.698889 (561408) main____ INFO    System resource limits info:
2026-02-28 01:45:16.698901 (561408) main____ INFO      virtual memory: unlimited
2026-02-28 01:45:16.698913 (561408) main____ INFO      cpu time      : unlimited
2026-02-28 01:45:16.698942 (561408) main____ INFO      processes     : 4096
2026-02-28 01:45:16.698963 (561408) main____ INFO      stack size    : 8388608 B
2026-02-28 01:45:16.698977 (561408) main____ INFO      core file size: 0 B
2026-02-28 01:45:16.698989 (561408) main____ INFO      open files    : 4096
2026-02-28 01:45:16.699001 (561408) main____ INFO      file size     : unlimited
2026-02-28 01:45:16.699010 (561408) main____ INFO    ----------------------------------------
2026-02-28 01:45:16.699019 (561408) main____ INFO    Memory statistics:
2026-02-28 01:45:16.699031 (561408) main____ INFO      total physical memory  : 98449096 kB
2026-02-28 01:45:16.699041 (561408) main____ INFO      free physical memory   : 85878840 kB
2026-02-28 01:45:16.699082 (561408) main____ INFO      committed address space: 7683872 kB
2026-02-28 01:45:16.699094 (561408) main____ INFO    ----------------------------------------
2026-02-28 01:45:16.700387 (561408) main____ INFO    Important environment variables:
2026-02-28 01:45:16.700429 (561408) main____ INFO      CDS_LIC_FILE       : '5280@cadlic0'
2026-02-28 01:45:16.700444 (561408) main____ INFO      JASPER_INSTALL_DIR : '/cad/cadence/jasper_2023.12p001'
2026-02-28 01:45:16.700458 (561408) main____ INFO      JASPER_KERNEL_CHECK: '1'
2026-02-28 01:45:16.700472 (561408) main____ INFO      JASPER_OS_CHECK    : '0'
2026-02-28 01:45:16.700486 (561408) main____ INFO      LANG               : 'en_US.UTF-8'
2026-02-28 01:45:16.700495 (561408) main____ INFO    ----------------------------------------
2026-02-28 01:45:16.702303 (561408) lic_core INFO    Initializing license system ...
2026-02-28 01:45:16.713197 (561408) lic_core INFO    ... license system initialized.
2026-02-28 01:45:16.790369 (561408) lic__man INFO    Claim 'main' for <ui>.
2026-02-28 01:45:16.790439 (561408) lic_core INFO    (1) checking out 'jasper_interactive' ...
2026-02-28 01:45:16.834504 (561408) lic_core INFO    ... (1) checkout succeeded
2026-02-28 01:45:16.834611 (561408) lic__man INFO    Claim 'fpv' for <ui>.
2026-02-28 01:45:16.834641 (561408) lic_core INFO    (2) checking out 'jasper_fpv' ...
2026-02-28 01:45:16.839518 (561408) lic_core INFO    ... (2) checkout failed (error: -5) ("FLEXnet ERROR(-5, 0, 0): No such feature exists.")
2026-02-28 01:45:16.839571 (561408) lic_core INFO    (3) checking out 'jasper_fao' ...
2026-02-28 01:45:16.850708 (561408) lic_core INFO    ... (3) checkout succeeded
2026-02-28 01:45:16.852020 (561408) main____ INFO    Tool inactivity delay is 480000 ms.
2026-02-28 01:45:16.862277 (561424) stdio___ INFO    Starting STDIN reader (tty: yes, tty name: '/dev/pts/5')
2026-02-28 01:45:16.942177 (561408) session_ INFO    Starting analysis session with session id 'session_0' (launcher: <local>) ...
2026-02-28 01:45:16.944224 (561408) session_ INFO    Analysis session with session id 'session_0' started (pid: 561425)
2026-02-28 01:45:18.305524 (561408) session_ INFO    Analysis session 'session_0' connected to the console (host: 127.0.0.1:53426)
2026-02-28 01:45:22.900283 (561408) lic__man INFO    Unclaim everything for 'session_0'.
2026-02-28 01:45:23.220286 (561408) lic__man INFO    Claim 'fpv' for 'session_0'.
2026-02-28 01:45:23.220328 (561408) lic__man INFO    Claim 'fpv' for 'session_0/prove-0'.
2026-02-28 01:45:26.051746 (561408) lic__man INFO    Unclaim everything for 'session_0/prove-0'.
2026-02-28 01:45:26.120300 (561408) main____ INFO    About to exit: request to exit with status 0 received from analysis session 'session_0'
2026-02-28 01:45:26.363748 (561408) session_ INFO    Analysis session 'session_0' disconnected.
2026-02-28 01:45:26.363903 (561408) lic__man INFO    Unclaim everything for 'session_0'.
2026-02-28 01:45:26.364212 (561408) session_ INFO    Process for analysis session 'session_0' has exited with exit status '0'.
2026-02-28 01:45:28.038129 (561424) stdio___ INFO    STDIN reader requested to stop.
2026-02-28 01:45:28.038189 (561424) stdio___ INFO    STDIN reader stopped.
2026-02-28 01:45:28.048305 (561408) lic_core INFO    (1) checkin jasper_interactive
2026-02-28 01:45:28.053256 (561408) lic_core INFO    (3) checkin jasper_fao
2026-02-28 01:45:28.056928 (561408) main____ INFO    Exiting with status 0.
