2026-02-25 14:32:45.418619 (3244639) main____ INFO    ----------------------------------------
2026-02-25 14:32:45.418732 (3244639) main____ INFO    Jasper version info
2026-02-25 14:32:45.418762 (3244639) main____ INFO      tool      : Jasper 2023.12
2026-02-25 14:32:45.418780 (3244639) main____ INFO      version   : 2023.12p001 64 bits
2026-02-25 14:32:45.418795 (3244639) main____ INFO      build date: 2024.01.23 16:09:24 UTC
2026-02-25 14:32:45.418807 (3244639) main____ INFO    ----------------------------------------
2026-02-25 14:32:45.418818 (3244639) main____ INFO    Runtime info:
2026-02-25 14:32:45.418830 (3244639) main____ INFO      platform  : Linux 4.18.0-553.89.1.el8_10.x86_64 x86_64
2026-02-25 14:32:45.418852 (3244639) main____ INFO      hostname  : caddy15.stanford.edu
2026-02-25 14:32:45.418870 (3244639) main____ INFO      pid       : 3244639
2026-02-25 14:32:45.418884 (3244639) main____ INFO      arguments : '-style' 'windows' '-allow_unsupported_OS' '-no_gui' '-fpv' './synthlc/i_DIV_out/xHBPerfG_dfg_v3_div/HB_198_.tcl' '-proj' './synthlc/i_DIV_out/xHBPerfG_dfg_v3_div/HB_198_jgsession_26-02-25-14_32_44'
2026-02-25 14:32:45.418904 (3244639) main____ INFO      locale    : UTF-8
2026-02-25 14:32:45.418915 (3244639) main____ INFO    ----------------------------------------
2026-02-25 14:32:45.418926 (3244639) main____ INFO    System resource limits info:
2026-02-25 14:32:45.418940 (3244639) main____ INFO      virtual memory: unlimited
2026-02-25 14:32:45.418955 (3244639) main____ INFO      cpu time      : unlimited
2026-02-25 14:32:45.418976 (3244639) main____ INFO      processes     : 4096
2026-02-25 14:32:45.419000 (3244639) main____ INFO      stack size    : 8388608 B
2026-02-25 14:32:45.419016 (3244639) main____ INFO      core file size: 0 B
2026-02-25 14:32:45.419031 (3244639) main____ INFO      open files    : 4096
2026-02-25 14:32:45.419045 (3244639) main____ INFO      file size     : unlimited
2026-02-25 14:32:45.419057 (3244639) main____ INFO    ----------------------------------------
2026-02-25 14:32:45.419067 (3244639) main____ INFO    Memory statistics:
2026-02-25 14:32:45.419081 (3244639) main____ INFO      total physical memory  : 98449092 kB
2026-02-25 14:32:45.419095 (3244639) main____ INFO      free physical memory   : 75404484 kB
2026-02-25 14:32:45.419108 (3244639) main____ INFO      committed address space: 10998700 kB
2026-02-25 14:32:45.419119 (3244639) main____ INFO    ----------------------------------------
2026-02-25 14:32:45.420497 (3244639) main____ INFO    Important environment variables:
2026-02-25 14:32:45.420527 (3244639) main____ INFO      CDS_LIC_FILE       : '5280@cadlic0'
2026-02-25 14:32:45.420541 (3244639) main____ INFO      JASPER_INSTALL_DIR : '/cad/cadence/jasper_2023.12p001'
2026-02-25 14:32:45.420556 (3244639) main____ INFO      JASPER_KERNEL_CHECK: '1'
2026-02-25 14:32:45.420570 (3244639) main____ INFO      JASPER_OS_CHECK    : '0'
2026-02-25 14:32:45.420583 (3244639) main____ INFO      LANG               : 'en_US.UTF-8'
2026-02-25 14:32:45.420595 (3244639) main____ INFO    ----------------------------------------
2026-02-25 14:32:45.422499 (3244639) lic_core INFO    Initializing license system ...
2026-02-25 14:32:45.491161 (3244639) lic_core INFO    ... license system initialized.
2026-02-25 14:32:45.686897 (3244639) lic__man INFO    Claim 'main' for <ui>.
2026-02-25 14:32:45.686980 (3244639) lic_core INFO    (1) checking out 'jasper_interactive' ...
2026-02-25 14:32:45.765550 (3244639) lic_core INFO    ... (1) checkout succeeded
2026-02-25 14:32:45.765684 (3244639) lic__man INFO    Claim 'fpv' for <ui>.
2026-02-25 14:32:45.765715 (3244639) lic_core INFO    (2) checking out 'jasper_fpv' ...
2026-02-25 14:32:45.827894 (3244639) lic_core INFO    ... (2) checkout failed (error: -5) ("FLEXnet ERROR(-5, 0, 0): No such feature exists.")
2026-02-25 14:32:45.827960 (3244639) lic_core INFO    (3) checking out 'jasper_fao' ...
2026-02-25 14:32:45.912932 (3244639) lic_core INFO    ... (3) checkout succeeded
2026-02-25 14:32:45.927441 (3244639) main____ INFO    Tool inactivity delay is 480000 ms.
2026-02-25 14:32:45.935558 (3244650) stdio___ INFO    Starting STDIN reader (tty: yes, tty name: '/dev/pts/0')
2026-02-25 14:32:46.237444 (3244639) session_ INFO    Starting analysis session with session id 'session_0' (launcher: <local>) ...
2026-02-25 14:32:46.239618 (3244639) session_ INFO    Analysis session with session id 'session_0' started (pid: 3244651)
2026-02-25 14:32:49.803093 (3244639) session_ INFO    Analysis session 'session_0' connected to the console (host: 127.0.0.1:40966)
2026-02-25 14:33:01.020869 (3244639) lic__man INFO    Unclaim everything for 'session_0'.
2026-02-25 14:33:01.441971 (3244639) lic__man INFO    Claim 'fpv' for 'session_0'.
2026-02-25 14:33:01.442016 (3244639) lic__man INFO    Claim 'fpv' for 'session_0/prove-0'.
2026-02-25 14:33:04.658626 (3244639) lic__man INFO    Unclaim everything for 'session_0/prove-0'.
2026-02-25 14:33:04.739586 (3244639) main____ INFO    About to exit: request to exit with status 0 received from analysis session 'session_0'
2026-02-25 14:33:05.154589 (3244639) session_ INFO    Analysis session 'session_0' disconnected.
2026-02-25 14:33:05.154757 (3244639) lic__man INFO    Unclaim everything for 'session_0'.
2026-02-25 14:33:05.169521 (3244639) session_ INFO    Process for analysis session 'session_0' has exited with exit status '0'.
2026-02-25 14:33:06.863477 (3244650) stdio___ INFO    STDIN reader requested to stop.
2026-02-25 14:33:06.863529 (3244650) stdio___ INFO    STDIN reader stopped.
2026-02-25 14:33:06.863852 (3244639) lic_core INFO    (1) checkin jasper_interactive
2026-02-25 14:33:06.874547 (3244639) lic_core INFO    (3) checkin jasper_fao
2026-02-25 14:33:06.894348 (3244639) main____ INFO    Exiting with status 0.
