2026-02-26 05:36:43.892013 (3776105) main____ INFO    ----------------------------------------
2026-02-26 05:36:43.892111 (3776105) main____ INFO    Jasper version info
2026-02-26 05:36:43.892129 (3776105) main____ INFO      tool      : Jasper 2023.12
2026-02-26 05:36:43.892148 (3776105) main____ INFO      version   : 2023.12p001 64 bits
2026-02-26 05:36:43.892163 (3776105) main____ INFO      build date: 2024.01.23 16:09:24 UTC
2026-02-26 05:36:43.892174 (3776105) main____ INFO    ----------------------------------------
2026-02-26 05:36:43.892185 (3776105) main____ INFO    Runtime info:
2026-02-26 05:36:43.892198 (3776105) main____ INFO      platform  : Linux 4.18.0-553.89.1.el8_10.x86_64 x86_64
2026-02-26 05:36:43.892220 (3776105) main____ INFO      hostname  : caddy15.stanford.edu
2026-02-26 05:36:43.892237 (3776105) main____ INFO      pid       : 3776105
2026-02-26 05:36:43.892251 (3776105) main____ INFO      arguments : '-style' 'windows' '-allow_unsupported_OS' '-no_gui' '-fpv' './synthlc/i_ADDI_out/xPerfLocSubsetDiv/coverset_16_.tcl' '-proj' './synthlc/i_ADDI_out/xPerfLocSubsetDiv/coverset_16_jgsession_26-02-26-05_36_43'
2026-02-26 05:36:43.892271 (3776105) main____ INFO      locale    : UTF-8
2026-02-26 05:36:43.892283 (3776105) main____ INFO    ----------------------------------------
2026-02-26 05:36:43.892294 (3776105) main____ INFO    System resource limits info:
2026-02-26 05:36:43.892324 (3776105) main____ INFO      virtual memory: unlimited
2026-02-26 05:36:43.892339 (3776105) main____ INFO      cpu time      : unlimited
2026-02-26 05:36:43.892360 (3776105) main____ INFO      processes     : 4096
2026-02-26 05:36:43.892384 (3776105) main____ INFO      stack size    : 8388608 B
2026-02-26 05:36:43.892401 (3776105) main____ INFO      core file size: 0 B
2026-02-26 05:36:43.892416 (3776105) main____ INFO      open files    : 4096
2026-02-26 05:36:43.892430 (3776105) main____ INFO      file size     : unlimited
2026-02-26 05:36:43.892442 (3776105) main____ INFO    ----------------------------------------
2026-02-26 05:36:43.892453 (3776105) main____ INFO    Memory statistics:
2026-02-26 05:36:43.892467 (3776105) main____ INFO      total physical memory  : 98449092 kB
2026-02-26 05:36:43.892481 (3776105) main____ INFO      free physical memory   : 76066368 kB
2026-02-26 05:36:43.892495 (3776105) main____ INFO      committed address space: 6799772 kB
2026-02-26 05:36:43.892506 (3776105) main____ INFO    ----------------------------------------
2026-02-26 05:36:43.893879 (3776105) main____ INFO    Important environment variables:
2026-02-26 05:36:43.893912 (3776105) main____ INFO      CDS_LIC_FILE       : '5280@cadlic0'
2026-02-26 05:36:43.893926 (3776105) main____ INFO      JASPER_INSTALL_DIR : '/cad/cadence/jasper_2023.12p001'
2026-02-26 05:36:43.893940 (3776105) main____ INFO      JASPER_KERNEL_CHECK: '1'
2026-02-26 05:36:43.893955 (3776105) main____ INFO      JASPER_OS_CHECK    : '0'
2026-02-26 05:36:43.893969 (3776105) main____ INFO      LANG               : 'en_US.UTF-8'
2026-02-26 05:36:43.893980 (3776105) main____ INFO    ----------------------------------------
2026-02-26 05:36:43.895524 (3776105) lic_core INFO    Initializing license system ...
2026-02-26 05:36:43.919712 (3776105) lic_core INFO    ... license system initialized.
2026-02-26 05:36:44.008074 (3776105) lic__man INFO    Claim 'main' for <ui>.
2026-02-26 05:36:44.008148 (3776105) lic_core INFO    (1) checking out 'jasper_interactive' ...
2026-02-26 05:36:44.052004 (3776105) lic_core INFO    ... (1) checkout succeeded
2026-02-26 05:36:44.052110 (3776105) lic__man INFO    Claim 'fpv' for <ui>.
2026-02-26 05:36:44.052138 (3776105) lic_core INFO    (2) checking out 'jasper_fpv' ...
2026-02-26 05:36:44.059885 (3776105) lic_core INFO    ... (2) checkout failed (error: -5) ("FLEXnet ERROR(-5, 0, 0): No such feature exists.")
2026-02-26 05:36:44.059939 (3776105) lic_core INFO    (3) checking out 'jasper_fao' ...
2026-02-26 05:36:44.071459 (3776105) lic_core INFO    ... (3) checkout succeeded
2026-02-26 05:36:44.073481 (3776105) main____ INFO    Tool inactivity delay is 480000 ms.
2026-02-26 05:36:44.083507 (3776121) stdio___ INFO    Starting STDIN reader (tty: yes, tty name: '/dev/pts/0')
2026-02-26 05:36:44.143060 (3776105) session_ INFO    Starting analysis session with session id 'session_0' (launcher: <local>) ...
2026-02-26 05:36:44.145032 (3776105) session_ INFO    Analysis session with session id 'session_0' started (pid: 3776122)
2026-02-26 05:36:46.635845 (3776105) session_ INFO    Analysis session 'session_0' connected to the console (host: 127.0.0.1:45804)
2026-02-26 05:36:50.987079 (3776105) lic__man INFO    Unclaim everything for 'session_0'.
2026-02-26 05:36:51.366828 (3776105) lic__man INFO    Claim 'fpv' for 'session_0'.
2026-02-26 05:36:51.366873 (3776105) lic__man INFO    Claim 'fpv' for 'session_0/prove-0'.
2026-02-26 05:36:54.544569 (3776105) lic__man INFO    Unclaim everything for 'session_0/prove-0'.
2026-02-26 05:36:54.550966 (3776105) main____ INFO    About to exit: request to exit with status 0 received from analysis session 'session_0'
2026-02-26 05:36:54.719941 (3776105) session_ INFO    Analysis session 'session_0' disconnected.
2026-02-26 05:36:54.720086 (3776105) lic__man INFO    Unclaim everything for 'session_0'.
2026-02-26 05:36:54.720274 (3776105) session_ INFO    Process for analysis session 'session_0' has exited with exit status '0'.
2026-02-26 05:36:56.478372 (3776121) stdio___ INFO    STDIN reader requested to stop.
2026-02-26 05:36:56.478425 (3776121) stdio___ INFO    STDIN reader stopped.
2026-02-26 05:36:56.487110 (3776105) lic_core INFO    (1) checkin jasper_interactive
2026-02-26 05:36:56.495594 (3776105) lic_core INFO    (3) checkin jasper_fao
2026-02-26 05:36:56.508533 (3776105) main____ INFO    Exiting with status 0.
