2026-03-01 10:06:09.046251 (47771) main____ INFO    ----------------------------------------
2026-03-01 10:06:09.046356 (47771) main____ INFO    Jasper version info
2026-03-01 10:06:09.046373 (47771) main____ INFO      tool      : Jasper 2023.12
2026-03-01 10:06:09.046388 (47771) main____ INFO      version   : 2023.12p001 64 bits
2026-03-01 10:06:09.046402 (47771) main____ INFO      build date: 2024.01.23 16:09:24 UTC
2026-03-01 10:06:09.046413 (47771) main____ INFO    ----------------------------------------
2026-03-01 10:06:09.046423 (47771) main____ INFO    Runtime info:
2026-03-01 10:06:09.046434 (47771) main____ INFO      platform  : Linux 4.18.0-553.89.1.el8_10.x86_64 x86_64
2026-03-01 10:06:09.046454 (47771) main____ INFO      hostname  : caddy12.stanford.edu
2026-03-01 10:06:09.046469 (47771) main____ INFO      pid       : 47771
2026-03-01 10:06:09.046482 (47771) main____ INFO      arguments : '-style' 'windows' '-allow_unsupported_OS' '-no_gui' '-fpv' './synthlc/i_LW_out/xHBPerfG_dfg_v3_div/HB_371_.tcl' '-proj' './synthlc/i_LW_out/xHBPerfG_dfg_v3_div/HB_371_jgsession_26-03-01-10_06_08'
2026-03-01 10:06:09.046499 (47771) main____ INFO      locale    : UTF-8
2026-03-01 10:06:09.046509 (47771) main____ INFO    ----------------------------------------
2026-03-01 10:06:09.046519 (47771) main____ INFO    System resource limits info:
2026-03-01 10:06:09.046532 (47771) main____ INFO      virtual memory: unlimited
2026-03-01 10:06:09.046545 (47771) main____ INFO      cpu time      : unlimited
2026-03-01 10:06:09.046564 (47771) main____ INFO      processes     : 4096
2026-03-01 10:06:09.046584 (47771) main____ INFO      stack size    : 8388608 B
2026-03-01 10:06:09.046599 (47771) main____ INFO      core file size: 0 B
2026-03-01 10:06:09.046613 (47771) main____ INFO      open files    : 4096
2026-03-01 10:06:09.046625 (47771) main____ INFO      file size     : unlimited
2026-03-01 10:06:09.046636 (47771) main____ INFO    ----------------------------------------
2026-03-01 10:06:09.046646 (47771) main____ INFO    Memory statistics:
2026-03-01 10:06:09.046658 (47771) main____ INFO      total physical memory  : 98449088 kB
2026-03-01 10:06:09.046687 (47771) main____ INFO      free physical memory   : 83464936 kB
2026-03-01 10:06:09.046699 (47771) main____ INFO      committed address space: 11324504 kB
2026-03-01 10:06:09.046710 (47771) main____ INFO    ----------------------------------------
2026-03-01 10:06:09.047896 (47771) main____ INFO    Important environment variables:
2026-03-01 10:06:09.047921 (47771) main____ INFO      CDS_LIC_FILE       : '5280@cadlic0'
2026-03-01 10:06:09.047935 (47771) main____ INFO      DISPLAY            : 'localhost:12.0'
2026-03-01 10:06:09.047947 (47771) main____ INFO      JASPER_INSTALL_DIR : '/cad/cadence/jasper_2023.12p001'
2026-03-01 10:06:09.047960 (47771) main____ INFO      JASPER_KERNEL_CHECK: '1'
2026-03-01 10:06:09.047973 (47771) main____ INFO      JASPER_OS_CHECK    : '0'
2026-03-01 10:06:09.047986 (47771) main____ INFO      LANG               : 'zh_TW.UTF-8'
2026-03-01 10:06:09.047997 (47771) main____ INFO    ----------------------------------------
2026-03-01 10:06:09.049071 (47771) lic_core INFO    Initializing license system ...
2026-03-01 10:06:09.081472 (47771) lic_core INFO    ... license system initialized.
2026-03-01 10:06:09.160935 (47771) lic__man INFO    Claim 'main' for <ui>.
2026-03-01 10:06:09.161017 (47771) lic_core INFO    (1) checking out 'jasper_interactive' ...
2026-03-01 10:06:09.224995 (47771) lic_core INFO    ... (1) checkout succeeded
2026-03-01 10:06:09.225112 (47771) lic__man INFO    Claim 'fpv' for <ui>.
2026-03-01 10:06:09.225144 (47771) lic_core INFO    (2) checking out 'jasper_fpv' ...
2026-03-01 10:06:09.230040 (47771) lic_core INFO    ... (2) checkout failed (error: -5) ("FLEXnet ERROR(-5, 0, 0): No such feature exists.")
2026-03-01 10:06:09.237847 (47771) lic_core INFO    (3) checking out 'jasper_fao' ...
2026-03-01 10:06:09.271532 (47771) lic_core INFO    ... (3) checkout succeeded
2026-03-01 10:06:09.284557 (47771) main____ INFO    Tool inactivity delay is 480000 ms.
2026-03-01 10:06:09.284898 (47791) stdio___ INFO    Starting STDIN reader (tty: yes, tty name: '/dev/pts/0')
2026-03-01 10:06:09.338164 (47771) session_ INFO    Starting analysis session with session id 'session_0' (launcher: <local>) ...
2026-03-01 10:06:09.340103 (47771) session_ INFO    Analysis session with session id 'session_0' started (pid: 47792)
2026-03-01 10:06:10.607243 (47771) session_ INFO    Analysis session 'session_0' connected to the console (host: 127.0.0.1:47940)
2026-03-01 10:06:15.100734 (47771) lic__man INFO    Unclaim everything for 'session_0'.
2026-03-01 10:06:15.377846 (47771) lic__man INFO    Claim 'fpv' for 'session_0'.
2026-03-01 10:06:15.377891 (47771) lic__man INFO    Claim 'fpv' for 'session_0/prove-0'.
2026-03-01 10:08:56.410994 (47771) lic__man INFO    Unclaim everything for 'session_0/prove-0'.
2026-03-01 10:08:56.416042 (47771) main____ INFO    About to exit: request to exit with status 0 received from analysis session 'session_0'
2026-03-01 10:08:56.631354 (47771) session_ INFO    Analysis session 'session_0' disconnected.
2026-03-01 10:08:56.631593 (47771) lic__man INFO    Unclaim everything for 'session_0'.
2026-03-01 10:08:56.641894 (47771) session_ INFO    Process for analysis session 'session_0' has exited with exit status '0'.
2026-03-01 10:08:58.402070 (47791) stdio___ INFO    STDIN reader requested to stop.
2026-03-01 10:08:58.402142 (47791) stdio___ INFO    STDIN reader stopped.
2026-03-01 10:08:58.402565 (47771) lic_core INFO    (1) checkin jasper_interactive
2026-03-01 10:08:58.404913 (47771) lic_core INFO    (3) checkin jasper_fao
2026-03-01 10:08:58.409202 (47771) main____ INFO    Exiting with status 0.
