2026-02-27 23:34:24.588413 (497493) main____ INFO    ----------------------------------------
2026-02-27 23:34:24.588527 (497493) main____ INFO    Jasper version info
2026-02-27 23:34:24.588545 (497493) main____ INFO      tool      : Jasper 2023.12
2026-02-27 23:34:24.588563 (497493) main____ INFO      version   : 2023.12p001 64 bits
2026-02-27 23:34:24.588578 (497493) main____ INFO      build date: 2024.01.23 16:09:24 UTC
2026-02-27 23:34:24.588589 (497493) main____ INFO    ----------------------------------------
2026-02-27 23:34:24.588600 (497493) main____ INFO    Runtime info:
2026-02-27 23:34:24.588613 (497493) main____ INFO      platform  : Linux 4.18.0-553.89.1.el8_10.x86_64 x86_64
2026-02-27 23:34:24.588634 (497493) main____ INFO      hostname  : caddy10.stanford.edu
2026-02-27 23:34:24.588652 (497493) main____ INFO      pid       : 497493
2026-02-27 23:34:24.588666 (497493) main____ INFO      arguments : '-style' 'windows' '-allow_unsupported_OS' '-no_gui' '-fpv' './synthlc/i_DIV_out/xHBPerfG_dfg_v3_div/HB_103_.tcl' '-proj' './synthlc/i_DIV_out/xHBPerfG_dfg_v3_div/HB_103_jgsession_26-02-27-23_34_24'
2026-02-27 23:34:24.588686 (497493) main____ INFO      locale    : UTF-8
2026-02-27 23:34:24.588697 (497493) main____ INFO    ----------------------------------------
2026-02-27 23:34:24.588708 (497493) main____ INFO    System resource limits info:
2026-02-27 23:34:24.588723 (497493) main____ INFO      virtual memory: unlimited
2026-02-27 23:34:24.588737 (497493) main____ INFO      cpu time      : unlimited
2026-02-27 23:34:24.588758 (497493) main____ INFO      processes     : 4096
2026-02-27 23:34:24.588780 (497493) main____ INFO      stack size    : 8388608 B
2026-02-27 23:34:24.588796 (497493) main____ INFO      core file size: 0 B
2026-02-27 23:34:24.588811 (497493) main____ INFO      open files    : 4096
2026-02-27 23:34:24.588825 (497493) main____ INFO      file size     : unlimited
2026-02-27 23:34:24.588836 (497493) main____ INFO    ----------------------------------------
2026-02-27 23:34:24.588847 (497493) main____ INFO    Memory statistics:
2026-02-27 23:34:24.588860 (497493) main____ INFO      total physical memory  : 98449096 kB
2026-02-27 23:34:24.588874 (497493) main____ INFO      free physical memory   : 89166388 kB
2026-02-27 23:34:24.588887 (497493) main____ INFO      committed address space: 3730720 kB
2026-02-27 23:34:24.588898 (497493) main____ INFO    ----------------------------------------
2026-02-27 23:34:24.590274 (497493) main____ INFO    Important environment variables:
2026-02-27 23:34:24.590308 (497493) main____ INFO      CDS_LIC_FILE       : '5280@cadlic0'
2026-02-27 23:34:24.590323 (497493) main____ INFO      JASPER_INSTALL_DIR : '/cad/cadence/jasper_2023.12p001'
2026-02-27 23:34:24.590339 (497493) main____ INFO      JASPER_KERNEL_CHECK: '1'
2026-02-27 23:34:24.590354 (497493) main____ INFO      JASPER_OS_CHECK    : '0'
2026-02-27 23:34:24.590369 (497493) main____ INFO      LANG               : 'en_US.UTF-8'
2026-02-27 23:34:24.590383 (497493) main____ INFO    ----------------------------------------
2026-02-27 23:34:24.595347 (497493) lic_core INFO    Initializing license system ...
2026-02-27 23:34:24.598860 (497493) lic_core INFO    ... license system initialized.
2026-02-27 23:34:24.611361 (497493) lic__man INFO    Claim 'main' for <ui>.
2026-02-27 23:34:24.611423 (497493) lic_core INFO    (1) checking out 'jasper_interactive' ...
2026-02-27 23:34:24.624849 (497493) lic_core INFO    ... (1) checkout succeeded
2026-02-27 23:34:24.624949 (497493) lic__man INFO    Claim 'fpv' for <ui>.
2026-02-27 23:34:24.624978 (497493) lic_core INFO    (2) checking out 'jasper_fpv' ...
2026-02-27 23:34:24.629078 (497493) lic_core INFO    ... (2) checkout failed (error: -5) ("FLEXnet ERROR(-5, 0, 0): No such feature exists.")
2026-02-27 23:34:24.629123 (497493) lic_core INFO    (3) checking out 'jasper_fao' ...
2026-02-27 23:34:24.649294 (497493) lic_core INFO    ... (3) checkout succeeded
2026-02-27 23:34:24.651216 (497493) main____ INFO    Tool inactivity delay is 480000 ms.
2026-02-27 23:34:24.651559 (497504) stdio___ INFO    Starting STDIN reader (tty: yes, tty name: '/dev/pts/5')
2026-02-27 23:34:24.702463 (497493) session_ INFO    Starting analysis session with session id 'session_0' (launcher: <local>) ...
2026-02-27 23:34:24.704515 (497493) session_ INFO    Analysis session with session id 'session_0' started (pid: 497505)
2026-02-27 23:34:26.485603 (497493) session_ INFO    Analysis session 'session_0' connected to the console (host: 127.0.0.1:52564)
2026-02-27 23:34:31.704224 (497493) lic__man INFO    Unclaim everything for 'session_0'.
2026-02-27 23:34:31.905664 (497493) lic__man INFO    Claim 'fpv' for 'session_0'.
2026-02-27 23:34:31.905699 (497493) lic__man INFO    Claim 'fpv' for 'session_0/prove-0'.
2026-02-27 23:34:34.275415 (497493) lic__man INFO    Unclaim everything for 'session_0/prove-0'.
2026-02-27 23:34:34.317166 (497493) main____ INFO    About to exit: request to exit with status 0 received from analysis session 'session_0'
2026-02-27 23:34:34.452178 (497493) session_ INFO    Analysis session 'session_0' disconnected.
2026-02-27 23:34:34.452365 (497493) lic__man INFO    Unclaim everything for 'session_0'.
2026-02-27 23:34:34.452564 (497493) session_ INFO    Process for analysis session 'session_0' has exited with exit status '0'.
2026-02-27 23:34:36.380994 (497504) stdio___ INFO    STDIN reader requested to stop.
2026-02-27 23:34:36.381021 (497504) stdio___ INFO    STDIN reader stopped.
2026-02-27 23:34:36.381238 (497493) lic_core INFO    (1) checkin jasper_interactive
2026-02-27 23:34:36.382393 (497493) lic_core INFO    (3) checkin jasper_fao
2026-02-27 23:34:36.383998 (497493) main____ INFO    Exiting with status 0.
