2026-02-28 23:07:09.836980 (1093554) main____ INFO    ----------------------------------------
2026-02-28 23:07:09.837045 (1093554) main____ INFO    Jasper version info
2026-02-28 23:07:09.837059 (1093554) main____ INFO      tool      : Jasper 2023.12
2026-02-28 23:07:09.837073 (1093554) main____ INFO      version   : 2023.12p001 64 bits
2026-02-28 23:07:09.837086 (1093554) main____ INFO      build date: 2024.01.23 16:09:24 UTC
2026-02-28 23:07:09.837096 (1093554) main____ INFO    ----------------------------------------
2026-02-28 23:07:09.837105 (1093554) main____ INFO    Runtime info:
2026-02-28 23:07:09.837116 (1093554) main____ INFO      platform  : Linux 4.18.0-553.89.1.el8_10.x86_64 x86_64
2026-02-28 23:07:09.837132 (1093554) main____ INFO      hostname  : caddy15.stanford.edu
2026-02-28 23:07:09.837147 (1093554) main____ INFO      pid       : 1093554
2026-02-28 23:07:09.837158 (1093554) main____ INFO      arguments : '-style' 'windows' '-allow_unsupported_OS' '-no_gui' '-fpv' './synthlc/i_BEQ_out/xHBPerfG_dfg_v3_div/HB_37_.tcl' '-proj' './synthlc/i_BEQ_out/xHBPerfG_dfg_v3_div/HB_37_jgsession_26-02-28-23_07_09'
2026-02-28 23:07:09.837173 (1093554) main____ INFO      locale    : UTF-8
2026-02-28 23:07:09.837182 (1093554) main____ INFO    ----------------------------------------
2026-02-28 23:07:09.837192 (1093554) main____ INFO    System resource limits info:
2026-02-28 23:07:09.837204 (1093554) main____ INFO      virtual memory: unlimited
2026-02-28 23:07:09.837216 (1093554) main____ INFO      cpu time      : unlimited
2026-02-28 23:07:09.837232 (1093554) main____ INFO      processes     : 4096
2026-02-28 23:07:09.837251 (1093554) main____ INFO      stack size    : 8388608 B
2026-02-28 23:07:09.837264 (1093554) main____ INFO      core file size: 0 B
2026-02-28 23:07:09.837277 (1093554) main____ INFO      open files    : 4096
2026-02-28 23:07:09.837289 (1093554) main____ INFO      file size     : unlimited
2026-02-28 23:07:09.837299 (1093554) main____ INFO    ----------------------------------------
2026-02-28 23:07:09.837322 (1093554) main____ INFO    Memory statistics:
2026-02-28 23:07:09.837333 (1093554) main____ INFO      total physical memory  : 98449092 kB
2026-02-28 23:07:09.837344 (1093554) main____ INFO      free physical memory   : 79820016 kB
2026-02-28 23:07:09.837356 (1093554) main____ INFO      committed address space: 2161528 kB
2026-02-28 23:07:09.837365 (1093554) main____ INFO    ----------------------------------------
2026-02-28 23:07:09.838479 (1093554) main____ INFO    Important environment variables:
2026-02-28 23:07:09.838502 (1093554) main____ INFO      CDS_LIC_FILE       : '5280@cadlic0'
2026-02-28 23:07:09.838514 (1093554) main____ INFO      JASPER_INSTALL_DIR : '/cad/cadence/jasper_2023.12p001'
2026-02-28 23:07:09.838526 (1093554) main____ INFO      JASPER_KERNEL_CHECK: '1'
2026-02-28 23:07:09.838538 (1093554) main____ INFO      JASPER_OS_CHECK    : '0'
2026-02-28 23:07:09.838550 (1093554) main____ INFO      LANG               : 'en_US.UTF-8'
2026-02-28 23:07:09.838560 (1093554) main____ INFO    ----------------------------------------
2026-02-28 23:07:09.839666 (1093554) lic_core INFO    Initializing license system ...
2026-02-28 23:07:09.840955 (1093554) lic_core INFO    ... license system initialized.
2026-02-28 23:07:09.853489 (1093554) lic__man INFO    Claim 'main' for <ui>.
2026-02-28 23:07:09.853531 (1093554) lic_core INFO    (1) checking out 'jasper_interactive' ...
2026-02-28 23:07:09.866429 (1093554) lic_core INFO    ... (1) checkout succeeded
2026-02-28 23:07:09.866485 (1093554) lic__man INFO    Claim 'fpv' for <ui>.
2026-02-28 23:07:09.866505 (1093554) lic_core INFO    (2) checking out 'jasper_fpv' ...
2026-02-28 23:07:09.871154 (1093554) lic_core INFO    ... (2) checkout failed (error: -5) ("FLEXnet ERROR(-5, 0, 0): No such feature exists.")
2026-02-28 23:07:09.871184 (1093554) lic_core INFO    (3) checking out 'jasper_fao' ...
2026-02-28 23:07:09.882006 (1093554) lic_core INFO    ... (3) checkout succeeded
2026-02-28 23:07:09.882875 (1093566) stdio___ INFO    Starting STDIN reader (tty: yes, tty name: '/dev/pts/0')
2026-02-28 23:07:09.883016 (1093554) main____ INFO    Tool inactivity delay is 480000 ms.
2026-02-28 23:07:09.925540 (1093554) session_ INFO    Starting analysis session with session id 'session_0' (launcher: <local>) ...
2026-02-28 23:07:09.927315 (1093554) session_ INFO    Analysis session with session id 'session_0' started (pid: 1093567)
2026-02-28 23:07:11.243820 (1093554) session_ INFO    Analysis session 'session_0' connected to the console (host: 127.0.0.1:48600)
2026-02-28 23:07:15.021251 (1093554) lic__man INFO    Unclaim everything for 'session_0'.
2026-02-28 23:07:15.228085 (1093554) lic__man INFO    Claim 'fpv' for 'session_0'.
2026-02-28 23:07:15.228127 (1093554) lic__man INFO    Claim 'fpv' for 'session_0/prove-0'.
2026-02-28 23:07:16.306286 (1093554) lic__man INFO    Unclaim everything for 'session_0/prove-0'.
2026-02-28 23:07:16.348451 (1093554) main____ INFO    About to exit: request to exit with status 0 received from analysis session 'session_0'
2026-02-28 23:07:16.495495 (1093554) session_ INFO    Analysis session 'session_0' disconnected.
2026-02-28 23:07:16.495627 (1093554) lic__man INFO    Unclaim everything for 'session_0'.
2026-02-28 23:07:16.495863 (1093554) session_ INFO    Process for analysis session 'session_0' has exited with exit status '0'.
2026-02-28 23:07:18.403986 (1093566) stdio___ INFO    STDIN reader requested to stop.
2026-02-28 23:07:18.404021 (1093566) stdio___ INFO    STDIN reader stopped.
2026-02-28 23:07:18.404236 (1093554) lic_core INFO    (1) checkin jasper_interactive
2026-02-28 23:07:18.405423 (1093554) lic_core INFO    (3) checkin jasper_fao
2026-02-28 23:07:18.406627 (1093554) main____ INFO    Exiting with status 0.
