2026-03-02 00:27:48.282711 (813616) main____ INFO    ----------------------------------------
2026-03-02 00:27:48.282777 (813616) main____ INFO    Jasper version info
2026-03-02 00:27:48.282791 (813616) main____ INFO      tool      : Jasper 2023.12
2026-03-02 00:27:48.282805 (813616) main____ INFO      version   : 2023.12p001 64 bits
2026-03-02 00:27:48.282818 (813616) main____ INFO      build date: 2024.01.23 16:09:24 UTC
2026-03-02 00:27:48.282828 (813616) main____ INFO    ----------------------------------------
2026-03-02 00:27:48.282837 (813616) main____ INFO    Runtime info:
2026-03-02 00:27:48.282848 (813616) main____ INFO      platform  : Linux 4.18.0-553.89.1.el8_10.x86_64 x86_64
2026-03-02 00:27:48.282865 (813616) main____ INFO      hostname  : caddy10.stanford.edu
2026-03-02 00:27:48.282880 (813616) main____ INFO      pid       : 813616
2026-03-02 00:27:48.282891 (813616) main____ INFO      arguments : '-style' 'windows' '-allow_unsupported_OS' '-no_gui' '-fpv' './synthlc/i_MUL_out/xHBPerfG_dfg_v3_div/WHB_133_.tcl' '-proj' './synthlc/i_MUL_out/xHBPerfG_dfg_v3_div/WHB_133_jgsession_26-03-02-00_27_48'
2026-03-02 00:27:48.282906 (813616) main____ INFO      locale    : UTF-8
2026-03-02 00:27:48.282916 (813616) main____ INFO    ----------------------------------------
2026-03-02 00:27:48.282925 (813616) main____ INFO    System resource limits info:
2026-03-02 00:27:48.282937 (813616) main____ INFO      virtual memory: unlimited
2026-03-02 00:27:48.282949 (813616) main____ INFO      cpu time      : unlimited
2026-03-02 00:27:48.282966 (813616) main____ INFO      processes     : 4096
2026-03-02 00:27:48.282983 (813616) main____ INFO      stack size    : 8388608 B
2026-03-02 00:27:48.282998 (813616) main____ INFO      core file size: 0 B
2026-03-02 00:27:48.283010 (813616) main____ INFO      open files    : 4096
2026-03-02 00:27:48.283022 (813616) main____ INFO      file size     : unlimited
2026-03-02 00:27:48.283032 (813616) main____ INFO    ----------------------------------------
2026-03-02 00:27:48.283041 (813616) main____ INFO    Memory statistics:
2026-03-02 00:27:48.283067 (813616) main____ INFO      total physical memory  : 98449096 kB
2026-03-02 00:27:48.283078 (813616) main____ INFO      free physical memory   : 91817728 kB
2026-03-02 00:27:48.283090 (813616) main____ INFO      committed address space: 2165336 kB
2026-03-02 00:27:48.283099 (813616) main____ INFO    ----------------------------------------
2026-03-02 00:27:48.284233 (813616) main____ INFO    Important environment variables:
2026-03-02 00:27:48.284257 (813616) main____ INFO      CDS_LIC_FILE       : '5280@cadlic0'
2026-03-02 00:27:48.284270 (813616) main____ INFO      JASPER_INSTALL_DIR : '/cad/cadence/jasper_2023.12p001'
2026-03-02 00:27:48.284282 (813616) main____ INFO      JASPER_KERNEL_CHECK: '1'
2026-03-02 00:27:48.284294 (813616) main____ INFO      JASPER_OS_CHECK    : '0'
2026-03-02 00:27:48.284306 (813616) main____ INFO      LANG               : 'en_US.UTF-8'
2026-03-02 00:27:48.284315 (813616) main____ INFO    ----------------------------------------
2026-03-02 00:27:48.285468 (813616) lic_core INFO    Initializing license system ...
2026-03-02 00:27:48.286963 (813616) lic_core INFO    ... license system initialized.
2026-03-02 00:27:48.298215 (813616) lic__man INFO    Claim 'main' for <ui>.
2026-03-02 00:27:48.298256 (813616) lic_core INFO    (1) checking out 'jasper_interactive' ...
2026-03-02 00:27:48.310870 (813616) lic_core INFO    ... (1) checkout succeeded
2026-03-02 00:27:48.310925 (813616) lic__man INFO    Claim 'fpv' for <ui>.
2026-03-02 00:27:48.310947 (813616) lic_core INFO    (2) checking out 'jasper_fpv' ...
2026-03-02 00:27:48.314527 (813616) lic_core INFO    ... (2) checkout failed (error: -5) ("FLEXnet ERROR(-5, 0, 0): No such feature exists.")
2026-03-02 00:27:48.314557 (813616) lic_core INFO    (3) checking out 'jasper_fao' ...
2026-03-02 00:27:48.325247 (813616) lic_core INFO    ... (3) checkout succeeded
2026-03-02 00:27:48.326138 (813631) stdio___ INFO    Starting STDIN reader (tty: yes, tty name: '/dev/pts/7')
2026-03-02 00:27:48.326291 (813616) main____ INFO    Tool inactivity delay is 480000 ms.
2026-03-02 00:27:48.368639 (813616) session_ INFO    Starting analysis session with session id 'session_0' (launcher: <local>) ...
2026-03-02 00:27:48.370397 (813616) session_ INFO    Analysis session with session id 'session_0' started (pid: 813632)
2026-03-02 00:27:49.486829 (813616) session_ INFO    Analysis session 'session_0' connected to the console (host: 127.0.0.1:54180)
2026-03-02 00:27:52.661101 (813616) lic__man INFO    Unclaim everything for 'session_0'.
2026-03-02 00:27:52.941734 (813616) lic__man INFO    Claim 'fpv' for 'session_0'.
2026-03-02 00:27:52.941779 (813616) lic__man INFO    Claim 'fpv' for 'session_0/prove-0'.
2026-03-02 00:27:55.489247 (813616) lic__man INFO    Unclaim everything for 'session_0/prove-0'.
2026-03-02 00:27:55.584704 (813616) main____ INFO    About to exit: request to exit with status 0 received from analysis session 'session_0'
2026-03-02 00:27:56.015422 (813616) session_ INFO    Analysis session 'session_0' disconnected.
2026-03-02 00:27:56.015585 (813616) lic__man INFO    Unclaim everything for 'session_0'.
2026-03-02 00:27:56.015771 (813616) session_ INFO    Process for analysis session 'session_0' has exited with exit status '0'.
2026-03-02 00:27:57.511141 (813631) stdio___ INFO    STDIN reader requested to stop.
2026-03-02 00:27:57.511197 (813631) stdio___ INFO    STDIN reader stopped.
2026-03-02 00:27:57.521328 (813616) lic_core INFO    (1) checkin jasper_interactive
2026-03-02 00:27:57.526271 (813616) lic_core INFO    (3) checkin jasper_fao
2026-03-02 00:27:57.537252 (813616) main____ INFO    Exiting with status 0.
