2026-02-26 00:04:27.807820 (1764735) main____ INFO    ----------------------------------------
2026-02-26 00:04:27.807914 (1764735) main____ INFO    Jasper version info
2026-02-26 00:04:27.807931 (1764735) main____ INFO      tool      : Jasper 2023.12
2026-02-26 00:04:27.807947 (1764735) main____ INFO      version   : 2023.12p001 64 bits
2026-02-26 00:04:27.807961 (1764735) main____ INFO      build date: 2024.01.23 16:09:24 UTC
2026-02-26 00:04:27.807972 (1764735) main____ INFO    ----------------------------------------
2026-02-26 00:04:27.807982 (1764735) main____ INFO    Runtime info:
2026-02-26 00:04:27.807993 (1764735) main____ INFO      platform  : Linux 4.18.0-553.89.1.el8_10.x86_64 x86_64
2026-02-26 00:04:27.808012 (1764735) main____ INFO      hostname  : caddy12.stanford.edu
2026-02-26 00:04:27.808028 (1764735) main____ INFO      pid       : 1764735
2026-02-26 00:04:27.808043 (1764735) main____ INFO      arguments : '-style' 'windows' '-allow_unsupported_OS' '-no_gui' '-fpv' './synthlc/i_MUL_out/xPairwiseDepDiv/nunv_anytwo_114_.tcl' '-proj' './synthlc/i_MUL_out/xPairwiseDepDiv/nunv_anytwo_114_jgsession_26-02-26-00_04_27'
2026-02-26 00:04:27.808060 (1764735) main____ INFO      locale    : UTF-8
2026-02-26 00:04:27.808071 (1764735) main____ INFO    ----------------------------------------
2026-02-26 00:04:27.808080 (1764735) main____ INFO    System resource limits info:
2026-02-26 00:04:27.808094 (1764735) main____ INFO      virtual memory: unlimited
2026-02-26 00:04:27.808106 (1764735) main____ INFO      cpu time      : unlimited
2026-02-26 00:04:27.808125 (1764735) main____ INFO      processes     : 4096
2026-02-26 00:04:27.808144 (1764735) main____ INFO      stack size    : 8388608 B
2026-02-26 00:04:27.808159 (1764735) main____ INFO      core file size: 0 B
2026-02-26 00:04:27.808173 (1764735) main____ INFO      open files    : 4096
2026-02-26 00:04:27.808185 (1764735) main____ INFO      file size     : unlimited
2026-02-26 00:04:27.808196 (1764735) main____ INFO    ----------------------------------------
2026-02-26 00:04:27.808206 (1764735) main____ INFO    Memory statistics:
2026-02-26 00:04:27.808218 (1764735) main____ INFO      total physical memory  : 98449088 kB
2026-02-26 00:04:27.808230 (1764735) main____ INFO      free physical memory   : 79255088 kB
2026-02-26 00:04:27.808242 (1764735) main____ INFO      committed address space: 5732636 kB
2026-02-26 00:04:27.808253 (1764735) main____ INFO    ----------------------------------------
2026-02-26 00:04:27.809439 (1764735) main____ INFO    Important environment variables:
2026-02-26 00:04:27.809467 (1764735) main____ INFO      CDS_LIC_FILE       : '5280@cadlic0'
2026-02-26 00:04:27.809480 (1764735) main____ INFO      DISPLAY            : 'localhost:12.0'
2026-02-26 00:04:27.809493 (1764735) main____ INFO      JASPER_INSTALL_DIR : '/cad/cadence/jasper_2023.12p001'
2026-02-26 00:04:27.809505 (1764735) main____ INFO      JASPER_KERNEL_CHECK: '1'
2026-02-26 00:04:27.809518 (1764735) main____ INFO      JASPER_OS_CHECK    : '0'
2026-02-26 00:04:27.809530 (1764735) main____ INFO      LANG               : 'zh_TW.UTF-8'
2026-02-26 00:04:27.809541 (1764735) main____ INFO    ----------------------------------------
2026-02-26 00:04:27.810804 (1764735) lic_core INFO    Initializing license system ...
2026-02-26 00:04:27.880480 (1764735) lic_core INFO    ... license system initialized.
2026-02-26 00:04:28.004940 (1764735) lic__man INFO    Claim 'main' for <ui>.
2026-02-26 00:04:28.005022 (1764735) lic_core INFO    (1) checking out 'jasper_interactive' ...
2026-02-26 00:04:28.056443 (1764735) lic_core INFO    ... (1) checkout succeeded
2026-02-26 00:04:28.056573 (1764735) lic__man INFO    Claim 'fpv' for <ui>.
2026-02-26 00:04:28.056606 (1764735) lic_core INFO    (2) checking out 'jasper_fpv' ...
2026-02-26 00:04:28.066098 (1764735) lic_core INFO    ... (2) checkout failed (error: -5) ("FLEXnet ERROR(-5, 0, 0): No such feature exists.")
2026-02-26 00:04:28.066169 (1764735) lic_core INFO    (3) checking out 'jasper_fao' ...
2026-02-26 00:04:28.083012 (1764735) lic_core INFO    ... (3) checkout succeeded
2026-02-26 00:04:28.087203 (1764735) main____ INFO    Tool inactivity delay is 480000 ms.
2026-02-26 00:04:28.087806 (1764752) stdio___ INFO    Starting STDIN reader (tty: yes, tty name: '/dev/pts/0')
2026-02-26 00:04:28.165846 (1764735) session_ INFO    Starting analysis session with session id 'session_0' (launcher: <local>) ...
2026-02-26 00:04:28.167933 (1764735) session_ INFO    Analysis session with session id 'session_0' started (pid: 1764755)
2026-02-26 00:04:29.569030 (1764735) session_ INFO    Analysis session 'session_0' connected to the console (host: 127.0.0.1:55280)
2026-02-26 00:04:33.744631 (1764735) lic__man INFO    Unclaim everything for 'session_0'.
2026-02-26 00:04:34.102012 (1764735) lic__man INFO    Claim 'fpv' for 'session_0'.
2026-02-26 00:04:34.102063 (1764735) lic__man INFO    Claim 'fpv' for 'session_0/prove-0'.
2026-02-26 00:04:37.057934 (1764735) lic__man INFO    Unclaim everything for 'session_0/prove-0'.
2026-02-26 00:04:37.096975 (1764735) main____ INFO    About to exit: request to exit with status 0 received from analysis session 'session_0'
2026-02-26 00:04:37.307993 (1764735) session_ INFO    Analysis session 'session_0' disconnected.
2026-02-26 00:04:37.308157 (1764735) lic__man INFO    Unclaim everything for 'session_0'.
2026-02-26 00:04:37.310259 (1764735) session_ INFO    Process for analysis session 'session_0' has exited with exit status '0'.
2026-02-26 00:04:39.005768 (1764752) stdio___ INFO    STDIN reader requested to stop.
2026-02-26 00:04:39.005808 (1764752) stdio___ INFO    STDIN reader stopped.
2026-02-26 00:04:39.006538 (1764735) lic_core INFO    (1) checkin jasper_interactive
2026-02-26 00:04:39.011916 (1764735) lic_core INFO    (3) checkin jasper_fao
2026-02-26 00:04:39.018695 (1764735) main____ INFO    Exiting with status 0.
