2026-03-01 06:00:19.441748 (3997861) main____ INFO    ----------------------------------------
2026-03-01 06:00:19.441847 (3997861) main____ INFO    Jasper version info
2026-03-01 06:00:19.441863 (3997861) main____ INFO      tool      : Jasper 2023.12
2026-03-01 06:00:19.441879 (3997861) main____ INFO      version   : 2023.12p001 64 bits
2026-03-01 06:00:19.441893 (3997861) main____ INFO      build date: 2024.01.23 16:09:24 UTC
2026-03-01 06:00:19.441904 (3997861) main____ INFO    ----------------------------------------
2026-03-01 06:00:19.441914 (3997861) main____ INFO    Runtime info:
2026-03-01 06:00:19.441925 (3997861) main____ INFO      platform  : Linux 4.18.0-553.89.1.el8_10.x86_64 x86_64
2026-03-01 06:00:19.441945 (3997861) main____ INFO      hostname  : caddy12.stanford.edu
2026-03-01 06:00:19.441962 (3997861) main____ INFO      pid       : 3997861
2026-03-01 06:00:19.441974 (3997861) main____ INFO      arguments : '-style' 'windows' '-allow_unsupported_OS' '-no_gui' '-fpv' './synthlc/i_LW_out/xPairwiseDepDiv/nunv_anytwo_213_.tcl' '-proj' './synthlc/i_LW_out/xPairwiseDepDiv/nunv_anytwo_213_jgsession_26-03-01-06_00_19'
2026-03-01 06:00:19.441992 (3997861) main____ INFO      locale    : UTF-8
2026-03-01 06:00:19.442002 (3997861) main____ INFO    ----------------------------------------
2026-03-01 06:00:19.442013 (3997861) main____ INFO    System resource limits info:
2026-03-01 06:00:19.442025 (3997861) main____ INFO      virtual memory: unlimited
2026-03-01 06:00:19.442038 (3997861) main____ INFO      cpu time      : unlimited
2026-03-01 06:00:19.442057 (3997861) main____ INFO      processes     : 4096
2026-03-01 06:00:19.442076 (3997861) main____ INFO      stack size    : 8388608 B
2026-03-01 06:00:19.442091 (3997861) main____ INFO      core file size: 0 B
2026-03-01 06:00:19.442105 (3997861) main____ INFO      open files    : 4096
2026-03-01 06:00:19.442117 (3997861) main____ INFO      file size     : unlimited
2026-03-01 06:00:19.442128 (3997861) main____ INFO    ----------------------------------------
2026-03-01 06:00:19.442138 (3997861) main____ INFO    Memory statistics:
2026-03-01 06:00:19.442150 (3997861) main____ INFO      total physical memory  : 98449088 kB
2026-03-01 06:00:19.442162 (3997861) main____ INFO      free physical memory   : 80525668 kB
2026-03-01 06:00:19.442174 (3997861) main____ INFO      committed address space: 14877520 kB
2026-03-01 06:00:19.442184 (3997861) main____ INFO    ----------------------------------------
2026-03-01 06:00:19.443382 (3997861) main____ INFO    Important environment variables:
2026-03-01 06:00:19.443409 (3997861) main____ INFO      CDS_LIC_FILE       : '5280@cadlic0'
2026-03-01 06:00:19.443423 (3997861) main____ INFO      DISPLAY            : 'localhost:12.0'
2026-03-01 06:00:19.443435 (3997861) main____ INFO      JASPER_INSTALL_DIR : '/cad/cadence/jasper_2023.12p001'
2026-03-01 06:00:19.443448 (3997861) main____ INFO      JASPER_KERNEL_CHECK: '1'
2026-03-01 06:00:19.443460 (3997861) main____ INFO      JASPER_OS_CHECK    : '0'
2026-03-01 06:00:19.443473 (3997861) main____ INFO      LANG               : 'zh_TW.UTF-8'
2026-03-01 06:00:19.443483 (3997861) main____ INFO    ----------------------------------------
2026-03-01 06:00:19.444855 (3997861) lic_core INFO    Initializing license system ...
2026-03-01 06:00:19.468955 (3997861) lic_core INFO    ... license system initialized.
2026-03-01 06:00:19.560750 (3997861) lic__man INFO    Claim 'main' for <ui>.
2026-03-01 06:00:19.560833 (3997861) lic_core INFO    (1) checking out 'jasper_interactive' ...
2026-03-01 06:00:19.617909 (3997861) lic_core INFO    ... (1) checkout succeeded
2026-03-01 06:00:19.618015 (3997861) lic__man INFO    Claim 'fpv' for <ui>.
2026-03-01 06:00:19.618044 (3997861) lic_core INFO    (2) checking out 'jasper_fpv' ...
2026-03-01 06:00:19.685143 (3997861) lic_core INFO    ... (2) checkout failed (error: -5) ("FLEXnet ERROR(-5, 0, 0): No such feature exists.")
2026-03-01 06:00:19.685264 (3997861) lic_core INFO    (3) checking out 'jasper_fao' ...
2026-03-01 06:00:19.718209 (3997861) lic_core INFO    ... (3) checkout succeeded
2026-03-01 06:00:19.720092 (3997861) main____ INFO    Tool inactivity delay is 480000 ms.
2026-03-01 06:00:19.728901 (3997872) stdio___ INFO    Starting STDIN reader (tty: yes, tty name: '/dev/pts/0')
2026-03-01 06:00:19.807938 (3997861) session_ INFO    Starting analysis session with session id 'session_0' (launcher: <local>) ...
2026-03-01 06:00:19.809913 (3997861) session_ INFO    Analysis session with session id 'session_0' started (pid: 3997873)
2026-03-01 06:00:21.227280 (3997861) session_ INFO    Analysis session 'session_0' connected to the console (host: 127.0.0.1:54446)
2026-03-01 06:00:26.108069 (3997861) lic__man INFO    Unclaim everything for 'session_0'.
2026-03-01 06:00:26.479746 (3997861) lic__man INFO    Claim 'fpv' for 'session_0'.
2026-03-01 06:00:26.479804 (3997861) lic__man INFO    Claim 'fpv' for 'session_0/prove-0'.
2026-03-01 06:00:28.289030 (3997861) lic__man INFO    Unclaim everything for 'session_0/prove-0'.
2026-03-01 06:00:28.304999 (3997861) main____ INFO    About to exit: request to exit with status 0 received from analysis session 'session_0'
2026-03-01 06:00:28.540041 (3997861) session_ INFO    Analysis session 'session_0' disconnected.
2026-03-01 06:00:28.540211 (3997861) lic__man INFO    Unclaim everything for 'session_0'.
2026-03-01 06:00:28.540419 (3997861) session_ INFO    Process for analysis session 'session_0' has exited with exit status '0'.
2026-03-01 06:00:30.398744 (3997872) stdio___ INFO    STDIN reader requested to stop.
2026-03-01 06:00:30.398813 (3997872) stdio___ INFO    STDIN reader stopped.
2026-03-01 06:00:30.399160 (3997861) lic_core INFO    (1) checkin jasper_interactive
2026-03-01 06:00:30.401872 (3997861) lic_core INFO    (3) checkin jasper_fao
2026-03-01 06:00:30.423075 (3997861) main____ INFO    Exiting with status 0.
