2026-02-26 03:22:09.634260 (3677902) main____ INFO    ----------------------------------------
2026-02-26 03:22:09.634371 (3677902) main____ INFO    Jasper version info
2026-02-26 03:22:09.634398 (3677902) main____ INFO      tool      : Jasper 2023.12
2026-02-26 03:22:09.634413 (3677902) main____ INFO      version   : 2023.12p001 64 bits
2026-02-26 03:22:09.634427 (3677902) main____ INFO      build date: 2024.01.23 16:09:24 UTC
2026-02-26 03:22:09.634437 (3677902) main____ INFO    ----------------------------------------
2026-02-26 03:22:09.634446 (3677902) main____ INFO    Runtime info:
2026-02-26 03:22:09.634457 (3677902) main____ INFO      platform  : Linux 4.18.0-553.89.1.el8_10.x86_64 x86_64
2026-02-26 03:22:09.634476 (3677902) main____ INFO      hostname  : caddy15.stanford.edu
2026-02-26 03:22:09.634492 (3677902) main____ INFO      pid       : 3677902
2026-02-26 03:22:09.634503 (3677902) main____ INFO      arguments : '-style' 'windows' '-allow_unsupported_OS' '-no_gui' '-fpv' './synthlc/i_ADDI_out/xPairwiseDepDiv/nunv_anytwo_97_.tcl' '-proj' './synthlc/i_ADDI_out/xPairwiseDepDiv/nunv_anytwo_97_jgsession_26-02-26-03_22_09'
2026-02-26 03:22:09.634521 (3677902) main____ INFO      locale    : UTF-8
2026-02-26 03:22:09.634531 (3677902) main____ INFO    ----------------------------------------
2026-02-26 03:22:09.634540 (3677902) main____ INFO    System resource limits info:
2026-02-26 03:22:09.634552 (3677902) main____ INFO      virtual memory: unlimited
2026-02-26 03:22:09.634564 (3677902) main____ INFO      cpu time      : unlimited
2026-02-26 03:22:09.634584 (3677902) main____ INFO      processes     : 4096
2026-02-26 03:22:09.634605 (3677902) main____ INFO      stack size    : 8388608 B
2026-02-26 03:22:09.634620 (3677902) main____ INFO      core file size: 0 B
2026-02-26 03:22:09.634633 (3677902) main____ INFO      open files    : 4096
2026-02-26 03:22:09.634645 (3677902) main____ INFO      file size     : unlimited
2026-02-26 03:22:09.634655 (3677902) main____ INFO    ----------------------------------------
2026-02-26 03:22:09.634665 (3677902) main____ INFO    Memory statistics:
2026-02-26 03:22:09.634677 (3677902) main____ INFO      total physical memory  : 98449092 kB
2026-02-26 03:22:09.634688 (3677902) main____ INFO      free physical memory   : 76802528 kB
2026-02-26 03:22:09.634700 (3677902) main____ INFO      committed address space: 6855456 kB
2026-02-26 03:22:09.634710 (3677902) main____ INFO    ----------------------------------------
2026-02-26 03:22:09.635884 (3677902) main____ INFO    Important environment variables:
2026-02-26 03:22:09.635911 (3677902) main____ INFO      CDS_LIC_FILE       : '5280@cadlic0'
2026-02-26 03:22:09.635923 (3677902) main____ INFO      JASPER_INSTALL_DIR : '/cad/cadence/jasper_2023.12p001'
2026-02-26 03:22:09.635935 (3677902) main____ INFO      JASPER_KERNEL_CHECK: '1'
2026-02-26 03:22:09.635947 (3677902) main____ INFO      JASPER_OS_CHECK    : '0'
2026-02-26 03:22:09.635959 (3677902) main____ INFO      LANG               : 'en_US.UTF-8'
2026-02-26 03:22:09.635969 (3677902) main____ INFO    ----------------------------------------
2026-02-26 03:22:09.637555 (3677902) lic_core INFO    Initializing license system ...
2026-02-26 03:22:09.659721 (3677902) lic_core INFO    ... license system initialized.
2026-02-26 03:22:09.677007 (3677902) lic__man INFO    Claim 'main' for <ui>.
2026-02-26 03:22:09.677078 (3677902) lic_core INFO    (1) checking out 'jasper_interactive' ...
2026-02-26 03:22:09.715182 (3677902) lic_core INFO    ... (1) checkout succeeded
2026-02-26 03:22:09.715287 (3677902) lic__man INFO    Claim 'fpv' for <ui>.
2026-02-26 03:22:09.715329 (3677902) lic_core INFO    (2) checking out 'jasper_fpv' ...
2026-02-26 03:22:09.720392 (3677902) lic_core INFO    ... (2) checkout failed (error: -5) ("FLEXnet ERROR(-5, 0, 0): No such feature exists.")
2026-02-26 03:22:09.720444 (3677902) lic_core INFO    (3) checking out 'jasper_fao' ...
2026-02-26 03:22:09.731697 (3677902) lic_core INFO    ... (3) checkout succeeded
2026-02-26 03:22:09.732975 (3677913) stdio___ INFO    Starting STDIN reader (tty: yes, tty name: '/dev/pts/0')
2026-02-26 03:22:09.733056 (3677902) main____ INFO    Tool inactivity delay is 480000 ms.
2026-02-26 03:22:09.787452 (3677902) session_ INFO    Starting analysis session with session id 'session_0' (launcher: <local>) ...
2026-02-26 03:22:09.789386 (3677902) session_ INFO    Analysis session with session id 'session_0' started (pid: 3677914)
2026-02-26 03:22:11.438816 (3677902) session_ INFO    Analysis session 'session_0' connected to the console (host: 127.0.0.1:54474)
2026-02-26 03:22:15.750515 (3677902) lic__man INFO    Unclaim everything for 'session_0'.
2026-02-26 03:22:16.016888 (3677902) lic__man INFO    Claim 'fpv' for 'session_0'.
2026-02-26 03:22:16.016932 (3677902) lic__man INFO    Claim 'fpv' for 'session_0/prove-0'.
2026-02-26 03:22:17.666711 (3677902) lic__man INFO    Unclaim everything for 'session_0/prove-0'.
2026-02-26 03:22:17.704490 (3677902) main____ INFO    About to exit: request to exit with status 0 received from analysis session 'session_0'
2026-02-26 03:22:17.918087 (3677902) session_ INFO    Analysis session 'session_0' disconnected.
2026-02-26 03:22:17.918253 (3677902) lic__man INFO    Unclaim everything for 'session_0'.
2026-02-26 03:22:17.920562 (3677902) session_ INFO    Process for analysis session 'session_0' has exited with exit status '0'.
2026-02-26 03:22:19.834410 (3677913) stdio___ INFO    STDIN reader requested to stop.
2026-02-26 03:22:19.834464 (3677913) stdio___ INFO    STDIN reader stopped.
2026-02-26 03:22:19.834822 (3677902) lic_core INFO    (1) checkin jasper_interactive
2026-02-26 03:22:19.836481 (3677902) lic_core INFO    (3) checkin jasper_fao
2026-02-26 03:22:19.858361 (3677902) main____ INFO    Exiting with status 0.
