2026-03-02 14:07:32.782116 (702147) main____ INFO    ----------------------------------------
2026-03-02 14:07:32.782186 (702147) main____ INFO    Jasper version info
2026-03-02 14:07:32.782203 (702147) main____ INFO      tool      : Jasper 2023.12
2026-03-02 14:07:32.782218 (702147) main____ INFO      version   : 2023.12p001 64 bits
2026-03-02 14:07:32.782232 (702147) main____ INFO      build date: 2024.01.23 16:09:24 UTC
2026-03-02 14:07:32.782243 (702147) main____ INFO    ----------------------------------------
2026-03-02 14:07:32.782253 (702147) main____ INFO    Runtime info:
2026-03-02 14:07:32.782265 (702147) main____ INFO      platform  : Linux 4.18.0-553.89.1.el8_10.x86_64 x86_64
2026-03-02 14:07:32.782283 (702147) main____ INFO      hostname  : caddy12.stanford.edu
2026-03-02 14:07:32.782299 (702147) main____ INFO      pid       : 702147
2026-03-02 14:07:32.782310 (702147) main____ INFO      arguments : '-style' 'windows' '-allow_unsupported_OS' '-no_gui' '-fpv' './synthlc/i_DIV_out/xPairwiseDepDiv/exclusive_10_.tcl' '-proj' './synthlc/i_DIV_out/xPairwiseDepDiv/exclusive_10_jgsession_26-03-02-14_07_32'
2026-03-02 14:07:32.782326 (702147) main____ INFO      locale    : UTF-8
2026-03-02 14:07:32.782337 (702147) main____ INFO    ----------------------------------------
2026-03-02 14:07:32.782346 (702147) main____ INFO    System resource limits info:
2026-03-02 14:07:32.782359 (702147) main____ INFO      virtual memory: unlimited
2026-03-02 14:07:32.782372 (702147) main____ INFO      cpu time      : unlimited
2026-03-02 14:07:32.782389 (702147) main____ INFO      processes     : 4096
2026-03-02 14:07:32.782408 (702147) main____ INFO      stack size    : 8388608 B
2026-03-02 14:07:32.782422 (702147) main____ INFO      core file size: 0 B
2026-03-02 14:07:32.782435 (702147) main____ INFO      open files    : 4096
2026-03-02 14:07:32.782448 (702147) main____ INFO      file size     : unlimited
2026-03-02 14:07:32.782458 (702147) main____ INFO    ----------------------------------------
2026-03-02 14:07:32.782468 (702147) main____ INFO    Memory statistics:
2026-03-02 14:07:32.782481 (702147) main____ INFO      total physical memory  : 98449088 kB
2026-03-02 14:07:32.782492 (702147) main____ INFO      free physical memory   : 84203852 kB
2026-03-02 14:07:32.782505 (702147) main____ INFO      committed address space: 7292204 kB
2026-03-02 14:07:32.782515 (702147) main____ INFO    ----------------------------------------
2026-03-02 14:07:32.783688 (702147) main____ INFO    Important environment variables:
2026-03-02 14:07:32.783712 (702147) main____ INFO      CDS_LIC_FILE       : '5280@cadlic0'
2026-03-02 14:07:32.783726 (702147) main____ INFO      DISPLAY            : 'localhost:12.0'
2026-03-02 14:07:32.783738 (702147) main____ INFO      JASPER_INSTALL_DIR : '/cad/cadence/jasper_2023.12p001'
2026-03-02 14:07:32.783751 (702147) main____ INFO      JASPER_KERNEL_CHECK: '1'
2026-03-02 14:07:32.783763 (702147) main____ INFO      JASPER_OS_CHECK    : '0'
2026-03-02 14:07:32.783775 (702147) main____ INFO      LANG               : 'zh_TW.UTF-8'
2026-03-02 14:07:32.783786 (702147) main____ INFO    ----------------------------------------
2026-03-02 14:07:32.784893 (702147) lic_core INFO    Initializing license system ...
2026-03-02 14:07:32.786431 (702147) lic_core INFO    ... license system initialized.
2026-03-02 14:07:32.833757 (702147) lic__man INFO    Claim 'main' for <ui>.
2026-03-02 14:07:32.833815 (702147) lic_core INFO    (1) checking out 'jasper_interactive' ...
2026-03-02 14:07:32.846278 (702147) lic_core INFO    ... (1) checkout succeeded
2026-03-02 14:07:32.846348 (702147) lic__man INFO    Claim 'fpv' for <ui>.
2026-03-02 14:07:32.846371 (702147) lic_core INFO    (2) checking out 'jasper_fpv' ...
2026-03-02 14:07:32.850792 (702147) lic_core INFO    ... (2) checkout failed (error: -5) ("FLEXnet ERROR(-5, 0, 0): No such feature exists.")
2026-03-02 14:07:32.857129 (702147) lic_core INFO    (3) checking out 'jasper_fao' ...
2026-03-02 14:07:32.868111 (702147) lic_core INFO    ... (3) checkout succeeded
2026-03-02 14:07:32.869043 (702165) stdio___ INFO    Starting STDIN reader (tty: yes, tty name: '/dev/pts/0')
2026-03-02 14:07:32.869759 (702147) main____ INFO    Tool inactivity delay is 480000 ms.
2026-03-02 14:07:33.137161 (702147) session_ INFO    Starting analysis session with session id 'session_0' (launcher: <local>) ...
2026-03-02 14:07:33.138969 (702147) session_ INFO    Analysis session with session id 'session_0' started (pid: 702167)
2026-03-02 14:07:34.308118 (702147) session_ INFO    Analysis session 'session_0' connected to the console (host: 127.0.0.1:42248)
2026-03-02 14:07:37.470000 (702147) lic__man INFO    Unclaim everything for 'session_0'.
2026-03-02 14:07:37.719353 (702147) lic__man INFO    Claim 'fpv' for 'session_0'.
2026-03-02 14:07:37.719400 (702147) lic__man INFO    Claim 'fpv' for 'session_0/prove-0'.
2026-03-02 14:07:44.611087 (702147) lic__man INFO    Unclaim everything for 'session_0/prove-0'.
2026-03-02 14:07:44.656902 (702147) main____ INFO    About to exit: request to exit with status 0 received from analysis session 'session_0'
2026-03-02 14:07:44.795063 (702147) session_ INFO    Analysis session 'session_0' disconnected.
2026-03-02 14:07:44.795268 (702147) lic__man INFO    Unclaim everything for 'session_0'.
2026-03-02 14:07:44.795460 (702147) session_ INFO    Process for analysis session 'session_0' has exited with exit status '0'.
2026-03-02 14:07:46.764163 (702165) stdio___ INFO    STDIN reader requested to stop.
2026-03-02 14:07:46.764214 (702165) stdio___ INFO    STDIN reader stopped.
2026-03-02 14:07:46.764542 (702147) lic_core INFO    (1) checkin jasper_interactive
2026-03-02 14:07:46.769587 (702147) lic_core INFO    (3) checkin jasper_fao
2026-03-02 14:07:46.772168 (702147) main____ INFO    Exiting with status 0.
