2026-03-01 04:50:44.929784 (3936159) main____ INFO    ----------------------------------------
2026-03-01 04:50:44.929877 (3936159) main____ INFO    Jasper version info
2026-03-01 04:50:44.929894 (3936159) main____ INFO      tool      : Jasper 2023.12
2026-03-01 04:50:44.929910 (3936159) main____ INFO      version   : 2023.12p001 64 bits
2026-03-01 04:50:44.929925 (3936159) main____ INFO      build date: 2024.01.23 16:09:24 UTC
2026-03-01 04:50:44.929936 (3936159) main____ INFO    ----------------------------------------
2026-03-01 04:50:44.929946 (3936159) main____ INFO    Runtime info:
2026-03-01 04:50:44.929957 (3936159) main____ INFO      platform  : Linux 4.18.0-553.89.1.el8_10.x86_64 x86_64
2026-03-01 04:50:44.929977 (3936159) main____ INFO      hostname  : caddy12.stanford.edu
2026-03-01 04:50:44.929992 (3936159) main____ INFO      pid       : 3936159
2026-03-01 04:50:44.930004 (3936159) main____ INFO      arguments : '-style' 'windows' '-allow_unsupported_OS' '-no_gui' '-fpv' './synthlc/i_LW_out/xPairwiseDepDiv/nunv_anytwo_356_.tcl' '-proj' './synthlc/i_LW_out/xPairwiseDepDiv/nunv_anytwo_356_jgsession_26-03-01-04_50_44'
2026-03-01 04:50:44.930022 (3936159) main____ INFO      locale    : UTF-8
2026-03-01 04:50:44.930032 (3936159) main____ INFO    ----------------------------------------
2026-03-01 04:50:44.930042 (3936159) main____ INFO    System resource limits info:
2026-03-01 04:50:44.930055 (3936159) main____ INFO      virtual memory: unlimited
2026-03-01 04:50:44.930068 (3936159) main____ INFO      cpu time      : unlimited
2026-03-01 04:50:44.930087 (3936159) main____ INFO      processes     : 4096
2026-03-01 04:50:44.930107 (3936159) main____ INFO      stack size    : 8388608 B
2026-03-01 04:50:44.930122 (3936159) main____ INFO      core file size: 0 B
2026-03-01 04:50:44.930137 (3936159) main____ INFO      open files    : 4096
2026-03-01 04:50:44.930149 (3936159) main____ INFO      file size     : unlimited
2026-03-01 04:50:44.930160 (3936159) main____ INFO    ----------------------------------------
2026-03-01 04:50:44.930170 (3936159) main____ INFO    Memory statistics:
2026-03-01 04:50:44.930182 (3936159) main____ INFO      total physical memory  : 98449088 kB
2026-03-01 04:50:44.930194 (3936159) main____ INFO      free physical memory   : 79329948 kB
2026-03-01 04:50:44.930206 (3936159) main____ INFO      committed address space: 16098728 kB
2026-03-01 04:50:44.930217 (3936159) main____ INFO    ----------------------------------------
2026-03-01 04:50:44.931405 (3936159) main____ INFO    Important environment variables:
2026-03-01 04:50:44.931434 (3936159) main____ INFO      CDS_LIC_FILE       : '5280@cadlic0'
2026-03-01 04:50:44.931448 (3936159) main____ INFO      DISPLAY            : 'localhost:12.0'
2026-03-01 04:50:44.931461 (3936159) main____ INFO      JASPER_INSTALL_DIR : '/cad/cadence/jasper_2023.12p001'
2026-03-01 04:50:44.931479 (3936159) main____ INFO      JASPER_KERNEL_CHECK: '1'
2026-03-01 04:50:44.931493 (3936159) main____ INFO      JASPER_OS_CHECK    : '0'
2026-03-01 04:50:44.931505 (3936159) main____ INFO      LANG               : 'zh_TW.UTF-8'
2026-03-01 04:50:44.931515 (3936159) main____ INFO    ----------------------------------------
2026-03-01 04:50:44.936919 (3936159) lic_core INFO    Initializing license system ...
2026-03-01 04:50:44.972994 (3936159) lic_core INFO    ... license system initialized.
2026-03-01 04:50:45.131219 (3936159) lic__man INFO    Claim 'main' for <ui>.
2026-03-01 04:50:45.131292 (3936159) lic_core INFO    (1) checking out 'jasper_interactive' ...
2026-03-01 04:50:45.162592 (3936159) lic_core INFO    ... (1) checkout succeeded
2026-03-01 04:50:45.162713 (3936159) lic__man INFO    Claim 'fpv' for <ui>.
2026-03-01 04:50:45.162744 (3936159) lic_core INFO    (2) checking out 'jasper_fpv' ...
2026-03-01 04:50:45.216140 (3936159) lic_core INFO    ... (2) checkout failed (error: -5) ("FLEXnet ERROR(-5, 0, 0): No such feature exists.")
2026-03-01 04:50:45.216255 (3936159) lic_core INFO    (3) checking out 'jasper_fao' ...
2026-03-01 04:50:45.282064 (3936159) lic_core INFO    ... (3) checkout succeeded
2026-03-01 04:50:45.288087 (3936159) main____ INFO    Tool inactivity delay is 480000 ms.
2026-03-01 04:50:45.302091 (3936317) stdio___ INFO    Starting STDIN reader (tty: yes, tty name: '/dev/pts/0')
2026-03-01 04:50:45.524851 (3936159) session_ INFO    Starting analysis session with session id 'session_0' (launcher: <local>) ...
2026-03-01 04:50:45.526986 (3936159) session_ INFO    Analysis session with session id 'session_0' started (pid: 3936336)
2026-03-01 04:50:47.098245 (3936159) session_ INFO    Analysis session 'session_0' connected to the console (host: 127.0.0.1:50996)
2026-03-01 04:50:51.366858 (3936159) lic__man INFO    Unclaim everything for 'session_0'.
2026-03-01 04:50:51.700334 (3936159) lic__man INFO    Claim 'fpv' for 'session_0'.
2026-03-01 04:50:51.700381 (3936159) lic__man INFO    Claim 'fpv' for 'session_0/prove-0'.
2026-03-01 04:51:14.512619 (3936159) lic__man INFO    Unclaim everything for 'session_0/prove-0'.
2026-03-01 04:51:14.548017 (3936159) main____ INFO    About to exit: request to exit with status 0 received from analysis session 'session_0'
2026-03-01 04:51:14.826873 (3936159) session_ INFO    Analysis session 'session_0' disconnected.
2026-03-01 04:51:14.827025 (3936159) lic__man INFO    Unclaim everything for 'session_0'.
2026-03-01 04:51:14.827316 (3936159) session_ INFO    Process for analysis session 'session_0' has exited with exit status '0'.
2026-03-01 04:51:16.466745 (3936317) stdio___ INFO    STDIN reader requested to stop.
2026-03-01 04:51:16.466803 (3936317) stdio___ INFO    STDIN reader stopped.
2026-03-01 04:51:16.476928 (3936159) lic_core INFO    (1) checkin jasper_interactive
2026-03-01 04:51:16.481888 (3936159) lic_core INFO    (3) checkin jasper_fao
2026-03-01 04:51:16.504143 (3936159) main____ INFO    Exiting with status 0.
