2026-02-25 14:05:56.048938 (3183774) main____ INFO    ----------------------------------------
2026-02-25 14:05:56.049044 (3183774) main____ INFO    Jasper version info
2026-02-25 14:05:56.049060 (3183774) main____ INFO      tool      : Jasper 2023.12
2026-02-25 14:05:56.049076 (3183774) main____ INFO      version   : 2023.12p001 64 bits
2026-02-25 14:05:56.049089 (3183774) main____ INFO      build date: 2024.01.23 16:09:24 UTC
2026-02-25 14:05:56.049099 (3183774) main____ INFO    ----------------------------------------
2026-02-25 14:05:56.049108 (3183774) main____ INFO    Runtime info:
2026-02-25 14:05:56.049119 (3183774) main____ INFO      platform  : Linux 4.18.0-553.89.1.el8_10.x86_64 x86_64
2026-02-25 14:05:56.049137 (3183774) main____ INFO      hostname  : caddy15.stanford.edu
2026-02-25 14:05:56.049153 (3183774) main____ INFO      pid       : 3183774
2026-02-25 14:05:56.049164 (3183774) main____ INFO      arguments : '-style' 'windows' '-allow_unsupported_OS' '-no_gui' '-fpv' './synthlc/i_DIV_out/xPerfLocSubsetDiv/coverset_223_.tcl' '-proj' './synthlc/i_DIV_out/xPerfLocSubsetDiv/coverset_223_jgsession_26-02-25-14_05_54'
2026-02-25 14:05:56.049181 (3183774) main____ INFO      locale    : UTF-8
2026-02-25 14:05:56.049191 (3183774) main____ INFO    ----------------------------------------
2026-02-25 14:05:56.049200 (3183774) main____ INFO    System resource limits info:
2026-02-25 14:05:56.049212 (3183774) main____ INFO      virtual memory: unlimited
2026-02-25 14:05:56.049224 (3183774) main____ INFO      cpu time      : unlimited
2026-02-25 14:05:56.049243 (3183774) main____ INFO      processes     : 4096
2026-02-25 14:05:56.049263 (3183774) main____ INFO      stack size    : 8388608 B
2026-02-25 14:05:56.049277 (3183774) main____ INFO      core file size: 0 B
2026-02-25 14:05:56.049290 (3183774) main____ INFO      open files    : 4096
2026-02-25 14:05:56.049316 (3183774) main____ INFO      file size     : unlimited
2026-02-25 14:05:56.049326 (3183774) main____ INFO    ----------------------------------------
2026-02-25 14:05:56.049335 (3183774) main____ INFO    Memory statistics:
2026-02-25 14:05:56.049348 (3183774) main____ INFO      total physical memory  : 98449092 kB
2026-02-25 14:05:56.049359 (3183774) main____ INFO      free physical memory   : 81088368 kB
2026-02-25 14:05:56.049370 (3183774) main____ INFO      committed address space: 3981664 kB
2026-02-25 14:05:56.049380 (3183774) main____ INFO    ----------------------------------------
2026-02-25 14:05:56.050546 (3183774) main____ INFO    Important environment variables:
2026-02-25 14:05:56.050574 (3183774) main____ INFO      CDS_LIC_FILE       : '5280@cadlic0'
2026-02-25 14:05:56.050586 (3183774) main____ INFO      JASPER_INSTALL_DIR : '/cad/cadence/jasper_2023.12p001'
2026-02-25 14:05:56.050598 (3183774) main____ INFO      JASPER_KERNEL_CHECK: '1'
2026-02-25 14:05:56.050610 (3183774) main____ INFO      JASPER_OS_CHECK    : '0'
2026-02-25 14:05:56.050622 (3183774) main____ INFO      LANG               : 'en_US.UTF-8'
2026-02-25 14:05:56.050632 (3183774) main____ INFO    ----------------------------------------
2026-02-25 14:05:56.052537 (3183774) lic_core INFO    Initializing license system ...
2026-02-25 14:05:56.075610 (3183774) lic_core INFO    ... license system initialized.
2026-02-25 14:05:56.251625 (3183774) lic__man INFO    Claim 'main' for <ui>.
2026-02-25 14:05:56.251694 (3183774) lic_core INFO    (1) checking out 'jasper_interactive' ...
2026-02-25 14:05:56.326575 (3183774) lic_core INFO    ... (1) checkout succeeded
2026-02-25 14:05:56.326686 (3183774) lic__man INFO    Claim 'fpv' for <ui>.
2026-02-25 14:05:56.326714 (3183774) lic_core INFO    (2) checking out 'jasper_fpv' ...
2026-02-25 14:05:56.393080 (3183774) lic_core INFO    ... (2) checkout failed (error: -5) ("FLEXnet ERROR(-5, 0, 0): No such feature exists.")
2026-02-25 14:05:56.393139 (3183774) lic_core INFO    (3) checking out 'jasper_fao' ...
2026-02-25 14:05:56.469492 (3183774) lic_core INFO    ... (3) checkout succeeded
2026-02-25 14:05:56.493266 (3183774) main____ INFO    Tool inactivity delay is 480000 ms.
2026-02-25 14:05:56.501539 (3183804) stdio___ INFO    Starting STDIN reader (tty: yes, tty name: '/dev/pts/0')
2026-02-25 14:05:56.854429 (3183774) session_ INFO    Starting analysis session with session id 'session_0' (launcher: <local>) ...
2026-02-25 14:05:56.856321 (3183774) session_ INFO    Analysis session with session id 'session_0' started (pid: 3183805)
2026-02-25 14:05:58.008348 (3183774) session_ INFO    Analysis session 'session_0' connected to the console (host: 127.0.0.1:39140)
2026-02-25 14:06:01.142176 (3183774) lic__man INFO    Unclaim everything for 'session_0'.
2026-02-25 14:06:01.356178 (3183774) lic__man INFO    Claim 'fpv' for 'session_0'.
2026-02-25 14:06:01.356212 (3183774) lic__man INFO    Claim 'fpv' for 'session_0/prove-0'.
2026-02-25 14:06:02.960765 (3183774) lic__man INFO    Unclaim everything for 'session_0/prove-0'.
2026-02-25 14:06:03.002488 (3183774) main____ INFO    About to exit: request to exit with status 0 received from analysis session 'session_0'
2026-02-25 14:06:03.139954 (3183774) session_ INFO    Analysis session 'session_0' disconnected.
2026-02-25 14:06:03.140130 (3183774) lic__man INFO    Unclaim everything for 'session_0'.
2026-02-25 14:06:03.140333 (3183774) session_ INFO    Process for analysis session 'session_0' has exited with exit status '0'.
2026-02-25 14:06:04.909004 (3183804) stdio___ INFO    STDIN reader requested to stop.
2026-02-25 14:06:04.909044 (3183804) stdio___ INFO    STDIN reader stopped.
2026-02-25 14:06:04.909272 (3183774) lic_core INFO    (1) checkin jasper_interactive
2026-02-25 14:06:04.910613 (3183774) lic_core INFO    (3) checkin jasper_fao
2026-02-25 14:06:04.911649 (3183774) main____ INFO    Exiting with status 0.
