2026-03-01 01:26:18.318909 (1139566) main____ INFO    ----------------------------------------
2026-03-01 01:26:18.319005 (1139566) main____ INFO    Jasper version info
2026-03-01 01:26:18.319022 (1139566) main____ INFO      tool      : Jasper 2023.12
2026-03-01 01:26:18.319037 (1139566) main____ INFO      version   : 2023.12p001 64 bits
2026-03-01 01:26:18.319050 (1139566) main____ INFO      build date: 2024.01.23 16:09:24 UTC
2026-03-01 01:26:18.319060 (1139566) main____ INFO    ----------------------------------------
2026-03-01 01:26:18.319069 (1139566) main____ INFO    Runtime info:
2026-03-01 01:26:18.319080 (1139566) main____ INFO      platform  : Linux 4.18.0-553.89.1.el8_10.x86_64 x86_64
2026-03-01 01:26:18.319099 (1139566) main____ INFO      hostname  : caddy15.stanford.edu
2026-03-01 01:26:18.319114 (1139566) main____ INFO      pid       : 1139566
2026-03-01 01:26:18.319126 (1139566) main____ INFO      arguments : '-style' 'windows' '-allow_unsupported_OS' '-no_gui' '-fpv' './synthlc/i_LW_out/xPairwiseDepDiv/nunv_anytwo_22_.tcl' '-proj' './synthlc/i_LW_out/xPairwiseDepDiv/nunv_anytwo_22_jgsession_26-03-01-01_26_17'
2026-03-01 01:26:18.319143 (1139566) main____ INFO      locale    : UTF-8
2026-03-01 01:26:18.319153 (1139566) main____ INFO    ----------------------------------------
2026-03-01 01:26:18.319162 (1139566) main____ INFO    System resource limits info:
2026-03-01 01:26:18.319174 (1139566) main____ INFO      virtual memory: unlimited
2026-03-01 01:26:18.319186 (1139566) main____ INFO      cpu time      : unlimited
2026-03-01 01:26:18.319205 (1139566) main____ INFO      processes     : 4096
2026-03-01 01:26:18.319227 (1139566) main____ INFO      stack size    : 8388608 B
2026-03-01 01:26:18.319240 (1139566) main____ INFO      core file size: 0 B
2026-03-01 01:26:18.319253 (1139566) main____ INFO      open files    : 4096
2026-03-01 01:26:18.319264 (1139566) main____ INFO      file size     : unlimited
2026-03-01 01:26:18.319286 (1139566) main____ INFO    ----------------------------------------
2026-03-01 01:26:18.319295 (1139566) main____ INFO    Memory statistics:
2026-03-01 01:26:18.319319 (1139566) main____ INFO      total physical memory  : 98449092 kB
2026-03-01 01:26:18.319331 (1139566) main____ INFO      free physical memory   : 74750108 kB
2026-03-01 01:26:18.319342 (1139566) main____ INFO      committed address space: 8287104 kB
2026-03-01 01:26:18.319351 (1139566) main____ INFO    ----------------------------------------
2026-03-01 01:26:18.320526 (1139566) main____ INFO    Important environment variables:
2026-03-01 01:26:18.320558 (1139566) main____ INFO      CDS_LIC_FILE       : '5280@cadlic0'
2026-03-01 01:26:18.320570 (1139566) main____ INFO      JASPER_INSTALL_DIR : '/cad/cadence/jasper_2023.12p001'
2026-03-01 01:26:18.320583 (1139566) main____ INFO      JASPER_KERNEL_CHECK: '1'
2026-03-01 01:26:18.320595 (1139566) main____ INFO      JASPER_OS_CHECK    : '0'
2026-03-01 01:26:18.320607 (1139566) main____ INFO      LANG               : 'en_US.UTF-8'
2026-03-01 01:26:18.320617 (1139566) main____ INFO    ----------------------------------------
2026-03-01 01:26:18.323475 (1139566) lic_core INFO    Initializing license system ...
2026-03-01 01:26:18.337294 (1139566) lic_core INFO    ... license system initialized.
2026-03-01 01:26:18.351498 (1139566) lic__man INFO    Claim 'main' for <ui>.
2026-03-01 01:26:18.351568 (1139566) lic_core INFO    (1) checking out 'jasper_interactive' ...
2026-03-01 01:26:18.389587 (1139566) lic_core INFO    ... (1) checkout succeeded
2026-03-01 01:26:18.389692 (1139566) lic__man INFO    Claim 'fpv' for <ui>.
2026-03-01 01:26:18.389721 (1139566) lic_core INFO    (2) checking out 'jasper_fpv' ...
2026-03-01 01:26:18.448873 (1139566) lic_core INFO    ... (2) checkout failed (error: -5) ("FLEXnet ERROR(-5, 0, 0): No such feature exists.")
2026-03-01 01:26:18.448930 (1139566) lic_core INFO    (3) checking out 'jasper_fao' ...
2026-03-01 01:26:18.506592 (1139566) lic_core INFO    ... (3) checkout succeeded
2026-03-01 01:26:18.518252 (1139566) main____ INFO    Tool inactivity delay is 480000 ms.
2026-03-01 01:26:18.518628 (1139577) stdio___ INFO    Starting STDIN reader (tty: yes, tty name: '/dev/pts/0')
2026-03-01 01:26:18.710292 (1139566) session_ INFO    Starting analysis session with session id 'session_0' (launcher: <local>) ...
2026-03-01 01:26:18.712289 (1139566) session_ INFO    Analysis session with session id 'session_0' started (pid: 1139578)
2026-03-01 01:26:20.263296 (1139566) session_ INFO    Analysis session 'session_0' connected to the console (host: 127.0.0.1:40426)
2026-03-01 01:26:27.359058 (1139566) lic__man INFO    Unclaim everything for 'session_0'.
2026-03-01 01:26:27.992830 (1139566) lic__man INFO    Claim 'fpv' for 'session_0'.
2026-03-01 01:26:27.992879 (1139566) lic__man INFO    Claim 'fpv' for 'session_0/prove-0'.
2026-03-01 01:26:31.683568 (1139566) lic__man INFO    Unclaim everything for 'session_0/prove-0'.
2026-03-01 01:26:31.737641 (1139566) main____ INFO    About to exit: request to exit with status 0 received from analysis session 'session_0'
2026-03-01 01:26:32.271637 (1139566) session_ INFO    Analysis session 'session_0' disconnected.
2026-03-01 01:26:32.271912 (1139566) lic__man INFO    Unclaim everything for 'session_0'.
2026-03-01 01:26:32.276514 (1139566) session_ INFO    Process for analysis session 'session_0' has exited with exit status '0'.
2026-03-01 01:26:33.848542 (1139577) stdio___ INFO    STDIN reader requested to stop.
2026-03-01 01:26:33.848592 (1139577) stdio___ INFO    STDIN reader stopped.
2026-03-01 01:26:33.848907 (1139566) lic_core INFO    (1) checkin jasper_interactive
2026-03-01 01:26:33.849947 (1139566) lic_core INFO    (3) checkin jasper_fao
2026-03-01 01:26:33.853460 (1139566) main____ INFO    Exiting with status 0.
