2026-02-28 22:47:09.226634 (1032770) main____ INFO    ----------------------------------------
2026-02-28 22:47:09.226706 (1032770) main____ INFO    Jasper version info
2026-02-28 22:47:09.226722 (1032770) main____ INFO      tool      : Jasper 2023.12
2026-02-28 22:47:09.226736 (1032770) main____ INFO      version   : 2023.12p001 64 bits
2026-02-28 22:47:09.226749 (1032770) main____ INFO      build date: 2024.01.23 16:09:24 UTC
2026-02-28 22:47:09.226759 (1032770) main____ INFO    ----------------------------------------
2026-02-28 22:47:09.226768 (1032770) main____ INFO    Runtime info:
2026-02-28 22:47:09.226778 (1032770) main____ INFO      platform  : Linux 4.18.0-553.89.1.el8_10.x86_64 x86_64
2026-02-28 22:47:09.226796 (1032770) main____ INFO      hostname  : caddy15.stanford.edu
2026-02-28 22:47:09.226810 (1032770) main____ INFO      pid       : 1032770
2026-02-28 22:47:09.226822 (1032770) main____ INFO      arguments : '-style' 'windows' '-allow_unsupported_OS' '-no_gui' '-fpv' './synthlc/i_BEQ_out/xPairwiseDepDiv/exclusive_56_.tcl' '-proj' './synthlc/i_BEQ_out/xPairwiseDepDiv/exclusive_56_jgsession_26-02-28-22_47_08'
2026-02-28 22:47:09.226838 (1032770) main____ INFO      locale    : UTF-8
2026-02-28 22:47:09.226848 (1032770) main____ INFO    ----------------------------------------
2026-02-28 22:47:09.226857 (1032770) main____ INFO    System resource limits info:
2026-02-28 22:47:09.226869 (1032770) main____ INFO      virtual memory: unlimited
2026-02-28 22:47:09.226881 (1032770) main____ INFO      cpu time      : unlimited
2026-02-28 22:47:09.226898 (1032770) main____ INFO      processes     : 4096
2026-02-28 22:47:09.226916 (1032770) main____ INFO      stack size    : 8388608 B
2026-02-28 22:47:09.226930 (1032770) main____ INFO      core file size: 0 B
2026-02-28 22:47:09.226942 (1032770) main____ INFO      open files    : 4096
2026-02-28 22:47:09.226954 (1032770) main____ INFO      file size     : unlimited
2026-02-28 22:47:09.226963 (1032770) main____ INFO    ----------------------------------------
2026-02-28 22:47:09.226972 (1032770) main____ INFO    Memory statistics:
2026-02-28 22:47:09.226983 (1032770) main____ INFO      total physical memory  : 98449092 kB
2026-02-28 22:47:09.226994 (1032770) main____ INFO      free physical memory   : 80086184 kB
2026-02-28 22:47:09.227005 (1032770) main____ INFO      committed address space: 1872880 kB
2026-02-28 22:47:09.227014 (1032770) main____ INFO    ----------------------------------------
2026-02-28 22:47:09.228153 (1032770) main____ INFO    Important environment variables:
2026-02-28 22:47:09.228177 (1032770) main____ INFO      CDS_LIC_FILE       : '5280@cadlic0'
2026-02-28 22:47:09.228189 (1032770) main____ INFO      JASPER_INSTALL_DIR : '/cad/cadence/jasper_2023.12p001'
2026-02-28 22:47:09.228201 (1032770) main____ INFO      JASPER_KERNEL_CHECK: '1'
2026-02-28 22:47:09.228213 (1032770) main____ INFO      JASPER_OS_CHECK    : '0'
2026-02-28 22:47:09.228224 (1032770) main____ INFO      LANG               : 'en_US.UTF-8'
2026-02-28 22:47:09.228234 (1032770) main____ INFO    ----------------------------------------
2026-02-28 22:47:09.229502 (1032770) lic_core INFO    Initializing license system ...
2026-02-28 22:47:09.230998 (1032770) lic_core INFO    ... license system initialized.
2026-02-28 22:47:09.297379 (1032770) lic__man INFO    Claim 'main' for <ui>.
2026-02-28 22:47:09.297429 (1032770) lic_core INFO    (1) checking out 'jasper_interactive' ...
2026-02-28 22:47:09.310164 (1032770) lic_core INFO    ... (1) checkout succeeded
2026-02-28 22:47:09.310227 (1032770) lic__man INFO    Claim 'fpv' for <ui>.
2026-02-28 22:47:09.310249 (1032770) lic_core INFO    (2) checking out 'jasper_fpv' ...
2026-02-28 22:47:09.314529 (1032770) lic_core INFO    ... (2) checkout failed (error: -5) ("FLEXnet ERROR(-5, 0, 0): No such feature exists.")
2026-02-28 22:47:09.314560 (1032770) lic_core INFO    (3) checking out 'jasper_fao' ...
2026-02-28 22:47:09.325487 (1032770) lic_core INFO    ... (3) checkout succeeded
2026-02-28 22:47:09.327813 (1032781) stdio___ INFO    Starting STDIN reader (tty: yes, tty name: '/dev/pts/0')
2026-02-28 22:47:09.327951 (1032770) main____ INFO    Tool inactivity delay is 480000 ms.
2026-02-28 22:47:09.516893 (1032770) session_ INFO    Starting analysis session with session id 'session_0' (launcher: <local>) ...
2026-02-28 22:47:09.518799 (1032770) session_ INFO    Analysis session with session id 'session_0' started (pid: 1032782)
2026-02-28 22:47:10.645355 (1032770) session_ INFO    Analysis session 'session_0' connected to the console (host: 127.0.0.1:56750)
2026-02-28 22:47:16.595421 (1032770) lic__man INFO    Unclaim everything for 'session_0'.
2026-02-28 22:47:17.081388 (1032770) lic__man INFO    Claim 'fpv' for 'session_0'.
2026-02-28 22:47:17.081431 (1032770) lic__man INFO    Claim 'fpv' for 'session_0/prove-0'.
2026-02-28 22:47:35.071564 (1032770) lic__man INFO    Unclaim everything for 'session_0/prove-0'.
2026-02-28 22:47:35.146602 (1032770) main____ INFO    About to exit: request to exit with status 0 received from analysis session 'session_0'
2026-02-28 22:47:35.662953 (1032770) session_ INFO    Analysis session 'session_0' disconnected.
2026-02-28 22:47:35.663098 (1032770) lic__man INFO    Unclaim everything for 'session_0'.
2026-02-28 22:47:35.663834 (1032770) session_ INFO    Process for analysis session 'session_0' has exited with exit status '0'.
2026-02-28 22:47:37.254128 (1032781) stdio___ INFO    STDIN reader requested to stop.
2026-02-28 22:47:37.254180 (1032781) stdio___ INFO    STDIN reader stopped.
2026-02-28 22:47:37.254459 (1032770) lic_core INFO    (1) checkin jasper_interactive
2026-02-28 22:47:37.255601 (1032770) lic_core INFO    (3) checkin jasper_fao
2026-02-28 22:47:37.256983 (1032770) main____ INFO    Exiting with status 0.
