2026-02-26 03:32:05.326901 (3687942) main____ INFO    ----------------------------------------
2026-02-26 03:32:05.327008 (3687942) main____ INFO    Jasper version info
2026-02-26 03:32:05.327026 (3687942) main____ INFO      tool      : Jasper 2023.12
2026-02-26 03:32:05.327043 (3687942) main____ INFO      version   : 2023.12p001 64 bits
2026-02-26 03:32:05.327058 (3687942) main____ INFO      build date: 2024.01.23 16:09:24 UTC
2026-02-26 03:32:05.327069 (3687942) main____ INFO    ----------------------------------------
2026-02-26 03:32:05.327079 (3687942) main____ INFO    Runtime info:
2026-02-26 03:32:05.327091 (3687942) main____ INFO      platform  : Linux 4.18.0-553.89.1.el8_10.x86_64 x86_64
2026-02-26 03:32:05.327111 (3687942) main____ INFO      hostname  : caddy15.stanford.edu
2026-02-26 03:32:05.327128 (3687942) main____ INFO      pid       : 3687942
2026-02-26 03:32:05.327140 (3687942) main____ INFO      arguments : '-style' 'windows' '-allow_unsupported_OS' '-no_gui' '-fpv' './synthlc/i_ADDI_out/xPairwiseDepDiv/nunv_anytwo_258_.tcl' '-proj' './synthlc/i_ADDI_out/xPairwiseDepDiv/nunv_anytwo_258_jgsession_26-02-26-03_32_04'
2026-02-26 03:32:05.327159 (3687942) main____ INFO      locale    : UTF-8
2026-02-26 03:32:05.327170 (3687942) main____ INFO    ----------------------------------------
2026-02-26 03:32:05.327180 (3687942) main____ INFO    System resource limits info:
2026-02-26 03:32:05.327193 (3687942) main____ INFO      virtual memory: unlimited
2026-02-26 03:32:05.327207 (3687942) main____ INFO      cpu time      : unlimited
2026-02-26 03:32:05.327227 (3687942) main____ INFO      processes     : 4096
2026-02-26 03:32:05.327251 (3687942) main____ INFO      stack size    : 8388608 B
2026-02-26 03:32:05.327266 (3687942) main____ INFO      core file size: 0 B
2026-02-26 03:32:05.327281 (3687942) main____ INFO      open files    : 4096
2026-02-26 03:32:05.327294 (3687942) main____ INFO      file size     : unlimited
2026-02-26 03:32:05.327320 (3687942) main____ INFO    ----------------------------------------
2026-02-26 03:32:05.327330 (3687942) main____ INFO    Memory statistics:
2026-02-26 03:32:05.327343 (3687942) main____ INFO      total physical memory  : 98449092 kB
2026-02-26 03:32:05.327355 (3687942) main____ INFO      free physical memory   : 66954728 kB
2026-02-26 03:32:05.327368 (3687942) main____ INFO      committed address space: 17599964 kB
2026-02-26 03:32:05.327378 (3687942) main____ INFO    ----------------------------------------
2026-02-26 03:32:05.328558 (3687942) main____ INFO    Important environment variables:
2026-02-26 03:32:05.328586 (3687942) main____ INFO      CDS_LIC_FILE       : '5280@cadlic0'
2026-02-26 03:32:05.328599 (3687942) main____ INFO      JASPER_INSTALL_DIR : '/cad/cadence/jasper_2023.12p001'
2026-02-26 03:32:05.328613 (3687942) main____ INFO      JASPER_KERNEL_CHECK: '1'
2026-02-26 03:32:05.328626 (3687942) main____ INFO      JASPER_OS_CHECK    : '0'
2026-02-26 03:32:05.328639 (3687942) main____ INFO      LANG               : 'en_US.UTF-8'
2026-02-26 03:32:05.328649 (3687942) main____ INFO    ----------------------------------------
2026-02-26 03:32:05.341487 (3687942) lic_core INFO    Initializing license system ...
2026-02-26 03:32:05.398167 (3687942) lic_core INFO    ... license system initialized.
2026-02-26 03:32:05.564737 (3687942) lic__man INFO    Claim 'main' for <ui>.
2026-02-26 03:32:05.564814 (3687942) lic_core INFO    (1) checking out 'jasper_interactive' ...
2026-02-26 03:32:05.652607 (3687942) lic_core INFO    ... (1) checkout succeeded
2026-02-26 03:32:05.652713 (3687942) lic__man INFO    Claim 'fpv' for <ui>.
2026-02-26 03:32:05.652743 (3687942) lic_core INFO    (2) checking out 'jasper_fpv' ...
2026-02-26 03:32:05.696827 (3687942) lic_core INFO    ... (2) checkout failed (error: -5) ("FLEXnet ERROR(-5, 0, 0): No such feature exists.")
2026-02-26 03:32:05.696888 (3687942) lic_core INFO    (3) checking out 'jasper_fao' ...
2026-02-26 03:32:05.774570 (3687942) lic_core INFO    ... (3) checkout succeeded
2026-02-26 03:32:05.828281 (3687942) main____ INFO    Tool inactivity delay is 480000 ms.
2026-02-26 03:32:05.839592 (3687954) stdio___ INFO    Starting STDIN reader (tty: yes, tty name: '/dev/pts/0')
2026-02-26 03:32:06.174467 (3687942) session_ INFO    Starting analysis session with session id 'session_0' (launcher: <local>) ...
2026-02-26 03:32:06.176131 (3687942) session_ INFO    Analysis session with session id 'session_0' started (pid: 3687955)
2026-02-26 03:32:10.303004 (3687942) session_ INFO    Analysis session 'session_0' connected to the console (host: 127.0.0.1:58136)
2026-02-26 03:32:21.690331 (3687942) lic__man INFO    Unclaim everything for 'session_0'.
2026-02-26 03:32:22.081981 (3687942) lic__man INFO    Claim 'fpv' for 'session_0'.
2026-02-26 03:32:22.082032 (3687942) lic__man INFO    Claim 'fpv' for 'session_0/prove-0'.
2026-02-26 03:32:57.176999 (3687942) lic__man INFO    Unclaim everything for 'session_0/prove-0'.
2026-02-26 03:32:57.219575 (3687942) main____ INFO    About to exit: request to exit with status 0 received from analysis session 'session_0'
2026-02-26 03:32:57.748377 (3687942) session_ INFO    Analysis session 'session_0' disconnected.
2026-02-26 03:32:57.748544 (3687942) lic__man INFO    Unclaim everything for 'session_0'.
2026-02-26 03:32:57.759560 (3687942) session_ INFO    Process for analysis session 'session_0' has exited with exit status '0'.
2026-02-26 03:32:59.345457 (3687954) stdio___ INFO    STDIN reader requested to stop.
2026-02-26 03:32:59.345513 (3687954) stdio___ INFO    STDIN reader stopped.
2026-02-26 03:32:59.365610 (3687942) lic_core INFO    (1) checkin jasper_interactive
2026-02-26 03:32:59.368593 (3687942) lic_core INFO    (3) checkin jasper_fao
2026-02-26 03:32:59.387250 (3687942) main____ INFO    Exiting with status 0.
