2026-02-26 03:39:53.440644 (3696195) main____ INFO    ----------------------------------------
2026-02-26 03:39:53.440740 (3696195) main____ INFO    Jasper version info
2026-02-26 03:39:53.440757 (3696195) main____ INFO      tool      : Jasper 2023.12
2026-02-26 03:39:53.440772 (3696195) main____ INFO      version   : 2023.12p001 64 bits
2026-02-26 03:39:53.440785 (3696195) main____ INFO      build date: 2024.01.23 16:09:24 UTC
2026-02-26 03:39:53.440795 (3696195) main____ INFO    ----------------------------------------
2026-02-26 03:39:53.440804 (3696195) main____ INFO    Runtime info:
2026-02-26 03:39:53.440814 (3696195) main____ INFO      platform  : Linux 4.18.0-553.89.1.el8_10.x86_64 x86_64
2026-02-26 03:39:53.440833 (3696195) main____ INFO      hostname  : caddy15.stanford.edu
2026-02-26 03:39:53.440848 (3696195) main____ INFO      pid       : 3696195
2026-02-26 03:39:53.440859 (3696195) main____ INFO      arguments : '-style' 'windows' '-allow_unsupported_OS' '-no_gui' '-fpv' './synthlc/i_ADDI_out/xPairwiseDepDiv/nunv_anytwo_361_.tcl' '-proj' './synthlc/i_ADDI_out/xPairwiseDepDiv/nunv_anytwo_361_jgsession_26-02-26-03_39_53'
2026-02-26 03:39:53.440875 (3696195) main____ INFO      locale    : UTF-8
2026-02-26 03:39:53.440885 (3696195) main____ INFO    ----------------------------------------
2026-02-26 03:39:53.440894 (3696195) main____ INFO    System resource limits info:
2026-02-26 03:39:53.440906 (3696195) main____ INFO      virtual memory: unlimited
2026-02-26 03:39:53.440918 (3696195) main____ INFO      cpu time      : unlimited
2026-02-26 03:39:53.440936 (3696195) main____ INFO      processes     : 4096
2026-02-26 03:39:53.440957 (3696195) main____ INFO      stack size    : 8388608 B
2026-02-26 03:39:53.440971 (3696195) main____ INFO      core file size: 0 B
2026-02-26 03:39:53.440983 (3696195) main____ INFO      open files    : 4096
2026-02-26 03:39:53.440995 (3696195) main____ INFO      file size     : unlimited
2026-02-26 03:39:53.441004 (3696195) main____ INFO    ----------------------------------------
2026-02-26 03:39:53.441013 (3696195) main____ INFO    Memory statistics:
2026-02-26 03:39:53.441025 (3696195) main____ INFO      total physical memory  : 98449092 kB
2026-02-26 03:39:53.441036 (3696195) main____ INFO      free physical memory   : 76704104 kB
2026-02-26 03:39:53.441048 (3696195) main____ INFO      committed address space: 6599452 kB
2026-02-26 03:39:53.441057 (3696195) main____ INFO    ----------------------------------------
2026-02-26 03:39:53.442225 (3696195) main____ INFO    Important environment variables:
2026-02-26 03:39:53.442259 (3696195) main____ INFO      CDS_LIC_FILE       : '5280@cadlic0'
2026-02-26 03:39:53.442274 (3696195) main____ INFO      JASPER_INSTALL_DIR : '/cad/cadence/jasper_2023.12p001'
2026-02-26 03:39:53.442286 (3696195) main____ INFO      JASPER_KERNEL_CHECK: '1'
2026-02-26 03:39:53.442298 (3696195) main____ INFO      JASPER_OS_CHECK    : '0'
2026-02-26 03:39:53.442321 (3696195) main____ INFO      LANG               : 'en_US.UTF-8'
2026-02-26 03:39:53.442330 (3696195) main____ INFO    ----------------------------------------
2026-02-26 03:39:53.443529 (3696195) lic_core INFO    Initializing license system ...
2026-02-26 03:39:53.461911 (3696195) lic_core INFO    ... license system initialized.
2026-02-26 03:39:53.586709 (3696195) lic__man INFO    Claim 'main' for <ui>.
2026-02-26 03:39:53.586793 (3696195) lic_core INFO    (1) checking out 'jasper_interactive' ...
2026-02-26 03:39:53.669617 (3696195) lic_core INFO    ... (1) checkout succeeded
2026-02-26 03:39:53.669721 (3696195) lic__man INFO    Claim 'fpv' for <ui>.
2026-02-26 03:39:53.669749 (3696195) lic_core INFO    (2) checking out 'jasper_fpv' ...
2026-02-26 03:39:53.709883 (3696195) lic_core INFO    ... (2) checkout failed (error: -5) ("FLEXnet ERROR(-5, 0, 0): No such feature exists.")
2026-02-26 03:39:53.709983 (3696195) lic_core INFO    (3) checking out 'jasper_fao' ...
2026-02-26 03:39:53.773566 (3696195) lic_core INFO    ... (3) checkout succeeded
2026-02-26 03:39:53.785259 (3696195) main____ INFO    Tool inactivity delay is 480000 ms.
2026-02-26 03:39:53.793596 (3696206) stdio___ INFO    Starting STDIN reader (tty: yes, tty name: '/dev/pts/0')
2026-02-26 03:39:54.049495 (3696195) session_ INFO    Starting analysis session with session id 'session_0' (launcher: <local>) ...
2026-02-26 03:39:54.051539 (3696195) session_ INFO    Analysis session with session id 'session_0' started (pid: 3696207)
2026-02-26 03:39:55.571017 (3696195) session_ INFO    Analysis session 'session_0' connected to the console (host: 127.0.0.1:54358)
2026-02-26 03:39:59.692398 (3696195) lic__man INFO    Unclaim everything for 'session_0'.
2026-02-26 03:39:59.943683 (3696195) lic__man INFO    Claim 'fpv' for 'session_0'.
2026-02-26 03:39:59.943732 (3696195) lic__man INFO    Claim 'fpv' for 'session_0/prove-0'.
2026-02-26 03:40:01.401925 (3696195) lic__man INFO    Unclaim everything for 'session_0/prove-0'.
2026-02-26 03:40:01.432598 (3696195) main____ INFO    About to exit: request to exit with status 0 received from analysis session 'session_0'
2026-02-26 03:40:01.676674 (3696195) session_ INFO    Analysis session 'session_0' disconnected.
2026-02-26 03:40:01.676815 (3696195) lic__man INFO    Unclaim everything for 'session_0'.
2026-02-26 03:40:01.677061 (3696195) session_ INFO    Process for analysis session 'session_0' has exited with exit status '0'.
2026-02-26 03:40:03.404414 (3696206) stdio___ INFO    STDIN reader requested to stop.
2026-02-26 03:40:03.404486 (3696206) stdio___ INFO    STDIN reader stopped.
2026-02-26 03:40:03.414600 (3696195) lic_core INFO    (1) checkin jasper_interactive
2026-02-26 03:40:03.416480 (3696195) lic_core INFO    (3) checkin jasper_fao
2026-02-26 03:40:03.449345 (3696195) main____ INFO    Exiting with status 0.
