2026-02-27 23:39:23.220656 (516995) main____ INFO    ----------------------------------------
2026-02-27 23:39:23.220719 (516995) main____ INFO    Jasper version info
2026-02-27 23:39:23.220733 (516995) main____ INFO      tool      : Jasper 2023.12
2026-02-27 23:39:23.220747 (516995) main____ INFO      version   : 2023.12p001 64 bits
2026-02-27 23:39:23.220759 (516995) main____ INFO      build date: 2024.01.23 16:09:24 UTC
2026-02-27 23:39:23.220769 (516995) main____ INFO    ----------------------------------------
2026-02-27 23:39:23.220778 (516995) main____ INFO    Runtime info:
2026-02-27 23:39:23.220788 (516995) main____ INFO      platform  : Linux 4.18.0-553.89.1.el8_10.x86_64 x86_64
2026-02-27 23:39:23.220804 (516995) main____ INFO      hostname  : caddy10.stanford.edu
2026-02-27 23:39:23.220818 (516995) main____ INFO      pid       : 516995
2026-02-27 23:39:23.220829 (516995) main____ INFO      arguments : '-style' 'windows' '-allow_unsupported_OS' '-no_gui' '-fpv' './synthlc/i_DIV_out/xHBPerfG_dfg_v3_div/HB_56_.tcl' '-proj' './synthlc/i_DIV_out/xHBPerfG_dfg_v3_div/HB_56_jgsession_26-02-27-23_39_23'
2026-02-27 23:39:23.220844 (516995) main____ INFO      locale    : UTF-8
2026-02-27 23:39:23.220854 (516995) main____ INFO    ----------------------------------------
2026-02-27 23:39:23.220863 (516995) main____ INFO    System resource limits info:
2026-02-27 23:39:23.220874 (516995) main____ INFO      virtual memory: unlimited
2026-02-27 23:39:23.220886 (516995) main____ INFO      cpu time      : unlimited
2026-02-27 23:39:23.220902 (516995) main____ INFO      processes     : 4096
2026-02-27 23:39:23.220919 (516995) main____ INFO      stack size    : 8388608 B
2026-02-27 23:39:23.220933 (516995) main____ INFO      core file size: 0 B
2026-02-27 23:39:23.220945 (516995) main____ INFO      open files    : 4096
2026-02-27 23:39:23.220957 (516995) main____ INFO      file size     : unlimited
2026-02-27 23:39:23.220967 (516995) main____ INFO    ----------------------------------------
2026-02-27 23:39:23.220976 (516995) main____ INFO    Memory statistics:
2026-02-27 23:39:23.220987 (516995) main____ INFO      total physical memory  : 98449096 kB
2026-02-27 23:39:23.220998 (516995) main____ INFO      free physical memory   : 90661076 kB
2026-02-27 23:39:23.221009 (516995) main____ INFO      committed address space: 1658960 kB
2026-02-27 23:39:23.221018 (516995) main____ INFO    ----------------------------------------
2026-02-27 23:39:23.222130 (516995) main____ INFO    Important environment variables:
2026-02-27 23:39:23.222151 (516995) main____ INFO      CDS_LIC_FILE       : '5280@cadlic0'
2026-02-27 23:39:23.222163 (516995) main____ INFO      JASPER_INSTALL_DIR : '/cad/cadence/jasper_2023.12p001'
2026-02-27 23:39:23.222175 (516995) main____ INFO      JASPER_KERNEL_CHECK: '1'
2026-02-27 23:39:23.222186 (516995) main____ INFO      JASPER_OS_CHECK    : '0'
2026-02-27 23:39:23.222198 (516995) main____ INFO      LANG               : 'en_US.UTF-8'
2026-02-27 23:39:23.222207 (516995) main____ INFO    ----------------------------------------
2026-02-27 23:39:23.223305 (516995) lic_core INFO    Initializing license system ...
2026-02-27 23:39:23.224734 (516995) lic_core INFO    ... license system initialized.
2026-02-27 23:39:23.236747 (516995) lic__man INFO    Claim 'main' for <ui>.
2026-02-27 23:39:23.236799 (516995) lic_core INFO    (1) checking out 'jasper_interactive' ...
2026-02-27 23:39:23.250100 (516995) lic_core INFO    ... (1) checkout succeeded
2026-02-27 23:39:23.250158 (516995) lic__man INFO    Claim 'fpv' for <ui>.
2026-02-27 23:39:23.250181 (516995) lic_core INFO    (2) checking out 'jasper_fpv' ...
2026-02-27 23:39:23.253999 (516995) lic_core INFO    ... (2) checkout failed (error: -5) ("FLEXnet ERROR(-5, 0, 0): No such feature exists.")
2026-02-27 23:39:23.254029 (516995) lic_core INFO    (3) checking out 'jasper_fao' ...
2026-02-27 23:39:23.264648 (516995) lic_core INFO    ... (3) checkout succeeded
2026-02-27 23:39:23.266134 (517018) stdio___ INFO    Starting STDIN reader (tty: yes, tty name: '/dev/pts/5')
2026-02-27 23:39:23.266275 (516995) main____ INFO    Tool inactivity delay is 480000 ms.
2026-02-27 23:39:23.306538 (516995) session_ INFO    Starting analysis session with session id 'session_0' (launcher: <local>) ...
2026-02-27 23:39:23.308308 (516995) session_ INFO    Analysis session with session id 'session_0' started (pid: 517020)
2026-02-27 23:39:24.371588 (516995) session_ INFO    Analysis session 'session_0' connected to the console (host: 127.0.0.1:39442)
2026-02-27 23:39:27.547274 (516995) lic__man INFO    Unclaim everything for 'session_0'.
2026-02-27 23:39:27.749359 (516995) lic__man INFO    Claim 'fpv' for 'session_0'.
2026-02-27 23:39:27.749395 (516995) lic__man INFO    Claim 'fpv' for 'session_0/prove-0'.
2026-02-27 23:40:38.333412 (516995) lic__man INFO    Unclaim everything for 'session_0/prove-0'.
2026-02-27 23:40:38.375357 (516995) main____ INFO    About to exit: request to exit with status 0 received from analysis session 'session_0'
2026-02-27 23:40:38.879715 (516995) session_ INFO    Analysis session 'session_0' disconnected.
2026-02-27 23:40:38.879848 (516995) lic__man INFO    Unclaim everything for 'session_0'.
2026-02-27 23:40:38.880128 (516995) session_ INFO    Process for analysis session 'session_0' has exited with exit status '0'.
2026-02-27 23:40:40.382273 (517018) stdio___ INFO    STDIN reader requested to stop.
2026-02-27 23:40:40.382340 (517018) stdio___ INFO    STDIN reader stopped.
2026-02-27 23:40:40.393294 (516995) lic_core INFO    (1) checkin jasper_interactive
2026-02-27 23:40:40.398829 (516995) lic_core INFO    (3) checkin jasper_fao
2026-02-27 23:40:40.420427 (516995) main____ INFO    Exiting with status 0.
