2026-02-26 12:10:44.954288 (2152783) main____ INFO    ----------------------------------------
2026-02-26 12:10:44.954391 (2152783) main____ INFO    Jasper version info
2026-02-26 12:10:44.954407 (2152783) main____ INFO      tool      : Jasper 2023.12
2026-02-26 12:10:44.954423 (2152783) main____ INFO      version   : 2023.12p001 64 bits
2026-02-26 12:10:44.954436 (2152783) main____ INFO      build date: 2024.01.23 16:09:24 UTC
2026-02-26 12:10:44.954445 (2152783) main____ INFO    ----------------------------------------
2026-02-26 12:10:44.954454 (2152783) main____ INFO    Runtime info:
2026-02-26 12:10:44.954465 (2152783) main____ INFO      platform  : Linux 4.18.0-553.89.1.el8_10.x86_64 x86_64
2026-02-26 12:10:44.954484 (2152783) main____ INFO      hostname  : caddy12.stanford.edu
2026-02-26 12:10:44.954500 (2152783) main____ INFO      pid       : 2152783
2026-02-26 12:10:44.954511 (2152783) main____ INFO      arguments : '-style' 'windows' '-allow_unsupported_OS' '-no_gui' '-fpv' './synthlc/i_DIV_out/xPerfLocSubsetDiv/coverset_27_.tcl' '-proj' './synthlc/i_DIV_out/xPerfLocSubsetDiv/coverset_27_jgsession_26-02-26-12_10_44'
2026-02-26 12:10:44.954529 (2152783) main____ INFO      locale    : UTF-8
2026-02-26 12:10:44.954539 (2152783) main____ INFO    ----------------------------------------
2026-02-26 12:10:44.954547 (2152783) main____ INFO    System resource limits info:
2026-02-26 12:10:44.954560 (2152783) main____ INFO      virtual memory: unlimited
2026-02-26 12:10:44.954571 (2152783) main____ INFO      cpu time      : unlimited
2026-02-26 12:10:44.954589 (2152783) main____ INFO      processes     : 4096
2026-02-26 12:10:44.954610 (2152783) main____ INFO      stack size    : 8388608 B
2026-02-26 12:10:44.954623 (2152783) main____ INFO      core file size: 0 B
2026-02-26 12:10:44.954637 (2152783) main____ INFO      open files    : 4096
2026-02-26 12:10:44.954648 (2152783) main____ INFO      file size     : unlimited
2026-02-26 12:10:44.954658 (2152783) main____ INFO    ----------------------------------------
2026-02-26 12:10:44.954679 (2152783) main____ INFO    Memory statistics:
2026-02-26 12:10:44.954691 (2152783) main____ INFO      total physical memory  : 98449088 kB
2026-02-26 12:10:44.954702 (2152783) main____ INFO      free physical memory   : 77751148 kB
2026-02-26 12:10:44.954714 (2152783) main____ INFO      committed address space: 6199136 kB
2026-02-26 12:10:44.954723 (2152783) main____ INFO    ----------------------------------------
2026-02-26 12:10:44.955927 (2152783) main____ INFO    Important environment variables:
2026-02-26 12:10:44.955962 (2152783) main____ INFO      CDS_LIC_FILE       : '5280@cadlic0'
2026-02-26 12:10:44.955974 (2152783) main____ INFO      DISPLAY            : 'localhost:12.0'
2026-02-26 12:10:44.955986 (2152783) main____ INFO      JASPER_INSTALL_DIR : '/cad/cadence/jasper_2023.12p001'
2026-02-26 12:10:44.955998 (2152783) main____ INFO      JASPER_KERNEL_CHECK: '1'
2026-02-26 12:10:44.956009 (2152783) main____ INFO      JASPER_OS_CHECK    : '0'
2026-02-26 12:10:44.956021 (2152783) main____ INFO      LANG               : 'zh_TW.UTF-8'
2026-02-26 12:10:44.956031 (2152783) main____ INFO    ----------------------------------------
2026-02-26 12:10:44.957900 (2152783) lic_core INFO    Initializing license system ...
2026-02-26 12:10:44.988031 (2152783) lic_core INFO    ... license system initialized.
2026-02-26 12:10:45.005395 (2152783) lic__man INFO    Claim 'main' for <ui>.
2026-02-26 12:10:45.005450 (2152783) lic_core INFO    (1) checking out 'jasper_interactive' ...
2026-02-26 12:10:45.021481 (2152783) lic_core INFO    ... (1) checkout succeeded
2026-02-26 12:10:45.021575 (2152783) lic__man INFO    Claim 'fpv' for <ui>.
2026-02-26 12:10:45.021601 (2152783) lic_core INFO    (2) checking out 'jasper_fpv' ...
2026-02-26 12:10:45.025587 (2152783) lic_core INFO    ... (2) checkout failed (error: -5) ("FLEXnet ERROR(-5, 0, 0): No such feature exists.")
2026-02-26 12:10:45.025631 (2152783) lic_core INFO    (3) checking out 'jasper_fao' ...
2026-02-26 12:10:45.036302 (2152783) lic_core INFO    ... (3) checkout succeeded
2026-02-26 12:10:45.039885 (2152783) main____ INFO    Tool inactivity delay is 480000 ms.
2026-02-26 12:10:45.040159 (2152803) stdio___ INFO    Starting STDIN reader (tty: yes, tty name: '/dev/pts/0')
2026-02-26 12:10:45.081156 (2152783) session_ INFO    Starting analysis session with session id 'session_0' (launcher: <local>) ...
2026-02-26 12:10:45.083051 (2152783) session_ INFO    Analysis session with session id 'session_0' started (pid: 2152804)
2026-02-26 12:10:46.370080 (2152783) session_ INFO    Analysis session 'session_0' connected to the console (host: 127.0.0.1:45564)
2026-02-26 12:10:54.954889 (2152783) lic__man INFO    Unclaim everything for 'session_0'.
2026-02-26 12:10:55.326216 (2152783) lic__man INFO    Claim 'fpv' for 'session_0'.
2026-02-26 12:10:55.326261 (2152783) lic__man INFO    Claim 'fpv' for 'session_0/prove-0'.
2026-02-26 12:10:57.792063 (2152783) lic__man INFO    Unclaim everything for 'session_0/prove-0'.
2026-02-26 12:10:57.843930 (2152783) main____ INFO    About to exit: request to exit with status 0 received from analysis session 'session_0'
2026-02-26 12:10:58.058003 (2152783) session_ INFO    Analysis session 'session_0' disconnected.
2026-02-26 12:10:58.058145 (2152783) lic__man INFO    Unclaim everything for 'session_0'.
2026-02-26 12:10:58.058333 (2152783) session_ INFO    Process for analysis session 'session_0' has exited with exit status '0'.
2026-02-26 12:10:59.892175 (2152803) stdio___ INFO    STDIN reader requested to stop.
2026-02-26 12:10:59.892223 (2152803) stdio___ INFO    STDIN reader stopped.
2026-02-26 12:10:59.892513 (2152783) lic_core INFO    (1) checkin jasper_interactive
2026-02-26 12:10:59.893525 (2152783) lic_core INFO    (3) checkin jasper_fao
2026-02-26 12:10:59.894581 (2152783) main____ INFO    Exiting with status 0.
