2026-02-26 09:09:12.348139 (3960241) main____ INFO    ----------------------------------------
2026-02-26 09:09:12.348212 (3960241) main____ INFO    Jasper version info
2026-02-26 09:09:12.348227 (3960241) main____ INFO      tool      : Jasper 2023.12
2026-02-26 09:09:12.348241 (3960241) main____ INFO      version   : 2023.12p001 64 bits
2026-02-26 09:09:12.348253 (3960241) main____ INFO      build date: 2024.01.23 16:09:24 UTC
2026-02-26 09:09:12.348263 (3960241) main____ INFO    ----------------------------------------
2026-02-26 09:09:12.348272 (3960241) main____ INFO    Runtime info:
2026-02-26 09:09:12.348283 (3960241) main____ INFO      platform  : Linux 4.18.0-553.89.1.el8_10.x86_64 x86_64
2026-02-26 09:09:12.348299 (3960241) main____ INFO      hostname  : caddy15.stanford.edu
2026-02-26 09:09:12.348325 (3960241) main____ INFO      pid       : 3960241
2026-02-26 09:09:12.348336 (3960241) main____ INFO      arguments : '-style' 'windows' '-allow_unsupported_OS' '-no_gui' '-fpv' './synthlc/i_ADDI_out/xPerfLocCycleCount/cycle_count_mult_fsm_s2_.tcl' '-proj' './synthlc/i_ADDI_out/xPerfLocCycleCount/cycle_count_mult_fsm_s2_jgsession_26-02-26-09_09_12'
2026-02-26 09:09:12.348350 (3960241) main____ INFO      locale    : UTF-8
2026-02-26 09:09:12.348360 (3960241) main____ INFO    ----------------------------------------
2026-02-26 09:09:12.348369 (3960241) main____ INFO    System resource limits info:
2026-02-26 09:09:12.348381 (3960241) main____ INFO      virtual memory: unlimited
2026-02-26 09:09:12.348393 (3960241) main____ INFO      cpu time      : unlimited
2026-02-26 09:09:12.348409 (3960241) main____ INFO      processes     : 4096
2026-02-26 09:09:12.348427 (3960241) main____ INFO      stack size    : 8388608 B
2026-02-26 09:09:12.348441 (3960241) main____ INFO      core file size: 0 B
2026-02-26 09:09:12.348453 (3960241) main____ INFO      open files    : 4096
2026-02-26 09:09:12.348465 (3960241) main____ INFO      file size     : unlimited
2026-02-26 09:09:12.348475 (3960241) main____ INFO    ----------------------------------------
2026-02-26 09:09:12.348484 (3960241) main____ INFO    Memory statistics:
2026-02-26 09:09:12.348495 (3960241) main____ INFO      total physical memory  : 98449092 kB
2026-02-26 09:09:12.348506 (3960241) main____ INFO      free physical memory   : 80322988 kB
2026-02-26 09:09:12.348517 (3960241) main____ INFO      committed address space: 1113232 kB
2026-02-26 09:09:12.348527 (3960241) main____ INFO    ----------------------------------------
2026-02-26 09:09:12.349654 (3960241) main____ INFO    Important environment variables:
2026-02-26 09:09:12.349676 (3960241) main____ INFO      CDS_LIC_FILE       : '5280@cadlic0'
2026-02-26 09:09:12.349688 (3960241) main____ INFO      JASPER_INSTALL_DIR : '/cad/cadence/jasper_2023.12p001'
2026-02-26 09:09:12.349700 (3960241) main____ INFO      JASPER_KERNEL_CHECK: '1'
2026-02-26 09:09:12.349712 (3960241) main____ INFO      JASPER_OS_CHECK    : '0'
2026-02-26 09:09:12.349724 (3960241) main____ INFO      LANG               : 'en_US.UTF-8'
2026-02-26 09:09:12.349734 (3960241) main____ INFO    ----------------------------------------
2026-02-26 09:09:12.350932 (3960241) lic_core INFO    Initializing license system ...
2026-02-26 09:09:12.354702 (3960241) lic_core INFO    ... license system initialized.
2026-02-26 09:09:12.367087 (3960241) lic__man INFO    Claim 'main' for <ui>.
2026-02-26 09:09:12.367139 (3960241) lic_core INFO    (1) checking out 'jasper_interactive' ...
2026-02-26 09:09:12.380155 (3960241) lic_core INFO    ... (1) checkout succeeded
2026-02-26 09:09:12.380223 (3960241) lic__man INFO    Claim 'fpv' for <ui>.
2026-02-26 09:09:12.380245 (3960241) lic_core INFO    (2) checking out 'jasper_fpv' ...
2026-02-26 09:09:12.384913 (3960241) lic_core INFO    ... (2) checkout failed (error: -5) ("FLEXnet ERROR(-5, 0, 0): No such feature exists.")
2026-02-26 09:09:12.384946 (3960241) lic_core INFO    (3) checking out 'jasper_fao' ...
2026-02-26 09:09:12.396382 (3960241) lic_core INFO    ... (3) checkout succeeded
2026-02-26 09:09:12.400369 (3960252) stdio___ INFO    Starting STDIN reader (tty: yes, tty name: '/dev/pts/0')
2026-02-26 09:09:12.400507 (3960241) main____ INFO    Tool inactivity delay is 480000 ms.
2026-02-26 09:09:12.446556 (3960241) session_ INFO    Starting analysis session with session id 'session_0' (launcher: <local>) ...
2026-02-26 09:09:12.448416 (3960241) session_ INFO    Analysis session with session id 'session_0' started (pid: 3960253)
2026-02-26 09:09:13.634810 (3960241) session_ INFO    Analysis session 'session_0' connected to the console (host: 127.0.0.1:43586)
2026-02-26 09:09:16.780944 (3960241) lic__man INFO    Unclaim everything for 'session_0'.
2026-02-26 09:09:16.993418 (3960241) lic__man INFO    Claim 'fpv' for 'session_0'.
2026-02-26 09:09:16.993457 (3960241) lic__man INFO    Claim 'fpv' for 'session_0/prove-0'.
2026-02-26 09:09:24.402913 (3960241) lic__man INFO    Unclaim everything for 'session_0/prove-0'.
2026-02-26 09:09:24.428903 (3960241) lic__man INFO    Claim 'fpv' for 'session_0'.
2026-02-26 09:09:24.428937 (3960241) lic__man INFO    Claim 'fpv' for 'session_0/prove-1'.
2026-02-26 09:09:44.615073 (3960241) lic__man INFO    Unclaim everything for 'session_0/prove-1'.
2026-02-26 09:09:44.643567 (3960241) lic__man INFO    Claim 'fpv' for 'session_0'.
2026-02-26 09:09:44.643597 (3960241) lic__man INFO    Claim 'fpv' for 'session_0/prove-2'.
2026-02-26 09:10:06.966001 (3960241) lic__man INFO    Unclaim everything for 'session_0/prove-2'.
2026-02-26 09:10:07.002371 (3960241) lic__man INFO    Claim 'fpv' for 'session_0'.
2026-02-26 09:10:07.002402 (3960241) lic__man INFO    Claim 'fpv' for 'session_0/prove-3'.
2026-02-26 09:10:28.661053 (3960241) lic__man INFO    Unclaim everything for 'session_0/prove-3'.
2026-02-26 09:10:28.691023 (3960241) lic__man INFO    Claim 'fpv' for 'session_0'.
2026-02-26 09:10:28.691055 (3960241) lic__man INFO    Claim 'fpv' for 'session_0/prove-4'.
2026-02-26 09:11:21.186330 (3960241) lic__man INFO    Unclaim everything for 'session_0/prove-4'.
2026-02-26 09:11:21.216654 (3960241) lic__man INFO    Claim 'fpv' for 'session_0'.
2026-02-26 09:11:21.216689 (3960241) lic__man INFO    Claim 'fpv' for 'session_0/prove-5'.
2026-02-26 09:12:17.490891 (3960241) lic__man INFO    Unclaim everything for 'session_0/prove-5'.
2026-02-26 09:12:17.522449 (3960241) lic__man INFO    Claim 'fpv' for 'session_0'.
2026-02-26 09:12:17.522473 (3960241) lic__man INFO    Claim 'fpv' for 'session_0/prove-6'.
2026-02-26 09:12:55.328510 (3960241) lic__man INFO    Unclaim everything for 'session_0/prove-6'.
2026-02-26 09:12:55.381442 (3960241) main____ INFO    About to exit: request to exit with status 0 received from analysis session 'session_0'
2026-02-26 09:12:55.518667 (3960241) session_ INFO    Analysis session 'session_0' disconnected.
2026-02-26 09:12:55.518837 (3960241) lic__man INFO    Unclaim everything for 'session_0'.
2026-02-26 09:12:55.575036 (3960241) session_ INFO    Process for analysis session 'session_0' has exited with exit status '0'.
2026-02-26 09:12:57.405009 (3960252) stdio___ INFO    STDIN reader requested to stop.
2026-02-26 09:12:57.405039 (3960252) stdio___ INFO    STDIN reader stopped.
2026-02-26 09:12:57.405282 (3960241) lic_core INFO    (1) checkin jasper_interactive
2026-02-26 09:12:57.407016 (3960241) lic_core INFO    (3) checkin jasper_fao
2026-02-26 09:12:57.408273 (3960241) main____ INFO    Exiting with status 0.
