2026-02-25 14:09:44.233576 (3204041) main____ INFO    ----------------------------------------
2026-02-25 14:09:44.233644 (3204041) main____ INFO    Jasper version info
2026-02-25 14:09:44.233659 (3204041) main____ INFO      tool      : Jasper 2023.12
2026-02-25 14:09:44.233673 (3204041) main____ INFO      version   : 2023.12p001 64 bits
2026-02-25 14:09:44.233686 (3204041) main____ INFO      build date: 2024.01.23 16:09:24 UTC
2026-02-25 14:09:44.233695 (3204041) main____ INFO    ----------------------------------------
2026-02-25 14:09:44.233705 (3204041) main____ INFO    Runtime info:
2026-02-25 14:09:44.233715 (3204041) main____ INFO      platform  : Linux 4.18.0-553.89.1.el8_10.x86_64 x86_64
2026-02-25 14:09:44.233732 (3204041) main____ INFO      hostname  : caddy15.stanford.edu
2026-02-25 14:09:44.233747 (3204041) main____ INFO      pid       : 3204041
2026-02-25 14:09:44.233758 (3204041) main____ INFO      arguments : '-style' 'windows' '-allow_unsupported_OS' '-no_gui' '-fpv' './synthlc/i_DIV_out/xPerfLocSubsetDiv/coverset_161_.tcl' '-proj' './synthlc/i_DIV_out/xPerfLocSubsetDiv/coverset_161_jgsession_26-02-25-14_09_44'
2026-02-25 14:09:44.233774 (3204041) main____ INFO      locale    : UTF-8
2026-02-25 14:09:44.233784 (3204041) main____ INFO    ----------------------------------------
2026-02-25 14:09:44.233793 (3204041) main____ INFO    System resource limits info:
2026-02-25 14:09:44.233805 (3204041) main____ INFO      virtual memory: unlimited
2026-02-25 14:09:44.233817 (3204041) main____ INFO      cpu time      : unlimited
2026-02-25 14:09:44.233834 (3204041) main____ INFO      processes     : 4096
2026-02-25 14:09:44.233852 (3204041) main____ INFO      stack size    : 8388608 B
2026-02-25 14:09:44.233866 (3204041) main____ INFO      core file size: 0 B
2026-02-25 14:09:44.233879 (3204041) main____ INFO      open files    : 4096
2026-02-25 14:09:44.233891 (3204041) main____ INFO      file size     : unlimited
2026-02-25 14:09:44.233900 (3204041) main____ INFO    ----------------------------------------
2026-02-25 14:09:44.233909 (3204041) main____ INFO    Memory statistics:
2026-02-25 14:09:44.233921 (3204041) main____ INFO      total physical memory  : 98449092 kB
2026-02-25 14:09:44.233932 (3204041) main____ INFO      free physical memory   : 82600488 kB
2026-02-25 14:09:44.233943 (3204041) main____ INFO      committed address space: 1674368 kB
2026-02-25 14:09:44.233953 (3204041) main____ INFO    ----------------------------------------
2026-02-25 14:09:44.235086 (3204041) main____ INFO    Important environment variables:
2026-02-25 14:09:44.235109 (3204041) main____ INFO      CDS_LIC_FILE       : '5280@cadlic0'
2026-02-25 14:09:44.235121 (3204041) main____ INFO      JASPER_INSTALL_DIR : '/cad/cadence/jasper_2023.12p001'
2026-02-25 14:09:44.235133 (3204041) main____ INFO      JASPER_KERNEL_CHECK: '1'
2026-02-25 14:09:44.235145 (3204041) main____ INFO      JASPER_OS_CHECK    : '0'
2026-02-25 14:09:44.235157 (3204041) main____ INFO      LANG               : 'en_US.UTF-8'
2026-02-25 14:09:44.235167 (3204041) main____ INFO    ----------------------------------------
2026-02-25 14:09:44.236282 (3204041) lic_core INFO    Initializing license system ...
2026-02-25 14:09:44.238398 (3204041) lic_core INFO    ... license system initialized.
2026-02-25 14:09:44.248506 (3204041) lic__man INFO    Claim 'main' for <ui>.
2026-02-25 14:09:44.248556 (3204041) lic_core INFO    (1) checking out 'jasper_interactive' ...
2026-02-25 14:09:44.260808 (3204041) lic_core INFO    ... (1) checkout succeeded
2026-02-25 14:09:44.260869 (3204041) lic__man INFO    Claim 'fpv' for <ui>.
2026-02-25 14:09:44.260891 (3204041) lic_core INFO    (2) checking out 'jasper_fpv' ...
2026-02-25 14:09:44.264896 (3204041) lic_core INFO    ... (2) checkout failed (error: -5) ("FLEXnet ERROR(-5, 0, 0): No such feature exists.")
2026-02-25 14:09:44.264942 (3204041) lic_core INFO    (3) checking out 'jasper_fao' ...
2026-02-25 14:09:44.275802 (3204041) lic_core INFO    ... (3) checkout succeeded
2026-02-25 14:09:44.276762 (3204052) stdio___ INFO    Starting STDIN reader (tty: yes, tty name: '/dev/pts/0')
2026-02-25 14:09:44.276909 (3204041) main____ INFO    Tool inactivity delay is 480000 ms.
2026-02-25 14:09:44.317480 (3204041) session_ INFO    Starting analysis session with session id 'session_0' (launcher: <local>) ...
2026-02-25 14:09:44.319385 (3204041) session_ INFO    Analysis session with session id 'session_0' started (pid: 3204053)
2026-02-25 14:09:45.434753 (3204041) session_ INFO    Analysis session 'session_0' connected to the console (host: 127.0.0.1:38918)
2026-02-25 14:09:48.676210 (3204041) lic__man INFO    Unclaim everything for 'session_0'.
2026-02-25 14:09:48.872550 (3204041) lic__man INFO    Claim 'fpv' for 'session_0'.
2026-02-25 14:09:48.872592 (3204041) lic__man INFO    Claim 'fpv' for 'session_0/prove-0'.
2026-02-25 14:09:51.285589 (3204041) lic__man INFO    Unclaim everything for 'session_0/prove-0'.
2026-02-25 14:09:51.328432 (3204041) main____ INFO    About to exit: request to exit with status 0 received from analysis session 'session_0'
2026-02-25 14:09:51.470269 (3204041) session_ INFO    Analysis session 'session_0' disconnected.
2026-02-25 14:09:51.470409 (3204041) lic__man INFO    Unclaim everything for 'session_0'.
2026-02-25 14:09:51.470653 (3204041) session_ INFO    Process for analysis session 'session_0' has exited with exit status '0'.
2026-02-25 14:09:53.404678 (3204052) stdio___ INFO    STDIN reader requested to stop.
2026-02-25 14:09:53.404718 (3204052) stdio___ INFO    STDIN reader stopped.
2026-02-25 14:09:53.404951 (3204041) lic_core INFO    (1) checkin jasper_interactive
2026-02-25 14:09:53.406050 (3204041) lic_core INFO    (3) checkin jasper_fao
2026-02-25 14:09:53.407127 (3204041) main____ INFO    Exiting with status 0.
