2026-02-27 15:45:34.469982 (3133870) main____ INFO    ----------------------------------------
2026-02-27 15:45:34.470077 (3133870) main____ INFO    Jasper version info
2026-02-27 15:45:34.470094 (3133870) main____ INFO      tool      : Jasper 2023.12
2026-02-27 15:45:34.470111 (3133870) main____ INFO      version   : 2023.12p001 64 bits
2026-02-27 15:45:34.470125 (3133870) main____ INFO      build date: 2024.01.23 16:09:24 UTC
2026-02-27 15:45:34.470135 (3133870) main____ INFO    ----------------------------------------
2026-02-27 15:45:34.470145 (3133870) main____ INFO    Runtime info:
2026-02-27 15:45:34.470157 (3133870) main____ INFO      platform  : Linux 4.18.0-553.89.1.el8_10.x86_64 x86_64
2026-02-27 15:45:34.470176 (3133870) main____ INFO      hostname  : caddy12.stanford.edu
2026-02-27 15:45:34.470193 (3133870) main____ INFO      pid       : 3133870
2026-02-27 15:45:34.470204 (3133870) main____ INFO      arguments : '-style' 'windows' '-allow_unsupported_OS' '-no_gui' '-fpv' './synthlc/i_DIV_out/xPairwiseDepDiv/exclusive_24_.tcl' '-proj' './synthlc/i_DIV_out/xPairwiseDepDiv/exclusive_24_jgsession_26-02-27-15_45_33'
2026-02-27 15:45:34.470222 (3133870) main____ INFO      locale    : UTF-8
2026-02-27 15:45:34.470233 (3133870) main____ INFO    ----------------------------------------
2026-02-27 15:45:34.470243 (3133870) main____ INFO    System resource limits info:
2026-02-27 15:45:34.470256 (3133870) main____ INFO      virtual memory: unlimited
2026-02-27 15:45:34.470269 (3133870) main____ INFO      cpu time      : unlimited
2026-02-27 15:45:34.470288 (3133870) main____ INFO      processes     : 4096
2026-02-27 15:45:34.470308 (3133870) main____ INFO      stack size    : 8388608 B
2026-02-27 15:45:34.470323 (3133870) main____ INFO      core file size: 0 B
2026-02-27 15:45:34.470337 (3133870) main____ INFO      open files    : 4096
2026-02-27 15:45:34.470349 (3133870) main____ INFO      file size     : unlimited
2026-02-27 15:45:34.470360 (3133870) main____ INFO    ----------------------------------------
2026-02-27 15:45:34.470370 (3133870) main____ INFO    Memory statistics:
2026-02-27 15:45:34.470383 (3133870) main____ INFO      total physical memory  : 98449088 kB
2026-02-27 15:45:34.470395 (3133870) main____ INFO      free physical memory   : 76916060 kB
2026-02-27 15:45:34.470407 (3133870) main____ INFO      committed address space: 5199808 kB
2026-02-27 15:45:34.470418 (3133870) main____ INFO    ----------------------------------------
2026-02-27 15:45:34.471630 (3133870) main____ INFO    Important environment variables:
2026-02-27 15:45:34.471660 (3133870) main____ INFO      CDS_LIC_FILE       : '5280@cadlic0'
2026-02-27 15:45:34.471684 (3133870) main____ INFO      DISPLAY            : 'localhost:12.0'
2026-02-27 15:45:34.471697 (3133870) main____ INFO      JASPER_INSTALL_DIR : '/cad/cadence/jasper_2023.12p001'
2026-02-27 15:45:34.471710 (3133870) main____ INFO      JASPER_KERNEL_CHECK: '1'
2026-02-27 15:45:34.471722 (3133870) main____ INFO      JASPER_OS_CHECK    : '0'
2026-02-27 15:45:34.471735 (3133870) main____ INFO      LANG               : 'zh_TW.UTF-8'
2026-02-27 15:45:34.471745 (3133870) main____ INFO    ----------------------------------------
2026-02-27 15:45:34.474830 (3133870) lic_core INFO    Initializing license system ...
2026-02-27 15:45:34.487200 (3133870) lic_core INFO    ... license system initialized.
2026-02-27 15:45:34.498737 (3133870) lic__man INFO    Claim 'main' for <ui>.
2026-02-27 15:45:34.498821 (3133870) lic_core INFO    (1) checking out 'jasper_interactive' ...
2026-02-27 15:45:34.511151 (3133870) lic_core INFO    ... (1) checkout succeeded
2026-02-27 15:45:34.511263 (3133870) lic__man INFO    Claim 'fpv' for <ui>.
2026-02-27 15:45:34.511293 (3133870) lic_core INFO    (2) checking out 'jasper_fpv' ...
2026-02-27 15:45:34.515459 (3133870) lic_core INFO    ... (2) checkout failed (error: -5) ("FLEXnet ERROR(-5, 0, 0): No such feature exists.")
2026-02-27 15:45:34.515537 (3133870) lic_core INFO    (3) checking out 'jasper_fao' ...
2026-02-27 15:45:34.526328 (3133870) lic_core INFO    ... (3) checkout succeeded
2026-02-27 15:45:34.528031 (3133870) main____ INFO    Tool inactivity delay is 480000 ms.
2026-02-27 15:45:34.547917 (3133882) stdio___ INFO    Starting STDIN reader (tty: yes, tty name: '/dev/pts/0')
2026-02-27 15:45:34.595995 (3133870) session_ INFO    Starting analysis session with session id 'session_0' (launcher: <local>) ...
2026-02-27 15:45:34.598041 (3133870) session_ INFO    Analysis session with session id 'session_0' started (pid: 3133886)
2026-02-27 15:45:35.966280 (3133870) session_ INFO    Analysis session 'session_0' connected to the console (host: 127.0.0.1:44020)
2026-02-27 15:45:39.584167 (3133870) lic__man INFO    Unclaim everything for 'session_0'.
2026-02-27 15:45:39.904978 (3133870) lic__man INFO    Claim 'fpv' for 'session_0'.
2026-02-27 15:45:39.905032 (3133870) lic__man INFO    Claim 'fpv' for 'session_0/prove-0'.
2026-02-27 15:45:42.530544 (3133870) lic__man INFO    Unclaim everything for 'session_0/prove-0'.
2026-02-27 15:45:42.561022 (3133870) main____ INFO    About to exit: request to exit with status 0 received from analysis session 'session_0'
2026-02-27 15:45:42.888363 (3133870) session_ INFO    Analysis session 'session_0' disconnected.
2026-02-27 15:45:42.888531 (3133870) lic__man INFO    Unclaim everything for 'session_0'.
2026-02-27 15:45:42.888923 (3133870) session_ INFO    Process for analysis session 'session_0' has exited with exit status '0'.
2026-02-27 15:45:44.481315 (3133882) stdio___ INFO    STDIN reader requested to stop.
2026-02-27 15:45:44.481375 (3133882) stdio___ INFO    STDIN reader stopped.
2026-02-27 15:45:44.491977 (3133870) lic_core INFO    (1) checkin jasper_interactive
2026-02-27 15:45:44.508878 (3133870) lic_core INFO    (3) checkin jasper_fao
2026-02-27 15:45:44.526021 (3133870) main____ INFO    Exiting with status 0.
