2026-03-01 08:14:33.730282 (4147282) main____ INFO    ----------------------------------------
2026-03-01 08:14:33.730377 (4147282) main____ INFO    Jasper version info
2026-03-01 08:14:33.730394 (4147282) main____ INFO      tool      : Jasper 2023.12
2026-03-01 08:14:33.730410 (4147282) main____ INFO      version   : 2023.12p001 64 bits
2026-03-01 08:14:33.730424 (4147282) main____ INFO      build date: 2024.01.23 16:09:24 UTC
2026-03-01 08:14:33.730434 (4147282) main____ INFO    ----------------------------------------
2026-03-01 08:14:33.730444 (4147282) main____ INFO    Runtime info:
2026-03-01 08:14:33.730456 (4147282) main____ INFO      platform  : Linux 4.18.0-553.89.1.el8_10.x86_64 x86_64
2026-03-01 08:14:33.730475 (4147282) main____ INFO      hostname  : caddy12.stanford.edu
2026-03-01 08:14:33.730491 (4147282) main____ INFO      pid       : 4147282
2026-03-01 08:14:33.730502 (4147282) main____ INFO      arguments : '-style' 'windows' '-allow_unsupported_OS' '-no_gui' '-fpv' './synthlc/i_LW_out/xPerfLocSubsetDiv/coverset_283_.tcl' '-proj' './synthlc/i_LW_out/xPerfLocSubsetDiv/coverset_283_jgsession_26-03-01-08_14_33'
2026-03-01 08:14:33.730520 (4147282) main____ INFO      locale    : UTF-8
2026-03-01 08:14:33.730530 (4147282) main____ INFO    ----------------------------------------
2026-03-01 08:14:33.730540 (4147282) main____ INFO    System resource limits info:
2026-03-01 08:14:33.730553 (4147282) main____ INFO      virtual memory: unlimited
2026-03-01 08:14:33.730566 (4147282) main____ INFO      cpu time      : unlimited
2026-03-01 08:14:33.730584 (4147282) main____ INFO      processes     : 4096
2026-03-01 08:14:33.730605 (4147282) main____ INFO      stack size    : 8388608 B
2026-03-01 08:14:33.730619 (4147282) main____ INFO      core file size: 0 B
2026-03-01 08:14:33.730633 (4147282) main____ INFO      open files    : 4096
2026-03-01 08:14:33.730645 (4147282) main____ INFO      file size     : unlimited
2026-03-01 08:14:33.730656 (4147282) main____ INFO    ----------------------------------------
2026-03-01 08:14:33.730682 (4147282) main____ INFO    Memory statistics:
2026-03-01 08:14:33.730694 (4147282) main____ INFO      total physical memory  : 98449088 kB
2026-03-01 08:14:33.730706 (4147282) main____ INFO      free physical memory   : 85239688 kB
2026-03-01 08:14:33.730718 (4147282) main____ INFO      committed address space: 9221304 kB
2026-03-01 08:14:33.730728 (4147282) main____ INFO    ----------------------------------------
2026-03-01 08:14:33.731925 (4147282) main____ INFO    Important environment variables:
2026-03-01 08:14:33.731950 (4147282) main____ INFO      CDS_LIC_FILE       : '5280@cadlic0'
2026-03-01 08:14:33.731963 (4147282) main____ INFO      DISPLAY            : 'localhost:12.0'
2026-03-01 08:14:33.731975 (4147282) main____ INFO      JASPER_INSTALL_DIR : '/cad/cadence/jasper_2023.12p001'
2026-03-01 08:14:33.731988 (4147282) main____ INFO      JASPER_KERNEL_CHECK: '1'
2026-03-01 08:14:33.732000 (4147282) main____ INFO      JASPER_OS_CHECK    : '0'
2026-03-01 08:14:33.732012 (4147282) main____ INFO      LANG               : 'zh_TW.UTF-8'
2026-03-01 08:14:33.732022 (4147282) main____ INFO    ----------------------------------------
2026-03-01 08:14:33.733145 (4147282) lic_core INFO    Initializing license system ...
2026-03-01 08:14:33.748033 (4147282) lic_core INFO    ... license system initialized.
2026-03-01 08:14:33.799678 (4147282) lic__man INFO    Claim 'main' for <ui>.
2026-03-01 08:14:33.799748 (4147282) lic_core INFO    (1) checking out 'jasper_interactive' ...
2026-03-01 08:14:33.813137 (4147282) lic_core INFO    ... (1) checkout succeeded
2026-03-01 08:14:33.813241 (4147282) lic__man INFO    Claim 'fpv' for <ui>.
2026-03-01 08:14:33.813272 (4147282) lic_core INFO    (2) checking out 'jasper_fpv' ...
2026-03-01 08:14:33.821133 (4147282) lic_core INFO    ... (2) checkout failed (error: -5) ("FLEXnet ERROR(-5, 0, 0): No such feature exists.")
2026-03-01 08:14:33.821199 (4147282) lic_core INFO    (3) checking out 'jasper_fao' ...
2026-03-01 08:14:33.880043 (4147282) lic_core INFO    ... (3) checkout succeeded
2026-03-01 08:14:33.883412 (4147282) main____ INFO    Tool inactivity delay is 480000 ms.
2026-03-01 08:14:33.895846 (4147321) stdio___ INFO    Starting STDIN reader (tty: yes, tty name: '/dev/pts/0')
2026-03-01 08:14:34.019304 (4147282) session_ INFO    Starting analysis session with session id 'session_0' (launcher: <local>) ...
2026-03-01 08:14:34.021313 (4147282) session_ INFO    Analysis session with session id 'session_0' started (pid: 4147326)
2026-03-01 08:14:35.550584 (4147282) session_ INFO    Analysis session 'session_0' connected to the console (host: 127.0.0.1:54386)
2026-03-01 08:14:38.985365 (4147282) lic__man INFO    Unclaim everything for 'session_0'.
2026-03-01 08:14:39.322052 (4147282) lic__man INFO    Claim 'fpv' for 'session_0'.
2026-03-01 08:14:39.322112 (4147282) lic__man INFO    Claim 'fpv' for 'session_0/prove-0'.
2026-03-01 08:14:41.174433 (4147282) lic__man INFO    Unclaim everything for 'session_0/prove-0'.
2026-03-01 08:14:41.217785 (4147282) main____ INFO    About to exit: request to exit with status 0 received from analysis session 'session_0'
2026-03-01 08:14:41.366828 (4147282) session_ INFO    Analysis session 'session_0' disconnected.
2026-03-01 08:14:41.367039 (4147282) lic__man INFO    Unclaim everything for 'session_0'.
2026-03-01 08:14:41.367248 (4147282) session_ INFO    Process for analysis session 'session_0' has exited with exit status '0'.
2026-03-01 08:14:43.324891 (4147321) stdio___ INFO    STDIN reader requested to stop.
2026-03-01 08:14:43.324926 (4147321) stdio___ INFO    STDIN reader stopped.
2026-03-01 08:14:43.325152 (4147282) lic_core INFO    (1) checkin jasper_interactive
2026-03-01 08:14:43.326038 (4147282) lic_core INFO    (3) checkin jasper_fao
2026-03-01 08:14:43.327033 (4147282) main____ INFO    Exiting with status 0.
