2026-02-28 20:25:53.512143 (3663865) main____ INFO    ----------------------------------------
2026-02-28 20:25:53.512211 (3663865) main____ INFO    Jasper version info
2026-02-28 20:25:53.512227 (3663865) main____ INFO      tool      : Jasper 2023.12
2026-02-28 20:25:53.512243 (3663865) main____ INFO      version   : 2023.12p001 64 bits
2026-02-28 20:25:53.512256 (3663865) main____ INFO      build date: 2024.01.23 16:09:24 UTC
2026-02-28 20:25:53.512266 (3663865) main____ INFO    ----------------------------------------
2026-02-28 20:25:53.512276 (3663865) main____ INFO    Runtime info:
2026-02-28 20:25:53.512288 (3663865) main____ INFO      platform  : Linux 4.18.0-553.89.1.el8_10.x86_64 x86_64
2026-02-28 20:25:53.512304 (3663865) main____ INFO      hostname  : caddy12.stanford.edu
2026-02-28 20:25:53.512319 (3663865) main____ INFO      pid       : 3663865
2026-02-28 20:25:53.512331 (3663865) main____ INFO      arguments : '-style' 'windows' '-allow_unsupported_OS' '-no_gui' '-fpv' './synthlc/i_ADDI_out/xCoverAPerflocDiv/11_.tcl' '-proj' './synthlc/i_ADDI_out/xCoverAPerflocDiv/11_jgsession_26-02-28-20_25_53'
2026-02-28 20:25:53.512346 (3663865) main____ INFO      locale    : UTF-8
2026-02-28 20:25:53.512357 (3663865) main____ INFO    ----------------------------------------
2026-02-28 20:25:53.512367 (3663865) main____ INFO    System resource limits info:
2026-02-28 20:25:53.512379 (3663865) main____ INFO      virtual memory: unlimited
2026-02-28 20:25:53.512392 (3663865) main____ INFO      cpu time      : unlimited
2026-02-28 20:25:53.512408 (3663865) main____ INFO      processes     : 4096
2026-02-28 20:25:53.512429 (3663865) main____ INFO      stack size    : 8388608 B
2026-02-28 20:25:53.513377 (3663865) main____ INFO      core file size: 0 B
2026-02-28 20:25:53.513391 (3663865) main____ INFO      open files    : 4096
2026-02-28 20:25:53.513404 (3663865) main____ INFO      file size     : unlimited
2026-02-28 20:25:53.513414 (3663865) main____ INFO    ----------------------------------------
2026-02-28 20:25:53.513424 (3663865) main____ INFO    Memory statistics:
2026-02-28 20:25:53.513436 (3663865) main____ INFO      total physical memory  : 98449088 kB
2026-02-28 20:25:53.513448 (3663865) main____ INFO      free physical memory   : 90092860 kB
2026-02-28 20:25:53.513459 (3663865) main____ INFO      committed address space: 3216388 kB
2026-02-28 20:25:53.513469 (3663865) main____ INFO    ----------------------------------------
2026-02-28 20:25:53.514620 (3663865) main____ INFO    Important environment variables:
2026-02-28 20:25:53.515085 (3663865) main____ INFO      CDS_LIC_FILE       : '5280@cadlic0'
2026-02-28 20:25:53.515099 (3663865) main____ INFO      DISPLAY            : 'localhost:12.0'
2026-02-28 20:25:53.515112 (3663865) main____ INFO      JASPER_INSTALL_DIR : '/cad/cadence/jasper_2023.12p001'
2026-02-28 20:25:53.515124 (3663865) main____ INFO      JASPER_KERNEL_CHECK: '1'
2026-02-28 20:25:53.515136 (3663865) main____ INFO      JASPER_OS_CHECK    : '0'
2026-02-28 20:25:53.515148 (3663865) main____ INFO      LANG               : 'zh_TW.UTF-8'
2026-02-28 20:25:53.515159 (3663865) main____ INFO    ----------------------------------------
2026-02-28 20:25:53.516281 (3663865) lic_core INFO    Initializing license system ...
2026-02-28 20:25:53.520329 (3663865) lic_core INFO    ... license system initialized.
2026-02-28 20:25:53.532363 (3663865) lic__man INFO    Claim 'main' for <ui>.
2026-02-28 20:25:53.532436 (3663865) lic_core INFO    (1) checking out 'jasper_interactive' ...
2026-02-28 20:25:53.544854 (3663865) lic_core INFO    ... (1) checkout succeeded
2026-02-28 20:25:53.544941 (3663865) lic__man INFO    Claim 'fpv' for <ui>.
2026-02-28 20:25:53.544968 (3663865) lic_core INFO    (2) checking out 'jasper_fpv' ...
2026-02-28 20:25:53.548647 (3663865) lic_core INFO    ... (2) checkout failed (error: -5) ("FLEXnet ERROR(-5, 0, 0): No such feature exists.")
2026-02-28 20:25:53.548703 (3663865) lic_core INFO    (3) checking out 'jasper_fao' ...
2026-02-28 20:25:53.559705 (3663865) lic_core INFO    ... (3) checkout succeeded
2026-02-28 20:25:53.562879 (3663950) stdio___ INFO    Starting STDIN reader (tty: yes, tty name: '/dev/pts/0')
2026-02-28 20:25:53.563060 (3663865) main____ INFO    Tool inactivity delay is 480000 ms.
2026-02-28 20:25:53.606812 (3663865) session_ INFO    Starting analysis session with session id 'session_0' (launcher: <local>) ...
2026-02-28 20:25:53.609363 (3663865) session_ INFO    Analysis session with session id 'session_0' started (pid: 3663951)
2026-02-28 20:25:54.788186 (3663865) session_ INFO    Analysis session 'session_0' connected to the console (host: 127.0.0.1:53044)
2026-02-28 20:25:57.982657 (3663865) lic__man INFO    Unclaim everything for 'session_0'.
2026-02-28 20:41:01.977000 (3663865) lic__man INFO    Unclaim everything for 'session_0/prove-0'.
2026-02-28 20:41:02.023890 (3663865) main____ INFO    About to exit: request to exit with status 0 received from analysis session 'session_0'
2026-02-28 20:41:02.139048 (3663865) session_ INFO    Analysis session 'session_0' disconnected.
2026-02-28 20:41:02.139350 (3663865) lic__man INFO    Unclaim everything for 'session_0'.
2026-02-28 20:41:02.140590 (3663865) session_ INFO    Process for analysis session 'session_0' has exited with exit status '0'.
2026-02-28 20:41:03.931527 (3663950) stdio___ INFO    STDIN reader requested to stop.
2026-02-28 20:41:03.931570 (3663950) stdio___ INFO    STDIN reader stopped.
2026-02-28 20:41:03.931902 (3663865) lic_core INFO    (1) checkin jasper_interactive
2026-02-28 20:41:03.934448 (3663865) lic_core INFO    (3) checkin jasper_fao
2026-02-28 20:41:03.937881 (3663865) main____ INFO    Exiting with status 0.
