2026-02-26 01:11:51.301853 (1814870) main____ INFO    ----------------------------------------
2026-02-26 01:11:51.301960 (1814870) main____ INFO    Jasper version info
2026-02-26 01:11:51.301975 (1814870) main____ INFO      tool      : Jasper 2023.12
2026-02-26 01:11:51.301990 (1814870) main____ INFO      version   : 2023.12p001 64 bits
2026-02-26 01:11:51.302003 (1814870) main____ INFO      build date: 2024.01.23 16:09:24 UTC
2026-02-26 01:11:51.302012 (1814870) main____ INFO    ----------------------------------------
2026-02-26 01:11:51.302021 (1814870) main____ INFO    Runtime info:
2026-02-26 01:11:51.302031 (1814870) main____ INFO      platform  : Linux 4.18.0-553.89.1.el8_10.x86_64 x86_64
2026-02-26 01:11:51.302050 (1814870) main____ INFO      hostname  : caddy12.stanford.edu
2026-02-26 01:11:51.302065 (1814870) main____ INFO      pid       : 1814870
2026-02-26 01:11:51.302076 (1814870) main____ INFO      arguments : '-style' 'windows' '-allow_unsupported_OS' '-no_gui' '-fpv' './synthlc/i_MUL_out/xPairwiseDepDiv/nunv_anytwo_98_.tcl' '-proj' './synthlc/i_MUL_out/xPairwiseDepDiv/nunv_anytwo_98_jgsession_26-02-26-01_11_51'
2026-02-26 01:11:51.302093 (1814870) main____ INFO      locale    : UTF-8
2026-02-26 01:11:51.302102 (1814870) main____ INFO    ----------------------------------------
2026-02-26 01:11:51.302111 (1814870) main____ INFO    System resource limits info:
2026-02-26 01:11:51.302123 (1814870) main____ INFO      virtual memory: unlimited
2026-02-26 01:11:51.302135 (1814870) main____ INFO      cpu time      : unlimited
2026-02-26 01:11:51.302153 (1814870) main____ INFO      processes     : 4096
2026-02-26 01:11:51.302172 (1814870) main____ INFO      stack size    : 8388608 B
2026-02-26 01:11:51.302186 (1814870) main____ INFO      core file size: 0 B
2026-02-26 01:11:51.302198 (1814870) main____ INFO      open files    : 4096
2026-02-26 01:11:51.302209 (1814870) main____ INFO      file size     : unlimited
2026-02-26 01:11:51.302219 (1814870) main____ INFO    ----------------------------------------
2026-02-26 01:11:51.302227 (1814870) main____ INFO    Memory statistics:
2026-02-26 01:11:51.302239 (1814870) main____ INFO      total physical memory  : 98449088 kB
2026-02-26 01:11:51.302249 (1814870) main____ INFO      free physical memory   : 78153120 kB
2026-02-26 01:11:51.302260 (1814870) main____ INFO      committed address space: 7195344 kB
2026-02-26 01:11:51.302269 (1814870) main____ INFO    ----------------------------------------
2026-02-26 01:11:51.303462 (1814870) main____ INFO    Important environment variables:
2026-02-26 01:11:51.303489 (1814870) main____ INFO      CDS_LIC_FILE       : '5280@cadlic0'
2026-02-26 01:11:51.303502 (1814870) main____ INFO      DISPLAY            : 'localhost:12.0'
2026-02-26 01:11:51.303514 (1814870) main____ INFO      JASPER_INSTALL_DIR : '/cad/cadence/jasper_2023.12p001'
2026-02-26 01:11:51.303525 (1814870) main____ INFO      JASPER_KERNEL_CHECK: '1'
2026-02-26 01:11:51.303536 (1814870) main____ INFO      JASPER_OS_CHECK    : '0'
2026-02-26 01:11:51.303547 (1814870) main____ INFO      LANG               : 'zh_TW.UTF-8'
2026-02-26 01:11:51.303557 (1814870) main____ INFO    ----------------------------------------
2026-02-26 01:11:51.304843 (1814870) lic_core INFO    Initializing license system ...
2026-02-26 01:11:51.346064 (1814870) lic_core INFO    ... license system initialized.
2026-02-26 01:11:51.432079 (1814870) lic__man INFO    Claim 'main' for <ui>.
2026-02-26 01:11:51.432144 (1814870) lic_core INFO    (1) checking out 'jasper_interactive' ...
2026-02-26 01:11:51.444610 (1814870) lic_core INFO    ... (1) checkout succeeded
2026-02-26 01:11:51.444719 (1814870) lic__man INFO    Claim 'fpv' for <ui>.
2026-02-26 01:11:51.444747 (1814870) lic_core INFO    (2) checking out 'jasper_fpv' ...
2026-02-26 01:11:51.449157 (1814870) lic_core INFO    ... (2) checkout failed (error: -5) ("FLEXnet ERROR(-5, 0, 0): No such feature exists.")
2026-02-26 01:11:51.449203 (1814870) lic_core INFO    (3) checking out 'jasper_fao' ...
2026-02-26 01:11:51.460880 (1814870) lic_core INFO    ... (3) checkout succeeded
2026-02-26 01:11:51.462051 (1814881) stdio___ INFO    Starting STDIN reader (tty: yes, tty name: '/dev/pts/0')
2026-02-26 01:11:51.462158 (1814870) main____ INFO    Tool inactivity delay is 480000 ms.
2026-02-26 01:11:51.511800 (1814870) session_ INFO    Starting analysis session with session id 'session_0' (launcher: <local>) ...
2026-02-26 01:11:51.513760 (1814870) session_ INFO    Analysis session with session id 'session_0' started (pid: 1814882)
2026-02-26 01:11:52.941161 (1814870) session_ INFO    Analysis session 'session_0' connected to the console (host: 127.0.0.1:36190)
2026-02-26 01:11:57.056232 (1814870) lic__man INFO    Unclaim everything for 'session_0'.
2026-02-26 01:11:57.330449 (1814870) lic__man INFO    Claim 'fpv' for 'session_0'.
2026-02-26 01:11:57.330487 (1814870) lic__man INFO    Claim 'fpv' for 'session_0/prove-0'.
2026-02-26 01:12:07.324195 (1814870) lic__man INFO    Unclaim everything for 'session_0/prove-0'.
2026-02-26 01:12:07.342898 (1814870) main____ INFO    About to exit: request to exit with status 0 received from analysis session 'session_0'
2026-02-26 01:12:07.502534 (1814870) session_ INFO    Analysis session 'session_0' disconnected.
2026-02-26 01:12:07.502684 (1814870) lic__man INFO    Unclaim everything for 'session_0'.
2026-02-26 01:12:07.502858 (1814870) session_ INFO    Process for analysis session 'session_0' has exited with exit status '0'.
2026-02-26 01:12:09.392757 (1814881) stdio___ INFO    STDIN reader requested to stop.
2026-02-26 01:12:09.392815 (1814881) stdio___ INFO    STDIN reader stopped.
2026-02-26 01:12:09.393110 (1814870) lic_core INFO    (1) checkin jasper_interactive
2026-02-26 01:12:09.394432 (1814870) lic_core INFO    (3) checkin jasper_fao
2026-02-26 01:12:09.409848 (1814870) main____ INFO    Exiting with status 0.
