2026-02-26 08:57:55.854074 (2048360) main____ INFO    ----------------------------------------
2026-02-26 08:57:55.854147 (2048360) main____ INFO    Jasper version info
2026-02-26 08:57:55.854171 (2048360) main____ INFO      tool      : Jasper 2023.12
2026-02-26 08:57:55.854185 (2048360) main____ INFO      version   : 2023.12p001 64 bits
2026-02-26 08:57:55.854197 (2048360) main____ INFO      build date: 2024.01.23 16:09:24 UTC
2026-02-26 08:57:55.854206 (2048360) main____ INFO    ----------------------------------------
2026-02-26 08:57:55.854215 (2048360) main____ INFO    Runtime info:
2026-02-26 08:57:55.854225 (2048360) main____ INFO      platform  : Linux 4.18.0-553.89.1.el8_10.x86_64 x86_64
2026-02-26 08:57:55.854241 (2048360) main____ INFO      hostname  : caddy12.stanford.edu
2026-02-26 08:57:55.854255 (2048360) main____ INFO      pid       : 2048360
2026-02-26 08:57:55.854265 (2048360) main____ INFO      arguments : '-style' 'windows' '-allow_unsupported_OS' '-no_gui' '-fpv' './synthlc/i_DIV_out/xCoverAPerflocDiv/cover_individual_.tcl' '-proj' './synthlc/i_DIV_out/xCoverAPerflocDiv/cover_individual_jgsession_26-02-26-08_57_55'
2026-02-26 08:57:55.854279 (2048360) main____ INFO      locale    : UTF-8
2026-02-26 08:57:55.854289 (2048360) main____ INFO    ----------------------------------------
2026-02-26 08:57:55.854297 (2048360) main____ INFO    System resource limits info:
2026-02-26 08:57:55.854309 (2048360) main____ INFO      virtual memory: unlimited
2026-02-26 08:57:55.854320 (2048360) main____ INFO      cpu time      : unlimited
2026-02-26 08:57:55.854339 (2048360) main____ INFO      processes     : 4096
2026-02-26 08:57:55.854360 (2048360) main____ INFO      stack size    : 8388608 B
2026-02-26 08:57:55.854375 (2048360) main____ INFO      core file size: 0 B
2026-02-26 08:57:55.854388 (2048360) main____ INFO      open files    : 4096
2026-02-26 08:57:55.854401 (2048360) main____ INFO      file size     : unlimited
2026-02-26 08:57:55.854411 (2048360) main____ INFO    ----------------------------------------
2026-02-26 08:57:55.854420 (2048360) main____ INFO    Memory statistics:
2026-02-26 08:57:55.854431 (2048360) main____ INFO      total physical memory  : 98449088 kB
2026-02-26 08:57:55.854441 (2048360) main____ INFO      free physical memory   : 82221244 kB
2026-02-26 08:57:55.854452 (2048360) main____ INFO      committed address space: 1642244 kB
2026-02-26 08:57:55.854461 (2048360) main____ INFO    ----------------------------------------
2026-02-26 08:57:55.855642 (2048360) main____ INFO    Important environment variables:
2026-02-26 08:57:55.855683 (2048360) main____ INFO      CDS_LIC_FILE       : '5280@cadlic0'
2026-02-26 08:57:55.855696 (2048360) main____ INFO      DISPLAY            : 'localhost:12.0'
2026-02-26 08:57:55.855708 (2048360) main____ INFO      JASPER_INSTALL_DIR : '/cad/cadence/jasper_2023.12p001'
2026-02-26 08:57:55.855719 (2048360) main____ INFO      JASPER_KERNEL_CHECK: '1'
2026-02-26 08:57:55.855730 (2048360) main____ INFO      JASPER_OS_CHECK    : '0'
2026-02-26 08:57:55.855742 (2048360) main____ INFO      LANG               : 'zh_TW.UTF-8'
2026-02-26 08:57:55.855751 (2048360) main____ INFO    ----------------------------------------
2026-02-26 08:57:55.857203 (2048360) lic_core INFO    Initializing license system ...
2026-02-26 08:57:55.862728 (2048360) lic_core INFO    ... license system initialized.
2026-02-26 08:57:55.875985 (2048360) lic__man INFO    Claim 'main' for <ui>.
2026-02-26 08:57:55.876055 (2048360) lic_core INFO    (1) checking out 'jasper_interactive' ...
2026-02-26 08:57:55.891777 (2048360) lic_core INFO    ... (1) checkout succeeded
2026-02-26 08:57:55.891848 (2048360) lic__man INFO    Claim 'fpv' for <ui>.
2026-02-26 08:57:55.891870 (2048360) lic_core INFO    (2) checking out 'jasper_fpv' ...
2026-02-26 08:57:55.897259 (2048360) lic_core INFO    ... (2) checkout failed (error: -5) ("FLEXnet ERROR(-5, 0, 0): No such feature exists.")
2026-02-26 08:57:55.897302 (2048360) lic_core INFO    (3) checking out 'jasper_fao' ...
2026-02-26 08:57:55.908838 (2048360) lic_core INFO    ... (3) checkout succeeded
2026-02-26 08:57:55.912744 (2048371) stdio___ INFO    Starting STDIN reader (tty: yes, tty name: '/dev/pts/0')
2026-02-26 08:57:55.912879 (2048360) main____ INFO    Tool inactivity delay is 480000 ms.
2026-02-26 08:57:55.962218 (2048360) session_ INFO    Starting analysis session with session id 'session_0' (launcher: <local>) ...
2026-02-26 08:57:55.964003 (2048360) session_ INFO    Analysis session with session id 'session_0' started (pid: 2048372)
2026-02-26 08:57:57.195116 (2048360) session_ INFO    Analysis session 'session_0' connected to the console (host: 127.0.0.1:44340)
2026-02-26 08:58:00.441844 (2048360) lic__man INFO    Unclaim everything for 'session_0'.
2026-02-26 08:58:00.653958 (2048360) lic__man INFO    Claim 'fpv' for 'session_0'.
2026-02-26 08:58:00.653994 (2048360) lic__man INFO    Claim 'fpv' for 'session_0/prove-0'.
2026-02-26 08:59:31.215773 (2048360) lic__man INFO    Unclaim everything for 'session_0/prove-0'.
2026-02-26 08:59:31.258923 (2048360) main____ INFO    About to exit: request to exit with status 0 received from analysis session 'session_0'
2026-02-26 08:59:31.421446 (2048360) session_ INFO    Analysis session 'session_0' disconnected.
2026-02-26 08:59:31.421604 (2048360) lic__man INFO    Unclaim everything for 'session_0'.
2026-02-26 08:59:31.474849 (2048360) session_ INFO    Process for analysis session 'session_0' has exited with exit status '0'.
2026-02-26 08:59:33.368354 (2048371) stdio___ INFO    STDIN reader requested to stop.
2026-02-26 08:59:33.368417 (2048371) stdio___ INFO    STDIN reader stopped.
2026-02-26 08:59:33.369271 (2048360) lic_core INFO    (1) checkin jasper_interactive
2026-02-26 08:59:33.370252 (2048360) lic_core INFO    (3) checkin jasper_fao
2026-02-26 08:59:33.371436 (2048360) main____ INFO    Exiting with status 0.
