2026-03-01 08:14:52.630418 (4148809) main____ INFO    ----------------------------------------
2026-03-01 08:14:52.630492 (4148809) main____ INFO    Jasper version info
2026-03-01 08:14:52.630508 (4148809) main____ INFO      tool      : Jasper 2023.12
2026-03-01 08:14:52.630523 (4148809) main____ INFO      version   : 2023.12p001 64 bits
2026-03-01 08:14:52.630536 (4148809) main____ INFO      build date: 2024.01.23 16:09:24 UTC
2026-03-01 08:14:52.630547 (4148809) main____ INFO    ----------------------------------------
2026-03-01 08:14:52.630557 (4148809) main____ INFO    Runtime info:
2026-03-01 08:14:52.630569 (4148809) main____ INFO      platform  : Linux 4.18.0-553.89.1.el8_10.x86_64 x86_64
2026-03-01 08:14:52.630586 (4148809) main____ INFO      hostname  : caddy12.stanford.edu
2026-03-01 08:14:52.630602 (4148809) main____ INFO      pid       : 4148809
2026-03-01 08:14:52.630613 (4148809) main____ INFO      arguments : '-style' 'windows' '-allow_unsupported_OS' '-no_gui' '-fpv' './synthlc/i_LW_out/xPerfLocSubsetDiv/coverset_137_.tcl' '-proj' './synthlc/i_LW_out/xPerfLocSubsetDiv/coverset_137_jgsession_26-03-01-08_14_52'
2026-03-01 08:14:52.630630 (4148809) main____ INFO      locale    : UTF-8
2026-03-01 08:14:52.630640 (4148809) main____ INFO    ----------------------------------------
2026-03-01 08:14:52.630651 (4148809) main____ INFO    System resource limits info:
2026-03-01 08:14:52.630682 (4148809) main____ INFO      virtual memory: unlimited
2026-03-01 08:14:52.630696 (4148809) main____ INFO      cpu time      : unlimited
2026-03-01 08:14:52.630713 (4148809) main____ INFO      processes     : 4096
2026-03-01 08:14:52.631608 (4148809) main____ INFO      stack size    : 8388608 B
2026-03-01 08:14:52.631623 (4148809) main____ INFO      core file size: 0 B
2026-03-01 08:14:52.631637 (4148809) main____ INFO      open files    : 4096
2026-03-01 08:14:52.631650 (4148809) main____ INFO      file size     : unlimited
2026-03-01 08:14:52.631660 (4148809) main____ INFO    ----------------------------------------
2026-03-01 08:14:52.631684 (4148809) main____ INFO    Memory statistics:
2026-03-01 08:14:52.631697 (4148809) main____ INFO      total physical memory  : 98449088 kB
2026-03-01 08:14:52.631709 (4148809) main____ INFO      free physical memory   : 86566756 kB
2026-03-01 08:14:52.631722 (4148809) main____ INFO      committed address space: 7520096 kB
2026-03-01 08:14:52.631732 (4148809) main____ INFO    ----------------------------------------
2026-03-01 08:14:52.632876 (4148809) main____ INFO    Important environment variables:
2026-03-01 08:14:52.633405 (4148809) main____ INFO      CDS_LIC_FILE       : '5280@cadlic0'
2026-03-01 08:14:52.633420 (4148809) main____ INFO      DISPLAY            : 'localhost:12.0'
2026-03-01 08:14:52.633432 (4148809) main____ INFO      JASPER_INSTALL_DIR : '/cad/cadence/jasper_2023.12p001'
2026-03-01 08:14:52.633445 (4148809) main____ INFO      JASPER_KERNEL_CHECK: '1'
2026-03-01 08:14:52.633458 (4148809) main____ INFO      JASPER_OS_CHECK    : '0'
2026-03-01 08:14:52.633470 (4148809) main____ INFO      LANG               : 'zh_TW.UTF-8'
2026-03-01 08:14:52.633481 (4148809) main____ INFO    ----------------------------------------
2026-03-01 08:14:52.634618 (4148809) lic_core INFO    Initializing license system ...
2026-03-01 08:14:52.637927 (4148809) lic_core INFO    ... license system initialized.
2026-03-01 08:14:52.650162 (4148809) lic__man INFO    Claim 'main' for <ui>.
2026-03-01 08:14:52.650207 (4148809) lic_core INFO    (1) checking out 'jasper_interactive' ...
2026-03-01 08:14:52.662711 (4148809) lic_core INFO    ... (1) checkout succeeded
2026-03-01 08:14:52.662780 (4148809) lic__man INFO    Claim 'fpv' for <ui>.
2026-03-01 08:14:52.662803 (4148809) lic_core INFO    (2) checking out 'jasper_fpv' ...
2026-03-01 08:14:52.666377 (4148809) lic_core INFO    ... (2) checkout failed (error: -5) ("FLEXnet ERROR(-5, 0, 0): No such feature exists.")
2026-03-01 08:14:52.666440 (4148809) lic_core INFO    (3) checking out 'jasper_fao' ...
2026-03-01 08:14:52.677230 (4148809) lic_core INFO    ... (3) checkout succeeded
2026-03-01 08:14:52.678230 (4148825) stdio___ INFO    Starting STDIN reader (tty: yes, tty name: '/dev/pts/0')
2026-03-01 08:14:52.678318 (4148809) main____ INFO    Tool inactivity delay is 480000 ms.
2026-03-01 08:14:52.723070 (4148809) session_ INFO    Starting analysis session with session id 'session_0' (launcher: <local>) ...
2026-03-01 08:14:52.724810 (4148809) session_ INFO    Analysis session with session id 'session_0' started (pid: 4148826)
2026-03-01 08:14:53.794106 (4148809) session_ INFO    Analysis session 'session_0' connected to the console (host: 127.0.0.1:47782)
2026-03-01 08:14:57.514825 (4148809) lic__man INFO    Unclaim everything for 'session_0'.
2026-03-01 08:14:57.998129 (4148809) lic__man INFO    Claim 'fpv' for 'session_0'.
2026-03-01 08:14:57.998163 (4148809) lic__man INFO    Claim 'fpv' for 'session_0/prove-0'.
2026-03-01 08:15:00.865144 (4148809) lic__man INFO    Unclaim everything for 'session_0/prove-0'.
2026-03-01 08:15:00.907815 (4148809) main____ INFO    About to exit: request to exit with status 0 received from analysis session 'session_0'
2026-03-01 08:15:01.037380 (4148809) session_ INFO    Analysis session 'session_0' disconnected.
2026-03-01 08:15:01.037588 (4148809) lic__man INFO    Unclaim everything for 'session_0'.
2026-03-01 08:15:01.037795 (4148809) session_ INFO    Process for analysis session 'session_0' has exited with exit status '0'.
2026-03-01 08:15:02.893636 (4148825) stdio___ INFO    STDIN reader requested to stop.
2026-03-01 08:15:02.893703 (4148825) stdio___ INFO    STDIN reader stopped.
2026-03-01 08:15:02.894319 (4148809) lic_core INFO    (1) checkin jasper_interactive
2026-03-01 08:15:02.919233 (4148809) lic_core INFO    (3) checkin jasper_fao
2026-03-01 08:15:02.947205 (4148809) main____ INFO    Exiting with status 0.
