2026-02-28 18:51:16.471039 (898516) main____ INFO    ----------------------------------------
2026-02-28 18:51:16.471107 (898516) main____ INFO    Jasper version info
2026-02-28 18:51:16.471122 (898516) main____ INFO      tool      : Jasper 2023.12
2026-02-28 18:51:16.471136 (898516) main____ INFO      version   : 2023.12p001 64 bits
2026-02-28 18:51:16.471149 (898516) main____ INFO      build date: 2024.01.23 16:09:24 UTC
2026-02-28 18:51:16.471158 (898516) main____ INFO    ----------------------------------------
2026-02-28 18:51:16.471168 (898516) main____ INFO    Runtime info:
2026-02-28 18:51:16.471178 (898516) main____ INFO      platform  : Linux 4.18.0-553.89.1.el8_10.x86_64 x86_64
2026-02-28 18:51:16.471195 (898516) main____ INFO      hostname  : caddy15.stanford.edu
2026-02-28 18:51:16.471210 (898516) main____ INFO      pid       : 898516
2026-02-28 18:51:16.471222 (898516) main____ INFO      arguments : '-style' 'windows' '-allow_unsupported_OS' '-no_gui' '-fpv' './synthlc/i_ADDI_out/xCoverAPerflocDiv/6_.tcl' '-proj' './synthlc/i_ADDI_out/xCoverAPerflocDiv/6_jgsession_26-02-28-18_51_16'
2026-02-28 18:51:16.471237 (898516) main____ INFO      locale    : UTF-8
2026-02-28 18:51:16.471247 (898516) main____ INFO    ----------------------------------------
2026-02-28 18:51:16.471256 (898516) main____ INFO    System resource limits info:
2026-02-28 18:51:16.471268 (898516) main____ INFO      virtual memory: unlimited
2026-02-28 18:51:16.471280 (898516) main____ INFO      cpu time      : unlimited
2026-02-28 18:51:16.471297 (898516) main____ INFO      processes     : 4096
2026-02-28 18:51:16.471333 (898516) main____ INFO      stack size    : 8388608 B
2026-02-28 18:51:16.471347 (898516) main____ INFO      core file size: 0 B
2026-02-28 18:51:16.471359 (898516) main____ INFO      open files    : 4096
2026-02-28 18:51:16.471371 (898516) main____ INFO      file size     : unlimited
2026-02-28 18:51:16.471381 (898516) main____ INFO    ----------------------------------------
2026-02-28 18:51:16.471390 (898516) main____ INFO    Memory statistics:
2026-02-28 18:51:16.471403 (898516) main____ INFO      total physical memory  : 98449092 kB
2026-02-28 18:51:16.471414 (898516) main____ INFO      free physical memory   : 79848204 kB
2026-02-28 18:51:16.471425 (898516) main____ INFO      committed address space: 1845168 kB
2026-02-28 18:51:16.471434 (898516) main____ INFO    ----------------------------------------
2026-02-28 18:51:16.472578 (898516) main____ INFO    Important environment variables:
2026-02-28 18:51:16.472601 (898516) main____ INFO      CDS_LIC_FILE       : '5280@cadlic0'
2026-02-28 18:51:16.472613 (898516) main____ INFO      JASPER_INSTALL_DIR : '/cad/cadence/jasper_2023.12p001'
2026-02-28 18:51:16.472625 (898516) main____ INFO      JASPER_KERNEL_CHECK: '1'
2026-02-28 18:51:16.472637 (898516) main____ INFO      JASPER_OS_CHECK    : '0'
2026-02-28 18:51:16.472649 (898516) main____ INFO      LANG               : 'en_US.UTF-8'
2026-02-28 18:51:16.472659 (898516) main____ INFO    ----------------------------------------
2026-02-28 18:51:16.473900 (898516) lic_core INFO    Initializing license system ...
2026-02-28 18:51:16.477956 (898516) lic_core INFO    ... license system initialized.
2026-02-28 18:51:16.522953 (898516) lic__man INFO    Claim 'main' for <ui>.
2026-02-28 18:51:16.523007 (898516) lic_core INFO    (1) checking out 'jasper_interactive' ...
2026-02-28 18:51:16.535242 (898516) lic_core INFO    ... (1) checkout succeeded
2026-02-28 18:51:16.535332 (898516) lic__man INFO    Claim 'fpv' for <ui>.
2026-02-28 18:51:16.535354 (898516) lic_core INFO    (2) checking out 'jasper_fpv' ...
2026-02-28 18:51:16.539640 (898516) lic_core INFO    ... (2) checkout failed (error: -5) ("FLEXnet ERROR(-5, 0, 0): No such feature exists.")
2026-02-28 18:51:16.539683 (898516) lic_core INFO    (3) checking out 'jasper_fao' ...
2026-02-28 18:51:16.550281 (898516) lic_core INFO    ... (3) checkout succeeded
2026-02-28 18:51:16.554050 (898577) stdio___ INFO    Starting STDIN reader (tty: yes, tty name: '/dev/pts/0')
2026-02-28 18:51:16.554252 (898516) main____ INFO    Tool inactivity delay is 480000 ms.
2026-02-28 18:51:16.655600 (898516) session_ INFO    Starting analysis session with session id 'session_0' (launcher: <local>) ...
2026-02-28 18:51:16.657250 (898516) session_ INFO    Analysis session with session id 'session_0' started (pid: 898592)
2026-02-28 18:51:17.913584 (898516) session_ INFO    Analysis session 'session_0' connected to the console (host: 127.0.0.1:57024)
2026-02-28 18:51:21.627052 (898516) lic__man INFO    Unclaim everything for 'session_0'.
2026-02-28 19:06:26.168704 (898516) lic__man INFO    Unclaim everything for 'session_0/prove-0'.
2026-02-28 19:06:26.214565 (898516) main____ INFO    About to exit: request to exit with status 0 received from analysis session 'session_0'
2026-02-28 19:06:26.338750 (898516) session_ INFO    Analysis session 'session_0' disconnected.
2026-02-28 19:06:26.338977 (898516) lic__man INFO    Unclaim everything for 'session_0'.
2026-02-28 19:06:26.339196 (898516) session_ INFO    Process for analysis session 'session_0' has exited with exit status '0'.
2026-02-28 19:06:28.321496 (898577) stdio___ INFO    STDIN reader requested to stop.
2026-02-28 19:06:28.321545 (898577) stdio___ INFO    STDIN reader stopped.
2026-02-28 19:06:28.321771 (898516) lic_core INFO    (1) checkin jasper_interactive
2026-02-28 19:06:28.322770 (898516) lic_core INFO    (3) checkin jasper_fao
2026-02-28 19:06:28.323990 (898516) main____ INFO    Exiting with status 0.
