2026-03-01 13:43:03.031226 (132472) main____ INFO    ----------------------------------------
2026-03-01 13:43:03.031333 (132472) main____ INFO    Jasper version info
2026-03-01 13:43:03.031350 (132472) main____ INFO      tool      : Jasper 2023.12
2026-03-01 13:43:03.031367 (132472) main____ INFO      version   : 2023.12p001 64 bits
2026-03-01 13:43:03.031381 (132472) main____ INFO      build date: 2024.01.23 16:09:24 UTC
2026-03-01 13:43:03.031392 (132472) main____ INFO    ----------------------------------------
2026-03-01 13:43:03.031402 (132472) main____ INFO    Runtime info:
2026-03-01 13:43:03.031414 (132472) main____ INFO      platform  : Linux 4.18.0-553.89.1.el8_10.x86_64 x86_64
2026-03-01 13:43:03.031433 (132472) main____ INFO      hostname  : caddy12.stanford.edu
2026-03-01 13:43:03.031449 (132472) main____ INFO      pid       : 132472
2026-03-01 13:43:03.031461 (132472) main____ INFO      arguments : '-style' 'windows' '-allow_unsupported_OS' '-no_gui' '-fpv' './synthlc/i_LW_out/xPerfLocCycleCount/over1cyc_20_div_fsm_s6_.tcl' '-proj' './synthlc/i_LW_out/xPerfLocCycleCount/over1cyc_20_div_fsm_s6_jgsession_26-03-01-13_43_01'
2026-03-01 13:43:03.031478 (132472) main____ INFO      locale    : UTF-8
2026-03-01 13:43:03.031489 (132472) main____ INFO    ----------------------------------------
2026-03-01 13:43:03.031499 (132472) main____ INFO    System resource limits info:
2026-03-01 13:43:03.031512 (132472) main____ INFO      virtual memory: unlimited
2026-03-01 13:43:03.031525 (132472) main____ INFO      cpu time      : unlimited
2026-03-01 13:43:03.031543 (132472) main____ INFO      processes     : 4096
2026-03-01 13:43:03.031564 (132472) main____ INFO      stack size    : 8388608 B
2026-03-01 13:43:03.031579 (132472) main____ INFO      core file size: 0 B
2026-03-01 13:43:03.031593 (132472) main____ INFO      open files    : 4096
2026-03-01 13:43:03.031606 (132472) main____ INFO      file size     : unlimited
2026-03-01 13:43:03.031616 (132472) main____ INFO    ----------------------------------------
2026-03-01 13:43:03.031636 (132472) main____ INFO    Memory statistics:
2026-03-01 13:43:03.031648 (132472) main____ INFO      total physical memory  : 98449088 kB
2026-03-01 13:43:03.031660 (132472) main____ INFO      free physical memory   : 80931332 kB
2026-03-01 13:43:03.031688 (132472) main____ INFO      committed address space: 13813664 kB
2026-03-01 13:43:03.031698 (132472) main____ INFO    ----------------------------------------
2026-03-01 13:43:03.032901 (132472) main____ INFO    Important environment variables:
2026-03-01 13:43:03.032927 (132472) main____ INFO      CDS_LIC_FILE       : '5280@cadlic0'
2026-03-01 13:43:03.032941 (132472) main____ INFO      DISPLAY            : 'localhost:12.0'
2026-03-01 13:43:03.032953 (132472) main____ INFO      JASPER_INSTALL_DIR : '/cad/cadence/jasper_2023.12p001'
2026-03-01 13:43:03.032966 (132472) main____ INFO      JASPER_KERNEL_CHECK: '1'
2026-03-01 13:43:03.032978 (132472) main____ INFO      JASPER_OS_CHECK    : '0'
2026-03-01 13:43:03.032991 (132472) main____ INFO      LANG               : 'zh_TW.UTF-8'
2026-03-01 13:43:03.033001 (132472) main____ INFO    ----------------------------------------
2026-03-01 13:43:03.044605 (132472) lic_core INFO    Initializing license system ...
2026-03-01 13:43:03.087717 (132472) lic_core INFO    ... license system initialized.
2026-03-01 13:43:03.252775 (132472) lic__man INFO    Claim 'main' for <ui>.
2026-03-01 13:43:03.252854 (132472) lic_core INFO    (1) checking out 'jasper_interactive' ...
2026-03-01 13:43:03.424926 (132472) lic_core INFO    ... (1) checkout succeeded
2026-03-01 13:43:03.425043 (132472) lic__man INFO    Claim 'fpv' for <ui>.
2026-03-01 13:43:03.425074 (132472) lic_core INFO    (2) checking out 'jasper_fpv' ...
2026-03-01 13:43:03.482164 (132472) lic_core INFO    ... (2) checkout failed (error: -5) ("FLEXnet ERROR(-5, 0, 0): No such feature exists.")
2026-03-01 13:43:03.482246 (132472) lic_core INFO    (3) checking out 'jasper_fao' ...
2026-03-01 13:43:03.559810 (132472) lic_core INFO    ... (3) checkout succeeded
2026-03-01 13:43:03.573517 (132472) main____ INFO    Tool inactivity delay is 480000 ms.
2026-03-01 13:43:03.584106 (132488) stdio___ INFO    Starting STDIN reader (tty: yes, tty name: '/dev/pts/0')
2026-03-01 13:43:03.886822 (132472) session_ INFO    Starting analysis session with session id 'session_0' (launcher: <local>) ...
2026-03-01 13:43:03.888802 (132472) session_ INFO    Analysis session with session id 'session_0' started (pid: 132491)
2026-03-01 13:43:08.292252 (132472) session_ INFO    Analysis session 'session_0' connected to the console (host: 127.0.0.1:38116)
2026-03-01 13:43:17.415168 (132472) lic__man INFO    Unclaim everything for 'session_0'.
2026-03-01 13:43:17.989245 (132472) lic__man INFO    Claim 'fpv' for 'session_0'.
2026-03-01 13:43:17.989297 (132472) lic__man INFO    Claim 'fpv' for 'session_0/prove-0'.
2026-03-01 13:43:38.685196 (132472) lic__man INFO    Unclaim everything for 'session_0/prove-0'.
2026-03-01 13:43:38.774837 (132472) main____ INFO    About to exit: request to exit with status 0 received from analysis session 'session_0'
2026-03-01 13:43:39.381988 (132472) session_ INFO    Analysis session 'session_0' disconnected.
2026-03-01 13:43:39.382139 (132472) lic__man INFO    Unclaim everything for 'session_0'.
2026-03-01 13:43:39.383875 (132472) session_ INFO    Process for analysis session 'session_0' has exited with exit status '0'.
2026-03-01 13:43:40.883326 (132488) stdio___ INFO    STDIN reader requested to stop.
2026-03-01 13:43:40.883386 (132488) stdio___ INFO    STDIN reader stopped.
2026-03-01 13:43:40.884038 (132472) lic_core INFO    (1) checkin jasper_interactive
2026-03-01 13:43:40.898914 (132472) lic_core INFO    (3) checkin jasper_fao
2026-03-01 13:43:40.910567 (132472) main____ INFO    Exiting with status 0.
