2026-03-01 12:58:45.112769 (78279) main____ INFO    ----------------------------------------
2026-03-01 12:58:45.112841 (78279) main____ INFO    Jasper version info
2026-03-01 12:58:45.112857 (78279) main____ INFO      tool      : Jasper 2023.12
2026-03-01 12:58:45.112872 (78279) main____ INFO      version   : 2023.12p001 64 bits
2026-03-01 12:58:45.112885 (78279) main____ INFO      build date: 2024.01.23 16:09:24 UTC
2026-03-01 12:58:45.112896 (78279) main____ INFO    ----------------------------------------
2026-03-01 12:58:45.112906 (78279) main____ INFO    Runtime info:
2026-03-01 12:58:45.112917 (78279) main____ INFO      platform  : Linux 4.18.0-553.89.1.el8_10.x86_64 x86_64
2026-03-01 12:58:45.112943 (78279) main____ INFO      hostname  : caddy12.stanford.edu
2026-03-01 12:58:45.112958 (78279) main____ INFO      pid       : 78279
2026-03-01 12:58:45.112969 (78279) main____ INFO      arguments : '-style' 'windows' '-allow_unsupported_OS' '-no_gui' '-fpv' './synthlc/i_LW_out/xHBPerfG_dfg_v3_div/WHB_316_.tcl' '-proj' './synthlc/i_LW_out/xHBPerfG_dfg_v3_div/WHB_316_jgsession_26-03-01-12_58_44'
2026-03-01 12:58:45.112985 (78279) main____ INFO      locale    : UTF-8
2026-03-01 12:58:45.112996 (78279) main____ INFO    ----------------------------------------
2026-03-01 12:58:45.113005 (78279) main____ INFO    System resource limits info:
2026-03-01 12:58:45.113018 (78279) main____ INFO      virtual memory: unlimited
2026-03-01 12:58:45.113031 (78279) main____ INFO      cpu time      : unlimited
2026-03-01 12:58:45.113047 (78279) main____ INFO      processes     : 4096
2026-03-01 12:58:45.113065 (78279) main____ INFO      stack size    : 8388608 B
2026-03-01 12:58:45.113085 (78279) main____ INFO      core file size: 0 B
2026-03-01 12:58:45.114042 (78279) main____ INFO      open files    : 4096
2026-03-01 12:58:45.114056 (78279) main____ INFO      file size     : unlimited
2026-03-01 12:58:45.114066 (78279) main____ INFO    ----------------------------------------
2026-03-01 12:58:45.114076 (78279) main____ INFO    Memory statistics:
2026-03-01 12:58:45.114088 (78279) main____ INFO      total physical memory  : 98449088 kB
2026-03-01 12:58:45.114099 (78279) main____ INFO      free physical memory   : 86363764 kB
2026-03-01 12:58:45.114111 (78279) main____ INFO      committed address space: 7511788 kB
2026-03-01 12:58:45.114121 (78279) main____ INFO    ----------------------------------------
2026-03-01 12:58:45.115280 (78279) main____ INFO    Important environment variables:
2026-03-01 12:58:45.115712 (78279) main____ INFO      CDS_LIC_FILE       : '5280@cadlic0'
2026-03-01 12:58:45.115726 (78279) main____ INFO      DISPLAY            : 'localhost:12.0'
2026-03-01 12:58:45.115738 (78279) main____ INFO      JASPER_INSTALL_DIR : '/cad/cadence/jasper_2023.12p001'
2026-03-01 12:58:45.115751 (78279) main____ INFO      JASPER_KERNEL_CHECK: '1'
2026-03-01 12:58:45.115763 (78279) main____ INFO      JASPER_OS_CHECK    : '0'
2026-03-01 12:58:45.115775 (78279) main____ INFO      LANG               : 'zh_TW.UTF-8'
2026-03-01 12:58:45.115786 (78279) main____ INFO    ----------------------------------------
2026-03-01 12:58:45.116917 (78279) lic_core INFO    Initializing license system ...
2026-03-01 12:58:45.118277 (78279) lic_core INFO    ... license system initialized.
2026-03-01 12:58:45.134240 (78279) lic__man INFO    Claim 'main' for <ui>.
2026-03-01 12:58:45.134291 (78279) lic_core INFO    (1) checking out 'jasper_interactive' ...
2026-03-01 12:58:45.146019 (78279) lic_core INFO    ... (1) checkout succeeded
2026-03-01 12:58:45.146084 (78279) lic__man INFO    Claim 'fpv' for <ui>.
2026-03-01 12:58:45.146105 (78279) lic_core INFO    (2) checking out 'jasper_fpv' ...
2026-03-01 12:58:45.149805 (78279) lic_core INFO    ... (2) checkout failed (error: -5) ("FLEXnet ERROR(-5, 0, 0): No such feature exists.")
2026-03-01 12:58:45.149846 (78279) lic_core INFO    (3) checking out 'jasper_fao' ...
2026-03-01 12:58:45.160322 (78279) lic_core INFO    ... (3) checkout succeeded
2026-03-01 12:58:45.161212 (78292) stdio___ INFO    Starting STDIN reader (tty: yes, tty name: '/dev/pts/0')
2026-03-01 12:58:45.161537 (78279) main____ INFO    Tool inactivity delay is 480000 ms.
2026-03-01 12:58:45.202708 (78279) session_ INFO    Starting analysis session with session id 'session_0' (launcher: <local>) ...
2026-03-01 12:58:45.204438 (78279) session_ INFO    Analysis session with session id 'session_0' started (pid: 78298)
2026-03-01 12:58:46.309394 (78279) session_ INFO    Analysis session 'session_0' connected to the console (host: 127.0.0.1:57340)
2026-03-01 12:58:49.399680 (78279) lic__man INFO    Unclaim everything for 'session_0'.
2026-03-01 12:58:49.600091 (78279) lic__man INFO    Claim 'fpv' for 'session_0'.
2026-03-01 12:58:49.600126 (78279) lic__man INFO    Claim 'fpv' for 'session_0/prove-0'.
2026-03-01 12:59:05.948958 (78279) lic__man INFO    Unclaim everything for 'session_0/prove-0'.
2026-03-01 12:59:06.005143 (78279) main____ INFO    About to exit: request to exit with status 0 received from analysis session 'session_0'
2026-03-01 12:59:06.412453 (78279) session_ INFO    Analysis session 'session_0' disconnected.
2026-03-01 12:59:06.412604 (78279) lic__man INFO    Unclaim everything for 'session_0'.
2026-03-01 12:59:06.422659 (78279) session_ INFO    Process for analysis session 'session_0' has exited with exit status '0'.
2026-03-01 12:59:07.923725 (78292) stdio___ INFO    STDIN reader requested to stop.
2026-03-01 12:59:07.923794 (78292) stdio___ INFO    STDIN reader stopped.
2026-03-01 12:59:07.933932 (78279) lic_core INFO    (1) checkin jasper_interactive
2026-03-01 12:59:07.962857 (78279) lic_core INFO    (3) checkin jasper_fao
2026-03-01 12:59:07.995706 (78279) main____ INFO    Exiting with status 0.
