2026-03-01 06:20:19.057282 (4017696) main____ INFO    ----------------------------------------
2026-03-01 06:20:19.057384 (4017696) main____ INFO    Jasper version info
2026-03-01 06:20:19.057401 (4017696) main____ INFO      tool      : Jasper 2023.12
2026-03-01 06:20:19.057417 (4017696) main____ INFO      version   : 2023.12p001 64 bits
2026-03-01 06:20:19.057431 (4017696) main____ INFO      build date: 2024.01.23 16:09:24 UTC
2026-03-01 06:20:19.057441 (4017696) main____ INFO    ----------------------------------------
2026-03-01 06:20:19.057452 (4017696) main____ INFO    Runtime info:
2026-03-01 06:20:19.057463 (4017696) main____ INFO      platform  : Linux 4.18.0-553.89.1.el8_10.x86_64 x86_64
2026-03-01 06:20:19.057483 (4017696) main____ INFO      hostname  : caddy12.stanford.edu
2026-03-01 06:20:19.057498 (4017696) main____ INFO      pid       : 4017696
2026-03-01 06:20:19.057509 (4017696) main____ INFO      arguments : '-style' 'windows' '-allow_unsupported_OS' '-no_gui' '-fpv' './synthlc/i_LW_out/xPairwiseDepDiv/nunv_anytwo_72_.tcl' '-proj' './synthlc/i_LW_out/xPairwiseDepDiv/nunv_anytwo_72_jgsession_26-03-01-06_20_17'
2026-03-01 06:20:19.057527 (4017696) main____ INFO      locale    : UTF-8
2026-03-01 06:20:19.057537 (4017696) main____ INFO    ----------------------------------------
2026-03-01 06:20:19.057547 (4017696) main____ INFO    System resource limits info:
2026-03-01 06:20:19.057560 (4017696) main____ INFO      virtual memory: unlimited
2026-03-01 06:20:19.057573 (4017696) main____ INFO      cpu time      : unlimited
2026-03-01 06:20:19.057591 (4017696) main____ INFO      processes     : 4096
2026-03-01 06:20:19.057612 (4017696) main____ INFO      stack size    : 8388608 B
2026-03-01 06:20:19.057627 (4017696) main____ INFO      core file size: 0 B
2026-03-01 06:20:19.057640 (4017696) main____ INFO      open files    : 4096
2026-03-01 06:20:19.057653 (4017696) main____ INFO      file size     : unlimited
2026-03-01 06:20:19.057678 (4017696) main____ INFO    ----------------------------------------
2026-03-01 06:20:19.057689 (4017696) main____ INFO    Memory statistics:
2026-03-01 06:20:19.057701 (4017696) main____ INFO      total physical memory  : 98449088 kB
2026-03-01 06:20:19.057713 (4017696) main____ INFO      free physical memory   : 76211532 kB
2026-03-01 06:20:19.057725 (4017696) main____ INFO      committed address space: 19772724 kB
2026-03-01 06:20:19.057735 (4017696) main____ INFO    ----------------------------------------
2026-03-01 06:20:19.058920 (4017696) main____ INFO    Important environment variables:
2026-03-01 06:20:19.058945 (4017696) main____ INFO      CDS_LIC_FILE       : '5280@cadlic0'
2026-03-01 06:20:19.058959 (4017696) main____ INFO      DISPLAY            : 'localhost:12.0'
2026-03-01 06:20:19.058972 (4017696) main____ INFO      JASPER_INSTALL_DIR : '/cad/cadence/jasper_2023.12p001'
2026-03-01 06:20:19.058984 (4017696) main____ INFO      JASPER_KERNEL_CHECK: '1'
2026-03-01 06:20:19.059005 (4017696) main____ INFO      JASPER_OS_CHECK    : '0'
2026-03-01 06:20:19.059018 (4017696) main____ INFO      LANG               : 'zh_TW.UTF-8'
2026-03-01 06:20:19.059028 (4017696) main____ INFO    ----------------------------------------
2026-03-01 06:20:19.060903 (4017696) lic_core INFO    Initializing license system ...
2026-03-01 06:20:19.095003 (4017696) lic_core INFO    ... license system initialized.
2026-03-01 06:20:19.215291 (4017696) lic__man INFO    Claim 'main' for <ui>.
2026-03-01 06:20:19.215373 (4017696) lic_core INFO    (1) checking out 'jasper_interactive' ...
2026-03-01 06:20:19.283448 (4017696) lic_core INFO    ... (1) checkout succeeded
2026-03-01 06:20:19.283591 (4017696) lic__man INFO    Claim 'fpv' for <ui>.
2026-03-01 06:20:19.283625 (4017696) lic_core INFO    (2) checking out 'jasper_fpv' ...
2026-03-01 06:20:19.351174 (4017696) lic_core INFO    ... (2) checkout failed (error: -5) ("FLEXnet ERROR(-5, 0, 0): No such feature exists.")
2026-03-01 06:20:19.351254 (4017696) lic_core INFO    (3) checking out 'jasper_fao' ...
2026-03-01 06:20:19.418455 (4017696) lic_core INFO    ... (3) checkout succeeded
2026-03-01 06:20:19.420548 (4017696) main____ INFO    Tool inactivity delay is 480000 ms.
2026-03-01 06:20:19.430916 (4017708) stdio___ INFO    Starting STDIN reader (tty: yes, tty name: '/dev/pts/0')
2026-03-01 06:20:19.783806 (4017696) session_ INFO    Starting analysis session with session id 'session_0' (launcher: <local>) ...
2026-03-01 06:20:19.785869 (4017696) session_ INFO    Analysis session with session id 'session_0' started (pid: 4017709)
2026-03-01 06:20:22.666113 (4017696) session_ INFO    Analysis session 'session_0' connected to the console (host: 127.0.0.1:56342)
2026-03-01 06:20:32.550771 (4017696) lic__man INFO    Unclaim everything for 'session_0'.
2026-03-01 06:20:33.071228 (4017696) lic__man INFO    Claim 'fpv' for 'session_0'.
2026-03-01 06:20:33.071285 (4017696) lic__man INFO    Claim 'fpv' for 'session_0/prove-0'.
2026-03-01 06:20:36.765188 (4017696) lic__man INFO    Unclaim everything for 'session_0/prove-0'.
2026-03-01 06:20:36.845993 (4017696) main____ INFO    About to exit: request to exit with status 0 received from analysis session 'session_0'
2026-03-01 06:20:37.163858 (4017696) session_ INFO    Analysis session 'session_0' disconnected.
2026-03-01 06:20:37.164030 (4017696) lic__man INFO    Unclaim everything for 'session_0'.
2026-03-01 06:20:37.166493 (4017696) session_ INFO    Process for analysis session 'session_0' has exited with exit status '0'.
2026-03-01 06:20:38.912756 (4017708) stdio___ INFO    STDIN reader requested to stop.
2026-03-01 06:20:38.912828 (4017708) stdio___ INFO    STDIN reader stopped.
2026-03-01 06:20:38.922944 (4017696) lic_core INFO    (1) checkin jasper_interactive
2026-03-01 06:20:38.929561 (4017696) lic_core INFO    (3) checkin jasper_fao
2026-03-01 06:20:38.965158 (4017696) main____ INFO    Exiting with status 0.
