2026-02-28 23:11:42.709235 (1109796) main____ INFO    ----------------------------------------
2026-02-28 23:11:42.709317 (1109796) main____ INFO    Jasper version info
2026-02-28 23:11:42.709334 (1109796) main____ INFO      tool      : Jasper 2023.12
2026-02-28 23:11:42.709353 (1109796) main____ INFO      version   : 2023.12p001 64 bits
2026-02-28 23:11:42.709366 (1109796) main____ INFO      build date: 2024.01.23 16:09:24 UTC
2026-02-28 23:11:42.709379 (1109796) main____ INFO    ----------------------------------------
2026-02-28 23:11:42.709389 (1109796) main____ INFO    Runtime info:
2026-02-28 23:11:42.709400 (1109796) main____ INFO      platform  : Linux 4.18.0-553.89.1.el8_10.x86_64 x86_64
2026-02-28 23:11:42.709418 (1109796) main____ INFO      hostname  : caddy15.stanford.edu
2026-02-28 23:11:42.709433 (1109796) main____ INFO      pid       : 1109796
2026-02-28 23:11:42.709446 (1109796) main____ INFO      arguments : '-style' 'windows' '-allow_unsupported_OS' '-no_gui' '-fpv' './synthlc/i_BEQ_out/xHBPerfG_dfg_v3_div/WHB_28_.tcl' '-proj' './synthlc/i_BEQ_out/xHBPerfG_dfg_v3_div/WHB_28_jgsession_26-02-28-23_11_42'
2026-02-28 23:11:42.709473 (1109796) main____ INFO      locale    : UTF-8
2026-02-28 23:11:42.709483 (1109796) main____ INFO    ----------------------------------------
2026-02-28 23:11:42.709492 (1109796) main____ INFO    System resource limits info:
2026-02-28 23:11:42.709505 (1109796) main____ INFO      virtual memory: unlimited
2026-02-28 23:11:42.709517 (1109796) main____ INFO      cpu time      : unlimited
2026-02-28 23:11:42.709534 (1109796) main____ INFO      processes     : 4096
2026-02-28 23:11:42.709552 (1109796) main____ INFO      stack size    : 8388608 B
2026-02-28 23:11:42.709567 (1109796) main____ INFO      core file size: 0 B
2026-02-28 23:11:42.709579 (1109796) main____ INFO      open files    : 4096
2026-02-28 23:11:42.709591 (1109796) main____ INFO      file size     : unlimited
2026-02-28 23:11:42.709601 (1109796) main____ INFO    ----------------------------------------
2026-02-28 23:11:42.709610 (1109796) main____ INFO    Memory statistics:
2026-02-28 23:11:42.709622 (1109796) main____ INFO      total physical memory  : 98449092 kB
2026-02-28 23:11:42.709634 (1109796) main____ INFO      free physical memory   : 79788980 kB
2026-02-28 23:11:42.709646 (1109796) main____ INFO      committed address space: 2134940 kB
2026-02-28 23:11:42.709655 (1109796) main____ INFO    ----------------------------------------
2026-02-28 23:11:42.710836 (1109796) main____ INFO    Important environment variables:
2026-02-28 23:11:42.710866 (1109796) main____ INFO      CDS_LIC_FILE       : '5280@cadlic0'
2026-02-28 23:11:42.710879 (1109796) main____ INFO      JASPER_INSTALL_DIR : '/cad/cadence/jasper_2023.12p001'
2026-02-28 23:11:42.710891 (1109796) main____ INFO      JASPER_KERNEL_CHECK: '1'
2026-02-28 23:11:42.710903 (1109796) main____ INFO      JASPER_OS_CHECK    : '0'
2026-02-28 23:11:42.710916 (1109796) main____ INFO      LANG               : 'en_US.UTF-8'
2026-02-28 23:11:42.710926 (1109796) main____ INFO    ----------------------------------------
2026-02-28 23:11:42.712080 (1109796) lic_core INFO    Initializing license system ...
2026-02-28 23:11:42.713723 (1109796) lic_core INFO    ... license system initialized.
2026-02-28 23:11:42.725560 (1109796) lic__man INFO    Claim 'main' for <ui>.
2026-02-28 23:11:42.725614 (1109796) lic_core INFO    (1) checking out 'jasper_interactive' ...
2026-02-28 23:11:42.738185 (1109796) lic_core INFO    ... (1) checkout succeeded
2026-02-28 23:11:42.738282 (1109796) lic__man INFO    Claim 'fpv' for <ui>.
2026-02-28 23:11:42.738326 (1109796) lic_core INFO    (2) checking out 'jasper_fpv' ...
2026-02-28 23:11:42.742349 (1109796) lic_core INFO    ... (2) checkout failed (error: -5) ("FLEXnet ERROR(-5, 0, 0): No such feature exists.")
2026-02-28 23:11:42.742387 (1109796) lic_core INFO    (3) checking out 'jasper_fao' ...
2026-02-28 23:11:42.752943 (1109796) lic_core INFO    ... (3) checkout succeeded
2026-02-28 23:11:42.754104 (1109943) stdio___ INFO    Starting STDIN reader (tty: yes, tty name: '/dev/pts/0')
2026-02-28 23:11:42.754192 (1109796) main____ INFO    Tool inactivity delay is 480000 ms.
2026-02-28 23:11:42.797722 (1109796) session_ INFO    Starting analysis session with session id 'session_0' (launcher: <local>) ...
2026-02-28 23:11:42.799717 (1109796) session_ INFO    Analysis session with session id 'session_0' started (pid: 1109944)
2026-02-28 23:11:44.010819 (1109796) session_ INFO    Analysis session 'session_0' connected to the console (host: 127.0.0.1:37770)
2026-02-28 23:11:50.590592 (1109796) lic__man INFO    Unclaim everything for 'session_0'.
2026-02-28 23:11:51.106054 (1109796) lic__man INFO    Claim 'fpv' for 'session_0'.
2026-02-28 23:11:51.106102 (1109796) lic__man INFO    Claim 'fpv' for 'session_0/prove-0'.
2026-02-28 23:11:52.668159 (1109796) lic__man INFO    Unclaim everything for 'session_0/prove-0'.
2026-02-28 23:11:52.710530 (1109796) main____ INFO    About to exit: request to exit with status 0 received from analysis session 'session_0'
2026-02-28 23:11:52.858920 (1109796) session_ INFO    Analysis session 'session_0' disconnected.
2026-02-28 23:11:52.859132 (1109796) lic__man INFO    Unclaim everything for 'session_0'.
2026-02-28 23:11:52.859359 (1109796) session_ INFO    Process for analysis session 'session_0' has exited with exit status '0'.
2026-02-28 23:11:54.819644 (1109943) stdio___ INFO    STDIN reader requested to stop.
2026-02-28 23:11:54.819682 (1109943) stdio___ INFO    STDIN reader stopped.
2026-02-28 23:11:54.819910 (1109796) lic_core INFO    (1) checkin jasper_interactive
2026-02-28 23:11:54.820781 (1109796) lic_core INFO    (3) checkin jasper_fao
2026-02-28 23:11:54.821704 (1109796) main____ INFO    Exiting with status 0.
