2026-02-26 02:18:19.580977 (3650202) main____ INFO    ----------------------------------------
2026-02-26 02:18:19.581076 (3650202) main____ INFO    Jasper version info
2026-02-26 02:18:19.581093 (3650202) main____ INFO      tool      : Jasper 2023.12
2026-02-26 02:18:19.581109 (3650202) main____ INFO      version   : 2023.12p001 64 bits
2026-02-26 02:18:19.581122 (3650202) main____ INFO      build date: 2024.01.23 16:09:24 UTC
2026-02-26 02:18:19.581132 (3650202) main____ INFO    ----------------------------------------
2026-02-26 02:18:19.581141 (3650202) main____ INFO    Runtime info:
2026-02-26 02:18:19.581152 (3650202) main____ INFO      platform  : Linux 4.18.0-553.89.1.el8_10.x86_64 x86_64
2026-02-26 02:18:19.581171 (3650202) main____ INFO      hostname  : caddy15.stanford.edu
2026-02-26 02:18:19.581187 (3650202) main____ INFO      pid       : 3650202
2026-02-26 02:18:19.581198 (3650202) main____ INFO      arguments : '-style' 'windows' '-allow_unsupported_OS' '-no_gui' '-fpv' './synthlc/i_ADDI_out/xPairwiseDepDiv/exclusive_142_.tcl' '-proj' './synthlc/i_ADDI_out/xPairwiseDepDiv/exclusive_142_jgsession_26-02-26-02_18_18'
2026-02-26 02:18:19.581215 (3650202) main____ INFO      locale    : UTF-8
2026-02-26 02:18:19.581225 (3650202) main____ INFO    ----------------------------------------
2026-02-26 02:18:19.581234 (3650202) main____ INFO    System resource limits info:
2026-02-26 02:18:19.581247 (3650202) main____ INFO      virtual memory: unlimited
2026-02-26 02:18:19.581259 (3650202) main____ INFO      cpu time      : unlimited
2026-02-26 02:18:19.581278 (3650202) main____ INFO      processes     : 4096
2026-02-26 02:18:19.581316 (3650202) main____ INFO      stack size    : 8388608 B
2026-02-26 02:18:19.581331 (3650202) main____ INFO      core file size: 0 B
2026-02-26 02:18:19.581344 (3650202) main____ INFO      open files    : 4096
2026-02-26 02:18:19.581365 (3650202) main____ INFO      file size     : unlimited
2026-02-26 02:18:19.581375 (3650202) main____ INFO    ----------------------------------------
2026-02-26 02:18:19.581384 (3650202) main____ INFO    Memory statistics:
2026-02-26 02:18:19.581396 (3650202) main____ INFO      total physical memory  : 98449092 kB
2026-02-26 02:18:19.581407 (3650202) main____ INFO      free physical memory   : 73337092 kB
2026-02-26 02:18:19.581419 (3650202) main____ INFO      committed address space: 10889908 kB
2026-02-26 02:18:19.581428 (3650202) main____ INFO    ----------------------------------------
2026-02-26 02:18:19.582592 (3650202) main____ INFO    Important environment variables:
2026-02-26 02:18:19.582619 (3650202) main____ INFO      CDS_LIC_FILE       : '5280@cadlic0'
2026-02-26 02:18:19.582631 (3650202) main____ INFO      JASPER_INSTALL_DIR : '/cad/cadence/jasper_2023.12p001'
2026-02-26 02:18:19.582643 (3650202) main____ INFO      JASPER_KERNEL_CHECK: '1'
2026-02-26 02:18:19.582656 (3650202) main____ INFO      JASPER_OS_CHECK    : '0'
2026-02-26 02:18:19.582668 (3650202) main____ INFO      LANG               : 'en_US.UTF-8'
2026-02-26 02:18:19.582678 (3650202) main____ INFO    ----------------------------------------
2026-02-26 02:18:19.595515 (3650202) lic_core INFO    Initializing license system ...
2026-02-26 02:18:19.628149 (3650202) lic_core INFO    ... license system initialized.
2026-02-26 02:18:19.790667 (3650202) lic__man INFO    Claim 'main' for <ui>.
2026-02-26 02:18:19.790738 (3650202) lic_core INFO    (1) checking out 'jasper_interactive' ...
2026-02-26 02:18:19.860587 (3650202) lic_core INFO    ... (1) checkout succeeded
2026-02-26 02:18:19.860698 (3650202) lic__man INFO    Claim 'fpv' for <ui>.
2026-02-26 02:18:19.860726 (3650202) lic_core INFO    (2) checking out 'jasper_fpv' ...
2026-02-26 02:18:19.927803 (3650202) lic_core INFO    ... (2) checkout failed (error: -5) ("FLEXnet ERROR(-5, 0, 0): No such feature exists.")
2026-02-26 02:18:19.927904 (3650202) lic_core INFO    (3) checking out 'jasper_fao' ...
2026-02-26 02:18:19.997545 (3650202) lic_core INFO    ... (3) checkout succeeded
2026-02-26 02:18:20.021230 (3650202) main____ INFO    Tool inactivity delay is 480000 ms.
2026-02-26 02:18:20.029624 (3650217) stdio___ INFO    Starting STDIN reader (tty: yes, tty name: '/dev/pts/0')
2026-02-26 02:18:20.329473 (3650202) session_ INFO    Starting analysis session with session id 'session_0' (launcher: <local>) ...
2026-02-26 02:18:20.331403 (3650202) session_ INFO    Analysis session with session id 'session_0' started (pid: 3650233)
2026-02-26 02:18:25.265198 (3650202) session_ INFO    Analysis session 'session_0' connected to the console (host: 127.0.0.1:43258)
2026-02-26 02:18:36.303536 (3650202) lic__man INFO    Unclaim everything for 'session_0'.
2026-02-26 02:18:36.825735 (3650202) lic__man INFO    Claim 'fpv' for 'session_0'.
2026-02-26 02:18:36.825783 (3650202) lic__man INFO    Claim 'fpv' for 'session_0/prove-0'.
2026-02-26 02:33:41.234865 (3650202) lic__man INFO    Unclaim everything for 'session_0/prove-0'.
2026-02-26 02:33:41.268603 (3650202) main____ INFO    About to exit: request to exit with status 0 received from analysis session 'session_0'
2026-02-26 02:33:41.504586 (3650202) session_ INFO    Analysis session 'session_0' disconnected.
2026-02-26 02:33:41.504736 (3650202) lic__man INFO    Unclaim everything for 'session_0'.
2026-02-26 02:33:41.505514 (3650202) session_ INFO    Process for analysis session 'session_0' has exited with exit status '0'.
2026-02-26 02:33:43.387337 (3650217) stdio___ INFO    STDIN reader requested to stop.
2026-02-26 02:33:43.387392 (3650217) stdio___ INFO    STDIN reader stopped.
2026-02-26 02:33:43.398624 (3650202) lic_core INFO    (1) checkin jasper_interactive
2026-02-26 02:33:43.414499 (3650202) lic_core INFO    (3) checkin jasper_fao
2026-02-26 02:33:43.426122 (3650202) main____ INFO    Exiting with status 0.
