2026-03-02 10:56:08.198128 (581872) main____ INFO    ----------------------------------------
2026-03-02 10:56:08.198202 (581872) main____ INFO    Jasper version info
2026-03-02 10:56:08.198216 (581872) main____ INFO      tool      : Jasper 2023.12
2026-03-02 10:56:08.198229 (581872) main____ INFO      version   : 2023.12p001 64 bits
2026-03-02 10:56:08.198241 (581872) main____ INFO      build date: 2024.01.23 16:09:24 UTC
2026-03-02 10:56:08.198250 (581872) main____ INFO    ----------------------------------------
2026-03-02 10:56:08.198259 (581872) main____ INFO    Runtime info:
2026-03-02 10:56:08.198269 (581872) main____ INFO      platform  : Linux 4.18.0-553.89.1.el8_10.x86_64 x86_64
2026-03-02 10:56:08.198285 (581872) main____ INFO      hostname  : caddy12.stanford.edu
2026-03-02 10:56:08.198299 (581872) main____ INFO      pid       : 581872
2026-03-02 10:56:08.198308 (581872) main____ INFO      arguments : '-style' 'windows' '-allow_unsupported_OS' '-no_gui' '-fpv' './synthlc/i_ADDI_out/xPairwiseDepDiv/nunv_anytwo_41_.tcl' '-proj' './synthlc/i_ADDI_out/xPairwiseDepDiv/nunv_anytwo_41_jgsession_26-03-02-10_56_08'
2026-03-02 10:56:08.198322 (581872) main____ INFO      locale    : UTF-8
2026-03-02 10:56:08.198330 (581872) main____ INFO    ----------------------------------------
2026-03-02 10:56:08.198338 (581872) main____ INFO    System resource limits info:
2026-03-02 10:56:08.198349 (581872) main____ INFO      virtual memory: unlimited
2026-03-02 10:56:08.198360 (581872) main____ INFO      cpu time      : unlimited
2026-03-02 10:56:08.198375 (581872) main____ INFO      processes     : 4096
2026-03-02 10:56:08.198391 (581872) main____ INFO      stack size    : 8388608 B
2026-03-02 10:56:08.198403 (581872) main____ INFO      core file size: 0 B
2026-03-02 10:56:08.198414 (581872) main____ INFO      open files    : 4096
2026-03-02 10:56:08.198425 (581872) main____ INFO      file size     : unlimited
2026-03-02 10:56:08.198433 (581872) main____ INFO    ----------------------------------------
2026-03-02 10:56:08.198441 (581872) main____ INFO    Memory statistics:
2026-03-02 10:56:08.198452 (581872) main____ INFO      total physical memory  : 98449088 kB
2026-03-02 10:56:08.198461 (581872) main____ INFO      free physical memory   : 88196052 kB
2026-03-02 10:56:08.198471 (581872) main____ INFO      committed address space: 6560312 kB
2026-03-02 10:56:08.198480 (581872) main____ INFO    ----------------------------------------
2026-03-02 10:56:08.199778 (581872) main____ INFO    Important environment variables:
2026-03-02 10:56:08.199806 (581872) main____ INFO      CDS_LIC_FILE       : '5280@cadlic0'
2026-03-02 10:56:08.199818 (581872) main____ INFO      DISPLAY            : 'localhost:12.0'
2026-03-02 10:56:08.199828 (581872) main____ INFO      JASPER_INSTALL_DIR : '/cad/cadence/jasper_2023.12p001'
2026-03-02 10:56:08.199838 (581872) main____ INFO      JASPER_KERNEL_CHECK: '1'
2026-03-02 10:56:08.199848 (581872) main____ INFO      JASPER_OS_CHECK    : '0'
2026-03-02 10:56:08.199857 (581872) main____ INFO      LANG               : 'zh_TW.UTF-8'
2026-03-02 10:56:08.199866 (581872) main____ INFO    ----------------------------------------
2026-03-02 10:56:08.201128 (581872) lic_core INFO    Initializing license system ...
2026-03-02 10:56:08.202618 (581872) lic_core INFO    ... license system initialized.
2026-03-02 10:56:08.214446 (581872) lic__man INFO    Claim 'main' for <ui>.
2026-03-02 10:56:08.214486 (581872) lic_core INFO    (1) checking out 'jasper_interactive' ...
2026-03-02 10:56:08.227060 (581872) lic_core INFO    ... (1) checkout succeeded
2026-03-02 10:56:08.227145 (581872) lic__man INFO    Claim 'fpv' for <ui>.
2026-03-02 10:56:08.227170 (581872) lic_core INFO    (2) checking out 'jasper_fpv' ...
2026-03-02 10:56:08.231103 (581872) lic_core INFO    ... (2) checkout failed (error: -5) ("FLEXnet ERROR(-5, 0, 0): No such feature exists.")
2026-03-02 10:56:08.231142 (581872) lic_core INFO    (3) checking out 'jasper_fao' ...
2026-03-02 10:56:08.242138 (581872) lic_core INFO    ... (3) checkout succeeded
2026-03-02 10:56:08.243053 (581935) stdio___ INFO    Starting STDIN reader (tty: yes, tty name: '/dev/pts/0')
2026-03-02 10:56:08.243202 (581872) main____ INFO    Tool inactivity delay is 480000 ms.
2026-03-02 10:56:08.286385 (581872) session_ INFO    Starting analysis session with session id 'session_0' (launcher: <local>) ...
2026-03-02 10:56:08.288228 (581872) session_ INFO    Analysis session with session id 'session_0' started (pid: 581938)
2026-03-02 10:56:09.370881 (581872) session_ INFO    Analysis session 'session_0' connected to the console (host: 127.0.0.1:48756)
2026-03-02 10:56:12.415568 (581872) lic__man INFO    Unclaim everything for 'session_0'.
2026-03-02 10:56:12.610062 (581872) lic__man INFO    Claim 'fpv' for 'session_0'.
2026-03-02 10:56:12.610095 (581872) lic__man INFO    Claim 'fpv' for 'session_0/prove-0'.
2026-03-02 10:56:14.116627 (581872) lic__man INFO    Unclaim everything for 'session_0/prove-0'.
2026-03-02 10:56:14.169335 (581872) main____ INFO    About to exit: request to exit with status 0 received from analysis session 'session_0'
2026-03-02 10:56:14.513323 (581872) session_ INFO    Analysis session 'session_0' disconnected.
2026-03-02 10:56:14.513475 (581872) lic__man INFO    Unclaim everything for 'session_0'.
2026-03-02 10:56:14.515682 (581872) session_ INFO    Process for analysis session 'session_0' has exited with exit status '0'.
2026-03-02 10:56:16.284732 (581935) stdio___ INFO    STDIN reader requested to stop.
2026-03-02 10:56:16.284776 (581935) stdio___ INFO    STDIN reader stopped.
2026-03-02 10:56:16.292924 (581872) lic_core INFO    (1) checkin jasper_interactive
2026-03-02 10:56:16.295814 (581872) lic_core INFO    (3) checkin jasper_fao
2026-03-02 10:56:16.322711 (581872) main____ INFO    Exiting with status 0.
