2026-02-28 21:56:44.786557 (1013955) main____ INFO    ----------------------------------------
2026-02-28 21:56:44.786622 (1013955) main____ INFO    Jasper version info
2026-02-28 21:56:44.786636 (1013955) main____ INFO      tool      : Jasper 2023.12
2026-02-28 21:56:44.786650 (1013955) main____ INFO      version   : 2023.12p001 64 bits
2026-02-28 21:56:44.786662 (1013955) main____ INFO      build date: 2024.01.23 16:09:24 UTC
2026-02-28 21:56:44.786672 (1013955) main____ INFO    ----------------------------------------
2026-02-28 21:56:44.786682 (1013955) main____ INFO    Runtime info:
2026-02-28 21:56:44.786692 (1013955) main____ INFO      platform  : Linux 4.18.0-553.89.1.el8_10.x86_64 x86_64
2026-02-28 21:56:44.786708 (1013955) main____ INFO      hostname  : caddy15.stanford.edu
2026-02-28 21:56:44.786732 (1013955) main____ INFO      pid       : 1013955
2026-02-28 21:56:44.786743 (1013955) main____ INFO      arguments : '-style' 'windows' '-allow_unsupported_OS' '-no_gui' '-fpv' './synthlc/i_BEQ_out/xCoverAPerflocDiv/5_.tcl' '-proj' './synthlc/i_BEQ_out/xCoverAPerflocDiv/5_jgsession_26-02-28-21_56_44'
2026-02-28 21:56:44.786758 (1013955) main____ INFO      locale    : UTF-8
2026-02-28 21:56:44.786767 (1013955) main____ INFO    ----------------------------------------
2026-02-28 21:56:44.786777 (1013955) main____ INFO    System resource limits info:
2026-02-28 21:56:44.786788 (1013955) main____ INFO      virtual memory: unlimited
2026-02-28 21:56:44.786800 (1013955) main____ INFO      cpu time      : unlimited
2026-02-28 21:56:44.786817 (1013955) main____ INFO      processes     : 4096
2026-02-28 21:56:44.786838 (1013955) main____ INFO      stack size    : 8388608 B
2026-02-28 21:56:44.786852 (1013955) main____ INFO      core file size: 0 B
2026-02-28 21:56:44.786864 (1013955) main____ INFO      open files    : 4096
2026-02-28 21:56:44.786876 (1013955) main____ INFO      file size     : unlimited
2026-02-28 21:56:44.786885 (1013955) main____ INFO    ----------------------------------------
2026-02-28 21:56:44.786894 (1013955) main____ INFO    Memory statistics:
2026-02-28 21:56:44.786905 (1013955) main____ INFO      total physical memory  : 98449092 kB
2026-02-28 21:56:44.786916 (1013955) main____ INFO      free physical memory   : 80319012 kB
2026-02-28 21:56:44.786927 (1013955) main____ INFO      committed address space: 1289040 kB
2026-02-28 21:56:44.786937 (1013955) main____ INFO    ----------------------------------------
2026-02-28 21:56:44.788051 (1013955) main____ INFO    Important environment variables:
2026-02-28 21:56:44.788072 (1013955) main____ INFO      CDS_LIC_FILE       : '5280@cadlic0'
2026-02-28 21:56:44.788084 (1013955) main____ INFO      JASPER_INSTALL_DIR : '/cad/cadence/jasper_2023.12p001'
2026-02-28 21:56:44.788096 (1013955) main____ INFO      JASPER_KERNEL_CHECK: '1'
2026-02-28 21:56:44.788107 (1013955) main____ INFO      JASPER_OS_CHECK    : '0'
2026-02-28 21:56:44.788119 (1013955) main____ INFO      LANG               : 'en_US.UTF-8'
2026-02-28 21:56:44.788128 (1013955) main____ INFO    ----------------------------------------
2026-02-28 21:56:44.789345 (1013955) lic_core INFO    Initializing license system ...
2026-02-28 21:56:44.792890 (1013955) lic_core INFO    ... license system initialized.
2026-02-28 21:56:44.811283 (1013955) lic__man INFO    Claim 'main' for <ui>.
2026-02-28 21:56:44.811353 (1013955) lic_core INFO    (1) checking out 'jasper_interactive' ...
2026-02-28 21:56:44.824047 (1013955) lic_core INFO    ... (1) checkout succeeded
2026-02-28 21:56:44.824111 (1013955) lic__man INFO    Claim 'fpv' for <ui>.
2026-02-28 21:56:44.824132 (1013955) lic_core INFO    (2) checking out 'jasper_fpv' ...
2026-02-28 21:56:44.828277 (1013955) lic_core INFO    ... (2) checkout failed (error: -5) ("FLEXnet ERROR(-5, 0, 0): No such feature exists.")
2026-02-28 21:56:44.828322 (1013955) lic_core INFO    (3) checking out 'jasper_fao' ...
2026-02-28 21:56:44.839201 (1013955) lic_core INFO    ... (3) checkout succeeded
2026-02-28 21:56:44.842070 (1013982) stdio___ INFO    Starting STDIN reader (tty: yes, tty name: '/dev/pts/0')
2026-02-28 21:56:44.842231 (1013955) main____ INFO    Tool inactivity delay is 480000 ms.
2026-02-28 21:56:44.901582 (1013955) session_ INFO    Starting analysis session with session id 'session_0' (launcher: <local>) ...
2026-02-28 21:56:44.903431 (1013955) session_ INFO    Analysis session with session id 'session_0' started (pid: 1013985)
2026-02-28 21:56:46.170982 (1013955) session_ INFO    Analysis session 'session_0' connected to the console (host: 127.0.0.1:56244)
2026-02-28 21:56:49.484353 (1013955) lic__man INFO    Unclaim everything for 'session_0'.
2026-02-28 22:11:53.464878 (1013955) lic__man INFO    Unclaim everything for 'session_0/prove-0'.
2026-02-28 22:11:53.509471 (1013955) main____ INFO    About to exit: request to exit with status 0 received from analysis session 'session_0'
2026-02-28 22:11:53.627962 (1013955) session_ INFO    Analysis session 'session_0' disconnected.
2026-02-28 22:11:53.628174 (1013955) lic__man INFO    Unclaim everything for 'session_0'.
2026-02-28 22:11:53.628369 (1013955) session_ INFO    Process for analysis session 'session_0' has exited with exit status '0'.
2026-02-28 22:11:55.415856 (1013982) stdio___ INFO    STDIN reader requested to stop.
2026-02-28 22:11:55.415886 (1013982) stdio___ INFO    STDIN reader stopped.
2026-02-28 22:11:55.416079 (1013955) lic_core INFO    (1) checkin jasper_interactive
2026-02-28 22:11:55.416739 (1013955) lic_core INFO    (3) checkin jasper_fao
2026-02-28 22:11:55.417824 (1013955) main____ INFO    Exiting with status 0.
