2026-02-26 06:22:13.682868 (3856865) main____ INFO    ----------------------------------------
2026-02-26 06:22:13.682986 (3856865) main____ INFO    Jasper version info
2026-02-26 06:22:13.683004 (3856865) main____ INFO      tool      : Jasper 2023.12
2026-02-26 06:22:13.683023 (3856865) main____ INFO      version   : 2023.12p001 64 bits
2026-02-26 06:22:13.683038 (3856865) main____ INFO      build date: 2024.01.23 16:09:24 UTC
2026-02-26 06:22:13.683049 (3856865) main____ INFO    ----------------------------------------
2026-02-26 06:22:13.683060 (3856865) main____ INFO    Runtime info:
2026-02-26 06:22:13.683072 (3856865) main____ INFO      platform  : Linux 4.18.0-553.89.1.el8_10.x86_64 x86_64
2026-02-26 06:22:13.683094 (3856865) main____ INFO      hostname  : caddy15.stanford.edu
2026-02-26 06:22:13.683112 (3856865) main____ INFO      pid       : 3856865
2026-02-26 06:22:13.683126 (3856865) main____ INFO      arguments : '-style' 'windows' '-allow_unsupported_OS' '-no_gui' '-fpv' './synthlc/i_ADDI_out/xHBPerfG_dfg_v3_div/HB_273_.tcl' '-proj' './synthlc/i_ADDI_out/xHBPerfG_dfg_v3_div/HB_273_jgsession_26-02-26-06_22_12'
2026-02-26 06:22:13.683145 (3856865) main____ INFO      locale    : UTF-8
2026-02-26 06:22:13.683156 (3856865) main____ INFO    ----------------------------------------
2026-02-26 06:22:13.683167 (3856865) main____ INFO    System resource limits info:
2026-02-26 06:22:13.683181 (3856865) main____ INFO      virtual memory: unlimited
2026-02-26 06:22:13.683195 (3856865) main____ INFO      cpu time      : unlimited
2026-02-26 06:22:13.683215 (3856865) main____ INFO      processes     : 4096
2026-02-26 06:22:13.683238 (3856865) main____ INFO      stack size    : 8388608 B
2026-02-26 06:22:13.683255 (3856865) main____ INFO      core file size: 0 B
2026-02-26 06:22:13.683270 (3856865) main____ INFO      open files    : 4096
2026-02-26 06:22:13.683283 (3856865) main____ INFO      file size     : unlimited
2026-02-26 06:22:13.683295 (3856865) main____ INFO    ----------------------------------------
2026-02-26 06:22:13.683320 (3856865) main____ INFO    Memory statistics:
2026-02-26 06:22:13.683334 (3856865) main____ INFO      total physical memory  : 98449092 kB
2026-02-26 06:22:13.683346 (3856865) main____ INFO      free physical memory   : 73255764 kB
2026-02-26 06:22:13.683359 (3856865) main____ INFO      committed address space: 10233128 kB
2026-02-26 06:22:13.683370 (3856865) main____ INFO    ----------------------------------------
2026-02-26 06:22:13.684718 (3856865) main____ INFO    Important environment variables:
2026-02-26 06:22:13.684748 (3856865) main____ INFO      CDS_LIC_FILE       : '5280@cadlic0'
2026-02-26 06:22:13.684762 (3856865) main____ INFO      JASPER_INSTALL_DIR : '/cad/cadence/jasper_2023.12p001'
2026-02-26 06:22:13.684777 (3856865) main____ INFO      JASPER_KERNEL_CHECK: '1'
2026-02-26 06:22:13.684790 (3856865) main____ INFO      JASPER_OS_CHECK    : '0'
2026-02-26 06:22:13.684804 (3856865) main____ INFO      LANG               : 'en_US.UTF-8'
2026-02-26 06:22:13.684815 (3856865) main____ INFO    ----------------------------------------
2026-02-26 06:22:13.690774 (3856865) lic_core INFO    Initializing license system ...
2026-02-26 06:22:13.713760 (3856865) lic_core INFO    ... license system initialized.
2026-02-26 06:22:13.875786 (3856865) lic__man INFO    Claim 'main' for <ui>.
2026-02-26 06:22:13.875861 (3856865) lic_core INFO    (1) checking out 'jasper_interactive' ...
2026-02-26 06:22:13.942823 (3856865) lic_core INFO    ... (1) checkout succeeded
2026-02-26 06:22:13.942942 (3856865) lic__man INFO    Claim 'fpv' for <ui>.
2026-02-26 06:22:13.942973 (3856865) lic_core INFO    (2) checking out 'jasper_fpv' ...
2026-02-26 06:22:13.998791 (3856865) lic_core INFO    ... (2) checkout failed (error: -5) ("FLEXnet ERROR(-5, 0, 0): No such feature exists.")
2026-02-26 06:22:13.998907 (3856865) lic_core INFO    (3) checking out 'jasper_fao' ...
2026-02-26 06:22:14.075495 (3856865) lic_core INFO    ... (3) checkout succeeded
2026-02-26 06:22:14.088332 (3856865) main____ INFO    Tool inactivity delay is 480000 ms.
2026-02-26 06:22:14.125594 (3856879) stdio___ INFO    Starting STDIN reader (tty: yes, tty name: '/dev/pts/0')
2026-02-26 06:22:14.274647 (3856865) session_ INFO    Starting analysis session with session id 'session_0' (launcher: <local>) ...
2026-02-26 06:22:14.276620 (3856865) session_ INFO    Analysis session with session id 'session_0' started (pid: 3856880)
2026-02-26 06:22:15.889915 (3856865) session_ INFO    Analysis session 'session_0' connected to the console (host: 127.0.0.1:49880)
2026-02-26 06:22:19.964426 (3856865) lic__man INFO    Unclaim everything for 'session_0'.
2026-02-26 06:22:20.298760 (3856865) lic__man INFO    Claim 'fpv' for 'session_0'.
2026-02-26 06:22:20.298808 (3856865) lic__man INFO    Claim 'fpv' for 'session_0/prove-0'.
2026-02-26 06:22:35.186658 (3856865) lic__man INFO    Unclaim everything for 'session_0/prove-0'.
2026-02-26 06:22:35.209853 (3856865) main____ INFO    About to exit: request to exit with status 0 received from analysis session 'session_0'
2026-02-26 06:22:35.398729 (3856865) session_ INFO    Analysis session 'session_0' disconnected.
2026-02-26 06:22:35.398858 (3856865) lic__man INFO    Unclaim everything for 'session_0'.
2026-02-26 06:22:35.420526 (3856865) session_ INFO    Process for analysis session 'session_0' has exited with exit status '0'.
2026-02-26 06:22:37.347411 (3856879) stdio___ INFO    STDIN reader requested to stop.
2026-02-26 06:22:37.347469 (3856879) stdio___ INFO    STDIN reader stopped.
2026-02-26 06:22:37.348595 (3856865) lic_core INFO    (1) checkin jasper_interactive
2026-02-26 06:22:37.350499 (3856865) lic_core INFO    (3) checkin jasper_fao
2026-02-26 06:22:37.353883 (3856865) main____ INFO    Exiting with status 0.
