2026-03-01 14:56:25.802806 (215994) main____ INFO    ----------------------------------------
2026-03-01 14:56:25.802867 (215994) main____ INFO    Jasper version info
2026-03-01 14:56:25.802882 (215994) main____ INFO      tool      : Jasper 2023.12
2026-03-01 14:56:25.802897 (215994) main____ INFO      version   : 2023.12p001 64 bits
2026-03-01 14:56:25.802910 (215994) main____ INFO      build date: 2024.01.23 16:09:24 UTC
2026-03-01 14:56:25.802921 (215994) main____ INFO    ----------------------------------------
2026-03-01 14:56:25.802931 (215994) main____ INFO    Runtime info:
2026-03-01 14:56:25.802942 (215994) main____ INFO      platform  : Linux 4.18.0-553.89.1.el8_10.x86_64 x86_64
2026-03-01 14:56:25.802959 (215994) main____ INFO      hostname  : caddy12.stanford.edu
2026-03-01 14:56:25.802974 (215994) main____ INFO      pid       : 215994
2026-03-01 14:56:25.802985 (215994) main____ INFO      arguments : '-style' 'windows' '-allow_unsupported_OS' '-no_gui' '-fpv' './synthlc/i_LW_out/xCollectReEvalLeaveOrder/com_7_0_.tcl' '-proj' './synthlc/i_LW_out/xCollectReEvalLeaveOrder/com_7_0_jgsession_26-03-01-14_56_25'
2026-03-01 14:56:25.803000 (215994) main____ INFO      locale    : UTF-8
2026-03-01 14:56:25.803011 (215994) main____ INFO    ----------------------------------------
2026-03-01 14:56:25.803021 (215994) main____ INFO    System resource limits info:
2026-03-01 14:56:25.803033 (215994) main____ INFO      virtual memory: unlimited
2026-03-01 14:56:25.803046 (215994) main____ INFO      cpu time      : unlimited
2026-03-01 14:56:25.803062 (215994) main____ INFO      processes     : 4096
2026-03-01 14:56:25.803079 (215994) main____ INFO      stack size    : 8388608 B
2026-03-01 14:56:25.803093 (215994) main____ INFO      core file size: 0 B
2026-03-01 14:56:25.803107 (215994) main____ INFO      open files    : 4096
2026-03-01 14:56:25.803119 (215994) main____ INFO      file size     : unlimited
2026-03-01 14:56:25.803129 (215994) main____ INFO    ----------------------------------------
2026-03-01 14:56:25.803139 (215994) main____ INFO    Memory statistics:
2026-03-01 14:56:25.803151 (215994) main____ INFO      total physical memory  : 98449088 kB
2026-03-01 14:56:25.803162 (215994) main____ INFO      free physical memory   : 86430992 kB
2026-03-01 14:56:25.803174 (215994) main____ INFO      committed address space: 6660884 kB
2026-03-01 14:56:25.803184 (215994) main____ INFO    ----------------------------------------
2026-03-01 14:56:25.804316 (215994) main____ INFO    Important environment variables:
2026-03-01 14:56:25.804338 (215994) main____ INFO      CDS_LIC_FILE       : '5280@cadlic0'
2026-03-01 14:56:25.804352 (215994) main____ INFO      DISPLAY            : 'localhost:12.0'
2026-03-01 14:56:25.804364 (215994) main____ INFO      JASPER_INSTALL_DIR : '/cad/cadence/jasper_2023.12p001'
2026-03-01 14:56:25.804377 (215994) main____ INFO      JASPER_KERNEL_CHECK: '1'
2026-03-01 14:56:25.804389 (215994) main____ INFO      JASPER_OS_CHECK    : '0'
2026-03-01 14:56:25.804402 (215994) main____ INFO      LANG               : 'zh_TW.UTF-8'
2026-03-01 14:56:25.804412 (215994) main____ INFO    ----------------------------------------
2026-03-01 14:56:25.805431 (215994) lic_core INFO    Initializing license system ...
2026-03-01 14:56:25.806679 (215994) lic_core INFO    ... license system initialized.
2026-03-01 14:56:25.822295 (215994) lic__man INFO    Claim 'main' for <ui>.
2026-03-01 14:56:25.822339 (215994) lic_core INFO    (1) checking out 'jasper_interactive' ...
2026-03-01 14:56:25.834395 (215994) lic_core INFO    ... (1) checkout succeeded
2026-03-01 14:56:25.834453 (215994) lic__man INFO    Claim 'fpv' for <ui>.
2026-03-01 14:56:25.834474 (215994) lic_core INFO    (2) checking out 'jasper_fpv' ...
2026-03-01 14:56:25.838175 (215994) lic_core INFO    ... (2) checkout failed (error: -5) ("FLEXnet ERROR(-5, 0, 0): No such feature exists.")
2026-03-01 14:56:25.838209 (215994) lic_core INFO    (3) checking out 'jasper_fao' ...
2026-03-01 14:56:25.849491 (215994) lic_core INFO    ... (3) checkout succeeded
2026-03-01 14:56:25.850353 (216023) stdio___ INFO    Starting STDIN reader (tty: yes, tty name: '/dev/pts/0')
2026-03-01 14:56:25.850462 (215994) main____ INFO    Tool inactivity delay is 480000 ms.
2026-03-01 14:56:25.892137 (215994) session_ INFO    Starting analysis session with session id 'session_0' (launcher: <local>) ...
2026-03-01 14:56:25.893899 (215994) session_ INFO    Analysis session with session id 'session_0' started (pid: 216027)
2026-03-01 14:56:26.970211 (215994) session_ INFO    Analysis session 'session_0' connected to the console (host: 127.0.0.1:53736)
2026-03-01 14:56:30.055409 (215994) lic__man INFO    Unclaim everything for 'session_0'.
2026-03-01 14:56:30.255820 (215994) lic__man INFO    Claim 'fpv' for 'session_0'.
2026-03-01 14:56:30.255859 (215994) lic__man INFO    Claim 'fpv' for 'session_0/prove-0'.
2026-03-01 14:56:31.610358 (215994) lic__man INFO    Unclaim everything for 'session_0/prove-0'.
2026-03-01 14:56:31.652845 (215994) main____ INFO    About to exit: request to exit with status 0 received from analysis session 'session_0'
2026-03-01 14:56:31.805549 (215994) session_ INFO    Analysis session 'session_0' disconnected.
2026-03-01 14:56:31.805769 (215994) lic__man INFO    Unclaim everything for 'session_0'.
2026-03-01 14:56:31.805976 (215994) session_ INFO    Process for analysis session 'session_0' has exited with exit status '0'.
2026-03-01 14:56:33.760830 (216023) stdio___ INFO    STDIN reader requested to stop.
2026-03-01 14:56:33.760867 (216023) stdio___ INFO    STDIN reader stopped.
2026-03-01 14:56:33.761083 (215994) lic_core INFO    (1) checkin jasper_interactive
2026-03-01 14:56:33.762174 (215994) lic_core INFO    (3) checkin jasper_fao
2026-03-01 14:56:33.763277 (215994) main____ INFO    Exiting with status 0.
