2026-02-26 05:30:06.507160 (3756949) main____ INFO    ----------------------------------------
2026-02-26 05:30:06.507264 (3756949) main____ INFO    Jasper version info
2026-02-26 05:30:06.507282 (3756949) main____ INFO      tool      : Jasper 2023.12
2026-02-26 05:30:06.507300 (3756949) main____ INFO      version   : 2023.12p001 64 bits
2026-02-26 05:30:06.507340 (3756949) main____ INFO      build date: 2024.01.23 16:09:24 UTC
2026-02-26 05:30:06.507351 (3756949) main____ INFO    ----------------------------------------
2026-02-26 05:30:06.507362 (3756949) main____ INFO    Runtime info:
2026-02-26 05:30:06.507374 (3756949) main____ INFO      platform  : Linux 4.18.0-553.89.1.el8_10.x86_64 x86_64
2026-02-26 05:30:06.507396 (3756949) main____ INFO      hostname  : caddy15.stanford.edu
2026-02-26 05:30:06.507414 (3756949) main____ INFO      pid       : 3756949
2026-02-26 05:30:06.507427 (3756949) main____ INFO      arguments : '-style' 'windows' '-allow_unsupported_OS' '-no_gui' '-fpv' './synthlc/i_ADDI_out/xPerfLocSubsetDiv/coverset_128_.tcl' '-proj' './synthlc/i_ADDI_out/xPerfLocSubsetDiv/coverset_128_jgsession_26-02-26-05_30_06'
2026-02-26 05:30:06.507446 (3756949) main____ INFO      locale    : UTF-8
2026-02-26 05:30:06.507457 (3756949) main____ INFO    ----------------------------------------
2026-02-26 05:30:06.507468 (3756949) main____ INFO    System resource limits info:
2026-02-26 05:30:06.507482 (3756949) main____ INFO      virtual memory: unlimited
2026-02-26 05:30:06.507496 (3756949) main____ INFO      cpu time      : unlimited
2026-02-26 05:30:06.507516 (3756949) main____ INFO      processes     : 4096
2026-02-26 05:30:06.507539 (3756949) main____ INFO      stack size    : 8388608 B
2026-02-26 05:30:06.507555 (3756949) main____ INFO      core file size: 0 B
2026-02-26 05:30:06.507569 (3756949) main____ INFO      open files    : 4096
2026-02-26 05:30:06.507583 (3756949) main____ INFO      file size     : unlimited
2026-02-26 05:30:06.507594 (3756949) main____ INFO    ----------------------------------------
2026-02-26 05:30:06.507605 (3756949) main____ INFO    Memory statistics:
2026-02-26 05:30:06.507618 (3756949) main____ INFO      total physical memory  : 98449092 kB
2026-02-26 05:30:06.507630 (3756949) main____ INFO      free physical memory   : 78162400 kB
2026-02-26 05:30:06.507643 (3756949) main____ INFO      committed address space: 4520716 kB
2026-02-26 05:30:06.507654 (3756949) main____ INFO    ----------------------------------------
2026-02-26 05:30:06.509007 (3756949) main____ INFO    Important environment variables:
2026-02-26 05:30:06.509036 (3756949) main____ INFO      CDS_LIC_FILE       : '5280@cadlic0'
2026-02-26 05:30:06.509050 (3756949) main____ INFO      JASPER_INSTALL_DIR : '/cad/cadence/jasper_2023.12p001'
2026-02-26 05:30:06.509064 (3756949) main____ INFO      JASPER_KERNEL_CHECK: '1'
2026-02-26 05:30:06.509078 (3756949) main____ INFO      JASPER_OS_CHECK    : '0'
2026-02-26 05:30:06.509091 (3756949) main____ INFO      LANG               : 'en_US.UTF-8'
2026-02-26 05:30:06.509103 (3756949) main____ INFO    ----------------------------------------
2026-02-26 05:30:06.510505 (3756949) lic_core INFO    Initializing license system ...
2026-02-26 05:30:06.515681 (3756949) lic_core INFO    ... license system initialized.
2026-02-26 05:30:06.528029 (3756949) lic__man INFO    Claim 'main' for <ui>.
2026-02-26 05:30:06.528097 (3756949) lic_core INFO    (1) checking out 'jasper_interactive' ...
2026-02-26 05:30:06.548966 (3756949) lic_core INFO    ... (1) checkout succeeded
2026-02-26 05:30:06.549090 (3756949) lic__man INFO    Claim 'fpv' for <ui>.
2026-02-26 05:30:06.549126 (3756949) lic_core INFO    (2) checking out 'jasper_fpv' ...
2026-02-26 05:30:06.564276 (3756949) lic_core INFO    ... (2) checkout failed (error: -5) ("FLEXnet ERROR(-5, 0, 0): No such feature exists.")
2026-02-26 05:30:06.564356 (3756949) lic_core INFO    (3) checking out 'jasper_fao' ...
2026-02-26 05:30:06.582143 (3756949) lic_core INFO    ... (3) checkout succeeded
2026-02-26 05:30:06.583636 (3756949) main____ INFO    Tool inactivity delay is 480000 ms.
2026-02-26 05:30:06.583991 (3756960) stdio___ INFO    Starting STDIN reader (tty: yes, tty name: '/dev/pts/0')
2026-02-26 05:30:06.634804 (3756949) session_ INFO    Starting analysis session with session id 'session_0' (launcher: <local>) ...
2026-02-26 05:30:06.636967 (3756949) session_ INFO    Analysis session with session id 'session_0' started (pid: 3756961)
2026-02-26 05:30:08.097027 (3756949) session_ INFO    Analysis session 'session_0' connected to the console (host: 127.0.0.1:48998)
2026-02-26 05:30:12.568758 (3756949) lic__man INFO    Unclaim everything for 'session_0'.
2026-02-26 05:30:12.768510 (3756949) lic__man INFO    Claim 'fpv' for 'session_0'.
2026-02-26 05:30:12.768544 (3756949) lic__man INFO    Claim 'fpv' for 'session_0/prove-0'.
2026-02-26 05:30:14.165923 (3756949) lic__man INFO    Unclaim everything for 'session_0/prove-0'.
2026-02-26 05:30:14.208438 (3756949) main____ INFO    About to exit: request to exit with status 0 received from analysis session 'session_0'
2026-02-26 05:30:14.345882 (3756949) session_ INFO    Analysis session 'session_0' disconnected.
2026-02-26 05:30:14.346085 (3756949) lic__man INFO    Unclaim everything for 'session_0'.
2026-02-26 05:30:14.346273 (3756949) session_ INFO    Process for analysis session 'session_0' has exited with exit status '0'.
2026-02-26 05:30:16.315577 (3756960) stdio___ INFO    STDIN reader requested to stop.
2026-02-26 05:30:16.315644 (3756960) stdio___ INFO    STDIN reader stopped.
2026-02-26 05:30:16.315940 (3756949) lic_core INFO    (1) checkin jasper_interactive
2026-02-26 05:30:16.317001 (3756949) lic_core INFO    (3) checkin jasper_fao
2026-02-26 05:30:16.318357 (3756949) main____ INFO    Exiting with status 0.
