2026-03-01 03:32:45.828587 (3888260) main____ INFO    ----------------------------------------
2026-03-01 03:32:45.828653 (3888260) main____ INFO    Jasper version info
2026-03-01 03:32:45.828684 (3888260) main____ INFO      tool      : Jasper 2023.12
2026-03-01 03:32:45.828699 (3888260) main____ INFO      version   : 2023.12p001 64 bits
2026-03-01 03:32:45.828712 (3888260) main____ INFO      build date: 2024.01.23 16:09:24 UTC
2026-03-01 03:32:45.828723 (3888260) main____ INFO    ----------------------------------------
2026-03-01 03:32:45.828733 (3888260) main____ INFO    Runtime info:
2026-03-01 03:32:45.828744 (3888260) main____ INFO      platform  : Linux 4.18.0-553.89.1.el8_10.x86_64 x86_64
2026-03-01 03:32:45.828760 (3888260) main____ INFO      hostname  : caddy12.stanford.edu
2026-03-01 03:32:45.828775 (3888260) main____ INFO      pid       : 3888260
2026-03-01 03:32:45.828786 (3888260) main____ INFO      arguments : '-style' 'windows' '-allow_unsupported_OS' '-no_gui' '-fpv' './synthlc/i_LW_out/xPairwiseDepDiv/nunv_anytwo_352_.tcl' '-proj' './synthlc/i_LW_out/xPairwiseDepDiv/nunv_anytwo_352_jgsession_26-03-01-03_32_45'
2026-03-01 03:32:45.828801 (3888260) main____ INFO      locale    : UTF-8
2026-03-01 03:32:45.828812 (3888260) main____ INFO    ----------------------------------------
2026-03-01 03:32:45.828822 (3888260) main____ INFO    System resource limits info:
2026-03-01 03:32:45.828834 (3888260) main____ INFO      virtual memory: unlimited
2026-03-01 03:32:45.828846 (3888260) main____ INFO      cpu time      : unlimited
2026-03-01 03:32:45.828863 (3888260) main____ INFO      processes     : 4096
2026-03-01 03:32:45.828884 (3888260) main____ INFO      stack size    : 8388608 B
2026-03-01 03:32:45.828898 (3888260) main____ INFO      core file size: 0 B
2026-03-01 03:32:45.828911 (3888260) main____ INFO      open files    : 4096
2026-03-01 03:32:45.828923 (3888260) main____ INFO      file size     : unlimited
2026-03-01 03:32:45.828934 (3888260) main____ INFO    ----------------------------------------
2026-03-01 03:32:45.828943 (3888260) main____ INFO    Memory statistics:
2026-03-01 03:32:45.828955 (3888260) main____ INFO      total physical memory  : 98449088 kB
2026-03-01 03:32:45.828967 (3888260) main____ INFO      free physical memory   : 87384984 kB
2026-03-01 03:32:45.828979 (3888260) main____ INFO      committed address space: 6564200 kB
2026-03-01 03:32:45.828989 (3888260) main____ INFO    ----------------------------------------
2026-03-01 03:32:45.830145 (3888260) main____ INFO    Important environment variables:
2026-03-01 03:32:45.830169 (3888260) main____ INFO      CDS_LIC_FILE       : '5280@cadlic0'
2026-03-01 03:32:45.830182 (3888260) main____ INFO      DISPLAY            : 'localhost:12.0'
2026-03-01 03:32:45.830194 (3888260) main____ INFO      JASPER_INSTALL_DIR : '/cad/cadence/jasper_2023.12p001'
2026-03-01 03:32:45.830206 (3888260) main____ INFO      JASPER_KERNEL_CHECK: '1'
2026-03-01 03:32:45.830218 (3888260) main____ INFO      JASPER_OS_CHECK    : '0'
2026-03-01 03:32:45.830230 (3888260) main____ INFO      LANG               : 'zh_TW.UTF-8'
2026-03-01 03:32:45.830241 (3888260) main____ INFO    ----------------------------------------
2026-03-01 03:32:45.831351 (3888260) lic_core INFO    Initializing license system ...
2026-03-01 03:32:45.834824 (3888260) lic_core INFO    ... license system initialized.
2026-03-01 03:32:45.852561 (3888260) lic__man INFO    Claim 'main' for <ui>.
2026-03-01 03:32:45.852621 (3888260) lic_core INFO    (1) checking out 'jasper_interactive' ...
2026-03-01 03:32:45.864807 (3888260) lic_core INFO    ... (1) checkout succeeded
2026-03-01 03:32:45.864877 (3888260) lic__man INFO    Claim 'fpv' for <ui>.
2026-03-01 03:32:45.864898 (3888260) lic_core INFO    (2) checking out 'jasper_fpv' ...
2026-03-01 03:32:45.868851 (3888260) lic_core INFO    ... (2) checkout failed (error: -5) ("FLEXnet ERROR(-5, 0, 0): No such feature exists.")
2026-03-01 03:32:45.868884 (3888260) lic_core INFO    (3) checking out 'jasper_fao' ...
2026-03-01 03:32:45.879378 (3888260) lic_core INFO    ... (3) checkout succeeded
2026-03-01 03:32:45.882368 (3888295) stdio___ INFO    Starting STDIN reader (tty: yes, tty name: '/dev/pts/0')
2026-03-01 03:32:45.882531 (3888260) main____ INFO    Tool inactivity delay is 480000 ms.
2026-03-01 03:32:45.928820 (3888260) session_ INFO    Starting analysis session with session id 'session_0' (launcher: <local>) ...
2026-03-01 03:32:45.930559 (3888260) session_ INFO    Analysis session with session id 'session_0' started (pid: 3888299)
2026-03-01 03:32:47.093123 (3888260) session_ INFO    Analysis session 'session_0' connected to the console (host: 127.0.0.1:60734)
2026-03-01 03:32:50.263368 (3888260) lic__man INFO    Unclaim everything for 'session_0'.
2026-03-01 03:32:50.461649 (3888260) lic__man INFO    Claim 'fpv' for 'session_0'.
2026-03-01 03:32:50.461701 (3888260) lic__man INFO    Claim 'fpv' for 'session_0/prove-0'.
2026-03-01 03:32:56.453918 (3888260) lic__man INFO    Unclaim everything for 'session_0/prove-0'.
2026-03-01 03:32:56.496791 (3888260) main____ INFO    About to exit: request to exit with status 0 received from analysis session 'session_0'
2026-03-01 03:32:56.641657 (3888260) session_ INFO    Analysis session 'session_0' disconnected.
2026-03-01 03:32:56.641876 (3888260) lic__man INFO    Unclaim everything for 'session_0'.
2026-03-01 03:32:56.642057 (3888260) session_ INFO    Process for analysis session 'session_0' has exited with exit status '0'.
2026-03-01 03:32:58.403584 (3888295) stdio___ INFO    STDIN reader requested to stop.
2026-03-01 03:32:58.403626 (3888295) stdio___ INFO    STDIN reader stopped.
2026-03-01 03:32:58.403848 (3888260) lic_core INFO    (1) checkin jasper_interactive
2026-03-01 03:32:58.404854 (3888260) lic_core INFO    (3) checkin jasper_fao
2026-03-01 03:32:58.405759 (3888260) main____ INFO    Exiting with status 0.
