2026-03-01 08:00:17.120254 (4102039) main____ INFO    ----------------------------------------
2026-03-01 08:00:17.120323 (4102039) main____ INFO    Jasper version info
2026-03-01 08:00:17.120338 (4102039) main____ INFO      tool      : Jasper 2023.12
2026-03-01 08:00:17.120353 (4102039) main____ INFO      version   : 2023.12p001 64 bits
2026-03-01 08:00:17.120367 (4102039) main____ INFO      build date: 2024.01.23 16:09:24 UTC
2026-03-01 08:00:17.120378 (4102039) main____ INFO    ----------------------------------------
2026-03-01 08:00:17.120388 (4102039) main____ INFO    Runtime info:
2026-03-01 08:00:17.120399 (4102039) main____ INFO      platform  : Linux 4.18.0-553.89.1.el8_10.x86_64 x86_64
2026-03-01 08:00:17.120415 (4102039) main____ INFO      hostname  : caddy12.stanford.edu
2026-03-01 08:00:17.120431 (4102039) main____ INFO      pid       : 4102039
2026-03-01 08:00:17.120442 (4102039) main____ INFO      arguments : '-style' 'windows' '-allow_unsupported_OS' '-no_gui' '-fpv' './synthlc/i_LW_out/xPerfLocSubsetDiv/coverset_129_.tcl' '-proj' './synthlc/i_LW_out/xPerfLocSubsetDiv/coverset_129_jgsession_26-03-01-08_00_16'
2026-03-01 08:00:17.120457 (4102039) main____ INFO      locale    : UTF-8
2026-03-01 08:00:17.120468 (4102039) main____ INFO    ----------------------------------------
2026-03-01 08:00:17.120478 (4102039) main____ INFO    System resource limits info:
2026-03-01 08:00:17.120491 (4102039) main____ INFO      virtual memory: unlimited
2026-03-01 08:00:17.120503 (4102039) main____ INFO      cpu time      : unlimited
2026-03-01 08:00:17.120520 (4102039) main____ INFO      processes     : 4096
2026-03-01 08:00:17.120538 (4102039) main____ INFO      stack size    : 8388608 B
2026-03-01 08:00:17.121645 (4102039) main____ INFO      core file size: 0 B
2026-03-01 08:00:17.121704 (4102039) main____ INFO      open files    : 4096
2026-03-01 08:00:17.121738 (4102039) main____ INFO      file size     : unlimited
2026-03-01 08:00:17.121767 (4102039) main____ INFO    ----------------------------------------
2026-03-01 08:00:17.121793 (4102039) main____ INFO    Memory statistics:
2026-03-01 08:00:17.121825 (4102039) main____ INFO      total physical memory  : 98449088 kB
2026-03-01 08:00:17.121856 (4102039) main____ INFO      free physical memory   : 86802304 kB
2026-03-01 08:00:17.121887 (4102039) main____ INFO      committed address space: 7148956 kB
2026-03-01 08:00:17.121914 (4102039) main____ INFO    ----------------------------------------
2026-03-01 08:00:17.123108 (4102039) main____ INFO    Important environment variables:
2026-03-01 08:00:17.123335 (4102039) main____ INFO      CDS_LIC_FILE       : '5280@cadlic0'
2026-03-01 08:00:17.123350 (4102039) main____ INFO      DISPLAY            : 'localhost:12.0'
2026-03-01 08:00:17.123362 (4102039) main____ INFO      JASPER_INSTALL_DIR : '/cad/cadence/jasper_2023.12p001'
2026-03-01 08:00:17.123375 (4102039) main____ INFO      JASPER_KERNEL_CHECK: '1'
2026-03-01 08:00:17.123387 (4102039) main____ INFO      JASPER_OS_CHECK    : '0'
2026-03-01 08:00:17.123399 (4102039) main____ INFO      LANG               : 'zh_TW.UTF-8'
2026-03-01 08:00:17.123410 (4102039) main____ INFO    ----------------------------------------
2026-03-01 08:00:17.124634 (4102039) lic_core INFO    Initializing license system ...
2026-03-01 08:00:17.128546 (4102039) lic_core INFO    ... license system initialized.
2026-03-01 08:00:17.140908 (4102039) lic__man INFO    Claim 'main' for <ui>.
2026-03-01 08:00:17.140957 (4102039) lic_core INFO    (1) checking out 'jasper_interactive' ...
2026-03-01 08:00:17.153164 (4102039) lic_core INFO    ... (1) checkout succeeded
2026-03-01 08:00:17.153231 (4102039) lic__man INFO    Claim 'fpv' for <ui>.
2026-03-01 08:00:17.153253 (4102039) lic_core INFO    (2) checking out 'jasper_fpv' ...
2026-03-01 08:00:17.157276 (4102039) lic_core INFO    ... (2) checkout failed (error: -5) ("FLEXnet ERROR(-5, 0, 0): No such feature exists.")
2026-03-01 08:00:17.157315 (4102039) lic_core INFO    (3) checking out 'jasper_fao' ...
2026-03-01 08:00:17.168721 (4102039) lic_core INFO    ... (3) checkout succeeded
2026-03-01 08:00:17.170272 (4102050) stdio___ INFO    Starting STDIN reader (tty: yes, tty name: '/dev/pts/0')
2026-03-01 08:00:17.170393 (4102039) main____ INFO    Tool inactivity delay is 480000 ms.
2026-03-01 08:00:17.214899 (4102039) session_ INFO    Starting analysis session with session id 'session_0' (launcher: <local>) ...
2026-03-01 08:00:17.216642 (4102039) session_ INFO    Analysis session with session id 'session_0' started (pid: 4102051)
2026-03-01 08:00:18.295945 (4102039) session_ INFO    Analysis session 'session_0' connected to the console (host: 127.0.0.1:39604)
2026-03-01 08:00:21.563553 (4102039) lic__man INFO    Unclaim everything for 'session_0'.
2026-03-01 08:00:21.773932 (4102039) lic__man INFO    Claim 'fpv' for 'session_0'.
2026-03-01 08:00:21.773974 (4102039) lic__man INFO    Claim 'fpv' for 'session_0/prove-0'.
2026-03-01 08:00:24.514833 (4102039) lic__man INFO    Unclaim everything for 'session_0/prove-0'.
2026-03-01 08:00:24.557860 (4102039) main____ INFO    About to exit: request to exit with status 0 received from analysis session 'session_0'
2026-03-01 08:00:24.695135 (4102039) session_ INFO    Analysis session 'session_0' disconnected.
2026-03-01 08:00:24.695287 (4102039) lic__man INFO    Unclaim everything for 'session_0'.
2026-03-01 08:00:24.707088 (4102039) session_ INFO    Process for analysis session 'session_0' has exited with exit status '0'.
2026-03-01 08:00:26.480752 (4102050) stdio___ INFO    STDIN reader requested to stop.
2026-03-01 08:00:26.480813 (4102050) stdio___ INFO    STDIN reader stopped.
2026-03-01 08:00:26.490908 (4102039) lic_core INFO    (1) checkin jasper_interactive
2026-03-01 08:00:26.498583 (4102039) lic_core INFO    (3) checkin jasper_fao
2026-03-01 08:00:26.512098 (4102039) main____ INFO    Exiting with status 0.
