2026-03-02 11:15:32.249056 (603587) main____ INFO    ----------------------------------------
2026-03-02 11:15:32.249120 (603587) main____ INFO    Jasper version info
2026-03-02 11:15:32.249135 (603587) main____ INFO      tool      : Jasper 2023.12
2026-03-02 11:15:32.249148 (603587) main____ INFO      version   : 2023.12p001 64 bits
2026-03-02 11:15:32.249160 (603587) main____ INFO      build date: 2024.01.23 16:09:24 UTC
2026-03-02 11:15:32.249170 (603587) main____ INFO    ----------------------------------------
2026-03-02 11:15:32.249179 (603587) main____ INFO    Runtime info:
2026-03-02 11:15:32.249189 (603587) main____ INFO      platform  : Linux 4.18.0-553.89.1.el8_10.x86_64 x86_64
2026-03-02 11:15:32.249207 (603587) main____ INFO      hostname  : caddy12.stanford.edu
2026-03-02 11:15:32.249222 (603587) main____ INFO      pid       : 603587
2026-03-02 11:15:32.249232 (603587) main____ INFO      arguments : '-style' 'windows' '-allow_unsupported_OS' '-no_gui' '-fpv' './synthlc/i_ADDI_out/xHBPerfG_dfg_v3_div/HB_206_.tcl' '-proj' './synthlc/i_ADDI_out/xHBPerfG_dfg_v3_div/HB_206_jgsession_26-03-02-11_15_32'
2026-03-02 11:15:32.249247 (603587) main____ INFO      locale    : UTF-8
2026-03-02 11:15:32.249256 (603587) main____ INFO    ----------------------------------------
2026-03-02 11:15:32.249265 (603587) main____ INFO    System resource limits info:
2026-03-02 11:15:32.249277 (603587) main____ INFO      virtual memory: unlimited
2026-03-02 11:15:32.249288 (603587) main____ INFO      cpu time      : unlimited
2026-03-02 11:15:32.249304 (603587) main____ INFO      processes     : 4096
2026-03-02 11:15:32.249321 (603587) main____ INFO      stack size    : 8388608 B
2026-03-02 11:15:32.249335 (603587) main____ INFO      core file size: 0 B
2026-03-02 11:15:32.249347 (603587) main____ INFO      open files    : 4096
2026-03-02 11:15:32.249358 (603587) main____ INFO      file size     : unlimited
2026-03-02 11:15:32.249368 (603587) main____ INFO    ----------------------------------------
2026-03-02 11:15:32.249376 (603587) main____ INFO    Memory statistics:
2026-03-02 11:15:32.249388 (603587) main____ INFO      total physical memory  : 98449088 kB
2026-03-02 11:15:32.249398 (603587) main____ INFO      free physical memory   : 87934352 kB
2026-03-02 11:15:32.249410 (603587) main____ INFO      committed address space: 6917836 kB
2026-03-02 11:15:32.249419 (603587) main____ INFO    ----------------------------------------
2026-03-02 11:15:32.250570 (603587) main____ INFO    Important environment variables:
2026-03-02 11:15:32.250591 (603587) main____ INFO      CDS_LIC_FILE       : '5280@cadlic0'
2026-03-02 11:15:32.250604 (603587) main____ INFO      DISPLAY            : 'localhost:12.0'
2026-03-02 11:15:32.250615 (603587) main____ INFO      JASPER_INSTALL_DIR : '/cad/cadence/jasper_2023.12p001'
2026-03-02 11:15:32.250626 (603587) main____ INFO      JASPER_KERNEL_CHECK: '1'
2026-03-02 11:15:32.250637 (603587) main____ INFO      JASPER_OS_CHECK    : '0'
2026-03-02 11:15:32.250649 (603587) main____ INFO      LANG               : 'zh_TW.UTF-8'
2026-03-02 11:15:32.250658 (603587) main____ INFO    ----------------------------------------
2026-03-02 11:15:32.251794 (603587) lic_core INFO    Initializing license system ...
2026-03-02 11:15:32.254263 (603587) lic_core INFO    ... license system initialized.
2026-03-02 11:15:32.265884 (603587) lic__man INFO    Claim 'main' for <ui>.
2026-03-02 11:15:32.265928 (603587) lic_core INFO    (1) checking out 'jasper_interactive' ...
2026-03-02 11:15:32.278886 (603587) lic_core INFO    ... (1) checkout succeeded
2026-03-02 11:15:32.278949 (603587) lic__man INFO    Claim 'fpv' for <ui>.
2026-03-02 11:15:32.278971 (603587) lic_core INFO    (2) checking out 'jasper_fpv' ...
2026-03-02 11:15:32.282791 (603587) lic_core INFO    ... (2) checkout failed (error: -5) ("FLEXnet ERROR(-5, 0, 0): No such feature exists.")
2026-03-02 11:15:32.282830 (603587) lic_core INFO    (3) checking out 'jasper_fao' ...
2026-03-02 11:15:32.293482 (603587) lic_core INFO    ... (3) checkout succeeded
2026-03-02 11:15:32.294495 (603587) main____ INFO    Tool inactivity delay is 480000 ms.
2026-03-02 11:15:32.294540 (603607) stdio___ INFO    Starting STDIN reader (tty: yes, tty name: '/dev/pts/0')
2026-03-02 11:15:32.337605 (603587) session_ INFO    Starting analysis session with session id 'session_0' (launcher: <local>) ...
2026-03-02 11:15:32.339461 (603587) session_ INFO    Analysis session with session id 'session_0' started (pid: 603610)
2026-03-02 11:15:33.757972 (603587) session_ INFO    Analysis session 'session_0' connected to the console (host: 127.0.0.1:56616)
2026-03-02 11:15:36.801403 (603587) lic__man INFO    Unclaim everything for 'session_0'.
2026-03-02 11:15:36.997861 (603587) lic__man INFO    Claim 'fpv' for 'session_0'.
2026-03-02 11:15:36.997897 (603587) lic__man INFO    Claim 'fpv' for 'session_0/prove-0'.
2026-03-02 11:15:38.543388 (603587) lic__man INFO    Unclaim everything for 'session_0/prove-0'.
2026-03-02 11:15:38.584832 (603587) main____ INFO    About to exit: request to exit with status 0 received from analysis session 'session_0'
2026-03-02 11:15:38.726175 (603587) session_ INFO    Analysis session 'session_0' disconnected.
2026-03-02 11:15:38.726362 (603587) lic__man INFO    Unclaim everything for 'session_0'.
2026-03-02 11:15:38.726541 (603587) session_ INFO    Process for analysis session 'session_0' has exited with exit status '0'.
2026-03-02 11:15:40.491384 (603607) stdio___ INFO    STDIN reader requested to stop.
2026-03-02 11:15:40.491433 (603607) stdio___ INFO    STDIN reader stopped.
2026-03-02 11:15:40.491699 (603587) lic_core INFO    (1) checkin jasper_interactive
2026-03-02 11:15:40.492677 (603587) lic_core INFO    (3) checkin jasper_fao
2026-03-02 11:15:40.494104 (603587) main____ INFO    Exiting with status 0.
