2026-03-01 14:18:54.565308 (171739) main____ INFO    ----------------------------------------
2026-03-01 14:18:54.565410 (171739) main____ INFO    Jasper version info
2026-03-01 14:18:54.565429 (171739) main____ INFO      tool      : Jasper 2023.12
2026-03-01 14:18:54.565448 (171739) main____ INFO      version   : 2023.12p001 64 bits
2026-03-01 14:18:54.565464 (171739) main____ INFO      build date: 2024.01.23 16:09:24 UTC
2026-03-01 14:18:54.565477 (171739) main____ INFO    ----------------------------------------
2026-03-01 14:18:54.565488 (171739) main____ INFO    Runtime info:
2026-03-01 14:18:54.565501 (171739) main____ INFO      platform  : Linux 4.18.0-553.89.1.el8_10.x86_64 x86_64
2026-03-01 14:18:54.565523 (171739) main____ INFO      hostname  : caddy12.stanford.edu
2026-03-01 14:18:54.565541 (171739) main____ INFO      pid       : 171739
2026-03-01 14:18:54.565554 (171739) main____ INFO      arguments : '-style' 'windows' '-allow_unsupported_OS' '-no_gui' '-fpv' './synthlc/i_LW_out/xPerfLocCycleCount/over1cyc_26_div_fsm_s6_.tcl' '-proj' './synthlc/i_LW_out/xPerfLocCycleCount/over1cyc_26_div_fsm_s6_jgsession_26-03-01-14_18_53'
2026-03-01 14:18:54.565573 (171739) main____ INFO      locale    : UTF-8
2026-03-01 14:18:54.565585 (171739) main____ INFO    ----------------------------------------
2026-03-01 14:18:54.565597 (171739) main____ INFO    System resource limits info:
2026-03-01 14:18:54.565611 (171739) main____ INFO      virtual memory: unlimited
2026-03-01 14:18:54.565626 (171739) main____ INFO      cpu time      : unlimited
2026-03-01 14:18:54.565646 (171739) main____ INFO      processes     : 4096
2026-03-01 14:18:54.565687 (171739) main____ INFO      stack size    : 8388608 B
2026-03-01 14:18:54.565704 (171739) main____ INFO      core file size: 0 B
2026-03-01 14:18:54.565720 (171739) main____ INFO      open files    : 4096
2026-03-01 14:18:54.565735 (171739) main____ INFO      file size     : unlimited
2026-03-01 14:18:54.565747 (171739) main____ INFO    ----------------------------------------
2026-03-01 14:18:54.565758 (171739) main____ INFO    Memory statistics:
2026-03-01 14:18:54.565772 (171739) main____ INFO      total physical memory  : 98449088 kB
2026-03-01 14:18:54.565786 (171739) main____ INFO      free physical memory   : 82034368 kB
2026-03-01 14:18:54.565800 (171739) main____ INFO      committed address space: 12734544 kB
2026-03-01 14:18:54.565812 (171739) main____ INFO    ----------------------------------------
2026-03-01 14:18:54.567018 (171739) main____ INFO    Important environment variables:
2026-03-01 14:18:54.567051 (171739) main____ INFO      CDS_LIC_FILE       : '5280@cadlic0'
2026-03-01 14:18:54.567066 (171739) main____ INFO      DISPLAY            : 'localhost:12.0'
2026-03-01 14:18:54.567081 (171739) main____ INFO      JASPER_INSTALL_DIR : '/cad/cadence/jasper_2023.12p001'
2026-03-01 14:18:54.567095 (171739) main____ INFO      JASPER_KERNEL_CHECK: '1'
2026-03-01 14:18:54.567110 (171739) main____ INFO      JASPER_OS_CHECK    : '0'
2026-03-01 14:18:54.567125 (171739) main____ INFO      LANG               : 'zh_TW.UTF-8'
2026-03-01 14:18:54.567137 (171739) main____ INFO    ----------------------------------------
2026-03-01 14:18:54.569843 (171739) lic_core INFO    Initializing license system ...
2026-03-01 14:18:54.604044 (171739) lic_core INFO    ... license system initialized.
2026-03-01 14:18:54.748980 (171739) lic__man INFO    Claim 'main' for <ui>.
2026-03-01 14:18:54.749061 (171739) lic_core INFO    (1) checking out 'jasper_interactive' ...
2026-03-01 14:18:54.834981 (171739) lic_core INFO    ... (1) checkout succeeded
2026-03-01 14:18:54.835104 (171739) lic__man INFO    Claim 'fpv' for <ui>.
2026-03-01 14:18:54.835134 (171739) lic_core INFO    (2) checking out 'jasper_fpv' ...
2026-03-01 14:18:54.906161 (171739) lic_core INFO    ... (2) checkout failed (error: -5) ("FLEXnet ERROR(-5, 0, 0): No such feature exists.")
2026-03-01 14:18:54.906235 (171739) lic_core INFO    (3) checking out 'jasper_fao' ...
2026-03-01 14:18:54.989920 (171739) lic_core INFO    ... (3) checkout succeeded
2026-03-01 14:18:55.014510 (171739) main____ INFO    Tool inactivity delay is 480000 ms.
2026-03-01 14:18:55.025276 (171755) stdio___ INFO    Starting STDIN reader (tty: yes, tty name: '/dev/pts/0')
2026-03-01 14:18:55.377807 (171739) session_ INFO    Starting analysis session with session id 'session_0' (launcher: <local>) ...
2026-03-01 14:18:55.379775 (171739) session_ INFO    Analysis session with session id 'session_0' started (pid: 171756)
2026-03-01 14:19:00.442278 (171739) session_ INFO    Analysis session 'session_0' connected to the console (host: 127.0.0.1:43420)
2026-03-01 14:19:09.342765 (171739) lic__man INFO    Unclaim everything for 'session_0'.
2026-03-01 14:19:09.942362 (171739) lic__man INFO    Claim 'fpv' for 'session_0'.
2026-03-01 14:19:09.942416 (171739) lic__man INFO    Claim 'fpv' for 'session_0/prove-0'.
2026-03-01 14:19:48.157021 (171739) lic__man INFO    Unclaim everything for 'session_0/prove-0'.
2026-03-01 14:19:48.203002 (171739) main____ INFO    About to exit: request to exit with status 0 received from analysis session 'session_0'
2026-03-01 14:19:48.668923 (171739) session_ INFO    Analysis session 'session_0' disconnected.
2026-03-01 14:19:48.669107 (171739) lic__man INFO    Unclaim everything for 'session_0'.
2026-03-01 14:19:48.689900 (171739) session_ INFO    Process for analysis session 'session_0' has exited with exit status '0'.
2026-03-01 14:19:50.319636 (171755) stdio___ INFO    STDIN reader requested to stop.
2026-03-01 14:19:50.319721 (171755) stdio___ INFO    STDIN reader stopped.
2026-03-01 14:19:50.326815 (171739) lic_core INFO    (1) checkin jasper_interactive
2026-03-01 14:19:50.343620 (171739) lic_core INFO    (3) checkin jasper_fao
2026-03-01 14:19:50.375939 (171739) main____ INFO    Exiting with status 0.
