2026-02-26 10:43:40.475542 (2073501) main____ INFO    ----------------------------------------
2026-02-26 10:43:40.475635 (2073501) main____ INFO    Jasper version info
2026-02-26 10:43:40.475651 (2073501) main____ INFO      tool      : Jasper 2023.12
2026-02-26 10:43:40.475680 (2073501) main____ INFO      version   : 2023.12p001 64 bits
2026-02-26 10:43:40.475693 (2073501) main____ INFO      build date: 2024.01.23 16:09:24 UTC
2026-02-26 10:43:40.475703 (2073501) main____ INFO    ----------------------------------------
2026-02-26 10:43:40.475712 (2073501) main____ INFO    Runtime info:
2026-02-26 10:43:40.475722 (2073501) main____ INFO      platform  : Linux 4.18.0-553.89.1.el8_10.x86_64 x86_64
2026-02-26 10:43:40.475740 (2073501) main____ INFO      hostname  : caddy12.stanford.edu
2026-02-26 10:43:40.475755 (2073501) main____ INFO      pid       : 2073501
2026-02-26 10:43:40.475766 (2073501) main____ INFO      arguments : '-style' 'windows' '-allow_unsupported_OS' '-no_gui' '-fpv' './synthlc/i_DIV_out/xPairwiseDepDiv/nunv_anytwo_54_.tcl' '-proj' './synthlc/i_DIV_out/xPairwiseDepDiv/nunv_anytwo_54_jgsession_26-02-26-10_43_39'
2026-02-26 10:43:40.475783 (2073501) main____ INFO      locale    : UTF-8
2026-02-26 10:43:40.475793 (2073501) main____ INFO    ----------------------------------------
2026-02-26 10:43:40.475802 (2073501) main____ INFO    System resource limits info:
2026-02-26 10:43:40.475814 (2073501) main____ INFO      virtual memory: unlimited
2026-02-26 10:43:40.475826 (2073501) main____ INFO      cpu time      : unlimited
2026-02-26 10:43:40.475842 (2073501) main____ INFO      processes     : 4096
2026-02-26 10:43:40.475862 (2073501) main____ INFO      stack size    : 8388608 B
2026-02-26 10:43:40.475875 (2073501) main____ INFO      core file size: 0 B
2026-02-26 10:43:40.475888 (2073501) main____ INFO      open files    : 4096
2026-02-26 10:43:40.475899 (2073501) main____ INFO      file size     : unlimited
2026-02-26 10:43:40.475908 (2073501) main____ INFO    ----------------------------------------
2026-02-26 10:43:40.475917 (2073501) main____ INFO    Memory statistics:
2026-02-26 10:43:40.475927 (2073501) main____ INFO      total physical memory  : 98449088 kB
2026-02-26 10:43:40.475938 (2073501) main____ INFO      free physical memory   : 74553244 kB
2026-02-26 10:43:40.475949 (2073501) main____ INFO      committed address space: 10616876 kB
2026-02-26 10:43:40.475958 (2073501) main____ INFO    ----------------------------------------
2026-02-26 10:43:40.477149 (2073501) main____ INFO    Important environment variables:
2026-02-26 10:43:40.477174 (2073501) main____ INFO      CDS_LIC_FILE       : '5280@cadlic0'
2026-02-26 10:43:40.477187 (2073501) main____ INFO      DISPLAY            : 'localhost:12.0'
2026-02-26 10:43:40.477198 (2073501) main____ INFO      JASPER_INSTALL_DIR : '/cad/cadence/jasper_2023.12p001'
2026-02-26 10:43:40.477209 (2073501) main____ INFO      JASPER_KERNEL_CHECK: '1'
2026-02-26 10:43:40.477220 (2073501) main____ INFO      JASPER_OS_CHECK    : '0'
2026-02-26 10:43:40.477232 (2073501) main____ INFO      LANG               : 'zh_TW.UTF-8'
2026-02-26 10:43:40.477241 (2073501) main____ INFO    ----------------------------------------
2026-02-26 10:43:40.479136 (2073501) lic_core INFO    Initializing license system ...
2026-02-26 10:43:40.503618 (2073501) lic_core INFO    ... license system initialized.
2026-02-26 10:43:40.647937 (2073501) lic__man INFO    Claim 'main' for <ui>.
2026-02-26 10:43:40.648009 (2073501) lic_core INFO    (1) checking out 'jasper_interactive' ...
2026-02-26 10:43:40.719973 (2073501) lic_core INFO    ... (1) checkout succeeded
2026-02-26 10:43:40.720071 (2073501) lic__man INFO    Claim 'fpv' for <ui>.
2026-02-26 10:43:40.720097 (2073501) lic_core INFO    (2) checking out 'jasper_fpv' ...
2026-02-26 10:43:40.777117 (2073501) lic_core INFO    ... (2) checkout failed (error: -5) ("FLEXnet ERROR(-5, 0, 0): No such feature exists.")
2026-02-26 10:43:40.777165 (2073501) lic_core INFO    (3) checking out 'jasper_fao' ...
2026-02-26 10:43:40.847998 (2073501) lic_core INFO    ... (3) checkout succeeded
2026-02-26 10:43:40.872128 (2073501) main____ INFO    Tool inactivity delay is 480000 ms.
2026-02-26 10:43:40.889911 (2073586) stdio___ INFO    Starting STDIN reader (tty: yes, tty name: '/dev/pts/0')
2026-02-26 10:43:41.214825 (2073501) session_ INFO    Starting analysis session with session id 'session_0' (launcher: <local>) ...
2026-02-26 10:43:41.216699 (2073501) session_ INFO    Analysis session with session id 'session_0' started (pid: 2073587)
2026-02-26 10:43:44.522176 (2073501) session_ INFO    Analysis session 'session_0' connected to the console (host: 127.0.0.1:37480)
2026-02-26 10:43:48.899815 (2073501) lic__man INFO    Unclaim everything for 'session_0'.
2026-02-26 10:43:49.285199 (2073501) lic__man INFO    Claim 'fpv' for 'session_0'.
2026-02-26 10:43:49.285246 (2073501) lic__man INFO    Claim 'fpv' for 'session_0/prove-0'.
2026-02-26 10:43:52.595003 (2073501) lic__man INFO    Unclaim everything for 'session_0/prove-0'.
2026-02-26 10:43:52.640941 (2073501) main____ INFO    About to exit: request to exit with status 0 received from analysis session 'session_0'
2026-02-26 10:43:52.818604 (2073501) session_ INFO    Analysis session 'session_0' disconnected.
2026-02-26 10:43:52.818757 (2073501) lic__man INFO    Unclaim everything for 'session_0'.
2026-02-26 10:43:52.819044 (2073501) session_ INFO    Process for analysis session 'session_0' has exited with exit status '0'.
2026-02-26 10:43:54.765746 (2073586) stdio___ INFO    STDIN reader requested to stop.
2026-02-26 10:43:54.765802 (2073586) stdio___ INFO    STDIN reader stopped.
2026-02-26 10:43:54.777950 (2073501) lic_core INFO    (1) checkin jasper_interactive
2026-02-26 10:43:54.789896 (2073501) lic_core INFO    (3) checkin jasper_fao
2026-02-26 10:43:54.800266 (2073501) main____ INFO    Exiting with status 0.
