2026-02-26 00:31:41.110312 (1791420) main____ INFO    ----------------------------------------
2026-02-26 00:31:41.110420 (1791420) main____ INFO    Jasper version info
2026-02-26 00:31:41.110438 (1791420) main____ INFO      tool      : Jasper 2023.12
2026-02-26 00:31:41.110453 (1791420) main____ INFO      version   : 2023.12p001 64 bits
2026-02-26 00:31:41.110466 (1791420) main____ INFO      build date: 2024.01.23 16:09:24 UTC
2026-02-26 00:31:41.110476 (1791420) main____ INFO    ----------------------------------------
2026-02-26 00:31:41.110485 (1791420) main____ INFO    Runtime info:
2026-02-26 00:31:41.110496 (1791420) main____ INFO      platform  : Linux 4.18.0-553.89.1.el8_10.x86_64 x86_64
2026-02-26 00:31:41.110515 (1791420) main____ INFO      hostname  : caddy12.stanford.edu
2026-02-26 00:31:41.110531 (1791420) main____ INFO      pid       : 1791420
2026-02-26 00:31:41.110542 (1791420) main____ INFO      arguments : '-style' 'windows' '-allow_unsupported_OS' '-no_gui' '-fpv' './synthlc/i_MUL_out/xPairwiseDepDiv/nunv_anytwo_90_.tcl' '-proj' './synthlc/i_MUL_out/xPairwiseDepDiv/nunv_anytwo_90_jgsession_26-02-26-00_31_40'
2026-02-26 00:31:41.110559 (1791420) main____ INFO      locale    : UTF-8
2026-02-26 00:31:41.110569 (1791420) main____ INFO    ----------------------------------------
2026-02-26 00:31:41.110578 (1791420) main____ INFO    System resource limits info:
2026-02-26 00:31:41.110590 (1791420) main____ INFO      virtual memory: unlimited
2026-02-26 00:31:41.110602 (1791420) main____ INFO      cpu time      : unlimited
2026-02-26 00:31:41.110620 (1791420) main____ INFO      processes     : 4096
2026-02-26 00:31:41.110641 (1791420) main____ INFO      stack size    : 8388608 B
2026-02-26 00:31:41.110656 (1791420) main____ INFO      core file size: 0 B
2026-02-26 00:31:41.110685 (1791420) main____ INFO      open files    : 4096
2026-02-26 00:31:41.110697 (1791420) main____ INFO      file size     : unlimited
2026-02-26 00:31:41.110706 (1791420) main____ INFO    ----------------------------------------
2026-02-26 00:31:41.110715 (1791420) main____ INFO    Memory statistics:
2026-02-26 00:31:41.110727 (1791420) main____ INFO      total physical memory  : 98449088 kB
2026-02-26 00:31:41.110738 (1791420) main____ INFO      free physical memory   : 73005404 kB
2026-02-26 00:31:41.110758 (1791420) main____ INFO      committed address space: 13523664 kB
2026-02-26 00:31:41.110768 (1791420) main____ INFO    ----------------------------------------
2026-02-26 00:31:41.111988 (1791420) main____ INFO    Important environment variables:
2026-02-26 00:31:41.112014 (1791420) main____ INFO      CDS_LIC_FILE       : '5280@cadlic0'
2026-02-26 00:31:41.112027 (1791420) main____ INFO      DISPLAY            : 'localhost:12.0'
2026-02-26 00:31:41.112038 (1791420) main____ INFO      JASPER_INSTALL_DIR : '/cad/cadence/jasper_2023.12p001'
2026-02-26 00:31:41.112050 (1791420) main____ INFO      JASPER_KERNEL_CHECK: '1'
2026-02-26 00:31:41.112061 (1791420) main____ INFO      JASPER_OS_CHECK    : '0'
2026-02-26 00:31:41.112073 (1791420) main____ INFO      LANG               : 'zh_TW.UTF-8'
2026-02-26 00:31:41.112082 (1791420) main____ INFO    ----------------------------------------
2026-02-26 00:31:41.121889 (1791420) lic_core INFO    Initializing license system ...
2026-02-26 00:31:41.175514 (1791420) lic_core INFO    ... license system initialized.
2026-02-26 00:31:41.333962 (1791420) lic__man INFO    Claim 'main' for <ui>.
2026-02-26 00:31:41.334029 (1791420) lic_core INFO    (1) checking out 'jasper_interactive' ...
2026-02-26 00:31:41.405027 (1791420) lic_core INFO    ... (1) checkout succeeded
2026-02-26 00:31:41.405138 (1791420) lic__man INFO    Claim 'fpv' for <ui>.
2026-02-26 00:31:41.405168 (1791420) lic_core INFO    (2) checking out 'jasper_fpv' ...
2026-02-26 00:31:41.465186 (1791420) lic_core INFO    ... (2) checkout failed (error: -5) ("FLEXnet ERROR(-5, 0, 0): No such feature exists.")
2026-02-26 00:31:41.465245 (1791420) lic_core INFO    (3) checking out 'jasper_fao' ...
2026-02-26 00:31:41.547084 (1791420) lic_core INFO    ... (3) checkout succeeded
2026-02-26 00:31:41.605636 (1791420) main____ INFO    Tool inactivity delay is 480000 ms.
2026-02-26 00:31:41.613945 (1791436) stdio___ INFO    Starting STDIN reader (tty: yes, tty name: '/dev/pts/0')
2026-02-26 00:31:42.004819 (1791420) session_ INFO    Starting analysis session with session id 'session_0' (launcher: <local>) ...
2026-02-26 00:31:42.006948 (1791420) session_ INFO    Analysis session with session id 'session_0' started (pid: 1791437)
2026-02-26 00:31:46.465207 (1791420) session_ INFO    Analysis session 'session_0' connected to the console (host: 127.0.0.1:36668)
2026-02-26 00:31:57.431020 (1791420) lic__man INFO    Unclaim everything for 'session_0'.
2026-02-26 00:31:57.973105 (1791420) lic__man INFO    Claim 'fpv' for 'session_0'.
2026-02-26 00:31:57.973149 (1791420) lic__man INFO    Claim 'fpv' for 'session_0/prove-0'.
2026-02-26 00:32:00.952474 (1791420) lic__man INFO    Unclaim everything for 'session_0/prove-0'.
2026-02-26 00:32:01.038872 (1791420) main____ INFO    About to exit: request to exit with status 0 received from analysis session 'session_0'
2026-02-26 00:32:01.623482 (1791420) session_ INFO    Analysis session 'session_0' disconnected.
2026-02-26 00:32:01.623630 (1791420) lic__man INFO    Unclaim everything for 'session_0'.
2026-02-26 00:32:01.639176 (1791420) session_ INFO    Process for analysis session 'session_0' has exited with exit status '0'.
2026-02-26 00:32:02.951769 (1791436) stdio___ INFO    STDIN reader requested to stop.
2026-02-26 00:32:02.951824 (1791436) stdio___ INFO    STDIN reader stopped.
2026-02-26 00:32:02.952215 (1791420) lic_core INFO    (1) checkin jasper_interactive
2026-02-26 00:32:02.954600 (1791420) lic_core INFO    (3) checkin jasper_fao
2026-02-26 00:32:02.980904 (1791420) main____ INFO    Exiting with status 0.
