2026-03-01 07:19:44.694354 (4068958) main____ INFO    ----------------------------------------
2026-03-01 07:19:44.694426 (4068958) main____ INFO    Jasper version info
2026-03-01 07:19:44.694442 (4068958) main____ INFO      tool      : Jasper 2023.12
2026-03-01 07:19:44.694457 (4068958) main____ INFO      version   : 2023.12p001 64 bits
2026-03-01 07:19:44.694470 (4068958) main____ INFO      build date: 2024.01.23 16:09:24 UTC
2026-03-01 07:19:44.694481 (4068958) main____ INFO    ----------------------------------------
2026-03-01 07:19:44.694491 (4068958) main____ INFO    Runtime info:
2026-03-01 07:19:44.694502 (4068958) main____ INFO      platform  : Linux 4.18.0-553.89.1.el8_10.x86_64 x86_64
2026-03-01 07:19:44.694519 (4068958) main____ INFO      hostname  : caddy12.stanford.edu
2026-03-01 07:19:44.694534 (4068958) main____ INFO      pid       : 4068958
2026-03-01 07:19:44.694545 (4068958) main____ INFO      arguments : '-style' 'windows' '-allow_unsupported_OS' '-no_gui' '-fpv' './synthlc/i_LW_out/xPairwiseDepDiv/nunv_anytwo_74_.tcl' '-proj' './synthlc/i_LW_out/xPairwiseDepDiv/nunv_anytwo_74_jgsession_26-03-01-07_19_44'
2026-03-01 07:19:44.694560 (4068958) main____ INFO      locale    : UTF-8
2026-03-01 07:19:44.694570 (4068958) main____ INFO    ----------------------------------------
2026-03-01 07:19:44.694580 (4068958) main____ INFO    System resource limits info:
2026-03-01 07:19:44.694593 (4068958) main____ INFO      virtual memory: unlimited
2026-03-01 07:19:44.694605 (4068958) main____ INFO      cpu time      : unlimited
2026-03-01 07:19:44.694621 (4068958) main____ INFO      processes     : 4096
2026-03-01 07:19:44.694639 (4068958) main____ INFO      stack size    : 8388608 B
2026-03-01 07:19:44.695607 (4068958) main____ INFO      core file size: 0 B
2026-03-01 07:19:44.695648 (4068958) main____ INFO      open files    : 4096
2026-03-01 07:19:44.695731 (4068958) main____ INFO      file size     : unlimited
2026-03-01 07:19:44.695761 (4068958) main____ INFO    ----------------------------------------
2026-03-01 07:19:44.695821 (4068958) main____ INFO    Memory statistics:
2026-03-01 07:19:44.695833 (4068958) main____ INFO      total physical memory  : 98449088 kB
2026-03-01 07:19:44.695845 (4068958) main____ INFO      free physical memory   : 86874480 kB
2026-03-01 07:19:44.695857 (4068958) main____ INFO      committed address space: 7087240 kB
2026-03-01 07:19:44.695867 (4068958) main____ INFO    ----------------------------------------
2026-03-01 07:19:44.697037 (4068958) main____ INFO    Important environment variables:
2026-03-01 07:19:44.697442 (4068958) main____ INFO      CDS_LIC_FILE       : '5280@cadlic0'
2026-03-01 07:19:44.697458 (4068958) main____ INFO      DISPLAY            : 'localhost:12.0'
2026-03-01 07:19:44.697471 (4068958) main____ INFO      JASPER_INSTALL_DIR : '/cad/cadence/jasper_2023.12p001'
2026-03-01 07:19:44.697483 (4068958) main____ INFO      JASPER_KERNEL_CHECK: '1'
2026-03-01 07:19:44.697495 (4068958) main____ INFO      JASPER_OS_CHECK    : '0'
2026-03-01 07:19:44.697508 (4068958) main____ INFO      LANG               : 'zh_TW.UTF-8'
2026-03-01 07:19:44.697518 (4068958) main____ INFO    ----------------------------------------
2026-03-01 07:19:44.698688 (4068958) lic_core INFO    Initializing license system ...
2026-03-01 07:19:44.700509 (4068958) lic_core INFO    ... license system initialized.
2026-03-01 07:19:44.713527 (4068958) lic__man INFO    Claim 'main' for <ui>.
2026-03-01 07:19:44.713578 (4068958) lic_core INFO    (1) checking out 'jasper_interactive' ...
2026-03-01 07:19:44.726240 (4068958) lic_core INFO    ... (1) checkout succeeded
2026-03-01 07:19:44.726305 (4068958) lic__man INFO    Claim 'fpv' for <ui>.
2026-03-01 07:19:44.726326 (4068958) lic_core INFO    (2) checking out 'jasper_fpv' ...
2026-03-01 07:19:44.730568 (4068958) lic_core INFO    ... (2) checkout failed (error: -5) ("FLEXnet ERROR(-5, 0, 0): No such feature exists.")
2026-03-01 07:19:44.730610 (4068958) lic_core INFO    (3) checking out 'jasper_fao' ...
2026-03-01 07:19:44.741920 (4068958) lic_core INFO    ... (3) checkout succeeded
2026-03-01 07:19:44.742829 (4068969) stdio___ INFO    Starting STDIN reader (tty: yes, tty name: '/dev/pts/0')
2026-03-01 07:19:44.743309 (4068958) main____ INFO    Tool inactivity delay is 480000 ms.
2026-03-01 07:19:44.787547 (4068958) session_ INFO    Starting analysis session with session id 'session_0' (launcher: <local>) ...
2026-03-01 07:19:44.789410 (4068958) session_ INFO    Analysis session with session id 'session_0' started (pid: 4068970)
2026-03-01 07:19:45.878863 (4068958) session_ INFO    Analysis session 'session_0' connected to the console (host: 127.0.0.1:59620)
2026-03-01 07:19:48.918971 (4068958) lic__man INFO    Unclaim everything for 'session_0'.
2026-03-01 07:19:49.115466 (4068958) lic__man INFO    Claim 'fpv' for 'session_0'.
2026-03-01 07:19:49.115506 (4068958) lic__man INFO    Claim 'fpv' for 'session_0/prove-0'.
2026-03-01 07:19:50.204292 (4068958) lic__man INFO    Unclaim everything for 'session_0/prove-0'.
2026-03-01 07:19:50.245884 (4068958) main____ INFO    About to exit: request to exit with status 0 received from analysis session 'session_0'
2026-03-01 07:19:50.397391 (4068958) session_ INFO    Analysis session 'session_0' disconnected.
2026-03-01 07:19:50.397574 (4068958) lic__man INFO    Unclaim everything for 'session_0'.
2026-03-01 07:19:50.397792 (4068958) session_ INFO    Process for analysis session 'session_0' has exited with exit status '0'.
2026-03-01 07:19:52.352507 (4068969) stdio___ INFO    STDIN reader requested to stop.
2026-03-01 07:19:52.352549 (4068969) stdio___ INFO    STDIN reader stopped.
2026-03-01 07:19:52.352758 (4068958) lic_core INFO    (1) checkin jasper_interactive
2026-03-01 07:19:52.353772 (4068958) lic_core INFO    (3) checkin jasper_fao
2026-03-01 07:19:52.355028 (4068958) main____ INFO    Exiting with status 0.
