2026-02-25 14:41:48.273930 (3252115) main____ INFO    ----------------------------------------
2026-02-25 14:41:48.274035 (3252115) main____ INFO    Jasper version info
2026-02-25 14:41:48.274053 (3252115) main____ INFO      tool      : Jasper 2023.12
2026-02-25 14:41:48.274070 (3252115) main____ INFO      version   : 2023.12p001 64 bits
2026-02-25 14:41:48.274085 (3252115) main____ INFO      build date: 2024.01.23 16:09:24 UTC
2026-02-25 14:41:48.274097 (3252115) main____ INFO    ----------------------------------------
2026-02-25 14:41:48.274108 (3252115) main____ INFO    Runtime info:
2026-02-25 14:41:48.274120 (3252115) main____ INFO      platform  : Linux 4.18.0-553.89.1.el8_10.x86_64 x86_64
2026-02-25 14:41:48.274142 (3252115) main____ INFO      hostname  : caddy15.stanford.edu
2026-02-25 14:41:48.274160 (3252115) main____ INFO      pid       : 3252115
2026-02-25 14:41:48.274175 (3252115) main____ INFO      arguments : '-style' 'windows' '-allow_unsupported_OS' '-no_gui' '-fpv' './synthlc/i_DIV_out/xHBPerfG_dfg_v3_div/HB_189_.tcl' '-proj' './synthlc/i_DIV_out/xHBPerfG_dfg_v3_div/HB_189_jgsession_26-02-25-14_41_46'
2026-02-25 14:41:48.274195 (3252115) main____ INFO      locale    : UTF-8
2026-02-25 14:41:48.274206 (3252115) main____ INFO    ----------------------------------------
2026-02-25 14:41:48.274217 (3252115) main____ INFO    System resource limits info:
2026-02-25 14:41:48.274231 (3252115) main____ INFO      virtual memory: unlimited
2026-02-25 14:41:48.274245 (3252115) main____ INFO      cpu time      : unlimited
2026-02-25 14:41:48.274267 (3252115) main____ INFO      processes     : 4096
2026-02-25 14:41:48.274290 (3252115) main____ INFO      stack size    : 8388608 B
2026-02-25 14:41:48.274324 (3252115) main____ INFO      core file size: 0 B
2026-02-25 14:41:48.274339 (3252115) main____ INFO      open files    : 4096
2026-02-25 14:41:48.274353 (3252115) main____ INFO      file size     : unlimited
2026-02-25 14:41:48.274364 (3252115) main____ INFO    ----------------------------------------
2026-02-25 14:41:48.274375 (3252115) main____ INFO    Memory statistics:
2026-02-25 14:41:48.274388 (3252115) main____ INFO      total physical memory  : 98449092 kB
2026-02-25 14:41:48.274401 (3252115) main____ INFO      free physical memory   : 76381812 kB
2026-02-25 14:41:48.274414 (3252115) main____ INFO      committed address space: 9411676 kB
2026-02-25 14:41:48.274425 (3252115) main____ INFO    ----------------------------------------
2026-02-25 14:41:48.275794 (3252115) main____ INFO    Important environment variables:
2026-02-25 14:41:48.275831 (3252115) main____ INFO      CDS_LIC_FILE       : '5280@cadlic0'
2026-02-25 14:41:48.275845 (3252115) main____ INFO      JASPER_INSTALL_DIR : '/cad/cadence/jasper_2023.12p001'
2026-02-25 14:41:48.275860 (3252115) main____ INFO      JASPER_KERNEL_CHECK: '1'
2026-02-25 14:41:48.275874 (3252115) main____ INFO      JASPER_OS_CHECK    : '0'
2026-02-25 14:41:48.275887 (3252115) main____ INFO      LANG               : 'en_US.UTF-8'
2026-02-25 14:41:48.275899 (3252115) main____ INFO    ----------------------------------------
2026-02-25 14:41:48.285540 (3252115) lic_core INFO    Initializing license system ...
2026-02-25 14:41:48.344135 (3252115) lic_core INFO    ... license system initialized.
2026-02-25 14:41:48.482779 (3252115) lic__man INFO    Claim 'main' for <ui>.
2026-02-25 14:41:48.482884 (3252115) lic_core INFO    (1) checking out 'jasper_interactive' ...
2026-02-25 14:41:48.543792 (3252115) lic_core INFO    ... (1) checkout succeeded
2026-02-25 14:41:48.543934 (3252115) lic__man INFO    Claim 'fpv' for <ui>.
2026-02-25 14:41:48.543966 (3252115) lic_core INFO    (2) checking out 'jasper_fpv' ...
2026-02-25 14:41:48.610867 (3252115) lic_core INFO    ... (2) checkout failed (error: -5) ("FLEXnet ERROR(-5, 0, 0): No such feature exists.")
2026-02-25 14:41:48.610966 (3252115) lic_core INFO    (3) checking out 'jasper_fao' ...
2026-02-25 14:41:48.696737 (3252115) lic_core INFO    ... (3) checkout succeeded
2026-02-25 14:41:48.721395 (3252115) main____ INFO    Tool inactivity delay is 480000 ms.
2026-02-25 14:41:48.729546 (3252147) stdio___ INFO    Starting STDIN reader (tty: yes, tty name: '/dev/pts/0')
2026-02-25 14:41:49.064476 (3252115) session_ INFO    Starting analysis session with session id 'session_0' (launcher: <local>) ...
2026-02-25 14:41:49.066579 (3252115) session_ INFO    Analysis session with session id 'session_0' started (pid: 3252148)
2026-02-25 14:41:54.909289 (3252115) session_ INFO    Analysis session 'session_0' connected to the console (host: 127.0.0.1:40600)
2026-02-25 14:42:05.279851 (3252115) lic__man INFO    Unclaim everything for 'session_0'.
2026-02-25 14:42:05.825062 (3252115) lic__man INFO    Claim 'fpv' for 'session_0'.
2026-02-25 14:42:05.825111 (3252115) lic__man INFO    Claim 'fpv' for 'session_0/prove-0'.
2026-02-25 14:54:13.797801 (3252115) lic__man INFO    Unclaim everything for 'session_0/prove-0'.
2026-02-25 14:54:13.840493 (3252115) main____ INFO    About to exit: request to exit with status 0 received from analysis session 'session_0'
2026-02-25 14:54:13.967395 (3252115) session_ INFO    Analysis session 'session_0' disconnected.
2026-02-25 14:54:13.967596 (3252115) lic__man INFO    Unclaim everything for 'session_0'.
2026-02-25 14:54:13.967975 (3252115) session_ INFO    Process for analysis session 'session_0' has exited with exit status '0'.
2026-02-25 14:54:15.904003 (3252147) stdio___ INFO    STDIN reader requested to stop.
2026-02-25 14:54:15.904040 (3252147) stdio___ INFO    STDIN reader stopped.
2026-02-25 14:54:15.904730 (3252115) lic_core INFO    (1) checkin jasper_interactive
2026-02-25 14:54:15.905752 (3252115) lic_core INFO    (3) checkin jasper_fao
2026-02-25 14:54:15.907020 (3252115) main____ INFO    Exiting with status 0.
