2026-02-28 19:49:44.335760 (992163) main____ INFO    ----------------------------------------
2026-02-28 19:49:44.335825 (992163) main____ INFO    Jasper version info
2026-02-28 19:49:44.335840 (992163) main____ INFO      tool      : Jasper 2023.12
2026-02-28 19:49:44.335854 (992163) main____ INFO      version   : 2023.12p001 64 bits
2026-02-28 19:49:44.335867 (992163) main____ INFO      build date: 2024.01.23 16:09:24 UTC
2026-02-28 19:49:44.335877 (992163) main____ INFO    ----------------------------------------
2026-02-28 19:49:44.335887 (992163) main____ INFO    Runtime info:
2026-02-28 19:49:44.335898 (992163) main____ INFO      platform  : Linux 4.18.0-553.89.1.el8_10.x86_64 x86_64
2026-02-28 19:49:44.335915 (992163) main____ INFO      hostname  : caddy15.stanford.edu
2026-02-28 19:49:44.335930 (992163) main____ INFO      pid       : 992163
2026-02-28 19:49:44.335941 (992163) main____ INFO      arguments : '-style' 'windows' '-allow_unsupported_OS' '-no_gui' '-fpv' './synthlc/i_ADDI_out/xHBPerfG_dfg_v3_div/WHB_54_.tcl' '-proj' './synthlc/i_ADDI_out/xHBPerfG_dfg_v3_div/WHB_54_jgsession_26-02-28-19_49_44'
2026-02-28 19:49:44.335957 (992163) main____ INFO      locale    : UTF-8
2026-02-28 19:49:44.335967 (992163) main____ INFO    ----------------------------------------
2026-02-28 19:49:44.335987 (992163) main____ INFO    System resource limits info:
2026-02-28 19:49:44.335999 (992163) main____ INFO      virtual memory: unlimited
2026-02-28 19:49:44.336011 (992163) main____ INFO      cpu time      : unlimited
2026-02-28 19:49:44.336028 (992163) main____ INFO      processes     : 4096
2026-02-28 19:49:44.336046 (992163) main____ INFO      stack size    : 8388608 B
2026-02-28 19:49:44.336060 (992163) main____ INFO      core file size: 0 B
2026-02-28 19:49:44.336073 (992163) main____ INFO      open files    : 4096
2026-02-28 19:49:44.336085 (992163) main____ INFO      file size     : unlimited
2026-02-28 19:49:44.336095 (992163) main____ INFO    ----------------------------------------
2026-02-28 19:49:44.336105 (992163) main____ INFO    Memory statistics:
2026-02-28 19:49:44.336117 (992163) main____ INFO      total physical memory  : 98449092 kB
2026-02-28 19:49:44.336128 (992163) main____ INFO      free physical memory   : 79448620 kB
2026-02-28 19:49:44.336140 (992163) main____ INFO      committed address space: 2298988 kB
2026-02-28 19:49:44.336149 (992163) main____ INFO    ----------------------------------------
2026-02-28 19:49:44.337262 (992163) main____ INFO    Important environment variables:
2026-02-28 19:49:44.337284 (992163) main____ INFO      CDS_LIC_FILE       : '5280@cadlic0'
2026-02-28 19:49:44.337297 (992163) main____ INFO      JASPER_INSTALL_DIR : '/cad/cadence/jasper_2023.12p001'
2026-02-28 19:49:44.337321 (992163) main____ INFO      JASPER_KERNEL_CHECK: '1'
2026-02-28 19:49:44.337333 (992163) main____ INFO      JASPER_OS_CHECK    : '0'
2026-02-28 19:49:44.337345 (992163) main____ INFO      LANG               : 'en_US.UTF-8'
2026-02-28 19:49:44.337355 (992163) main____ INFO    ----------------------------------------
2026-02-28 19:49:44.338433 (992163) lic_core INFO    Initializing license system ...
2026-02-28 19:49:44.339985 (992163) lic_core INFO    ... license system initialized.
2026-02-28 19:49:44.350991 (992163) lic__man INFO    Claim 'main' for <ui>.
2026-02-28 19:49:44.351038 (992163) lic_core INFO    (1) checking out 'jasper_interactive' ...
2026-02-28 19:49:44.363584 (992163) lic_core INFO    ... (1) checkout succeeded
2026-02-28 19:49:44.363650 (992163) lic__man INFO    Claim 'fpv' for <ui>.
2026-02-28 19:49:44.363674 (992163) lic_core INFO    (2) checking out 'jasper_fpv' ...
2026-02-28 19:49:44.368006 (992163) lic_core INFO    ... (2) checkout failed (error: -5) ("FLEXnet ERROR(-5, 0, 0): No such feature exists.")
2026-02-28 19:49:44.368043 (992163) lic_core INFO    (3) checking out 'jasper_fao' ...
2026-02-28 19:49:44.379320 (992163) lic_core INFO    ... (3) checkout succeeded
2026-02-28 19:49:44.380355 (992179) stdio___ INFO    Starting STDIN reader (tty: yes, tty name: '/dev/pts/0')
2026-02-28 19:49:44.380541 (992163) main____ INFO    Tool inactivity delay is 480000 ms.
2026-02-28 19:49:44.423697 (992163) session_ INFO    Starting analysis session with session id 'session_0' (launcher: <local>) ...
2026-02-28 19:49:44.425631 (992163) session_ INFO    Analysis session with session id 'session_0' started (pid: 992180)
2026-02-28 19:49:45.681939 (992163) session_ INFO    Analysis session 'session_0' connected to the console (host: 127.0.0.1:52634)
2026-02-28 19:49:50.168076 (992163) lic__man INFO    Unclaim everything for 'session_0'.
2026-02-28 19:49:50.607066 (992163) lic__man INFO    Claim 'fpv' for 'session_0'.
2026-02-28 19:49:50.607105 (992163) lic__man INFO    Claim 'fpv' for 'session_0/prove-0'.
2026-02-28 19:50:00.755659 (992163) lic__man INFO    Unclaim everything for 'session_0/prove-0'.
2026-02-28 19:50:00.798553 (992163) main____ INFO    About to exit: request to exit with status 0 received from analysis session 'session_0'
2026-02-28 19:50:00.942482 (992163) session_ INFO    Analysis session 'session_0' disconnected.
2026-02-28 19:50:00.942586 (992163) lic__man INFO    Unclaim everything for 'session_0'.
2026-02-28 19:50:00.942811 (992163) session_ INFO    Process for analysis session 'session_0' has exited with exit status '0'.
2026-02-28 19:50:02.903295 (992179) stdio___ INFO    STDIN reader requested to stop.
2026-02-28 19:50:02.903347 (992179) stdio___ INFO    STDIN reader stopped.
2026-02-28 19:50:02.903564 (992163) lic_core INFO    (1) checkin jasper_interactive
2026-02-28 19:50:02.904375 (992163) lic_core INFO    (3) checkin jasper_fao
2026-02-28 19:50:02.905336 (992163) main____ INFO    Exiting with status 0.
