2026-03-01 08:02:57.732143 (4114684) main____ INFO    ----------------------------------------
2026-03-01 08:02:57.732227 (4114684) main____ INFO    Jasper version info
2026-03-01 08:02:57.732245 (4114684) main____ INFO      tool      : Jasper 2023.12
2026-03-01 08:02:57.732262 (4114684) main____ INFO      version   : 2023.12p001 64 bits
2026-03-01 08:02:57.732278 (4114684) main____ INFO      build date: 2024.01.23 16:09:24 UTC
2026-03-01 08:02:57.732290 (4114684) main____ INFO    ----------------------------------------
2026-03-01 08:02:57.732302 (4114684) main____ INFO    Runtime info:
2026-03-01 08:02:57.732315 (4114684) main____ INFO      platform  : Linux 4.18.0-553.89.1.el8_10.x86_64 x86_64
2026-03-01 08:02:57.732334 (4114684) main____ INFO      hostname  : caddy12.stanford.edu
2026-03-01 08:02:57.732351 (4114684) main____ INFO      pid       : 4114684
2026-03-01 08:02:57.732364 (4114684) main____ INFO      arguments : '-style' 'windows' '-allow_unsupported_OS' '-no_gui' '-fpv' './synthlc/i_LW_out/xPerfLocSubsetDiv/coverset_14_.tcl' '-proj' './synthlc/i_LW_out/xPerfLocSubsetDiv/coverset_14_jgsession_26-03-01-08_02_57'
2026-03-01 08:02:57.732382 (4114684) main____ INFO      locale    : UTF-8
2026-03-01 08:02:57.732394 (4114684) main____ INFO    ----------------------------------------
2026-03-01 08:02:57.732406 (4114684) main____ INFO    System resource limits info:
2026-03-01 08:02:57.732420 (4114684) main____ INFO      virtual memory: unlimited
2026-03-01 08:02:57.732435 (4114684) main____ INFO      cpu time      : unlimited
2026-03-01 08:02:57.733472 (4114684) main____ INFO      processes     : 4096
2026-03-01 08:02:57.733496 (4114684) main____ INFO      stack size    : 8388608 B
2026-03-01 08:02:57.733513 (4114684) main____ INFO      core file size: 0 B
2026-03-01 08:02:57.733528 (4114684) main____ INFO      open files    : 4096
2026-03-01 08:02:57.733543 (4114684) main____ INFO      file size     : unlimited
2026-03-01 08:02:57.733555 (4114684) main____ INFO    ----------------------------------------
2026-03-01 08:02:57.733567 (4114684) main____ INFO    Memory statistics:
2026-03-01 08:02:57.733581 (4114684) main____ INFO      total physical memory  : 98449088 kB
2026-03-01 08:02:57.733594 (4114684) main____ INFO      free physical memory   : 86622128 kB
2026-03-01 08:02:57.733608 (4114684) main____ INFO      committed address space: 7661256 kB
2026-03-01 08:02:57.733620 (4114684) main____ INFO    ----------------------------------------
2026-03-01 08:02:57.734815 (4114684) main____ INFO    Important environment variables:
2026-03-01 08:02:57.735558 (4114684) main____ INFO      CDS_LIC_FILE       : '5280@cadlic0'
2026-03-01 08:02:57.735576 (4114684) main____ INFO      DISPLAY            : 'localhost:12.0'
2026-03-01 08:02:57.735591 (4114684) main____ INFO      JASPER_INSTALL_DIR : '/cad/cadence/jasper_2023.12p001'
2026-03-01 08:02:57.735605 (4114684) main____ INFO      JASPER_KERNEL_CHECK: '1'
2026-03-01 08:02:57.735619 (4114684) main____ INFO      JASPER_OS_CHECK    : '0'
2026-03-01 08:02:57.735633 (4114684) main____ INFO      LANG               : 'zh_TW.UTF-8'
2026-03-01 08:02:57.735645 (4114684) main____ INFO    ----------------------------------------
2026-03-01 08:02:57.736808 (4114684) lic_core INFO    Initializing license system ...
2026-03-01 08:02:57.739073 (4114684) lic_core INFO    ... license system initialized.
2026-03-01 08:02:57.751793 (4114684) lic__man INFO    Claim 'main' for <ui>.
2026-03-01 08:02:57.751842 (4114684) lic_core INFO    (1) checking out 'jasper_interactive' ...
2026-03-01 08:02:57.763539 (4114684) lic_core INFO    ... (1) checkout succeeded
2026-03-01 08:02:57.763596 (4114684) lic__man INFO    Claim 'fpv' for <ui>.
2026-03-01 08:02:57.763618 (4114684) lic_core INFO    (2) checking out 'jasper_fpv' ...
2026-03-01 08:02:57.767633 (4114684) lic_core INFO    ... (2) checkout failed (error: -5) ("FLEXnet ERROR(-5, 0, 0): No such feature exists.")
2026-03-01 08:02:57.768048 (4114684) lic_core INFO    (3) checking out 'jasper_fao' ...
2026-03-01 08:02:57.778835 (4114684) lic_core INFO    ... (3) checkout succeeded
2026-03-01 08:02:57.779693 (4114695) stdio___ INFO    Starting STDIN reader (tty: yes, tty name: '/dev/pts/0')
2026-03-01 08:02:57.780347 (4114684) main____ INFO    Tool inactivity delay is 480000 ms.
2026-03-01 08:02:57.823116 (4114684) session_ INFO    Starting analysis session with session id 'session_0' (launcher: <local>) ...
2026-03-01 08:02:57.824981 (4114684) session_ INFO    Analysis session with session id 'session_0' started (pid: 4114696)
2026-03-01 08:02:58.907249 (4114684) session_ INFO    Analysis session 'session_0' connected to the console (host: 127.0.0.1:40862)
2026-03-01 08:03:04.215977 (4114684) lic__man INFO    Unclaim everything for 'session_0'.
2026-03-01 08:03:04.551270 (4114684) lic__man INFO    Claim 'fpv' for 'session_0'.
2026-03-01 08:03:04.551316 (4114684) lic__man INFO    Claim 'fpv' for 'session_0/prove-0'.
2026-03-01 08:03:11.150096 (4114684) lic__man INFO    Unclaim everything for 'session_0/prove-0'.
2026-03-01 08:03:11.168991 (4114684) main____ INFO    About to exit: request to exit with status 0 received from analysis session 'session_0'
2026-03-01 08:03:11.510465 (4114684) session_ INFO    Analysis session 'session_0' disconnected.
2026-03-01 08:03:11.510612 (4114684) lic__man INFO    Unclaim everything for 'session_0'.
2026-03-01 08:03:11.513178 (4114684) session_ INFO    Process for analysis session 'session_0' has exited with exit status '0'.
2026-03-01 08:03:13.281750 (4114695) stdio___ INFO    STDIN reader requested to stop.
2026-03-01 08:03:13.281812 (4114695) stdio___ INFO    STDIN reader stopped.
2026-03-01 08:03:13.292415 (4114684) lic_core INFO    (1) checkin jasper_interactive
2026-03-01 08:03:13.296909 (4114684) lic_core INFO    (3) checkin jasper_fao
2026-03-01 08:03:13.320025 (4114684) main____ INFO    Exiting with status 0.
