2026-03-01 12:57:56.303265 (75897) main____ INFO    ----------------------------------------
2026-03-01 12:57:56.303338 (75897) main____ INFO    Jasper version info
2026-03-01 12:57:56.303353 (75897) main____ INFO      tool      : Jasper 2023.12
2026-03-01 12:57:56.303368 (75897) main____ INFO      version   : 2023.12p001 64 bits
2026-03-01 12:57:56.303382 (75897) main____ INFO      build date: 2024.01.23 16:09:24 UTC
2026-03-01 12:57:56.303393 (75897) main____ INFO    ----------------------------------------
2026-03-01 12:57:56.303403 (75897) main____ INFO    Runtime info:
2026-03-01 12:57:56.303415 (75897) main____ INFO      platform  : Linux 4.18.0-553.89.1.el8_10.x86_64 x86_64
2026-03-01 12:57:56.303432 (75897) main____ INFO      hostname  : caddy12.stanford.edu
2026-03-01 12:57:56.303447 (75897) main____ INFO      pid       : 75897
2026-03-01 12:57:56.303459 (75897) main____ INFO      arguments : '-style' 'windows' '-allow_unsupported_OS' '-no_gui' '-fpv' './synthlc/i_LW_out/xHBPerfG_dfg_v3_div/WHB_93_.tcl' '-proj' './synthlc/i_LW_out/xHBPerfG_dfg_v3_div/WHB_93_jgsession_26-03-01-12_57_56'
2026-03-01 12:57:56.303476 (75897) main____ INFO      locale    : UTF-8
2026-03-01 12:57:56.303486 (75897) main____ INFO    ----------------------------------------
2026-03-01 12:57:56.303497 (75897) main____ INFO    System resource limits info:
2026-03-01 12:57:56.303510 (75897) main____ INFO      virtual memory: unlimited
2026-03-01 12:57:56.303522 (75897) main____ INFO      cpu time      : unlimited
2026-03-01 12:57:56.303539 (75897) main____ INFO      processes     : 4096
2026-03-01 12:57:56.304409 (75897) main____ INFO      stack size    : 8388608 B
2026-03-01 12:57:56.304425 (75897) main____ INFO      core file size: 0 B
2026-03-01 12:57:56.304439 (75897) main____ INFO      open files    : 4096
2026-03-01 12:57:56.304452 (75897) main____ INFO      file size     : unlimited
2026-03-01 12:57:56.304463 (75897) main____ INFO    ----------------------------------------
2026-03-01 12:57:56.304473 (75897) main____ INFO    Memory statistics:
2026-03-01 12:57:56.304485 (75897) main____ INFO      total physical memory  : 98449088 kB
2026-03-01 12:57:56.304497 (75897) main____ INFO      free physical memory   : 86364072 kB
2026-03-01 12:57:56.304509 (75897) main____ INFO      committed address space: 7466140 kB
2026-03-01 12:57:56.304519 (75897) main____ INFO    ----------------------------------------
2026-03-01 12:57:56.305694 (75897) main____ INFO    Important environment variables:
2026-03-01 12:57:56.306169 (75897) main____ INFO      CDS_LIC_FILE       : '5280@cadlic0'
2026-03-01 12:57:56.306184 (75897) main____ INFO      DISPLAY            : 'localhost:12.0'
2026-03-01 12:57:56.306197 (75897) main____ INFO      JASPER_INSTALL_DIR : '/cad/cadence/jasper_2023.12p001'
2026-03-01 12:57:56.306209 (75897) main____ INFO      JASPER_KERNEL_CHECK: '1'
2026-03-01 12:57:56.306222 (75897) main____ INFO      JASPER_OS_CHECK    : '0'
2026-03-01 12:57:56.306235 (75897) main____ INFO      LANG               : 'zh_TW.UTF-8'
2026-03-01 12:57:56.306245 (75897) main____ INFO    ----------------------------------------
2026-03-01 12:57:56.307607 (75897) lic_core INFO    Initializing license system ...
2026-03-01 12:57:56.309612 (75897) lic_core INFO    ... license system initialized.
2026-03-01 12:57:56.321992 (75897) lic__man INFO    Claim 'main' for <ui>.
2026-03-01 12:57:56.322047 (75897) lic_core INFO    (1) checking out 'jasper_interactive' ...
2026-03-01 12:57:56.335197 (75897) lic_core INFO    ... (1) checkout succeeded
2026-03-01 12:57:56.335264 (75897) lic__man INFO    Claim 'fpv' for <ui>.
2026-03-01 12:57:56.335287 (75897) lic_core INFO    (2) checking out 'jasper_fpv' ...
2026-03-01 12:57:56.339447 (75897) lic_core INFO    ... (2) checkout failed (error: -5) ("FLEXnet ERROR(-5, 0, 0): No such feature exists.")
2026-03-01 12:57:56.339724 (75897) lic_core INFO    (3) checking out 'jasper_fao' ...
2026-03-01 12:57:56.350263 (75897) lic_core INFO    ... (3) checkout succeeded
2026-03-01 12:57:56.351434 (75897) main____ INFO    Tool inactivity delay is 480000 ms.
2026-03-01 12:57:56.351693 (75913) stdio___ INFO    Starting STDIN reader (tty: yes, tty name: '/dev/pts/0')
2026-03-01 12:57:56.393875 (75897) session_ INFO    Starting analysis session with session id 'session_0' (launcher: <local>) ...
2026-03-01 12:57:56.395698 (75897) session_ INFO    Analysis session with session id 'session_0' started (pid: 75914)
2026-03-01 12:57:57.536238 (75897) session_ INFO    Analysis session 'session_0' connected to the console (host: 127.0.0.1:49690)
2026-03-01 12:58:03.848645 (75897) lic__man INFO    Unclaim everything for 'session_0'.
2026-03-01 12:58:04.326122 (75897) lic__man INFO    Claim 'fpv' for 'session_0'.
2026-03-01 12:58:04.326171 (75897) lic__man INFO    Claim 'fpv' for 'session_0/prove-0'.
2026-03-01 12:58:12.065684 (75897) lic__man INFO    Unclaim everything for 'session_0/prove-0'.
2026-03-01 12:58:12.085860 (75897) main____ INFO    About to exit: request to exit with status 0 received from analysis session 'session_0'
2026-03-01 12:58:12.361286 (75897) session_ INFO    Analysis session 'session_0' disconnected.
2026-03-01 12:58:12.361439 (75897) lic__man INFO    Unclaim everything for 'session_0'.
2026-03-01 12:58:12.362077 (75897) session_ INFO    Process for analysis session 'session_0' has exited with exit status '0'.
2026-03-01 12:58:13.993984 (75913) stdio___ INFO    STDIN reader requested to stop.
2026-03-01 12:58:13.994028 (75913) stdio___ INFO    STDIN reader stopped.
2026-03-01 12:58:13.994305 (75897) lic_core INFO    (1) checkin jasper_interactive
2026-03-01 12:58:13.996527 (75897) lic_core INFO    (3) checkin jasper_fao
2026-03-01 12:58:13.998447 (75897) main____ INFO    Exiting with status 0.
