2026-03-01 06:45:14.447245 (4036982) main____ INFO    ----------------------------------------
2026-03-01 06:45:14.447349 (4036982) main____ INFO    Jasper version info
2026-03-01 06:45:14.447366 (4036982) main____ INFO      tool      : Jasper 2023.12
2026-03-01 06:45:14.447382 (4036982) main____ INFO      version   : 2023.12p001 64 bits
2026-03-01 06:45:14.447396 (4036982) main____ INFO      build date: 2024.01.23 16:09:24 UTC
2026-03-01 06:45:14.447407 (4036982) main____ INFO    ----------------------------------------
2026-03-01 06:45:14.447417 (4036982) main____ INFO    Runtime info:
2026-03-01 06:45:14.447428 (4036982) main____ INFO      platform  : Linux 4.18.0-553.89.1.el8_10.x86_64 x86_64
2026-03-01 06:45:14.447448 (4036982) main____ INFO      hostname  : caddy12.stanford.edu
2026-03-01 06:45:14.447464 (4036982) main____ INFO      pid       : 4036982
2026-03-01 06:45:14.447476 (4036982) main____ INFO      arguments : '-style' 'windows' '-allow_unsupported_OS' '-no_gui' '-fpv' './synthlc/i_LW_out/xPairwiseDepDiv/exclusive_242_.tcl' '-proj' './synthlc/i_LW_out/xPairwiseDepDiv/exclusive_242_jgsession_26-03-01-06_45_13'
2026-03-01 06:45:14.447494 (4036982) main____ INFO      locale    : UTF-8
2026-03-01 06:45:14.447504 (4036982) main____ INFO    ----------------------------------------
2026-03-01 06:45:14.447514 (4036982) main____ INFO    System resource limits info:
2026-03-01 06:45:14.447527 (4036982) main____ INFO      virtual memory: unlimited
2026-03-01 06:45:14.447540 (4036982) main____ INFO      cpu time      : unlimited
2026-03-01 06:45:14.447558 (4036982) main____ INFO      processes     : 4096
2026-03-01 06:45:14.447580 (4036982) main____ INFO      stack size    : 8388608 B
2026-03-01 06:45:14.447595 (4036982) main____ INFO      core file size: 0 B
2026-03-01 06:45:14.447608 (4036982) main____ INFO      open files    : 4096
2026-03-01 06:45:14.447621 (4036982) main____ INFO      file size     : unlimited
2026-03-01 06:45:14.447631 (4036982) main____ INFO    ----------------------------------------
2026-03-01 06:45:14.447641 (4036982) main____ INFO    Memory statistics:
2026-03-01 06:45:14.447653 (4036982) main____ INFO      total physical memory  : 98449088 kB
2026-03-01 06:45:14.447680 (4036982) main____ INFO      free physical memory   : 81693016 kB
2026-03-01 06:45:14.447693 (4036982) main____ INFO      committed address space: 14426560 kB
2026-03-01 06:45:14.447703 (4036982) main____ INFO    ----------------------------------------
2026-03-01 06:45:14.448899 (4036982) main____ INFO    Important environment variables:
2026-03-01 06:45:14.448926 (4036982) main____ INFO      CDS_LIC_FILE       : '5280@cadlic0'
2026-03-01 06:45:14.448940 (4036982) main____ INFO      DISPLAY            : 'localhost:12.0'
2026-03-01 06:45:14.448952 (4036982) main____ INFO      JASPER_INSTALL_DIR : '/cad/cadence/jasper_2023.12p001'
2026-03-01 06:45:14.469079 (4036982) main____ INFO      JASPER_KERNEL_CHECK: '1'
2026-03-01 06:45:14.469118 (4036982) main____ INFO      JASPER_OS_CHECK    : '0'
2026-03-01 06:45:14.469131 (4036982) main____ INFO      LANG               : 'zh_TW.UTF-8'
2026-03-01 06:45:14.469143 (4036982) main____ INFO    ----------------------------------------
2026-03-01 06:45:14.503872 (4036982) lic_core INFO    Initializing license system ...
2026-03-01 06:45:14.527933 (4036982) lic_core INFO    ... license system initialized.
2026-03-01 06:45:14.691922 (4036982) lic__man INFO    Claim 'main' for <ui>.
2026-03-01 06:45:14.692016 (4036982) lic_core INFO    (1) checking out 'jasper_interactive' ...
2026-03-01 06:45:14.760107 (4036982) lic_core INFO    ... (1) checkout succeeded
2026-03-01 06:45:14.760228 (4036982) lic__man INFO    Claim 'fpv' for <ui>.
2026-03-01 06:45:14.760259 (4036982) lic_core INFO    (2) checking out 'jasper_fpv' ...
2026-03-01 06:45:14.823160 (4036982) lic_core INFO    ... (2) checkout failed (error: -5) ("FLEXnet ERROR(-5, 0, 0): No such feature exists.")
2026-03-01 06:45:14.823237 (4036982) lic_core INFO    (3) checking out 'jasper_fao' ...
2026-03-01 06:45:14.905043 (4036982) lic_core INFO    ... (3) checkout succeeded
2026-03-01 06:45:14.906310 (4036982) main____ INFO    Tool inactivity delay is 480000 ms.
2026-03-01 06:45:14.927685 (4036998) stdio___ INFO    Starting STDIN reader (tty: yes, tty name: '/dev/pts/0')
2026-03-01 06:45:15.234795 (4036982) session_ INFO    Starting analysis session with session id 'session_0' (launcher: <local>) ...
2026-03-01 06:45:15.236728 (4036982) session_ INFO    Analysis session with session id 'session_0' started (pid: 4036999)
2026-03-01 06:45:18.703104 (4036982) session_ INFO    Analysis session 'session_0' connected to the console (host: 127.0.0.1:33602)
2026-03-01 06:45:26.870523 (4036982) lic__man INFO    Unclaim everything for 'session_0'.
2026-03-01 06:45:27.335111 (4036982) lic__man INFO    Claim 'fpv' for 'session_0'.
2026-03-01 06:45:27.335163 (4036982) lic__man INFO    Claim 'fpv' for 'session_0/prove-0'.
2026-03-01 06:45:43.941948 (4036982) lic__man INFO    Unclaim everything for 'session_0/prove-0'.
2026-03-01 06:45:43.962982 (4036982) main____ INFO    About to exit: request to exit with status 0 received from analysis session 'session_0'
2026-03-01 06:45:44.135895 (4036982) session_ INFO    Analysis session 'session_0' disconnected.
2026-03-01 06:45:44.136060 (4036982) lic__man INFO    Unclaim everything for 'session_0'.
2026-03-01 06:45:44.138307 (4036982) session_ INFO    Process for analysis session 'session_0' has exited with exit status '0'.
2026-03-01 06:45:45.903732 (4036998) stdio___ INFO    STDIN reader requested to stop.
2026-03-01 06:45:45.903789 (4036998) stdio___ INFO    STDIN reader stopped.
2026-03-01 06:45:45.913184 (4036982) lic_core INFO    (1) checkin jasper_interactive
2026-03-01 06:45:45.914133 (4036982) lic_core INFO    (3) checkin jasper_fao
2026-03-01 06:45:45.918811 (4036982) main____ INFO    Exiting with status 0.
