2026-03-02 11:14:31.381371 (599360) main____ INFO    ----------------------------------------
2026-03-02 11:14:31.381436 (599360) main____ INFO    Jasper version info
2026-03-02 11:14:31.381450 (599360) main____ INFO      tool      : Jasper 2023.12
2026-03-02 11:14:31.381464 (599360) main____ INFO      version   : 2023.12p001 64 bits
2026-03-02 11:14:31.381476 (599360) main____ INFO      build date: 2024.01.23 16:09:24 UTC
2026-03-02 11:14:31.381485 (599360) main____ INFO    ----------------------------------------
2026-03-02 11:14:31.381494 (599360) main____ INFO    Runtime info:
2026-03-02 11:14:31.381505 (599360) main____ INFO      platform  : Linux 4.18.0-553.89.1.el8_10.x86_64 x86_64
2026-03-02 11:14:31.381520 (599360) main____ INFO      hostname  : caddy12.stanford.edu
2026-03-02 11:14:31.381534 (599360) main____ INFO      pid       : 599360
2026-03-02 11:14:31.381544 (599360) main____ INFO      arguments : '-style' 'windows' '-allow_unsupported_OS' '-no_gui' '-fpv' './synthlc/i_ADDI_out/xHBPerfG_dfg_v3_div/HB_263_.tcl' '-proj' './synthlc/i_ADDI_out/xHBPerfG_dfg_v3_div/HB_263_jgsession_26-03-02-11_14_31'
2026-03-02 11:14:31.381559 (599360) main____ INFO      locale    : UTF-8
2026-03-02 11:14:31.381569 (599360) main____ INFO    ----------------------------------------
2026-03-02 11:14:31.381578 (599360) main____ INFO    System resource limits info:
2026-03-02 11:14:31.381589 (599360) main____ INFO      virtual memory: unlimited
2026-03-02 11:14:31.381601 (599360) main____ INFO      cpu time      : unlimited
2026-03-02 11:14:31.381616 (599360) main____ INFO      processes     : 4096
2026-03-02 11:14:31.381633 (599360) main____ INFO      stack size    : 8388608 B
2026-03-02 11:14:31.381647 (599360) main____ INFO      core file size: 0 B
2026-03-02 11:14:31.381659 (599360) main____ INFO      open files    : 4096
2026-03-02 11:14:31.381683 (599360) main____ INFO      file size     : unlimited
2026-03-02 11:14:31.381693 (599360) main____ INFO    ----------------------------------------
2026-03-02 11:14:31.381702 (599360) main____ INFO    Memory statistics:
2026-03-02 11:14:31.381713 (599360) main____ INFO      total physical memory  : 98449088 kB
2026-03-02 11:14:31.381724 (599360) main____ INFO      free physical memory   : 88094708 kB
2026-03-02 11:14:31.381735 (599360) main____ INFO      committed address space: 6529688 kB
2026-03-02 11:14:31.381744 (599360) main____ INFO    ----------------------------------------
2026-03-02 11:14:31.382886 (599360) main____ INFO    Important environment variables:
2026-03-02 11:14:31.382914 (599360) main____ INFO      CDS_LIC_FILE       : '5280@cadlic0'
2026-03-02 11:14:31.382926 (599360) main____ INFO      DISPLAY            : 'localhost:12.0'
2026-03-02 11:14:31.382937 (599360) main____ INFO      JASPER_INSTALL_DIR : '/cad/cadence/jasper_2023.12p001'
2026-03-02 11:14:31.382948 (599360) main____ INFO      JASPER_KERNEL_CHECK: '1'
2026-03-02 11:14:31.382959 (599360) main____ INFO      JASPER_OS_CHECK    : '0'
2026-03-02 11:14:31.382971 (599360) main____ INFO      LANG               : 'zh_TW.UTF-8'
2026-03-02 11:14:31.382980 (599360) main____ INFO    ----------------------------------------
2026-03-02 11:14:31.384090 (599360) lic_core INFO    Initializing license system ...
2026-03-02 11:14:31.385486 (599360) lic_core INFO    ... license system initialized.
2026-03-02 11:14:31.401007 (599360) lic__man INFO    Claim 'main' for <ui>.
2026-03-02 11:14:31.401049 (599360) lic_core INFO    (1) checking out 'jasper_interactive' ...
2026-03-02 11:14:31.414045 (599360) lic_core INFO    ... (1) checkout succeeded
2026-03-02 11:14:31.414100 (599360) lic__man INFO    Claim 'fpv' for <ui>.
2026-03-02 11:14:31.414121 (599360) lic_core INFO    (2) checking out 'jasper_fpv' ...
2026-03-02 11:14:31.417833 (599360) lic_core INFO    ... (2) checkout failed (error: -5) ("FLEXnet ERROR(-5, 0, 0): No such feature exists.")
2026-03-02 11:14:31.417863 (599360) lic_core INFO    (3) checking out 'jasper_fao' ...
2026-03-02 11:14:31.428960 (599360) lic_core INFO    ... (3) checkout succeeded
2026-03-02 11:14:31.431332 (599390) stdio___ INFO    Starting STDIN reader (tty: yes, tty name: '/dev/pts/0')
2026-03-02 11:14:31.431406 (599360) main____ INFO    Tool inactivity delay is 480000 ms.
2026-03-02 11:14:31.475441 (599360) session_ INFO    Starting analysis session with session id 'session_0' (launcher: <local>) ...
2026-03-02 11:14:31.477275 (599360) session_ INFO    Analysis session with session id 'session_0' started (pid: 599399)
2026-03-02 11:14:32.552035 (599360) session_ INFO    Analysis session 'session_0' connected to the console (host: 127.0.0.1:48730)
2026-03-02 11:14:35.649576 (599360) lic__man INFO    Unclaim everything for 'session_0'.
2026-03-02 11:14:35.856751 (599360) lic__man INFO    Claim 'fpv' for 'session_0'.
2026-03-02 11:14:35.856787 (599360) lic__man INFO    Claim 'fpv' for 'session_0/prove-0'.
2026-03-02 11:14:46.632220 (599360) lic__man INFO    Unclaim everything for 'session_0/prove-0'.
2026-03-02 11:14:46.687027 (599360) main____ INFO    About to exit: request to exit with status 0 received from analysis session 'session_0'
2026-03-02 11:14:47.048002 (599360) session_ INFO    Analysis session 'session_0' disconnected.
2026-03-02 11:14:47.048153 (599360) lic__man INFO    Unclaim everything for 'session_0'.
2026-03-02 11:14:47.048346 (599360) session_ INFO    Process for analysis session 'session_0' has exited with exit status '0'.
2026-03-02 11:14:48.793938 (599390) stdio___ INFO    STDIN reader requested to stop.
2026-03-02 11:14:48.793973 (599390) stdio___ INFO    STDIN reader stopped.
2026-03-02 11:14:48.794202 (599360) lic_core INFO    (1) checkin jasper_interactive
2026-03-02 11:14:48.795291 (599360) lic_core INFO    (3) checkin jasper_fao
2026-03-02 11:14:48.796735 (599360) main____ INFO    Exiting with status 0.
