2026-02-26 12:37:47.642162 (2187164) main____ INFO    ----------------------------------------
2026-02-26 12:37:47.642257 (2187164) main____ INFO    Jasper version info
2026-02-26 12:37:47.642273 (2187164) main____ INFO      tool      : Jasper 2023.12
2026-02-26 12:37:47.642289 (2187164) main____ INFO      version   : 2023.12p001 64 bits
2026-02-26 12:37:47.642302 (2187164) main____ INFO      build date: 2024.01.23 16:09:24 UTC
2026-02-26 12:37:47.642312 (2187164) main____ INFO    ----------------------------------------
2026-02-26 12:37:47.642321 (2187164) main____ INFO    Runtime info:
2026-02-26 12:37:47.642331 (2187164) main____ INFO      platform  : Linux 4.18.0-553.89.1.el8_10.x86_64 x86_64
2026-02-26 12:37:47.642350 (2187164) main____ INFO      hostname  : caddy12.stanford.edu
2026-02-26 12:37:47.642366 (2187164) main____ INFO      pid       : 2187164
2026-02-26 12:37:47.642377 (2187164) main____ INFO      arguments : '-style' 'windows' '-allow_unsupported_OS' '-no_gui' '-fpv' './synthlc/i_DIV_out/xHBPerfG_dfg_v3_div/HB_228_.tcl' '-proj' './synthlc/i_DIV_out/xHBPerfG_dfg_v3_div/HB_228_jgsession_26-02-26-12_37_47'
2026-02-26 12:37:47.642394 (2187164) main____ INFO      locale    : UTF-8
2026-02-26 12:37:47.642404 (2187164) main____ INFO    ----------------------------------------
2026-02-26 12:37:47.642413 (2187164) main____ INFO    System resource limits info:
2026-02-26 12:37:47.642428 (2187164) main____ INFO      virtual memory: unlimited
2026-02-26 12:37:47.642440 (2187164) main____ INFO      cpu time      : unlimited
2026-02-26 12:37:47.642460 (2187164) main____ INFO      processes     : 4096
2026-02-26 12:37:47.642481 (2187164) main____ INFO      stack size    : 8388608 B
2026-02-26 12:37:47.642495 (2187164) main____ INFO      core file size: 0 B
2026-02-26 12:37:47.642508 (2187164) main____ INFO      open files    : 4096
2026-02-26 12:37:47.642520 (2187164) main____ INFO      file size     : unlimited
2026-02-26 12:37:47.642529 (2187164) main____ INFO    ----------------------------------------
2026-02-26 12:37:47.642538 (2187164) main____ INFO    Memory statistics:
2026-02-26 12:37:47.642550 (2187164) main____ INFO      total physical memory  : 98449088 kB
2026-02-26 12:37:47.642562 (2187164) main____ INFO      free physical memory   : 75702408 kB
2026-02-26 12:37:47.642573 (2187164) main____ INFO      committed address space: 8641012 kB
2026-02-26 12:37:47.642582 (2187164) main____ INFO    ----------------------------------------
2026-02-26 12:37:47.643803 (2187164) main____ INFO    Important environment variables:
2026-02-26 12:37:47.643834 (2187164) main____ INFO      CDS_LIC_FILE       : '5280@cadlic0'
2026-02-26 12:37:47.643847 (2187164) main____ INFO      DISPLAY            : 'localhost:12.0'
2026-02-26 12:37:47.643859 (2187164) main____ INFO      JASPER_INSTALL_DIR : '/cad/cadence/jasper_2023.12p001'
2026-02-26 12:37:47.643870 (2187164) main____ INFO      JASPER_KERNEL_CHECK: '1'
2026-02-26 12:37:47.643882 (2187164) main____ INFO      JASPER_OS_CHECK    : '0'
2026-02-26 12:37:47.643902 (2187164) main____ INFO      LANG               : 'zh_TW.UTF-8'
2026-02-26 12:37:47.643912 (2187164) main____ INFO    ----------------------------------------
2026-02-26 12:37:47.646838 (2187164) lic_core INFO    Initializing license system ...
2026-02-26 12:37:47.669990 (2187164) lic_core INFO    ... license system initialized.
2026-02-26 12:37:47.784772 (2187164) lic__man INFO    Claim 'main' for <ui>.
2026-02-26 12:37:47.784834 (2187164) lic_core INFO    (1) checking out 'jasper_interactive' ...
2026-02-26 12:37:47.840221 (2187164) lic_core INFO    ... (1) checkout succeeded
2026-02-26 12:37:47.840314 (2187164) lic__man INFO    Claim 'fpv' for <ui>.
2026-02-26 12:37:47.840340 (2187164) lic_core INFO    (2) checking out 'jasper_fpv' ...
2026-02-26 12:37:47.855925 (2187164) lic_core INFO    ... (2) checkout failed (error: -5) ("FLEXnet ERROR(-5, 0, 0): No such feature exists.")
2026-02-26 12:37:47.855973 (2187164) lic_core INFO    (3) checking out 'jasper_fao' ...
2026-02-26 12:37:47.872021 (2187164) lic_core INFO    ... (3) checkout succeeded
2026-02-26 12:37:47.884537 (2187164) main____ INFO    Tool inactivity delay is 480000 ms.
2026-02-26 12:37:47.897924 (2187188) stdio___ INFO    Starting STDIN reader (tty: yes, tty name: '/dev/pts/0')
2026-02-26 12:37:48.160719 (2187164) session_ INFO    Starting analysis session with session id 'session_0' (launcher: <local>) ...
2026-02-26 12:37:48.162814 (2187164) session_ INFO    Analysis session with session id 'session_0' started (pid: 2187190)
2026-02-26 12:37:49.532955 (2187164) session_ INFO    Analysis session 'session_0' connected to the console (host: 127.0.0.1:33796)
2026-02-26 12:37:55.924793 (2187164) lic__man INFO    Unclaim everything for 'session_0'.
2026-02-26 12:37:56.540303 (2187164) lic__man INFO    Claim 'fpv' for 'session_0'.
2026-02-26 12:37:56.540348 (2187164) lic__man INFO    Claim 'fpv' for 'session_0/prove-0'.
2026-02-26 12:38:03.123644 (2187164) lic__man INFO    Unclaim everything for 'session_0/prove-0'.
2026-02-26 12:38:03.205972 (2187164) main____ INFO    About to exit: request to exit with status 0 received from analysis session 'session_0'
2026-02-26 12:38:03.747039 (2187164) session_ INFO    Analysis session 'session_0' disconnected.
2026-02-26 12:38:03.747200 (2187164) lic__man INFO    Unclaim everything for 'session_0'.
2026-02-26 12:38:03.747405 (2187164) session_ INFO    Process for analysis session 'session_0' has exited with exit status '0'.
2026-02-26 12:38:05.319740 (2187188) stdio___ INFO    STDIN reader requested to stop.
2026-02-26 12:38:05.319795 (2187188) stdio___ INFO    STDIN reader stopped.
2026-02-26 12:38:05.320163 (2187164) lic_core INFO    (1) checkin jasper_interactive
2026-02-26 12:38:05.329457 (2187164) lic_core INFO    (3) checkin jasper_fao
2026-02-26 12:38:05.361717 (2187164) main____ INFO    Exiting with status 0.
