2026-02-26 06:45:02.138846 (3871781) main____ INFO    ----------------------------------------
2026-02-26 06:45:02.138944 (3871781) main____ INFO    Jasper version info
2026-02-26 06:45:02.138960 (3871781) main____ INFO      tool      : Jasper 2023.12
2026-02-26 06:45:02.138975 (3871781) main____ INFO      version   : 2023.12p001 64 bits
2026-02-26 06:45:02.138999 (3871781) main____ INFO      build date: 2024.01.23 16:09:24 UTC
2026-02-26 06:45:02.139009 (3871781) main____ INFO    ----------------------------------------
2026-02-26 06:45:02.139018 (3871781) main____ INFO    Runtime info:
2026-02-26 06:45:02.139029 (3871781) main____ INFO      platform  : Linux 4.18.0-553.89.1.el8_10.x86_64 x86_64
2026-02-26 06:45:02.139048 (3871781) main____ INFO      hostname  : caddy15.stanford.edu
2026-02-26 06:45:02.139063 (3871781) main____ INFO      pid       : 3871781
2026-02-26 06:45:02.139076 (3871781) main____ INFO      arguments : '-style' 'windows' '-allow_unsupported_OS' '-no_gui' '-fpv' './synthlc/i_ADDI_out/xHBPerfG_dfg_v3_div/HB_484_.tcl' '-proj' './synthlc/i_ADDI_out/xHBPerfG_dfg_v3_div/HB_484_jgsession_26-02-26-06_45_01'
2026-02-26 06:45:02.139093 (3871781) main____ INFO      locale    : UTF-8
2026-02-26 06:45:02.139103 (3871781) main____ INFO    ----------------------------------------
2026-02-26 06:45:02.139112 (3871781) main____ INFO    System resource limits info:
2026-02-26 06:45:02.139124 (3871781) main____ INFO      virtual memory: unlimited
2026-02-26 06:45:02.139136 (3871781) main____ INFO      cpu time      : unlimited
2026-02-26 06:45:02.139154 (3871781) main____ INFO      processes     : 4096
2026-02-26 06:45:02.139176 (3871781) main____ INFO      stack size    : 8388608 B
2026-02-26 06:45:02.139190 (3871781) main____ INFO      core file size: 0 B
2026-02-26 06:45:02.139203 (3871781) main____ INFO      open files    : 4096
2026-02-26 06:45:02.139215 (3871781) main____ INFO      file size     : unlimited
2026-02-26 06:45:02.139225 (3871781) main____ INFO    ----------------------------------------
2026-02-26 06:45:02.139234 (3871781) main____ INFO    Memory statistics:
2026-02-26 06:45:02.139246 (3871781) main____ INFO      total physical memory  : 98449092 kB
2026-02-26 06:45:02.139257 (3871781) main____ INFO      free physical memory   : 74114904 kB
2026-02-26 06:45:02.139268 (3871781) main____ INFO      committed address space: 9058168 kB
2026-02-26 06:45:02.139278 (3871781) main____ INFO    ----------------------------------------
2026-02-26 06:45:02.140448 (3871781) main____ INFO    Important environment variables:
2026-02-26 06:45:02.140473 (3871781) main____ INFO      CDS_LIC_FILE       : '5280@cadlic0'
2026-02-26 06:45:02.140485 (3871781) main____ INFO      JASPER_INSTALL_DIR : '/cad/cadence/jasper_2023.12p001'
2026-02-26 06:45:02.140497 (3871781) main____ INFO      JASPER_KERNEL_CHECK: '1'
2026-02-26 06:45:02.140509 (3871781) main____ INFO      JASPER_OS_CHECK    : '0'
2026-02-26 06:45:02.140521 (3871781) main____ INFO      LANG               : 'en_US.UTF-8'
2026-02-26 06:45:02.140531 (3871781) main____ INFO    ----------------------------------------
2026-02-26 06:45:02.165535 (3871781) lic_core INFO    Initializing license system ...
2026-02-26 06:45:02.185916 (3871781) lic_core INFO    ... license system initialized.
2026-02-26 06:45:02.242533 (3871781) lic__man INFO    Claim 'main' for <ui>.
2026-02-26 06:45:02.242606 (3871781) lic_core INFO    (1) checking out 'jasper_interactive' ...
2026-02-26 06:45:02.304520 (3871781) lic_core INFO    ... (1) checkout succeeded
2026-02-26 06:45:02.304631 (3871781) lic__man INFO    Claim 'fpv' for <ui>.
2026-02-26 06:45:02.304660 (3871781) lic_core INFO    (2) checking out 'jasper_fpv' ...
2026-02-26 06:45:02.341849 (3871781) lic_core INFO    ... (2) checkout failed (error: -5) ("FLEXnet ERROR(-5, 0, 0): No such feature exists.")
2026-02-26 06:45:02.341922 (3871781) lic_core INFO    (3) checking out 'jasper_fao' ...
2026-02-26 06:45:02.406938 (3871781) lic_core INFO    ... (3) checkout succeeded
2026-02-26 06:45:02.408709 (3871781) main____ INFO    Tool inactivity delay is 480000 ms.
2026-02-26 06:45:02.409054 (3871834) stdio___ INFO    Starting STDIN reader (tty: yes, tty name: '/dev/pts/0')
2026-02-26 06:45:02.487114 (3871781) session_ INFO    Starting analysis session with session id 'session_0' (launcher: <local>) ...
2026-02-26 06:45:02.489133 (3871781) session_ INFO    Analysis session with session id 'session_0' started (pid: 3871835)
2026-02-26 06:45:04.066811 (3871781) session_ INFO    Analysis session 'session_0' connected to the console (host: 127.0.0.1:48826)
2026-02-26 06:45:08.370512 (3871781) lic__man INFO    Unclaim everything for 'session_0'.
2026-02-26 06:45:08.693593 (3871781) lic__man INFO    Claim 'fpv' for 'session_0'.
2026-02-26 06:45:08.693640 (3871781) lic__man INFO    Claim 'fpv' for 'session_0/prove-0'.
2026-02-26 06:45:10.166416 (3871781) lic__man INFO    Unclaim everything for 'session_0/prove-0'.
2026-02-26 06:45:10.208612 (3871781) main____ INFO    About to exit: request to exit with status 0 received from analysis session 'session_0'
2026-02-26 06:45:10.409650 (3871781) session_ INFO    Analysis session 'session_0' disconnected.
2026-02-26 06:45:10.409804 (3871781) lic__man INFO    Unclaim everything for 'session_0'.
2026-02-26 06:45:10.410032 (3871781) session_ INFO    Process for analysis session 'session_0' has exited with exit status '0'.
2026-02-26 06:45:12.322962 (3871834) stdio___ INFO    STDIN reader requested to stop.
2026-02-26 06:45:12.323020 (3871834) stdio___ INFO    STDIN reader stopped.
2026-02-26 06:45:12.323345 (3871781) lic_core INFO    (1) checkin jasper_interactive
2026-02-26 06:45:12.324715 (3871781) lic_core INFO    (3) checkin jasper_fao
2026-02-26 06:45:12.334443 (3871781) main____ INFO    Exiting with status 0.
