2026-02-28 21:53:18.976177 (3713339) main____ INFO    ----------------------------------------
2026-02-28 21:53:18.976282 (3713339) main____ INFO    Jasper version info
2026-02-28 21:53:18.976299 (3713339) main____ INFO      tool      : Jasper 2023.12
2026-02-28 21:53:18.976315 (3713339) main____ INFO      version   : 2023.12p001 64 bits
2026-02-28 21:53:18.976330 (3713339) main____ INFO      build date: 2024.01.23 16:09:24 UTC
2026-02-28 21:53:18.976341 (3713339) main____ INFO    ----------------------------------------
2026-02-28 21:53:18.976351 (3713339) main____ INFO    Runtime info:
2026-02-28 21:53:18.976363 (3713339) main____ INFO      platform  : Linux 4.18.0-553.89.1.el8_10.x86_64 x86_64
2026-02-28 21:53:18.976382 (3713339) main____ INFO      hostname  : caddy12.stanford.edu
2026-02-28 21:53:18.976398 (3713339) main____ INFO      pid       : 3713339
2026-02-28 21:53:18.976409 (3713339) main____ INFO      arguments : '-style' 'windows' '-allow_unsupported_OS' '-no_gui' '-fpv' './synthlc/i_ADDI_out/xPairwiseDepDiv/nunv_anytwo_110_.tcl' '-proj' './synthlc/i_ADDI_out/xPairwiseDepDiv/nunv_anytwo_110_jgsession_26-02-28-21_53_18'
2026-02-28 21:53:18.976427 (3713339) main____ INFO      locale    : UTF-8
2026-02-28 21:53:18.976438 (3713339) main____ INFO    ----------------------------------------
2026-02-28 21:53:18.976448 (3713339) main____ INFO    System resource limits info:
2026-02-28 21:53:18.976461 (3713339) main____ INFO      virtual memory: unlimited
2026-02-28 21:53:18.976474 (3713339) main____ INFO      cpu time      : unlimited
2026-02-28 21:53:18.976492 (3713339) main____ INFO      processes     : 4096
2026-02-28 21:53:18.976512 (3713339) main____ INFO      stack size    : 8388608 B
2026-02-28 21:53:18.976527 (3713339) main____ INFO      core file size: 0 B
2026-02-28 21:53:18.976540 (3713339) main____ INFO      open files    : 4096
2026-02-28 21:53:18.976553 (3713339) main____ INFO      file size     : unlimited
2026-02-28 21:53:18.976563 (3713339) main____ INFO    ----------------------------------------
2026-02-28 21:53:18.976573 (3713339) main____ INFO    Memory statistics:
2026-02-28 21:53:18.976585 (3713339) main____ INFO      total physical memory  : 98449088 kB
2026-02-28 21:53:18.976597 (3713339) main____ INFO      free physical memory   : 85970728 kB
2026-02-28 21:53:18.976609 (3713339) main____ INFO      committed address space: 8771112 kB
2026-02-28 21:53:18.976619 (3713339) main____ INFO    ----------------------------------------
2026-02-28 21:53:18.977829 (3713339) main____ INFO    Important environment variables:
2026-02-28 21:53:18.977858 (3713339) main____ INFO      CDS_LIC_FILE       : '5280@cadlic0'
2026-02-28 21:53:18.977872 (3713339) main____ INFO      DISPLAY            : 'localhost:12.0'
2026-02-28 21:53:18.977885 (3713339) main____ INFO      JASPER_INSTALL_DIR : '/cad/cadence/jasper_2023.12p001'
2026-02-28 21:53:18.977897 (3713339) main____ INFO      JASPER_KERNEL_CHECK: '1'
2026-02-28 21:53:18.977910 (3713339) main____ INFO      JASPER_OS_CHECK    : '0'
2026-02-28 21:53:18.977923 (3713339) main____ INFO      LANG               : 'zh_TW.UTF-8'
2026-02-28 21:53:18.977933 (3713339) main____ INFO    ----------------------------------------
2026-02-28 21:53:18.979051 (3713339) lic_core INFO    Initializing license system ...
2026-02-28 21:53:18.980404 (3713339) lic_core INFO    ... license system initialized.
2026-02-28 21:53:18.999096 (3713339) lic__man INFO    Claim 'main' for <ui>.
2026-02-28 21:53:18.999170 (3713339) lic_core INFO    (1) checking out 'jasper_interactive' ...
2026-02-28 21:53:19.058086 (3713339) lic_core INFO    ... (1) checkout succeeded
2026-02-28 21:53:19.058200 (3713339) lic__man INFO    Claim 'fpv' for <ui>.
2026-02-28 21:53:19.058231 (3713339) lic_core INFO    (2) checking out 'jasper_fpv' ...
2026-02-28 21:53:19.097395 (3713339) lic_core INFO    ... (2) checkout failed (error: -5) ("FLEXnet ERROR(-5, 0, 0): No such feature exists.")
2026-02-28 21:53:19.106874 (3713339) lic_core INFO    (3) checking out 'jasper_fao' ...
2026-02-28 21:53:19.156598 (3713339) lic_core INFO    ... (3) checkout succeeded
2026-02-28 21:53:19.167618 (3713339) main____ INFO    Tool inactivity delay is 480000 ms.
2026-02-28 21:53:19.187681 (3713355) stdio___ INFO    Starting STDIN reader (tty: yes, tty name: '/dev/pts/0')
2026-02-28 21:53:19.320543 (3713339) session_ INFO    Starting analysis session with session id 'session_0' (launcher: <local>) ...
2026-02-28 21:53:19.322595 (3713339) session_ INFO    Analysis session with session id 'session_0' started (pid: 3713358)
2026-02-28 21:53:20.759206 (3713339) session_ INFO    Analysis session 'session_0' connected to the console (host: 127.0.0.1:59692)
2026-02-28 21:53:25.219003 (3713339) lic__man INFO    Unclaim everything for 'session_0'.
2026-02-28 21:53:25.566192 (3713339) lic__man INFO    Claim 'fpv' for 'session_0'.
2026-02-28 21:53:25.566241 (3713339) lic__man INFO    Claim 'fpv' for 'session_0/prove-0'.
2026-02-28 21:53:27.752256 (3713339) lic__man INFO    Unclaim everything for 'session_0/prove-0'.
2026-02-28 21:53:27.780980 (3713339) main____ INFO    About to exit: request to exit with status 0 received from analysis session 'session_0'
2026-02-28 21:53:28.046944 (3713339) session_ INFO    Analysis session 'session_0' disconnected.
2026-02-28 21:53:28.047192 (3713339) lic__man INFO    Unclaim everything for 'session_0'.
2026-02-28 21:53:28.047382 (3713339) session_ INFO    Process for analysis session 'session_0' has exited with exit status '0'.
2026-02-28 21:53:29.907245 (3713355) stdio___ INFO    STDIN reader requested to stop.
2026-02-28 21:53:29.907296 (3713355) stdio___ INFO    STDIN reader stopped.
2026-02-28 21:53:29.907602 (3713339) lic_core INFO    (1) checkin jasper_interactive
2026-02-28 21:53:29.908943 (3713339) lic_core INFO    (3) checkin jasper_fao
2026-02-28 21:53:29.915986 (3713339) main____ INFO    Exiting with status 0.
