2026-02-27 15:56:46.500552 (3177338) main____ INFO    ----------------------------------------
2026-02-27 15:56:46.500618 (3177338) main____ INFO    Jasper version info
2026-02-27 15:56:46.500633 (3177338) main____ INFO      tool      : Jasper 2023.12
2026-02-27 15:56:46.500648 (3177338) main____ INFO      version   : 2023.12p001 64 bits
2026-02-27 15:56:46.500661 (3177338) main____ INFO      build date: 2024.01.23 16:09:24 UTC
2026-02-27 15:56:46.500695 (3177338) main____ INFO    ----------------------------------------
2026-02-27 15:56:46.500705 (3177338) main____ INFO    Runtime info:
2026-02-27 15:56:46.500717 (3177338) main____ INFO      platform  : Linux 4.18.0-553.89.1.el8_10.x86_64 x86_64
2026-02-27 15:56:46.500734 (3177338) main____ INFO      hostname  : caddy12.stanford.edu
2026-02-27 15:56:46.500749 (3177338) main____ INFO      pid       : 3177338
2026-02-27 15:56:46.500760 (3177338) main____ INFO      arguments : '-style' 'windows' '-allow_unsupported_OS' '-no_gui' '-fpv' './synthlc/i_DIV_out/xPerfLocSubsetDiv/coverset_52_.tcl' '-proj' './synthlc/i_DIV_out/xPerfLocSubsetDiv/coverset_52_jgsession_26-02-27-15_56_46'
2026-02-27 15:56:46.500776 (3177338) main____ INFO      locale    : UTF-8
2026-02-27 15:56:46.500786 (3177338) main____ INFO    ----------------------------------------
2026-02-27 15:56:46.500796 (3177338) main____ INFO    System resource limits info:
2026-02-27 15:56:46.500808 (3177338) main____ INFO      virtual memory: unlimited
2026-02-27 15:56:46.500821 (3177338) main____ INFO      cpu time      : unlimited
2026-02-27 15:56:46.500838 (3177338) main____ INFO      processes     : 4096
2026-02-27 15:56:46.500856 (3177338) main____ INFO      stack size    : 8388608 B
2026-02-27 15:56:46.500870 (3177338) main____ INFO      core file size: 0 B
2026-02-27 15:56:46.500883 (3177338) main____ INFO      open files    : 4096
2026-02-27 15:56:46.500896 (3177338) main____ INFO      file size     : unlimited
2026-02-27 15:56:46.500906 (3177338) main____ INFO    ----------------------------------------
2026-02-27 15:56:46.500916 (3177338) main____ INFO    Memory statistics:
2026-02-27 15:56:46.500928 (3177338) main____ INFO      total physical memory  : 98449088 kB
2026-02-27 15:56:46.500939 (3177338) main____ INFO      free physical memory   : 78908508 kB
2026-02-27 15:56:46.500951 (3177338) main____ INFO      committed address space: 2149664 kB
2026-02-27 15:56:46.500961 (3177338) main____ INFO    ----------------------------------------
2026-02-27 15:56:46.502103 (3177338) main____ INFO    Important environment variables:
2026-02-27 15:56:46.502127 (3177338) main____ INFO      CDS_LIC_FILE       : '5280@cadlic0'
2026-02-27 15:56:46.502140 (3177338) main____ INFO      DISPLAY            : 'localhost:12.0'
2026-02-27 15:56:46.502153 (3177338) main____ INFO      JASPER_INSTALL_DIR : '/cad/cadence/jasper_2023.12p001'
2026-02-27 15:56:46.502165 (3177338) main____ INFO      JASPER_KERNEL_CHECK: '1'
2026-02-27 15:56:46.502177 (3177338) main____ INFO      JASPER_OS_CHECK    : '0'
2026-02-27 15:56:46.502190 (3177338) main____ INFO      LANG               : 'zh_TW.UTF-8'
2026-02-27 15:56:46.502200 (3177338) main____ INFO    ----------------------------------------
2026-02-27 15:56:46.503418 (3177338) lic_core INFO    Initializing license system ...
2026-02-27 15:56:46.504798 (3177338) lic_core INFO    ... license system initialized.
2026-02-27 15:56:46.559562 (3177338) lic__man INFO    Claim 'main' for <ui>.
2026-02-27 15:56:46.559605 (3177338) lic_core INFO    (1) checking out 'jasper_interactive' ...
2026-02-27 15:56:46.572464 (3177338) lic_core INFO    ... (1) checkout succeeded
2026-02-27 15:56:46.572522 (3177338) lic__man INFO    Claim 'fpv' for <ui>.
2026-02-27 15:56:46.572543 (3177338) lic_core INFO    (2) checking out 'jasper_fpv' ...
2026-02-27 15:56:46.577155 (3177338) lic_core INFO    ... (2) checkout failed (error: -5) ("FLEXnet ERROR(-5, 0, 0): No such feature exists.")
2026-02-27 15:56:46.577187 (3177338) lic_core INFO    (3) checking out 'jasper_fao' ...
2026-02-27 15:56:46.588440 (3177338) lic_core INFO    ... (3) checkout succeeded
2026-02-27 15:56:46.589959 (3177351) stdio___ INFO    Starting STDIN reader (tty: yes, tty name: '/dev/pts/0')
2026-02-27 15:56:46.590082 (3177338) main____ INFO    Tool inactivity delay is 480000 ms.
2026-02-27 15:56:46.710097 (3177338) session_ INFO    Starting analysis session with session id 'session_0' (launcher: <local>) ...
2026-02-27 15:56:46.711773 (3177338) session_ INFO    Analysis session with session id 'session_0' started (pid: 3177365)
2026-02-27 15:56:47.800520 (3177338) session_ INFO    Analysis session 'session_0' connected to the console (host: 127.0.0.1:57276)
2026-02-27 15:56:51.274735 (3177338) lic__man INFO    Unclaim everything for 'session_0'.
2026-02-27 15:56:51.494777 (3177338) lic__man INFO    Claim 'fpv' for 'session_0'.
2026-02-27 15:56:51.494817 (3177338) lic__man INFO    Claim 'fpv' for 'session_0/prove-0'.
2026-02-27 15:56:55.980975 (3177338) lic__man INFO    Unclaim everything for 'session_0/prove-0'.
2026-02-27 15:56:56.048125 (3177338) main____ INFO    About to exit: request to exit with status 0 received from analysis session 'session_0'
2026-02-27 15:56:56.371919 (3177338) session_ INFO    Analysis session 'session_0' disconnected.
2026-02-27 15:56:56.372080 (3177338) lic__man INFO    Unclaim everything for 'session_0'.
2026-02-27 15:56:56.383373 (3177338) session_ INFO    Process for analysis session 'session_0' has exited with exit status '0'.
2026-02-27 15:56:57.954477 (3177351) stdio___ INFO    STDIN reader requested to stop.
2026-02-27 15:56:57.954518 (3177351) stdio___ INFO    STDIN reader stopped.
2026-02-27 15:56:57.954770 (3177338) lic_core INFO    (1) checkin jasper_interactive
2026-02-27 15:56:57.955912 (3177338) lic_core INFO    (3) checkin jasper_fao
2026-02-27 15:56:57.957632 (3177338) main____ INFO    Exiting with status 0.
