2026-02-28 22:49:01.776377 (1037720) main____ INFO    ----------------------------------------
2026-02-28 22:49:01.776540 (1037720) main____ INFO    Jasper version info
2026-02-28 22:49:01.776558 (1037720) main____ INFO      tool      : Jasper 2023.12
2026-02-28 22:49:01.776577 (1037720) main____ INFO      version   : 2023.12p001 64 bits
2026-02-28 22:49:01.776591 (1037720) main____ INFO      build date: 2024.01.23 16:09:24 UTC
2026-02-28 22:49:01.776601 (1037720) main____ INFO    ----------------------------------------
2026-02-28 22:49:01.776610 (1037720) main____ INFO    Runtime info:
2026-02-28 22:49:01.776621 (1037720) main____ INFO      platform  : Linux 4.18.0-553.89.1.el8_10.x86_64 x86_64
2026-02-28 22:49:01.776652 (1037720) main____ INFO      hostname  : caddy15.stanford.edu
2026-02-28 22:49:01.776668 (1037720) main____ INFO      pid       : 1037720
2026-02-28 22:49:01.776679 (1037720) main____ INFO      arguments : '-style' 'windows' '-allow_unsupported_OS' '-no_gui' '-fpv' './synthlc/i_BEQ_out/xPairwiseDepDiv/nunv_anytwo_70_.tcl' '-proj' './synthlc/i_BEQ_out/xPairwiseDepDiv/nunv_anytwo_70_jgsession_26-02-28-22_49_01'
2026-02-28 22:49:01.776697 (1037720) main____ INFO      locale    : UTF-8
2026-02-28 22:49:01.776707 (1037720) main____ INFO    ----------------------------------------
2026-02-28 22:49:01.776716 (1037720) main____ INFO    System resource limits info:
2026-02-28 22:49:01.776729 (1037720) main____ INFO      virtual memory: unlimited
2026-02-28 22:49:01.776741 (1037720) main____ INFO      cpu time      : unlimited
2026-02-28 22:49:01.776762 (1037720) main____ INFO      processes     : 4096
2026-02-28 22:49:01.776784 (1037720) main____ INFO      stack size    : 8388608 B
2026-02-28 22:49:01.776799 (1037720) main____ INFO      core file size: 0 B
2026-02-28 22:49:01.776812 (1037720) main____ INFO      open files    : 4096
2026-02-28 22:49:01.776824 (1037720) main____ INFO      file size     : unlimited
2026-02-28 22:49:01.776834 (1037720) main____ INFO    ----------------------------------------
2026-02-28 22:49:01.776843 (1037720) main____ INFO    Memory statistics:
2026-02-28 22:49:01.776855 (1037720) main____ INFO      total physical memory  : 98449092 kB
2026-02-28 22:49:01.776866 (1037720) main____ INFO      free physical memory   : 76709164 kB
2026-02-28 22:49:01.776878 (1037720) main____ INFO      committed address space: 6187280 kB
2026-02-28 22:49:01.776888 (1037720) main____ INFO    ----------------------------------------
2026-02-28 22:49:01.778069 (1037720) main____ INFO    Important environment variables:
2026-02-28 22:49:01.778094 (1037720) main____ INFO      CDS_LIC_FILE       : '5280@cadlic0'
2026-02-28 22:49:01.778106 (1037720) main____ INFO      JASPER_INSTALL_DIR : '/cad/cadence/jasper_2023.12p001'
2026-02-28 22:49:01.778118 (1037720) main____ INFO      JASPER_KERNEL_CHECK: '1'
2026-02-28 22:49:01.778130 (1037720) main____ INFO      JASPER_OS_CHECK    : '0'
2026-02-28 22:49:01.778141 (1037720) main____ INFO      LANG               : 'en_US.UTF-8'
2026-02-28 22:49:01.778151 (1037720) main____ INFO    ----------------------------------------
2026-02-28 22:49:01.780477 (1037720) lic_core INFO    Initializing license system ...
2026-02-28 22:49:01.838133 (1037720) lic_core INFO    ... license system initialized.
2026-02-28 22:49:01.979755 (1037720) lic__man INFO    Claim 'main' for <ui>.
2026-02-28 22:49:01.979831 (1037720) lic_core INFO    (1) checking out 'jasper_interactive' ...
2026-02-28 22:49:02.019807 (1037720) lic_core INFO    ... (1) checkout succeeded
2026-02-28 22:49:02.019904 (1037720) lic__man INFO    Claim 'fpv' for <ui>.
2026-02-28 22:49:02.019931 (1037720) lic_core INFO    (2) checking out 'jasper_fpv' ...
2026-02-28 22:49:02.034831 (1037720) lic_core INFO    ... (2) checkout failed (error: -5) ("FLEXnet ERROR(-5, 0, 0): No such feature exists.")
2026-02-28 22:49:02.034891 (1037720) lic_core INFO    (3) checking out 'jasper_fao' ...
2026-02-28 22:49:02.124320 (1037720) lic_core INFO    ... (3) checkout succeeded
2026-02-28 22:49:02.134728 (1037720) main____ INFO    Tool inactivity delay is 480000 ms.
2026-02-28 22:49:02.140644 (1037757) stdio___ INFO    Starting STDIN reader (tty: yes, tty name: '/dev/pts/0')
2026-02-28 22:49:02.468494 (1037720) session_ INFO    Starting analysis session with session id 'session_0' (launcher: <local>) ...
2026-02-28 22:49:02.470415 (1037720) session_ INFO    Analysis session with session id 'session_0' started (pid: 1037758)
2026-02-28 22:49:04.009792 (1037720) session_ INFO    Analysis session 'session_0' connected to the console (host: 127.0.0.1:52314)
2026-02-28 22:49:09.210837 (1037720) lic__man INFO    Unclaim everything for 'session_0'.
2026-02-28 22:49:09.559711 (1037720) lic__man INFO    Claim 'fpv' for 'session_0'.
2026-02-28 22:49:09.559760 (1037720) lic__man INFO    Claim 'fpv' for 'session_0/prove-0'.
2026-02-28 22:49:11.706528 (1037720) lic__man INFO    Unclaim everything for 'session_0/prove-0'.
2026-02-28 22:49:11.753703 (1037720) main____ INFO    About to exit: request to exit with status 0 received from analysis session 'session_0'
2026-02-28 22:49:12.086670 (1037720) session_ INFO    Analysis session 'session_0' disconnected.
2026-02-28 22:49:12.086828 (1037720) lic__man INFO    Unclaim everything for 'session_0'.
2026-02-28 22:49:12.087011 (1037720) session_ INFO    Process for analysis session 'session_0' has exited with exit status '0'.
2026-02-28 22:49:13.879399 (1037757) stdio___ INFO    STDIN reader requested to stop.
2026-02-28 22:49:13.879454 (1037757) stdio___ INFO    STDIN reader stopped.
2026-02-28 22:49:13.879946 (1037720) lic_core INFO    (1) checkin jasper_interactive
2026-02-28 22:49:13.880896 (1037720) lic_core INFO    (3) checkin jasper_fao
2026-02-28 22:49:13.892838 (1037720) main____ INFO    Exiting with status 0.
