2026-02-27 16:14:32.008224 (3204620) main____ INFO    ----------------------------------------
2026-02-27 16:14:32.008318 (3204620) main____ INFO    Jasper version info
2026-02-27 16:14:32.008335 (3204620) main____ INFO      tool      : Jasper 2023.12
2026-02-27 16:14:32.008351 (3204620) main____ INFO      version   : 2023.12p001 64 bits
2026-02-27 16:14:32.008365 (3204620) main____ INFO      build date: 2024.01.23 16:09:24 UTC
2026-02-27 16:14:32.008376 (3204620) main____ INFO    ----------------------------------------
2026-02-27 16:14:32.008386 (3204620) main____ INFO    Runtime info:
2026-02-27 16:14:32.008397 (3204620) main____ INFO      platform  : Linux 4.18.0-553.89.1.el8_10.x86_64 x86_64
2026-02-27 16:14:32.008416 (3204620) main____ INFO      hostname  : caddy12.stanford.edu
2026-02-27 16:14:32.008432 (3204620) main____ INFO      pid       : 3204620
2026-02-27 16:14:32.008443 (3204620) main____ INFO      arguments : '-style' 'windows' '-allow_unsupported_OS' '-no_gui' '-fpv' './synthlc/i_DIV_out/xHBPerfG_dfg_v3_div/HB_149_.tcl' '-proj' './synthlc/i_DIV_out/xHBPerfG_dfg_v3_div/HB_149_jgsession_26-02-27-16_14_30'
2026-02-27 16:14:32.008461 (3204620) main____ INFO      locale    : UTF-8
2026-02-27 16:14:32.008471 (3204620) main____ INFO    ----------------------------------------
2026-02-27 16:14:32.008481 (3204620) main____ INFO    System resource limits info:
2026-02-27 16:14:32.008493 (3204620) main____ INFO      virtual memory: unlimited
2026-02-27 16:14:32.008506 (3204620) main____ INFO      cpu time      : unlimited
2026-02-27 16:14:32.008525 (3204620) main____ INFO      processes     : 4096
2026-02-27 16:14:32.008545 (3204620) main____ INFO      stack size    : 8388608 B
2026-02-27 16:14:32.008560 (3204620) main____ INFO      core file size: 0 B
2026-02-27 16:14:32.008574 (3204620) main____ INFO      open files    : 4096
2026-02-27 16:14:32.008586 (3204620) main____ INFO      file size     : unlimited
2026-02-27 16:14:32.008596 (3204620) main____ INFO    ----------------------------------------
2026-02-27 16:14:32.008606 (3204620) main____ INFO    Memory statistics:
2026-02-27 16:14:32.008618 (3204620) main____ INFO      total physical memory  : 98449088 kB
2026-02-27 16:14:32.008630 (3204620) main____ INFO      free physical memory   : 69733964 kB
2026-02-27 16:14:32.008642 (3204620) main____ INFO      committed address space: 12856880 kB
2026-02-27 16:14:32.008652 (3204620) main____ INFO    ----------------------------------------
2026-02-27 16:14:32.009876 (3204620) main____ INFO    Important environment variables:
2026-02-27 16:14:32.009902 (3204620) main____ INFO      CDS_LIC_FILE       : '5280@cadlic0'
2026-02-27 16:14:32.009916 (3204620) main____ INFO      DISPLAY            : 'localhost:12.0'
2026-02-27 16:14:32.009928 (3204620) main____ INFO      JASPER_INSTALL_DIR : '/cad/cadence/jasper_2023.12p001'
2026-02-27 16:14:32.009941 (3204620) main____ INFO      JASPER_KERNEL_CHECK: '1'
2026-02-27 16:14:32.009953 (3204620) main____ INFO      JASPER_OS_CHECK    : '0'
2026-02-27 16:14:32.009965 (3204620) main____ INFO      LANG               : 'zh_TW.UTF-8'
2026-02-27 16:14:32.009976 (3204620) main____ INFO    ----------------------------------------
2026-02-27 16:14:32.011860 (3204620) lic_core INFO    Initializing license system ...
2026-02-27 16:14:32.034106 (3204620) lic_core INFO    ... license system initialized.
2026-02-27 16:14:32.203939 (3204620) lic__man INFO    Claim 'main' for <ui>.
2026-02-27 16:14:32.204024 (3204620) lic_core INFO    (1) checking out 'jasper_interactive' ...
2026-02-27 16:14:32.264956 (3204620) lic_core INFO    ... (1) checkout succeeded
2026-02-27 16:14:32.265102 (3204620) lic__man INFO    Claim 'fpv' for <ui>.
2026-02-27 16:14:32.265133 (3204620) lic_core INFO    (2) checking out 'jasper_fpv' ...
2026-02-27 16:14:32.279357 (3204620) lic_core INFO    ... (2) checkout failed (error: -5) ("FLEXnet ERROR(-5, 0, 0): No such feature exists.")
2026-02-27 16:14:32.279416 (3204620) lic_core INFO    (3) checking out 'jasper_fao' ...
2026-02-27 16:14:32.305931 (3204620) lic_core INFO    ... (3) checkout succeeded
2026-02-27 16:14:32.329529 (3204620) main____ INFO    Tool inactivity delay is 480000 ms.
2026-02-27 16:14:32.337998 (3204663) stdio___ INFO    Starting STDIN reader (tty: yes, tty name: '/dev/pts/0')
2026-02-27 16:14:32.690840 (3204620) session_ INFO    Starting analysis session with session id 'session_0' (launcher: <local>) ...
2026-02-27 16:14:32.693159 (3204620) session_ INFO    Analysis session with session id 'session_0' started (pid: 3204667)
2026-02-27 16:14:35.933119 (3204620) session_ INFO    Analysis session 'session_0' connected to the console (host: 127.0.0.1:41068)
2026-02-27 16:14:40.348897 (3204620) lic__man INFO    Unclaim everything for 'session_0'.
2026-02-27 16:14:40.712282 (3204620) lic__man INFO    Claim 'fpv' for 'session_0'.
2026-02-27 16:14:40.712333 (3204620) lic__man INFO    Claim 'fpv' for 'session_0/prove-0'.
2026-02-27 16:14:47.616717 (3204620) lic__man INFO    Unclaim everything for 'session_0/prove-0'.
2026-02-27 16:14:47.659859 (3204620) main____ INFO    About to exit: request to exit with status 0 received from analysis session 'session_0'
2026-02-27 16:14:47.803205 (3204620) session_ INFO    Analysis session 'session_0' disconnected.
2026-02-27 16:14:47.803413 (3204620) lic__man INFO    Unclaim everything for 'session_0'.
2026-02-27 16:14:47.803602 (3204620) session_ INFO    Process for analysis session 'session_0' has exited with exit status '0'.
2026-02-27 16:14:49.779656 (3204663) stdio___ INFO    STDIN reader requested to stop.
2026-02-27 16:14:49.779732 (3204663) stdio___ INFO    STDIN reader stopped.
2026-02-27 16:14:49.780046 (3204620) lic_core INFO    (1) checkin jasper_interactive
2026-02-27 16:14:49.780872 (3204620) lic_core INFO    (3) checkin jasper_fao
2026-02-27 16:14:49.781873 (3204620) main____ INFO    Exiting with status 0.
