2026-02-26 03:34:07.236545 (3688824) main____ INFO    ----------------------------------------
2026-02-26 03:34:07.236644 (3688824) main____ INFO    Jasper version info
2026-02-26 03:34:07.236661 (3688824) main____ INFO      tool      : Jasper 2023.12
2026-02-26 03:34:07.236676 (3688824) main____ INFO      version   : 2023.12p001 64 bits
2026-02-26 03:34:07.236689 (3688824) main____ INFO      build date: 2024.01.23 16:09:24 UTC
2026-02-26 03:34:07.236699 (3688824) main____ INFO    ----------------------------------------
2026-02-26 03:34:07.236708 (3688824) main____ INFO    Runtime info:
2026-02-26 03:34:07.236719 (3688824) main____ INFO      platform  : Linux 4.18.0-553.89.1.el8_10.x86_64 x86_64
2026-02-26 03:34:07.236738 (3688824) main____ INFO      hostname  : caddy15.stanford.edu
2026-02-26 03:34:07.236753 (3688824) main____ INFO      pid       : 3688824
2026-02-26 03:34:07.236764 (3688824) main____ INFO      arguments : '-style' 'windows' '-allow_unsupported_OS' '-no_gui' '-fpv' './synthlc/i_ADDI_out/xPairwiseDepDiv/exclusive_101_.tcl' '-proj' './synthlc/i_ADDI_out/xPairwiseDepDiv/exclusive_101_jgsession_26-02-26-03_34_05'
2026-02-26 03:34:07.236781 (3688824) main____ INFO      locale    : UTF-8
2026-02-26 03:34:07.236790 (3688824) main____ INFO    ----------------------------------------
2026-02-26 03:34:07.236800 (3688824) main____ INFO    System resource limits info:
2026-02-26 03:34:07.236812 (3688824) main____ INFO      virtual memory: unlimited
2026-02-26 03:34:07.236824 (3688824) main____ INFO      cpu time      : unlimited
2026-02-26 03:34:07.236843 (3688824) main____ INFO      processes     : 4096
2026-02-26 03:34:07.236863 (3688824) main____ INFO      stack size    : 8388608 B
2026-02-26 03:34:07.236878 (3688824) main____ INFO      core file size: 0 B
2026-02-26 03:34:07.236891 (3688824) main____ INFO      open files    : 4096
2026-02-26 03:34:07.236903 (3688824) main____ INFO      file size     : unlimited
2026-02-26 03:34:07.236913 (3688824) main____ INFO    ----------------------------------------
2026-02-26 03:34:07.236922 (3688824) main____ INFO    Memory statistics:
2026-02-26 03:34:07.236933 (3688824) main____ INFO      total physical memory  : 98449092 kB
2026-02-26 03:34:07.236944 (3688824) main____ INFO      free physical memory   : 66167784 kB
2026-02-26 03:34:07.236956 (3688824) main____ INFO      committed address space: 18356924 kB
2026-02-26 03:34:07.236965 (3688824) main____ INFO    ----------------------------------------
2026-02-26 03:34:07.238152 (3688824) main____ INFO    Important environment variables:
2026-02-26 03:34:07.238179 (3688824) main____ INFO      CDS_LIC_FILE       : '5280@cadlic0'
2026-02-26 03:34:07.238191 (3688824) main____ INFO      JASPER_INSTALL_DIR : '/cad/cadence/jasper_2023.12p001'
2026-02-26 03:34:07.238203 (3688824) main____ INFO      JASPER_KERNEL_CHECK: '1'
2026-02-26 03:34:07.238215 (3688824) main____ INFO      JASPER_OS_CHECK    : '0'
2026-02-26 03:34:07.238227 (3688824) main____ INFO      LANG               : 'en_US.UTF-8'
2026-02-26 03:34:07.238237 (3688824) main____ INFO    ----------------------------------------
2026-02-26 03:34:07.239451 (3688824) lic_core INFO    Initializing license system ...
2026-02-26 03:34:07.310170 (3688824) lic_core INFO    ... license system initialized.
2026-02-26 03:34:07.463682 (3688824) lic__man INFO    Claim 'main' for <ui>.
2026-02-26 03:34:07.463759 (3688824) lic_core INFO    (1) checking out 'jasper_interactive' ...
2026-02-26 03:34:07.537646 (3688824) lic_core INFO    ... (1) checkout succeeded
2026-02-26 03:34:07.537755 (3688824) lic__man INFO    Claim 'fpv' for <ui>.
2026-02-26 03:34:07.537783 (3688824) lic_core INFO    (2) checking out 'jasper_fpv' ...
2026-02-26 03:34:07.604888 (3688824) lic_core INFO    ... (2) checkout failed (error: -5) ("FLEXnet ERROR(-5, 0, 0): No such feature exists.")
2026-02-26 03:34:07.604964 (3688824) lic_core INFO    (3) checking out 'jasper_fao' ...
2026-02-26 03:34:07.645596 (3688824) lic_core INFO    ... (3) checkout succeeded
2026-02-26 03:34:07.685266 (3688824) main____ INFO    Tool inactivity delay is 480000 ms.
2026-02-26 03:34:07.694612 (3688836) stdio___ INFO    Starting STDIN reader (tty: yes, tty name: '/dev/pts/0')
2026-02-26 03:34:08.081441 (3688824) session_ INFO    Starting analysis session with session id 'session_0' (launcher: <local>) ...
2026-02-26 03:34:08.083441 (3688824) session_ INFO    Analysis session with session id 'session_0' started (pid: 3688837)
2026-02-26 03:34:11.957853 (3688824) session_ INFO    Analysis session 'session_0' connected to the console (host: 127.0.0.1:58228)
2026-02-26 03:34:19.861585 (3688824) lic__man INFO    Unclaim everything for 'session_0'.
2026-02-26 03:34:20.225694 (3688824) lic__man INFO    Claim 'fpv' for 'session_0'.
2026-02-26 03:34:20.225741 (3688824) lic__man INFO    Claim 'fpv' for 'session_0/prove-0'.
2026-02-26 03:34:34.853831 (3688824) lic__man INFO    Unclaim everything for 'session_0/prove-0'.
2026-02-26 03:34:34.885639 (3688824) main____ INFO    About to exit: request to exit with status 0 received from analysis session 'session_0'
2026-02-26 03:34:35.171626 (3688824) session_ INFO    Analysis session 'session_0' disconnected.
2026-02-26 03:34:35.171777 (3688824) lic__man INFO    Unclaim everything for 'session_0'.
2026-02-26 03:34:35.171962 (3688824) session_ INFO    Process for analysis session 'session_0' has exited with exit status '0'.
2026-02-26 03:34:36.917074 (3688836) stdio___ INFO    STDIN reader requested to stop.
2026-02-26 03:34:36.917132 (3688836) stdio___ INFO    STDIN reader stopped.
2026-02-26 03:34:36.917495 (3688824) lic_core INFO    (1) checkin jasper_interactive
2026-02-26 03:34:36.928641 (3688824) lic_core INFO    (3) checkin jasper_fao
2026-02-26 03:34:36.949586 (3688824) main____ INFO    Exiting with status 0.
