2026-02-27 23:26:04.137861 (468674) main____ INFO    ----------------------------------------
2026-02-27 23:26:04.137926 (468674) main____ INFO    Jasper version info
2026-02-27 23:26:04.137940 (468674) main____ INFO      tool      : Jasper 2023.12
2026-02-27 23:26:04.137954 (468674) main____ INFO      version   : 2023.12p001 64 bits
2026-02-27 23:26:04.137966 (468674) main____ INFO      build date: 2024.01.23 16:09:24 UTC
2026-02-27 23:26:04.137976 (468674) main____ INFO    ----------------------------------------
2026-02-27 23:26:04.137985 (468674) main____ INFO    Runtime info:
2026-02-27 23:26:04.137995 (468674) main____ INFO      platform  : Linux 4.18.0-553.89.1.el8_10.x86_64 x86_64
2026-02-27 23:26:04.138012 (468674) main____ INFO      hostname  : caddy10.stanford.edu
2026-02-27 23:26:04.138026 (468674) main____ INFO      pid       : 468674
2026-02-27 23:26:04.138036 (468674) main____ INFO      arguments : '-style' 'windows' '-allow_unsupported_OS' '-no_gui' '-fpv' './synthlc/i_DIV_out/xPairwiseDepDiv/nunv_anytwo_108_.tcl' '-proj' './synthlc/i_DIV_out/xPairwiseDepDiv/nunv_anytwo_108_jgsession_26-02-27-23_26_03'
2026-02-27 23:26:04.138071 (468674) main____ INFO      locale    : UTF-8
2026-02-27 23:26:04.138081 (468674) main____ INFO    ----------------------------------------
2026-02-27 23:26:04.138090 (468674) main____ INFO    System resource limits info:
2026-02-27 23:26:04.138101 (468674) main____ INFO      virtual memory: unlimited
2026-02-27 23:26:04.138113 (468674) main____ INFO      cpu time      : unlimited
2026-02-27 23:26:04.138129 (468674) main____ INFO      processes     : 4096
2026-02-27 23:26:04.138147 (468674) main____ INFO      stack size    : 8388608 B
2026-02-27 23:26:04.138161 (468674) main____ INFO      core file size: 0 B
2026-02-27 23:26:04.138173 (468674) main____ INFO      open files    : 4096
2026-02-27 23:26:04.138185 (468674) main____ INFO      file size     : unlimited
2026-02-27 23:26:04.138194 (468674) main____ INFO    ----------------------------------------
2026-02-27 23:26:04.138203 (468674) main____ INFO    Memory statistics:
2026-02-27 23:26:04.138215 (468674) main____ INFO      total physical memory  : 98449096 kB
2026-02-27 23:26:04.138225 (468674) main____ INFO      free physical memory   : 90769428 kB
2026-02-27 23:26:04.138237 (468674) main____ INFO      committed address space: 1884208 kB
2026-02-27 23:26:04.138246 (468674) main____ INFO    ----------------------------------------
2026-02-27 23:26:04.139372 (468674) main____ INFO    Important environment variables:
2026-02-27 23:26:04.139394 (468674) main____ INFO      CDS_LIC_FILE       : '5280@cadlic0'
2026-02-27 23:26:04.139406 (468674) main____ INFO      JASPER_INSTALL_DIR : '/cad/cadence/jasper_2023.12p001'
2026-02-27 23:26:04.139418 (468674) main____ INFO      JASPER_KERNEL_CHECK: '1'
2026-02-27 23:26:04.139429 (468674) main____ INFO      JASPER_OS_CHECK    : '0'
2026-02-27 23:26:04.139441 (468674) main____ INFO      LANG               : 'en_US.UTF-8'
2026-02-27 23:26:04.139450 (468674) main____ INFO    ----------------------------------------
2026-02-27 23:26:04.140617 (468674) lic_core INFO    Initializing license system ...
2026-02-27 23:26:04.142099 (468674) lic_core INFO    ... license system initialized.
2026-02-27 23:26:04.153531 (468674) lic__man INFO    Claim 'main' for <ui>.
2026-02-27 23:26:04.153583 (468674) lic_core INFO    (1) checking out 'jasper_interactive' ...
2026-02-27 23:26:04.166251 (468674) lic_core INFO    ... (1) checkout succeeded
2026-02-27 23:26:04.166304 (468674) lic__man INFO    Claim 'fpv' for <ui>.
2026-02-27 23:26:04.166323 (468674) lic_core INFO    (2) checking out 'jasper_fpv' ...
2026-02-27 23:26:04.170405 (468674) lic_core INFO    ... (2) checkout failed (error: -5) ("FLEXnet ERROR(-5, 0, 0): No such feature exists.")
2026-02-27 23:26:04.170433 (468674) lic_core INFO    (3) checking out 'jasper_fao' ...
2026-02-27 23:26:04.181681 (468674) lic_core INFO    ... (3) checkout succeeded
2026-02-27 23:26:04.182615 (468685) stdio___ INFO    Starting STDIN reader (tty: yes, tty name: '/dev/pts/5')
2026-02-27 23:26:04.182754 (468674) main____ INFO    Tool inactivity delay is 480000 ms.
2026-02-27 23:26:04.223772 (468674) session_ INFO    Starting analysis session with session id 'session_0' (launcher: <local>) ...
2026-02-27 23:26:04.225447 (468674) session_ INFO    Analysis session with session id 'session_0' started (pid: 468686)
2026-02-27 23:26:05.292741 (468674) session_ INFO    Analysis session 'session_0' connected to the console (host: 127.0.0.1:33094)
2026-02-27 23:26:08.368547 (468674) lic__man INFO    Unclaim everything for 'session_0'.
2026-02-27 23:26:08.569241 (468674) lic__man INFO    Claim 'fpv' for 'session_0'.
2026-02-27 23:26:08.569274 (468674) lic__man INFO    Claim 'fpv' for 'session_0/prove-0'.
2026-02-27 23:26:10.182014 (468674) lic__man INFO    Unclaim everything for 'session_0/prove-0'.
2026-02-27 23:26:10.186858 (468674) main____ INFO    About to exit: request to exit with status 0 received from analysis session 'session_0'
2026-02-27 23:26:10.334323 (468674) session_ INFO    Analysis session 'session_0' disconnected.
2026-02-27 23:26:10.334510 (468674) lic__man INFO    Unclaim everything for 'session_0'.
2026-02-27 23:26:10.334728 (468674) session_ INFO    Process for analysis session 'session_0' has exited with exit status '0'.
2026-02-27 23:26:12.306154 (468685) stdio___ INFO    STDIN reader requested to stop.
2026-02-27 23:26:12.306211 (468685) stdio___ INFO    STDIN reader stopped.
2026-02-27 23:26:12.311765 (468674) lic_core INFO    (1) checkin jasper_interactive
2026-02-27 23:26:12.313264 (468674) lic_core INFO    (3) checkin jasper_fao
2026-02-27 23:26:12.332330 (468674) main____ INFO    Exiting with status 0.
