2026-02-26 11:42:22.219498 (2112473) main____ INFO    ----------------------------------------
2026-02-26 11:42:22.219599 (2112473) main____ INFO    Jasper version info
2026-02-26 11:42:22.219617 (2112473) main____ INFO      tool      : Jasper 2023.12
2026-02-26 11:42:22.219634 (2112473) main____ INFO      version   : 2023.12p001 64 bits
2026-02-26 11:42:22.219649 (2112473) main____ INFO      build date: 2024.01.23 16:09:24 UTC
2026-02-26 11:42:22.219660 (2112473) main____ INFO    ----------------------------------------
2026-02-26 11:42:22.219685 (2112473) main____ INFO    Runtime info:
2026-02-26 11:42:22.219697 (2112473) main____ INFO      platform  : Linux 4.18.0-553.89.1.el8_10.x86_64 x86_64
2026-02-26 11:42:22.219718 (2112473) main____ INFO      hostname  : caddy12.stanford.edu
2026-02-26 11:42:22.219736 (2112473) main____ INFO      pid       : 2112473
2026-02-26 11:42:22.219749 (2112473) main____ INFO      arguments : '-style' 'windows' '-allow_unsupported_OS' '-no_gui' '-fpv' './synthlc/i_DIV_out/xPairwiseDepDiv/exclusive_101_.tcl' '-proj' './synthlc/i_DIV_out/xPairwiseDepDiv/exclusive_101_jgsession_26-02-26-11_42_21'
2026-02-26 11:42:22.219769 (2112473) main____ INFO      locale    : UTF-8
2026-02-26 11:42:22.219780 (2112473) main____ INFO    ----------------------------------------
2026-02-26 11:42:22.219791 (2112473) main____ INFO    System resource limits info:
2026-02-26 11:42:22.219805 (2112473) main____ INFO      virtual memory: unlimited
2026-02-26 11:42:22.219819 (2112473) main____ INFO      cpu time      : unlimited
2026-02-26 11:42:22.219839 (2112473) main____ INFO      processes     : 4096
2026-02-26 11:42:22.219861 (2112473) main____ INFO      stack size    : 8388608 B
2026-02-26 11:42:22.219877 (2112473) main____ INFO      core file size: 0 B
2026-02-26 11:42:22.219892 (2112473) main____ INFO      open files    : 4096
2026-02-26 11:42:22.219906 (2112473) main____ INFO      file size     : unlimited
2026-02-26 11:42:22.219917 (2112473) main____ INFO    ----------------------------------------
2026-02-26 11:42:22.219928 (2112473) main____ INFO    Memory statistics:
2026-02-26 11:42:22.219941 (2112473) main____ INFO      total physical memory  : 98449088 kB
2026-02-26 11:42:22.219953 (2112473) main____ INFO      free physical memory   : 76730112 kB
2026-02-26 11:42:22.219966 (2112473) main____ INFO      committed address space: 8009932 kB
2026-02-26 11:42:22.219977 (2112473) main____ INFO    ----------------------------------------
2026-02-26 11:42:22.221389 (2112473) main____ INFO    Important environment variables:
2026-02-26 11:42:22.221420 (2112473) main____ INFO      CDS_LIC_FILE       : '5280@cadlic0'
2026-02-26 11:42:22.221435 (2112473) main____ INFO      DISPLAY            : 'localhost:12.0'
2026-02-26 11:42:22.221449 (2112473) main____ INFO      JASPER_INSTALL_DIR : '/cad/cadence/jasper_2023.12p001'
2026-02-26 11:42:22.221462 (2112473) main____ INFO      JASPER_KERNEL_CHECK: '1'
2026-02-26 11:42:22.221476 (2112473) main____ INFO      JASPER_OS_CHECK    : '0'
2026-02-26 11:42:22.221490 (2112473) main____ INFO      LANG               : 'zh_TW.UTF-8'
2026-02-26 11:42:22.221501 (2112473) main____ INFO    ----------------------------------------
2026-02-26 11:42:22.229816 (2112473) lic_core INFO    Initializing license system ...
2026-02-26 11:42:22.232009 (2112473) lic_core INFO    ... license system initialized.
2026-02-26 11:42:22.254332 (2112473) lic__man INFO    Claim 'main' for <ui>.
2026-02-26 11:42:22.254400 (2112473) lic_core INFO    (1) checking out 'jasper_interactive' ...
2026-02-26 11:42:22.267121 (2112473) lic_core INFO    ... (1) checkout succeeded
2026-02-26 11:42:22.267241 (2112473) lic__man INFO    Claim 'fpv' for <ui>.
2026-02-26 11:42:22.267271 (2112473) lic_core INFO    (2) checking out 'jasper_fpv' ...
2026-02-26 11:42:22.319279 (2112473) lic_core INFO    ... (2) checkout failed (error: -5) ("FLEXnet ERROR(-5, 0, 0): No such feature exists.")
2026-02-26 11:42:22.319336 (2112473) lic_core INFO    (3) checking out 'jasper_fao' ...
2026-02-26 11:42:22.330466 (2112473) lic_core INFO    ... (3) checkout succeeded
2026-02-26 11:42:22.332437 (2112473) main____ INFO    Tool inactivity delay is 480000 ms.
2026-02-26 11:42:22.342871 (2112495) stdio___ INFO    Starting STDIN reader (tty: yes, tty name: '/dev/pts/0')
2026-02-26 11:42:22.453424 (2112473) session_ INFO    Starting analysis session with session id 'session_0' (launcher: <local>) ...
2026-02-26 11:42:22.455431 (2112473) session_ INFO    Analysis session with session id 'session_0' started (pid: 2112501)
2026-02-26 11:42:24.022328 (2112473) session_ INFO    Analysis session 'session_0' connected to the console (host: 127.0.0.1:54472)
2026-02-26 11:42:27.952948 (2112473) lic__man INFO    Unclaim everything for 'session_0'.
2026-02-26 11:42:28.428362 (2112473) lic__man INFO    Claim 'fpv' for 'session_0'.
2026-02-26 11:42:28.428412 (2112473) lic__man INFO    Claim 'fpv' for 'session_0/prove-0'.
2026-02-26 11:43:43.951068 (2112473) lic__man INFO    Unclaim everything for 'session_0/prove-0'.
2026-02-26 11:43:43.998982 (2112473) main____ INFO    About to exit: request to exit with status 0 received from analysis session 'session_0'
2026-02-26 11:43:44.501940 (2112473) session_ INFO    Analysis session 'session_0' disconnected.
2026-02-26 11:43:44.502100 (2112473) lic__man INFO    Unclaim everything for 'session_0'.
2026-02-26 11:43:44.512896 (2112473) session_ INFO    Process for analysis session 'session_0' has exited with exit status '0'.
2026-02-26 11:43:45.907071 (2112495) stdio___ INFO    STDIN reader requested to stop.
2026-02-26 11:43:45.907136 (2112495) stdio___ INFO    STDIN reader stopped.
2026-02-26 11:43:45.917964 (2112473) lic_core INFO    (1) checkin jasper_interactive
2026-02-26 11:43:45.921889 (2112473) lic_core INFO    (3) checkin jasper_fao
2026-02-26 11:43:45.944712 (2112473) main____ INFO    Exiting with status 0.
