2026-02-27 15:47:26.660296 (3138849) main____ INFO    ----------------------------------------
2026-02-27 15:47:26.660387 (3138849) main____ INFO    Jasper version info
2026-02-27 15:47:26.660405 (3138849) main____ INFO      tool      : Jasper 2023.12
2026-02-27 15:47:26.660424 (3138849) main____ INFO      version   : 2023.12p001 64 bits
2026-02-27 15:47:26.660438 (3138849) main____ INFO      build date: 2024.01.23 16:09:24 UTC
2026-02-27 15:47:26.660449 (3138849) main____ INFO    ----------------------------------------
2026-02-27 15:47:26.660459 (3138849) main____ INFO    Runtime info:
2026-02-27 15:47:26.660471 (3138849) main____ INFO      platform  : Linux 4.18.0-553.89.1.el8_10.x86_64 x86_64
2026-02-27 15:47:26.660491 (3138849) main____ INFO      hostname  : caddy12.stanford.edu
2026-02-27 15:47:26.660507 (3138849) main____ INFO      pid       : 3138849
2026-02-27 15:47:26.660519 (3138849) main____ INFO      arguments : '-style' 'windows' '-allow_unsupported_OS' '-no_gui' '-fpv' './synthlc/i_DIV_out/xPairwiseDepDiv/exclusive_41_.tcl' '-proj' './synthlc/i_DIV_out/xPairwiseDepDiv/exclusive_41_jgsession_26-02-27-15_47_26'
2026-02-27 15:47:26.660536 (3138849) main____ INFO      locale    : UTF-8
2026-02-27 15:47:26.660547 (3138849) main____ INFO    ----------------------------------------
2026-02-27 15:47:26.660557 (3138849) main____ INFO    System resource limits info:
2026-02-27 15:47:26.660570 (3138849) main____ INFO      virtual memory: unlimited
2026-02-27 15:47:26.660583 (3138849) main____ INFO      cpu time      : unlimited
2026-02-27 15:47:26.660601 (3138849) main____ INFO      processes     : 4096
2026-02-27 15:47:26.660622 (3138849) main____ INFO      stack size    : 8388608 B
2026-02-27 15:47:26.660637 (3138849) main____ INFO      core file size: 0 B
2026-02-27 15:47:26.660651 (3138849) main____ INFO      open files    : 4096
2026-02-27 15:47:26.660678 (3138849) main____ INFO      file size     : unlimited
2026-02-27 15:47:26.660689 (3138849) main____ INFO    ----------------------------------------
2026-02-27 15:47:26.660699 (3138849) main____ INFO    Memory statistics:
2026-02-27 15:47:26.660711 (3138849) main____ INFO      total physical memory  : 98449088 kB
2026-02-27 15:47:26.660723 (3138849) main____ INFO      free physical memory   : 74259816 kB
2026-02-27 15:47:26.660736 (3138849) main____ INFO      committed address space: 7943168 kB
2026-02-27 15:47:26.660746 (3138849) main____ INFO    ----------------------------------------
2026-02-27 15:47:26.661939 (3138849) main____ INFO    Important environment variables:
2026-02-27 15:47:26.661971 (3138849) main____ INFO      CDS_LIC_FILE       : '5280@cadlic0'
2026-02-27 15:47:26.661985 (3138849) main____ INFO      DISPLAY            : 'localhost:12.0'
2026-02-27 15:47:26.661998 (3138849) main____ INFO      JASPER_INSTALL_DIR : '/cad/cadence/jasper_2023.12p001'
2026-02-27 15:47:26.662010 (3138849) main____ INFO      JASPER_KERNEL_CHECK: '1'
2026-02-27 15:47:26.662024 (3138849) main____ INFO      JASPER_OS_CHECK    : '0'
2026-02-27 15:47:26.662036 (3138849) main____ INFO      LANG               : 'zh_TW.UTF-8'
2026-02-27 15:47:26.662047 (3138849) main____ INFO    ----------------------------------------
2026-02-27 15:47:26.664814 (3138849) lic_core INFO    Initializing license system ...
2026-02-27 15:47:26.677308 (3138849) lic_core INFO    ... license system initialized.
2026-02-27 15:47:26.741834 (3138849) lic__man INFO    Claim 'main' for <ui>.
2026-02-27 15:47:26.741911 (3138849) lic_core INFO    (1) checking out 'jasper_interactive' ...
2026-02-27 15:47:26.793997 (3138849) lic_core INFO    ... (1) checkout succeeded
2026-02-27 15:47:26.794118 (3138849) lic__man INFO    Claim 'fpv' for <ui>.
2026-02-27 15:47:26.794148 (3138849) lic_core INFO    (2) checking out 'jasper_fpv' ...
2026-02-27 15:47:26.832879 (3138849) lic_core INFO    ... (2) checkout failed (error: -5) ("FLEXnet ERROR(-5, 0, 0): No such feature exists.")
2026-02-27 15:47:26.832944 (3138849) lic_core INFO    (3) checking out 'jasper_fao' ...
2026-02-27 15:47:26.844082 (3138849) lic_core INFO    ... (3) checkout succeeded
2026-02-27 15:47:26.851511 (3138896) stdio___ INFO    Starting STDIN reader (tty: yes, tty name: '/dev/pts/0')
2026-02-27 15:47:26.872718 (3138849) main____ INFO    Tool inactivity delay is 480000 ms.
2026-02-27 15:47:27.016769 (3138849) session_ INFO    Starting analysis session with session id 'session_0' (launcher: <local>) ...
2026-02-27 15:47:27.018752 (3138849) session_ INFO    Analysis session with session id 'session_0' started (pid: 3138906)
2026-02-27 15:47:28.422958 (3138849) session_ INFO    Analysis session 'session_0' connected to the console (host: 127.0.0.1:48678)
2026-02-27 15:47:31.466809 (3138849) lic__man INFO    Unclaim everything for 'session_0'.
2026-02-27 15:47:31.666004 (3138849) lic__man INFO    Claim 'fpv' for 'session_0'.
2026-02-27 15:47:31.666045 (3138849) lic__man INFO    Claim 'fpv' for 'session_0/prove-0'.
2026-02-27 15:47:39.992813 (3138849) lic__man INFO    Unclaim everything for 'session_0/prove-0'.
2026-02-27 15:47:40.034866 (3138849) main____ INFO    About to exit: request to exit with status 0 received from analysis session 'session_0'
2026-02-27 15:47:40.177110 (3138849) session_ INFO    Analysis session 'session_0' disconnected.
2026-02-27 15:47:40.177323 (3138849) lic__man INFO    Unclaim everything for 'session_0'.
2026-02-27 15:47:40.177524 (3138849) session_ INFO    Process for analysis session 'session_0' has exited with exit status '0'.
2026-02-27 15:47:41.941383 (3138896) stdio___ INFO    STDIN reader requested to stop.
2026-02-27 15:47:41.941426 (3138896) stdio___ INFO    STDIN reader stopped.
2026-02-27 15:47:41.941627 (3138849) lic_core INFO    (1) checkin jasper_interactive
2026-02-27 15:47:41.942497 (3138849) lic_core INFO    (3) checkin jasper_fao
2026-02-27 15:47:41.943505 (3138849) main____ INFO    Exiting with status 0.
