2026-03-01 07:52:20.548295 (4082258) main____ INFO    ----------------------------------------
2026-03-01 07:52:20.548415 (4082258) main____ INFO    Jasper version info
2026-03-01 07:52:20.548433 (4082258) main____ INFO      tool      : Jasper 2023.12
2026-03-01 07:52:20.548450 (4082258) main____ INFO      version   : 2023.12p001 64 bits
2026-03-01 07:52:20.548464 (4082258) main____ INFO      build date: 2024.01.23 16:09:24 UTC
2026-03-01 07:52:20.548474 (4082258) main____ INFO    ----------------------------------------
2026-03-01 07:52:20.548484 (4082258) main____ INFO    Runtime info:
2026-03-01 07:52:20.548495 (4082258) main____ INFO      platform  : Linux 4.18.0-553.89.1.el8_10.x86_64 x86_64
2026-03-01 07:52:20.548514 (4082258) main____ INFO      hostname  : caddy12.stanford.edu
2026-03-01 07:52:20.548531 (4082258) main____ INFO      pid       : 4082258
2026-03-01 07:52:20.548543 (4082258) main____ INFO      arguments : '-style' 'windows' '-allow_unsupported_OS' '-no_gui' '-fpv' './synthlc/i_LW_out/xPerfLocSubsetDiv/coverset_254_.tcl' '-proj' './synthlc/i_LW_out/xPerfLocSubsetDiv/coverset_254_jgsession_26-03-01-07_52_19'
2026-03-01 07:52:20.548561 (4082258) main____ INFO      locale    : UTF-8
2026-03-01 07:52:20.548571 (4082258) main____ INFO    ----------------------------------------
2026-03-01 07:52:20.548590 (4082258) main____ INFO    System resource limits info:
2026-03-01 07:52:20.548603 (4082258) main____ INFO      virtual memory: unlimited
2026-03-01 07:52:20.548616 (4082258) main____ INFO      cpu time      : unlimited
2026-03-01 07:52:20.548635 (4082258) main____ INFO      processes     : 4096
2026-03-01 07:52:20.548656 (4082258) main____ INFO      stack size    : 8388608 B
2026-03-01 07:52:20.548685 (4082258) main____ INFO      core file size: 0 B
2026-03-01 07:52:20.548699 (4082258) main____ INFO      open files    : 4096
2026-03-01 07:52:20.548711 (4082258) main____ INFO      file size     : unlimited
2026-03-01 07:52:20.548722 (4082258) main____ INFO    ----------------------------------------
2026-03-01 07:52:20.548734 (4082258) main____ INFO    Memory statistics:
2026-03-01 07:52:20.548749 (4082258) main____ INFO      total physical memory  : 98449088 kB
2026-03-01 07:52:20.548763 (4082258) main____ INFO      free physical memory   : 83989844 kB
2026-03-01 07:52:20.548776 (4082258) main____ INFO      committed address space: 10769000 kB
2026-03-01 07:52:20.548786 (4082258) main____ INFO    ----------------------------------------
2026-03-01 07:52:20.550020 (4082258) main____ INFO    Important environment variables:
2026-03-01 07:52:20.550054 (4082258) main____ INFO      CDS_LIC_FILE       : '5280@cadlic0'
2026-03-01 07:52:20.550068 (4082258) main____ INFO      DISPLAY            : 'localhost:12.0'
2026-03-01 07:52:20.550081 (4082258) main____ INFO      JASPER_INSTALL_DIR : '/cad/cadence/jasper_2023.12p001'
2026-03-01 07:52:20.550093 (4082258) main____ INFO      JASPER_KERNEL_CHECK: '1'
2026-03-01 07:52:20.550105 (4082258) main____ INFO      JASPER_OS_CHECK    : '0'
2026-03-01 07:52:20.550118 (4082258) main____ INFO      LANG               : 'zh_TW.UTF-8'
2026-03-01 07:52:20.550128 (4082258) main____ INFO    ----------------------------------------
2026-03-01 07:52:20.551883 (4082258) lic_core INFO    Initializing license system ...
2026-03-01 07:52:20.565973 (4082258) lic_core INFO    ... license system initialized.
2026-03-01 07:52:20.747979 (4082258) lic__man INFO    Claim 'main' for <ui>.
2026-03-01 07:52:20.748058 (4082258) lic_core INFO    (1) checking out 'jasper_interactive' ...
2026-03-01 07:52:20.806429 (4082258) lic_core INFO    ... (1) checkout succeeded
2026-03-01 07:52:20.806527 (4082258) lic__man INFO    Claim 'fpv' for <ui>.
2026-03-01 07:52:20.806557 (4082258) lic_core INFO    (2) checking out 'jasper_fpv' ...
2026-03-01 07:52:20.863179 (4082258) lic_core INFO    ... (2) checkout failed (error: -5) ("FLEXnet ERROR(-5, 0, 0): No such feature exists.")
2026-03-01 07:52:20.863248 (4082258) lic_core INFO    (3) checking out 'jasper_fao' ...
2026-03-01 07:52:20.934158 (4082258) lic_core INFO    ... (3) checkout succeeded
2026-03-01 07:52:20.939042 (4082258) main____ INFO    Tool inactivity delay is 480000 ms.
2026-03-01 07:52:20.948859 (4082283) stdio___ INFO    Starting STDIN reader (tty: yes, tty name: '/dev/pts/0')
2026-03-01 07:52:21.154200 (4082258) session_ INFO    Starting analysis session with session id 'session_0' (launcher: <local>) ...
2026-03-01 07:52:21.156218 (4082258) session_ INFO    Analysis session with session id 'session_0' started (pid: 4082290)
2026-03-01 07:52:23.516198 (4082258) session_ INFO    Analysis session 'session_0' connected to the console (host: 127.0.0.1:43776)
2026-03-01 07:52:27.403748 (4082258) lic__man INFO    Unclaim everything for 'session_0'.
2026-03-01 07:52:27.719435 (4082258) lic__man INFO    Claim 'fpv' for 'session_0'.
2026-03-01 07:52:27.719487 (4082258) lic__man INFO    Claim 'fpv' for 'session_0/prove-0'.
2026-03-01 07:52:35.944098 (4082258) lic__man INFO    Unclaim everything for 'session_0/prove-0'.
2026-03-01 07:52:35.983009 (4082258) main____ INFO    About to exit: request to exit with status 0 received from analysis session 'session_0'
2026-03-01 07:52:36.248947 (4082258) session_ INFO    Analysis session 'session_0' disconnected.
2026-03-01 07:52:36.249111 (4082258) lic__man INFO    Unclaim everything for 'session_0'.
2026-03-01 07:52:36.258867 (4082258) session_ INFO    Process for analysis session 'session_0' has exited with exit status '0'.
2026-03-01 07:52:37.897761 (4082283) stdio___ INFO    STDIN reader requested to stop.
2026-03-01 07:52:37.897832 (4082283) stdio___ INFO    STDIN reader stopped.
2026-03-01 07:52:37.902916 (4082258) lic_core INFO    (1) checkin jasper_interactive
2026-03-01 07:52:37.920913 (4082258) lic_core INFO    (3) checkin jasper_fao
2026-03-01 07:52:37.926881 (4082258) main____ INFO    Exiting with status 0.
