2026-02-25 12:03:38.635909 (3118472) main____ INFO    ----------------------------------------
2026-02-25 12:03:38.636006 (3118472) main____ INFO    Jasper version info
2026-02-25 12:03:38.636021 (3118472) main____ INFO      tool      : Jasper 2023.12
2026-02-25 12:03:38.636037 (3118472) main____ INFO      version   : 2023.12p001 64 bits
2026-02-25 12:03:38.636050 (3118472) main____ INFO      build date: 2024.01.23 16:09:24 UTC
2026-02-25 12:03:38.636060 (3118472) main____ INFO    ----------------------------------------
2026-02-25 12:03:38.636069 (3118472) main____ INFO    Runtime info:
2026-02-25 12:03:38.636080 (3118472) main____ INFO      platform  : Linux 4.18.0-553.89.1.el8_10.x86_64 x86_64
2026-02-25 12:03:38.636099 (3118472) main____ INFO      hostname  : caddy15.stanford.edu
2026-02-25 12:03:38.636115 (3118472) main____ INFO      pid       : 3118472
2026-02-25 12:03:38.636125 (3118472) main____ INFO      arguments : '-style' 'windows' '-allow_unsupported_OS' '-no_gui' '-fpv' './synthlc/i_DIV_out/xPairwiseDepDiv/nunv_anytwo_295_.tcl' '-proj' './synthlc/i_DIV_out/xPairwiseDepDiv/nunv_anytwo_295_jgsession_26-02-25-12_03_37'
2026-02-25 12:03:38.636142 (3118472) main____ INFO      locale    : UTF-8
2026-02-25 12:03:38.636164 (3118472) main____ INFO    ----------------------------------------
2026-02-25 12:03:38.636173 (3118472) main____ INFO    System resource limits info:
2026-02-25 12:03:38.636185 (3118472) main____ INFO      virtual memory: unlimited
2026-02-25 12:03:38.636198 (3118472) main____ INFO      cpu time      : unlimited
2026-02-25 12:03:38.636216 (3118472) main____ INFO      processes     : 4096
2026-02-25 12:03:38.636254 (3118472) main____ INFO      stack size    : 8388608 B
2026-02-25 12:03:38.636268 (3118472) main____ INFO      core file size: 0 B
2026-02-25 12:03:38.636280 (3118472) main____ INFO      open files    : 4096
2026-02-25 12:03:38.636292 (3118472) main____ INFO      file size     : unlimited
2026-02-25 12:03:38.636322 (3118472) main____ INFO    ----------------------------------------
2026-02-25 12:03:38.636332 (3118472) main____ INFO    Memory statistics:
2026-02-25 12:03:38.636343 (3118472) main____ INFO      total physical memory  : 98449092 kB
2026-02-25 12:03:38.636354 (3118472) main____ INFO      free physical memory   : 71252540 kB
2026-02-25 12:03:38.636365 (3118472) main____ INFO      committed address space: 15738516 kB
2026-02-25 12:03:38.636375 (3118472) main____ INFO    ----------------------------------------
2026-02-25 12:03:38.637558 (3118472) main____ INFO    Important environment variables:
2026-02-25 12:03:38.637584 (3118472) main____ INFO      CDS_LIC_FILE       : '5280@cadlic0'
2026-02-25 12:03:38.637596 (3118472) main____ INFO      JASPER_INSTALL_DIR : '/cad/cadence/jasper_2023.12p001'
2026-02-25 12:03:38.637609 (3118472) main____ INFO      JASPER_KERNEL_CHECK: '1'
2026-02-25 12:03:38.637621 (3118472) main____ INFO      JASPER_OS_CHECK    : '0'
2026-02-25 12:03:38.637633 (3118472) main____ INFO      LANG               : 'en_US.UTF-8'
2026-02-25 12:03:38.637642 (3118472) main____ INFO    ----------------------------------------
2026-02-25 12:03:38.639577 (3118472) lic_core INFO    Initializing license system ...
2026-02-25 12:03:38.712106 (3118472) lic_core INFO    ... license system initialized.
2026-02-25 12:03:41.583778 (3118472) lic__man INFO    Claim 'main' for <ui>.
2026-02-25 12:03:41.583856 (3118472) lic_core INFO    (1) checking out 'jasper_interactive' ...
2026-02-25 12:03:41.669666 (3118472) lic_core INFO    ... (1) checkout succeeded
2026-02-25 12:03:41.669772 (3118472) lic__man INFO    Claim 'fpv' for <ui>.
2026-02-25 12:03:41.669802 (3118472) lic_core INFO    (2) checking out 'jasper_fpv' ...
2026-02-25 12:03:41.714835 (3118472) lic_core INFO    ... (2) checkout failed (error: -5) ("FLEXnet ERROR(-5, 0, 0): No such feature exists.")
2026-02-25 12:03:41.714898 (3118472) lic_core INFO    (3) checking out 'jasper_fao' ...
2026-02-25 12:03:41.788568 (3118472) lic_core INFO    ... (3) checkout succeeded
2026-02-25 12:03:41.871254 (3118472) main____ INFO    Tool inactivity delay is 480000 ms.
2026-02-25 12:03:41.894372 (3118484) stdio___ INFO    Starting STDIN reader (tty: yes, tty name: '/dev/pts/0')
2026-02-25 12:03:48.236484 (3118472) session_ INFO    Starting analysis session with session id 'session_0' (launcher: <local>) ...
2026-02-25 12:03:48.238611 (3118472) session_ INFO    Analysis session with session id 'session_0' started (pid: 3118488)
2026-02-25 12:03:49.801836 (3118472) session_ INFO    Analysis session 'session_0' connected to the console (host: 127.0.0.1:41510)
2026-02-25 12:03:54.376432 (3118472) lic__man INFO    Unclaim everything for 'session_0'.
2026-02-25 12:03:54.703343 (3118472) lic__man INFO    Claim 'fpv' for 'session_0'.
2026-02-25 12:03:54.703385 (3118472) lic__man INFO    Claim 'fpv' for 'session_0/prove-0'.
2026-02-25 12:04:26.000144 (3118472) lic__man INFO    Unclaim everything for 'session_0/prove-0'.
2026-02-25 12:04:26.103483 (3118472) main____ INFO    About to exit: request to exit with status 0 received from analysis session 'session_0'
2026-02-25 12:04:26.344955 (3118472) session_ INFO    Analysis session 'session_0' disconnected.
2026-02-25 12:04:26.345099 (3118472) lic__man INFO    Unclaim everything for 'session_0'.
2026-02-25 12:04:26.345337 (3118472) session_ INFO    Process for analysis session 'session_0' has exited with exit status '0'.
2026-02-25 12:04:28.021395 (3118484) stdio___ INFO    STDIN reader requested to stop.
2026-02-25 12:04:28.021455 (3118484) stdio___ INFO    STDIN reader stopped.
2026-02-25 12:04:28.021855 (3118472) lic_core INFO    (1) checkin jasper_interactive
2026-02-25 12:04:28.023472 (3118472) lic_core INFO    (3) checkin jasper_fao
2026-02-25 12:04:28.046330 (3118472) main____ INFO    Exiting with status 0.
