2026-02-25 14:12:31.142848 (3217583) main____ INFO    ----------------------------------------
2026-02-25 14:12:31.142915 (3217583) main____ INFO    Jasper version info
2026-02-25 14:12:31.142930 (3217583) main____ INFO      tool      : Jasper 2023.12
2026-02-25 14:12:31.142943 (3217583) main____ INFO      version   : 2023.12p001 64 bits
2026-02-25 14:12:31.142956 (3217583) main____ INFO      build date: 2024.01.23 16:09:24 UTC
2026-02-25 14:12:31.142966 (3217583) main____ INFO    ----------------------------------------
2026-02-25 14:12:31.142975 (3217583) main____ INFO    Runtime info:
2026-02-25 14:12:31.142985 (3217583) main____ INFO      platform  : Linux 4.18.0-553.89.1.el8_10.x86_64 x86_64
2026-02-25 14:12:31.143002 (3217583) main____ INFO      hostname  : caddy15.stanford.edu
2026-02-25 14:12:31.143017 (3217583) main____ INFO      pid       : 3217583
2026-02-25 14:12:31.143027 (3217583) main____ INFO      arguments : '-style' 'windows' '-allow_unsupported_OS' '-no_gui' '-fpv' './synthlc/i_DIV_out/xPerfLocSubsetDiv/coverset_137_.tcl' '-proj' './synthlc/i_DIV_out/xPerfLocSubsetDiv/coverset_137_jgsession_26-02-25-14_12_30'
2026-02-25 14:12:31.143043 (3217583) main____ INFO      locale    : UTF-8
2026-02-25 14:12:31.143053 (3217583) main____ INFO    ----------------------------------------
2026-02-25 14:12:31.143062 (3217583) main____ INFO    System resource limits info:
2026-02-25 14:12:31.143074 (3217583) main____ INFO      virtual memory: unlimited
2026-02-25 14:12:31.143085 (3217583) main____ INFO      cpu time      : unlimited
2026-02-25 14:12:31.143101 (3217583) main____ INFO      processes     : 4096
2026-02-25 14:12:31.143120 (3217583) main____ INFO      stack size    : 8388608 B
2026-02-25 14:12:31.143134 (3217583) main____ INFO      core file size: 0 B
2026-02-25 14:12:31.143147 (3217583) main____ INFO      open files    : 4096
2026-02-25 14:12:31.143158 (3217583) main____ INFO      file size     : unlimited
2026-02-25 14:12:31.143168 (3217583) main____ INFO    ----------------------------------------
2026-02-25 14:12:31.143177 (3217583) main____ INFO    Memory statistics:
2026-02-25 14:12:31.143188 (3217583) main____ INFO      total physical memory  : 98449092 kB
2026-02-25 14:12:31.143199 (3217583) main____ INFO      free physical memory   : 82722268 kB
2026-02-25 14:12:31.143210 (3217583) main____ INFO      committed address space: 1252616 kB
2026-02-25 14:12:31.143219 (3217583) main____ INFO    ----------------------------------------
2026-02-25 14:12:31.144370 (3217583) main____ INFO    Important environment variables:
2026-02-25 14:12:31.144393 (3217583) main____ INFO      CDS_LIC_FILE       : '5280@cadlic0'
2026-02-25 14:12:31.144406 (3217583) main____ INFO      JASPER_INSTALL_DIR : '/cad/cadence/jasper_2023.12p001'
2026-02-25 14:12:31.144417 (3217583) main____ INFO      JASPER_KERNEL_CHECK: '1'
2026-02-25 14:12:31.144429 (3217583) main____ INFO      JASPER_OS_CHECK    : '0'
2026-02-25 14:12:31.144441 (3217583) main____ INFO      LANG               : 'en_US.UTF-8'
2026-02-25 14:12:31.144451 (3217583) main____ INFO    ----------------------------------------
2026-02-25 14:12:31.145606 (3217583) lic_core INFO    Initializing license system ...
2026-02-25 14:12:31.146998 (3217583) lic_core INFO    ... license system initialized.
2026-02-25 14:12:31.158296 (3217583) lic__man INFO    Claim 'main' for <ui>.
2026-02-25 14:12:31.158363 (3217583) lic_core INFO    (1) checking out 'jasper_interactive' ...
2026-02-25 14:12:31.170980 (3217583) lic_core INFO    ... (1) checkout succeeded
2026-02-25 14:12:31.171038 (3217583) lic__man INFO    Claim 'fpv' for <ui>.
2026-02-25 14:12:31.171058 (3217583) lic_core INFO    (2) checking out 'jasper_fpv' ...
2026-02-25 14:12:31.174995 (3217583) lic_core INFO    ... (2) checkout failed (error: -5) ("FLEXnet ERROR(-5, 0, 0): No such feature exists.")
2026-02-25 14:12:31.175026 (3217583) lic_core INFO    (3) checking out 'jasper_fao' ...
2026-02-25 14:12:31.185933 (3217583) lic_core INFO    ... (3) checkout succeeded
2026-02-25 14:12:31.186877 (3217594) stdio___ INFO    Starting STDIN reader (tty: yes, tty name: '/dev/pts/0')
2026-02-25 14:12:31.187032 (3217583) main____ INFO    Tool inactivity delay is 480000 ms.
2026-02-25 14:12:31.229987 (3217583) session_ INFO    Starting analysis session with session id 'session_0' (launcher: <local>) ...
2026-02-25 14:12:31.231756 (3217583) session_ INFO    Analysis session with session id 'session_0' started (pid: 3217595)
2026-02-25 14:12:32.341523 (3217583) session_ INFO    Analysis session 'session_0' connected to the console (host: 127.0.0.1:52018)
2026-02-25 14:12:35.378904 (3217583) lic__man INFO    Unclaim everything for 'session_0'.
2026-02-25 14:12:35.577739 (3217583) lic__man INFO    Claim 'fpv' for 'session_0'.
2026-02-25 14:12:35.577779 (3217583) lic__man INFO    Claim 'fpv' for 'session_0/prove-0'.
2026-02-25 14:12:37.087425 (3217583) lic__man INFO    Unclaim everything for 'session_0/prove-0'.
2026-02-25 14:12:37.137510 (3217583) main____ INFO    About to exit: request to exit with status 0 received from analysis session 'session_0'
2026-02-25 14:12:37.333270 (3217583) session_ INFO    Analysis session 'session_0' disconnected.
2026-02-25 14:12:37.333425 (3217583) lic__man INFO    Unclaim everything for 'session_0'.
2026-02-25 14:12:37.333624 (3217583) session_ INFO    Process for analysis session 'session_0' has exited with exit status '0'.
2026-02-25 14:12:39.045230 (3217594) stdio___ INFO    STDIN reader requested to stop.
2026-02-25 14:12:39.045349 (3217594) stdio___ INFO    STDIN reader stopped.
2026-02-25 14:12:39.045661 (3217583) lic_core INFO    (1) checkin jasper_interactive
2026-02-25 14:12:39.046655 (3217583) lic_core INFO    (3) checkin jasper_fao
2026-02-25 14:12:39.048026 (3217583) main____ INFO    Exiting with status 0.
