2026-03-01 06:26:27.520256 (4025146) main____ INFO    ----------------------------------------
2026-03-01 06:26:27.520357 (4025146) main____ INFO    Jasper version info
2026-03-01 06:26:27.520374 (4025146) main____ INFO      tool      : Jasper 2023.12
2026-03-01 06:26:27.520391 (4025146) main____ INFO      version   : 2023.12p001 64 bits
2026-03-01 06:26:27.520406 (4025146) main____ INFO      build date: 2024.01.23 16:09:24 UTC
2026-03-01 06:26:27.520416 (4025146) main____ INFO    ----------------------------------------
2026-03-01 06:26:27.520426 (4025146) main____ INFO    Runtime info:
2026-03-01 06:26:27.520438 (4025146) main____ INFO      platform  : Linux 4.18.0-553.89.1.el8_10.x86_64 x86_64
2026-03-01 06:26:27.520457 (4025146) main____ INFO      hostname  : caddy12.stanford.edu
2026-03-01 06:26:27.520472 (4025146) main____ INFO      pid       : 4025146
2026-03-01 06:26:27.520484 (4025146) main____ INFO      arguments : '-style' 'windows' '-allow_unsupported_OS' '-no_gui' '-fpv' './synthlc/i_LW_out/xPairwiseDepDiv/nunv_anytwo_200_.tcl' '-proj' './synthlc/i_LW_out/xPairwiseDepDiv/nunv_anytwo_200_jgsession_26-03-01-06_26_26'
2026-03-01 06:26:27.520502 (4025146) main____ INFO      locale    : UTF-8
2026-03-01 06:26:27.520512 (4025146) main____ INFO    ----------------------------------------
2026-03-01 06:26:27.520522 (4025146) main____ INFO    System resource limits info:
2026-03-01 06:26:27.520535 (4025146) main____ INFO      virtual memory: unlimited
2026-03-01 06:26:27.520548 (4025146) main____ INFO      cpu time      : unlimited
2026-03-01 06:26:27.520566 (4025146) main____ INFO      processes     : 4096
2026-03-01 06:26:27.520587 (4025146) main____ INFO      stack size    : 8388608 B
2026-03-01 06:26:27.520602 (4025146) main____ INFO      core file size: 0 B
2026-03-01 06:26:27.520616 (4025146) main____ INFO      open files    : 4096
2026-03-01 06:26:27.520628 (4025146) main____ INFO      file size     : unlimited
2026-03-01 06:26:27.520639 (4025146) main____ INFO    ----------------------------------------
2026-03-01 06:26:27.520648 (4025146) main____ INFO    Memory statistics:
2026-03-01 06:26:27.520660 (4025146) main____ INFO      total physical memory  : 98449088 kB
2026-03-01 06:26:27.520686 (4025146) main____ INFO      free physical memory   : 79429392 kB
2026-03-01 06:26:27.520699 (4025146) main____ INFO      committed address space: 16051896 kB
2026-03-01 06:26:27.520709 (4025146) main____ INFO    ----------------------------------------
2026-03-01 06:26:27.521899 (4025146) main____ INFO    Important environment variables:
2026-03-01 06:26:27.521925 (4025146) main____ INFO      CDS_LIC_FILE       : '5280@cadlic0'
2026-03-01 06:26:27.521938 (4025146) main____ INFO      DISPLAY            : 'localhost:12.0'
2026-03-01 06:26:27.521950 (4025146) main____ INFO      JASPER_INSTALL_DIR : '/cad/cadence/jasper_2023.12p001'
2026-03-01 06:26:27.521963 (4025146) main____ INFO      JASPER_KERNEL_CHECK: '1'
2026-03-01 06:26:27.521975 (4025146) main____ INFO      JASPER_OS_CHECK    : '0'
2026-03-01 06:26:27.521987 (4025146) main____ INFO      LANG               : 'zh_TW.UTF-8'
2026-03-01 06:26:27.521998 (4025146) main____ INFO    ----------------------------------------
2026-03-01 06:26:27.523987 (4025146) lic_core INFO    Initializing license system ...
2026-03-01 06:26:27.541949 (4025146) lic_core INFO    ... license system initialized.
2026-03-01 06:26:27.681078 (4025146) lic__man INFO    Claim 'main' for <ui>.
2026-03-01 06:26:27.681162 (4025146) lic_core INFO    (1) checking out 'jasper_interactive' ...
2026-03-01 06:26:27.740921 (4025146) lic_core INFO    ... (1) checkout succeeded
2026-03-01 06:26:27.741039 (4025146) lic__man INFO    Claim 'fpv' for <ui>.
2026-03-01 06:26:27.741077 (4025146) lic_core INFO    (2) checking out 'jasper_fpv' ...
2026-03-01 06:26:27.794149 (4025146) lic_core INFO    ... (2) checkout failed (error: -5) ("FLEXnet ERROR(-5, 0, 0): No such feature exists.")
2026-03-01 06:26:27.794217 (4025146) lic_core INFO    (3) checking out 'jasper_fao' ...
2026-03-01 06:26:27.875912 (4025146) lic_core INFO    ... (3) checkout succeeded
2026-03-01 06:26:27.877457 (4025146) main____ INFO    Tool inactivity delay is 480000 ms.
2026-03-01 06:26:27.906687 (4025162) stdio___ INFO    Starting STDIN reader (tty: yes, tty name: '/dev/pts/0')
2026-03-01 06:26:28.281812 (4025146) session_ INFO    Starting analysis session with session id 'session_0' (launcher: <local>) ...
2026-03-01 06:26:28.283964 (4025146) session_ INFO    Analysis session with session id 'session_0' started (pid: 4025169)
2026-03-01 06:26:32.471079 (4025146) session_ INFO    Analysis session 'session_0' connected to the console (host: 127.0.0.1:51702)
2026-03-01 06:26:42.066167 (4025146) lic__man INFO    Unclaim everything for 'session_0'.
2026-03-01 06:26:42.767110 (4025146) lic__man INFO    Claim 'fpv' for 'session_0'.
2026-03-01 06:26:42.767165 (4025146) lic__man INFO    Claim 'fpv' for 'session_0/prove-0'.
2026-03-01 06:26:45.945737 (4025146) lic__man INFO    Unclaim everything for 'session_0/prove-0'.
2026-03-01 06:26:46.011557 (4025146) main____ INFO    About to exit: request to exit with status 0 received from analysis session 'session_0'
2026-03-01 06:26:46.514200 (4025146) session_ INFO    Analysis session 'session_0' disconnected.
2026-03-01 06:26:46.514360 (4025146) lic__man INFO    Unclaim everything for 'session_0'.
2026-03-01 06:26:46.516276 (4025146) session_ INFO    Process for analysis session 'session_0' has exited with exit status '0'.
2026-03-01 06:26:47.930746 (4025162) stdio___ INFO    STDIN reader requested to stop.
2026-03-01 06:26:47.930818 (4025162) stdio___ INFO    STDIN reader stopped.
2026-03-01 06:26:47.931176 (4025146) lic_core INFO    (1) checkin jasper_interactive
2026-03-01 06:26:47.932892 (4025146) lic_core INFO    (3) checkin jasper_fao
2026-03-01 06:26:47.957127 (4025146) main____ INFO    Exiting with status 0.
