2026-02-26 04:17:22.910899 (3723479) main____ INFO    ----------------------------------------
2026-02-26 04:17:22.911000 (3723479) main____ INFO    Jasper version info
2026-02-26 04:17:22.911016 (3723479) main____ INFO      tool      : Jasper 2023.12
2026-02-26 04:17:22.911032 (3723479) main____ INFO      version   : 2023.12p001 64 bits
2026-02-26 04:17:22.911045 (3723479) main____ INFO      build date: 2024.01.23 16:09:24 UTC
2026-02-26 04:17:22.911055 (3723479) main____ INFO    ----------------------------------------
2026-02-26 04:17:22.911065 (3723479) main____ INFO    Runtime info:
2026-02-26 04:17:22.911076 (3723479) main____ INFO      platform  : Linux 4.18.0-553.89.1.el8_10.x86_64 x86_64
2026-02-26 04:17:22.911096 (3723479) main____ INFO      hostname  : caddy15.stanford.edu
2026-02-26 04:17:22.911112 (3723479) main____ INFO      pid       : 3723479
2026-02-26 04:17:22.911123 (3723479) main____ INFO      arguments : '-style' 'windows' '-allow_unsupported_OS' '-no_gui' '-fpv' './synthlc/i_ADDI_out/xPairwiseDepDiv/nunv_anytwo_271_.tcl' '-proj' './synthlc/i_ADDI_out/xPairwiseDepDiv/nunv_anytwo_271_jgsession_26-02-26-04_17_21'
2026-02-26 04:17:22.911140 (3723479) main____ INFO      locale    : UTF-8
2026-02-26 04:17:22.911150 (3723479) main____ INFO    ----------------------------------------
2026-02-26 04:17:22.911159 (3723479) main____ INFO    System resource limits info:
2026-02-26 04:17:22.911172 (3723479) main____ INFO      virtual memory: unlimited
2026-02-26 04:17:22.911184 (3723479) main____ INFO      cpu time      : unlimited
2026-02-26 04:17:22.911203 (3723479) main____ INFO      processes     : 4096
2026-02-26 04:17:22.911224 (3723479) main____ INFO      stack size    : 8388608 B
2026-02-26 04:17:22.911238 (3723479) main____ INFO      core file size: 0 B
2026-02-26 04:17:22.911251 (3723479) main____ INFO      open files    : 4096
2026-02-26 04:17:22.911263 (3723479) main____ INFO      file size     : unlimited
2026-02-26 04:17:22.911273 (3723479) main____ INFO    ----------------------------------------
2026-02-26 04:17:22.911282 (3723479) main____ INFO    Memory statistics:
2026-02-26 04:17:22.911294 (3723479) main____ INFO      total physical memory  : 98449092 kB
2026-02-26 04:17:22.911319 (3723479) main____ INFO      free physical memory   : 70164968 kB
2026-02-26 04:17:22.911331 (3723479) main____ INFO      committed address space: 14127444 kB
2026-02-26 04:17:22.911341 (3723479) main____ INFO    ----------------------------------------
2026-02-26 04:17:22.912519 (3723479) main____ INFO    Important environment variables:
2026-02-26 04:17:22.912544 (3723479) main____ INFO      CDS_LIC_FILE       : '5280@cadlic0'
2026-02-26 04:17:22.912556 (3723479) main____ INFO      JASPER_INSTALL_DIR : '/cad/cadence/jasper_2023.12p001'
2026-02-26 04:17:22.912569 (3723479) main____ INFO      JASPER_KERNEL_CHECK: '1'
2026-02-26 04:17:22.912588 (3723479) main____ INFO      JASPER_OS_CHECK    : '0'
2026-02-26 04:17:22.912600 (3723479) main____ INFO      LANG               : 'en_US.UTF-8'
2026-02-26 04:17:22.912610 (3723479) main____ INFO    ----------------------------------------
2026-02-26 04:17:22.922536 (3723479) lic_core INFO    Initializing license system ...
2026-02-26 04:17:22.996137 (3723479) lic_core INFO    ... license system initialized.
2026-02-26 04:17:23.164692 (3723479) lic__man INFO    Claim 'main' for <ui>.
2026-02-26 04:17:23.164763 (3723479) lic_core INFO    (1) checking out 'jasper_interactive' ...
2026-02-26 04:17:23.248703 (3723479) lic_core INFO    ... (1) checkout succeeded
2026-02-26 04:17:23.248805 (3723479) lic__man INFO    Claim 'fpv' for <ui>.
2026-02-26 04:17:23.248833 (3723479) lic_core INFO    (2) checking out 'jasper_fpv' ...
2026-02-26 04:17:23.317798 (3723479) lic_core INFO    ... (2) checkout failed (error: -5) ("FLEXnet ERROR(-5, 0, 0): No such feature exists.")
2026-02-26 04:17:23.317855 (3723479) lic_core INFO    (3) checking out 'jasper_fao' ...
2026-02-26 04:17:23.357485 (3723479) lic_core INFO    ... (3) checkout succeeded
2026-02-26 04:17:23.370325 (3723479) main____ INFO    Tool inactivity delay is 480000 ms.
2026-02-26 04:17:23.379573 (3723490) stdio___ INFO    Starting STDIN reader (tty: yes, tty name: '/dev/pts/0')
2026-02-26 04:17:23.767076 (3723479) session_ INFO    Starting analysis session with session id 'session_0' (launcher: <local>) ...
2026-02-26 04:17:23.769176 (3723479) session_ INFO    Analysis session with session id 'session_0' started (pid: 3723491)
2026-02-26 04:17:26.995202 (3723479) session_ INFO    Analysis session 'session_0' connected to the console (host: 127.0.0.1:45438)
2026-02-26 04:17:35.493539 (3723479) lic__man INFO    Unclaim everything for 'session_0'.
2026-02-26 04:17:36.096943 (3723479) lic__man INFO    Claim 'fpv' for 'session_0'.
2026-02-26 04:17:36.096990 (3723479) lic__man INFO    Claim 'fpv' for 'session_0/prove-0'.
2026-02-26 04:17:40.036948 (3723479) lic__man INFO    Unclaim everything for 'session_0/prove-0'.
2026-02-26 04:17:40.080563 (3723479) main____ INFO    About to exit: request to exit with status 0 received from analysis session 'session_0'
2026-02-26 04:17:40.687977 (3723479) session_ INFO    Analysis session 'session_0' disconnected.
2026-02-26 04:17:40.688136 (3723479) lic__man INFO    Unclaim everything for 'session_0'.
2026-02-26 04:17:40.688440 (3723479) session_ INFO    Process for analysis session 'session_0' has exited with exit status '0'.
2026-02-26 04:17:41.995823 (3723490) stdio___ INFO    STDIN reader requested to stop.
2026-02-26 04:17:41.995880 (3723490) stdio___ INFO    STDIN reader stopped.
2026-02-26 04:17:41.996207 (3723479) lic_core INFO    (1) checkin jasper_interactive
2026-02-26 04:17:42.007536 (3723479) lic_core INFO    (3) checkin jasper_fao
2026-02-26 04:17:42.025764 (3723479) main____ INFO    Exiting with status 0.
