2026-03-01 08:23:18.643396 (4173527) main____ INFO    ----------------------------------------
2026-03-01 08:23:18.643508 (4173527) main____ INFO    Jasper version info
2026-03-01 08:23:18.643527 (4173527) main____ INFO      tool      : Jasper 2023.12
2026-03-01 08:23:18.643547 (4173527) main____ INFO      version   : 2023.12p001 64 bits
2026-03-01 08:23:18.643563 (4173527) main____ INFO      build date: 2024.01.23 16:09:24 UTC
2026-03-01 08:23:18.643576 (4173527) main____ INFO    ----------------------------------------
2026-03-01 08:23:18.643588 (4173527) main____ INFO    Runtime info:
2026-03-01 08:23:18.643601 (4173527) main____ INFO      platform  : Linux 4.18.0-553.89.1.el8_10.x86_64 x86_64
2026-03-01 08:23:18.643625 (4173527) main____ INFO      hostname  : caddy12.stanford.edu
2026-03-01 08:23:18.643644 (4173527) main____ INFO      pid       : 4173527
2026-03-01 08:23:18.643657 (4173527) main____ INFO      arguments : '-style' 'windows' '-allow_unsupported_OS' '-no_gui' '-fpv' './synthlc/i_LW_out/xHBPerfG_dfg_v3_div/HB_167_.tcl' '-proj' './synthlc/i_LW_out/xHBPerfG_dfg_v3_div/HB_167_jgsession_26-03-01-08_23_17'
2026-03-01 08:23:18.643693 (4173527) main____ INFO      locale    : UTF-8
2026-03-01 08:23:18.643705 (4173527) main____ INFO    ----------------------------------------
2026-03-01 08:23:18.643717 (4173527) main____ INFO    System resource limits info:
2026-03-01 08:23:18.643732 (4173527) main____ INFO      virtual memory: unlimited
2026-03-01 08:23:18.643747 (4173527) main____ INFO      cpu time      : unlimited
2026-03-01 08:23:18.643769 (4173527) main____ INFO      processes     : 4096
2026-03-01 08:23:18.643793 (4173527) main____ INFO      stack size    : 8388608 B
2026-03-01 08:23:18.643811 (4173527) main____ INFO      core file size: 0 B
2026-03-01 08:23:18.643827 (4173527) main____ INFO      open files    : 4096
2026-03-01 08:23:18.643841 (4173527) main____ INFO      file size     : unlimited
2026-03-01 08:23:18.643854 (4173527) main____ INFO    ----------------------------------------
2026-03-01 08:23:18.643865 (4173527) main____ INFO    Memory statistics:
2026-03-01 08:23:18.643880 (4173527) main____ INFO      total physical memory  : 98449088 kB
2026-03-01 08:23:18.643894 (4173527) main____ INFO      free physical memory   : 79017040 kB
2026-03-01 08:23:18.643908 (4173527) main____ INFO      committed address space: 16958220 kB
2026-03-01 08:23:18.643920 (4173527) main____ INFO    ----------------------------------------
2026-03-01 08:23:18.645303 (4173527) main____ INFO    Important environment variables:
2026-03-01 08:23:18.645334 (4173527) main____ INFO      CDS_LIC_FILE       : '5280@cadlic0'
2026-03-01 08:23:18.645350 (4173527) main____ INFO      DISPLAY            : 'localhost:12.0'
2026-03-01 08:23:18.645365 (4173527) main____ INFO      JASPER_INSTALL_DIR : '/cad/cadence/jasper_2023.12p001'
2026-03-01 08:23:18.645380 (4173527) main____ INFO      JASPER_KERNEL_CHECK: '1'
2026-03-01 08:23:18.645395 (4173527) main____ INFO      JASPER_OS_CHECK    : '0'
2026-03-01 08:23:18.645410 (4173527) main____ INFO      LANG               : 'zh_TW.UTF-8'
2026-03-01 08:23:18.645422 (4173527) main____ INFO    ----------------------------------------
2026-03-01 08:23:18.647061 (4173527) lic_core INFO    Initializing license system ...
2026-03-01 08:23:18.743576 (4173527) lic_core INFO    ... license system initialized.
2026-03-01 08:23:18.832162 (4173527) lic__man INFO    Claim 'main' for <ui>.
2026-03-01 08:23:18.832255 (4173527) lic_core INFO    (1) checking out 'jasper_interactive' ...
2026-03-01 08:23:18.890749 (4173527) lic_core INFO    ... (1) checkout succeeded
2026-03-01 08:23:18.890870 (4173527) lic__man INFO    Claim 'fpv' for <ui>.
2026-03-01 08:23:18.890901 (4173527) lic_core INFO    (2) checking out 'jasper_fpv' ...
2026-03-01 08:23:18.952234 (4173527) lic_core INFO    ... (2) checkout failed (error: -5) ("FLEXnet ERROR(-5, 0, 0): No such feature exists.")
2026-03-01 08:23:18.952313 (4173527) lic_core INFO    (3) checking out 'jasper_fao' ...
2026-03-01 08:23:19.034287 (4173527) lic_core INFO    ... (3) checkout succeeded
2026-03-01 08:23:19.036518 (4173527) main____ INFO    Tool inactivity delay is 480000 ms.
2026-03-01 08:23:19.046914 (4173543) stdio___ INFO    Starting STDIN reader (tty: yes, tty name: '/dev/pts/0')
2026-03-01 08:23:19.324802 (4173527) session_ INFO    Starting analysis session with session id 'session_0' (launcher: <local>) ...
2026-03-01 08:23:19.327383 (4173527) session_ INFO    Analysis session with session id 'session_0' started (pid: 4173544)
2026-03-01 08:23:24.575413 (4173527) session_ INFO    Analysis session 'session_0' connected to the console (host: 127.0.0.1:52540)
2026-03-01 08:23:33.052757 (4173527) lic__man INFO    Unclaim everything for 'session_0'.
2026-03-01 08:23:33.540294 (4173527) lic__man INFO    Claim 'fpv' for 'session_0'.
2026-03-01 08:23:33.540345 (4173527) lic__man INFO    Claim 'fpv' for 'session_0/prove-0'.
2026-03-01 08:23:49.832949 (4173527) lic__man INFO    Unclaim everything for 'session_0/prove-0'.
2026-03-01 08:23:49.862965 (4173527) main____ INFO    About to exit: request to exit with status 0 received from analysis session 'session_0'
2026-03-01 08:23:50.244589 (4173527) session_ INFO    Analysis session 'session_0' disconnected.
2026-03-01 08:23:50.244778 (4173527) lic__man INFO    Unclaim everything for 'session_0'.
2026-03-01 08:23:50.256218 (4173527) session_ INFO    Process for analysis session 'session_0' has exited with exit status '0'.
2026-03-01 08:23:51.893574 (4173543) stdio___ INFO    STDIN reader requested to stop.
2026-03-01 08:23:51.893658 (4173543) stdio___ INFO    STDIN reader stopped.
2026-03-01 08:23:51.903253 (4173527) lic_core INFO    (1) checkin jasper_interactive
2026-03-01 08:23:51.904220 (4173527) lic_core INFO    (3) checkin jasper_fao
2026-03-01 08:23:51.932601 (4173527) main____ INFO    Exiting with status 0.
