2026-02-26 13:13:45.243200 (2206817) main____ INFO    ----------------------------------------
2026-02-26 13:13:45.243259 (2206817) main____ INFO    Jasper version info
2026-02-26 13:13:45.243273 (2206817) main____ INFO      tool      : Jasper 2023.12
2026-02-26 13:13:45.243286 (2206817) main____ INFO      version   : 2023.12p001 64 bits
2026-02-26 13:13:45.243299 (2206817) main____ INFO      build date: 2024.01.23 16:09:24 UTC
2026-02-26 13:13:45.243309 (2206817) main____ INFO    ----------------------------------------
2026-02-26 13:13:45.243318 (2206817) main____ INFO    Runtime info:
2026-02-26 13:13:45.243328 (2206817) main____ INFO      platform  : Linux 4.18.0-553.89.1.el8_10.x86_64 x86_64
2026-02-26 13:13:45.243344 (2206817) main____ INFO      hostname  : caddy12.stanford.edu
2026-02-26 13:13:45.243359 (2206817) main____ INFO      pid       : 2206817
2026-02-26 13:13:45.243369 (2206817) main____ INFO      arguments : '-style' 'windows' '-allow_unsupported_OS' '-no_gui' '-fpv' './synthlc/i_DIV_out/xHBPerfG_dfg_v3_div/WHB_60_.tcl' '-proj' './synthlc/i_DIV_out/xHBPerfG_dfg_v3_div/WHB_60_jgsession_26-02-26-13_13_45'
2026-02-26 13:13:45.243384 (2206817) main____ INFO      locale    : UTF-8
2026-02-26 13:13:45.243394 (2206817) main____ INFO    ----------------------------------------
2026-02-26 13:13:45.243403 (2206817) main____ INFO    System resource limits info:
2026-02-26 13:13:45.243415 (2206817) main____ INFO      virtual memory: unlimited
2026-02-26 13:13:45.243426 (2206817) main____ INFO      cpu time      : unlimited
2026-02-26 13:13:45.243442 (2206817) main____ INFO      processes     : 4096
2026-02-26 13:13:45.243459 (2206817) main____ INFO      stack size    : 8388608 B
2026-02-26 13:13:45.243473 (2206817) main____ INFO      core file size: 0 B
2026-02-26 13:13:45.243485 (2206817) main____ INFO      open files    : 4096
2026-02-26 13:13:45.243497 (2206817) main____ INFO      file size     : unlimited
2026-02-26 13:13:45.243507 (2206817) main____ INFO    ----------------------------------------
2026-02-26 13:13:45.243516 (2206817) main____ INFO    Memory statistics:
2026-02-26 13:13:45.243527 (2206817) main____ INFO      total physical memory  : 98449088 kB
2026-02-26 13:13:45.243538 (2206817) main____ INFO      free physical memory   : 79791580 kB
2026-02-26 13:13:45.243549 (2206817) main____ INFO      committed address space: 3393624 kB
2026-02-26 13:13:45.243558 (2206817) main____ INFO    ----------------------------------------
2026-02-26 13:13:45.244709 (2206817) main____ INFO    Important environment variables:
2026-02-26 13:13:45.244730 (2206817) main____ INFO      CDS_LIC_FILE       : '5280@cadlic0'
2026-02-26 13:13:45.244743 (2206817) main____ INFO      DISPLAY            : 'localhost:12.0'
2026-02-26 13:13:45.244754 (2206817) main____ INFO      JASPER_INSTALL_DIR : '/cad/cadence/jasper_2023.12p001'
2026-02-26 13:13:45.244766 (2206817) main____ INFO      JASPER_KERNEL_CHECK: '1'
2026-02-26 13:13:45.244777 (2206817) main____ INFO      JASPER_OS_CHECK    : '0'
2026-02-26 13:13:45.244789 (2206817) main____ INFO      LANG               : 'zh_TW.UTF-8'
2026-02-26 13:13:45.244799 (2206817) main____ INFO    ----------------------------------------
2026-02-26 13:13:45.245908 (2206817) lic_core INFO    Initializing license system ...
2026-02-26 13:13:45.247225 (2206817) lic_core INFO    ... license system initialized.
2026-02-26 13:13:45.260083 (2206817) lic__man INFO    Claim 'main' for <ui>.
2026-02-26 13:13:45.260118 (2206817) lic_core INFO    (1) checking out 'jasper_interactive' ...
2026-02-26 13:13:45.272892 (2206817) lic_core INFO    ... (1) checkout succeeded
2026-02-26 13:13:45.272952 (2206817) lic__man INFO    Claim 'fpv' for <ui>.
2026-02-26 13:13:45.272971 (2206817) lic_core INFO    (2) checking out 'jasper_fpv' ...
2026-02-26 13:13:45.277239 (2206817) lic_core INFO    ... (2) checkout failed (error: -5) ("FLEXnet ERROR(-5, 0, 0): No such feature exists.")
2026-02-26 13:13:45.277266 (2206817) lic_core INFO    (3) checking out 'jasper_fao' ...
2026-02-26 13:13:45.288141 (2206817) lic_core INFO    ... (3) checkout succeeded
2026-02-26 13:13:45.289046 (2206828) stdio___ INFO    Starting STDIN reader (tty: yes, tty name: '/dev/pts/0')
2026-02-26 13:13:45.289118 (2206817) main____ INFO    Tool inactivity delay is 480000 ms.
2026-02-26 13:13:45.333242 (2206817) session_ INFO    Starting analysis session with session id 'session_0' (launcher: <local>) ...
2026-02-26 13:13:45.334941 (2206817) session_ INFO    Analysis session with session id 'session_0' started (pid: 2206830)
2026-02-26 13:13:46.849257 (2206817) session_ INFO    Analysis session 'session_0' connected to the console (host: 127.0.0.1:40120)
2026-02-26 13:13:52.689884 (2206817) lic__man INFO    Unclaim everything for 'session_0'.
2026-02-26 13:13:52.893249 (2206817) lic__man INFO    Claim 'fpv' for 'session_0'.
2026-02-26 13:13:52.893286 (2206817) lic__man INFO    Claim 'fpv' for 'session_0/prove-0'.
2026-02-26 13:13:54.125379 (2206817) lic__man INFO    Unclaim everything for 'session_0/prove-0'.
2026-02-26 13:13:54.166802 (2206817) main____ INFO    About to exit: request to exit with status 0 received from analysis session 'session_0'
2026-02-26 13:13:54.330498 (2206817) session_ INFO    Analysis session 'session_0' disconnected.
2026-02-26 13:13:54.330710 (2206817) lic__man INFO    Unclaim everything for 'session_0'.
2026-02-26 13:13:54.330927 (2206817) session_ INFO    Process for analysis session 'session_0' has exited with exit status '0'.
2026-02-26 13:13:56.274610 (2206828) stdio___ INFO    STDIN reader requested to stop.
2026-02-26 13:13:56.274719 (2206828) stdio___ INFO    STDIN reader stopped.
2026-02-26 13:13:56.274965 (2206817) lic_core INFO    (1) checkin jasper_interactive
2026-02-26 13:13:56.276086 (2206817) lic_core INFO    (3) checkin jasper_fao
2026-02-26 13:13:56.277071 (2206817) main____ INFO    Exiting with status 0.
