2026-02-25 14:16:01.539890 (3228639) main____ INFO    ----------------------------------------
2026-02-25 14:16:01.539988 (3228639) main____ INFO    Jasper version info
2026-02-25 14:16:01.540003 (3228639) main____ INFO      tool      : Jasper 2023.12
2026-02-25 14:16:01.540018 (3228639) main____ INFO      version   : 2023.12p001 64 bits
2026-02-25 14:16:01.540031 (3228639) main____ INFO      build date: 2024.01.23 16:09:24 UTC
2026-02-25 14:16:01.540041 (3228639) main____ INFO    ----------------------------------------
2026-02-25 14:16:01.540050 (3228639) main____ INFO    Runtime info:
2026-02-25 14:16:01.540060 (3228639) main____ INFO      platform  : Linux 4.18.0-553.89.1.el8_10.x86_64 x86_64
2026-02-25 14:16:01.540081 (3228639) main____ INFO      hostname  : caddy15.stanford.edu
2026-02-25 14:16:01.540096 (3228639) main____ INFO      pid       : 3228639
2026-02-25 14:16:01.540106 (3228639) main____ INFO      arguments : '-style' 'windows' '-allow_unsupported_OS' '-no_gui' '-fpv' './synthlc/i_DIV_out/xPerfLocSubsetDiv/coverset_213_.tcl' '-proj' './synthlc/i_DIV_out/xPerfLocSubsetDiv/coverset_213_jgsession_26-02-25-14_16_00'
2026-02-25 14:16:01.540124 (3228639) main____ INFO      locale    : UTF-8
2026-02-25 14:16:01.540133 (3228639) main____ INFO    ----------------------------------------
2026-02-25 14:16:01.540142 (3228639) main____ INFO    System resource limits info:
2026-02-25 14:16:01.540154 (3228639) main____ INFO      virtual memory: unlimited
2026-02-25 14:16:01.540166 (3228639) main____ INFO      cpu time      : unlimited
2026-02-25 14:16:01.540184 (3228639) main____ INFO      processes     : 4096
2026-02-25 14:16:01.540206 (3228639) main____ INFO      stack size    : 8388608 B
2026-02-25 14:16:01.540220 (3228639) main____ INFO      core file size: 0 B
2026-02-25 14:16:01.540233 (3228639) main____ INFO      open files    : 4096
2026-02-25 14:16:01.540244 (3228639) main____ INFO      file size     : unlimited
2026-02-25 14:16:01.540254 (3228639) main____ INFO    ----------------------------------------
2026-02-25 14:16:01.540263 (3228639) main____ INFO    Memory statistics:
2026-02-25 14:16:01.540274 (3228639) main____ INFO      total physical memory  : 98449092 kB
2026-02-25 14:16:01.540285 (3228639) main____ INFO      free physical memory   : 75991960 kB
2026-02-25 14:16:01.540296 (3228639) main____ INFO      committed address space: 9737932 kB
2026-02-25 14:16:01.540318 (3228639) main____ INFO    ----------------------------------------
2026-02-25 14:16:01.541500 (3228639) main____ INFO    Important environment variables:
2026-02-25 14:16:01.541525 (3228639) main____ INFO      CDS_LIC_FILE       : '5280@cadlic0'
2026-02-25 14:16:01.541537 (3228639) main____ INFO      JASPER_INSTALL_DIR : '/cad/cadence/jasper_2023.12p001'
2026-02-25 14:16:01.541549 (3228639) main____ INFO      JASPER_KERNEL_CHECK: '1'
2026-02-25 14:16:01.541561 (3228639) main____ INFO      JASPER_OS_CHECK    : '0'
2026-02-25 14:16:01.541573 (3228639) main____ INFO      LANG               : 'en_US.UTF-8'
2026-02-25 14:16:01.541583 (3228639) main____ INFO    ----------------------------------------
2026-02-25 14:16:01.544490 (3228639) lic_core INFO    Initializing license system ...
2026-02-25 14:16:01.568678 (3228639) lic_core INFO    ... license system initialized.
2026-02-25 14:16:01.750569 (3228639) lic__man INFO    Claim 'main' for <ui>.
2026-02-25 14:16:01.750647 (3228639) lic_core INFO    (1) checking out 'jasper_interactive' ...
2026-02-25 14:16:01.827637 (3228639) lic_core INFO    ... (1) checkout succeeded
2026-02-25 14:16:01.827745 (3228639) lic__man INFO    Claim 'fpv' for <ui>.
2026-02-25 14:16:01.827774 (3228639) lic_core INFO    (2) checking out 'jasper_fpv' ...
2026-02-25 14:16:01.887811 (3228639) lic_core INFO    ... (2) checkout failed (error: -5) ("FLEXnet ERROR(-5, 0, 0): No such feature exists.")
2026-02-25 14:16:01.887871 (3228639) lic_core INFO    (3) checking out 'jasper_fao' ...
2026-02-25 14:16:01.971548 (3228639) lic_core INFO    ... (3) checkout succeeded
2026-02-25 14:16:01.983259 (3228639) main____ INFO    Tool inactivity delay is 480000 ms.
2026-02-25 14:16:01.991550 (3228653) stdio___ INFO    Starting STDIN reader (tty: yes, tty name: '/dev/pts/0')
2026-02-25 14:16:02.381484 (3228639) session_ INFO    Starting analysis session with session id 'session_0' (launcher: <local>) ...
2026-02-25 14:16:02.383433 (3228639) session_ INFO    Analysis session with session id 'session_0' started (pid: 3228654)
2026-02-25 14:16:04.932890 (3228639) session_ INFO    Analysis session 'session_0' connected to the console (host: 127.0.0.1:54958)
2026-02-25 14:16:10.343577 (3228639) lic__man INFO    Unclaim everything for 'session_0'.
2026-02-25 14:16:10.610227 (3228639) lic__man INFO    Claim 'fpv' for 'session_0'.
2026-02-25 14:16:10.610270 (3228639) lic__man INFO    Claim 'fpv' for 'session_0/prove-0'.
2026-02-25 14:16:12.997672 (3228639) lic__man INFO    Unclaim everything for 'session_0/prove-0'.
2026-02-25 14:16:13.044629 (3228639) main____ INFO    About to exit: request to exit with status 0 received from analysis session 'session_0'
2026-02-25 14:16:13.251623 (3228639) session_ INFO    Analysis session 'session_0' disconnected.
2026-02-25 14:16:13.251761 (3228639) lic__man INFO    Unclaim everything for 'session_0'.
2026-02-25 14:16:13.251951 (3228639) session_ INFO    Process for analysis session 'session_0' has exited with exit status '0'.
2026-02-25 14:16:14.962609 (3228653) stdio___ INFO    STDIN reader requested to stop.
2026-02-25 14:16:14.962656 (3228653) stdio___ INFO    STDIN reader stopped.
2026-02-25 14:16:14.962957 (3228639) lic_core INFO    (1) checkin jasper_interactive
2026-02-25 14:16:14.973533 (3228639) lic_core INFO    (3) checkin jasper_fao
2026-02-25 14:16:14.977475 (3228639) main____ INFO    Exiting with status 0.
