2026-02-28 19:52:01.399986 (1002153) main____ INFO    ----------------------------------------
2026-02-28 19:52:01.400071 (1002153) main____ INFO    Jasper version info
2026-02-28 19:52:01.400087 (1002153) main____ INFO      tool      : Jasper 2023.12
2026-02-28 19:52:01.400102 (1002153) main____ INFO      version   : 2023.12p001 64 bits
2026-02-28 19:52:01.400116 (1002153) main____ INFO      build date: 2024.01.23 16:09:24 UTC
2026-02-28 19:52:01.400126 (1002153) main____ INFO    ----------------------------------------
2026-02-28 19:52:01.400136 (1002153) main____ INFO    Runtime info:
2026-02-28 19:52:01.400146 (1002153) main____ INFO      platform  : Linux 4.18.0-553.89.1.el8_10.x86_64 x86_64
2026-02-28 19:52:01.400165 (1002153) main____ INFO      hostname  : caddy15.stanford.edu
2026-02-28 19:52:01.400180 (1002153) main____ INFO      pid       : 1002153
2026-02-28 19:52:01.400191 (1002153) main____ INFO      arguments : '-style' 'windows' '-allow_unsupported_OS' '-no_gui' '-fpv' './synthlc/i_ADDI_out/xPerfLocCycleCount/cycle_count_div_fsm_s13_.tcl' '-proj' './synthlc/i_ADDI_out/xPerfLocCycleCount/cycle_count_div_fsm_s13_jgsession_26-02-28-19_52_01'
2026-02-28 19:52:01.400208 (1002153) main____ INFO      locale    : UTF-8
2026-02-28 19:52:01.400218 (1002153) main____ INFO    ----------------------------------------
2026-02-28 19:52:01.400227 (1002153) main____ INFO    System resource limits info:
2026-02-28 19:52:01.400240 (1002153) main____ INFO      virtual memory: unlimited
2026-02-28 19:52:01.400253 (1002153) main____ INFO      cpu time      : unlimited
2026-02-28 19:52:01.400270 (1002153) main____ INFO      processes     : 4096
2026-02-28 19:52:01.400289 (1002153) main____ INFO      stack size    : 8388608 B
2026-02-28 19:52:01.400323 (1002153) main____ INFO      core file size: 0 B
2026-02-28 19:52:01.400337 (1002153) main____ INFO      open files    : 4096
2026-02-28 19:52:01.400349 (1002153) main____ INFO      file size     : unlimited
2026-02-28 19:52:01.400359 (1002153) main____ INFO    ----------------------------------------
2026-02-28 19:52:01.400368 (1002153) main____ INFO    Memory statistics:
2026-02-28 19:52:01.400380 (1002153) main____ INFO      total physical memory  : 98449092 kB
2026-02-28 19:52:01.400391 (1002153) main____ INFO      free physical memory   : 77925972 kB
2026-02-28 19:52:01.400403 (1002153) main____ INFO      committed address space: 3895324 kB
2026-02-28 19:52:01.400412 (1002153) main____ INFO    ----------------------------------------
2026-02-28 19:52:01.401584 (1002153) main____ INFO    Important environment variables:
2026-02-28 19:52:01.401609 (1002153) main____ INFO      CDS_LIC_FILE       : '5280@cadlic0'
2026-02-28 19:52:01.401622 (1002153) main____ INFO      JASPER_INSTALL_DIR : '/cad/cadence/jasper_2023.12p001'
2026-02-28 19:52:01.401634 (1002153) main____ INFO      JASPER_KERNEL_CHECK: '1'
2026-02-28 19:52:01.401646 (1002153) main____ INFO      JASPER_OS_CHECK    : '0'
2026-02-28 19:52:01.401658 (1002153) main____ INFO      LANG               : 'en_US.UTF-8'
2026-02-28 19:52:01.401668 (1002153) main____ INFO    ----------------------------------------
2026-02-28 19:52:01.402802 (1002153) lic_core INFO    Initializing license system ...
2026-02-28 19:52:01.404344 (1002153) lic_core INFO    ... license system initialized.
2026-02-28 19:52:01.416083 (1002153) lic__man INFO    Claim 'main' for <ui>.
2026-02-28 19:52:01.416150 (1002153) lic_core INFO    (1) checking out 'jasper_interactive' ...
2026-02-28 19:52:01.428736 (1002153) lic_core INFO    ... (1) checkout succeeded
2026-02-28 19:52:01.428831 (1002153) lic__man INFO    Claim 'fpv' for <ui>.
2026-02-28 19:52:01.428859 (1002153) lic_core INFO    (2) checking out 'jasper_fpv' ...
2026-02-28 19:52:01.432939 (1002153) lic_core INFO    ... (2) checkout failed (error: -5) ("FLEXnet ERROR(-5, 0, 0): No such feature exists.")
2026-02-28 19:52:01.432995 (1002153) lic_core INFO    (3) checking out 'jasper_fao' ...
2026-02-28 19:52:01.443865 (1002153) lic_core INFO    ... (3) checkout succeeded
2026-02-28 19:52:01.445027 (1002169) stdio___ INFO    Starting STDIN reader (tty: yes, tty name: '/dev/pts/0')
2026-02-28 19:52:01.445155 (1002153) main____ INFO    Tool inactivity delay is 480000 ms.
2026-02-28 19:52:01.487854 (1002153) session_ INFO    Starting analysis session with session id 'session_0' (launcher: <local>) ...
2026-02-28 19:52:01.489697 (1002153) session_ INFO    Analysis session with session id 'session_0' started (pid: 1002170)
2026-02-28 19:52:02.647422 (1002153) session_ INFO    Analysis session 'session_0' connected to the console (host: 127.0.0.1:43190)
2026-02-28 19:52:05.735980 (1002153) lic__man INFO    Unclaim everything for 'session_0'.
2026-02-28 19:52:05.966525 (1002153) lic__man INFO    Claim 'fpv' for 'session_0'.
2026-02-28 19:52:05.966563 (1002153) lic__man INFO    Claim 'fpv' for 'session_0/prove-0'.
2026-02-28 19:52:06.992156 (1002153) lic__man INFO    Unclaim everything for 'session_0/prove-0'.
2026-02-28 19:52:07.006554 (1002153) lic__man INFO    Claim 'fpv' for 'session_0'.
2026-02-28 19:52:07.006591 (1002153) lic__man INFO    Claim 'fpv' for 'session_0/prove-1'.
2026-02-28 19:52:07.981728 (1002153) lic__man INFO    Unclaim everything for 'session_0/prove-1'.
2026-02-28 19:52:07.992619 (1002153) lic__man INFO    Claim 'fpv' for 'session_0'.
2026-02-28 19:52:07.992657 (1002153) lic__man INFO    Claim 'fpv' for 'session_0/prove-2'.
2026-02-28 19:52:09.052032 (1002153) lic__man INFO    Unclaim everything for 'session_0/prove-2'.
2026-02-28 19:52:09.061129 (1002153) lic__man INFO    Claim 'fpv' for 'session_0'.
2026-02-28 19:52:09.061163 (1002153) lic__man INFO    Claim 'fpv' for 'session_0/prove-3'.
2026-02-28 19:52:10.038538 (1002153) lic__man INFO    Unclaim everything for 'session_0/prove-3'.
2026-02-28 19:52:10.047628 (1002153) lic__man INFO    Claim 'fpv' for 'session_0'.
2026-02-28 19:52:10.047661 (1002153) lic__man INFO    Claim 'fpv' for 'session_0/prove-4'.
2026-02-28 19:52:19.299663 (1002153) lic__man INFO    Unclaim everything for 'session_0/prove-4'.
2026-02-28 19:52:19.309784 (1002153) lic__man INFO    Claim 'fpv' for 'session_0'.
2026-02-28 19:52:19.309821 (1002153) lic__man INFO    Claim 'fpv' for 'session_0/prove-5'.
2026-02-28 19:52:20.263987 (1002153) lic__man INFO    Unclaim everything for 'session_0/prove-5'.
2026-02-28 19:52:20.316490 (1002153) main____ INFO    About to exit: request to exit with status 0 received from analysis session 'session_0'
2026-02-28 19:52:20.466603 (1002153) session_ INFO    Analysis session 'session_0' disconnected.
2026-02-28 19:52:20.466835 (1002153) lic__man INFO    Unclaim everything for 'session_0'.
2026-02-28 19:52:20.467064 (1002153) session_ INFO    Process for analysis session 'session_0' has exited with exit status '0'.
2026-02-28 19:52:22.403803 (1002169) stdio___ INFO    STDIN reader requested to stop.
2026-02-28 19:52:22.403851 (1002169) stdio___ INFO    STDIN reader stopped.
2026-02-28 19:52:22.404110 (1002153) lic_core INFO    (1) checkin jasper_interactive
2026-02-28 19:52:22.405396 (1002153) lic_core INFO    (3) checkin jasper_fao
2026-02-28 19:52:22.406874 (1002153) main____ INFO    Exiting with status 0.
