2026-03-01 06:00:31.457081 (3998405) main____ INFO    ----------------------------------------
2026-03-01 06:00:31.457174 (3998405) main____ INFO    Jasper version info
2026-03-01 06:00:31.457191 (3998405) main____ INFO      tool      : Jasper 2023.12
2026-03-01 06:00:31.457208 (3998405) main____ INFO      version   : 2023.12p001 64 bits
2026-03-01 06:00:31.457222 (3998405) main____ INFO      build date: 2024.01.23 16:09:24 UTC
2026-03-01 06:00:31.457233 (3998405) main____ INFO    ----------------------------------------
2026-03-01 06:00:31.457243 (3998405) main____ INFO    Runtime info:
2026-03-01 06:00:31.457254 (3998405) main____ INFO      platform  : Linux 4.18.0-553.89.1.el8_10.x86_64 x86_64
2026-03-01 06:00:31.457274 (3998405) main____ INFO      hostname  : caddy12.stanford.edu
2026-03-01 06:00:31.457290 (3998405) main____ INFO      pid       : 3998405
2026-03-01 06:00:31.457301 (3998405) main____ INFO      arguments : '-style' 'windows' '-allow_unsupported_OS' '-no_gui' '-fpv' './synthlc/i_LW_out/xPairwiseDepDiv/nunv_anytwo_371_.tcl' '-proj' './synthlc/i_LW_out/xPairwiseDepDiv/nunv_anytwo_371_jgsession_26-03-01-06_00_31'
2026-03-01 06:00:31.457319 (3998405) main____ INFO      locale    : UTF-8
2026-03-01 06:00:31.457329 (3998405) main____ INFO    ----------------------------------------
2026-03-01 06:00:31.457339 (3998405) main____ INFO    System resource limits info:
2026-03-01 06:00:31.457353 (3998405) main____ INFO      virtual memory: unlimited
2026-03-01 06:00:31.457366 (3998405) main____ INFO      cpu time      : unlimited
2026-03-01 06:00:31.457384 (3998405) main____ INFO      processes     : 4096
2026-03-01 06:00:31.457404 (3998405) main____ INFO      stack size    : 8388608 B
2026-03-01 06:00:31.457419 (3998405) main____ INFO      core file size: 0 B
2026-03-01 06:00:31.457433 (3998405) main____ INFO      open files    : 4096
2026-03-01 06:00:31.457446 (3998405) main____ INFO      file size     : unlimited
2026-03-01 06:00:31.457456 (3998405) main____ INFO    ----------------------------------------
2026-03-01 06:00:31.457466 (3998405) main____ INFO    Memory statistics:
2026-03-01 06:00:31.457479 (3998405) main____ INFO      total physical memory  : 98449088 kB
2026-03-01 06:00:31.457491 (3998405) main____ INFO      free physical memory   : 80562724 kB
2026-03-01 06:00:31.457503 (3998405) main____ INFO      committed address space: 14794184 kB
2026-03-01 06:00:31.457513 (3998405) main____ INFO    ----------------------------------------
2026-03-01 06:00:31.458726 (3998405) main____ INFO    Important environment variables:
2026-03-01 06:00:31.458757 (3998405) main____ INFO      CDS_LIC_FILE       : '5280@cadlic0'
2026-03-01 06:00:31.458770 (3998405) main____ INFO      DISPLAY            : 'localhost:12.0'
2026-03-01 06:00:31.458783 (3998405) main____ INFO      JASPER_INSTALL_DIR : '/cad/cadence/jasper_2023.12p001'
2026-03-01 06:00:31.458805 (3998405) main____ INFO      JASPER_KERNEL_CHECK: '1'
2026-03-01 06:00:31.458818 (3998405) main____ INFO      JASPER_OS_CHECK    : '0'
2026-03-01 06:00:31.458831 (3998405) main____ INFO      LANG               : 'zh_TW.UTF-8'
2026-03-01 06:00:31.458841 (3998405) main____ INFO    ----------------------------------------
2026-03-01 06:00:31.460880 (3998405) lic_core INFO    Initializing license system ...
2026-03-01 06:00:31.474559 (3998405) lic_core INFO    ... license system initialized.
2026-03-01 06:00:31.486244 (3998405) lic__man INFO    Claim 'main' for <ui>.
2026-03-01 06:00:31.486320 (3998405) lic_core INFO    (1) checking out 'jasper_interactive' ...
2026-03-01 06:00:31.498980 (3998405) lic_core INFO    ... (1) checkout succeeded
2026-03-01 06:00:31.499086 (3998405) lic__man INFO    Claim 'fpv' for <ui>.
2026-03-01 06:00:31.499117 (3998405) lic_core INFO    (2) checking out 'jasper_fpv' ...
2026-03-01 06:00:31.503732 (3998405) lic_core INFO    ... (2) checkout failed (error: -5) ("FLEXnet ERROR(-5, 0, 0): No such feature exists.")
2026-03-01 06:00:31.503787 (3998405) lic_core INFO    (3) checking out 'jasper_fao' ...
2026-03-01 06:00:31.514867 (3998405) lic_core INFO    ... (3) checkout succeeded
2026-03-01 06:00:31.517802 (3998405) main____ INFO    Tool inactivity delay is 480000 ms.
2026-03-01 06:00:31.525946 (3998416) stdio___ INFO    Starting STDIN reader (tty: yes, tty name: '/dev/pts/0')
2026-03-01 06:00:31.575936 (3998405) session_ INFO    Starting analysis session with session id 'session_0' (launcher: <local>) ...
2026-03-01 06:00:31.578003 (3998405) session_ INFO    Analysis session with session id 'session_0' started (pid: 3998417)
2026-03-01 06:00:33.026204 (3998405) session_ INFO    Analysis session 'session_0' connected to the console (host: 127.0.0.1:51966)
2026-03-01 06:00:39.728780 (3998405) lic__man INFO    Unclaim everything for 'session_0'.
2026-03-01 06:00:40.021107 (3998405) lic__man INFO    Claim 'fpv' for 'session_0'.
2026-03-01 06:00:40.021159 (3998405) lic__man INFO    Claim 'fpv' for 'session_0/prove-0'.
2026-03-01 06:06:18.098112 (3998405) lic__man INFO    Unclaim everything for 'session_0/prove-0'.
2026-03-01 06:06:18.132537 (3998405) main____ INFO    About to exit: request to exit with status 0 received from analysis session 'session_0'
2026-03-01 06:06:18.345334 (3998405) session_ INFO    Analysis session 'session_0' disconnected.
2026-03-01 06:06:18.345490 (3998405) lic__man INFO    Unclaim everything for 'session_0'.
2026-03-01 06:06:18.345791 (3998405) session_ INFO    Process for analysis session 'session_0' has exited with exit status '0'.
2026-03-01 06:06:20.049871 (3998416) stdio___ INFO    STDIN reader requested to stop.
2026-03-01 06:06:20.049929 (3998416) stdio___ INFO    STDIN reader stopped.
2026-03-01 06:06:20.060979 (3998405) lic_core INFO    (1) checkin jasper_interactive
2026-03-01 06:06:20.062872 (3998405) lic_core INFO    (3) checkin jasper_fao
2026-03-01 06:06:20.081147 (3998405) main____ INFO    Exiting with status 0.
