2026-03-01 01:45:57.359867 (1208342) main____ INFO    ----------------------------------------
2026-03-01 01:45:57.359962 (1208342) main____ INFO    Jasper version info
2026-03-01 01:45:57.359979 (1208342) main____ INFO      tool      : Jasper 2023.12
2026-03-01 01:45:57.359994 (1208342) main____ INFO      version   : 2023.12p001 64 bits
2026-03-01 01:45:57.360008 (1208342) main____ INFO      build date: 2024.01.23 16:09:24 UTC
2026-03-01 01:45:57.360018 (1208342) main____ INFO    ----------------------------------------
2026-03-01 01:45:57.360027 (1208342) main____ INFO    Runtime info:
2026-03-01 01:45:57.360038 (1208342) main____ INFO      platform  : Linux 4.18.0-553.89.1.el8_10.x86_64 x86_64
2026-03-01 01:45:57.360058 (1208342) main____ INFO      hostname  : caddy15.stanford.edu
2026-03-01 01:45:57.360073 (1208342) main____ INFO      pid       : 1208342
2026-03-01 01:45:57.360086 (1208342) main____ INFO      arguments : '-style' 'windows' '-allow_unsupported_OS' '-no_gui' '-fpv' './synthlc/i_LW_out/xHBPerfG_dfg_v3_div/HB_89_.tcl' '-proj' './synthlc/i_LW_out/xHBPerfG_dfg_v3_div/HB_89_jgsession_26-03-01-01_45_56'
2026-03-01 01:45:57.360103 (1208342) main____ INFO      locale    : UTF-8
2026-03-01 01:45:57.360113 (1208342) main____ INFO    ----------------------------------------
2026-03-01 01:45:57.360122 (1208342) main____ INFO    System resource limits info:
2026-03-01 01:45:57.360134 (1208342) main____ INFO      virtual memory: unlimited
2026-03-01 01:45:57.360147 (1208342) main____ INFO      cpu time      : unlimited
2026-03-01 01:45:57.360166 (1208342) main____ INFO      processes     : 4096
2026-03-01 01:45:57.360188 (1208342) main____ INFO      stack size    : 8388608 B
2026-03-01 01:45:57.360202 (1208342) main____ INFO      core file size: 0 B
2026-03-01 01:45:57.360216 (1208342) main____ INFO      open files    : 4096
2026-03-01 01:45:57.360228 (1208342) main____ INFO      file size     : unlimited
2026-03-01 01:45:57.360238 (1208342) main____ INFO    ----------------------------------------
2026-03-01 01:45:57.360247 (1208342) main____ INFO    Memory statistics:
2026-03-01 01:45:57.360269 (1208342) main____ INFO      total physical memory  : 98449092 kB
2026-03-01 01:45:57.360280 (1208342) main____ INFO      free physical memory   : 77938056 kB
2026-03-01 01:45:57.360292 (1208342) main____ INFO      committed address space: 3798500 kB
2026-03-01 01:45:57.360316 (1208342) main____ INFO    ----------------------------------------
2026-03-01 01:45:57.361490 (1208342) main____ INFO    Important environment variables:
2026-03-01 01:45:57.361515 (1208342) main____ INFO      CDS_LIC_FILE       : '5280@cadlic0'
2026-03-01 01:45:57.361528 (1208342) main____ INFO      JASPER_INSTALL_DIR : '/cad/cadence/jasper_2023.12p001'
2026-03-01 01:45:57.361540 (1208342) main____ INFO      JASPER_KERNEL_CHECK: '1'
2026-03-01 01:45:57.361553 (1208342) main____ INFO      JASPER_OS_CHECK    : '0'
2026-03-01 01:45:57.361565 (1208342) main____ INFO      LANG               : 'en_US.UTF-8'
2026-03-01 01:45:57.361575 (1208342) main____ INFO    ----------------------------------------
2026-03-01 01:45:57.371540 (1208342) lic_core INFO    Initializing license system ...
2026-03-01 01:45:57.402662 (1208342) lic_core INFO    ... license system initialized.
2026-03-01 01:45:57.546676 (1208342) lic__man INFO    Claim 'main' for <ui>.
2026-03-01 01:45:57.546749 (1208342) lic_core INFO    (1) checking out 'jasper_interactive' ...
2026-03-01 01:45:57.622378 (1208342) lic_core INFO    ... (1) checkout succeeded
2026-03-01 01:45:57.622485 (1208342) lic__man INFO    Claim 'fpv' for <ui>.
2026-03-01 01:45:57.622513 (1208342) lic_core INFO    (2) checking out 'jasper_fpv' ...
2026-03-01 01:45:57.694836 (1208342) lic_core INFO    ... (2) checkout failed (error: -5) ("FLEXnet ERROR(-5, 0, 0): No such feature exists.")
2026-03-01 01:45:57.694895 (1208342) lic_core INFO    (3) checking out 'jasper_fao' ...
2026-03-01 01:45:57.773601 (1208342) lic_core INFO    ... (3) checkout succeeded
2026-03-01 01:45:57.797320 (1208342) main____ INFO    Tool inactivity delay is 480000 ms.
2026-03-01 01:45:57.805576 (1208356) stdio___ INFO    Starting STDIN reader (tty: yes, tty name: '/dev/pts/0')
2026-03-01 01:45:58.181463 (1208342) session_ INFO    Starting analysis session with session id 'session_0' (launcher: <local>) ...
2026-03-01 01:45:58.183593 (1208342) session_ INFO    Analysis session with session id 'session_0' started (pid: 1208359)
2026-03-01 01:46:00.775396 (1208342) session_ INFO    Analysis session 'session_0' connected to the console (host: 127.0.0.1:55300)
2026-03-01 01:46:03.815786 (1208342) lic__man INFO    Unclaim everything for 'session_0'.
2026-03-01 01:46:04.018494 (1208342) lic__man INFO    Claim 'fpv' for 'session_0'.
2026-03-01 01:46:04.018530 (1208342) lic__man INFO    Claim 'fpv' for 'session_0/prove-0'.
2026-03-01 01:46:05.024654 (1208342) lic__man INFO    Unclaim everything for 'session_0/prove-0'.
2026-03-01 01:46:05.067486 (1208342) main____ INFO    About to exit: request to exit with status 0 received from analysis session 'session_0'
2026-03-01 01:46:05.231973 (1208342) session_ INFO    Analysis session 'session_0' disconnected.
2026-03-01 01:46:05.232133 (1208342) lic__man INFO    Unclaim everything for 'session_0'.
2026-03-01 01:46:05.232463 (1208342) session_ INFO    Process for analysis session 'session_0' has exited with exit status '0'.
2026-03-01 01:46:06.974907 (1208356) stdio___ INFO    STDIN reader requested to stop.
2026-03-01 01:46:06.974954 (1208356) stdio___ INFO    STDIN reader stopped.
2026-03-01 01:46:06.975233 (1208342) lic_core INFO    (1) checkin jasper_interactive
2026-03-01 01:46:06.976384 (1208342) lic_core INFO    (3) checkin jasper_fao
2026-03-01 01:46:06.977589 (1208342) main____ INFO    Exiting with status 0.
