2026-02-27 17:22:41.118184 (3258097) main____ INFO    ----------------------------------------
2026-02-27 17:22:41.118273 (3258097) main____ INFO    Jasper version info
2026-02-27 17:22:41.118290 (3258097) main____ INFO      tool      : Jasper 2023.12
2026-02-27 17:22:41.118306 (3258097) main____ INFO      version   : 2023.12p001 64 bits
2026-02-27 17:22:41.118321 (3258097) main____ INFO      build date: 2024.01.23 16:09:24 UTC
2026-02-27 17:22:41.118331 (3258097) main____ INFO    ----------------------------------------
2026-02-27 17:22:41.118341 (3258097) main____ INFO    Runtime info:
2026-02-27 17:22:41.118352 (3258097) main____ INFO      platform  : Linux 4.18.0-553.89.1.el8_10.x86_64 x86_64
2026-02-27 17:22:41.118372 (3258097) main____ INFO      hostname  : caddy12.stanford.edu
2026-02-27 17:22:41.118387 (3258097) main____ INFO      pid       : 3258097
2026-02-27 17:22:41.118399 (3258097) main____ INFO      arguments : '-style' 'windows' '-allow_unsupported_OS' '-no_gui' '-fpv' './synthlc/i_DIV_out/xPerfLocCycleCount/over1cyc_5_div_fsm_s4_.tcl' '-proj' './synthlc/i_DIV_out/xPerfLocCycleCount/over1cyc_5_div_fsm_s4_jgsession_26-02-27-17_22_40'
2026-02-27 17:22:41.118418 (3258097) main____ INFO      locale    : UTF-8
2026-02-27 17:22:41.118428 (3258097) main____ INFO    ----------------------------------------
2026-02-27 17:22:41.118438 (3258097) main____ INFO    System resource limits info:
2026-02-27 17:22:41.118451 (3258097) main____ INFO      virtual memory: unlimited
2026-02-27 17:22:41.118464 (3258097) main____ INFO      cpu time      : unlimited
2026-02-27 17:22:41.118483 (3258097) main____ INFO      processes     : 4096
2026-02-27 17:22:41.118504 (3258097) main____ INFO      stack size    : 8388608 B
2026-02-27 17:22:41.118519 (3258097) main____ INFO      core file size: 0 B
2026-02-27 17:22:41.118533 (3258097) main____ INFO      open files    : 4096
2026-02-27 17:22:41.118545 (3258097) main____ INFO      file size     : unlimited
2026-02-27 17:22:41.118556 (3258097) main____ INFO    ----------------------------------------
2026-02-27 17:22:41.118566 (3258097) main____ INFO    Memory statistics:
2026-02-27 17:22:41.118578 (3258097) main____ INFO      total physical memory  : 98449088 kB
2026-02-27 17:22:41.118590 (3258097) main____ INFO      free physical memory   : 76096368 kB
2026-02-27 17:22:41.118602 (3258097) main____ INFO      committed address space: 6006476 kB
2026-02-27 17:22:41.118612 (3258097) main____ INFO    ----------------------------------------
2026-02-27 17:22:41.119815 (3258097) main____ INFO    Important environment variables:
2026-02-27 17:22:41.119840 (3258097) main____ INFO      CDS_LIC_FILE       : '5280@cadlic0'
2026-02-27 17:22:41.119854 (3258097) main____ INFO      DISPLAY            : 'localhost:12.0'
2026-02-27 17:22:41.119866 (3258097) main____ INFO      JASPER_INSTALL_DIR : '/cad/cadence/jasper_2023.12p001'
2026-02-27 17:22:41.119878 (3258097) main____ INFO      JASPER_KERNEL_CHECK: '1'
2026-02-27 17:22:41.119891 (3258097) main____ INFO      JASPER_OS_CHECK    : '0'
2026-02-27 17:22:41.119903 (3258097) main____ INFO      LANG               : 'zh_TW.UTF-8'
2026-02-27 17:22:41.119913 (3258097) main____ INFO    ----------------------------------------
2026-02-27 17:22:41.121840 (3258097) lic_core INFO    Initializing license system ...
2026-02-27 17:22:41.145989 (3258097) lic_core INFO    ... license system initialized.
2026-02-27 17:22:41.297954 (3258097) lic__man INFO    Claim 'main' for <ui>.
2026-02-27 17:22:41.298030 (3258097) lic_core INFO    (1) checking out 'jasper_interactive' ...
2026-02-27 17:22:41.371046 (3258097) lic_core INFO    ... (1) checkout succeeded
2026-02-27 17:22:41.371159 (3258097) lic__man INFO    Claim 'fpv' for <ui>.
2026-02-27 17:22:41.371190 (3258097) lic_core INFO    (2) checking out 'jasper_fpv' ...
2026-02-27 17:22:41.397451 (3258097) lic_core INFO    ... (2) checkout failed (error: -5) ("FLEXnet ERROR(-5, 0, 0): No such feature exists.")
2026-02-27 17:22:41.397509 (3258097) lic_core INFO    (3) checking out 'jasper_fao' ...
2026-02-27 17:22:41.476422 (3258097) lic_core INFO    ... (3) checkout succeeded
2026-02-27 17:22:41.495576 (3258097) main____ INFO    Tool inactivity delay is 480000 ms.
2026-02-27 17:22:41.497784 (3258169) stdio___ INFO    Starting STDIN reader (tty: yes, tty name: '/dev/pts/0')
2026-02-27 17:22:41.768831 (3258097) session_ INFO    Starting analysis session with session id 'session_0' (launcher: <local>) ...
2026-02-27 17:22:41.770723 (3258097) session_ INFO    Analysis session with session id 'session_0' started (pid: 3258171)
2026-02-27 17:22:43.725324 (3258097) session_ INFO    Analysis session 'session_0' connected to the console (host: 127.0.0.1:34502)
2026-02-27 17:22:53.237779 (3258097) lic__man INFO    Unclaim everything for 'session_0'.
2026-02-27 17:22:53.609997 (3258097) lic__man INFO    Claim 'fpv' for 'session_0'.
2026-02-27 17:22:53.610051 (3258097) lic__man INFO    Claim 'fpv' for 'session_0/prove-0'.
2026-02-27 17:23:15.444416 (3258097) lic__man INFO    Unclaim everything for 'session_0/prove-0'.
2026-02-27 17:23:15.487006 (3258097) main____ INFO    About to exit: request to exit with status 0 received from analysis session 'session_0'
2026-02-27 17:23:15.763907 (3258097) session_ INFO    Analysis session 'session_0' disconnected.
2026-02-27 17:23:15.764043 (3258097) lic__man INFO    Unclaim everything for 'session_0'.
2026-02-27 17:23:15.773896 (3258097) session_ INFO    Process for analysis session 'session_0' has exited with exit status '0'.
2026-02-27 17:23:17.406720 (3258169) stdio___ INFO    STDIN reader requested to stop.
2026-02-27 17:23:17.406774 (3258169) stdio___ INFO    STDIN reader stopped.
2026-02-27 17:23:17.418254 (3258097) lic_core INFO    (1) checkin jasper_interactive
2026-02-27 17:23:17.421907 (3258097) lic_core INFO    (3) checkin jasper_fao
2026-02-27 17:23:17.440323 (3258097) main____ INFO    Exiting with status 0.
