2026-02-26 02:52:30.750567 (1910476) main____ INFO    ----------------------------------------
2026-02-26 02:52:30.750634 (1910476) main____ INFO    Jasper version info
2026-02-26 02:52:30.750649 (1910476) main____ INFO      tool      : Jasper 2023.12
2026-02-26 02:52:30.750683 (1910476) main____ INFO      version   : 2023.12p001 64 bits
2026-02-26 02:52:30.750696 (1910476) main____ INFO      build date: 2024.01.23 16:09:24 UTC
2026-02-26 02:52:30.750706 (1910476) main____ INFO    ----------------------------------------
2026-02-26 02:52:30.750715 (1910476) main____ INFO    Runtime info:
2026-02-26 02:52:30.750726 (1910476) main____ INFO      platform  : Linux 4.18.0-553.89.1.el8_10.x86_64 x86_64
2026-02-26 02:52:30.750743 (1910476) main____ INFO      hostname  : caddy12.stanford.edu
2026-02-26 02:52:30.750758 (1910476) main____ INFO      pid       : 1910476
2026-02-26 02:52:30.750768 (1910476) main____ INFO      arguments : '-style' 'windows' '-allow_unsupported_OS' '-no_gui' '-fpv' './synthlc/i_MUL_out/xHBPerfG_dfg_v3_div/WHB_247_.tcl' '-proj' './synthlc/i_MUL_out/xHBPerfG_dfg_v3_div/WHB_247_jgsession_26-02-26-02_52_30'
2026-02-26 02:52:30.750783 (1910476) main____ INFO      locale    : UTF-8
2026-02-26 02:52:30.750793 (1910476) main____ INFO    ----------------------------------------
2026-02-26 02:52:30.750802 (1910476) main____ INFO    System resource limits info:
2026-02-26 02:52:30.750815 (1910476) main____ INFO      virtual memory: unlimited
2026-02-26 02:52:30.750827 (1910476) main____ INFO      cpu time      : unlimited
2026-02-26 02:52:30.750843 (1910476) main____ INFO      processes     : 4096
2026-02-26 02:52:30.750861 (1910476) main____ INFO      stack size    : 8388608 B
2026-02-26 02:52:30.750874 (1910476) main____ INFO      core file size: 0 B
2026-02-26 02:52:30.750887 (1910476) main____ INFO      open files    : 4096
2026-02-26 02:52:30.750898 (1910476) main____ INFO      file size     : unlimited
2026-02-26 02:52:30.750908 (1910476) main____ INFO    ----------------------------------------
2026-02-26 02:52:30.750917 (1910476) main____ INFO    Memory statistics:
2026-02-26 02:52:30.750929 (1910476) main____ INFO      total physical memory  : 98449088 kB
2026-02-26 02:52:30.750940 (1910476) main____ INFO      free physical memory   : 81194552 kB
2026-02-26 02:52:30.750951 (1910476) main____ INFO      committed address space: 3047688 kB
2026-02-26 02:52:30.750961 (1910476) main____ INFO    ----------------------------------------
2026-02-26 02:52:30.752107 (1910476) main____ INFO    Important environment variables:
2026-02-26 02:52:30.752129 (1910476) main____ INFO      CDS_LIC_FILE       : '5280@cadlic0'
2026-02-26 02:52:30.752142 (1910476) main____ INFO      DISPLAY            : 'localhost:12.0'
2026-02-26 02:52:30.752153 (1910476) main____ INFO      JASPER_INSTALL_DIR : '/cad/cadence/jasper_2023.12p001'
2026-02-26 02:52:30.752164 (1910476) main____ INFO      JASPER_KERNEL_CHECK: '1'
2026-02-26 02:52:30.752176 (1910476) main____ INFO      JASPER_OS_CHECK    : '0'
2026-02-26 02:52:30.752188 (1910476) main____ INFO      LANG               : 'zh_TW.UTF-8'
2026-02-26 02:52:30.752197 (1910476) main____ INFO    ----------------------------------------
2026-02-26 02:52:30.753344 (1910476) lic_core INFO    Initializing license system ...
2026-02-26 02:52:30.755134 (1910476) lic_core INFO    ... license system initialized.
2026-02-26 02:52:30.768024 (1910476) lic__man INFO    Claim 'main' for <ui>.
2026-02-26 02:52:30.768068 (1910476) lic_core INFO    (1) checking out 'jasper_interactive' ...
2026-02-26 02:52:30.780530 (1910476) lic_core INFO    ... (1) checkout succeeded
2026-02-26 02:52:30.780585 (1910476) lic__man INFO    Claim 'fpv' for <ui>.
2026-02-26 02:52:30.780606 (1910476) lic_core INFO    (2) checking out 'jasper_fpv' ...
2026-02-26 02:52:30.785001 (1910476) lic_core INFO    ... (2) checkout failed (error: -5) ("FLEXnet ERROR(-5, 0, 0): No such feature exists.")
2026-02-26 02:52:30.785029 (1910476) lic_core INFO    (3) checking out 'jasper_fao' ...
2026-02-26 02:52:30.795800 (1910476) lic_core INFO    ... (3) checkout succeeded
2026-02-26 02:52:30.798139 (1910492) stdio___ INFO    Starting STDIN reader (tty: yes, tty name: '/dev/pts/0')
2026-02-26 02:52:30.798212 (1910476) main____ INFO    Tool inactivity delay is 480000 ms.
2026-02-26 02:52:30.840943 (1910476) session_ INFO    Starting analysis session with session id 'session_0' (launcher: <local>) ...
2026-02-26 02:52:30.842772 (1910476) session_ INFO    Analysis session with session id 'session_0' started (pid: 1910494)
2026-02-26 02:52:31.953125 (1910476) session_ INFO    Analysis session 'session_0' connected to the console (host: 127.0.0.1:41912)
2026-02-26 02:52:36.525871 (1910476) lic__man INFO    Unclaim everything for 'session_0'.
2026-02-26 02:52:36.870869 (1910476) lic__man INFO    Claim 'fpv' for 'session_0'.
2026-02-26 02:52:36.870908 (1910476) lic__man INFO    Claim 'fpv' for 'session_0/prove-0'.
2026-02-26 02:52:39.349282 (1910476) lic__man INFO    Unclaim everything for 'session_0/prove-0'.
2026-02-26 02:52:39.396916 (1910476) main____ INFO    About to exit: request to exit with status 0 received from analysis session 'session_0'
2026-02-26 02:52:39.621401 (1910476) session_ INFO    Analysis session 'session_0' disconnected.
2026-02-26 02:52:39.621542 (1910476) lic__man INFO    Unclaim everything for 'session_0'.
2026-02-26 02:52:39.621739 (1910476) session_ INFO    Process for analysis session 'session_0' has exited with exit status '0'.
2026-02-26 02:52:41.392759 (1910492) stdio___ INFO    STDIN reader requested to stop.
2026-02-26 02:52:41.392819 (1910492) stdio___ INFO    STDIN reader stopped.
2026-02-26 02:52:41.398009 (1910476) lic_core INFO    (1) checkin jasper_interactive
2026-02-26 02:52:41.399841 (1910476) lic_core INFO    (3) checkin jasper_fao
2026-02-26 02:52:41.433702 (1910476) main____ INFO    Exiting with status 0.
