2026-02-27 23:31:40.530893 (486839) main____ INFO    ----------------------------------------
2026-02-27 23:31:40.530954 (486839) main____ INFO    Jasper version info
2026-02-27 23:31:40.530968 (486839) main____ INFO      tool      : Jasper 2023.12
2026-02-27 23:31:40.530982 (486839) main____ INFO      version   : 2023.12p001 64 bits
2026-02-27 23:31:40.530994 (486839) main____ INFO      build date: 2024.01.23 16:09:24 UTC
2026-02-27 23:31:40.531004 (486839) main____ INFO    ----------------------------------------
2026-02-27 23:31:40.531013 (486839) main____ INFO    Runtime info:
2026-02-27 23:31:40.531023 (486839) main____ INFO      platform  : Linux 4.18.0-553.89.1.el8_10.x86_64 x86_64
2026-02-27 23:31:40.531039 (486839) main____ INFO      hostname  : caddy10.stanford.edu
2026-02-27 23:31:40.531066 (486839) main____ INFO      pid       : 486839
2026-02-27 23:31:40.531077 (486839) main____ INFO      arguments : '-style' 'windows' '-allow_unsupported_OS' '-no_gui' '-fpv' './synthlc/i_DIV_out/xPairwiseDepDiv/exclusive_0_.tcl' '-proj' './synthlc/i_DIV_out/xPairwiseDepDiv/exclusive_0_jgsession_26-02-27-23_31_40'
2026-02-27 23:31:40.531092 (486839) main____ INFO      locale    : UTF-8
2026-02-27 23:31:40.531101 (486839) main____ INFO    ----------------------------------------
2026-02-27 23:31:40.531110 (486839) main____ INFO    System resource limits info:
2026-02-27 23:31:40.531122 (486839) main____ INFO      virtual memory: unlimited
2026-02-27 23:31:40.531133 (486839) main____ INFO      cpu time      : unlimited
2026-02-27 23:31:40.531149 (486839) main____ INFO      processes     : 4096
2026-02-27 23:31:40.531166 (486839) main____ INFO      stack size    : 8388608 B
2026-02-27 23:31:40.531179 (486839) main____ INFO      core file size: 0 B
2026-02-27 23:31:40.531192 (486839) main____ INFO      open files    : 4096
2026-02-27 23:31:40.531203 (486839) main____ INFO      file size     : unlimited
2026-02-27 23:31:40.531213 (486839) main____ INFO    ----------------------------------------
2026-02-27 23:31:40.531222 (486839) main____ INFO    Memory statistics:
2026-02-27 23:31:40.531233 (486839) main____ INFO      total physical memory  : 98449096 kB
2026-02-27 23:31:40.531244 (486839) main____ INFO      free physical memory   : 90931740 kB
2026-02-27 23:31:40.531255 (486839) main____ INFO      committed address space: 1311372 kB
2026-02-27 23:31:40.531264 (486839) main____ INFO    ----------------------------------------
2026-02-27 23:31:40.532376 (486839) main____ INFO    Important environment variables:
2026-02-27 23:31:40.532397 (486839) main____ INFO      CDS_LIC_FILE       : '5280@cadlic0'
2026-02-27 23:31:40.532409 (486839) main____ INFO      JASPER_INSTALL_DIR : '/cad/cadence/jasper_2023.12p001'
2026-02-27 23:31:40.532421 (486839) main____ INFO      JASPER_KERNEL_CHECK: '1'
2026-02-27 23:31:40.532432 (486839) main____ INFO      JASPER_OS_CHECK    : '0'
2026-02-27 23:31:40.532444 (486839) main____ INFO      LANG               : 'en_US.UTF-8'
2026-02-27 23:31:40.532453 (486839) main____ INFO    ----------------------------------------
2026-02-27 23:31:40.533631 (486839) lic_core INFO    Initializing license system ...
2026-02-27 23:31:40.535083 (486839) lic_core INFO    ... license system initialized.
2026-02-27 23:31:40.546834 (486839) lic__man INFO    Claim 'main' for <ui>.
2026-02-27 23:31:40.546870 (486839) lic_core INFO    (1) checking out 'jasper_interactive' ...
2026-02-27 23:31:40.559761 (486839) lic_core INFO    ... (1) checkout succeeded
2026-02-27 23:31:40.559813 (486839) lic__man INFO    Claim 'fpv' for <ui>.
2026-02-27 23:31:40.559832 (486839) lic_core INFO    (2) checking out 'jasper_fpv' ...
2026-02-27 23:31:40.564972 (486839) lic_core INFO    ... (2) checkout failed (error: -5) ("FLEXnet ERROR(-5, 0, 0): No such feature exists.")
2026-02-27 23:31:40.564999 (486839) lic_core INFO    (3) checking out 'jasper_fao' ...
2026-02-27 23:31:40.576281 (486839) lic_core INFO    ... (3) checkout succeeded
2026-02-27 23:31:40.577132 (486850) stdio___ INFO    Starting STDIN reader (tty: yes, tty name: '/dev/pts/5')
2026-02-27 23:31:40.577277 (486839) main____ INFO    Tool inactivity delay is 480000 ms.
2026-02-27 23:31:40.621122 (486839) session_ INFO    Starting analysis session with session id 'session_0' (launcher: <local>) ...
2026-02-27 23:31:40.622842 (486839) session_ INFO    Analysis session with session id 'session_0' started (pid: 486851)
2026-02-27 23:31:41.690488 (486839) session_ INFO    Analysis session 'session_0' connected to the console (host: 127.0.0.1:47678)
2026-02-27 23:31:44.676374 (486839) lic__man INFO    Unclaim everything for 'session_0'.
2026-02-27 23:31:44.875574 (486839) lic__man INFO    Claim 'fpv' for 'session_0'.
2026-02-27 23:31:44.875601 (486839) lic__man INFO    Claim 'fpv' for 'session_0/prove-0'.
2026-02-27 23:31:45.850991 (486839) lic__man INFO    Unclaim everything for 'session_0/prove-0'.
2026-02-27 23:31:45.893306 (486839) main____ INFO    About to exit: request to exit with status 0 received from analysis session 'session_0'
2026-02-27 23:31:46.041447 (486839) session_ INFO    Analysis session 'session_0' disconnected.
2026-02-27 23:31:46.041578 (486839) lic__man INFO    Unclaim everything for 'session_0'.
2026-02-27 23:31:46.041847 (486839) session_ INFO    Process for analysis session 'session_0' has exited with exit status '0'.
2026-02-27 23:31:47.881505 (486850) stdio___ INFO    STDIN reader requested to stop.
2026-02-27 23:31:47.881545 (486850) stdio___ INFO    STDIN reader stopped.
2026-02-27 23:31:47.881761 (486839) lic_core INFO    (1) checkin jasper_interactive
2026-02-27 23:31:47.882926 (486839) lic_core INFO    (3) checkin jasper_fao
2026-02-27 23:31:47.884393 (486839) main____ INFO    Exiting with status 0.
