2026-02-26 11:58:55.999568 (2136686) main____ INFO    ----------------------------------------
2026-02-26 11:58:55.999674 (2136686) main____ INFO    Jasper version info
2026-02-26 11:58:55.999690 (2136686) main____ INFO      tool      : Jasper 2023.12
2026-02-26 11:58:55.999705 (2136686) main____ INFO      version   : 2023.12p001 64 bits
2026-02-26 11:58:55.999719 (2136686) main____ INFO      build date: 2024.01.23 16:09:24 UTC
2026-02-26 11:58:55.999728 (2136686) main____ INFO    ----------------------------------------
2026-02-26 11:58:55.999737 (2136686) main____ INFO    Runtime info:
2026-02-26 11:58:55.999748 (2136686) main____ INFO      platform  : Linux 4.18.0-553.89.1.el8_10.x86_64 x86_64
2026-02-26 11:58:55.999767 (2136686) main____ INFO      hostname  : caddy12.stanford.edu
2026-02-26 11:58:55.999782 (2136686) main____ INFO      pid       : 2136686
2026-02-26 11:58:55.999793 (2136686) main____ INFO      arguments : '-style' 'windows' '-allow_unsupported_OS' '-no_gui' '-fpv' './synthlc/i_DIV_out/xPairwiseDepDiv/nunv_anytwo_126_.tcl' '-proj' './synthlc/i_DIV_out/xPairwiseDepDiv/nunv_anytwo_126_jgsession_26-02-26-11_58_55'
2026-02-26 11:58:55.999811 (2136686) main____ INFO      locale    : UTF-8
2026-02-26 11:58:55.999820 (2136686) main____ INFO    ----------------------------------------
2026-02-26 11:58:55.999830 (2136686) main____ INFO    System resource limits info:
2026-02-26 11:58:55.999842 (2136686) main____ INFO      virtual memory: unlimited
2026-02-26 11:58:55.999854 (2136686) main____ INFO      cpu time      : unlimited
2026-02-26 11:58:55.999872 (2136686) main____ INFO      processes     : 4096
2026-02-26 11:58:55.999891 (2136686) main____ INFO      stack size    : 8388608 B
2026-02-26 11:58:55.999905 (2136686) main____ INFO      core file size: 0 B
2026-02-26 11:58:55.999918 (2136686) main____ INFO      open files    : 4096
2026-02-26 11:58:55.999930 (2136686) main____ INFO      file size     : unlimited
2026-02-26 11:58:55.999939 (2136686) main____ INFO    ----------------------------------------
2026-02-26 11:58:55.999949 (2136686) main____ INFO    Memory statistics:
2026-02-26 11:58:55.999961 (2136686) main____ INFO      total physical memory  : 98449088 kB
2026-02-26 11:58:55.999971 (2136686) main____ INFO      free physical memory   : 75309108 kB
2026-02-26 11:58:55.999983 (2136686) main____ INFO      committed address space: 8843404 kB
2026-02-26 11:58:55.999992 (2136686) main____ INFO    ----------------------------------------
2026-02-26 11:58:56.001224 (2136686) main____ INFO    Important environment variables:
2026-02-26 11:58:56.001255 (2136686) main____ INFO      CDS_LIC_FILE       : '5280@cadlic0'
2026-02-26 11:58:56.001270 (2136686) main____ INFO      DISPLAY            : 'localhost:12.0'
2026-02-26 11:58:56.001284 (2136686) main____ INFO      JASPER_INSTALL_DIR : '/cad/cadence/jasper_2023.12p001'
2026-02-26 11:58:56.001296 (2136686) main____ INFO      JASPER_KERNEL_CHECK: '1'
2026-02-26 11:58:56.001308 (2136686) main____ INFO      JASPER_OS_CHECK    : '0'
2026-02-26 11:58:56.001319 (2136686) main____ INFO      LANG               : 'zh_TW.UTF-8'
2026-02-26 11:58:56.001329 (2136686) main____ INFO    ----------------------------------------
2026-02-26 11:58:56.002901 (2136686) lic_core INFO    Initializing license system ...
2026-02-26 11:58:56.027151 (2136686) lic_core INFO    ... license system initialized.
2026-02-26 11:58:56.115790 (2136686) lic__man INFO    Claim 'main' for <ui>.
2026-02-26 11:58:56.115855 (2136686) lic_core INFO    (1) checking out 'jasper_interactive' ...
2026-02-26 11:58:56.131531 (2136686) lic_core INFO    ... (1) checkout succeeded
2026-02-26 11:58:56.131634 (2136686) lic__man INFO    Claim 'fpv' for <ui>.
2026-02-26 11:58:56.131660 (2136686) lic_core INFO    (2) checking out 'jasper_fpv' ...
2026-02-26 11:58:56.161163 (2136686) lic_core INFO    ... (2) checkout failed (error: -5) ("FLEXnet ERROR(-5, 0, 0): No such feature exists.")
2026-02-26 11:58:56.161266 (2136686) lic_core INFO    (3) checking out 'jasper_fao' ...
2026-02-26 11:58:56.185934 (2136686) lic_core INFO    ... (3) checkout succeeded
2026-02-26 11:58:56.187380 (2136702) stdio___ INFO    Starting STDIN reader (tty: yes, tty name: '/dev/pts/0')
2026-02-26 11:58:56.187481 (2136686) main____ INFO    Tool inactivity delay is 480000 ms.
2026-02-26 11:58:56.345892 (2136686) session_ INFO    Starting analysis session with session id 'session_0' (launcher: <local>) ...
2026-02-26 11:58:56.347852 (2136686) session_ INFO    Analysis session with session id 'session_0' started (pid: 2136708)
2026-02-26 11:58:57.706745 (2136686) session_ INFO    Analysis session 'session_0' connected to the console (host: 127.0.0.1:53570)
2026-02-26 11:59:01.989882 (2136686) lic__man INFO    Unclaim everything for 'session_0'.
2026-02-26 11:59:02.260203 (2136686) lic__man INFO    Claim 'fpv' for 'session_0'.
2026-02-26 11:59:02.260249 (2136686) lic__man INFO    Claim 'fpv' for 'session_0/prove-0'.
2026-02-26 12:02:44.260018 (2136686) lic__man INFO    Unclaim everything for 'session_0/prove-0'.
2026-02-26 12:02:44.334870 (2136686) main____ INFO    About to exit: request to exit with status 0 received from analysis session 'session_0'
2026-02-26 12:02:44.778036 (2136686) session_ INFO    Analysis session 'session_0' disconnected.
2026-02-26 12:02:44.778182 (2136686) lic__man INFO    Unclaim everything for 'session_0'.
2026-02-26 12:02:44.778399 (2136686) session_ INFO    Process for analysis session 'session_0' has exited with exit status '0'.
2026-02-26 12:02:46.401758 (2136702) stdio___ INFO    STDIN reader requested to stop.
2026-02-26 12:02:46.401814 (2136702) stdio___ INFO    STDIN reader stopped.
2026-02-26 12:02:46.410505 (2136686) lic_core INFO    (1) checkin jasper_interactive
2026-02-26 12:02:46.417899 (2136686) lic_core INFO    (3) checkin jasper_fao
2026-02-26 12:02:46.435792 (2136686) main____ INFO    Exiting with status 0.
