2026-02-26 03:29:42.805611 (1937043) main____ INFO    ----------------------------------------
2026-02-26 03:29:42.805688 (1937043) main____ INFO    Jasper version info
2026-02-26 03:29:42.805702 (1937043) main____ INFO      tool      : Jasper 2023.12
2026-02-26 03:29:42.805716 (1937043) main____ INFO      version   : 2023.12p001 64 bits
2026-02-26 03:29:42.805728 (1937043) main____ INFO      build date: 2024.01.23 16:09:24 UTC
2026-02-26 03:29:42.805737 (1937043) main____ INFO    ----------------------------------------
2026-02-26 03:29:42.805746 (1937043) main____ INFO    Runtime info:
2026-02-26 03:29:42.805756 (1937043) main____ INFO      platform  : Linux 4.18.0-553.89.1.el8_10.x86_64 x86_64
2026-02-26 03:29:42.805772 (1937043) main____ INFO      hostname  : caddy12.stanford.edu
2026-02-26 03:29:42.805786 (1937043) main____ INFO      pid       : 1937043
2026-02-26 03:29:42.805796 (1937043) main____ INFO      arguments : '-style' 'windows' '-allow_unsupported_OS' '-no_gui' '-fpv' './synthlc/i_MUL_out/xHBPerfG_leaving/HB_LEAVING_1_.tcl' '-proj' './synthlc/i_MUL_out/xHBPerfG_leaving/HB_LEAVING_1_jgsession_26-02-26-03_29_42'
2026-02-26 03:29:42.805811 (1937043) main____ INFO      locale    : UTF-8
2026-02-26 03:29:42.805820 (1937043) main____ INFO    ----------------------------------------
2026-02-26 03:29:42.805829 (1937043) main____ INFO    System resource limits info:
2026-02-26 03:29:42.805840 (1937043) main____ INFO      virtual memory: unlimited
2026-02-26 03:29:42.805852 (1937043) main____ INFO      cpu time      : unlimited
2026-02-26 03:29:42.805867 (1937043) main____ INFO      processes     : 4096
2026-02-26 03:29:42.805885 (1937043) main____ INFO      stack size    : 8388608 B
2026-02-26 03:29:42.805898 (1937043) main____ INFO      core file size: 0 B
2026-02-26 03:29:42.805910 (1937043) main____ INFO      open files    : 4096
2026-02-26 03:29:42.805922 (1937043) main____ INFO      file size     : unlimited
2026-02-26 03:29:42.805931 (1937043) main____ INFO    ----------------------------------------
2026-02-26 03:29:42.805940 (1937043) main____ INFO    Memory statistics:
2026-02-26 03:29:42.805950 (1937043) main____ INFO      total physical memory  : 98449088 kB
2026-02-26 03:29:42.805961 (1937043) main____ INFO      free physical memory   : 81490616 kB
2026-02-26 03:29:42.805971 (1937043) main____ INFO      committed address space: 2155288 kB
2026-02-26 03:29:42.805980 (1937043) main____ INFO    ----------------------------------------
2026-02-26 03:29:42.807136 (1937043) main____ INFO    Important environment variables:
2026-02-26 03:29:42.807156 (1937043) main____ INFO      CDS_LIC_FILE       : '5280@cadlic0'
2026-02-26 03:29:42.807169 (1937043) main____ INFO      DISPLAY            : 'localhost:12.0'
2026-02-26 03:29:42.807180 (1937043) main____ INFO      JASPER_INSTALL_DIR : '/cad/cadence/jasper_2023.12p001'
2026-02-26 03:29:42.807191 (1937043) main____ INFO      JASPER_KERNEL_CHECK: '1'
2026-02-26 03:29:42.807202 (1937043) main____ INFO      JASPER_OS_CHECK    : '0'
2026-02-26 03:29:42.807213 (1937043) main____ INFO      LANG               : 'zh_TW.UTF-8'
2026-02-26 03:29:42.807223 (1937043) main____ INFO    ----------------------------------------
2026-02-26 03:29:42.808377 (1937043) lic_core INFO    Initializing license system ...
2026-02-26 03:29:42.811953 (1937043) lic_core INFO    ... license system initialized.
2026-02-26 03:29:42.825588 (1937043) lic__man INFO    Claim 'main' for <ui>.
2026-02-26 03:29:42.825635 (1937043) lic_core INFO    (1) checking out 'jasper_interactive' ...
2026-02-26 03:29:42.838415 (1937043) lic_core INFO    ... (1) checkout succeeded
2026-02-26 03:29:42.838467 (1937043) lic__man INFO    Claim 'fpv' for <ui>.
2026-02-26 03:29:42.838486 (1937043) lic_core INFO    (2) checking out 'jasper_fpv' ...
2026-02-26 03:29:42.842703 (1937043) lic_core INFO    ... (2) checkout failed (error: -5) ("FLEXnet ERROR(-5, 0, 0): No such feature exists.")
2026-02-26 03:29:42.842732 (1937043) lic_core INFO    (3) checking out 'jasper_fao' ...
2026-02-26 03:29:42.853433 (1937043) lic_core INFO    ... (3) checkout succeeded
2026-02-26 03:29:42.855365 (1937066) stdio___ INFO    Starting STDIN reader (tty: yes, tty name: '/dev/pts/0')
2026-02-26 03:29:42.855489 (1937043) main____ INFO    Tool inactivity delay is 480000 ms.
2026-02-26 03:29:42.982354 (1937043) session_ INFO    Starting analysis session with session id 'session_0' (launcher: <local>) ...
2026-02-26 03:29:42.984122 (1937043) session_ INFO    Analysis session with session id 'session_0' started (pid: 1937077)
2026-02-26 03:29:44.063172 (1937043) session_ INFO    Analysis session 'session_0' connected to the console (host: 127.0.0.1:41124)
2026-02-26 03:29:47.133924 (1937043) lic__man INFO    Unclaim everything for 'session_0'.
2026-02-26 03:29:47.349214 (1937043) lic__man INFO    Claim 'fpv' for 'session_0'.
2026-02-26 03:29:47.349246 (1937043) lic__man INFO    Claim 'fpv' for 'session_0/prove-0'.
2026-02-26 03:29:48.730785 (1937043) lic__man INFO    Unclaim everything for 'session_0/prove-0'.
2026-02-26 03:29:48.772915 (1937043) main____ INFO    About to exit: request to exit with status 0 received from analysis session 'session_0'
2026-02-26 03:29:48.942226 (1937043) session_ INFO    Analysis session 'session_0' disconnected.
2026-02-26 03:29:48.942439 (1937043) lic__man INFO    Unclaim everything for 'session_0'.
2026-02-26 03:29:48.942650 (1937043) session_ INFO    Process for analysis session 'session_0' has exited with exit status '0'.
2026-02-26 03:29:50.880985 (1937066) stdio___ INFO    STDIN reader requested to stop.
2026-02-26 03:29:50.881014 (1937066) stdio___ INFO    STDIN reader stopped.
2026-02-26 03:29:50.881252 (1937043) lic_core INFO    (1) checkin jasper_interactive
2026-02-26 03:29:50.882498 (1937043) lic_core INFO    (3) checkin jasper_fao
2026-02-26 03:29:50.883463 (1937043) main____ INFO    Exiting with status 0.
