2026-02-28 19:40:13.140289 (960077) main____ INFO    ----------------------------------------
2026-02-28 19:40:13.140407 (960077) main____ INFO    Jasper version info
2026-02-28 19:40:13.140424 (960077) main____ INFO      tool      : Jasper 2023.12
2026-02-28 19:40:13.140439 (960077) main____ INFO      version   : 2023.12p001 64 bits
2026-02-28 19:40:13.140452 (960077) main____ INFO      build date: 2024.01.23 16:09:24 UTC
2026-02-28 19:40:13.140462 (960077) main____ INFO    ----------------------------------------
2026-02-28 19:40:13.140471 (960077) main____ INFO    Runtime info:
2026-02-28 19:40:13.140482 (960077) main____ INFO      platform  : Linux 4.18.0-553.89.1.el8_10.x86_64 x86_64
2026-02-28 19:40:13.140501 (960077) main____ INFO      hostname  : caddy15.stanford.edu
2026-02-28 19:40:13.140516 (960077) main____ INFO      pid       : 960077
2026-02-28 19:40:13.140527 (960077) main____ INFO      arguments : '-style' 'windows' '-allow_unsupported_OS' '-no_gui' '-fpv' './synthlc/i_ADDI_out/xHBPerfG_dfg_v3_div/HB_11_.tcl' '-proj' './synthlc/i_ADDI_out/xHBPerfG_dfg_v3_div/HB_11_jgsession_26-02-28-19_40_12'
2026-02-28 19:40:13.140544 (960077) main____ INFO      locale    : UTF-8
2026-02-28 19:40:13.140554 (960077) main____ INFO    ----------------------------------------
2026-02-28 19:40:13.140563 (960077) main____ INFO    System resource limits info:
2026-02-28 19:40:13.140574 (960077) main____ INFO      virtual memory: unlimited
2026-02-28 19:40:13.140587 (960077) main____ INFO      cpu time      : unlimited
2026-02-28 19:40:13.140605 (960077) main____ INFO      processes     : 4096
2026-02-28 19:40:13.140626 (960077) main____ INFO      stack size    : 8388608 B
2026-02-28 19:40:13.140640 (960077) main____ INFO      core file size: 0 B
2026-02-28 19:40:13.140652 (960077) main____ INFO      open files    : 4096
2026-02-28 19:40:13.140664 (960077) main____ INFO      file size     : unlimited
2026-02-28 19:40:13.140674 (960077) main____ INFO    ----------------------------------------
2026-02-28 19:40:13.140683 (960077) main____ INFO    Memory statistics:
2026-02-28 19:40:13.140695 (960077) main____ INFO      total physical memory  : 98449092 kB
2026-02-28 19:40:13.140706 (960077) main____ INFO      free physical memory   : 77911364 kB
2026-02-28 19:40:13.140717 (960077) main____ INFO      committed address space: 4454688 kB
2026-02-28 19:40:13.140726 (960077) main____ INFO    ----------------------------------------
2026-02-28 19:40:13.141918 (960077) main____ INFO    Important environment variables:
2026-02-28 19:40:13.141949 (960077) main____ INFO      CDS_LIC_FILE       : '5280@cadlic0'
2026-02-28 19:40:13.141962 (960077) main____ INFO      JASPER_INSTALL_DIR : '/cad/cadence/jasper_2023.12p001'
2026-02-28 19:40:13.141974 (960077) main____ INFO      JASPER_KERNEL_CHECK: '1'
2026-02-28 19:40:13.141986 (960077) main____ INFO      JASPER_OS_CHECK    : '0'
2026-02-28 19:40:13.141998 (960077) main____ INFO      LANG               : 'en_US.UTF-8'
2026-02-28 19:40:13.142007 (960077) main____ INFO    ----------------------------------------
2026-02-28 19:40:13.143443 (960077) lic_core INFO    Initializing license system ...
2026-02-28 19:40:13.145635 (960077) lic_core INFO    ... license system initialized.
2026-02-28 19:40:13.168949 (960077) lic__man INFO    Claim 'main' for <ui>.
2026-02-28 19:40:13.169014 (960077) lic_core INFO    (1) checking out 'jasper_interactive' ...
2026-02-28 19:40:13.181385 (960077) lic_core INFO    ... (1) checkout succeeded
2026-02-28 19:40:13.181486 (960077) lic__man INFO    Claim 'fpv' for <ui>.
2026-02-28 19:40:13.181514 (960077) lic_core INFO    (2) checking out 'jasper_fpv' ...
2026-02-28 19:40:13.185675 (960077) lic_core INFO    ... (2) checkout failed (error: -5) ("FLEXnet ERROR(-5, 0, 0): No such feature exists.")
2026-02-28 19:40:13.185729 (960077) lic_core INFO    (3) checking out 'jasper_fao' ...
2026-02-28 19:40:13.196625 (960077) lic_core INFO    ... (3) checkout succeeded
2026-02-28 19:40:13.197826 (960111) stdio___ INFO    Starting STDIN reader (tty: yes, tty name: '/dev/pts/0')
2026-02-28 19:40:13.197953 (960077) main____ INFO    Tool inactivity delay is 480000 ms.
2026-02-28 19:40:13.237038 (960077) session_ INFO    Starting analysis session with session id 'session_0' (launcher: <local>) ...
2026-02-28 19:40:13.238796 (960077) session_ INFO    Analysis session with session id 'session_0' started (pid: 960112)
2026-02-28 19:40:14.934767 (960077) session_ INFO    Analysis session 'session_0' connected to the console (host: 127.0.0.1:43348)
2026-02-28 19:40:19.458203 (960077) lic__man INFO    Unclaim everything for 'session_0'.
2026-02-28 19:40:19.662172 (960077) lic__man INFO    Claim 'fpv' for 'session_0'.
2026-02-28 19:40:19.662208 (960077) lic__man INFO    Claim 'fpv' for 'session_0/prove-0'.
2026-02-28 19:40:22.818201 (960077) lic__man INFO    Unclaim everything for 'session_0/prove-0'.
2026-02-28 19:40:22.852591 (960077) main____ INFO    About to exit: request to exit with status 0 received from analysis session 'session_0'
2026-02-28 19:40:23.068663 (960077) session_ INFO    Analysis session 'session_0' disconnected.
2026-02-28 19:40:23.068831 (960077) lic__man INFO    Unclaim everything for 'session_0'.
2026-02-28 19:40:23.069023 (960077) session_ INFO    Process for analysis session 'session_0' has exited with exit status '0'.
2026-02-28 19:40:24.909377 (960111) stdio___ INFO    STDIN reader requested to stop.
2026-02-28 19:40:24.909439 (960111) stdio___ INFO    STDIN reader stopped.
2026-02-28 19:40:24.919593 (960077) lic_core INFO    (1) checkin jasper_interactive
2026-02-28 19:40:24.921504 (960077) lic_core INFO    (3) checkin jasper_fao
2026-02-28 19:40:24.943690 (960077) main____ INFO    Exiting with status 0.
