2026-02-25 15:07:27.725417 (3268143) main____ INFO    ----------------------------------------
2026-02-25 15:07:27.725486 (3268143) main____ INFO    Jasper version info
2026-02-25 15:07:27.725501 (3268143) main____ INFO      tool      : Jasper 2023.12
2026-02-25 15:07:27.725515 (3268143) main____ INFO      version   : 2023.12p001 64 bits
2026-02-25 15:07:27.725528 (3268143) main____ INFO      build date: 2024.01.23 16:09:24 UTC
2026-02-25 15:07:27.725538 (3268143) main____ INFO    ----------------------------------------
2026-02-25 15:07:27.725548 (3268143) main____ INFO    Runtime info:
2026-02-25 15:07:27.725558 (3268143) main____ INFO      platform  : Linux 4.18.0-553.89.1.el8_10.x86_64 x86_64
2026-02-25 15:07:27.725576 (3268143) main____ INFO      hostname  : caddy15.stanford.edu
2026-02-25 15:07:27.725590 (3268143) main____ INFO      pid       : 3268143
2026-02-25 15:07:27.725602 (3268143) main____ INFO      arguments : '-style' 'windows' '-allow_unsupported_OS' '-no_gui' '-fpv' './synthlc/i_DIV_out/xHBPerfG_dfg_v3_div/HB_87_.tcl' '-proj' './synthlc/i_DIV_out/xHBPerfG_dfg_v3_div/HB_87_jgsession_26-02-25-15_07_27'
2026-02-25 15:07:27.725618 (3268143) main____ INFO      locale    : UTF-8
2026-02-25 15:07:27.725628 (3268143) main____ INFO    ----------------------------------------
2026-02-25 15:07:27.725637 (3268143) main____ INFO    System resource limits info:
2026-02-25 15:07:27.725650 (3268143) main____ INFO      virtual memory: unlimited
2026-02-25 15:07:27.725662 (3268143) main____ INFO      cpu time      : unlimited
2026-02-25 15:07:27.725678 (3268143) main____ INFO      processes     : 4096
2026-02-25 15:07:27.725697 (3268143) main____ INFO      stack size    : 8388608 B
2026-02-25 15:07:27.725711 (3268143) main____ INFO      core file size: 0 B
2026-02-25 15:07:27.725724 (3268143) main____ INFO      open files    : 4096
2026-02-25 15:07:27.725736 (3268143) main____ INFO      file size     : unlimited
2026-02-25 15:07:27.725746 (3268143) main____ INFO    ----------------------------------------
2026-02-25 15:07:27.725755 (3268143) main____ INFO    Memory statistics:
2026-02-25 15:07:27.725767 (3268143) main____ INFO      total physical memory  : 98449092 kB
2026-02-25 15:07:27.725778 (3268143) main____ INFO      free physical memory   : 82486820 kB
2026-02-25 15:07:27.725790 (3268143) main____ INFO      committed address space: 1553664 kB
2026-02-25 15:07:27.725799 (3268143) main____ INFO    ----------------------------------------
2026-02-25 15:07:27.726923 (3268143) main____ INFO    Important environment variables:
2026-02-25 15:07:27.726955 (3268143) main____ INFO      CDS_LIC_FILE       : '5280@cadlic0'
2026-02-25 15:07:27.726967 (3268143) main____ INFO      JASPER_INSTALL_DIR : '/cad/cadence/jasper_2023.12p001'
2026-02-25 15:07:27.726979 (3268143) main____ INFO      JASPER_KERNEL_CHECK: '1'
2026-02-25 15:07:27.726992 (3268143) main____ INFO      JASPER_OS_CHECK    : '0'
2026-02-25 15:07:27.727004 (3268143) main____ INFO      LANG               : 'en_US.UTF-8'
2026-02-25 15:07:27.727014 (3268143) main____ INFO    ----------------------------------------
2026-02-25 15:07:27.728129 (3268143) lic_core INFO    Initializing license system ...
2026-02-25 15:07:27.730264 (3268143) lic_core INFO    ... license system initialized.
2026-02-25 15:07:27.740231 (3268143) lic__man INFO    Claim 'main' for <ui>.
2026-02-25 15:07:27.740274 (3268143) lic_core INFO    (1) checking out 'jasper_interactive' ...
2026-02-25 15:07:27.752609 (3268143) lic_core INFO    ... (1) checkout succeeded
2026-02-25 15:07:27.752669 (3268143) lic__man INFO    Claim 'fpv' for <ui>.
2026-02-25 15:07:27.752691 (3268143) lic_core INFO    (2) checking out 'jasper_fpv' ...
2026-02-25 15:07:27.756996 (3268143) lic_core INFO    ... (2) checkout failed (error: -5) ("FLEXnet ERROR(-5, 0, 0): No such feature exists.")
2026-02-25 15:07:27.757028 (3268143) lic_core INFO    (3) checking out 'jasper_fao' ...
2026-02-25 15:07:27.767907 (3268143) lic_core INFO    ... (3) checkout succeeded
2026-02-25 15:07:27.768923 (3268154) stdio___ INFO    Starting STDIN reader (tty: yes, tty name: '/dev/pts/0')
2026-02-25 15:07:27.769041 (3268143) main____ INFO    Tool inactivity delay is 480000 ms.
2026-02-25 15:07:27.807285 (3268143) session_ INFO    Starting analysis session with session id 'session_0' (launcher: <local>) ...
2026-02-25 15:07:27.809141 (3268143) session_ INFO    Analysis session with session id 'session_0' started (pid: 3268155)
2026-02-25 15:07:28.983081 (3268143) session_ INFO    Analysis session 'session_0' connected to the console (host: 127.0.0.1:46090)
2026-02-25 15:07:31.970875 (3268143) lic__man INFO    Unclaim everything for 'session_0'.
2026-02-25 15:07:32.170676 (3268143) lic__man INFO    Claim 'fpv' for 'session_0'.
2026-02-25 15:07:32.170712 (3268143) lic__man INFO    Claim 'fpv' for 'session_0/prove-0'.
2026-02-25 15:07:33.332495 (3268143) lic__man INFO    Unclaim everything for 'session_0/prove-0'.
2026-02-25 15:07:33.374417 (3268143) main____ INFO    About to exit: request to exit with status 0 received from analysis session 'session_0'
2026-02-25 15:07:33.526374 (3268143) session_ INFO    Analysis session 'session_0' disconnected.
2026-02-25 15:07:33.526576 (3268143) lic__man INFO    Unclaim everything for 'session_0'.
2026-02-25 15:07:33.526782 (3268143) session_ INFO    Process for analysis session 'session_0' has exited with exit status '0'.
2026-02-25 15:07:35.403810 (3268154) stdio___ INFO    STDIN reader requested to stop.
2026-02-25 15:07:35.403856 (3268154) stdio___ INFO    STDIN reader stopped.
2026-02-25 15:07:35.404089 (3268143) lic_core INFO    (1) checkin jasper_interactive
2026-02-25 15:07:35.405058 (3268143) lic_core INFO    (3) checkin jasper_fao
2026-02-25 15:07:35.406075 (3268143) main____ INFO    Exiting with status 0.
