2026-03-01 05:54:31.006289 (3991778) main____ INFO    ----------------------------------------
2026-03-01 05:54:31.006385 (3991778) main____ INFO    Jasper version info
2026-03-01 05:54:31.006401 (3991778) main____ INFO      tool      : Jasper 2023.12
2026-03-01 05:54:31.006417 (3991778) main____ INFO      version   : 2023.12p001 64 bits
2026-03-01 05:54:31.006431 (3991778) main____ INFO      build date: 2024.01.23 16:09:24 UTC
2026-03-01 05:54:31.006442 (3991778) main____ INFO    ----------------------------------------
2026-03-01 05:54:31.006452 (3991778) main____ INFO    Runtime info:
2026-03-01 05:54:31.006463 (3991778) main____ INFO      platform  : Linux 4.18.0-553.89.1.el8_10.x86_64 x86_64
2026-03-01 05:54:31.006482 (3991778) main____ INFO      hostname  : caddy12.stanford.edu
2026-03-01 05:54:31.006498 (3991778) main____ INFO      pid       : 3991778
2026-03-01 05:54:31.006509 (3991778) main____ INFO      arguments : '-style' 'windows' '-allow_unsupported_OS' '-no_gui' '-fpv' './synthlc/i_LW_out/xPairwiseDepDiv/exclusive_44_.tcl' '-proj' './synthlc/i_LW_out/xPairwiseDepDiv/exclusive_44_jgsession_26-03-01-05_54_29'
2026-03-01 05:54:31.006530 (3991778) main____ INFO      locale    : UTF-8
2026-03-01 05:54:31.006540 (3991778) main____ INFO    ----------------------------------------
2026-03-01 05:54:31.006551 (3991778) main____ INFO    System resource limits info:
2026-03-01 05:54:31.006566 (3991778) main____ INFO      virtual memory: unlimited
2026-03-01 05:54:31.006579 (3991778) main____ INFO      cpu time      : unlimited
2026-03-01 05:54:31.006597 (3991778) main____ INFO      processes     : 4096
2026-03-01 05:54:31.006618 (3991778) main____ INFO      stack size    : 8388608 B
2026-03-01 05:54:31.006632 (3991778) main____ INFO      core file size: 0 B
2026-03-01 05:54:31.006646 (3991778) main____ INFO      open files    : 4096
2026-03-01 05:54:31.006658 (3991778) main____ INFO      file size     : unlimited
2026-03-01 05:54:31.006685 (3991778) main____ INFO    ----------------------------------------
2026-03-01 05:54:31.006695 (3991778) main____ INFO    Memory statistics:
2026-03-01 05:54:31.006708 (3991778) main____ INFO      total physical memory  : 98449088 kB
2026-03-01 05:54:31.006719 (3991778) main____ INFO      free physical memory   : 81857244 kB
2026-03-01 05:54:31.006732 (3991778) main____ INFO      committed address space: 13942244 kB
2026-03-01 05:54:31.006742 (3991778) main____ INFO    ----------------------------------------
2026-03-01 05:54:31.007961 (3991778) main____ INFO    Important environment variables:
2026-03-01 05:54:31.007992 (3991778) main____ INFO      CDS_LIC_FILE       : '5280@cadlic0'
2026-03-01 05:54:31.008006 (3991778) main____ INFO      DISPLAY            : 'localhost:12.0'
2026-03-01 05:54:31.008018 (3991778) main____ INFO      JASPER_INSTALL_DIR : '/cad/cadence/jasper_2023.12p001'
2026-03-01 05:54:31.008031 (3991778) main____ INFO      JASPER_KERNEL_CHECK: '1'
2026-03-01 05:54:31.008044 (3991778) main____ INFO      JASPER_OS_CHECK    : '0'
2026-03-01 05:54:31.008056 (3991778) main____ INFO      LANG               : 'zh_TW.UTF-8'
2026-03-01 05:54:31.008067 (3991778) main____ INFO    ----------------------------------------
2026-03-01 05:54:31.012179 (3991778) lic_core INFO    Initializing license system ...
2026-03-01 05:54:31.034958 (3991778) lic_core INFO    ... license system initialized.
2026-03-01 05:54:31.218941 (3991778) lic__man INFO    Claim 'main' for <ui>.
2026-03-01 05:54:31.219021 (3991778) lic_core INFO    (1) checking out 'jasper_interactive' ...
2026-03-01 05:54:31.302940 (3991778) lic_core INFO    ... (1) checkout succeeded
2026-03-01 05:54:31.303061 (3991778) lic__man INFO    Claim 'fpv' for <ui>.
2026-03-01 05:54:31.303091 (3991778) lic_core INFO    (2) checking out 'jasper_fpv' ...
2026-03-01 05:54:31.372156 (3991778) lic_core INFO    ... (2) checkout failed (error: -5) ("FLEXnet ERROR(-5, 0, 0): No such feature exists.")
2026-03-01 05:54:31.372279 (3991778) lic_core INFO    (3) checking out 'jasper_fao' ...
2026-03-01 05:54:31.453007 (3991778) lic_core INFO    ... (3) checkout succeeded
2026-03-01 05:54:31.464559 (3991778) main____ INFO    Tool inactivity delay is 480000 ms.
2026-03-01 05:54:31.474923 (3991807) stdio___ INFO    Starting STDIN reader (tty: yes, tty name: '/dev/pts/0')
2026-03-01 05:54:31.767803 (3991778) session_ INFO    Starting analysis session with session id 'session_0' (launcher: <local>) ...
2026-03-01 05:54:31.769847 (3991778) session_ INFO    Analysis session with session id 'session_0' started (pid: 3991815)
2026-03-01 05:54:36.830229 (3991778) session_ INFO    Analysis session 'session_0' connected to the console (host: 127.0.0.1:40894)
2026-03-01 05:54:45.274915 (3991778) lic__man INFO    Unclaim everything for 'session_0'.
2026-03-01 05:54:45.746155 (3991778) lic__man INFO    Claim 'fpv' for 'session_0'.
2026-03-01 05:54:45.746207 (3991778) lic__man INFO    Claim 'fpv' for 'session_0/prove-0'.
2026-03-01 05:55:08.357014 (3991778) lic__man INFO    Unclaim everything for 'session_0/prove-0'.
2026-03-01 05:55:08.422329 (3991778) main____ INFO    About to exit: request to exit with status 0 received from analysis session 'session_0'
2026-03-01 05:55:08.758012 (3991778) session_ INFO    Analysis session 'session_0' disconnected.
2026-03-01 05:55:08.758186 (3991778) lic__man INFO    Unclaim everything for 'session_0'.
2026-03-01 05:55:08.768942 (3991778) session_ INFO    Process for analysis session 'session_0' has exited with exit status '0'.
2026-03-01 05:55:10.417761 (3991807) stdio___ INFO    STDIN reader requested to stop.
2026-03-01 05:55:10.417840 (3991807) stdio___ INFO    STDIN reader stopped.
2026-03-01 05:55:10.420946 (3991778) lic_core INFO    (1) checkin jasper_interactive
2026-03-01 05:55:10.422871 (3991778) lic_core INFO    (3) checkin jasper_fao
2026-03-01 05:55:10.434542 (3991778) main____ INFO    Exiting with status 0.
