2026-02-28 22:57:11.648657 (3763583) main____ INFO    ----------------------------------------
2026-02-28 22:57:11.648742 (3763583) main____ INFO    Jasper version info
2026-02-28 22:57:11.648758 (3763583) main____ INFO      tool      : Jasper 2023.12
2026-02-28 22:57:11.648772 (3763583) main____ INFO      version   : 2023.12p001 64 bits
2026-02-28 22:57:11.648786 (3763583) main____ INFO      build date: 2024.01.23 16:09:24 UTC
2026-02-28 22:57:11.648797 (3763583) main____ INFO    ----------------------------------------
2026-02-28 22:57:11.648807 (3763583) main____ INFO    Runtime info:
2026-02-28 22:57:11.648818 (3763583) main____ INFO      platform  : Linux 4.18.0-553.89.1.el8_10.x86_64 x86_64
2026-02-28 22:57:11.648835 (3763583) main____ INFO      hostname  : caddy12.stanford.edu
2026-02-28 22:57:11.648850 (3763583) main____ INFO      pid       : 3763583
2026-02-28 22:57:11.648861 (3763583) main____ INFO      arguments : '-style' 'windows' '-allow_unsupported_OS' '-no_gui' '-fpv' './synthlc/i_ADDI_out/xHBPerfG_dfg_v3_div/HB_0_.tcl' '-proj' './synthlc/i_ADDI_out/xHBPerfG_dfg_v3_div/HB_0_jgsession_26-02-28-22_57_11'
2026-02-28 22:57:11.648877 (3763583) main____ INFO      locale    : UTF-8
2026-02-28 22:57:11.648888 (3763583) main____ INFO    ----------------------------------------
2026-02-28 22:57:11.648898 (3763583) main____ INFO    System resource limits info:
2026-02-28 22:57:11.648911 (3763583) main____ INFO      virtual memory: unlimited
2026-02-28 22:57:11.648924 (3763583) main____ INFO      cpu time      : unlimited
2026-02-28 22:57:11.648940 (3763583) main____ INFO      processes     : 4096
2026-02-28 22:57:11.648958 (3763583) main____ INFO      stack size    : 8388608 B
2026-02-28 22:57:11.648973 (3763583) main____ INFO      core file size: 0 B
2026-02-28 22:57:11.648986 (3763583) main____ INFO      open files    : 4096
2026-02-28 22:57:11.648998 (3763583) main____ INFO      file size     : unlimited
2026-02-28 22:57:11.649009 (3763583) main____ INFO    ----------------------------------------
2026-02-28 22:57:11.649018 (3763583) main____ INFO    Memory statistics:
2026-02-28 22:57:11.649031 (3763583) main____ INFO      total physical memory  : 98449088 kB
2026-02-28 22:57:11.649042 (3763583) main____ INFO      free physical memory   : 89855992 kB
2026-02-28 22:57:11.649054 (3763583) main____ INFO      committed address space: 3187592 kB
2026-02-28 22:57:11.649064 (3763583) main____ INFO    ----------------------------------------
2026-02-28 22:57:11.650224 (3763583) main____ INFO    Important environment variables:
2026-02-28 22:57:11.650251 (3763583) main____ INFO      CDS_LIC_FILE       : '5280@cadlic0'
2026-02-28 22:57:11.650264 (3763583) main____ INFO      DISPLAY            : 'localhost:12.0'
2026-02-28 22:57:11.650277 (3763583) main____ INFO      JASPER_INSTALL_DIR : '/cad/cadence/jasper_2023.12p001'
2026-02-28 22:57:11.650289 (3763583) main____ INFO      JASPER_KERNEL_CHECK: '1'
2026-02-28 22:57:11.650302 (3763583) main____ INFO      JASPER_OS_CHECK    : '0'
2026-02-28 22:57:11.650314 (3763583) main____ INFO      LANG               : 'zh_TW.UTF-8'
2026-02-28 22:57:11.650324 (3763583) main____ INFO    ----------------------------------------
2026-02-28 22:57:11.651409 (3763583) lic_core INFO    Initializing license system ...
2026-02-28 22:57:11.652945 (3763583) lic_core INFO    ... license system initialized.
2026-02-28 22:57:11.667553 (3763583) lic__man INFO    Claim 'main' for <ui>.
2026-02-28 22:57:11.667615 (3763583) lic_core INFO    (1) checking out 'jasper_interactive' ...
2026-02-28 22:57:11.679784 (3763583) lic_core INFO    ... (1) checkout succeeded
2026-02-28 22:57:11.679851 (3763583) lic__man INFO    Claim 'fpv' for <ui>.
2026-02-28 22:57:11.679875 (3763583) lic_core INFO    (2) checking out 'jasper_fpv' ...
2026-02-28 22:57:11.683915 (3763583) lic_core INFO    ... (2) checkout failed (error: -5) ("FLEXnet ERROR(-5, 0, 0): No such feature exists.")
2026-02-28 22:57:11.683950 (3763583) lic_core INFO    (3) checking out 'jasper_fao' ...
2026-02-28 22:57:11.695025 (3763583) lic_core INFO    ... (3) checkout succeeded
2026-02-28 22:57:11.695946 (3763616) stdio___ INFO    Starting STDIN reader (tty: yes, tty name: '/dev/pts/0')
2026-02-28 22:57:11.696369 (3763583) main____ INFO    Tool inactivity delay is 480000 ms.
2026-02-28 22:57:11.742481 (3763583) session_ INFO    Starting analysis session with session id 'session_0' (launcher: <local>) ...
2026-02-28 22:57:11.744262 (3763583) session_ INFO    Analysis session with session id 'session_0' started (pid: 3763619)
2026-02-28 22:57:12.817422 (3763583) session_ INFO    Analysis session 'session_0' connected to the console (host: 127.0.0.1:59004)
2026-02-28 22:57:15.836244 (3763583) lic__man INFO    Unclaim everything for 'session_0'.
2026-02-28 22:57:16.035205 (3763583) lic__man INFO    Claim 'fpv' for 'session_0'.
2026-02-28 22:57:16.035242 (3763583) lic__man INFO    Claim 'fpv' for 'session_0/prove-0'.
2026-02-28 22:57:19.181038 (3763583) lic__man INFO    Unclaim everything for 'session_0/prove-0'.
2026-02-28 22:57:19.208532 (3763583) main____ INFO    About to exit: request to exit with status 0 received from analysis session 'session_0'
2026-02-28 22:57:19.610699 (3763583) session_ INFO    Analysis session 'session_0' disconnected.
2026-02-28 22:57:19.610859 (3763583) lic__man INFO    Unclaim everything for 'session_0'.
2026-02-28 22:57:19.612867 (3763583) session_ INFO    Process for analysis session 'session_0' has exited with exit status '0'.
2026-02-28 22:57:21.316321 (3763616) stdio___ INFO    STDIN reader requested to stop.
2026-02-28 22:57:21.316367 (3763616) stdio___ INFO    STDIN reader stopped.
2026-02-28 22:57:21.316596 (3763583) lic_core INFO    (1) checkin jasper_interactive
2026-02-28 22:57:21.317387 (3763583) lic_core INFO    (3) checkin jasper_fao
2026-02-28 22:57:21.319389 (3763583) main____ INFO    Exiting with status 0.
