2026-03-01 08:18:47.372233 (4162385) main____ INFO    ----------------------------------------
2026-03-01 08:18:47.372333 (4162385) main____ INFO    Jasper version info
2026-03-01 08:18:47.372352 (4162385) main____ INFO      tool      : Jasper 2023.12
2026-03-01 08:18:47.372379 (4162385) main____ INFO      version   : 2023.12p001 64 bits
2026-03-01 08:18:47.372396 (4162385) main____ INFO      build date: 2024.01.23 16:09:24 UTC
2026-03-01 08:18:47.372409 (4162385) main____ INFO    ----------------------------------------
2026-03-01 08:18:47.372421 (4162385) main____ INFO    Runtime info:
2026-03-01 08:18:47.372434 (4162385) main____ INFO      platform  : Linux 4.18.0-553.89.1.el8_10.x86_64 x86_64
2026-03-01 08:18:47.372456 (4162385) main____ INFO      hostname  : caddy12.stanford.edu
2026-03-01 08:18:47.372475 (4162385) main____ INFO      pid       : 4162385
2026-03-01 08:18:47.372488 (4162385) main____ INFO      arguments : '-style' 'windows' '-allow_unsupported_OS' '-no_gui' '-fpv' './synthlc/i_LW_out/xPerfLocSubsetDiv/coverset_151_.tcl' '-proj' './synthlc/i_LW_out/xPerfLocSubsetDiv/coverset_151_jgsession_26-03-01-08_18_46'
2026-03-01 08:18:47.372509 (4162385) main____ INFO      locale    : UTF-8
2026-03-01 08:18:47.372522 (4162385) main____ INFO    ----------------------------------------
2026-03-01 08:18:47.372533 (4162385) main____ INFO    System resource limits info:
2026-03-01 08:18:47.372549 (4162385) main____ INFO      virtual memory: unlimited
2026-03-01 08:18:47.372564 (4162385) main____ INFO      cpu time      : unlimited
2026-03-01 08:18:47.372585 (4162385) main____ INFO      processes     : 4096
2026-03-01 08:18:47.372609 (4162385) main____ INFO      stack size    : 8388608 B
2026-03-01 08:18:47.372627 (4162385) main____ INFO      core file size: 0 B
2026-03-01 08:18:47.372642 (4162385) main____ INFO      open files    : 4096
2026-03-01 08:18:47.372657 (4162385) main____ INFO      file size     : unlimited
2026-03-01 08:18:47.372685 (4162385) main____ INFO    ----------------------------------------
2026-03-01 08:18:47.372696 (4162385) main____ INFO    Memory statistics:
2026-03-01 08:18:47.372711 (4162385) main____ INFO      total physical memory  : 98449088 kB
2026-03-01 08:18:47.372725 (4162385) main____ INFO      free physical memory   : 84014768 kB
2026-03-01 08:18:47.372740 (4162385) main____ INFO      committed address space: 10676724 kB
2026-03-01 08:18:47.372752 (4162385) main____ INFO    ----------------------------------------
2026-03-01 08:18:47.374136 (4162385) main____ INFO    Important environment variables:
2026-03-01 08:18:47.374166 (4162385) main____ INFO      CDS_LIC_FILE       : '5280@cadlic0'
2026-03-01 08:18:47.374182 (4162385) main____ INFO      DISPLAY            : 'localhost:12.0'
2026-03-01 08:18:47.374197 (4162385) main____ INFO      JASPER_INSTALL_DIR : '/cad/cadence/jasper_2023.12p001'
2026-03-01 08:18:47.374212 (4162385) main____ INFO      JASPER_KERNEL_CHECK: '1'
2026-03-01 08:18:47.374227 (4162385) main____ INFO      JASPER_OS_CHECK    : '0'
2026-03-01 08:18:47.374242 (4162385) main____ INFO      LANG               : 'zh_TW.UTF-8'
2026-03-01 08:18:47.374254 (4162385) main____ INFO    ----------------------------------------
2026-03-01 08:18:47.375842 (4162385) lic_core INFO    Initializing license system ...
2026-03-01 08:18:47.400096 (4162385) lic_core INFO    ... license system initialized.
2026-03-01 08:18:47.573017 (4162385) lic__man INFO    Claim 'main' for <ui>.
2026-03-01 08:18:47.573113 (4162385) lic_core INFO    (1) checking out 'jasper_interactive' ...
2026-03-01 08:18:47.636282 (4162385) lic_core INFO    ... (1) checkout succeeded
2026-03-01 08:18:47.636400 (4162385) lic__man INFO    Claim 'fpv' for <ui>.
2026-03-01 08:18:47.636430 (4162385) lic_core INFO    (2) checking out 'jasper_fpv' ...
2026-03-01 08:18:47.674322 (4162385) lic_core INFO    ... (2) checkout failed (error: -5) ("FLEXnet ERROR(-5, 0, 0): No such feature exists.")
2026-03-01 08:18:47.674399 (4162385) lic_core INFO    (3) checking out 'jasper_fao' ...
2026-03-01 08:18:47.736197 (4162385) lic_core INFO    ... (3) checkout succeeded
2026-03-01 08:18:47.748632 (4162385) main____ INFO    Tool inactivity delay is 480000 ms.
2026-03-01 08:18:47.756904 (4162444) stdio___ INFO    Starting STDIN reader (tty: yes, tty name: '/dev/pts/0')
2026-03-01 08:18:48.089525 (4162385) session_ INFO    Starting analysis session with session id 'session_0' (launcher: <local>) ...
2026-03-01 08:18:48.091572 (4162385) session_ INFO    Analysis session with session id 'session_0' started (pid: 4162445)
2026-03-01 08:18:50.227069 (4162385) session_ INFO    Analysis session 'session_0' connected to the console (host: 127.0.0.1:38826)
2026-03-01 08:18:53.323811 (4162385) lic__man INFO    Unclaim everything for 'session_0'.
2026-03-01 08:18:53.529144 (4162385) lic__man INFO    Claim 'fpv' for 'session_0'.
2026-03-01 08:18:53.529182 (4162385) lic__man INFO    Claim 'fpv' for 'session_0/prove-0'.
2026-03-01 08:18:56.135140 (4162385) lic__man INFO    Unclaim everything for 'session_0/prove-0'.
2026-03-01 08:18:56.180786 (4162385) main____ INFO    About to exit: request to exit with status 0 received from analysis session 'session_0'
2026-03-01 08:18:56.318328 (4162385) session_ INFO    Analysis session 'session_0' disconnected.
2026-03-01 08:18:56.318534 (4162385) lic__man INFO    Unclaim everything for 'session_0'.
2026-03-01 08:18:56.318741 (4162385) session_ INFO    Process for analysis session 'session_0' has exited with exit status '0'.
2026-03-01 08:18:58.287909 (4162444) stdio___ INFO    STDIN reader requested to stop.
2026-03-01 08:18:58.287950 (4162444) stdio___ INFO    STDIN reader stopped.
2026-03-01 08:18:58.288186 (4162385) lic_core INFO    (1) checkin jasper_interactive
2026-03-01 08:18:58.289126 (4162385) lic_core INFO    (3) checkin jasper_fao
2026-03-01 08:18:58.290026 (4162385) main____ INFO    Exiting with status 0.
