2026-02-28 23:58:28.893379 (3804772) main____ INFO    ----------------------------------------
2026-02-28 23:58:28.893446 (3804772) main____ INFO    Jasper version info
2026-02-28 23:58:28.893462 (3804772) main____ INFO      tool      : Jasper 2023.12
2026-02-28 23:58:28.893477 (3804772) main____ INFO      version   : 2023.12p001 64 bits
2026-02-28 23:58:28.893491 (3804772) main____ INFO      build date: 2024.01.23 16:09:24 UTC
2026-02-28 23:58:28.893502 (3804772) main____ INFO    ----------------------------------------
2026-02-28 23:58:28.893512 (3804772) main____ INFO    Runtime info:
2026-02-28 23:58:28.893524 (3804772) main____ INFO      platform  : Linux 4.18.0-553.89.1.el8_10.x86_64 x86_64
2026-02-28 23:58:28.893541 (3804772) main____ INFO      hostname  : caddy12.stanford.edu
2026-02-28 23:58:28.893556 (3804772) main____ INFO      pid       : 3804772
2026-02-28 23:58:28.893567 (3804772) main____ INFO      arguments : '-style' 'windows' '-allow_unsupported_OS' '-no_gui' '-fpv' './synthlc/i_ADDI_out/xHBPerfG_dfg_v3_div/WHB_19_.tcl' '-proj' './synthlc/i_ADDI_out/xHBPerfG_dfg_v3_div/WHB_19_jgsession_26-02-28-23_58_28'
2026-02-28 23:58:28.893583 (3804772) main____ INFO      locale    : UTF-8
2026-02-28 23:58:28.893594 (3804772) main____ INFO    ----------------------------------------
2026-02-28 23:58:28.893604 (3804772) main____ INFO    System resource limits info:
2026-02-28 23:58:28.893617 (3804772) main____ INFO      virtual memory: unlimited
2026-02-28 23:58:28.893631 (3804772) main____ INFO      cpu time      : unlimited
2026-02-28 23:58:28.893647 (3804772) main____ INFO      processes     : 4096
2026-02-28 23:58:28.893666 (3804772) main____ INFO      stack size    : 8388608 B
2026-02-28 23:58:28.893700 (3804772) main____ INFO      core file size: 0 B
2026-02-28 23:58:28.893715 (3804772) main____ INFO      open files    : 4096
2026-02-28 23:58:28.893727 (3804772) main____ INFO      file size     : unlimited
2026-02-28 23:58:28.893738 (3804772) main____ INFO    ----------------------------------------
2026-02-28 23:58:28.893748 (3804772) main____ INFO    Memory statistics:
2026-02-28 23:58:28.893761 (3804772) main____ INFO      total physical memory  : 98449088 kB
2026-02-28 23:58:28.893773 (3804772) main____ INFO      free physical memory   : 89766808 kB
2026-02-28 23:58:28.893785 (3804772) main____ INFO      committed address space: 3211592 kB
2026-02-28 23:58:28.893795 (3804772) main____ INFO    ----------------------------------------
2026-02-28 23:58:28.894998 (3804772) main____ INFO    Important environment variables:
2026-02-28 23:58:28.895034 (3804772) main____ INFO      CDS_LIC_FILE       : '5280@cadlic0'
2026-02-28 23:58:28.895049 (3804772) main____ INFO      DISPLAY            : 'localhost:12.0'
2026-02-28 23:58:28.895062 (3804772) main____ INFO      JASPER_INSTALL_DIR : '/cad/cadence/jasper_2023.12p001'
2026-02-28 23:58:28.895074 (3804772) main____ INFO      JASPER_KERNEL_CHECK: '1'
2026-02-28 23:58:28.895087 (3804772) main____ INFO      JASPER_OS_CHECK    : '0'
2026-02-28 23:58:28.895100 (3804772) main____ INFO      LANG               : 'zh_TW.UTF-8'
2026-02-28 23:58:28.895110 (3804772) main____ INFO    ----------------------------------------
2026-02-28 23:58:28.896314 (3804772) lic_core INFO    Initializing license system ...
2026-02-28 23:58:28.897845 (3804772) lic_core INFO    ... license system initialized.
2026-02-28 23:58:28.911228 (3804772) lic__man INFO    Claim 'main' for <ui>.
2026-02-28 23:58:28.911281 (3804772) lic_core INFO    (1) checking out 'jasper_interactive' ...
2026-02-28 23:58:28.924097 (3804772) lic_core INFO    ... (1) checkout succeeded
2026-02-28 23:58:28.924167 (3804772) lic__man INFO    Claim 'fpv' for <ui>.
2026-02-28 23:58:28.924191 (3804772) lic_core INFO    (2) checking out 'jasper_fpv' ...
2026-02-28 23:58:28.928155 (3804772) lic_core INFO    ... (2) checkout failed (error: -5) ("FLEXnet ERROR(-5, 0, 0): No such feature exists.")
2026-02-28 23:58:28.928198 (3804772) lic_core INFO    (3) checking out 'jasper_fao' ...
2026-02-28 23:58:28.938585 (3804772) lic_core INFO    ... (3) checkout succeeded
2026-02-28 23:58:28.940834 (3804807) stdio___ INFO    Starting STDIN reader (tty: yes, tty name: '/dev/pts/0')
2026-02-28 23:58:28.940968 (3804772) main____ INFO    Tool inactivity delay is 480000 ms.
2026-02-28 23:58:28.980366 (3804772) session_ INFO    Starting analysis session with session id 'session_0' (launcher: <local>) ...
2026-02-28 23:58:28.982190 (3804772) session_ INFO    Analysis session with session id 'session_0' started (pid: 3804810)
2026-02-28 23:58:30.085472 (3804772) session_ INFO    Analysis session 'session_0' connected to the console (host: 127.0.0.1:56376)
2026-02-28 23:58:33.157270 (3804772) lic__man INFO    Unclaim everything for 'session_0'.
2026-02-28 23:58:33.355593 (3804772) lic__man INFO    Claim 'fpv' for 'session_0'.
2026-02-28 23:58:33.355630 (3804772) lic__man INFO    Claim 'fpv' for 'session_0/prove-0'.
2026-02-28 23:58:34.634582 (3804772) lic__man INFO    Unclaim everything for 'session_0/prove-0'.
2026-02-28 23:58:34.684915 (3804772) main____ INFO    About to exit: request to exit with status 0 received from analysis session 'session_0'
2026-02-28 23:58:35.034883 (3804772) session_ INFO    Analysis session 'session_0' disconnected.
2026-02-28 23:58:35.035045 (3804772) lic__man INFO    Unclaim everything for 'session_0'.
2026-02-28 23:58:35.037213 (3804772) session_ INFO    Process for analysis session 'session_0' has exited with exit status '0'.
2026-02-28 23:58:36.809756 (3804807) stdio___ INFO    STDIN reader requested to stop.
2026-02-28 23:58:36.809824 (3804807) stdio___ INFO    STDIN reader stopped.
2026-02-28 23:58:36.810926 (3804772) lic_core INFO    (1) checkin jasper_interactive
2026-02-28 23:58:36.812833 (3804772) lic_core INFO    (3) checkin jasper_fao
2026-02-28 23:58:36.835825 (3804772) main____ INFO    Exiting with status 0.
