2026-02-25 17:08:11.320710 (3355984) main____ INFO    ----------------------------------------
2026-02-25 17:08:11.320802 (3355984) main____ INFO    Jasper version info
2026-02-25 17:08:11.320818 (3355984) main____ INFO      tool      : Jasper 2023.12
2026-02-25 17:08:11.320833 (3355984) main____ INFO      version   : 2023.12p001 64 bits
2026-02-25 17:08:11.320847 (3355984) main____ INFO      build date: 2024.01.23 16:09:24 UTC
2026-02-25 17:08:11.320858 (3355984) main____ INFO    ----------------------------------------
2026-02-25 17:08:11.320867 (3355984) main____ INFO    Runtime info:
2026-02-25 17:08:11.320879 (3355984) main____ INFO      platform  : Linux 4.18.0-553.89.1.el8_10.x86_64 x86_64
2026-02-25 17:08:11.320898 (3355984) main____ INFO      hostname  : caddy15.stanford.edu
2026-02-25 17:08:11.320914 (3355984) main____ INFO      pid       : 3355984
2026-02-25 17:08:11.320925 (3355984) main____ INFO      arguments : '-style' 'windows' '-allow_unsupported_OS' '-no_gui' '-fpv' './synthlc/i_DIV_out/xPerfLocCycleCount/cycle_count_div_fsm_s14_.tcl' '-proj' './synthlc/i_DIV_out/xPerfLocCycleCount/cycle_count_div_fsm_s14_jgsession_26-02-25-17_08_11'
2026-02-25 17:08:11.320942 (3355984) main____ INFO      locale    : UTF-8
2026-02-25 17:08:11.320953 (3355984) main____ INFO    ----------------------------------------
2026-02-25 17:08:11.320962 (3355984) main____ INFO    System resource limits info:
2026-02-25 17:08:11.320975 (3355984) main____ INFO      virtual memory: unlimited
2026-02-25 17:08:11.320987 (3355984) main____ INFO      cpu time      : unlimited
2026-02-25 17:08:11.321006 (3355984) main____ INFO      processes     : 4096
2026-02-25 17:08:11.321027 (3355984) main____ INFO      stack size    : 8388608 B
2026-02-25 17:08:11.321042 (3355984) main____ INFO      core file size: 0 B
2026-02-25 17:08:11.321056 (3355984) main____ INFO      open files    : 4096
2026-02-25 17:08:11.321068 (3355984) main____ INFO      file size     : unlimited
2026-02-25 17:08:11.321078 (3355984) main____ INFO    ----------------------------------------
2026-02-25 17:08:11.321087 (3355984) main____ INFO    Memory statistics:
2026-02-25 17:08:11.321099 (3355984) main____ INFO      total physical memory  : 98449092 kB
2026-02-25 17:08:11.321110 (3355984) main____ INFO      free physical memory   : 75914552 kB
2026-02-25 17:08:11.321123 (3355984) main____ INFO      committed address space: 7668276 kB
2026-02-25 17:08:11.321133 (3355984) main____ INFO    ----------------------------------------
2026-02-25 17:08:11.322293 (3355984) main____ INFO    Important environment variables:
2026-02-25 17:08:11.322349 (3355984) main____ INFO      CDS_LIC_FILE       : '5280@cadlic0'
2026-02-25 17:08:11.322362 (3355984) main____ INFO      JASPER_INSTALL_DIR : '/cad/cadence/jasper_2023.12p001'
2026-02-25 17:08:11.322375 (3355984) main____ INFO      JASPER_KERNEL_CHECK: '1'
2026-02-25 17:08:11.322388 (3355984) main____ INFO      JASPER_OS_CHECK    : '0'
2026-02-25 17:08:11.322400 (3355984) main____ INFO      LANG               : 'en_US.UTF-8'
2026-02-25 17:08:11.322411 (3355984) main____ INFO    ----------------------------------------
2026-02-25 17:08:11.323528 (3355984) lic_core INFO    Initializing license system ...
2026-02-25 17:08:11.326940 (3355984) lic_core INFO    ... license system initialized.
2026-02-25 17:08:11.338076 (3355984) lic__man INFO    Claim 'main' for <ui>.
2026-02-25 17:08:11.338143 (3355984) lic_core INFO    (1) checking out 'jasper_interactive' ...
2026-02-25 17:08:11.351726 (3355984) lic_core INFO    ... (1) checkout succeeded
2026-02-25 17:08:11.351836 (3355984) lic__man INFO    Claim 'fpv' for <ui>.
2026-02-25 17:08:11.351866 (3355984) lic_core INFO    (2) checking out 'jasper_fpv' ...
2026-02-25 17:08:11.356408 (3355984) lic_core INFO    ... (2) checkout failed (error: -5) ("FLEXnet ERROR(-5, 0, 0): No such feature exists.")
2026-02-25 17:08:11.356451 (3355984) lic_core INFO    (3) checking out 'jasper_fao' ...
2026-02-25 17:08:11.367861 (3355984) lic_core INFO    ... (3) checkout succeeded
2026-02-25 17:08:11.371584 (3355995) stdio___ INFO    Starting STDIN reader (tty: yes, tty name: '/dev/pts/0')
2026-02-25 17:08:11.371709 (3355984) main____ INFO    Tool inactivity delay is 480000 ms.
2026-02-25 17:08:11.412629 (3355984) session_ INFO    Starting analysis session with session id 'session_0' (launcher: <local>) ...
2026-02-25 17:08:11.414575 (3355984) session_ INFO    Analysis session with session id 'session_0' started (pid: 3355996)
2026-02-25 17:08:12.625813 (3355984) session_ INFO    Analysis session 'session_0' connected to the console (host: 127.0.0.1:59002)
2026-02-25 17:08:15.983812 (3355984) lic__man INFO    Unclaim everything for 'session_0'.
2026-02-25 17:08:16.209923 (3355984) lic__man INFO    Claim 'fpv' for 'session_0'.
2026-02-25 17:08:16.209966 (3355984) lic__man INFO    Claim 'fpv' for 'session_0/prove-0'.
2026-02-25 17:08:17.238902 (3355984) lic__man INFO    Unclaim everything for 'session_0/prove-0'.
2026-02-25 17:08:17.254416 (3355984) lic__man INFO    Claim 'fpv' for 'session_0'.
2026-02-25 17:08:17.254453 (3355984) lic__man INFO    Claim 'fpv' for 'session_0/prove-1'.
2026-02-25 17:08:18.172880 (3355984) lic__man INFO    Unclaim everything for 'session_0/prove-1'.
2026-02-25 17:08:18.173404 (3355984) lic__man INFO    Claim 'fpv' for 'session_0'.
2026-02-25 17:08:18.173430 (3355984) lic__man INFO    Claim 'fpv' for 'session_0/prove-2'.
2026-02-25 17:08:19.166835 (3355984) lic__man INFO    Unclaim everything for 'session_0/prove-2'.
2026-02-25 17:08:19.177177 (3355984) lic__man INFO    Claim 'fpv' for 'session_0'.
2026-02-25 17:08:19.177219 (3355984) lic__man INFO    Claim 'fpv' for 'session_0/prove-3'.
2026-02-25 17:08:20.054372 (3355984) lic__man INFO    Unclaim everything for 'session_0/prove-3'.
2026-02-25 17:08:20.063022 (3355984) lic__man INFO    Claim 'fpv' for 'session_0'.
2026-02-25 17:08:20.063058 (3355984) lic__man INFO    Claim 'fpv' for 'session_0/prove-4'.
2026-02-25 17:08:20.951384 (3355984) lic__man INFO    Unclaim everything for 'session_0/prove-4'.
2026-02-25 17:08:20.961600 (3355984) lic__man INFO    Claim 'fpv' for 'session_0'.
2026-02-25 17:08:20.961637 (3355984) lic__man INFO    Claim 'fpv' for 'session_0/prove-5'.
2026-02-25 17:08:21.914973 (3355984) lic__man INFO    Unclaim everything for 'session_0/prove-5'.
2026-02-25 17:08:21.969524 (3355984) main____ INFO    About to exit: request to exit with status 0 received from analysis session 'session_0'
2026-02-25 17:08:22.123577 (3355984) session_ INFO    Analysis session 'session_0' disconnected.
2026-02-25 17:08:22.123727 (3355984) lic__man INFO    Unclaim everything for 'session_0'.
2026-02-25 17:08:22.124011 (3355984) session_ INFO    Process for analysis session 'session_0' has exited with exit status '0'.
2026-02-25 17:08:23.904003 (3355995) stdio___ INFO    STDIN reader requested to stop.
2026-02-25 17:08:23.904065 (3355995) stdio___ INFO    STDIN reader stopped.
2026-02-25 17:08:23.904421 (3355984) lic_core INFO    (1) checkin jasper_interactive
2026-02-25 17:08:23.905625 (3355984) lic_core INFO    (3) checkin jasper_fao
2026-02-25 17:08:23.907428 (3355984) main____ INFO    Exiting with status 0.
