2026-02-25 14:54:11.516898 (3256130) main____ INFO    ----------------------------------------
2026-02-25 14:54:11.516994 (3256130) main____ INFO    Jasper version info
2026-02-25 14:54:11.517012 (3256130) main____ INFO      tool      : Jasper 2023.12
2026-02-25 14:54:11.517030 (3256130) main____ INFO      version   : 2023.12p001 64 bits
2026-02-25 14:54:11.517045 (3256130) main____ INFO      build date: 2024.01.23 16:09:24 UTC
2026-02-25 14:54:11.517057 (3256130) main____ INFO    ----------------------------------------
2026-02-25 14:54:11.517067 (3256130) main____ INFO    Runtime info:
2026-02-25 14:54:11.517080 (3256130) main____ INFO      platform  : Linux 4.18.0-553.89.1.el8_10.x86_64 x86_64
2026-02-25 14:54:11.517101 (3256130) main____ INFO      hostname  : caddy15.stanford.edu
2026-02-25 14:54:11.517119 (3256130) main____ INFO      pid       : 3256130
2026-02-25 14:54:11.517133 (3256130) main____ INFO      arguments : '-style' 'windows' '-allow_unsupported_OS' '-no_gui' '-fpv' './synthlc/i_DIV_out/xHBPerfG_dfg_v3_div/HB_339_.tcl' '-proj' './synthlc/i_DIV_out/xHBPerfG_dfg_v3_div/HB_339_jgsession_26-02-25-14_54_11'
2026-02-25 14:54:11.517152 (3256130) main____ INFO      locale    : UTF-8
2026-02-25 14:54:11.517164 (3256130) main____ INFO    ----------------------------------------
2026-02-25 14:54:11.517174 (3256130) main____ INFO    System resource limits info:
2026-02-25 14:54:11.517189 (3256130) main____ INFO      virtual memory: unlimited
2026-02-25 14:54:11.517204 (3256130) main____ INFO      cpu time      : unlimited
2026-02-25 14:54:11.517225 (3256130) main____ INFO      processes     : 4096
2026-02-25 14:54:11.517249 (3256130) main____ INFO      stack size    : 8388608 B
2026-02-25 14:54:11.517265 (3256130) main____ INFO      core file size: 0 B
2026-02-25 14:54:11.517280 (3256130) main____ INFO      open files    : 4096
2026-02-25 14:54:11.517294 (3256130) main____ INFO      file size     : unlimited
2026-02-25 14:54:11.517324 (3256130) main____ INFO    ----------------------------------------
2026-02-25 14:54:11.517334 (3256130) main____ INFO    Memory statistics:
2026-02-25 14:54:11.517348 (3256130) main____ INFO      total physical memory  : 98449092 kB
2026-02-25 14:54:11.517361 (3256130) main____ INFO      free physical memory   : 76597120 kB
2026-02-25 14:54:11.517374 (3256130) main____ INFO      committed address space: 8730312 kB
2026-02-25 14:54:11.517385 (3256130) main____ INFO    ----------------------------------------
2026-02-25 14:54:11.518728 (3256130) main____ INFO    Important environment variables:
2026-02-25 14:54:11.518764 (3256130) main____ INFO      CDS_LIC_FILE       : '5280@cadlic0'
2026-02-25 14:54:11.518779 (3256130) main____ INFO      JASPER_INSTALL_DIR : '/cad/cadence/jasper_2023.12p001'
2026-02-25 14:54:11.518793 (3256130) main____ INFO      JASPER_KERNEL_CHECK: '1'
2026-02-25 14:54:11.518807 (3256130) main____ INFO      JASPER_OS_CHECK    : '0'
2026-02-25 14:54:11.518821 (3256130) main____ INFO      LANG               : 'en_US.UTF-8'
2026-02-25 14:54:11.518833 (3256130) main____ INFO    ----------------------------------------
2026-02-25 14:54:11.527499 (3256130) lic_core INFO    Initializing license system ...
2026-02-25 14:54:11.529215 (3256130) lic_core INFO    ... license system initialized.
2026-02-25 14:54:11.538954 (3256130) lic__man INFO    Claim 'main' for <ui>.
2026-02-25 14:54:11.539022 (3256130) lic_core INFO    (1) checking out 'jasper_interactive' ...
2026-02-25 14:54:11.554406 (3256130) lic_core INFO    ... (1) checkout succeeded
2026-02-25 14:54:11.554516 (3256130) lic__man INFO    Claim 'fpv' for <ui>.
2026-02-25 14:54:11.554549 (3256130) lic_core INFO    (2) checking out 'jasper_fpv' ...
2026-02-25 14:54:11.559370 (3256130) lic_core INFO    ... (2) checkout failed (error: -5) ("FLEXnet ERROR(-5, 0, 0): No such feature exists.")
2026-02-25 14:54:11.559423 (3256130) lic_core INFO    (3) checking out 'jasper_fao' ...
2026-02-25 14:54:11.572011 (3256130) lic_core INFO    ... (3) checkout succeeded
2026-02-25 14:54:11.574252 (3256130) main____ INFO    Tool inactivity delay is 480000 ms.
2026-02-25 14:54:11.576812 (3256156) stdio___ INFO    Starting STDIN reader (tty: yes, tty name: '/dev/pts/0')
2026-02-25 14:54:11.693451 (3256130) session_ INFO    Starting analysis session with session id 'session_0' (launcher: <local>) ...
2026-02-25 14:54:11.695491 (3256130) session_ INFO    Analysis session with session id 'session_0' started (pid: 3256158)
2026-02-25 14:54:13.290068 (3256130) session_ INFO    Analysis session 'session_0' connected to the console (host: 127.0.0.1:42666)
2026-02-25 14:54:16.372341 (3256130) lic__man INFO    Unclaim everything for 'session_0'.
2026-02-25 14:54:16.668171 (3256130) lic__man INFO    Claim 'fpv' for 'session_0'.
2026-02-25 14:54:16.668208 (3256130) lic__man INFO    Claim 'fpv' for 'session_0/prove-0'.
2026-02-25 14:54:24.303817 (3256130) lic__man INFO    Unclaim everything for 'session_0/prove-0'.
2026-02-25 14:54:24.346498 (3256130) main____ INFO    About to exit: request to exit with status 0 received from analysis session 'session_0'
2026-02-25 14:54:24.501725 (3256130) session_ INFO    Analysis session 'session_0' disconnected.
2026-02-25 14:54:24.501855 (3256130) lic__man INFO    Unclaim everything for 'session_0'.
2026-02-25 14:54:24.502128 (3256130) session_ INFO    Process for analysis session 'session_0' has exited with exit status '0'.
2026-02-25 14:54:26.403909 (3256156) stdio___ INFO    STDIN reader requested to stop.
2026-02-25 14:54:26.403944 (3256156) stdio___ INFO    STDIN reader stopped.
2026-02-25 14:54:26.404174 (3256130) lic_core INFO    (1) checkin jasper_interactive
2026-02-25 14:54:26.405260 (3256130) lic_core INFO    (3) checkin jasper_fao
2026-02-25 14:54:26.406239 (3256130) main____ INFO    Exiting with status 0.
