2026-03-02 01:43:02.171513 (463040) main____ INFO    ----------------------------------------
2026-03-02 01:43:02.171595 (463040) main____ INFO    Jasper version info
2026-03-02 01:43:02.171611 (463040) main____ INFO      tool      : Jasper 2023.12
2026-03-02 01:43:02.171627 (463040) main____ INFO      version   : 2023.12p001 64 bits
2026-03-02 01:43:02.171641 (463040) main____ INFO      build date: 2024.01.23 16:09:24 UTC
2026-03-02 01:43:02.171651 (463040) main____ INFO    ----------------------------------------
2026-03-02 01:43:02.171677 (463040) main____ INFO    Runtime info:
2026-03-02 01:43:02.171690 (463040) main____ INFO      platform  : Linux 4.18.0-553.89.1.el8_10.x86_64 x86_64
2026-03-02 01:43:02.171710 (463040) main____ INFO      hostname  : caddy12.stanford.edu
2026-03-02 01:43:02.171726 (463040) main____ INFO      pid       : 463040
2026-03-02 01:43:02.171737 (463040) main____ INFO      arguments : '-style' 'windows' '-allow_unsupported_OS' '-no_gui' '-fpv' './synthlc/i_MUL_out/xHBPerfG_dfg_v3_div/HB_274_.tcl' '-proj' './synthlc/i_MUL_out/xHBPerfG_dfg_v3_div/HB_274_jgsession_26-03-02-01_43_01'
2026-03-02 01:43:02.171755 (463040) main____ INFO      locale    : UTF-8
2026-03-02 01:43:02.171765 (463040) main____ INFO    ----------------------------------------
2026-03-02 01:43:02.171775 (463040) main____ INFO    System resource limits info:
2026-03-02 01:43:02.171788 (463040) main____ INFO      virtual memory: unlimited
2026-03-02 01:43:02.171801 (463040) main____ INFO      cpu time      : unlimited
2026-03-02 01:43:02.171819 (463040) main____ INFO      processes     : 4096
2026-03-02 01:43:02.171840 (463040) main____ INFO      stack size    : 8388608 B
2026-03-02 01:43:02.171855 (463040) main____ INFO      core file size: 0 B
2026-03-02 01:43:02.171869 (463040) main____ INFO      open files    : 4096
2026-03-02 01:43:02.171889 (463040) main____ INFO      file size     : unlimited
2026-03-02 01:43:02.171900 (463040) main____ INFO    ----------------------------------------
2026-03-02 01:43:02.171909 (463040) main____ INFO    Memory statistics:
2026-03-02 01:43:02.171921 (463040) main____ INFO      total physical memory  : 98449088 kB
2026-03-02 01:43:02.171933 (463040) main____ INFO      free physical memory   : 82810028 kB
2026-03-02 01:43:02.171945 (463040) main____ INFO      committed address space: 12934564 kB
2026-03-02 01:43:02.171955 (463040) main____ INFO    ----------------------------------------
2026-03-02 01:43:02.173148 (463040) main____ INFO    Important environment variables:
2026-03-02 01:43:02.173175 (463040) main____ INFO      CDS_LIC_FILE       : '5280@cadlic0'
2026-03-02 01:43:02.173189 (463040) main____ INFO      DISPLAY            : 'localhost:12.0'
2026-03-02 01:43:02.173201 (463040) main____ INFO      JASPER_INSTALL_DIR : '/cad/cadence/jasper_2023.12p001'
2026-03-02 01:43:02.173213 (463040) main____ INFO      JASPER_KERNEL_CHECK: '1'
2026-03-02 01:43:02.173226 (463040) main____ INFO      JASPER_OS_CHECK    : '0'
2026-03-02 01:43:02.173238 (463040) main____ INFO      LANG               : 'zh_TW.UTF-8'
2026-03-02 01:43:02.173249 (463040) main____ INFO    ----------------------------------------
2026-03-02 01:43:02.174910 (463040) lic_core INFO    Initializing license system ...
2026-03-02 01:43:02.180077 (463040) lic_core INFO    ... license system initialized.
2026-03-02 01:43:02.296950 (463040) lic__man INFO    Claim 'main' for <ui>.
2026-03-02 01:43:02.297031 (463040) lic_core INFO    (1) checking out 'jasper_interactive' ...
2026-03-02 01:43:02.354229 (463040) lic_core INFO    ... (1) checkout succeeded
2026-03-02 01:43:02.354363 (463040) lic__man INFO    Claim 'fpv' for <ui>.
2026-03-02 01:43:02.354393 (463040) lic_core INFO    (2) checking out 'jasper_fpv' ...
2026-03-02 01:43:02.387118 (463040) lic_core INFO    ... (2) checkout failed (error: -5) ("FLEXnet ERROR(-5, 0, 0): No such feature exists.")
2026-03-02 01:43:02.387178 (463040) lic_core INFO    (3) checking out 'jasper_fao' ...
2026-03-02 01:43:02.398283 (463040) lic_core INFO    ... (3) checkout succeeded
2026-03-02 01:43:02.404619 (463040) main____ INFO    Tool inactivity delay is 480000 ms.
2026-03-02 01:43:02.414921 (463063) stdio___ INFO    Starting STDIN reader (tty: yes, tty name: '/dev/pts/0')
2026-03-02 01:43:02.682001 (463040) session_ INFO    Starting analysis session with session id 'session_0' (launcher: <local>) ...
2026-03-02 01:43:02.684019 (463040) session_ INFO    Analysis session with session id 'session_0' started (pid: 463076)
2026-03-02 01:43:04.557251 (463040) session_ INFO    Analysis session 'session_0' connected to the console (host: 127.0.0.1:58064)
2026-03-02 01:43:08.700499 (463040) lic__man INFO    Unclaim everything for 'session_0'.
2026-03-02 01:43:08.999987 (463040) lic__man INFO    Claim 'fpv' for 'session_0'.
2026-03-02 01:43:09.000041 (463040) lic__man INFO    Claim 'fpv' for 'session_0/prove-0'.
2026-03-02 01:43:22.273570 (463040) lic__man INFO    Unclaim everything for 'session_0/prove-0'.
2026-03-02 01:43:22.327968 (463040) main____ INFO    About to exit: request to exit with status 0 received from analysis session 'session_0'
2026-03-02 01:43:22.745907 (463040) session_ INFO    Analysis session 'session_0' disconnected.
2026-03-02 01:43:22.746078 (463040) lic__man INFO    Unclaim everything for 'session_0'.
2026-03-02 01:43:22.757874 (463040) session_ INFO    Process for analysis session 'session_0' has exited with exit status '0'.
2026-03-02 01:43:24.395517 (463063) stdio___ INFO    STDIN reader requested to stop.
2026-03-02 01:43:24.395584 (463063) stdio___ INFO    STDIN reader stopped.
2026-03-02 01:43:24.396228 (463040) lic_core INFO    (1) checkin jasper_interactive
2026-03-02 01:43:24.411449 (463040) lic_core INFO    (3) checkin jasper_fao
2026-03-02 01:43:24.439967 (463040) main____ INFO    Exiting with status 0.
