2026-02-26 03:39:23.329864 (3694958) main____ INFO    ----------------------------------------
2026-02-26 03:39:23.329967 (3694958) main____ INFO    Jasper version info
2026-02-26 03:39:23.329984 (3694958) main____ INFO      tool      : Jasper 2023.12
2026-02-26 03:39:23.330000 (3694958) main____ INFO      version   : 2023.12p001 64 bits
2026-02-26 03:39:23.330014 (3694958) main____ INFO      build date: 2024.01.23 16:09:24 UTC
2026-02-26 03:39:23.330024 (3694958) main____ INFO    ----------------------------------------
2026-02-26 03:39:23.330033 (3694958) main____ INFO    Runtime info:
2026-02-26 03:39:23.330044 (3694958) main____ INFO      platform  : Linux 4.18.0-553.89.1.el8_10.x86_64 x86_64
2026-02-26 03:39:23.330063 (3694958) main____ INFO      hostname  : caddy15.stanford.edu
2026-02-26 03:39:23.330078 (3694958) main____ INFO      pid       : 3694958
2026-02-26 03:39:23.330089 (3694958) main____ INFO      arguments : '-style' 'windows' '-allow_unsupported_OS' '-no_gui' '-fpv' './synthlc/i_ADDI_out/xPairwiseDepDiv/exclusive_170_.tcl' '-proj' './synthlc/i_ADDI_out/xPairwiseDepDiv/exclusive_170_jgsession_26-02-26-03_39_22'
2026-02-26 03:39:23.330106 (3694958) main____ INFO      locale    : UTF-8
2026-02-26 03:39:23.330116 (3694958) main____ INFO    ----------------------------------------
2026-02-26 03:39:23.330125 (3694958) main____ INFO    System resource limits info:
2026-02-26 03:39:23.330137 (3694958) main____ INFO      virtual memory: unlimited
2026-02-26 03:39:23.330150 (3694958) main____ INFO      cpu time      : unlimited
2026-02-26 03:39:23.330169 (3694958) main____ INFO      processes     : 4096
2026-02-26 03:39:23.330190 (3694958) main____ INFO      stack size    : 8388608 B
2026-02-26 03:39:23.330204 (3694958) main____ INFO      core file size: 0 B
2026-02-26 03:39:23.330217 (3694958) main____ INFO      open files    : 4096
2026-02-26 03:39:23.330229 (3694958) main____ INFO      file size     : unlimited
2026-02-26 03:39:23.330239 (3694958) main____ INFO    ----------------------------------------
2026-02-26 03:39:23.330248 (3694958) main____ INFO    Memory statistics:
2026-02-26 03:39:23.330260 (3694958) main____ INFO      total physical memory  : 98449092 kB
2026-02-26 03:39:23.330271 (3694958) main____ INFO      free physical memory   : 76754188 kB
2026-02-26 03:39:23.330283 (3694958) main____ INFO      committed address space: 6707608 kB
2026-02-26 03:39:23.330292 (3694958) main____ INFO    ----------------------------------------
2026-02-26 03:39:23.331492 (3694958) main____ INFO    Important environment variables:
2026-02-26 03:39:23.331518 (3694958) main____ INFO      CDS_LIC_FILE       : '5280@cadlic0'
2026-02-26 03:39:23.331530 (3694958) main____ INFO      JASPER_INSTALL_DIR : '/cad/cadence/jasper_2023.12p001'
2026-02-26 03:39:23.331542 (3694958) main____ INFO      JASPER_KERNEL_CHECK: '1'
2026-02-26 03:39:23.331554 (3694958) main____ INFO      JASPER_OS_CHECK    : '0'
2026-02-26 03:39:23.331566 (3694958) main____ INFO      LANG               : 'en_US.UTF-8'
2026-02-26 03:39:23.331576 (3694958) main____ INFO    ----------------------------------------
2026-02-26 03:39:23.343467 (3694958) lic_core INFO    Initializing license system ...
2026-02-26 03:39:23.357689 (3694958) lic_core INFO    ... license system initialized.
2026-02-26 03:39:23.473796 (3694958) lic__man INFO    Claim 'main' for <ui>.
2026-02-26 03:39:23.473871 (3694958) lic_core INFO    (1) checking out 'jasper_interactive' ...
2026-02-26 03:39:23.544870 (3694958) lic_core INFO    ... (1) checkout succeeded
2026-02-26 03:39:23.544972 (3694958) lic__man INFO    Claim 'fpv' for <ui>.
2026-02-26 03:39:23.545000 (3694958) lic_core INFO    (2) checking out 'jasper_fpv' ...
2026-02-26 03:39:23.596335 (3694958) lic_core INFO    ... (2) checkout failed (error: -5) ("FLEXnet ERROR(-5, 0, 0): No such feature exists.")
2026-02-26 03:39:23.596392 (3694958) lic_core INFO    (3) checking out 'jasper_fao' ...
2026-02-26 03:39:23.607961 (3694958) lic_core INFO    ... (3) checkout succeeded
2026-02-26 03:39:23.610728 (3694958) main____ INFO    Tool inactivity delay is 480000 ms.
2026-02-26 03:39:23.620561 (3695111) stdio___ INFO    Starting STDIN reader (tty: yes, tty name: '/dev/pts/0')
2026-02-26 03:39:23.657387 (3694958) session_ INFO    Starting analysis session with session id 'session_0' (launcher: <local>) ...
2026-02-26 03:39:23.659483 (3694958) session_ INFO    Analysis session with session id 'session_0' started (pid: 3695115)
2026-02-26 03:39:25.146842 (3694958) session_ INFO    Analysis session 'session_0' connected to the console (host: 127.0.0.1:58384)
2026-02-26 03:39:29.302383 (3694958) lic__man INFO    Unclaim everything for 'session_0'.
2026-02-26 03:39:29.697909 (3694958) lic__man INFO    Claim 'fpv' for 'session_0'.
2026-02-26 03:39:29.697955 (3694958) lic__man INFO    Claim 'fpv' for 'session_0/prove-0'.
2026-02-26 03:39:32.701640 (3694958) lic__man INFO    Unclaim everything for 'session_0/prove-0'.
2026-02-26 03:39:32.751636 (3694958) main____ INFO    About to exit: request to exit with status 0 received from analysis session 'session_0'
2026-02-26 03:39:33.027697 (3694958) session_ INFO    Analysis session 'session_0' disconnected.
2026-02-26 03:39:33.027835 (3694958) lic__man INFO    Unclaim everything for 'session_0'.
2026-02-26 03:39:33.028039 (3694958) session_ INFO    Process for analysis session 'session_0' has exited with exit status '0'.
2026-02-26 03:39:34.868589 (3695111) stdio___ INFO    STDIN reader requested to stop.
2026-02-26 03:39:34.868643 (3695111) stdio___ INFO    STDIN reader stopped.
2026-02-26 03:39:34.868977 (3694958) lic_core INFO    (1) checkin jasper_interactive
2026-02-26 03:39:34.880226 (3694958) lic_core INFO    (3) checkin jasper_fao
2026-02-26 03:39:34.891487 (3694958) main____ INFO    Exiting with status 0.
