2026-02-25 17:36:22.095631 (3377829) main____ INFO    ----------------------------------------
2026-02-25 17:36:22.095730 (3377829) main____ INFO    Jasper version info
2026-02-25 17:36:22.095746 (3377829) main____ INFO      tool      : Jasper 2023.12
2026-02-25 17:36:22.095762 (3377829) main____ INFO      version   : 2023.12p001 64 bits
2026-02-25 17:36:22.095776 (3377829) main____ INFO      build date: 2024.01.23 16:09:24 UTC
2026-02-25 17:36:22.095786 (3377829) main____ INFO    ----------------------------------------
2026-02-25 17:36:22.095795 (3377829) main____ INFO    Runtime info:
2026-02-25 17:36:22.095806 (3377829) main____ INFO      platform  : Linux 4.18.0-553.89.1.el8_10.x86_64 x86_64
2026-02-25 17:36:22.095825 (3377829) main____ INFO      hostname  : caddy15.stanford.edu
2026-02-25 17:36:22.095841 (3377829) main____ INFO      pid       : 3377829
2026-02-25 17:36:22.095852 (3377829) main____ INFO      arguments : '-style' 'windows' '-allow_unsupported_OS' '-no_gui' '-fpv' './synthlc/i_DIV_out/xPerfLocCycleCount/over1cyc_26_mult_fsm_s5_.tcl' '-proj' './synthlc/i_DIV_out/xPerfLocCycleCount/over1cyc_26_mult_fsm_s5_jgsession_26-02-25-17_36_21'
2026-02-25 17:36:22.095869 (3377829) main____ INFO      locale    : UTF-8
2026-02-25 17:36:22.095879 (3377829) main____ INFO    ----------------------------------------
2026-02-25 17:36:22.095889 (3377829) main____ INFO    System resource limits info:
2026-02-25 17:36:22.095901 (3377829) main____ INFO      virtual memory: unlimited
2026-02-25 17:36:22.095914 (3377829) main____ INFO      cpu time      : unlimited
2026-02-25 17:36:22.095932 (3377829) main____ INFO      processes     : 4096
2026-02-25 17:36:22.095953 (3377829) main____ INFO      stack size    : 8388608 B
2026-02-25 17:36:22.095967 (3377829) main____ INFO      core file size: 0 B
2026-02-25 17:36:22.095981 (3377829) main____ INFO      open files    : 4096
2026-02-25 17:36:22.095993 (3377829) main____ INFO      file size     : unlimited
2026-02-25 17:36:22.096003 (3377829) main____ INFO    ----------------------------------------
2026-02-25 17:36:22.096012 (3377829) main____ INFO    Memory statistics:
2026-02-25 17:36:22.096025 (3377829) main____ INFO      total physical memory  : 98449092 kB
2026-02-25 17:36:22.096037 (3377829) main____ INFO      free physical memory   : 77356928 kB
2026-02-25 17:36:22.096048 (3377829) main____ INFO      committed address space: 6637160 kB
2026-02-25 17:36:22.096058 (3377829) main____ INFO    ----------------------------------------
2026-02-25 17:36:22.097240 (3377829) main____ INFO    Important environment variables:
2026-02-25 17:36:22.097269 (3377829) main____ INFO      CDS_LIC_FILE       : '5280@cadlic0'
2026-02-25 17:36:22.097282 (3377829) main____ INFO      JASPER_INSTALL_DIR : '/cad/cadence/jasper_2023.12p001'
2026-02-25 17:36:22.097319 (3377829) main____ INFO      JASPER_KERNEL_CHECK: '1'
2026-02-25 17:36:22.097335 (3377829) main____ INFO      JASPER_OS_CHECK    : '0'
2026-02-25 17:36:22.097349 (3377829) main____ INFO      LANG               : 'en_US.UTF-8'
2026-02-25 17:36:22.097360 (3377829) main____ INFO    ----------------------------------------
2026-02-25 17:36:22.100485 (3377829) lic_core INFO    Initializing license system ...
2026-02-25 17:36:22.114716 (3377829) lic_core INFO    ... license system initialized.
2026-02-25 17:36:22.236637 (3377829) lic__man INFO    Claim 'main' for <ui>.
2026-02-25 17:36:22.236708 (3377829) lic_core INFO    (1) checking out 'jasper_interactive' ...
2026-02-25 17:36:22.302829 (3377829) lic_core INFO    ... (1) checkout succeeded
2026-02-25 17:36:22.302945 (3377829) lic__man INFO    Claim 'fpv' for <ui>.
2026-02-25 17:36:22.302975 (3377829) lic_core INFO    (2) checking out 'jasper_fpv' ...
2026-02-25 17:36:22.372831 (3377829) lic_core INFO    ... (2) checkout failed (error: -5) ("FLEXnet ERROR(-5, 0, 0): No such feature exists.")
2026-02-25 17:36:22.372927 (3377829) lic_core INFO    (3) checking out 'jasper_fao' ...
2026-02-25 17:36:22.460916 (3377829) lic_core INFO    ... (3) checkout succeeded
2026-02-25 17:36:22.492434 (3377829) main____ INFO    Tool inactivity delay is 480000 ms.
2026-02-25 17:36:22.501543 (3377850) stdio___ INFO    Starting STDIN reader (tty: yes, tty name: '/dev/pts/0')
2026-02-25 17:36:22.758182 (3377829) session_ INFO    Starting analysis session with session id 'session_0' (launcher: <local>) ...
2026-02-25 17:36:22.760271 (3377829) session_ INFO    Analysis session with session id 'session_0' started (pid: 3377852)
2026-02-25 17:36:24.607775 (3377829) session_ INFO    Analysis session 'session_0' connected to the console (host: 127.0.0.1:55050)
2026-02-25 17:36:34.918096 (3377829) lic__man INFO    Unclaim everything for 'session_0'.
2026-02-25 17:36:35.541882 (3377829) lic__man INFO    Claim 'fpv' for 'session_0'.
2026-02-25 17:36:35.541930 (3377829) lic__man INFO    Claim 'fpv' for 'session_0/prove-0'.
2026-02-25 17:36:39.073825 (3377829) lic__man INFO    Unclaim everything for 'session_0/prove-0'.
2026-02-25 17:36:39.160601 (3377829) main____ INFO    About to exit: request to exit with status 0 received from analysis session 'session_0'
2026-02-25 17:36:39.652678 (3377829) session_ INFO    Analysis session 'session_0' disconnected.
2026-02-25 17:36:39.652838 (3377829) lic__man INFO    Unclaim everything for 'session_0'.
2026-02-25 17:36:39.653037 (3377829) session_ INFO    Process for analysis session 'session_0' has exited with exit status '0'.
2026-02-25 17:36:41.267837 (3377850) stdio___ INFO    STDIN reader requested to stop.
2026-02-25 17:36:41.267889 (3377850) stdio___ INFO    STDIN reader stopped.
2026-02-25 17:36:41.268196 (3377829) lic_core INFO    (1) checkin jasper_interactive
2026-02-25 17:36:41.269444 (3377829) lic_core INFO    (3) checkin jasper_fao
2026-02-25 17:36:41.271068 (3377829) main____ INFO    Exiting with status 0.
