2026-02-26 08:40:12.150227 (3931070) main____ INFO    ----------------------------------------
2026-02-26 08:40:12.150317 (3931070) main____ INFO    Jasper version info
2026-02-26 08:40:12.150333 (3931070) main____ INFO      tool      : Jasper 2023.12
2026-02-26 08:40:12.150348 (3931070) main____ INFO      version   : 2023.12p001 64 bits
2026-02-26 08:40:12.150361 (3931070) main____ INFO      build date: 2024.01.23 16:09:24 UTC
2026-02-26 08:40:12.150371 (3931070) main____ INFO    ----------------------------------------
2026-02-26 08:40:12.150380 (3931070) main____ INFO    Runtime info:
2026-02-26 08:40:12.150391 (3931070) main____ INFO      platform  : Linux 4.18.0-553.89.1.el8_10.x86_64 x86_64
2026-02-26 08:40:12.150409 (3931070) main____ INFO      hostname  : caddy15.stanford.edu
2026-02-26 08:40:12.150425 (3931070) main____ INFO      pid       : 3931070
2026-02-26 08:40:12.150438 (3931070) main____ INFO      arguments : '-style' 'windows' '-allow_unsupported_OS' '-no_gui' '-fpv' './synthlc/i_ADDI_out/xHBPerfG_dfg_v3_div/WHB_330_.tcl' '-proj' './synthlc/i_ADDI_out/xHBPerfG_dfg_v3_div/WHB_330_jgsession_26-02-26-08_40_11'
2026-02-26 08:40:12.150454 (3931070) main____ INFO      locale    : UTF-8
2026-02-26 08:40:12.150464 (3931070) main____ INFO    ----------------------------------------
2026-02-26 08:40:12.150473 (3931070) main____ INFO    System resource limits info:
2026-02-26 08:40:12.150485 (3931070) main____ INFO      virtual memory: unlimited
2026-02-26 08:40:12.150497 (3931070) main____ INFO      cpu time      : unlimited
2026-02-26 08:40:12.150515 (3931070) main____ INFO      processes     : 4096
2026-02-26 08:40:12.150533 (3931070) main____ INFO      stack size    : 8388608 B
2026-02-26 08:40:12.150548 (3931070) main____ INFO      core file size: 0 B
2026-02-26 08:40:12.150561 (3931070) main____ INFO      open files    : 4096
2026-02-26 08:40:12.150573 (3931070) main____ INFO      file size     : unlimited
2026-02-26 08:40:12.150582 (3931070) main____ INFO    ----------------------------------------
2026-02-26 08:40:12.150592 (3931070) main____ INFO    Memory statistics:
2026-02-26 08:40:12.150604 (3931070) main____ INFO      total physical memory  : 98449092 kB
2026-02-26 08:40:12.150615 (3931070) main____ INFO      free physical memory   : 80052884 kB
2026-02-26 08:40:12.150626 (3931070) main____ INFO      committed address space: 1860608 kB
2026-02-26 08:40:12.150636 (3931070) main____ INFO    ----------------------------------------
2026-02-26 08:40:12.151785 (3931070) main____ INFO    Important environment variables:
2026-02-26 08:40:12.151809 (3931070) main____ INFO      CDS_LIC_FILE       : '5280@cadlic0'
2026-02-26 08:40:12.151822 (3931070) main____ INFO      JASPER_INSTALL_DIR : '/cad/cadence/jasper_2023.12p001'
2026-02-26 08:40:12.151834 (3931070) main____ INFO      JASPER_KERNEL_CHECK: '1'
2026-02-26 08:40:12.151847 (3931070) main____ INFO      JASPER_OS_CHECK    : '0'
2026-02-26 08:40:12.151858 (3931070) main____ INFO      LANG               : 'en_US.UTF-8'
2026-02-26 08:40:12.151869 (3931070) main____ INFO    ----------------------------------------
2026-02-26 08:40:12.153046 (3931070) lic_core INFO    Initializing license system ...
2026-02-26 08:40:12.155097 (3931070) lic_core INFO    ... license system initialized.
2026-02-26 08:40:12.166495 (3931070) lic__man INFO    Claim 'main' for <ui>.
2026-02-26 08:40:12.166542 (3931070) lic_core INFO    (1) checking out 'jasper_interactive' ...
2026-02-26 08:40:12.179287 (3931070) lic_core INFO    ... (1) checkout succeeded
2026-02-26 08:40:12.179360 (3931070) lic__man INFO    Claim 'fpv' for <ui>.
2026-02-26 08:40:12.179383 (3931070) lic_core INFO    (2) checking out 'jasper_fpv' ...
2026-02-26 08:40:12.182944 (3931070) lic_core INFO    ... (2) checkout failed (error: -5) ("FLEXnet ERROR(-5, 0, 0): No such feature exists.")
2026-02-26 08:40:12.182975 (3931070) lic_core INFO    (3) checking out 'jasper_fao' ...
2026-02-26 08:40:12.194019 (3931070) lic_core INFO    ... (3) checkout succeeded
2026-02-26 08:40:12.195006 (3931082) stdio___ INFO    Starting STDIN reader (tty: yes, tty name: '/dev/pts/0')
2026-02-26 08:40:12.195162 (3931070) main____ INFO    Tool inactivity delay is 480000 ms.
2026-02-26 08:40:12.237226 (3931070) session_ INFO    Starting analysis session with session id 'session_0' (launcher: <local>) ...
2026-02-26 08:40:12.238956 (3931070) session_ INFO    Analysis session with session id 'session_0' started (pid: 3931083)
2026-02-26 08:40:13.338075 (3931070) session_ INFO    Analysis session 'session_0' connected to the console (host: 127.0.0.1:57766)
2026-02-26 08:40:16.329892 (3931070) lic__man INFO    Unclaim everything for 'session_0'.
2026-02-26 08:40:16.527714 (3931070) lic__man INFO    Claim 'fpv' for 'session_0'.
2026-02-26 08:40:16.527753 (3931070) lic__man INFO    Claim 'fpv' for 'session_0/prove-0'.
2026-02-26 08:40:23.677132 (3931070) lic__man INFO    Unclaim everything for 'session_0/prove-0'.
2026-02-26 08:40:23.720466 (3931070) main____ INFO    About to exit: request to exit with status 0 received from analysis session 'session_0'
2026-02-26 08:40:23.866656 (3931070) session_ INFO    Analysis session 'session_0' disconnected.
2026-02-26 08:40:23.866856 (3931070) lic__man INFO    Unclaim everything for 'session_0'.
2026-02-26 08:40:23.867054 (3931070) session_ INFO    Process for analysis session 'session_0' has exited with exit status '0'.
2026-02-26 08:40:25.827821 (3931082) stdio___ INFO    STDIN reader requested to stop.
2026-02-26 08:40:25.827867 (3931082) stdio___ INFO    STDIN reader stopped.
2026-02-26 08:40:25.828100 (3931070) lic_core INFO    (1) checkin jasper_interactive
2026-02-26 08:40:25.829335 (3931070) lic_core INFO    (3) checkin jasper_fao
2026-02-26 08:40:25.830991 (3931070) main____ INFO    Exiting with status 0.
