2026-02-26 11:52:01.371131 (2123359) main____ INFO    ----------------------------------------
2026-02-26 11:52:01.371236 (2123359) main____ INFO    Jasper version info
2026-02-26 11:52:01.371253 (2123359) main____ INFO      tool      : Jasper 2023.12
2026-02-26 11:52:01.371268 (2123359) main____ INFO      version   : 2023.12p001 64 bits
2026-02-26 11:52:01.371281 (2123359) main____ INFO      build date: 2024.01.23 16:09:24 UTC
2026-02-26 11:52:01.371291 (2123359) main____ INFO    ----------------------------------------
2026-02-26 11:52:01.371300 (2123359) main____ INFO    Runtime info:
2026-02-26 11:52:01.371311 (2123359) main____ INFO      platform  : Linux 4.18.0-553.89.1.el8_10.x86_64 x86_64
2026-02-26 11:52:01.371331 (2123359) main____ INFO      hostname  : caddy12.stanford.edu
2026-02-26 11:52:01.371346 (2123359) main____ INFO      pid       : 2123359
2026-02-26 11:52:01.371357 (2123359) main____ INFO      arguments : '-style' 'windows' '-allow_unsupported_OS' '-no_gui' '-fpv' './synthlc/i_DIV_out/xPairwiseDepDiv/exclusive_102_.tcl' '-proj' './synthlc/i_DIV_out/xPairwiseDepDiv/exclusive_102_jgsession_26-02-26-11_52_01'
2026-02-26 11:52:01.371375 (2123359) main____ INFO      locale    : UTF-8
2026-02-26 11:52:01.371385 (2123359) main____ INFO    ----------------------------------------
2026-02-26 11:52:01.371394 (2123359) main____ INFO    System resource limits info:
2026-02-26 11:52:01.371406 (2123359) main____ INFO      virtual memory: unlimited
2026-02-26 11:52:01.371418 (2123359) main____ INFO      cpu time      : unlimited
2026-02-26 11:52:01.371435 (2123359) main____ INFO      processes     : 4096
2026-02-26 11:52:01.371455 (2123359) main____ INFO      stack size    : 8388608 B
2026-02-26 11:52:01.371469 (2123359) main____ INFO      core file size: 0 B
2026-02-26 11:52:01.371482 (2123359) main____ INFO      open files    : 4096
2026-02-26 11:52:01.371494 (2123359) main____ INFO      file size     : unlimited
2026-02-26 11:52:01.371503 (2123359) main____ INFO    ----------------------------------------
2026-02-26 11:52:01.371513 (2123359) main____ INFO    Memory statistics:
2026-02-26 11:52:01.371524 (2123359) main____ INFO      total physical memory  : 98449088 kB
2026-02-26 11:52:01.371535 (2123359) main____ INFO      free physical memory   : 73840728 kB
2026-02-26 11:52:01.371547 (2123359) main____ INFO      committed address space: 10227360 kB
2026-02-26 11:52:01.371556 (2123359) main____ INFO    ----------------------------------------
2026-02-26 11:52:01.372764 (2123359) main____ INFO    Important environment variables:
2026-02-26 11:52:01.372789 (2123359) main____ INFO      CDS_LIC_FILE       : '5280@cadlic0'
2026-02-26 11:52:01.372802 (2123359) main____ INFO      DISPLAY            : 'localhost:12.0'
2026-02-26 11:52:01.372814 (2123359) main____ INFO      JASPER_INSTALL_DIR : '/cad/cadence/jasper_2023.12p001'
2026-02-26 11:52:01.372825 (2123359) main____ INFO      JASPER_KERNEL_CHECK: '1'
2026-02-26 11:52:01.372837 (2123359) main____ INFO      JASPER_OS_CHECK    : '0'
2026-02-26 11:52:01.372849 (2123359) main____ INFO      LANG               : 'zh_TW.UTF-8'
2026-02-26 11:52:01.372859 (2123359) main____ INFO    ----------------------------------------
2026-02-26 11:52:01.383869 (2123359) lic_core INFO    Initializing license system ...
2026-02-26 11:52:01.406055 (2123359) lic_core INFO    ... license system initialized.
2026-02-26 11:52:01.445161 (2123359) lic__man INFO    Claim 'main' for <ui>.
2026-02-26 11:52:01.445232 (2123359) lic_core INFO    (1) checking out 'jasper_interactive' ...
2026-02-26 11:52:01.463838 (2123359) lic_core INFO    ... (1) checkout succeeded
2026-02-26 11:52:01.463944 (2123359) lic__man INFO    Claim 'fpv' for <ui>.
2026-02-26 11:52:01.463972 (2123359) lic_core INFO    (2) checking out 'jasper_fpv' ...
2026-02-26 11:52:01.469901 (2123359) lic_core INFO    ... (2) checkout failed (error: -5) ("FLEXnet ERROR(-5, 0, 0): No such feature exists.")
2026-02-26 11:52:01.469956 (2123359) lic_core INFO    (3) checking out 'jasper_fao' ...
2026-02-26 11:52:01.481480 (2123359) lic_core INFO    ... (3) checkout succeeded
2026-02-26 11:52:01.509585 (2123359) main____ INFO    Tool inactivity delay is 480000 ms.
2026-02-26 11:52:01.509912 (2123382) stdio___ INFO    Starting STDIN reader (tty: yes, tty name: '/dev/pts/0')
2026-02-26 11:52:01.619522 (2123359) session_ INFO    Starting analysis session with session id 'session_0' (launcher: <local>) ...
2026-02-26 11:52:01.621475 (2123359) session_ INFO    Analysis session with session id 'session_0' started (pid: 2123387)
2026-02-26 11:52:03.108163 (2123359) session_ INFO    Analysis session 'session_0' connected to the console (host: 127.0.0.1:58240)
2026-02-26 11:52:08.048279 (2123359) lic__man INFO    Unclaim everything for 'session_0'.
2026-02-26 11:52:08.376214 (2123359) lic__man INFO    Claim 'fpv' for 'session_0'.
2026-02-26 11:52:08.376260 (2123359) lic__man INFO    Claim 'fpv' for 'session_0/prove-0'.
2026-02-26 11:52:11.635468 (2123359) lic__man INFO    Unclaim everything for 'session_0/prove-0'.
2026-02-26 11:52:11.686848 (2123359) main____ INFO    About to exit: request to exit with status 0 received from analysis session 'session_0'
2026-02-26 11:52:12.088000 (2123359) session_ INFO    Analysis session 'session_0' disconnected.
2026-02-26 11:52:12.088164 (2123359) lic__man INFO    Unclaim everything for 'session_0'.
2026-02-26 11:52:12.094519 (2123359) session_ INFO    Process for analysis session 'session_0' has exited with exit status '0'.
2026-02-26 11:52:13.797694 (2123382) stdio___ INFO    STDIN reader requested to stop.
2026-02-26 11:52:13.797743 (2123382) stdio___ INFO    STDIN reader stopped.
2026-02-26 11:52:13.798063 (2123359) lic_core INFO    (1) checkin jasper_interactive
2026-02-26 11:52:13.803957 (2123359) lic_core INFO    (3) checkin jasper_fao
2026-02-26 11:52:13.810132 (2123359) main____ INFO    Exiting with status 0.
