2026-03-01 23:17:56.636808 (762803) main____ INFO    ----------------------------------------
2026-03-01 23:17:56.636869 (762803) main____ INFO    Jasper version info
2026-03-01 23:17:56.636883 (762803) main____ INFO      tool      : Jasper 2023.12
2026-03-01 23:17:56.636897 (762803) main____ INFO      version   : 2023.12p001 64 bits
2026-03-01 23:17:56.636908 (762803) main____ INFO      build date: 2024.01.23 16:09:24 UTC
2026-03-01 23:17:56.636918 (762803) main____ INFO    ----------------------------------------
2026-03-01 23:17:56.636927 (762803) main____ INFO    Runtime info:
2026-03-01 23:17:56.636937 (762803) main____ INFO      platform  : Linux 4.18.0-553.89.1.el8_10.x86_64 x86_64
2026-03-01 23:17:56.636953 (762803) main____ INFO      hostname  : caddy10.stanford.edu
2026-03-01 23:17:56.636979 (762803) main____ INFO      pid       : 762803
2026-03-01 23:17:56.636989 (762803) main____ INFO      arguments : '-style' 'windows' '-allow_unsupported_OS' '-no_gui' '-fpv' './synthlc/i_MUL_out/xPairwiseDepDiv/nunv_anytwo_87_.tcl' '-proj' './synthlc/i_MUL_out/xPairwiseDepDiv/nunv_anytwo_87_jgsession_26-03-01-23_17_56'
2026-03-01 23:17:56.637004 (762803) main____ INFO      locale    : UTF-8
2026-03-01 23:17:56.637013 (762803) main____ INFO    ----------------------------------------
2026-03-01 23:17:56.637022 (762803) main____ INFO    System resource limits info:
2026-03-01 23:17:56.637034 (762803) main____ INFO      virtual memory: unlimited
2026-03-01 23:17:56.637045 (762803) main____ INFO      cpu time      : unlimited
2026-03-01 23:17:56.637077 (762803) main____ INFO      processes     : 4096
2026-03-01 23:17:56.637094 (762803) main____ INFO      stack size    : 8388608 B
2026-03-01 23:17:56.637108 (762803) main____ INFO      core file size: 0 B
2026-03-01 23:17:56.637120 (762803) main____ INFO      open files    : 4096
2026-03-01 23:17:56.637131 (762803) main____ INFO      file size     : unlimited
2026-03-01 23:17:56.637141 (762803) main____ INFO    ----------------------------------------
2026-03-01 23:17:56.637150 (762803) main____ INFO    Memory statistics:
2026-03-01 23:17:56.637161 (762803) main____ INFO      total physical memory  : 98449096 kB
2026-03-01 23:17:56.637172 (762803) main____ INFO      free physical memory   : 92156140 kB
2026-03-01 23:17:56.637183 (762803) main____ INFO      committed address space: 1777412 kB
2026-03-01 23:17:56.637192 (762803) main____ INFO    ----------------------------------------
2026-03-01 23:17:56.638300 (762803) main____ INFO    Important environment variables:
2026-03-01 23:17:56.638320 (762803) main____ INFO      CDS_LIC_FILE       : '5280@cadlic0'
2026-03-01 23:17:56.638332 (762803) main____ INFO      JASPER_INSTALL_DIR : '/cad/cadence/jasper_2023.12p001'
2026-03-01 23:17:56.638344 (762803) main____ INFO      JASPER_KERNEL_CHECK: '1'
2026-03-01 23:17:56.638356 (762803) main____ INFO      JASPER_OS_CHECK    : '0'
2026-03-01 23:17:56.638367 (762803) main____ INFO      LANG               : 'en_US.UTF-8'
2026-03-01 23:17:56.638377 (762803) main____ INFO    ----------------------------------------
2026-03-01 23:17:56.639471 (762803) lic_core INFO    Initializing license system ...
2026-03-01 23:17:56.640782 (762803) lic_core INFO    ... license system initialized.
2026-03-01 23:17:56.652304 (762803) lic__man INFO    Claim 'main' for <ui>.
2026-03-01 23:17:56.652342 (762803) lic_core INFO    (1) checking out 'jasper_interactive' ...
2026-03-01 23:17:56.664648 (762803) lic_core INFO    ... (1) checkout succeeded
2026-03-01 23:17:56.664699 (762803) lic__man INFO    Claim 'fpv' for <ui>.
2026-03-01 23:17:56.664718 (762803) lic_core INFO    (2) checking out 'jasper_fpv' ...
2026-03-01 23:17:56.669376 (762803) lic_core INFO    ... (2) checkout failed (error: -5) ("FLEXnet ERROR(-5, 0, 0): No such feature exists.")
2026-03-01 23:17:56.669402 (762803) lic_core INFO    (3) checking out 'jasper_fao' ...
2026-03-01 23:17:56.680214 (762803) lic_core INFO    ... (3) checkout succeeded
2026-03-01 23:17:56.681103 (762817) stdio___ INFO    Starting STDIN reader (tty: yes, tty name: '/dev/pts/7')
2026-03-01 23:17:56.681199 (762803) main____ INFO    Tool inactivity delay is 480000 ms.
2026-03-01 23:17:56.723779 (762803) session_ INFO    Starting analysis session with session id 'session_0' (launcher: <local>) ...
2026-03-01 23:17:56.725467 (762803) session_ INFO    Analysis session with session id 'session_0' started (pid: 762820)
2026-03-01 23:17:57.841775 (762803) session_ INFO    Analysis session 'session_0' connected to the console (host: 127.0.0.1:49832)
2026-03-01 23:18:00.836464 (762803) lic__man INFO    Unclaim everything for 'session_0'.
2026-03-01 23:18:01.106584 (762803) lic__man INFO    Claim 'fpv' for 'session_0'.
2026-03-01 23:18:01.106626 (762803) lic__man INFO    Claim 'fpv' for 'session_0/prove-0'.
2026-03-01 23:18:02.180464 (762803) lic__man INFO    Unclaim everything for 'session_0/prove-0'.
2026-03-01 23:18:02.222276 (762803) main____ INFO    About to exit: request to exit with status 0 received from analysis session 'session_0'
2026-03-01 23:18:02.372344 (762803) session_ INFO    Analysis session 'session_0' disconnected.
2026-03-01 23:18:02.372523 (762803) lic__man INFO    Unclaim everything for 'session_0'.
2026-03-01 23:18:02.421955 (762803) session_ INFO    Process for analysis session 'session_0' has exited with exit status '0'.
2026-03-01 23:18:04.329205 (762817) stdio___ INFO    STDIN reader requested to stop.
2026-03-01 23:18:04.329249 (762817) stdio___ INFO    STDIN reader stopped.
2026-03-01 23:18:04.329465 (762803) lic_core INFO    (1) checkin jasper_interactive
2026-03-01 23:18:04.330257 (762803) lic_core INFO    (3) checkin jasper_fao
2026-03-01 23:18:04.331257 (762803) main____ INFO    Exiting with status 0.
