2026-02-28 01:57:02.750124 (602389) main____ INFO    ----------------------------------------
2026-02-28 01:57:02.750185 (602389) main____ INFO    Jasper version info
2026-02-28 01:57:02.750199 (602389) main____ INFO      tool      : Jasper 2023.12
2026-02-28 01:57:02.750213 (602389) main____ INFO      version   : 2023.12p001 64 bits
2026-02-28 01:57:02.750225 (602389) main____ INFO      build date: 2024.01.23 16:09:24 UTC
2026-02-28 01:57:02.750235 (602389) main____ INFO    ----------------------------------------
2026-02-28 01:57:02.750244 (602389) main____ INFO    Runtime info:
2026-02-28 01:57:02.750255 (602389) main____ INFO      platform  : Linux 4.18.0-553.89.1.el8_10.x86_64 x86_64
2026-02-28 01:57:02.750270 (602389) main____ INFO      hostname  : caddy10.stanford.edu
2026-02-28 01:57:02.750284 (602389) main____ INFO      pid       : 602389
2026-02-28 01:57:02.750295 (602389) main____ INFO      arguments : '-style' 'windows' '-allow_unsupported_OS' '-no_gui' '-fpv' './synthlc/i_MUL_out/xPairwiseDepDiv/exclusive_67_.tcl' '-proj' './synthlc/i_MUL_out/xPairwiseDepDiv/exclusive_67_jgsession_26-02-28-01_57_02'
2026-02-28 01:57:02.750309 (602389) main____ INFO      locale    : UTF-8
2026-02-28 01:57:02.750318 (602389) main____ INFO    ----------------------------------------
2026-02-28 01:57:02.750327 (602389) main____ INFO    System resource limits info:
2026-02-28 01:57:02.750339 (602389) main____ INFO      virtual memory: unlimited
2026-02-28 01:57:02.750350 (602389) main____ INFO      cpu time      : unlimited
2026-02-28 01:57:02.750366 (602389) main____ INFO      processes     : 4096
2026-02-28 01:57:02.750383 (602389) main____ INFO      stack size    : 8388608 B
2026-02-28 01:57:02.750397 (602389) main____ INFO      core file size: 0 B
2026-02-28 01:57:02.750409 (602389) main____ INFO      open files    : 4096
2026-02-28 01:57:02.750420 (602389) main____ INFO      file size     : unlimited
2026-02-28 01:57:02.750429 (602389) main____ INFO    ----------------------------------------
2026-02-28 01:57:02.750438 (602389) main____ INFO    Memory statistics:
2026-02-28 01:57:02.750449 (602389) main____ INFO      total physical memory  : 98449096 kB
2026-02-28 01:57:02.750460 (602389) main____ INFO      free physical memory   : 90631020 kB
2026-02-28 01:57:02.750471 (602389) main____ INFO      committed address space: 1308528 kB
2026-02-28 01:57:02.750480 (602389) main____ INFO    ----------------------------------------
2026-02-28 01:57:02.751600 (602389) main____ INFO    Important environment variables:
2026-02-28 01:57:02.751622 (602389) main____ INFO      CDS_LIC_FILE       : '5280@cadlic0'
2026-02-28 01:57:02.751634 (602389) main____ INFO      JASPER_INSTALL_DIR : '/cad/cadence/jasper_2023.12p001'
2026-02-28 01:57:02.751645 (602389) main____ INFO      JASPER_KERNEL_CHECK: '1'
2026-02-28 01:57:02.751657 (602389) main____ INFO      JASPER_OS_CHECK    : '0'
2026-02-28 01:57:02.751668 (602389) main____ INFO      LANG               : 'en_US.UTF-8'
2026-02-28 01:57:02.751678 (602389) main____ INFO    ----------------------------------------
2026-02-28 01:57:02.752882 (602389) lic_core INFO    Initializing license system ...
2026-02-28 01:57:02.756150 (602389) lic_core INFO    ... license system initialized.
2026-02-28 01:57:02.768188 (602389) lic__man INFO    Claim 'main' for <ui>.
2026-02-28 01:57:02.768231 (602389) lic_core INFO    (1) checking out 'jasper_interactive' ...
2026-02-28 01:57:02.781231 (602389) lic_core INFO    ... (1) checkout succeeded
2026-02-28 01:57:02.781293 (602389) lic__man INFO    Claim 'fpv' for <ui>.
2026-02-28 01:57:02.781315 (602389) lic_core INFO    (2) checking out 'jasper_fpv' ...
2026-02-28 01:57:02.785896 (602389) lic_core INFO    ... (2) checkout failed (error: -5) ("FLEXnet ERROR(-5, 0, 0): No such feature exists.")
2026-02-28 01:57:02.785927 (602389) lic_core INFO    (3) checking out 'jasper_fao' ...
2026-02-28 01:57:02.797970 (602389) lic_core INFO    ... (3) checkout succeeded
2026-02-28 01:57:02.800477 (602400) stdio___ INFO    Starting STDIN reader (tty: yes, tty name: '/dev/pts/5')
2026-02-28 01:57:02.800653 (602389) main____ INFO    Tool inactivity delay is 480000 ms.
2026-02-28 01:57:02.842155 (602389) session_ INFO    Starting analysis session with session id 'session_0' (launcher: <local>) ...
2026-02-28 01:57:02.843853 (602389) session_ INFO    Analysis session with session id 'session_0' started (pid: 602401)
2026-02-28 01:57:03.920811 (602389) session_ INFO    Analysis session 'session_0' connected to the console (host: 127.0.0.1:59432)
2026-02-28 01:57:06.931855 (602389) lic__man INFO    Unclaim everything for 'session_0'.
2026-02-28 01:57:07.131401 (602389) lic__man INFO    Claim 'fpv' for 'session_0'.
2026-02-28 01:57:07.131437 (602389) lic__man INFO    Claim 'fpv' for 'session_0/prove-0'.
2026-02-28 01:57:15.820869 (602389) lic__man INFO    Unclaim everything for 'session_0/prove-0'.
2026-02-28 01:57:15.864347 (602389) main____ INFO    About to exit: request to exit with status 0 received from analysis session 'session_0'
2026-02-28 01:57:16.017348 (602389) session_ INFO    Analysis session 'session_0' disconnected.
2026-02-28 01:57:16.017572 (602389) lic__man INFO    Unclaim everything for 'session_0'.
2026-02-28 01:57:16.017788 (602389) session_ INFO    Process for analysis session 'session_0' has exited with exit status '0'.
2026-02-28 01:57:17.882612 (602400) stdio___ INFO    STDIN reader requested to stop.
2026-02-28 01:57:17.882686 (602400) stdio___ INFO    STDIN reader stopped.
2026-02-28 01:57:17.883021 (602389) lic_core INFO    (1) checkin jasper_interactive
2026-02-28 01:57:17.884098 (602389) lic_core INFO    (3) checkin jasper_fao
2026-02-28 01:57:17.885187 (602389) main____ INFO    Exiting with status 0.
