2026-03-01 22:47:04.750613 (738443) main____ INFO    ----------------------------------------
2026-03-01 22:47:04.750707 (738443) main____ INFO    Jasper version info
2026-03-01 22:47:04.750722 (738443) main____ INFO      tool      : Jasper 2023.12
2026-03-01 22:47:04.750737 (738443) main____ INFO      version   : 2023.12p001 64 bits
2026-03-01 22:47:04.750750 (738443) main____ INFO      build date: 2024.01.23 16:09:24 UTC
2026-03-01 22:47:04.750760 (738443) main____ INFO    ----------------------------------------
2026-03-01 22:47:04.750769 (738443) main____ INFO    Runtime info:
2026-03-01 22:47:04.750779 (738443) main____ INFO      platform  : Linux 4.18.0-553.89.1.el8_10.x86_64 x86_64
2026-03-01 22:47:04.750797 (738443) main____ INFO      hostname  : caddy10.stanford.edu
2026-03-01 22:47:04.750812 (738443) main____ INFO      pid       : 738443
2026-03-01 22:47:04.750823 (738443) main____ INFO      arguments : '-style' 'windows' '-allow_unsupported_OS' '-no_gui' '-fpv' './synthlc/i_MUL_out/xPairwiseDepDiv/nunv_anytwo_44_.tcl' '-proj' './synthlc/i_MUL_out/xPairwiseDepDiv/nunv_anytwo_44_jgsession_26-03-01-22_47_03'
2026-03-01 22:47:04.750840 (738443) main____ INFO      locale    : UTF-8
2026-03-01 22:47:04.750850 (738443) main____ INFO    ----------------------------------------
2026-03-01 22:47:04.750858 (738443) main____ INFO    System resource limits info:
2026-03-01 22:47:04.750870 (738443) main____ INFO      virtual memory: unlimited
2026-03-01 22:47:04.750882 (738443) main____ INFO      cpu time      : unlimited
2026-03-01 22:47:04.750900 (738443) main____ INFO      processes     : 4096
2026-03-01 22:47:04.750920 (738443) main____ INFO      stack size    : 8388608 B
2026-03-01 22:47:04.750934 (738443) main____ INFO      core file size: 0 B
2026-03-01 22:47:04.750946 (738443) main____ INFO      open files    : 4096
2026-03-01 22:47:04.750958 (738443) main____ INFO      file size     : unlimited
2026-03-01 22:47:04.750967 (738443) main____ INFO    ----------------------------------------
2026-03-01 22:47:04.750976 (738443) main____ INFO    Memory statistics:
2026-03-01 22:47:04.750988 (738443) main____ INFO      total physical memory  : 98449096 kB
2026-03-01 22:47:04.750998 (738443) main____ INFO      free physical memory   : 84538180 kB
2026-03-01 22:47:04.751009 (738443) main____ INFO      committed address space: 11019296 kB
2026-03-01 22:47:04.751018 (738443) main____ INFO    ----------------------------------------
2026-03-01 22:47:04.752234 (738443) main____ INFO    Important environment variables:
2026-03-01 22:47:04.752266 (738443) main____ INFO      CDS_LIC_FILE       : '5280@cadlic0'
2026-03-01 22:47:04.752278 (738443) main____ INFO      JASPER_INSTALL_DIR : '/cad/cadence/jasper_2023.12p001'
2026-03-01 22:47:04.752290 (738443) main____ INFO      JASPER_KERNEL_CHECK: '1'
2026-03-01 22:47:04.752302 (738443) main____ INFO      JASPER_OS_CHECK    : '0'
2026-03-01 22:47:04.752313 (738443) main____ INFO      LANG               : 'en_US.UTF-8'
2026-03-01 22:47:04.752323 (738443) main____ INFO    ----------------------------------------
2026-03-01 22:47:04.762260 (738443) lic_core INFO    Initializing license system ...
2026-03-01 22:47:04.786642 (738443) lic_core INFO    ... license system initialized.
2026-03-01 22:47:04.955342 (738443) lic__man INFO    Claim 'main' for <ui>.
2026-03-01 22:47:04.955409 (738443) lic_core INFO    (1) checking out 'jasper_interactive' ...
2026-03-01 22:47:05.031411 (738443) lic_core INFO    ... (1) checkout succeeded
2026-03-01 22:47:05.031513 (738443) lic__man INFO    Claim 'fpv' for <ui>.
2026-03-01 22:47:05.031541 (738443) lic_core INFO    (2) checking out 'jasper_fpv' ...
2026-03-01 22:47:05.098628 (738443) lic_core INFO    ... (2) checkout failed (error: -5) ("FLEXnet ERROR(-5, 0, 0): No such feature exists.")
2026-03-01 22:47:05.098681 (738443) lic_core INFO    (3) checking out 'jasper_fao' ...
2026-03-01 22:47:05.189307 (738443) lic_core INFO    ... (3) checkout succeeded
2026-03-01 22:47:05.221915 (738443) main____ INFO    Tool inactivity delay is 480000 ms.
2026-03-01 22:47:05.234413 (738454) stdio___ INFO    Starting STDIN reader (tty: yes, tty name: '/dev/pts/7')
2026-03-01 22:47:05.491206 (738443) session_ INFO    Starting analysis session with session id 'session_0' (launcher: <local>) ...
2026-03-01 22:47:05.493312 (738443) session_ INFO    Analysis session with session id 'session_0' started (pid: 738455)
2026-03-01 22:47:09.076733 (738443) session_ INFO    Analysis session 'session_0' connected to the console (host: 127.0.0.1:36438)
2026-03-01 22:47:17.115182 (738443) lic__man INFO    Unclaim everything for 'session_0'.
2026-03-01 22:47:17.624493 (738443) lic__man INFO    Claim 'fpv' for 'session_0'.
2026-03-01 22:47:17.624538 (738443) lic__man INFO    Claim 'fpv' for 'session_0/prove-0'.
2026-03-01 22:47:20.952365 (738443) lic__man INFO    Unclaim everything for 'session_0/prove-0'.
2026-03-01 22:47:21.000338 (738443) main____ INFO    About to exit: request to exit with status 0 received from analysis session 'session_0'
2026-03-01 22:47:21.274366 (738443) session_ INFO    Analysis session 'session_0' disconnected.
2026-03-01 22:47:21.274503 (738443) lic__man INFO    Unclaim everything for 'session_0'.
2026-03-01 22:47:21.274673 (738443) session_ INFO    Process for analysis session 'session_0' has exited with exit status '0'.
2026-03-01 22:47:22.907291 (738454) stdio___ INFO    STDIN reader requested to stop.
2026-03-01 22:47:22.907338 (738454) stdio___ INFO    STDIN reader stopped.
2026-03-01 22:47:22.907978 (738443) lic_core INFO    (1) checkin jasper_interactive
2026-03-01 22:47:22.909043 (738443) lic_core INFO    (3) checkin jasper_fao
2026-03-01 22:47:22.934127 (738443) main____ INFO    Exiting with status 0.
