2026-02-27 16:09:51.426064 (3199373) main____ INFO    ----------------------------------------
2026-02-27 16:09:51.426165 (3199373) main____ INFO    Jasper version info
2026-02-27 16:09:51.426182 (3199373) main____ INFO      tool      : Jasper 2023.12
2026-02-27 16:09:51.426200 (3199373) main____ INFO      version   : 2023.12p001 64 bits
2026-02-27 16:09:51.426214 (3199373) main____ INFO      build date: 2024.01.23 16:09:24 UTC
2026-02-27 16:09:51.426224 (3199373) main____ INFO    ----------------------------------------
2026-02-27 16:09:51.426235 (3199373) main____ INFO    Runtime info:
2026-02-27 16:09:51.426246 (3199373) main____ INFO      platform  : Linux 4.18.0-553.89.1.el8_10.x86_64 x86_64
2026-02-27 16:09:51.426265 (3199373) main____ INFO      hostname  : caddy12.stanford.edu
2026-02-27 16:09:51.426281 (3199373) main____ INFO      pid       : 3199373
2026-02-27 16:09:51.426292 (3199373) main____ INFO      arguments : '-style' 'windows' '-allow_unsupported_OS' '-no_gui' '-fpv' './synthlc/i_DIV_out/xHBPerfG_dfg_v3_div/HB_154_.tcl' '-proj' './synthlc/i_DIV_out/xHBPerfG_dfg_v3_div/HB_154_jgsession_26-02-27-16_09_50'
2026-02-27 16:09:51.426310 (3199373) main____ INFO      locale    : UTF-8
2026-02-27 16:09:51.426320 (3199373) main____ INFO    ----------------------------------------
2026-02-27 16:09:51.426330 (3199373) main____ INFO    System resource limits info:
2026-02-27 16:09:51.426343 (3199373) main____ INFO      virtual memory: unlimited
2026-02-27 16:09:51.426356 (3199373) main____ INFO      cpu time      : unlimited
2026-02-27 16:09:51.426375 (3199373) main____ INFO      processes     : 4096
2026-02-27 16:09:51.426396 (3199373) main____ INFO      stack size    : 8388608 B
2026-02-27 16:09:51.426411 (3199373) main____ INFO      core file size: 0 B
2026-02-27 16:09:51.426424 (3199373) main____ INFO      open files    : 4096
2026-02-27 16:09:51.426437 (3199373) main____ INFO      file size     : unlimited
2026-02-27 16:09:51.426447 (3199373) main____ INFO    ----------------------------------------
2026-02-27 16:09:51.426457 (3199373) main____ INFO    Memory statistics:
2026-02-27 16:09:51.426470 (3199373) main____ INFO      total physical memory  : 98449088 kB
2026-02-27 16:09:51.426482 (3199373) main____ INFO      free physical memory   : 68588044 kB
2026-02-27 16:09:51.426495 (3199373) main____ INFO      committed address space: 14401072 kB
2026-02-27 16:09:51.426505 (3199373) main____ INFO    ----------------------------------------
2026-02-27 16:09:51.427710 (3199373) main____ INFO    Important environment variables:
2026-02-27 16:09:51.427739 (3199373) main____ INFO      CDS_LIC_FILE       : '5280@cadlic0'
2026-02-27 16:09:51.427753 (3199373) main____ INFO      DISPLAY            : 'localhost:12.0'
2026-02-27 16:09:51.427765 (3199373) main____ INFO      JASPER_INSTALL_DIR : '/cad/cadence/jasper_2023.12p001'
2026-02-27 16:09:51.427787 (3199373) main____ INFO      JASPER_KERNEL_CHECK: '1'
2026-02-27 16:09:51.427800 (3199373) main____ INFO      JASPER_OS_CHECK    : '0'
2026-02-27 16:09:51.427813 (3199373) main____ INFO      LANG               : 'zh_TW.UTF-8'
2026-02-27 16:09:51.427823 (3199373) main____ INFO    ----------------------------------------
2026-02-27 16:09:51.429879 (3199373) lic_core INFO    Initializing license system ...
2026-02-27 16:09:51.451955 (3199373) lic_core INFO    ... license system initialized.
2026-02-27 16:09:51.604957 (3199373) lic__man INFO    Claim 'main' for <ui>.
2026-02-27 16:09:51.605043 (3199373) lic_core INFO    (1) checking out 'jasper_interactive' ...
2026-02-27 16:09:51.674955 (3199373) lic_core INFO    ... (1) checkout succeeded
2026-02-27 16:09:51.675075 (3199373) lic__man INFO    Claim 'fpv' for <ui>.
2026-02-27 16:09:51.675105 (3199373) lic_core INFO    (2) checking out 'jasper_fpv' ...
2026-02-27 16:09:51.735154 (3199373) lic_core INFO    ... (2) checkout failed (error: -5) ("FLEXnet ERROR(-5, 0, 0): No such feature exists.")
2026-02-27 16:09:51.735232 (3199373) lic_core INFO    (3) checking out 'jasper_fao' ...
2026-02-27 16:09:51.816067 (3199373) lic_core INFO    ... (3) checkout succeeded
2026-02-27 16:09:51.839595 (3199373) main____ INFO    Tool inactivity delay is 480000 ms.
2026-02-27 16:09:51.849083 (3199394) stdio___ INFO    Starting STDIN reader (tty: yes, tty name: '/dev/pts/0')
2026-02-27 16:09:52.068861 (3199373) session_ INFO    Starting analysis session with session id 'session_0' (launcher: <local>) ...
2026-02-27 16:09:52.070783 (3199373) session_ INFO    Analysis session with session id 'session_0' started (pid: 3199395)
2026-02-27 16:09:56.567083 (3199373) session_ INFO    Analysis session 'session_0' connected to the console (host: 127.0.0.1:41068)
2026-02-27 16:10:05.136881 (3199373) lic__man INFO    Unclaim everything for 'session_0'.
2026-02-27 16:10:05.494193 (3199373) lic__man INFO    Claim 'fpv' for 'session_0'.
2026-02-27 16:10:05.494246 (3199373) lic__man INFO    Claim 'fpv' for 'session_0/prove-0'.
2026-02-27 16:10:09.702593 (3199373) lic__man INFO    Unclaim everything for 'session_0/prove-0'.
2026-02-27 16:10:09.766873 (3199373) main____ INFO    About to exit: request to exit with status 0 received from analysis session 'session_0'
2026-02-27 16:10:10.190987 (3199373) session_ INFO    Analysis session 'session_0' disconnected.
2026-02-27 16:10:10.191154 (3199373) lic__man INFO    Unclaim everything for 'session_0'.
2026-02-27 16:10:10.191375 (3199373) session_ INFO    Process for analysis session 'session_0' has exited with exit status '0'.
2026-02-27 16:10:11.890249 (3199394) stdio___ INFO    STDIN reader requested to stop.
2026-02-27 16:10:11.890308 (3199394) stdio___ INFO    STDIN reader stopped.
2026-02-27 16:10:11.890986 (3199373) lic_core INFO    (1) checkin jasper_interactive
2026-02-27 16:10:11.912910 (3199373) lic_core INFO    (3) checkin jasper_fao
2026-02-27 16:10:11.935912 (3199373) main____ INFO    Exiting with status 0.
