2026-02-26 01:33:20.378197 (1834754) main____ INFO    ----------------------------------------
2026-02-26 01:33:20.378302 (1834754) main____ INFO    Jasper version info
2026-02-26 01:33:20.378318 (1834754) main____ INFO      tool      : Jasper 2023.12
2026-02-26 01:33:20.378333 (1834754) main____ INFO      version   : 2023.12p001 64 bits
2026-02-26 01:33:20.378346 (1834754) main____ INFO      build date: 2024.01.23 16:09:24 UTC
2026-02-26 01:33:20.378356 (1834754) main____ INFO    ----------------------------------------
2026-02-26 01:33:20.378364 (1834754) main____ INFO    Runtime info:
2026-02-26 01:33:20.378375 (1834754) main____ INFO      platform  : Linux 4.18.0-553.89.1.el8_10.x86_64 x86_64
2026-02-26 01:33:20.378393 (1834754) main____ INFO      hostname  : caddy12.stanford.edu
2026-02-26 01:33:20.378408 (1834754) main____ INFO      pid       : 1834754
2026-02-26 01:33:20.378418 (1834754) main____ INFO      arguments : '-style' 'windows' '-allow_unsupported_OS' '-no_gui' '-fpv' './synthlc/i_MUL_out/xPairwiseDepDiv/exclusive_99_.tcl' '-proj' './synthlc/i_MUL_out/xPairwiseDepDiv/exclusive_99_jgsession_26-02-26-01_33_19'
2026-02-26 01:33:20.378435 (1834754) main____ INFO      locale    : UTF-8
2026-02-26 01:33:20.378445 (1834754) main____ INFO    ----------------------------------------
2026-02-26 01:33:20.378453 (1834754) main____ INFO    System resource limits info:
2026-02-26 01:33:20.378465 (1834754) main____ INFO      virtual memory: unlimited
2026-02-26 01:33:20.378476 (1834754) main____ INFO      cpu time      : unlimited
2026-02-26 01:33:20.378494 (1834754) main____ INFO      processes     : 4096
2026-02-26 01:33:20.378513 (1834754) main____ INFO      stack size    : 8388608 B
2026-02-26 01:33:20.378527 (1834754) main____ INFO      core file size: 0 B
2026-02-26 01:33:20.378540 (1834754) main____ INFO      open files    : 4096
2026-02-26 01:33:20.378551 (1834754) main____ INFO      file size     : unlimited
2026-02-26 01:33:20.378561 (1834754) main____ INFO    ----------------------------------------
2026-02-26 01:33:20.378569 (1834754) main____ INFO    Memory statistics:
2026-02-26 01:33:20.378581 (1834754) main____ INFO      total physical memory  : 98449088 kB
2026-02-26 01:33:20.378592 (1834754) main____ INFO      free physical memory   : 76966776 kB
2026-02-26 01:33:20.378603 (1834754) main____ INFO      committed address space: 8827676 kB
2026-02-26 01:33:20.378612 (1834754) main____ INFO    ----------------------------------------
2026-02-26 01:33:20.379818 (1834754) main____ INFO    Important environment variables:
2026-02-26 01:33:20.379845 (1834754) main____ INFO      CDS_LIC_FILE       : '5280@cadlic0'
2026-02-26 01:33:20.379857 (1834754) main____ INFO      DISPLAY            : 'localhost:12.0'
2026-02-26 01:33:20.379869 (1834754) main____ INFO      JASPER_INSTALL_DIR : '/cad/cadence/jasper_2023.12p001'
2026-02-26 01:33:20.379880 (1834754) main____ INFO      JASPER_KERNEL_CHECK: '1'
2026-02-26 01:33:20.379891 (1834754) main____ INFO      JASPER_OS_CHECK    : '0'
2026-02-26 01:33:20.379902 (1834754) main____ INFO      LANG               : 'zh_TW.UTF-8'
2026-02-26 01:33:20.379912 (1834754) main____ INFO    ----------------------------------------
2026-02-26 01:33:20.382905 (1834754) lic_core INFO    Initializing license system ...
2026-02-26 01:33:20.417137 (1834754) lic_core INFO    ... license system initialized.
2026-02-26 01:33:20.561163 (1834754) lic__man INFO    Claim 'main' for <ui>.
2026-02-26 01:33:20.561249 (1834754) lic_core INFO    (1) checking out 'jasper_interactive' ...
2026-02-26 01:33:20.631051 (1834754) lic_core INFO    ... (1) checkout succeeded
2026-02-26 01:33:20.631157 (1834754) lic__man INFO    Claim 'fpv' for <ui>.
2026-02-26 01:33:20.631183 (1834754) lic_core INFO    (2) checking out 'jasper_fpv' ...
2026-02-26 01:33:20.682977 (1834754) lic_core INFO    ... (2) checkout failed (error: -5) ("FLEXnet ERROR(-5, 0, 0): No such feature exists.")
2026-02-26 01:33:20.683029 (1834754) lic_core INFO    (3) checking out 'jasper_fao' ...
2026-02-26 01:33:20.694025 (1834754) lic_core INFO    ... (3) checkout succeeded
2026-02-26 01:33:20.721696 (1834754) main____ INFO    Tool inactivity delay is 480000 ms.
2026-02-26 01:33:20.731911 (1834770) stdio___ INFO    Starting STDIN reader (tty: yes, tty name: '/dev/pts/0')
2026-02-26 01:33:21.122860 (1834754) session_ INFO    Starting analysis session with session id 'session_0' (launcher: <local>) ...
2026-02-26 01:33:21.124994 (1834754) session_ INFO    Analysis session with session id 'session_0' started (pid: 1834771)
2026-02-26 01:33:26.137020 (1834754) session_ INFO    Analysis session 'session_0' connected to the console (host: 127.0.0.1:47888)
2026-02-26 01:33:33.528757 (1834754) lic__man INFO    Unclaim everything for 'session_0'.
2026-02-26 01:33:33.792408 (1834754) lic__man INFO    Claim 'fpv' for 'session_0'.
2026-02-26 01:33:33.792459 (1834754) lic__man INFO    Claim 'fpv' for 'session_0/prove-0'.
2026-02-26 01:33:55.575010 (1834754) lic__man INFO    Unclaim everything for 'session_0/prove-0'.
2026-02-26 01:33:55.643708 (1834754) main____ INFO    About to exit: request to exit with status 0 received from analysis session 'session_0'
2026-02-26 01:33:56.035319 (1834754) session_ INFO    Analysis session 'session_0' disconnected.
2026-02-26 01:33:56.035472 (1834754) lic__man INFO    Unclaim everything for 'session_0'.
2026-02-26 01:33:56.035780 (1834754) session_ INFO    Process for analysis session 'session_0' has exited with exit status '0'.
2026-02-26 01:33:57.763740 (1834770) stdio___ INFO    STDIN reader requested to stop.
2026-02-26 01:33:57.763795 (1834770) stdio___ INFO    STDIN reader stopped.
2026-02-26 01:33:57.765926 (1834754) lic_core INFO    (1) checkin jasper_interactive
2026-02-26 01:33:57.769910 (1834754) lic_core INFO    (3) checkin jasper_fao
2026-02-26 01:33:57.792090 (1834754) main____ INFO    Exiting with status 0.
