2026-02-25 13:26:25.223084 (3159664) main____ INFO    ----------------------------------------
2026-02-25 13:26:25.223187 (3159664) main____ INFO    Jasper version info
2026-02-25 13:26:25.223204 (3159664) main____ INFO      tool      : Jasper 2023.12
2026-02-25 13:26:25.223219 (3159664) main____ INFO      version   : 2023.12p001 64 bits
2026-02-25 13:26:25.223233 (3159664) main____ INFO      build date: 2024.01.23 16:09:24 UTC
2026-02-25 13:26:25.223243 (3159664) main____ INFO    ----------------------------------------
2026-02-25 13:26:25.223252 (3159664) main____ INFO    Runtime info:
2026-02-25 13:26:25.223262 (3159664) main____ INFO      platform  : Linux 4.18.0-553.89.1.el8_10.x86_64 x86_64
2026-02-25 13:26:25.223281 (3159664) main____ INFO      hostname  : caddy15.stanford.edu
2026-02-25 13:26:25.223296 (3159664) main____ INFO      pid       : 3159664
2026-02-25 13:26:25.223324 (3159664) main____ INFO      arguments : '-style' 'windows' '-allow_unsupported_OS' '-no_gui' '-fpv' './synthlc/i_DIV_out/xPairwiseDepDiv/nunv_anytwo_282_.tcl' '-proj' './synthlc/i_DIV_out/xPairwiseDepDiv/nunv_anytwo_282_jgsession_26-02-25-13_26_24'
2026-02-25 13:26:25.223341 (3159664) main____ INFO      locale    : UTF-8
2026-02-25 13:26:25.223351 (3159664) main____ INFO    ----------------------------------------
2026-02-25 13:26:25.223361 (3159664) main____ INFO    System resource limits info:
2026-02-25 13:26:25.223373 (3159664) main____ INFO      virtual memory: unlimited
2026-02-25 13:26:25.223385 (3159664) main____ INFO      cpu time      : unlimited
2026-02-25 13:26:25.223403 (3159664) main____ INFO      processes     : 4096
2026-02-25 13:26:25.223424 (3159664) main____ INFO      stack size    : 8388608 B
2026-02-25 13:26:25.223439 (3159664) main____ INFO      core file size: 0 B
2026-02-25 13:26:25.223451 (3159664) main____ INFO      open files    : 4096
2026-02-25 13:26:25.223463 (3159664) main____ INFO      file size     : unlimited
2026-02-25 13:26:25.223473 (3159664) main____ INFO    ----------------------------------------
2026-02-25 13:26:25.223482 (3159664) main____ INFO    Memory statistics:
2026-02-25 13:26:25.223494 (3159664) main____ INFO      total physical memory  : 98449092 kB
2026-02-25 13:26:25.223505 (3159664) main____ INFO      free physical memory   : 76817920 kB
2026-02-25 13:26:25.223517 (3159664) main____ INFO      committed address space: 8284200 kB
2026-02-25 13:26:25.223526 (3159664) main____ INFO    ----------------------------------------
2026-02-25 13:26:25.224690 (3159664) main____ INFO    Important environment variables:
2026-02-25 13:26:25.224716 (3159664) main____ INFO      CDS_LIC_FILE       : '5280@cadlic0'
2026-02-25 13:26:25.224728 (3159664) main____ INFO      JASPER_INSTALL_DIR : '/cad/cadence/jasper_2023.12p001'
2026-02-25 13:26:25.224740 (3159664) main____ INFO      JASPER_KERNEL_CHECK: '1'
2026-02-25 13:26:25.224752 (3159664) main____ INFO      JASPER_OS_CHECK    : '0'
2026-02-25 13:26:25.224764 (3159664) main____ INFO      LANG               : 'en_US.UTF-8'
2026-02-25 13:26:25.224774 (3159664) main____ INFO    ----------------------------------------
2026-02-25 13:26:25.227448 (3159664) lic_core INFO    Initializing license system ...
2026-02-25 13:26:25.249623 (3159664) lic_core INFO    ... license system initialized.
2026-02-25 13:26:25.265415 (3159664) lic__man INFO    Claim 'main' for <ui>.
2026-02-25 13:26:25.265488 (3159664) lic_core INFO    (1) checking out 'jasper_interactive' ...
2026-02-25 13:26:25.278591 (3159664) lic_core INFO    ... (1) checkout succeeded
2026-02-25 13:26:25.278703 (3159664) lic__man INFO    Claim 'fpv' for <ui>.
2026-02-25 13:26:25.278734 (3159664) lic_core INFO    (2) checking out 'jasper_fpv' ...
2026-02-25 13:26:25.283077 (3159664) lic_core INFO    ... (2) checkout failed (error: -5) ("FLEXnet ERROR(-5, 0, 0): No such feature exists.")
2026-02-25 13:26:25.283134 (3159664) lic_core INFO    (3) checking out 'jasper_fao' ...
2026-02-25 13:26:25.303096 (3159664) lic_core INFO    ... (3) checkout succeeded
2026-02-25 13:26:25.305941 (3159675) stdio___ INFO    Starting STDIN reader (tty: yes, tty name: '/dev/pts/0')
2026-02-25 13:26:25.306047 (3159664) main____ INFO    Tool inactivity delay is 480000 ms.
2026-02-25 13:26:25.451834 (3159664) session_ INFO    Starting analysis session with session id 'session_0' (launcher: <local>) ...
2026-02-25 13:26:25.453833 (3159664) session_ INFO    Analysis session with session id 'session_0' started (pid: 3159676)
2026-02-25 13:26:26.895665 (3159664) session_ INFO    Analysis session 'session_0' connected to the console (host: 127.0.0.1:46238)
2026-02-25 13:26:31.743542 (3159664) lic__man INFO    Unclaim everything for 'session_0'.
2026-02-25 13:26:31.995010 (3159664) lic__man INFO    Claim 'fpv' for 'session_0'.
2026-02-25 13:26:31.995066 (3159664) lic__man INFO    Claim 'fpv' for 'session_0/prove-0'.
2026-02-25 13:26:33.578747 (3159664) lic__man INFO    Unclaim everything for 'session_0/prove-0'.
2026-02-25 13:26:33.653607 (3159664) main____ INFO    About to exit: request to exit with status 0 received from analysis session 'session_0'
2026-02-25 13:26:33.870566 (3159664) session_ INFO    Analysis session 'session_0' disconnected.
2026-02-25 13:26:33.870730 (3159664) lic__man INFO    Unclaim everything for 'session_0'.
2026-02-25 13:26:33.889514 (3159664) session_ INFO    Process for analysis session 'session_0' has exited with exit status '0'.
2026-02-25 13:26:35.766936 (3159675) stdio___ INFO    STDIN reader requested to stop.
2026-02-25 13:26:35.766990 (3159675) stdio___ INFO    STDIN reader stopped.
2026-02-25 13:26:35.769075 (3159664) lic_core INFO    (1) checkin jasper_interactive
2026-02-25 13:26:35.771423 (3159664) lic_core INFO    (3) checkin jasper_fao
2026-02-25 13:26:35.793408 (3159664) main____ INFO    Exiting with status 0.
