2026-02-25 17:00:09.235612 (3344183) main____ INFO    ----------------------------------------
2026-02-25 17:00:09.235689 (3344183) main____ INFO    Jasper version info
2026-02-25 17:00:09.235705 (3344183) main____ INFO      tool      : Jasper 2023.12
2026-02-25 17:00:09.235720 (3344183) main____ INFO      version   : 2023.12p001 64 bits
2026-02-25 17:00:09.235733 (3344183) main____ INFO      build date: 2024.01.23 16:09:24 UTC
2026-02-25 17:00:09.235743 (3344183) main____ INFO    ----------------------------------------
2026-02-25 17:00:09.235753 (3344183) main____ INFO    Runtime info:
2026-02-25 17:00:09.235764 (3344183) main____ INFO      platform  : Linux 4.18.0-553.89.1.el8_10.x86_64 x86_64
2026-02-25 17:00:09.235782 (3344183) main____ INFO      hostname  : caddy15.stanford.edu
2026-02-25 17:00:09.235797 (3344183) main____ INFO      pid       : 3344183
2026-02-25 17:00:09.235809 (3344183) main____ INFO      arguments : '-style' 'windows' '-allow_unsupported_OS' '-no_gui' '-fpv' './synthlc/i_DIV_out/xHBPerfG_dfg_v3_div/WHB_389_.tcl' '-proj' './synthlc/i_DIV_out/xHBPerfG_dfg_v3_div/WHB_389_jgsession_26-02-25-17_00_09'
2026-02-25 17:00:09.235827 (3344183) main____ INFO      locale    : UTF-8
2026-02-25 17:00:09.235837 (3344183) main____ INFO    ----------------------------------------
2026-02-25 17:00:09.235846 (3344183) main____ INFO    System resource limits info:
2026-02-25 17:00:09.235859 (3344183) main____ INFO      virtual memory: unlimited
2026-02-25 17:00:09.235872 (3344183) main____ INFO      cpu time      : unlimited
2026-02-25 17:00:09.235889 (3344183) main____ INFO      processes     : 4096
2026-02-25 17:00:09.235910 (3344183) main____ INFO      stack size    : 8388608 B
2026-02-25 17:00:09.235924 (3344183) main____ INFO      core file size: 0 B
2026-02-25 17:00:09.235939 (3344183) main____ INFO      open files    : 4096
2026-02-25 17:00:09.235953 (3344183) main____ INFO      file size     : unlimited
2026-02-25 17:00:09.235963 (3344183) main____ INFO    ----------------------------------------
2026-02-25 17:00:09.235972 (3344183) main____ INFO    Memory statistics:
2026-02-25 17:00:09.235984 (3344183) main____ INFO      total physical memory  : 98449092 kB
2026-02-25 17:00:09.235995 (3344183) main____ INFO      free physical memory   : 80280760 kB
2026-02-25 17:00:09.236007 (3344183) main____ INFO      committed address space: 2861312 kB
2026-02-25 17:00:09.236017 (3344183) main____ INFO    ----------------------------------------
2026-02-25 17:00:09.237178 (3344183) main____ INFO    Important environment variables:
2026-02-25 17:00:09.237204 (3344183) main____ INFO      CDS_LIC_FILE       : '5280@cadlic0'
2026-02-25 17:00:09.237217 (3344183) main____ INFO      JASPER_INSTALL_DIR : '/cad/cadence/jasper_2023.12p001'
2026-02-25 17:00:09.237230 (3344183) main____ INFO      JASPER_KERNEL_CHECK: '1'
2026-02-25 17:00:09.237242 (3344183) main____ INFO      JASPER_OS_CHECK    : '0'
2026-02-25 17:00:09.237254 (3344183) main____ INFO      LANG               : 'en_US.UTF-8'
2026-02-25 17:00:09.237264 (3344183) main____ INFO    ----------------------------------------
2026-02-25 17:00:09.238377 (3344183) lic_core INFO    Initializing license system ...
2026-02-25 17:00:09.239851 (3344183) lic_core INFO    ... license system initialized.
2026-02-25 17:00:09.249960 (3344183) lic__man INFO    Claim 'main' for <ui>.
2026-02-25 17:00:09.250004 (3344183) lic_core INFO    (1) checking out 'jasper_interactive' ...
2026-02-25 17:00:09.262946 (3344183) lic_core INFO    ... (1) checkout succeeded
2026-02-25 17:00:09.263019 (3344183) lic__man INFO    Claim 'fpv' for <ui>.
2026-02-25 17:00:09.263044 (3344183) lic_core INFO    (2) checking out 'jasper_fpv' ...
2026-02-25 17:00:09.267362 (3344183) lic_core INFO    ... (2) checkout failed (error: -5) ("FLEXnet ERROR(-5, 0, 0): No such feature exists.")
2026-02-25 17:00:09.267424 (3344183) lic_core INFO    (3) checking out 'jasper_fao' ...
2026-02-25 17:00:09.278534 (3344183) lic_core INFO    ... (3) checkout succeeded
2026-02-25 17:00:09.281357 (3344195) stdio___ INFO    Starting STDIN reader (tty: yes, tty name: '/dev/pts/0')
2026-02-25 17:00:09.281513 (3344183) main____ INFO    Tool inactivity delay is 480000 ms.
2026-02-25 17:00:09.321183 (3344183) session_ INFO    Starting analysis session with session id 'session_0' (launcher: <local>) ...
2026-02-25 17:00:09.323046 (3344183) session_ INFO    Analysis session with session id 'session_0' started (pid: 3344196)
2026-02-25 17:00:10.457863 (3344183) session_ INFO    Analysis session 'session_0' connected to the console (host: 127.0.0.1:36388)
2026-02-25 17:00:13.523736 (3344183) lic__man INFO    Unclaim everything for 'session_0'.
2026-02-25 17:00:13.722156 (3344183) lic__man INFO    Claim 'fpv' for 'session_0'.
2026-02-25 17:00:13.722194 (3344183) lic__man INFO    Claim 'fpv' for 'session_0/prove-0'.
2026-02-25 17:00:21.743179 (3344183) lic__man INFO    Unclaim everything for 'session_0/prove-0'.
2026-02-25 17:00:21.786496 (3344183) main____ INFO    About to exit: request to exit with status 0 received from analysis session 'session_0'
2026-02-25 17:00:21.943390 (3344183) session_ INFO    Analysis session 'session_0' disconnected.
2026-02-25 17:00:21.943614 (3344183) lic__man INFO    Unclaim everything for 'session_0'.
2026-02-25 17:00:21.943811 (3344183) session_ INFO    Process for analysis session 'session_0' has exited with exit status '0'.
2026-02-25 17:00:23.894157 (3344195) stdio___ INFO    STDIN reader requested to stop.
2026-02-25 17:00:23.894199 (3344195) stdio___ INFO    STDIN reader stopped.
2026-02-25 17:00:23.894464 (3344183) lic_core INFO    (1) checkin jasper_interactive
2026-02-25 17:00:23.895632 (3344183) lic_core INFO    (3) checkin jasper_fao
2026-02-25 17:00:23.896730 (3344183) main____ INFO    Exiting with status 0.
