2026-02-26 02:58:50.502110 (1918223) main____ INFO    ----------------------------------------
2026-02-26 02:58:50.502201 (1918223) main____ INFO    Jasper version info
2026-02-26 02:58:50.502216 (1918223) main____ INFO      tool      : Jasper 2023.12
2026-02-26 02:58:50.502232 (1918223) main____ INFO      version   : 2023.12p001 64 bits
2026-02-26 02:58:50.502245 (1918223) main____ INFO      build date: 2024.01.23 16:09:24 UTC
2026-02-26 02:58:50.502255 (1918223) main____ INFO    ----------------------------------------
2026-02-26 02:58:50.502264 (1918223) main____ INFO    Runtime info:
2026-02-26 02:58:50.502275 (1918223) main____ INFO      platform  : Linux 4.18.0-553.89.1.el8_10.x86_64 x86_64
2026-02-26 02:58:50.502294 (1918223) main____ INFO      hostname  : caddy12.stanford.edu
2026-02-26 02:58:50.502310 (1918223) main____ INFO      pid       : 1918223
2026-02-26 02:58:50.502320 (1918223) main____ INFO      arguments : '-style' 'windows' '-allow_unsupported_OS' '-no_gui' '-fpv' './synthlc/i_MUL_out/xPerfLocCycleCount/cycle_count_id_stage_s1_.tcl' '-proj' './synthlc/i_MUL_out/xPerfLocCycleCount/cycle_count_id_stage_s1_jgsession_26-02-26-02_58_50'
2026-02-26 02:58:50.502337 (1918223) main____ INFO      locale    : UTF-8
2026-02-26 02:58:50.502346 (1918223) main____ INFO    ----------------------------------------
2026-02-26 02:58:50.502355 (1918223) main____ INFO    System resource limits info:
2026-02-26 02:58:50.502368 (1918223) main____ INFO      virtual memory: unlimited
2026-02-26 02:58:50.502380 (1918223) main____ INFO      cpu time      : unlimited
2026-02-26 02:58:50.502399 (1918223) main____ INFO      processes     : 4096
2026-02-26 02:58:50.502418 (1918223) main____ INFO      stack size    : 8388608 B
2026-02-26 02:58:50.502433 (1918223) main____ INFO      core file size: 0 B
2026-02-26 02:58:50.502446 (1918223) main____ INFO      open files    : 4096
2026-02-26 02:58:50.502457 (1918223) main____ INFO      file size     : unlimited
2026-02-26 02:58:50.502467 (1918223) main____ INFO    ----------------------------------------
2026-02-26 02:58:50.502476 (1918223) main____ INFO    Memory statistics:
2026-02-26 02:58:50.502487 (1918223) main____ INFO      total physical memory  : 98449088 kB
2026-02-26 02:58:50.502498 (1918223) main____ INFO      free physical memory   : 78721864 kB
2026-02-26 02:58:50.502510 (1918223) main____ INFO      committed address space: 5603624 kB
2026-02-26 02:58:50.502519 (1918223) main____ INFO    ----------------------------------------
2026-02-26 02:58:50.503751 (1918223) main____ INFO    Important environment variables:
2026-02-26 02:58:50.503783 (1918223) main____ INFO      CDS_LIC_FILE       : '5280@cadlic0'
2026-02-26 02:58:50.503796 (1918223) main____ INFO      DISPLAY            : 'localhost:12.0'
2026-02-26 02:58:50.503808 (1918223) main____ INFO      JASPER_INSTALL_DIR : '/cad/cadence/jasper_2023.12p001'
2026-02-26 02:58:50.503819 (1918223) main____ INFO      JASPER_KERNEL_CHECK: '1'
2026-02-26 02:58:50.503831 (1918223) main____ INFO      JASPER_OS_CHECK    : '0'
2026-02-26 02:58:50.503842 (1918223) main____ INFO      LANG               : 'zh_TW.UTF-8'
2026-02-26 02:58:50.503852 (1918223) main____ INFO    ----------------------------------------
2026-02-26 02:58:50.505012 (1918223) lic_core INFO    Initializing license system ...
2026-02-26 02:58:50.506424 (1918223) lic_core INFO    ... license system initialized.
2026-02-26 02:58:50.560158 (1918223) lic__man INFO    Claim 'main' for <ui>.
2026-02-26 02:58:50.560215 (1918223) lic_core INFO    (1) checking out 'jasper_interactive' ...
2026-02-26 02:58:50.572690 (1918223) lic_core INFO    ... (1) checkout succeeded
2026-02-26 02:58:50.572773 (1918223) lic__man INFO    Claim 'fpv' for <ui>.
2026-02-26 02:58:50.572800 (1918223) lic_core INFO    (2) checking out 'jasper_fpv' ...
2026-02-26 02:58:50.577025 (1918223) lic_core INFO    ... (2) checkout failed (error: -5) ("FLEXnet ERROR(-5, 0, 0): No such feature exists.")
2026-02-26 02:58:50.577063 (1918223) lic_core INFO    (3) checking out 'jasper_fao' ...
2026-02-26 02:58:50.588170 (1918223) lic_core INFO    ... (3) checkout succeeded
2026-02-26 02:58:50.590754 (1918234) stdio___ INFO    Starting STDIN reader (tty: yes, tty name: '/dev/pts/0')
2026-02-26 02:58:50.590828 (1918223) main____ INFO    Tool inactivity delay is 480000 ms.
2026-02-26 02:58:50.717104 (1918223) session_ INFO    Starting analysis session with session id 'session_0' (launcher: <local>) ...
2026-02-26 02:58:50.718967 (1918223) session_ INFO    Analysis session with session id 'session_0' started (pid: 1918235)
2026-02-26 02:58:51.885797 (1918223) session_ INFO    Analysis session 'session_0' connected to the console (host: 127.0.0.1:60330)
2026-02-26 02:58:55.186586 (1918223) lic__man INFO    Unclaim everything for 'session_0'.
2026-02-26 02:58:55.419470 (1918223) lic__man INFO    Claim 'fpv' for 'session_0'.
2026-02-26 02:58:55.419505 (1918223) lic__man INFO    Claim 'fpv' for 'session_0/prove-0'.
2026-02-26 02:58:56.427056 (1918223) lic__man INFO    Unclaim everything for 'session_0/prove-0'.
2026-02-26 02:58:56.441840 (1918223) lic__man INFO    Claim 'fpv' for 'session_0'.
2026-02-26 02:58:56.441870 (1918223) lic__man INFO    Claim 'fpv' for 'session_0/prove-1'.
2026-02-26 02:58:57.556738 (1918223) lic__man INFO    Unclaim everything for 'session_0/prove-1'.
2026-02-26 02:58:57.568061 (1918223) lic__man INFO    Claim 'fpv' for 'session_0'.
2026-02-26 02:58:57.568112 (1918223) lic__man INFO    Claim 'fpv' for 'session_0/prove-2'.
2026-02-26 02:58:58.731328 (1918223) lic__man INFO    Unclaim everything for 'session_0/prove-2'.
2026-02-26 02:58:58.756841 (1918223) lic__man INFO    Claim 'fpv' for 'session_0'.
2026-02-26 02:58:58.756879 (1918223) lic__man INFO    Claim 'fpv' for 'session_0/prove-3'.
2026-02-26 02:58:59.857560 (1918223) lic__man INFO    Unclaim everything for 'session_0/prove-3'.
2026-02-26 02:58:59.858119 (1918223) lic__man INFO    Claim 'fpv' for 'session_0'.
2026-02-26 02:58:59.858143 (1918223) lic__man INFO    Claim 'fpv' for 'session_0/prove-4'.
2026-02-26 02:59:00.718327 (1918223) lic__man INFO    Unclaim everything for 'session_0/prove-4'.
2026-02-26 02:59:00.726440 (1918223) lic__man INFO    Claim 'fpv' for 'session_0'.
2026-02-26 02:59:00.726471 (1918223) lic__man INFO    Claim 'fpv' for 'session_0/prove-5'.
2026-02-26 02:59:01.777513 (1918223) lic__man INFO    Unclaim everything for 'session_0/prove-5'.
2026-02-26 02:59:01.825938 (1918223) main____ INFO    About to exit: request to exit with status 0 received from analysis session 'session_0'
2026-02-26 02:59:01.995906 (1918223) session_ INFO    Analysis session 'session_0' disconnected.
2026-02-26 02:59:01.996136 (1918223) lic__man INFO    Unclaim everything for 'session_0'.
2026-02-26 02:59:01.996331 (1918223) session_ INFO    Process for analysis session 'session_0' has exited with exit status '0'.
2026-02-26 02:59:03.892744 (1918234) stdio___ INFO    STDIN reader requested to stop.
2026-02-26 02:59:03.892797 (1918234) stdio___ INFO    STDIN reader stopped.
2026-02-26 02:59:03.893046 (1918223) lic_core INFO    (1) checkin jasper_interactive
2026-02-26 02:59:03.894862 (1918223) lic_core INFO    (3) checkin jasper_fao
2026-02-26 02:59:03.896958 (1918223) main____ INFO    Exiting with status 0.
