2026-02-25 13:26:36.863867 (3159923) main____ INFO    ----------------------------------------
2026-02-25 13:26:36.863960 (3159923) main____ INFO    Jasper version info
2026-02-25 13:26:36.863976 (3159923) main____ INFO      tool      : Jasper 2023.12
2026-02-25 13:26:36.863991 (3159923) main____ INFO      version   : 2023.12p001 64 bits
2026-02-25 13:26:36.864004 (3159923) main____ INFO      build date: 2024.01.23 16:09:24 UTC
2026-02-25 13:26:36.864014 (3159923) main____ INFO    ----------------------------------------
2026-02-25 13:26:36.864024 (3159923) main____ INFO    Runtime info:
2026-02-25 13:26:36.864048 (3159923) main____ INFO      platform  : Linux 4.18.0-553.89.1.el8_10.x86_64 x86_64
2026-02-25 13:26:36.864067 (3159923) main____ INFO      hostname  : caddy15.stanford.edu
2026-02-25 13:26:36.864083 (3159923) main____ INFO      pid       : 3159923
2026-02-25 13:26:36.864094 (3159923) main____ INFO      arguments : '-style' 'windows' '-allow_unsupported_OS' '-no_gui' '-fpv' './synthlc/i_DIV_out/xPairwiseDepDiv/nunv_anytwo_317_.tcl' '-proj' './synthlc/i_DIV_out/xPairwiseDepDiv/nunv_anytwo_317_jgsession_26-02-25-13_26_36'
2026-02-25 13:26:36.864112 (3159923) main____ INFO      locale    : UTF-8
2026-02-25 13:26:36.864122 (3159923) main____ INFO    ----------------------------------------
2026-02-25 13:26:36.864131 (3159923) main____ INFO    System resource limits info:
2026-02-25 13:26:36.864144 (3159923) main____ INFO      virtual memory: unlimited
2026-02-25 13:26:36.864156 (3159923) main____ INFO      cpu time      : unlimited
2026-02-25 13:26:36.864175 (3159923) main____ INFO      processes     : 4096
2026-02-25 13:26:36.864197 (3159923) main____ INFO      stack size    : 8388608 B
2026-02-25 13:26:36.864211 (3159923) main____ INFO      core file size: 0 B
2026-02-25 13:26:36.864224 (3159923) main____ INFO      open files    : 4096
2026-02-25 13:26:36.864236 (3159923) main____ INFO      file size     : unlimited
2026-02-25 13:26:36.864246 (3159923) main____ INFO    ----------------------------------------
2026-02-25 13:26:36.864256 (3159923) main____ INFO    Memory statistics:
2026-02-25 13:26:36.864267 (3159923) main____ INFO      total physical memory  : 98449092 kB
2026-02-25 13:26:36.864279 (3159923) main____ INFO      free physical memory   : 76777992 kB
2026-02-25 13:26:36.864291 (3159923) main____ INFO      committed address space: 8290104 kB
2026-02-25 13:26:36.864312 (3159923) main____ INFO    ----------------------------------------
2026-02-25 13:26:36.865476 (3159923) main____ INFO    Important environment variables:
2026-02-25 13:26:36.865505 (3159923) main____ INFO      CDS_LIC_FILE       : '5280@cadlic0'
2026-02-25 13:26:36.865518 (3159923) main____ INFO      JASPER_INSTALL_DIR : '/cad/cadence/jasper_2023.12p001'
2026-02-25 13:26:36.865530 (3159923) main____ INFO      JASPER_KERNEL_CHECK: '1'
2026-02-25 13:26:36.865542 (3159923) main____ INFO      JASPER_OS_CHECK    : '0'
2026-02-25 13:26:36.865554 (3159923) main____ INFO      LANG               : 'en_US.UTF-8'
2026-02-25 13:26:36.865565 (3159923) main____ INFO    ----------------------------------------
2026-02-25 13:26:36.874515 (3159923) lic_core INFO    Initializing license system ...
2026-02-25 13:26:36.884741 (3159923) lic_core INFO    ... license system initialized.
2026-02-25 13:26:36.965660 (3159923) lic__man INFO    Claim 'main' for <ui>.
2026-02-25 13:26:36.965730 (3159923) lic_core INFO    (1) checking out 'jasper_interactive' ...
2026-02-25 13:26:36.982130 (3159923) lic_core INFO    ... (1) checkout succeeded
2026-02-25 13:26:36.982244 (3159923) lic__man INFO    Claim 'fpv' for <ui>.
2026-02-25 13:26:36.982273 (3159923) lic_core INFO    (2) checking out 'jasper_fpv' ...
2026-02-25 13:26:37.020782 (3159923) lic_core INFO    ... (2) checkout failed (error: -5) ("FLEXnet ERROR(-5, 0, 0): No such feature exists.")
2026-02-25 13:26:37.021700 (3159923) lic_core INFO    (3) checking out 'jasper_fao' ...
2026-02-25 13:26:37.066545 (3159923) lic_core INFO    ... (3) checkout succeeded
2026-02-25 13:26:37.081531 (3159923) main____ INFO    Tool inactivity delay is 480000 ms.
2026-02-25 13:26:37.081899 (3159934) stdio___ INFO    Starting STDIN reader (tty: yes, tty name: '/dev/pts/0')
2026-02-25 13:26:37.240671 (3159923) session_ INFO    Starting analysis session with session id 'session_0' (launcher: <local>) ...
2026-02-25 13:26:37.242891 (3159923) session_ INFO    Analysis session with session id 'session_0' started (pid: 3159935)
2026-02-25 13:26:38.601757 (3159923) session_ INFO    Analysis session 'session_0' connected to the console (host: 127.0.0.1:46148)
2026-02-25 13:26:42.721394 (3159923) lic__man INFO    Unclaim everything for 'session_0'.
2026-02-25 13:26:43.006603 (3159923) lic__man INFO    Claim 'fpv' for 'session_0'.
2026-02-25 13:26:43.006653 (3159923) lic__man INFO    Claim 'fpv' for 'session_0/prove-0'.
2026-02-25 13:26:45.659456 (3159923) lic__man INFO    Unclaim everything for 'session_0/prove-0'.
2026-02-25 13:26:45.698525 (3159923) main____ INFO    About to exit: request to exit with status 0 received from analysis session 'session_0'
2026-02-25 13:26:45.923343 (3159923) session_ INFO    Analysis session 'session_0' disconnected.
2026-02-25 13:26:45.923496 (3159923) lic__man INFO    Unclaim everything for 'session_0'.
2026-02-25 13:26:45.923779 (3159923) session_ INFO    Process for analysis session 'session_0' has exited with exit status '0'.
2026-02-25 13:26:47.814018 (3159934) stdio___ INFO    STDIN reader requested to stop.
2026-02-25 13:26:47.814088 (3159934) stdio___ INFO    STDIN reader stopped.
2026-02-25 13:26:47.814480 (3159923) lic_core INFO    (1) checkin jasper_interactive
2026-02-25 13:26:47.818514 (3159923) lic_core INFO    (3) checkin jasper_fao
2026-02-25 13:26:47.846377 (3159923) main____ INFO    Exiting with status 0.
