2026-02-26 01:12:23.223270 (1816027) main____ INFO    ----------------------------------------
2026-02-26 01:12:23.223367 (1816027) main____ INFO    Jasper version info
2026-02-26 01:12:23.223383 (1816027) main____ INFO      tool      : Jasper 2023.12
2026-02-26 01:12:23.223399 (1816027) main____ INFO      version   : 2023.12p001 64 bits
2026-02-26 01:12:23.223413 (1816027) main____ INFO      build date: 2024.01.23 16:09:24 UTC
2026-02-26 01:12:23.223422 (1816027) main____ INFO    ----------------------------------------
2026-02-26 01:12:23.223431 (1816027) main____ INFO    Runtime info:
2026-02-26 01:12:23.223442 (1816027) main____ INFO      platform  : Linux 4.18.0-553.89.1.el8_10.x86_64 x86_64
2026-02-26 01:12:23.223462 (1816027) main____ INFO      hostname  : caddy12.stanford.edu
2026-02-26 01:12:23.223477 (1816027) main____ INFO      pid       : 1816027
2026-02-26 01:12:23.223489 (1816027) main____ INFO      arguments : '-style' 'windows' '-allow_unsupported_OS' '-no_gui' '-fpv' './synthlc/i_MUL_out/xPairwiseDepDiv/nunv_anytwo_31_.tcl' '-proj' './synthlc/i_MUL_out/xPairwiseDepDiv/nunv_anytwo_31_jgsession_26-02-26-01_12_22'
2026-02-26 01:12:23.223506 (1816027) main____ INFO      locale    : UTF-8
2026-02-26 01:12:23.223516 (1816027) main____ INFO    ----------------------------------------
2026-02-26 01:12:23.223525 (1816027) main____ INFO    System resource limits info:
2026-02-26 01:12:23.223537 (1816027) main____ INFO      virtual memory: unlimited
2026-02-26 01:12:23.223549 (1816027) main____ INFO      cpu time      : unlimited
2026-02-26 01:12:23.223567 (1816027) main____ INFO      processes     : 4096
2026-02-26 01:12:23.223588 (1816027) main____ INFO      stack size    : 8388608 B
2026-02-26 01:12:23.223603 (1816027) main____ INFO      core file size: 0 B
2026-02-26 01:12:23.223615 (1816027) main____ INFO      open files    : 4096
2026-02-26 01:12:23.223627 (1816027) main____ INFO      file size     : unlimited
2026-02-26 01:12:23.223636 (1816027) main____ INFO    ----------------------------------------
2026-02-26 01:12:23.223645 (1816027) main____ INFO    Memory statistics:
2026-02-26 01:12:23.223657 (1816027) main____ INFO      total physical memory  : 98449088 kB
2026-02-26 01:12:23.223683 (1816027) main____ INFO      free physical memory   : 77759196 kB
2026-02-26 01:12:23.223694 (1816027) main____ INFO      committed address space: 7513108 kB
2026-02-26 01:12:23.223704 (1816027) main____ INFO    ----------------------------------------
2026-02-26 01:12:23.224909 (1816027) main____ INFO    Important environment variables:
2026-02-26 01:12:23.224934 (1816027) main____ INFO      CDS_LIC_FILE       : '5280@cadlic0'
2026-02-26 01:12:23.224947 (1816027) main____ INFO      DISPLAY            : 'localhost:12.0'
2026-02-26 01:12:23.224959 (1816027) main____ INFO      JASPER_INSTALL_DIR : '/cad/cadence/jasper_2023.12p001'
2026-02-26 01:12:23.224971 (1816027) main____ INFO      JASPER_KERNEL_CHECK: '1'
2026-02-26 01:12:23.224982 (1816027) main____ INFO      JASPER_OS_CHECK    : '0'
2026-02-26 01:12:23.224994 (1816027) main____ INFO      LANG               : 'zh_TW.UTF-8'
2026-02-26 01:12:23.225003 (1816027) main____ INFO    ----------------------------------------
2026-02-26 01:12:23.233958 (1816027) lic_core INFO    Initializing license system ...
2026-02-26 01:12:23.254017 (1816027) lic_core INFO    ... license system initialized.
2026-02-26 01:12:23.278247 (1816027) lic__man INFO    Claim 'main' for <ui>.
2026-02-26 01:12:23.278309 (1816027) lic_core INFO    (1) checking out 'jasper_interactive' ...
2026-02-26 01:12:23.291019 (1816027) lic_core INFO    ... (1) checkout succeeded
2026-02-26 01:12:23.291117 (1816027) lic__man INFO    Claim 'fpv' for <ui>.
2026-02-26 01:12:23.291142 (1816027) lic_core INFO    (2) checking out 'jasper_fpv' ...
2026-02-26 01:12:23.299913 (1816027) lic_core INFO    ... (2) checkout failed (error: -5) ("FLEXnet ERROR(-5, 0, 0): No such feature exists.")
2026-02-26 01:12:23.299960 (1816027) lic_core INFO    (3) checking out 'jasper_fao' ...
2026-02-26 01:12:23.315691 (1816027) lic_core INFO    ... (3) checkout succeeded
2026-02-26 01:12:23.316995 (1816027) main____ INFO    Tool inactivity delay is 480000 ms.
2026-02-26 01:12:23.326257 (1816058) stdio___ INFO    Starting STDIN reader (tty: yes, tty name: '/dev/pts/0')
2026-02-26 01:12:23.435893 (1816027) session_ INFO    Starting analysis session with session id 'session_0' (launcher: <local>) ...
2026-02-26 01:12:23.437940 (1816027) session_ INFO    Analysis session with session id 'session_0' started (pid: 1816073)
2026-02-26 01:12:24.866185 (1816027) session_ INFO    Analysis session 'session_0' connected to the console (host: 127.0.0.1:36702)
2026-02-26 01:12:28.887890 (1816027) lic__man INFO    Unclaim everything for 'session_0'.
2026-02-26 01:12:29.309226 (1816027) lic__man INFO    Claim 'fpv' for 'session_0'.
2026-02-26 01:12:29.309273 (1816027) lic__man INFO    Claim 'fpv' for 'session_0/prove-0'.
2026-02-26 01:12:31.523150 (1816027) lic__man INFO    Unclaim everything for 'session_0/prove-0'.
2026-02-26 01:12:31.573090 (1816027) main____ INFO    About to exit: request to exit with status 0 received from analysis session 'session_0'
2026-02-26 01:12:32.116010 (1816027) session_ INFO    Analysis session 'session_0' disconnected.
2026-02-26 01:12:32.116214 (1816027) lic__man INFO    Unclaim everything for 'session_0'.
2026-02-26 01:12:32.116415 (1816027) session_ INFO    Process for analysis session 'session_0' has exited with exit status '0'.
2026-02-26 01:12:33.487769 (1816058) stdio___ INFO    STDIN reader requested to stop.
2026-02-26 01:12:33.487827 (1816058) stdio___ INFO    STDIN reader stopped.
2026-02-26 01:12:33.490964 (1816027) lic_core INFO    (1) checkin jasper_interactive
2026-02-26 01:12:33.495942 (1816027) lic_core INFO    (3) checkin jasper_fao
2026-02-26 01:12:33.518750 (1816027) main____ INFO    Exiting with status 0.
