2026-02-28 22:00:59.808261 (3727879) main____ INFO    ----------------------------------------
2026-02-28 22:00:59.808372 (3727879) main____ INFO    Jasper version info
2026-02-28 22:00:59.808391 (3727879) main____ INFO      tool      : Jasper 2023.12
2026-02-28 22:00:59.808410 (3727879) main____ INFO      version   : 2023.12p001 64 bits
2026-02-28 22:00:59.808426 (3727879) main____ INFO      build date: 2024.01.23 16:09:24 UTC
2026-02-28 22:00:59.808438 (3727879) main____ INFO    ----------------------------------------
2026-02-28 22:00:59.808450 (3727879) main____ INFO    Runtime info:
2026-02-28 22:00:59.808463 (3727879) main____ INFO      platform  : Linux 4.18.0-553.89.1.el8_10.x86_64 x86_64
2026-02-28 22:00:59.808484 (3727879) main____ INFO      hostname  : caddy12.stanford.edu
2026-02-28 22:00:59.808502 (3727879) main____ INFO      pid       : 3727879
2026-02-28 22:00:59.808515 (3727879) main____ INFO      arguments : '-style' 'windows' '-allow_unsupported_OS' '-no_gui' '-fpv' './synthlc/i_ADDI_out/xPairwiseDepDiv/nunv_anytwo_176_.tcl' '-proj' './synthlc/i_ADDI_out/xPairwiseDepDiv/nunv_anytwo_176_jgsession_26-02-28-22_00_58'
2026-02-28 22:00:59.808536 (3727879) main____ INFO      locale    : UTF-8
2026-02-28 22:00:59.808548 (3727879) main____ INFO    ----------------------------------------
2026-02-28 22:00:59.808559 (3727879) main____ INFO    System resource limits info:
2026-02-28 22:00:59.808574 (3727879) main____ INFO      virtual memory: unlimited
2026-02-28 22:00:59.808589 (3727879) main____ INFO      cpu time      : unlimited
2026-02-28 22:00:59.808609 (3727879) main____ INFO      processes     : 4096
2026-02-28 22:00:59.808632 (3727879) main____ INFO      stack size    : 8388608 B
2026-02-28 22:00:59.808649 (3727879) main____ INFO      core file size: 0 B
2026-02-28 22:00:59.808680 (3727879) main____ INFO      open files    : 4096
2026-02-28 22:00:59.808694 (3727879) main____ INFO      file size     : unlimited
2026-02-28 22:00:59.808706 (3727879) main____ INFO    ----------------------------------------
2026-02-28 22:00:59.808718 (3727879) main____ INFO    Memory statistics:
2026-02-28 22:00:59.808732 (3727879) main____ INFO      total physical memory  : 98449088 kB
2026-02-28 22:00:59.808746 (3727879) main____ INFO      free physical memory   : 80297420 kB
2026-02-28 22:00:59.808759 (3727879) main____ INFO      committed address space: 15246484 kB
2026-02-28 22:00:59.808771 (3727879) main____ INFO    ----------------------------------------
2026-02-28 22:00:59.810164 (3727879) main____ INFO    Important environment variables:
2026-02-28 22:00:59.810194 (3727879) main____ INFO      CDS_LIC_FILE       : '5280@cadlic0'
2026-02-28 22:00:59.810210 (3727879) main____ INFO      DISPLAY            : 'localhost:12.0'
2026-02-28 22:00:59.810224 (3727879) main____ INFO      JASPER_INSTALL_DIR : '/cad/cadence/jasper_2023.12p001'
2026-02-28 22:00:59.810238 (3727879) main____ INFO      JASPER_KERNEL_CHECK: '1'
2026-02-28 22:00:59.810252 (3727879) main____ INFO      JASPER_OS_CHECK    : '0'
2026-02-28 22:00:59.810266 (3727879) main____ INFO      LANG               : 'zh_TW.UTF-8'
2026-02-28 22:00:59.810278 (3727879) main____ INFO    ----------------------------------------
2026-02-28 22:00:59.812838 (3727879) lic_core INFO    Initializing license system ...
2026-02-28 22:00:59.897512 (3727879) lic_core INFO    ... license system initialized.
2026-02-28 22:01:00.083163 (3727879) lic__man INFO    Claim 'main' for <ui>.
2026-02-28 22:01:00.083248 (3727879) lic_core INFO    (1) checking out 'jasper_interactive' ...
2026-02-28 22:01:00.195172 (3727879) lic_core INFO    ... (1) checkout succeeded
2026-02-28 22:01:00.195298 (3727879) lic__man INFO    Claim 'fpv' for <ui>.
2026-02-28 22:01:00.195333 (3727879) lic_core INFO    (2) checking out 'jasper_fpv' ...
2026-02-28 22:01:00.274191 (3727879) lic_core INFO    ... (2) checkout failed (error: -5) ("FLEXnet ERROR(-5, 0, 0): No such feature exists.")
2026-02-28 22:01:00.274263 (3727879) lic_core INFO    (3) checking out 'jasper_fao' ...
2026-02-28 22:01:00.337191 (3727879) lic_core INFO    ... (3) checkout succeeded
2026-02-28 22:01:00.368697 (3727879) main____ INFO    Tool inactivity delay is 480000 ms.
2026-02-28 22:01:00.382901 (3727895) stdio___ INFO    Starting STDIN reader (tty: yes, tty name: '/dev/pts/0')
2026-02-28 22:01:00.761146 (3727879) session_ INFO    Starting analysis session with session id 'session_0' (launcher: <local>) ...
2026-02-28 22:01:00.763225 (3727879) session_ INFO    Analysis session with session id 'session_0' started (pid: 3727896)
2026-02-28 22:01:03.295396 (3727879) session_ INFO    Analysis session 'session_0' connected to the console (host: 127.0.0.1:41020)
2026-02-28 22:01:17.213780 (3727879) lic__man INFO    Unclaim everything for 'session_0'.
2026-02-28 22:01:17.810215 (3727879) lic__man INFO    Claim 'fpv' for 'session_0'.
2026-02-28 22:01:17.810269 (3727879) lic__man INFO    Claim 'fpv' for 'session_0/prove-0'.
2026-02-28 22:01:27.631190 (3727879) lic__man INFO    Unclaim everything for 'session_0/prove-0'.
2026-02-28 22:01:27.647989 (3727879) main____ INFO    About to exit: request to exit with status 0 received from analysis session 'session_0'
2026-02-28 22:01:28.124710 (3727879) session_ INFO    Analysis session 'session_0' disconnected.
2026-02-28 22:01:28.124862 (3727879) lic__man INFO    Unclaim everything for 'session_0'.
2026-02-28 22:01:28.135893 (3727879) session_ INFO    Process for analysis session 'session_0' has exited with exit status '0'.
2026-02-28 22:01:29.763176 (3727895) stdio___ INFO    STDIN reader requested to stop.
2026-02-28 22:01:29.763250 (3727895) stdio___ INFO    STDIN reader stopped.
2026-02-28 22:01:29.773942 (3727879) lic_core INFO    (1) checkin jasper_interactive
2026-02-28 22:01:29.793890 (3727879) lic_core INFO    (3) checkin jasper_fao
2026-02-28 22:01:29.845701 (3727879) main____ INFO    Exiting with status 0.
