2026-02-27 15:41:37.576185 (3128106) main____ INFO    ----------------------------------------
2026-02-27 15:41:37.576278 (3128106) main____ INFO    Jasper version info
2026-02-27 15:41:37.576295 (3128106) main____ INFO      tool      : Jasper 2023.12
2026-02-27 15:41:37.576311 (3128106) main____ INFO      version   : 2023.12p001 64 bits
2026-02-27 15:41:37.576325 (3128106) main____ INFO      build date: 2024.01.23 16:09:24 UTC
2026-02-27 15:41:37.576335 (3128106) main____ INFO    ----------------------------------------
2026-02-27 15:41:37.576345 (3128106) main____ INFO    Runtime info:
2026-02-27 15:41:37.576356 (3128106) main____ INFO      platform  : Linux 4.18.0-553.89.1.el8_10.x86_64 x86_64
2026-02-27 15:41:37.576375 (3128106) main____ INFO      hostname  : caddy12.stanford.edu
2026-02-27 15:41:37.576391 (3128106) main____ INFO      pid       : 3128106
2026-02-27 15:41:37.576402 (3128106) main____ INFO      arguments : '-style' 'windows' '-allow_unsupported_OS' '-no_gui' '-fpv' './synthlc/i_DIV_out/xPairwiseDepDiv/exclusive_5_.tcl' '-proj' './synthlc/i_DIV_out/xPairwiseDepDiv/exclusive_5_jgsession_26-02-27-15_41_36'
2026-02-27 15:41:37.576420 (3128106) main____ INFO      locale    : UTF-8
2026-02-27 15:41:37.576430 (3128106) main____ INFO    ----------------------------------------
2026-02-27 15:41:37.576440 (3128106) main____ INFO    System resource limits info:
2026-02-27 15:41:37.576452 (3128106) main____ INFO      virtual memory: unlimited
2026-02-27 15:41:37.576465 (3128106) main____ INFO      cpu time      : unlimited
2026-02-27 15:41:37.576483 (3128106) main____ INFO      processes     : 4096
2026-02-27 15:41:37.576504 (3128106) main____ INFO      stack size    : 8388608 B
2026-02-27 15:41:37.576518 (3128106) main____ INFO      core file size: 0 B
2026-02-27 15:41:37.576532 (3128106) main____ INFO      open files    : 4096
2026-02-27 15:41:37.576544 (3128106) main____ INFO      file size     : unlimited
2026-02-27 15:41:37.576554 (3128106) main____ INFO    ----------------------------------------
2026-02-27 15:41:37.576564 (3128106) main____ INFO    Memory statistics:
2026-02-27 15:41:37.576577 (3128106) main____ INFO      total physical memory  : 98449088 kB
2026-02-27 15:41:37.576589 (3128106) main____ INFO      free physical memory   : 77153408 kB
2026-02-27 15:41:37.576600 (3128106) main____ INFO      committed address space: 4786640 kB
2026-02-27 15:41:37.576610 (3128106) main____ INFO    ----------------------------------------
2026-02-27 15:41:37.577818 (3128106) main____ INFO    Important environment variables:
2026-02-27 15:41:37.577844 (3128106) main____ INFO      CDS_LIC_FILE       : '5280@cadlic0'
2026-02-27 15:41:37.577858 (3128106) main____ INFO      DISPLAY            : 'localhost:12.0'
2026-02-27 15:41:37.577870 (3128106) main____ INFO      JASPER_INSTALL_DIR : '/cad/cadence/jasper_2023.12p001'
2026-02-27 15:41:37.577882 (3128106) main____ INFO      JASPER_KERNEL_CHECK: '1'
2026-02-27 15:41:37.577894 (3128106) main____ INFO      JASPER_OS_CHECK    : '0'
2026-02-27 15:41:37.577907 (3128106) main____ INFO      LANG               : 'zh_TW.UTF-8'
2026-02-27 15:41:37.577917 (3128106) main____ INFO    ----------------------------------------
2026-02-27 15:41:37.589819 (3128106) lic_core INFO    Initializing license system ...
2026-02-27 15:41:37.616967 (3128106) lic_core INFO    ... license system initialized.
2026-02-27 15:41:37.825030 (3128106) lic__man INFO    Claim 'main' for <ui>.
2026-02-27 15:41:37.825110 (3128106) lic_core INFO    (1) checking out 'jasper_interactive' ...
2026-02-27 15:41:37.916961 (3128106) lic_core INFO    ... (1) checkout succeeded
2026-02-27 15:41:37.917084 (3128106) lic__man INFO    Claim 'fpv' for <ui>.
2026-02-27 15:41:37.917115 (3128106) lic_core INFO    (2) checking out 'jasper_fpv' ...
2026-02-27 15:41:37.985170 (3128106) lic_core INFO    ... (2) checkout failed (error: -5) ("FLEXnet ERROR(-5, 0, 0): No such feature exists.")
2026-02-27 15:41:37.985247 (3128106) lic_core INFO    (3) checking out 'jasper_fao' ...
2026-02-27 15:41:38.064062 (3128106) lic_core INFO    ... (3) checkout succeeded
2026-02-27 15:41:38.088528 (3128106) main____ INFO    Tool inactivity delay is 480000 ms.
2026-02-27 15:41:38.097897 (3128141) stdio___ INFO    Starting STDIN reader (tty: yes, tty name: '/dev/pts/0')
2026-02-27 15:41:38.462819 (3128106) session_ INFO    Starting analysis session with session id 'session_0' (launcher: <local>) ...
2026-02-27 15:41:38.464929 (3128106) session_ INFO    Analysis session with session id 'session_0' started (pid: 3128156)
2026-02-27 15:41:40.008192 (3128106) session_ INFO    Analysis session 'session_0' connected to the console (host: 127.0.0.1:53328)
2026-02-27 15:41:49.091897 (3128106) lic__man INFO    Unclaim everything for 'session_0'.
2026-02-27 15:41:49.673326 (3128106) lic__man INFO    Claim 'fpv' for 'session_0'.
2026-02-27 15:41:49.673373 (3128106) lic__man INFO    Claim 'fpv' for 'session_0/prove-0'.
2026-02-27 15:42:05.451874 (3128106) lic__man INFO    Unclaim everything for 'session_0/prove-0'.
2026-02-27 15:42:05.456384 (3128106) main____ INFO    About to exit: request to exit with status 0 received from analysis session 'session_0'
2026-02-27 15:42:05.629353 (3128106) session_ INFO    Analysis session 'session_0' disconnected.
2026-02-27 15:42:05.629503 (3128106) lic__man INFO    Unclaim everything for 'session_0'.
2026-02-27 15:42:05.630455 (3128106) session_ INFO    Process for analysis session 'session_0' has exited with exit status '0'.
2026-02-27 15:42:07.404436 (3128141) stdio___ INFO    STDIN reader requested to stop.
2026-02-27 15:42:07.404495 (3128141) stdio___ INFO    STDIN reader stopped.
2026-02-27 15:42:07.415541 (3128106) lic_core INFO    (1) checkin jasper_interactive
2026-02-27 15:42:07.419884 (3128106) lic_core INFO    (3) checkin jasper_fao
2026-02-27 15:42:07.451714 (3128106) main____ INFO    Exiting with status 0.
