2026-02-26 03:25:45.806927 (3682639) main____ INFO    ----------------------------------------
2026-02-26 03:25:45.807026 (3682639) main____ INFO    Jasper version info
2026-02-26 03:25:45.807043 (3682639) main____ INFO      tool      : Jasper 2023.12
2026-02-26 03:25:45.807058 (3682639) main____ INFO      version   : 2023.12p001 64 bits
2026-02-26 03:25:45.807071 (3682639) main____ INFO      build date: 2024.01.23 16:09:24 UTC
2026-02-26 03:25:45.807080 (3682639) main____ INFO    ----------------------------------------
2026-02-26 03:25:45.807090 (3682639) main____ INFO    Runtime info:
2026-02-26 03:25:45.807101 (3682639) main____ INFO      platform  : Linux 4.18.0-553.89.1.el8_10.x86_64 x86_64
2026-02-26 03:25:45.807119 (3682639) main____ INFO      hostname  : caddy15.stanford.edu
2026-02-26 03:25:45.807135 (3682639) main____ INFO      pid       : 3682639
2026-02-26 03:25:45.807146 (3682639) main____ INFO      arguments : '-style' 'windows' '-allow_unsupported_OS' '-no_gui' '-fpv' './synthlc/i_ADDI_out/xPairwiseDepDiv/nunv_anytwo_28_.tcl' '-proj' './synthlc/i_ADDI_out/xPairwiseDepDiv/nunv_anytwo_28_jgsession_26-02-26-03_25_44'
2026-02-26 03:25:45.807164 (3682639) main____ INFO      locale    : UTF-8
2026-02-26 03:25:45.807174 (3682639) main____ INFO    ----------------------------------------
2026-02-26 03:25:45.807183 (3682639) main____ INFO    System resource limits info:
2026-02-26 03:25:45.807195 (3682639) main____ INFO      virtual memory: unlimited
2026-02-26 03:25:45.807208 (3682639) main____ INFO      cpu time      : unlimited
2026-02-26 03:25:45.807227 (3682639) main____ INFO      processes     : 4096
2026-02-26 03:25:45.807249 (3682639) main____ INFO      stack size    : 8388608 B
2026-02-26 03:25:45.807263 (3682639) main____ INFO      core file size: 0 B
2026-02-26 03:25:45.807277 (3682639) main____ INFO      open files    : 4096
2026-02-26 03:25:45.807289 (3682639) main____ INFO      file size     : unlimited
2026-02-26 03:25:45.807298 (3682639) main____ INFO    ----------------------------------------
2026-02-26 03:25:45.807324 (3682639) main____ INFO    Memory statistics:
2026-02-26 03:25:45.807336 (3682639) main____ INFO      total physical memory  : 98449092 kB
2026-02-26 03:25:45.807347 (3682639) main____ INFO      free physical memory   : 72096356 kB
2026-02-26 03:25:45.807359 (3682639) main____ INFO      committed address space: 12615248 kB
2026-02-26 03:25:45.807368 (3682639) main____ INFO    ----------------------------------------
2026-02-26 03:25:45.808549 (3682639) main____ INFO    Important environment variables:
2026-02-26 03:25:45.808576 (3682639) main____ INFO      CDS_LIC_FILE       : '5280@cadlic0'
2026-02-26 03:25:45.808589 (3682639) main____ INFO      JASPER_INSTALL_DIR : '/cad/cadence/jasper_2023.12p001'
2026-02-26 03:25:45.808601 (3682639) main____ INFO      JASPER_KERNEL_CHECK: '1'
2026-02-26 03:25:45.808613 (3682639) main____ INFO      JASPER_OS_CHECK    : '0'
2026-02-26 03:25:45.808625 (3682639) main____ INFO      LANG               : 'en_US.UTF-8'
2026-02-26 03:25:45.808634 (3682639) main____ INFO    ----------------------------------------
2026-02-26 03:25:45.810504 (3682639) lic_core INFO    Initializing license system ...
2026-02-26 03:25:45.890119 (3682639) lic_core INFO    ... license system initialized.
2026-02-26 03:25:46.074717 (3682639) lic__man INFO    Claim 'main' for <ui>.
2026-02-26 03:25:46.074790 (3682639) lic_core INFO    (1) checking out 'jasper_interactive' ...
2026-02-26 03:25:46.138642 (3682639) lic_core INFO    ... (1) checkout succeeded
2026-02-26 03:25:46.138749 (3682639) lic__man INFO    Claim 'fpv' for <ui>.
2026-02-26 03:25:46.138777 (3682639) lic_core INFO    (2) checking out 'jasper_fpv' ...
2026-02-26 03:25:46.193694 (3682639) lic_core INFO    ... (2) checkout failed (error: -5) ("FLEXnet ERROR(-5, 0, 0): No such feature exists.")
2026-02-26 03:25:46.193753 (3682639) lic_core INFO    (3) checking out 'jasper_fao' ...
2026-02-26 03:25:46.261656 (3682639) lic_core INFO    ... (3) checkout succeeded
2026-02-26 03:25:46.308246 (3682639) main____ INFO    Tool inactivity delay is 480000 ms.
2026-02-26 03:25:46.317565 (3682651) stdio___ INFO    Starting STDIN reader (tty: yes, tty name: '/dev/pts/0')
2026-02-26 03:25:46.625451 (3682639) session_ INFO    Starting analysis session with session id 'session_0' (launcher: <local>) ...
2026-02-26 03:25:46.627295 (3682639) session_ INFO    Analysis session with session id 'session_0' started (pid: 3682652)
2026-02-26 03:25:48.732919 (3682639) session_ INFO    Analysis session 'session_0' connected to the console (host: 127.0.0.1:46656)
2026-02-26 03:25:58.332093 (3682639) lic__man INFO    Unclaim everything for 'session_0'.
2026-02-26 03:25:58.901833 (3682639) lic__man INFO    Claim 'fpv' for 'session_0'.
2026-02-26 03:25:58.901879 (3682639) lic__man INFO    Claim 'fpv' for 'session_0/prove-0'.
2026-02-26 03:26:24.833600 (3682639) lic__man INFO    Unclaim everything for 'session_0/prove-0'.
2026-02-26 03:26:24.884675 (3682639) main____ INFO    About to exit: request to exit with status 0 received from analysis session 'session_0'
2026-02-26 03:26:25.265133 (3682639) session_ INFO    Analysis session 'session_0' disconnected.
2026-02-26 03:26:25.265330 (3682639) lic__man INFO    Unclaim everything for 'session_0'.
2026-02-26 03:26:25.265670 (3682639) session_ INFO    Process for analysis session 'session_0' has exited with exit status '0'.
2026-02-26 03:26:26.924247 (3682651) stdio___ INFO    STDIN reader requested to stop.
2026-02-26 03:26:26.924322 (3682651) stdio___ INFO    STDIN reader stopped.
2026-02-26 03:26:26.926614 (3682639) lic_core INFO    (1) checkin jasper_interactive
2026-02-26 03:26:26.931547 (3682639) lic_core INFO    (3) checkin jasper_fao
2026-02-26 03:26:26.963431 (3682639) main____ INFO    Exiting with status 0.
