2026-03-02 01:41:58.082244 (461311) main____ INFO    ----------------------------------------
2026-03-02 01:41:58.082342 (461311) main____ INFO    Jasper version info
2026-03-02 01:41:58.082360 (461311) main____ INFO      tool      : Jasper 2023.12
2026-03-02 01:41:58.082376 (461311) main____ INFO      version   : 2023.12p001 64 bits
2026-03-02 01:41:58.082391 (461311) main____ INFO      build date: 2024.01.23 16:09:24 UTC
2026-03-02 01:41:58.082403 (461311) main____ INFO    ----------------------------------------
2026-03-02 01:41:58.082413 (461311) main____ INFO    Runtime info:
2026-03-02 01:41:58.082425 (461311) main____ INFO      platform  : Linux 4.18.0-553.89.1.el8_10.x86_64 x86_64
2026-03-02 01:41:58.082445 (461311) main____ INFO      hostname  : caddy12.stanford.edu
2026-03-02 01:41:58.082462 (461311) main____ INFO      pid       : 461311
2026-03-02 01:41:58.082474 (461311) main____ INFO      arguments : '-style' 'windows' '-allow_unsupported_OS' '-no_gui' '-fpv' './synthlc/i_MUL_out/xHBPerfG_dfg_v3_div/HB_17_.tcl' '-proj' './synthlc/i_MUL_out/xHBPerfG_dfg_v3_div/HB_17_jgsession_26-03-02-01_41_57'
2026-03-02 01:41:58.082492 (461311) main____ INFO      locale    : UTF-8
2026-03-02 01:41:58.082503 (461311) main____ INFO    ----------------------------------------
2026-03-02 01:41:58.082513 (461311) main____ INFO    System resource limits info:
2026-03-02 01:41:58.082527 (461311) main____ INFO      virtual memory: unlimited
2026-03-02 01:41:58.082540 (461311) main____ INFO      cpu time      : unlimited
2026-03-02 01:41:58.082560 (461311) main____ INFO      processes     : 4096
2026-03-02 01:41:58.082582 (461311) main____ INFO      stack size    : 8388608 B
2026-03-02 01:41:58.082598 (461311) main____ INFO      core file size: 0 B
2026-03-02 01:41:58.082612 (461311) main____ INFO      open files    : 4096
2026-03-02 01:41:58.082625 (461311) main____ INFO      file size     : unlimited
2026-03-02 01:41:58.082636 (461311) main____ INFO    ----------------------------------------
2026-03-02 01:41:58.082647 (461311) main____ INFO    Memory statistics:
2026-03-02 01:41:58.082660 (461311) main____ INFO      total physical memory  : 98449088 kB
2026-03-02 01:41:58.082686 (461311) main____ INFO      free physical memory   : 83116488 kB
2026-03-02 01:41:58.082699 (461311) main____ INFO      committed address space: 12727124 kB
2026-03-02 01:41:58.082709 (461311) main____ INFO    ----------------------------------------
2026-03-02 01:41:58.083906 (461311) main____ INFO    Important environment variables:
2026-03-02 01:41:58.083934 (461311) main____ INFO      CDS_LIC_FILE       : '5280@cadlic0'
2026-03-02 01:41:58.083949 (461311) main____ INFO      DISPLAY            : 'localhost:12.0'
2026-03-02 01:41:58.083962 (461311) main____ INFO      JASPER_INSTALL_DIR : '/cad/cadence/jasper_2023.12p001'
2026-03-02 01:41:58.083975 (461311) main____ INFO      JASPER_KERNEL_CHECK: '1'
2026-03-02 01:41:58.083987 (461311) main____ INFO      JASPER_OS_CHECK    : '0'
2026-03-02 01:41:58.084000 (461311) main____ INFO      LANG               : 'zh_TW.UTF-8'
2026-03-02 01:41:58.084011 (461311) main____ INFO    ----------------------------------------
2026-03-02 01:41:58.085849 (461311) lic_core INFO    Initializing license system ...
2026-03-02 01:41:58.096913 (461311) lic_core INFO    ... license system initialized.
2026-03-02 01:41:58.241934 (461311) lic__man INFO    Claim 'main' for <ui>.
2026-03-02 01:41:58.242018 (461311) lic_core INFO    (1) checking out 'jasper_interactive' ...
2026-03-02 01:41:58.265533 (461311) lic_core INFO    ... (1) checkout succeeded
2026-03-02 01:41:58.265643 (461311) lic__man INFO    Claim 'fpv' for <ui>.
2026-03-02 01:41:58.265684 (461311) lic_core INFO    (2) checking out 'jasper_fpv' ...
2026-03-02 01:41:58.270157 (461311) lic_core INFO    ... (2) checkout failed (error: -5) ("FLEXnet ERROR(-5, 0, 0): No such feature exists.")
2026-03-02 01:41:58.270776 (461311) lic_core INFO    (3) checking out 'jasper_fao' ...
2026-03-02 01:41:58.281610 (461311) lic_core INFO    ... (3) checkout succeeded
2026-03-02 01:41:58.295871 (461311) main____ INFO    Tool inactivity delay is 480000 ms.
2026-03-02 01:41:58.308294 (461336) stdio___ INFO    Starting STDIN reader (tty: yes, tty name: '/dev/pts/0')
2026-03-02 01:41:58.468809 (461311) session_ INFO    Starting analysis session with session id 'session_0' (launcher: <local>) ...
2026-03-02 01:41:58.470713 (461311) session_ INFO    Analysis session with session id 'session_0' started (pid: 461339)
2026-03-02 01:42:00.001236 (461311) session_ INFO    Analysis session 'session_0' connected to the console (host: 127.0.0.1:59668)
2026-03-02 01:42:10.073176 (461311) lic__man INFO    Unclaim everything for 'session_0'.
2026-03-02 01:42:10.590280 (461311) lic__man INFO    Claim 'fpv' for 'session_0'.
2026-03-02 01:42:10.590328 (461311) lic__man INFO    Claim 'fpv' for 'session_0/prove-0'.
2026-03-02 01:42:15.214923 (461311) lic__man INFO    Unclaim everything for 'session_0/prove-0'.
2026-03-02 01:42:15.252968 (461311) main____ INFO    About to exit: request to exit with status 0 received from analysis session 'session_0'
2026-03-02 01:42:15.601216 (461311) session_ INFO    Analysis session 'session_0' disconnected.
2026-03-02 01:42:15.601389 (461311) lic__man INFO    Unclaim everything for 'session_0'.
2026-03-02 01:42:15.615922 (461311) session_ INFO    Process for analysis session 'session_0' has exited with exit status '0'.
2026-03-02 01:42:17.381750 (461336) stdio___ INFO    STDIN reader requested to stop.
2026-03-02 01:42:17.381825 (461336) stdio___ INFO    STDIN reader stopped.
2026-03-02 01:42:17.382498 (461311) lic_core INFO    (1) checkin jasper_interactive
2026-03-02 01:42:17.400938 (461311) lic_core INFO    (3) checkin jasper_fao
2026-03-02 01:42:17.412152 (461311) main____ INFO    Exiting with status 0.
