2026-03-01 05:27:32.583903 (3968187) main____ INFO    ----------------------------------------
2026-03-01 05:27:32.584002 (3968187) main____ INFO    Jasper version info
2026-03-01 05:27:32.584020 (3968187) main____ INFO      tool      : Jasper 2023.12
2026-03-01 05:27:32.584036 (3968187) main____ INFO      version   : 2023.12p001 64 bits
2026-03-01 05:27:32.584050 (3968187) main____ INFO      build date: 2024.01.23 16:09:24 UTC
2026-03-01 05:27:32.584061 (3968187) main____ INFO    ----------------------------------------
2026-03-01 05:27:32.584070 (3968187) main____ INFO    Runtime info:
2026-03-01 05:27:32.584081 (3968187) main____ INFO      platform  : Linux 4.18.0-553.89.1.el8_10.x86_64 x86_64
2026-03-01 05:27:32.584100 (3968187) main____ INFO      hostname  : caddy12.stanford.edu
2026-03-01 05:27:32.584116 (3968187) main____ INFO      pid       : 3968187
2026-03-01 05:27:32.584128 (3968187) main____ INFO      arguments : '-style' 'windows' '-allow_unsupported_OS' '-no_gui' '-fpv' './synthlc/i_LW_out/xPairwiseDepDiv/nunv_anytwo_289_.tcl' '-proj' './synthlc/i_LW_out/xPairwiseDepDiv/nunv_anytwo_289_jgsession_26-03-01-05_27_32'
2026-03-01 05:27:32.584145 (3968187) main____ INFO      locale    : UTF-8
2026-03-01 05:27:32.584156 (3968187) main____ INFO    ----------------------------------------
2026-03-01 05:27:32.584166 (3968187) main____ INFO    System resource limits info:
2026-03-01 05:27:32.584179 (3968187) main____ INFO      virtual memory: unlimited
2026-03-01 05:27:32.584191 (3968187) main____ INFO      cpu time      : unlimited
2026-03-01 05:27:32.584210 (3968187) main____ INFO      processes     : 4096
2026-03-01 05:27:32.584229 (3968187) main____ INFO      stack size    : 8388608 B
2026-03-01 05:27:32.584244 (3968187) main____ INFO      core file size: 0 B
2026-03-01 05:27:32.584258 (3968187) main____ INFO      open files    : 4096
2026-03-01 05:27:32.584270 (3968187) main____ INFO      file size     : unlimited
2026-03-01 05:27:32.584281 (3968187) main____ INFO    ----------------------------------------
2026-03-01 05:27:32.584291 (3968187) main____ INFO    Memory statistics:
2026-03-01 05:27:32.584303 (3968187) main____ INFO      total physical memory  : 98449088 kB
2026-03-01 05:27:32.584315 (3968187) main____ INFO      free physical memory   : 79634996 kB
2026-03-01 05:27:32.584327 (3968187) main____ INFO      committed address space: 15647660 kB
2026-03-01 05:27:32.584337 (3968187) main____ INFO    ----------------------------------------
2026-03-01 05:27:32.585539 (3968187) main____ INFO    Important environment variables:
2026-03-01 05:27:32.585566 (3968187) main____ INFO      CDS_LIC_FILE       : '5280@cadlic0'
2026-03-01 05:27:32.585580 (3968187) main____ INFO      DISPLAY            : 'localhost:12.0'
2026-03-01 05:27:32.585592 (3968187) main____ INFO      JASPER_INSTALL_DIR : '/cad/cadence/jasper_2023.12p001'
2026-03-01 05:27:32.585604 (3968187) main____ INFO      JASPER_KERNEL_CHECK: '1'
2026-03-01 05:27:32.585616 (3968187) main____ INFO      JASPER_OS_CHECK    : '0'
2026-03-01 05:27:32.585628 (3968187) main____ INFO      LANG               : 'zh_TW.UTF-8'
2026-03-01 05:27:32.585638 (3968187) main____ INFO    ----------------------------------------
2026-03-01 05:27:32.586873 (3968187) lic_core INFO    Initializing license system ...
2026-03-01 05:27:32.654448 (3968187) lic_core INFO    ... license system initialized.
2026-03-01 05:27:32.791959 (3968187) lic__man INFO    Claim 'main' for <ui>.
2026-03-01 05:27:32.792039 (3968187) lic_core INFO    (1) checking out 'jasper_interactive' ...
2026-03-01 05:27:32.842991 (3968187) lic_core INFO    ... (1) checkout succeeded
2026-03-01 05:27:32.843103 (3968187) lic__man INFO    Claim 'fpv' for <ui>.
2026-03-01 05:27:32.843134 (3968187) lic_core INFO    (2) checking out 'jasper_fpv' ...
2026-03-01 05:27:32.855061 (3968187) lic_core INFO    ... (2) checkout failed (error: -5) ("FLEXnet ERROR(-5, 0, 0): No such feature exists.")
2026-03-01 05:27:32.855126 (3968187) lic_core INFO    (3) checking out 'jasper_fao' ...
2026-03-01 05:27:32.871885 (3968187) lic_core INFO    ... (3) checkout succeeded
2026-03-01 05:27:32.875200 (3968187) main____ INFO    Tool inactivity delay is 480000 ms.
2026-03-01 05:27:32.890564 (3968204) stdio___ INFO    Starting STDIN reader (tty: yes, tty name: '/dev/pts/0')
2026-03-01 05:27:33.006559 (3968187) session_ INFO    Starting analysis session with session id 'session_0' (launcher: <local>) ...
2026-03-01 05:27:33.008486 (3968187) session_ INFO    Analysis session with session id 'session_0' started (pid: 3968208)
2026-03-01 05:27:34.648519 (3968187) session_ INFO    Analysis session 'session_0' connected to the console (host: 127.0.0.1:49674)
2026-03-01 05:27:39.175580 (3968187) lic__man INFO    Unclaim everything for 'session_0'.
2026-03-01 05:27:39.475162 (3968187) lic__man INFO    Claim 'fpv' for 'session_0'.
2026-03-01 05:27:39.475219 (3968187) lic__man INFO    Claim 'fpv' for 'session_0/prove-0'.
2026-03-01 05:27:41.370436 (3968187) lic__man INFO    Unclaim everything for 'session_0/prove-0'.
2026-03-01 05:27:41.384223 (3968187) main____ INFO    About to exit: request to exit with status 0 received from analysis session 'session_0'
2026-03-01 05:27:41.698557 (3968187) session_ INFO    Analysis session 'session_0' disconnected.
2026-03-01 05:27:41.698743 (3968187) lic__man INFO    Unclaim everything for 'session_0'.
2026-03-01 05:27:41.699355 (3968187) session_ INFO    Process for analysis session 'session_0' has exited with exit status '0'.
2026-03-01 05:27:43.395933 (3968204) stdio___ INFO    STDIN reader requested to stop.
2026-03-01 05:27:43.396005 (3968204) stdio___ INFO    STDIN reader stopped.
2026-03-01 05:27:43.396379 (3968187) lic_core INFO    (1) checkin jasper_interactive
2026-03-01 05:27:43.398901 (3968187) lic_core INFO    (3) checkin jasper_fao
2026-03-01 05:27:43.419825 (3968187) main____ INFO    Exiting with status 0.
