2026-02-28 01:51:34.152331 (582774) main____ INFO    ----------------------------------------
2026-02-28 01:51:34.152395 (582774) main____ INFO    Jasper version info
2026-02-28 01:51:34.152409 (582774) main____ INFO      tool      : Jasper 2023.12
2026-02-28 01:51:34.152423 (582774) main____ INFO      version   : 2023.12p001 64 bits
2026-02-28 01:51:34.152435 (582774) main____ INFO      build date: 2024.01.23 16:09:24 UTC
2026-02-28 01:51:34.152445 (582774) main____ INFO    ----------------------------------------
2026-02-28 01:51:34.152454 (582774) main____ INFO    Runtime info:
2026-02-28 01:51:34.152465 (582774) main____ INFO      platform  : Linux 4.18.0-553.89.1.el8_10.x86_64 x86_64
2026-02-28 01:51:34.152480 (582774) main____ INFO      hostname  : caddy10.stanford.edu
2026-02-28 01:51:34.152495 (582774) main____ INFO      pid       : 582774
2026-02-28 01:51:34.152505 (582774) main____ INFO      arguments : '-style' 'windows' '-allow_unsupported_OS' '-no_gui' '-fpv' './synthlc/i_MUL_out/xPairwiseDepDiv/exclusive_45_.tcl' '-proj' './synthlc/i_MUL_out/xPairwiseDepDiv/exclusive_45_jgsession_26-02-28-01_51_33'
2026-02-28 01:51:34.152520 (582774) main____ INFO      locale    : UTF-8
2026-02-28 01:51:34.152530 (582774) main____ INFO    ----------------------------------------
2026-02-28 01:51:34.152539 (582774) main____ INFO    System resource limits info:
2026-02-28 01:51:34.152551 (582774) main____ INFO      virtual memory: unlimited
2026-02-28 01:51:34.152563 (582774) main____ INFO      cpu time      : unlimited
2026-02-28 01:51:34.152579 (582774) main____ INFO      processes     : 4096
2026-02-28 01:51:34.152596 (582774) main____ INFO      stack size    : 8388608 B
2026-02-28 01:51:34.152609 (582774) main____ INFO      core file size: 0 B
2026-02-28 01:51:34.152621 (582774) main____ INFO      open files    : 4096
2026-02-28 01:51:34.152633 (582774) main____ INFO      file size     : unlimited
2026-02-28 01:51:34.152643 (582774) main____ INFO    ----------------------------------------
2026-02-28 01:51:34.152652 (582774) main____ INFO    Memory statistics:
2026-02-28 01:51:34.152663 (582774) main____ INFO      total physical memory  : 98449096 kB
2026-02-28 01:51:34.152673 (582774) main____ INFO      free physical memory   : 90474204 kB
2026-02-28 01:51:34.152684 (582774) main____ INFO      committed address space: 1855124 kB
2026-02-28 01:51:34.152693 (582774) main____ INFO    ----------------------------------------
2026-02-28 01:51:34.153800 (582774) main____ INFO    Important environment variables:
2026-02-28 01:51:34.153822 (582774) main____ INFO      CDS_LIC_FILE       : '5280@cadlic0'
2026-02-28 01:51:34.153834 (582774) main____ INFO      JASPER_INSTALL_DIR : '/cad/cadence/jasper_2023.12p001'
2026-02-28 01:51:34.153846 (582774) main____ INFO      JASPER_KERNEL_CHECK: '1'
2026-02-28 01:51:34.153858 (582774) main____ INFO      JASPER_OS_CHECK    : '0'
2026-02-28 01:51:34.153869 (582774) main____ INFO      LANG               : 'en_US.UTF-8'
2026-02-28 01:51:34.153879 (582774) main____ INFO    ----------------------------------------
2026-02-28 01:51:34.155005 (582774) lic_core INFO    Initializing license system ...
2026-02-28 01:51:34.156345 (582774) lic_core INFO    ... license system initialized.
2026-02-28 01:51:34.167326 (582774) lic__man INFO    Claim 'main' for <ui>.
2026-02-28 01:51:34.167365 (582774) lic_core INFO    (1) checking out 'jasper_interactive' ...
2026-02-28 01:51:34.179990 (582774) lic_core INFO    ... (1) checkout succeeded
2026-02-28 01:51:34.180044 (582774) lic__man INFO    Claim 'fpv' for <ui>.
2026-02-28 01:51:34.180081 (582774) lic_core INFO    (2) checking out 'jasper_fpv' ...
2026-02-28 01:51:34.184684 (582774) lic_core INFO    ... (2) checkout failed (error: -5) ("FLEXnet ERROR(-5, 0, 0): No such feature exists.")
2026-02-28 01:51:34.184712 (582774) lic_core INFO    (3) checking out 'jasper_fao' ...
2026-02-28 01:51:34.195735 (582774) lic_core INFO    ... (3) checkout succeeded
2026-02-28 01:51:34.196648 (582785) stdio___ INFO    Starting STDIN reader (tty: yes, tty name: '/dev/pts/5')
2026-02-28 01:51:34.196756 (582774) main____ INFO    Tool inactivity delay is 480000 ms.
2026-02-28 01:51:34.248464 (582774) session_ INFO    Starting analysis session with session id 'session_0' (launcher: <local>) ...
2026-02-28 01:51:34.250229 (582774) session_ INFO    Analysis session with session id 'session_0' started (pid: 582786)
2026-02-28 01:51:35.332827 (582774) session_ INFO    Analysis session 'session_0' connected to the console (host: 127.0.0.1:38684)
2026-02-28 01:51:38.614139 (582774) lic__man INFO    Unclaim everything for 'session_0'.
2026-02-28 01:51:38.916552 (582774) lic__man INFO    Claim 'fpv' for 'session_0'.
2026-02-28 01:51:38.916596 (582774) lic__man INFO    Claim 'fpv' for 'session_0/prove-0'.
2026-02-28 01:51:52.412605 (582774) lic__man INFO    Unclaim everything for 'session_0/prove-0'.
2026-02-28 01:51:52.454237 (582774) main____ INFO    About to exit: request to exit with status 0 received from analysis session 'session_0'
2026-02-28 01:51:52.596482 (582774) session_ INFO    Analysis session 'session_0' disconnected.
2026-02-28 01:51:52.596600 (582774) lic__man INFO    Unclaim everything for 'session_0'.
2026-02-28 01:51:52.596841 (582774) session_ INFO    Process for analysis session 'session_0' has exited with exit status '0'.
2026-02-28 01:51:54.381535 (582785) stdio___ INFO    STDIN reader requested to stop.
2026-02-28 01:51:54.381575 (582785) stdio___ INFO    STDIN reader stopped.
2026-02-28 01:51:54.381775 (582774) lic_core INFO    (1) checkin jasper_interactive
2026-02-28 01:51:54.382689 (582774) lic_core INFO    (3) checkin jasper_fao
2026-02-28 01:51:54.383671 (582774) main____ INFO    Exiting with status 0.
