2026-03-01 05:36:49.352309 (3982528) main____ INFO    ----------------------------------------
2026-03-01 05:36:49.352422 (3982528) main____ INFO    Jasper version info
2026-03-01 05:36:49.352442 (3982528) main____ INFO      tool      : Jasper 2023.12
2026-03-01 05:36:49.352461 (3982528) main____ INFO      version   : 2023.12p001 64 bits
2026-03-01 05:36:49.352477 (3982528) main____ INFO      build date: 2024.01.23 16:09:24 UTC
2026-03-01 05:36:49.352489 (3982528) main____ INFO    ----------------------------------------
2026-03-01 05:36:49.352501 (3982528) main____ INFO    Runtime info:
2026-03-01 05:36:49.352514 (3982528) main____ INFO      platform  : Linux 4.18.0-553.89.1.el8_10.x86_64 x86_64
2026-03-01 05:36:49.352537 (3982528) main____ INFO      hostname  : caddy12.stanford.edu
2026-03-01 05:36:49.352555 (3982528) main____ INFO      pid       : 3982528
2026-03-01 05:36:49.352568 (3982528) main____ INFO      arguments : '-style' 'windows' '-allow_unsupported_OS' '-no_gui' '-fpv' './synthlc/i_LW_out/xPairwiseDepDiv/exclusive_34_.tcl' '-proj' './synthlc/i_LW_out/xPairwiseDepDiv/exclusive_34_jgsession_26-03-01-05_36_48'
2026-03-01 05:36:49.352588 (3982528) main____ INFO      locale    : UTF-8
2026-03-01 05:36:49.352600 (3982528) main____ INFO    ----------------------------------------
2026-03-01 05:36:49.352612 (3982528) main____ INFO    System resource limits info:
2026-03-01 05:36:49.352627 (3982528) main____ INFO      virtual memory: unlimited
2026-03-01 05:36:49.352642 (3982528) main____ INFO      cpu time      : unlimited
2026-03-01 05:36:49.352680 (3982528) main____ INFO      processes     : 4096
2026-03-01 05:36:49.352703 (3982528) main____ INFO      stack size    : 8388608 B
2026-03-01 05:36:49.352721 (3982528) main____ INFO      core file size: 0 B
2026-03-01 05:36:49.352736 (3982528) main____ INFO      open files    : 4096
2026-03-01 05:36:49.352751 (3982528) main____ INFO      file size     : unlimited
2026-03-01 05:36:49.352763 (3982528) main____ INFO    ----------------------------------------
2026-03-01 05:36:49.352775 (3982528) main____ INFO    Memory statistics:
2026-03-01 05:36:49.352789 (3982528) main____ INFO      total physical memory  : 98449088 kB
2026-03-01 05:36:49.352803 (3982528) main____ INFO      free physical memory   : 80633144 kB
2026-03-01 05:36:49.352817 (3982528) main____ INFO      committed address space: 15274916 kB
2026-03-01 05:36:49.352828 (3982528) main____ INFO    ----------------------------------------
2026-03-01 05:36:49.354214 (3982528) main____ INFO    Important environment variables:
2026-03-01 05:36:49.354244 (3982528) main____ INFO      CDS_LIC_FILE       : '5280@cadlic0'
2026-03-01 05:36:49.354260 (3982528) main____ INFO      DISPLAY            : 'localhost:12.0'
2026-03-01 05:36:49.354275 (3982528) main____ INFO      JASPER_INSTALL_DIR : '/cad/cadence/jasper_2023.12p001'
2026-03-01 05:36:49.354289 (3982528) main____ INFO      JASPER_KERNEL_CHECK: '1'
2026-03-01 05:36:49.354304 (3982528) main____ INFO      JASPER_OS_CHECK    : '0'
2026-03-01 05:36:49.354318 (3982528) main____ INFO      LANG               : 'zh_TW.UTF-8'
2026-03-01 05:36:49.354330 (3982528) main____ INFO    ----------------------------------------
2026-03-01 05:36:49.355865 (3982528) lic_core INFO    Initializing license system ...
2026-03-01 05:36:49.399482 (3982528) lic_core INFO    ... license system initialized.
2026-03-01 05:36:49.571509 (3982528) lic__man INFO    Claim 'main' for <ui>.
2026-03-01 05:36:49.571590 (3982528) lic_core INFO    (1) checking out 'jasper_interactive' ...
2026-03-01 05:36:49.596150 (3982528) lic_core INFO    ... (1) checkout succeeded
2026-03-01 05:36:49.596278 (3982528) lic__man INFO    Claim 'fpv' for <ui>.
2026-03-01 05:36:49.596311 (3982528) lic_core INFO    (2) checking out 'jasper_fpv' ...
2026-03-01 05:36:49.660202 (3982528) lic_core INFO    ... (2) checkout failed (error: -5) ("FLEXnet ERROR(-5, 0, 0): No such feature exists.")
2026-03-01 05:36:49.660285 (3982528) lic_core INFO    (3) checking out 'jasper_fao' ...
2026-03-01 05:36:49.746147 (3982528) lic_core INFO    ... (3) checkout succeeded
2026-03-01 05:36:49.760621 (3982528) main____ INFO    Tool inactivity delay is 480000 ms.
2026-03-01 05:36:49.768939 (3982545) stdio___ INFO    Starting STDIN reader (tty: yes, tty name: '/dev/pts/0')
2026-03-01 05:36:50.080828 (3982528) session_ INFO    Starting analysis session with session id 'session_0' (launcher: <local>) ...
2026-03-01 05:36:50.082901 (3982528) session_ INFO    Analysis session with session id 'session_0' started (pid: 3982546)
2026-03-01 05:36:53.734218 (3982528) session_ INFO    Analysis session 'session_0' connected to the console (host: 127.0.0.1:40074)
2026-03-01 05:37:04.227401 (3982528) lic__man INFO    Unclaim everything for 'session_0'.
2026-03-01 05:37:04.659797 (3982528) lic__man INFO    Claim 'fpv' for 'session_0'.
2026-03-01 05:37:04.659845 (3982528) lic__man INFO    Claim 'fpv' for 'session_0/prove-0'.
2026-03-01 05:37:23.347028 (3982528) lic__man INFO    Unclaim everything for 'session_0/prove-0'.
2026-03-01 05:37:23.360992 (3982528) main____ INFO    About to exit: request to exit with status 0 received from analysis session 'session_0'
2026-03-01 05:37:23.529567 (3982528) session_ INFO    Analysis session 'session_0' disconnected.
2026-03-01 05:37:23.529744 (3982528) lic__man INFO    Unclaim everything for 'session_0'.
2026-03-01 05:37:23.539929 (3982528) session_ INFO    Process for analysis session 'session_0' has exited with exit status '0'.
2026-03-01 05:37:25.411796 (3982545) stdio___ INFO    STDIN reader requested to stop.
2026-03-01 05:37:25.411877 (3982545) stdio___ INFO    STDIN reader stopped.
2026-03-01 05:37:25.412635 (3982528) lic_core INFO    (1) checkin jasper_interactive
2026-03-01 05:37:25.440294 (3982528) lic_core INFO    (3) checkin jasper_fao
2026-03-01 05:37:25.476865 (3982528) main____ INFO    Exiting with status 0.
