2026-03-01 08:46:32.660246 (4186915) main____ INFO    ----------------------------------------
2026-03-01 08:46:32.660345 (4186915) main____ INFO    Jasper version info
2026-03-01 08:46:32.660362 (4186915) main____ INFO      tool      : Jasper 2023.12
2026-03-01 08:46:32.660379 (4186915) main____ INFO      version   : 2023.12p001 64 bits
2026-03-01 08:46:32.660393 (4186915) main____ INFO      build date: 2024.01.23 16:09:24 UTC
2026-03-01 08:46:32.660404 (4186915) main____ INFO    ----------------------------------------
2026-03-01 08:46:32.660414 (4186915) main____ INFO    Runtime info:
2026-03-01 08:46:32.660425 (4186915) main____ INFO      platform  : Linux 4.18.0-553.89.1.el8_10.x86_64 x86_64
2026-03-01 08:46:32.660446 (4186915) main____ INFO      hostname  : caddy12.stanford.edu
2026-03-01 08:46:32.660462 (4186915) main____ INFO      pid       : 4186915
2026-03-01 08:46:32.660474 (4186915) main____ INFO      arguments : '-style' 'windows' '-allow_unsupported_OS' '-no_gui' '-fpv' './synthlc/i_LW_out/xHBPerfG_dfg_v3_div/HB_320_.tcl' '-proj' './synthlc/i_LW_out/xHBPerfG_dfg_v3_div/HB_320_jgsession_26-03-01-08_46_32'
2026-03-01 08:46:32.660492 (4186915) main____ INFO      locale    : UTF-8
2026-03-01 08:46:32.660502 (4186915) main____ INFO    ----------------------------------------
2026-03-01 08:46:32.660512 (4186915) main____ INFO    System resource limits info:
2026-03-01 08:46:32.660526 (4186915) main____ INFO      virtual memory: unlimited
2026-03-01 08:46:32.660539 (4186915) main____ INFO      cpu time      : unlimited
2026-03-01 08:46:32.660558 (4186915) main____ INFO      processes     : 4096
2026-03-01 08:46:32.660579 (4186915) main____ INFO      stack size    : 8388608 B
2026-03-01 08:46:32.660594 (4186915) main____ INFO      core file size: 0 B
2026-03-01 08:46:32.660608 (4186915) main____ INFO      open files    : 4096
2026-03-01 08:46:32.660621 (4186915) main____ INFO      file size     : unlimited
2026-03-01 08:46:32.660631 (4186915) main____ INFO    ----------------------------------------
2026-03-01 08:46:32.660641 (4186915) main____ INFO    Memory statistics:
2026-03-01 08:46:32.660654 (4186915) main____ INFO      total physical memory  : 98449088 kB
2026-03-01 08:46:32.660680 (4186915) main____ INFO      free physical memory   : 81386508 kB
2026-03-01 08:46:32.660692 (4186915) main____ INFO      committed address space: 13568920 kB
2026-03-01 08:46:32.660703 (4186915) main____ INFO    ----------------------------------------
2026-03-01 08:46:32.661887 (4186915) main____ INFO    Important environment variables:
2026-03-01 08:46:32.661914 (4186915) main____ INFO      CDS_LIC_FILE       : '5280@cadlic0'
2026-03-01 08:46:32.661928 (4186915) main____ INFO      DISPLAY            : 'localhost:12.0'
2026-03-01 08:46:32.661940 (4186915) main____ INFO      JASPER_INSTALL_DIR : '/cad/cadence/jasper_2023.12p001'
2026-03-01 08:46:32.661953 (4186915) main____ INFO      JASPER_KERNEL_CHECK: '1'
2026-03-01 08:46:32.661966 (4186915) main____ INFO      JASPER_OS_CHECK    : '0'
2026-03-01 08:46:32.661985 (4186915) main____ INFO      LANG               : 'zh_TW.UTF-8'
2026-03-01 08:46:32.661995 (4186915) main____ INFO    ----------------------------------------
2026-03-01 08:46:32.673849 (4186915) lic_core INFO    Initializing license system ...
2026-03-01 08:46:32.687122 (4186915) lic_core INFO    ... license system initialized.
2026-03-01 08:46:32.733449 (4186915) lic__man INFO    Claim 'main' for <ui>.
2026-03-01 08:46:32.733517 (4186915) lic_core INFO    (1) checking out 'jasper_interactive' ...
2026-03-01 08:46:32.758734 (4186915) lic_core INFO    ... (1) checkout succeeded
2026-03-01 08:46:32.758841 (4186915) lic__man INFO    Claim 'fpv' for <ui>.
2026-03-01 08:46:32.758871 (4186915) lic_core INFO    (2) checking out 'jasper_fpv' ...
2026-03-01 08:46:32.766731 (4186915) lic_core INFO    ... (2) checkout failed (error: -5) ("FLEXnet ERROR(-5, 0, 0): No such feature exists.")
2026-03-01 08:46:32.766798 (4186915) lic_core INFO    (3) checking out 'jasper_fao' ...
2026-03-01 08:46:32.778036 (4186915) lic_core INFO    ... (3) checkout succeeded
2026-03-01 08:46:32.811106 (4186927) stdio___ INFO    Starting STDIN reader (tty: yes, tty name: '/dev/pts/0')
2026-03-01 08:46:32.811172 (4186915) main____ INFO    Tool inactivity delay is 480000 ms.
2026-03-01 08:46:32.946853 (4186915) session_ INFO    Starting analysis session with session id 'session_0' (launcher: <local>) ...
2026-03-01 08:46:32.948889 (4186915) session_ INFO    Analysis session with session id 'session_0' started (pid: 4186932)
2026-03-01 08:46:34.364799 (4186915) session_ INFO    Analysis session 'session_0' connected to the console (host: 127.0.0.1:41066)
2026-03-01 08:46:39.847591 (4186915) lic__man INFO    Unclaim everything for 'session_0'.
2026-03-01 08:46:40.174077 (4186915) lic__man INFO    Claim 'fpv' for 'session_0'.
2026-03-01 08:46:40.174132 (4186915) lic__man INFO    Claim 'fpv' for 'session_0/prove-0'.
2026-03-01 08:46:47.866287 (4186915) lic__man INFO    Unclaim everything for 'session_0/prove-0'.
2026-03-01 08:46:47.934889 (4186915) main____ INFO    About to exit: request to exit with status 0 received from analysis session 'session_0'
2026-03-01 08:46:48.236986 (4186915) session_ INFO    Analysis session 'session_0' disconnected.
2026-03-01 08:46:48.237139 (4186915) lic__man INFO    Unclaim everything for 'session_0'.
2026-03-01 08:46:48.237326 (4186915) session_ INFO    Process for analysis session 'session_0' has exited with exit status '0'.
2026-03-01 08:46:49.893262 (4186927) stdio___ INFO    STDIN reader requested to stop.
2026-03-01 08:46:49.893326 (4186927) stdio___ INFO    STDIN reader stopped.
2026-03-01 08:46:49.893942 (4186915) lic_core INFO    (1) checkin jasper_interactive
2026-03-01 08:46:49.906901 (4186915) lic_core INFO    (3) checkin jasper_fao
2026-03-01 08:46:49.930061 (4186915) main____ INFO    Exiting with status 0.
