2026-03-01 22:41:17.182930 (732377) main____ INFO    ----------------------------------------
2026-03-01 22:41:17.183028 (732377) main____ INFO    Jasper version info
2026-03-01 22:41:17.183043 (732377) main____ INFO      tool      : Jasper 2023.12
2026-03-01 22:41:17.183081 (732377) main____ INFO      version   : 2023.12p001 64 bits
2026-03-01 22:41:17.183094 (732377) main____ INFO      build date: 2024.01.23 16:09:24 UTC
2026-03-01 22:41:17.183104 (732377) main____ INFO    ----------------------------------------
2026-03-01 22:41:17.183112 (732377) main____ INFO    Runtime info:
2026-03-01 22:41:17.183123 (732377) main____ INFO      platform  : Linux 4.18.0-553.89.1.el8_10.x86_64 x86_64
2026-03-01 22:41:17.183142 (732377) main____ INFO      hostname  : caddy10.stanford.edu
2026-03-01 22:41:17.183157 (732377) main____ INFO      pid       : 732377
2026-03-01 22:41:17.183167 (732377) main____ INFO      arguments : '-style' 'windows' '-allow_unsupported_OS' '-no_gui' '-fpv' './synthlc/i_MUL_out/xPairwiseDepDiv/nunv_anytwo_21_.tcl' '-proj' './synthlc/i_MUL_out/xPairwiseDepDiv/nunv_anytwo_21_jgsession_26-03-01-22_41_16'
2026-03-01 22:41:17.183185 (732377) main____ INFO      locale    : UTF-8
2026-03-01 22:41:17.183194 (732377) main____ INFO    ----------------------------------------
2026-03-01 22:41:17.183203 (732377) main____ INFO    System resource limits info:
2026-03-01 22:41:17.183225 (732377) main____ INFO      virtual memory: unlimited
2026-03-01 22:41:17.183236 (732377) main____ INFO      cpu time      : unlimited
2026-03-01 22:41:17.183255 (732377) main____ INFO      processes     : 4096
2026-03-01 22:41:17.183276 (732377) main____ INFO      stack size    : 8388608 B
2026-03-01 22:41:17.183289 (732377) main____ INFO      core file size: 0 B
2026-03-01 22:41:17.183302 (732377) main____ INFO      open files    : 4096
2026-03-01 22:41:17.183313 (732377) main____ INFO      file size     : unlimited
2026-03-01 22:41:17.183322 (732377) main____ INFO    ----------------------------------------
2026-03-01 22:41:17.183331 (732377) main____ INFO    Memory statistics:
2026-03-01 22:41:17.183342 (732377) main____ INFO      total physical memory  : 98449096 kB
2026-03-01 22:41:17.183353 (732377) main____ INFO      free physical memory   : 88980788 kB
2026-03-01 22:41:17.183364 (732377) main____ INFO      committed address space: 6080984 kB
2026-03-01 22:41:17.183373 (732377) main____ INFO    ----------------------------------------
2026-03-01 22:41:17.184543 (732377) main____ INFO    Important environment variables:
2026-03-01 22:41:17.184569 (732377) main____ INFO      CDS_LIC_FILE       : '5280@cadlic0'
2026-03-01 22:41:17.184580 (732377) main____ INFO      JASPER_INSTALL_DIR : '/cad/cadence/jasper_2023.12p001'
2026-03-01 22:41:17.184592 (732377) main____ INFO      JASPER_KERNEL_CHECK: '1'
2026-03-01 22:41:17.184604 (732377) main____ INFO      JASPER_OS_CHECK    : '0'
2026-03-01 22:41:17.184615 (732377) main____ INFO      LANG               : 'en_US.UTF-8'
2026-03-01 22:41:17.184624 (732377) main____ INFO    ----------------------------------------
2026-03-01 22:41:17.187240 (732377) lic_core INFO    Initializing license system ...
2026-03-01 22:41:17.200774 (732377) lic_core INFO    ... license system initialized.
2026-03-01 22:41:17.354301 (732377) lic__man INFO    Claim 'main' for <ui>.
2026-03-01 22:41:17.354368 (732377) lic_core INFO    (1) checking out 'jasper_interactive' ...
2026-03-01 22:41:17.422292 (732377) lic_core INFO    ... (1) checkout succeeded
2026-03-01 22:41:17.422380 (732377) lic__man INFO    Claim 'fpv' for <ui>.
2026-03-01 22:41:17.422406 (732377) lic_core INFO    (2) checking out 'jasper_fpv' ...
2026-03-01 22:41:17.473565 (732377) lic_core INFO    ... (2) checkout failed (error: -5) ("FLEXnet ERROR(-5, 0, 0): No such feature exists.")
2026-03-01 22:41:17.473623 (732377) lic_core INFO    (3) checking out 'jasper_fao' ...
2026-03-01 22:41:17.528289 (732377) lic_core INFO    ... (3) checkout succeeded
2026-03-01 22:41:17.530654 (732377) main____ INFO    Tool inactivity delay is 480000 ms.
2026-03-01 22:41:17.530896 (732388) stdio___ INFO    Starting STDIN reader (tty: yes, tty name: '/dev/pts/7')
2026-03-01 22:41:17.578476 (732377) session_ INFO    Starting analysis session with session id 'session_0' (launcher: <local>) ...
2026-03-01 22:41:17.580269 (732377) session_ INFO    Analysis session with session id 'session_0' started (pid: 732389)
2026-03-01 22:41:18.866789 (732377) session_ INFO    Analysis session 'session_0' connected to the console (host: 127.0.0.1:35378)
2026-03-01 22:41:27.254299 (732377) lic__man INFO    Unclaim everything for 'session_0'.
2026-03-01 22:41:27.820413 (732377) lic__man INFO    Claim 'fpv' for 'session_0'.
2026-03-01 22:41:27.820458 (732377) lic__man INFO    Claim 'fpv' for 'session_0/prove-0'.
2026-03-01 22:41:30.675328 (732377) lic__man INFO    Unclaim everything for 'session_0/prove-0'.
2026-03-01 22:41:30.709323 (732377) main____ INFO    About to exit: request to exit with status 0 received from analysis session 'session_0'
2026-03-01 22:41:31.168361 (732377) session_ INFO    Analysis session 'session_0' disconnected.
2026-03-01 22:41:31.168492 (732377) lic__man INFO    Unclaim everything for 'session_0'.
2026-03-01 22:41:31.168657 (732377) session_ INFO    Process for analysis session 'session_0' has exited with exit status '0'.
2026-03-01 22:41:32.823951 (732388) stdio___ INFO    STDIN reader requested to stop.
2026-03-01 22:41:32.824005 (732388) stdio___ INFO    STDIN reader stopped.
2026-03-01 22:41:32.824320 (732377) lic_core INFO    (1) checkin jasper_interactive
2026-03-01 22:41:32.832293 (732377) lic_core INFO    (3) checkin jasper_fao
2026-03-01 22:41:32.865097 (732377) main____ INFO    Exiting with status 0.
