2026-02-26 11:00:46.454240 (4034325) main____ INFO    ----------------------------------------
2026-02-26 11:00:46.454363 (4034325) main____ INFO    Jasper version info
2026-02-26 11:00:46.454379 (4034325) main____ INFO      tool      : Jasper 2023.12
2026-02-26 11:00:46.454395 (4034325) main____ INFO      version   : 2023.12p001 64 bits
2026-02-26 11:00:46.454408 (4034325) main____ INFO      build date: 2024.01.23 16:09:24 UTC
2026-02-26 11:00:46.454419 (4034325) main____ INFO    ----------------------------------------
2026-02-26 11:00:46.454428 (4034325) main____ INFO    Runtime info:
2026-02-26 11:00:46.454439 (4034325) main____ INFO      platform  : Linux 4.18.0-553.89.1.el8_10.x86_64 x86_64
2026-02-26 11:00:46.454458 (4034325) main____ INFO      hostname  : caddy15.stanford.edu
2026-02-26 11:00:46.454473 (4034325) main____ INFO      pid       : 4034325
2026-02-26 11:00:46.454484 (4034325) main____ INFO      arguments : '-style' 'windows' '-allow_unsupported_OS' '-no_gui' '-fpv' './synthlc/i_ADDI_out/xPerfLocCycleCount/over1cyc_26_div_fsm_s6_.tcl' '-proj' './synthlc/i_ADDI_out/xPerfLocCycleCount/over1cyc_26_div_fsm_s6_jgsession_26-02-26-11_00_46'
2026-02-26 11:00:46.454501 (4034325) main____ INFO      locale    : UTF-8
2026-02-26 11:00:46.454510 (4034325) main____ INFO    ----------------------------------------
2026-02-26 11:00:46.454520 (4034325) main____ INFO    System resource limits info:
2026-02-26 11:00:46.454532 (4034325) main____ INFO      virtual memory: unlimited
2026-02-26 11:00:46.454544 (4034325) main____ INFO      cpu time      : unlimited
2026-02-26 11:00:46.454562 (4034325) main____ INFO      processes     : 4096
2026-02-26 11:00:46.454583 (4034325) main____ INFO      stack size    : 8388608 B
2026-02-26 11:00:46.454598 (4034325) main____ INFO      core file size: 0 B
2026-02-26 11:00:46.454612 (4034325) main____ INFO      open files    : 4096
2026-02-26 11:00:46.454623 (4034325) main____ INFO      file size     : unlimited
2026-02-26 11:00:46.454633 (4034325) main____ INFO    ----------------------------------------
2026-02-26 11:00:46.454643 (4034325) main____ INFO    Memory statistics:
2026-02-26 11:00:46.454655 (4034325) main____ INFO      total physical memory  : 98449092 kB
2026-02-26 11:00:46.454665 (4034325) main____ INFO      free physical memory   : 77216636 kB
2026-02-26 11:00:46.454677 (4034325) main____ INFO      committed address space: 5014844 kB
2026-02-26 11:00:46.454686 (4034325) main____ INFO    ----------------------------------------
2026-02-26 11:00:46.455895 (4034325) main____ INFO    Important environment variables:
2026-02-26 11:00:46.455926 (4034325) main____ INFO      CDS_LIC_FILE       : '5280@cadlic0'
2026-02-26 11:00:46.455939 (4034325) main____ INFO      JASPER_INSTALL_DIR : '/cad/cadence/jasper_2023.12p001'
2026-02-26 11:00:46.455951 (4034325) main____ INFO      JASPER_KERNEL_CHECK: '1'
2026-02-26 11:00:46.455963 (4034325) main____ INFO      JASPER_OS_CHECK    : '0'
2026-02-26 11:00:46.455975 (4034325) main____ INFO      LANG               : 'en_US.UTF-8'
2026-02-26 11:00:46.455985 (4034325) main____ INFO    ----------------------------------------
2026-02-26 11:00:46.457471 (4034325) lic_core INFO    Initializing license system ...
2026-02-26 11:00:46.461546 (4034325) lic_core INFO    ... license system initialized.
2026-02-26 11:00:46.472955 (4034325) lic__man INFO    Claim 'main' for <ui>.
2026-02-26 11:00:46.473022 (4034325) lic_core INFO    (1) checking out 'jasper_interactive' ...
2026-02-26 11:00:46.497862 (4034325) lic_core INFO    ... (1) checkout succeeded
2026-02-26 11:00:46.497973 (4034325) lic__man INFO    Claim 'fpv' for <ui>.
2026-02-26 11:00:46.498002 (4034325) lic_core INFO    (2) checking out 'jasper_fpv' ...
2026-02-26 11:00:46.507740 (4034325) lic_core INFO    ... (2) checkout failed (error: -5) ("FLEXnet ERROR(-5, 0, 0): No such feature exists.")
2026-02-26 11:00:46.507796 (4034325) lic_core INFO    (3) checking out 'jasper_fao' ...
2026-02-26 11:00:46.523594 (4034325) lic_core INFO    ... (3) checkout succeeded
2026-02-26 11:00:46.525208 (4034325) main____ INFO    Tool inactivity delay is 480000 ms.
2026-02-26 11:00:46.525540 (4034336) stdio___ INFO    Starting STDIN reader (tty: yes, tty name: '/dev/pts/0')
2026-02-26 11:00:46.567658 (4034325) session_ INFO    Starting analysis session with session id 'session_0' (launcher: <local>) ...
2026-02-26 11:00:46.569720 (4034325) session_ INFO    Analysis session with session id 'session_0' started (pid: 4034337)
2026-02-26 11:00:47.900804 (4034325) session_ INFO    Analysis session 'session_0' connected to the console (host: 127.0.0.1:38412)
2026-02-26 11:00:51.335946 (4034325) lic__man INFO    Unclaim everything for 'session_0'.
2026-02-26 11:00:51.576588 (4034325) lic__man INFO    Claim 'fpv' for 'session_0'.
2026-02-26 11:00:51.576634 (4034325) lic__man INFO    Claim 'fpv' for 'session_0/prove-0'.
2026-02-26 11:13:39.243224 (4034325) lic__man INFO    Unclaim everything for 'session_0/prove-0'.
2026-02-26 11:13:39.286480 (4034325) main____ INFO    About to exit: request to exit with status 0 received from analysis session 'session_0'
2026-02-26 11:13:39.423479 (4034325) session_ INFO    Analysis session 'session_0' disconnected.
2026-02-26 11:13:39.423711 (4034325) lic__man INFO    Unclaim everything for 'session_0'.
2026-02-26 11:13:39.476860 (4034325) session_ INFO    Process for analysis session 'session_0' has exited with exit status '0'.
2026-02-26 11:13:41.395269 (4034336) stdio___ INFO    STDIN reader requested to stop.
2026-02-26 11:13:41.395385 (4034336) stdio___ INFO    STDIN reader stopped.
2026-02-26 11:13:41.395914 (4034325) lic_core INFO    (1) checkin jasper_interactive
2026-02-26 11:13:41.397413 (4034325) lic_core INFO    (3) checkin jasper_fao
2026-02-26 11:13:41.398785 (4034325) main____ INFO    Exiting with status 0.
