2026-03-01 08:33:33.180256 (4179316) main____ INFO    ----------------------------------------
2026-03-01 08:33:33.180362 (4179316) main____ INFO    Jasper version info
2026-03-01 08:33:33.180383 (4179316) main____ INFO      tool      : Jasper 2023.12
2026-03-01 08:33:33.180401 (4179316) main____ INFO      version   : 2023.12p001 64 bits
2026-03-01 08:33:33.180418 (4179316) main____ INFO      build date: 2024.01.23 16:09:24 UTC
2026-03-01 08:33:33.180430 (4179316) main____ INFO    ----------------------------------------
2026-03-01 08:33:33.180442 (4179316) main____ INFO    Runtime info:
2026-03-01 08:33:33.180455 (4179316) main____ INFO      platform  : Linux 4.18.0-553.89.1.el8_10.x86_64 x86_64
2026-03-01 08:33:33.180477 (4179316) main____ INFO      hostname  : caddy12.stanford.edu
2026-03-01 08:33:33.180495 (4179316) main____ INFO      pid       : 4179316
2026-03-01 08:33:33.180511 (4179316) main____ INFO      arguments : '-style' 'windows' '-allow_unsupported_OS' '-no_gui' '-fpv' './synthlc/i_LW_out/xHBPerfG_dfg_v3_div/HB_247_.tcl' '-proj' './synthlc/i_LW_out/xHBPerfG_dfg_v3_div/HB_247_jgsession_26-03-01-08_33_31'
2026-03-01 08:33:33.180537 (4179316) main____ INFO      locale    : UTF-8
2026-03-01 08:33:33.180551 (4179316) main____ INFO    ----------------------------------------
2026-03-01 08:33:33.180564 (4179316) main____ INFO    System resource limits info:
2026-03-01 08:33:33.180582 (4179316) main____ INFO      virtual memory: unlimited
2026-03-01 08:33:33.180598 (4179316) main____ INFO      cpu time      : unlimited
2026-03-01 08:33:33.180624 (4179316) main____ INFO      processes     : 4096
2026-03-01 08:33:33.180652 (4179316) main____ INFO      stack size    : 8388608 B
2026-03-01 08:33:33.180685 (4179316) main____ INFO      core file size: 0 B
2026-03-01 08:33:33.180702 (4179316) main____ INFO      open files    : 4096
2026-03-01 08:33:33.180717 (4179316) main____ INFO      file size     : unlimited
2026-03-01 08:33:33.180729 (4179316) main____ INFO    ----------------------------------------
2026-03-01 08:33:33.180740 (4179316) main____ INFO    Memory statistics:
2026-03-01 08:33:33.180755 (4179316) main____ INFO      total physical memory  : 98449088 kB
2026-03-01 08:33:33.180769 (4179316) main____ INFO      free physical memory   : 77616792 kB
2026-03-01 08:33:33.180783 (4179316) main____ INFO      committed address space: 17969132 kB
2026-03-01 08:33:33.180795 (4179316) main____ INFO    ----------------------------------------
2026-03-01 08:33:33.182195 (4179316) main____ INFO    Important environment variables:
2026-03-01 08:33:33.182230 (4179316) main____ INFO      CDS_LIC_FILE       : '5280@cadlic0'
2026-03-01 08:33:33.182246 (4179316) main____ INFO      DISPLAY            : 'localhost:12.0'
2026-03-01 08:33:33.182261 (4179316) main____ INFO      JASPER_INSTALL_DIR : '/cad/cadence/jasper_2023.12p001'
2026-03-01 08:33:33.182275 (4179316) main____ INFO      JASPER_KERNEL_CHECK: '1'
2026-03-01 08:33:33.182291 (4179316) main____ INFO      JASPER_OS_CHECK    : '0'
2026-03-01 08:33:33.182305 (4179316) main____ INFO      LANG               : 'zh_TW.UTF-8'
2026-03-01 08:33:33.182318 (4179316) main____ INFO    ----------------------------------------
2026-03-01 08:33:33.183950 (4179316) lic_core INFO    Initializing license system ...
2026-03-01 08:33:33.275696 (4179316) lic_core INFO    ... license system initialized.
2026-03-01 08:33:33.415127 (4179316) lic__man INFO    Claim 'main' for <ui>.
2026-03-01 08:33:33.415225 (4179316) lic_core INFO    (1) checking out 'jasper_interactive' ...
2026-03-01 08:33:33.482305 (4179316) lic_core INFO    ... (1) checkout succeeded
2026-03-01 08:33:33.482441 (4179316) lic__man INFO    Claim 'fpv' for <ui>.
2026-03-01 08:33:33.482477 (4179316) lic_core INFO    (2) checking out 'jasper_fpv' ...
2026-03-01 08:33:33.533224 (4179316) lic_core INFO    ... (2) checkout failed (error: -5) ("FLEXnet ERROR(-5, 0, 0): No such feature exists.")
2026-03-01 08:33:33.533308 (4179316) lic_core INFO    (3) checking out 'jasper_fao' ...
2026-03-01 08:33:33.605203 (4179316) lic_core INFO    ... (3) checkout succeeded
2026-03-01 08:33:33.644690 (4179316) main____ INFO    Tool inactivity delay is 480000 ms.
2026-03-01 08:33:33.669894 (4179336) stdio___ INFO    Starting STDIN reader (tty: yes, tty name: '/dev/pts/0')
2026-03-01 08:33:33.969813 (4179316) session_ INFO    Starting analysis session with session id 'session_0' (launcher: <local>) ...
2026-03-01 08:33:33.971961 (4179316) session_ INFO    Analysis session with session id 'session_0' started (pid: 4179337)
2026-03-01 08:33:38.562170 (4179316) session_ INFO    Analysis session 'session_0' connected to the console (host: 127.0.0.1:48492)
2026-03-01 08:33:49.463613 (4179316) lic__man INFO    Unclaim everything for 'session_0'.
2026-03-01 08:33:49.815883 (4179316) lic__man INFO    Claim 'fpv' for 'session_0'.
2026-03-01 08:33:49.815928 (4179316) lic__man INFO    Claim 'fpv' for 'session_0/prove-0'.
2026-03-01 08:33:52.321902 (4179316) lic__man INFO    Unclaim everything for 'session_0/prove-0'.
2026-03-01 08:33:52.362087 (4179316) main____ INFO    About to exit: request to exit with status 0 received from analysis session 'session_0'
2026-03-01 08:33:52.612362 (4179316) session_ INFO    Analysis session 'session_0' disconnected.
2026-03-01 08:33:52.612519 (4179316) lic__man INFO    Unclaim everything for 'session_0'.
2026-03-01 08:33:52.613474 (4179316) session_ INFO    Process for analysis session 'session_0' has exited with exit status '0'.
2026-03-01 08:33:54.392716 (4179336) stdio___ INFO    STDIN reader requested to stop.
2026-03-01 08:33:54.392773 (4179336) stdio___ INFO    STDIN reader stopped.
2026-03-01 08:33:54.393082 (4179316) lic_core INFO    (1) checkin jasper_interactive
2026-03-01 08:33:54.396053 (4179316) lic_core INFO    (3) checkin jasper_fao
2026-03-01 08:33:54.425033 (4179316) main____ INFO    Exiting with status 0.
