2026-02-25 14:10:46.284047 (3209795) main____ INFO    ----------------------------------------
2026-02-25 14:10:46.284122 (3209795) main____ INFO    Jasper version info
2026-02-25 14:10:46.284137 (3209795) main____ INFO      tool      : Jasper 2023.12
2026-02-25 14:10:46.284152 (3209795) main____ INFO      version   : 2023.12p001 64 bits
2026-02-25 14:10:46.284165 (3209795) main____ INFO      build date: 2024.01.23 16:09:24 UTC
2026-02-25 14:10:46.284175 (3209795) main____ INFO    ----------------------------------------
2026-02-25 14:10:46.284184 (3209795) main____ INFO    Runtime info:
2026-02-25 14:10:46.284195 (3209795) main____ INFO      platform  : Linux 4.18.0-553.89.1.el8_10.x86_64 x86_64
2026-02-25 14:10:46.284213 (3209795) main____ INFO      hostname  : caddy15.stanford.edu
2026-02-25 14:10:46.284228 (3209795) main____ INFO      pid       : 3209795
2026-02-25 14:10:46.284240 (3209795) main____ INFO      arguments : '-style' 'windows' '-allow_unsupported_OS' '-no_gui' '-fpv' './synthlc/i_DIV_out/xPerfLocSubsetDiv/coverset_70_.tcl' '-proj' './synthlc/i_DIV_out/xPerfLocSubsetDiv/coverset_70_jgsession_26-02-25-14_10_46'
2026-02-25 14:10:46.284256 (3209795) main____ INFO      locale    : UTF-8
2026-02-25 14:10:46.284266 (3209795) main____ INFO    ----------------------------------------
2026-02-25 14:10:46.284275 (3209795) main____ INFO    System resource limits info:
2026-02-25 14:10:46.284288 (3209795) main____ INFO      virtual memory: unlimited
2026-02-25 14:10:46.284299 (3209795) main____ INFO      cpu time      : unlimited
2026-02-25 14:10:46.284332 (3209795) main____ INFO      processes     : 4096
2026-02-25 14:10:46.284350 (3209795) main____ INFO      stack size    : 8388608 B
2026-02-25 14:10:46.284364 (3209795) main____ INFO      core file size: 0 B
2026-02-25 14:10:46.284377 (3209795) main____ INFO      open files    : 4096
2026-02-25 14:10:46.284389 (3209795) main____ INFO      file size     : unlimited
2026-02-25 14:10:46.284399 (3209795) main____ INFO    ----------------------------------------
2026-02-25 14:10:46.284408 (3209795) main____ INFO    Memory statistics:
2026-02-25 14:10:46.284419 (3209795) main____ INFO      total physical memory  : 98449092 kB
2026-02-25 14:10:46.284430 (3209795) main____ INFO      free physical memory   : 82602068 kB
2026-02-25 14:10:46.284442 (3209795) main____ INFO      committed address space: 1589360 kB
2026-02-25 14:10:46.284451 (3209795) main____ INFO    ----------------------------------------
2026-02-25 14:10:46.285611 (3209795) main____ INFO    Important environment variables:
2026-02-25 14:10:46.285635 (3209795) main____ INFO      CDS_LIC_FILE       : '5280@cadlic0'
2026-02-25 14:10:46.285647 (3209795) main____ INFO      JASPER_INSTALL_DIR : '/cad/cadence/jasper_2023.12p001'
2026-02-25 14:10:46.285660 (3209795) main____ INFO      JASPER_KERNEL_CHECK: '1'
2026-02-25 14:10:46.285672 (3209795) main____ INFO      JASPER_OS_CHECK    : '0'
2026-02-25 14:10:46.285684 (3209795) main____ INFO      LANG               : 'en_US.UTF-8'
2026-02-25 14:10:46.285693 (3209795) main____ INFO    ----------------------------------------
2026-02-25 14:10:46.286958 (3209795) lic_core INFO    Initializing license system ...
2026-02-25 14:10:46.289549 (3209795) lic_core INFO    ... license system initialized.
2026-02-25 14:10:46.301049 (3209795) lic__man INFO    Claim 'main' for <ui>.
2026-02-25 14:10:46.301091 (3209795) lic_core INFO    (1) checking out 'jasper_interactive' ...
2026-02-25 14:10:46.313726 (3209795) lic_core INFO    ... (1) checkout succeeded
2026-02-25 14:10:46.313784 (3209795) lic__man INFO    Claim 'fpv' for <ui>.
2026-02-25 14:10:46.313806 (3209795) lic_core INFO    (2) checking out 'jasper_fpv' ...
2026-02-25 14:10:46.317775 (3209795) lic_core INFO    ... (2) checkout failed (error: -5) ("FLEXnet ERROR(-5, 0, 0): No such feature exists.")
2026-02-25 14:10:46.317807 (3209795) lic_core INFO    (3) checking out 'jasper_fao' ...
2026-02-25 14:10:46.329166 (3209795) lic_core INFO    ... (3) checkout succeeded
2026-02-25 14:10:46.330156 (3209814) stdio___ INFO    Starting STDIN reader (tty: yes, tty name: '/dev/pts/0')
2026-02-25 14:10:46.330332 (3209795) main____ INFO    Tool inactivity delay is 480000 ms.
2026-02-25 14:10:46.371123 (3209795) session_ INFO    Starting analysis session with session id 'session_0' (launcher: <local>) ...
2026-02-25 14:10:46.372940 (3209795) session_ INFO    Analysis session with session id 'session_0' started (pid: 3209815)
2026-02-25 14:10:47.479668 (3209795) session_ INFO    Analysis session 'session_0' connected to the console (host: 127.0.0.1:33724)
2026-02-25 14:10:50.506620 (3209795) lic__man INFO    Unclaim everything for 'session_0'.
2026-02-25 14:10:50.706045 (3209795) lic__man INFO    Claim 'fpv' for 'session_0'.
2026-02-25 14:10:50.706083 (3209795) lic__man INFO    Claim 'fpv' for 'session_0/prove-0'.
2026-02-25 14:10:52.166125 (3209795) lic__man INFO    Unclaim everything for 'session_0/prove-0'.
2026-02-25 14:10:52.208545 (3209795) main____ INFO    About to exit: request to exit with status 0 received from analysis session 'session_0'
2026-02-25 14:10:52.352451 (3209795) session_ INFO    Analysis session 'session_0' disconnected.
2026-02-25 14:10:52.352653 (3209795) lic__man INFO    Unclaim everything for 'session_0'.
2026-02-25 14:10:52.352848 (3209795) session_ INFO    Process for analysis session 'session_0' has exited with exit status '0'.
2026-02-25 14:10:54.333756 (3209814) stdio___ INFO    STDIN reader requested to stop.
2026-02-25 14:10:54.333804 (3209814) stdio___ INFO    STDIN reader stopped.
2026-02-25 14:10:54.334117 (3209795) lic_core INFO    (1) checkin jasper_interactive
2026-02-25 14:10:54.344536 (3209795) lic_core INFO    (3) checkin jasper_fao
2026-02-25 14:10:54.351063 (3209795) main____ INFO    Exiting with status 0.
