2026-02-27 16:45:46.431281 (3230559) main____ INFO    ----------------------------------------
2026-02-27 16:45:46.431385 (3230559) main____ INFO    Jasper version info
2026-02-27 16:45:46.431403 (3230559) main____ INFO      tool      : Jasper 2023.12
2026-02-27 16:45:46.431419 (3230559) main____ INFO      version   : 2023.12p001 64 bits
2026-02-27 16:45:46.431433 (3230559) main____ INFO      build date: 2024.01.23 16:09:24 UTC
2026-02-27 16:45:46.431444 (3230559) main____ INFO    ----------------------------------------
2026-02-27 16:45:46.431453 (3230559) main____ INFO    Runtime info:
2026-02-27 16:45:46.431465 (3230559) main____ INFO      platform  : Linux 4.18.0-553.89.1.el8_10.x86_64 x86_64
2026-02-27 16:45:46.431485 (3230559) main____ INFO      hostname  : caddy12.stanford.edu
2026-02-27 16:45:46.431501 (3230559) main____ INFO      pid       : 3230559
2026-02-27 16:45:46.431512 (3230559) main____ INFO      arguments : '-style' 'windows' '-allow_unsupported_OS' '-no_gui' '-fpv' './synthlc/i_DIV_out/xHBPerfG_dfg_v3_div/WHB_109_.tcl' '-proj' './synthlc/i_DIV_out/xHBPerfG_dfg_v3_div/WHB_109_jgsession_26-02-27-16_45_45'
2026-02-27 16:45:46.431531 (3230559) main____ INFO      locale    : UTF-8
2026-02-27 16:45:46.431541 (3230559) main____ INFO    ----------------------------------------
2026-02-27 16:45:46.431551 (3230559) main____ INFO    System resource limits info:
2026-02-27 16:45:46.431564 (3230559) main____ INFO      virtual memory: unlimited
2026-02-27 16:45:46.431577 (3230559) main____ INFO      cpu time      : unlimited
2026-02-27 16:45:46.431596 (3230559) main____ INFO      processes     : 4096
2026-02-27 16:45:46.431617 (3230559) main____ INFO      stack size    : 8388608 B
2026-02-27 16:45:46.431633 (3230559) main____ INFO      core file size: 0 B
2026-02-27 16:45:46.431646 (3230559) main____ INFO      open files    : 4096
2026-02-27 16:45:46.431658 (3230559) main____ INFO      file size     : unlimited
2026-02-27 16:45:46.431683 (3230559) main____ INFO    ----------------------------------------
2026-02-27 16:45:46.431693 (3230559) main____ INFO    Memory statistics:
2026-02-27 16:45:46.431706 (3230559) main____ INFO      total physical memory  : 98449088 kB
2026-02-27 16:45:46.431718 (3230559) main____ INFO      free physical memory   : 73000140 kB
2026-02-27 16:45:46.431730 (3230559) main____ INFO      committed address space: 9429460 kB
2026-02-27 16:45:46.431740 (3230559) main____ INFO    ----------------------------------------
2026-02-27 16:45:46.432929 (3230559) main____ INFO    Important environment variables:
2026-02-27 16:45:46.432958 (3230559) main____ INFO      CDS_LIC_FILE       : '5280@cadlic0'
2026-02-27 16:45:46.432973 (3230559) main____ INFO      DISPLAY            : 'localhost:12.0'
2026-02-27 16:45:46.432985 (3230559) main____ INFO      JASPER_INSTALL_DIR : '/cad/cadence/jasper_2023.12p001'
2026-02-27 16:45:46.433021 (3230559) main____ INFO      JASPER_KERNEL_CHECK: '1'
2026-02-27 16:45:46.433034 (3230559) main____ INFO      JASPER_OS_CHECK    : '0'
2026-02-27 16:45:46.433046 (3230559) main____ INFO      LANG               : 'zh_TW.UTF-8'
2026-02-27 16:45:46.433057 (3230559) main____ INFO    ----------------------------------------
2026-02-27 16:45:46.434895 (3230559) lic_core INFO    Initializing license system ...
2026-02-27 16:45:46.456538 (3230559) lic_core INFO    ... license system initialized.
2026-02-27 16:45:46.657777 (3230559) lic__man INFO    Claim 'main' for <ui>.
2026-02-27 16:45:46.657849 (3230559) lic_core INFO    (1) checking out 'jasper_interactive' ...
2026-02-27 16:45:46.724114 (3230559) lic_core INFO    ... (1) checkout succeeded
2026-02-27 16:45:46.724226 (3230559) lic__man INFO    Claim 'fpv' for <ui>.
2026-02-27 16:45:46.724255 (3230559) lic_core INFO    (2) checking out 'jasper_fpv' ...
2026-02-27 16:45:46.787204 (3230559) lic_core INFO    ... (2) checkout failed (error: -5) ("FLEXnet ERROR(-5, 0, 0): No such feature exists.")
2026-02-27 16:45:46.787328 (3230559) lic_core INFO    (3) checking out 'jasper_fao' ...
2026-02-27 16:45:46.849934 (3230559) lic_core INFO    ... (3) checkout succeeded
2026-02-27 16:45:46.861593 (3230559) main____ INFO    Tool inactivity delay is 480000 ms.
2026-02-27 16:45:46.869914 (3230588) stdio___ INFO    Starting STDIN reader (tty: yes, tty name: '/dev/pts/0')
2026-02-27 16:45:47.198801 (3230559) session_ INFO    Starting analysis session with session id 'session_0' (launcher: <local>) ...
2026-02-27 16:45:47.200677 (3230559) session_ INFO    Analysis session with session id 'session_0' started (pid: 3230589)
2026-02-27 16:45:49.483798 (3230559) session_ INFO    Analysis session 'session_0' connected to the console (host: 127.0.0.1:34106)
2026-02-27 16:45:55.301622 (3230559) lic__man INFO    Unclaim everything for 'session_0'.
2026-02-27 16:45:55.561452 (3230559) lic__man INFO    Claim 'fpv' for 'session_0'.
2026-02-27 16:45:55.561503 (3230559) lic__man INFO    Claim 'fpv' for 'session_0/prove-0'.
2026-02-27 16:45:59.633895 (3230559) lic__man INFO    Unclaim everything for 'session_0/prove-0'.
2026-02-27 16:45:59.680962 (3230559) main____ INFO    About to exit: request to exit with status 0 received from analysis session 'session_0'
2026-02-27 16:46:00.145512 (3230559) session_ INFO    Analysis session 'session_0' disconnected.
2026-02-27 16:46:00.145676 (3230559) lic__man INFO    Unclaim everything for 'session_0'.
2026-02-27 16:46:00.146019 (3230559) session_ INFO    Process for analysis session 'session_0' has exited with exit status '0'.
2026-02-27 16:46:01.799759 (3230588) stdio___ INFO    STDIN reader requested to stop.
2026-02-27 16:46:01.799823 (3230588) stdio___ INFO    STDIN reader stopped.
2026-02-27 16:46:01.809939 (3230559) lic_core INFO    (1) checkin jasper_interactive
2026-02-27 16:46:01.817861 (3230559) lic_core INFO    (3) checkin jasper_fao
2026-02-27 16:46:01.834596 (3230559) main____ INFO    Exiting with status 0.
