2026-02-28 19:50:29.259813 (994681) main____ INFO    ----------------------------------------
2026-02-28 19:50:29.259878 (994681) main____ INFO    Jasper version info
2026-02-28 19:50:29.259893 (994681) main____ INFO      tool      : Jasper 2023.12
2026-02-28 19:50:29.259906 (994681) main____ INFO      version   : 2023.12p001 64 bits
2026-02-28 19:50:29.259919 (994681) main____ INFO      build date: 2024.01.23 16:09:24 UTC
2026-02-28 19:50:29.259929 (994681) main____ INFO    ----------------------------------------
2026-02-28 19:50:29.259939 (994681) main____ INFO    Runtime info:
2026-02-28 19:50:29.259949 (994681) main____ INFO      platform  : Linux 4.18.0-553.89.1.el8_10.x86_64 x86_64
2026-02-28 19:50:29.259974 (994681) main____ INFO      hostname  : caddy15.stanford.edu
2026-02-28 19:50:29.259989 (994681) main____ INFO      pid       : 994681
2026-02-28 19:50:29.260000 (994681) main____ INFO      arguments : '-style' 'windows' '-allow_unsupported_OS' '-no_gui' '-fpv' './synthlc/i_ADDI_out/xHBPerfG_dfg_v3_div/WHB_47_.tcl' '-proj' './synthlc/i_ADDI_out/xHBPerfG_dfg_v3_div/WHB_47_jgsession_26-02-28-19_50_29'
2026-02-28 19:50:29.260016 (994681) main____ INFO      locale    : UTF-8
2026-02-28 19:50:29.260026 (994681) main____ INFO    ----------------------------------------
2026-02-28 19:50:29.260035 (994681) main____ INFO    System resource limits info:
2026-02-28 19:50:29.260047 (994681) main____ INFO      virtual memory: unlimited
2026-02-28 19:50:29.260059 (994681) main____ INFO      cpu time      : unlimited
2026-02-28 19:50:29.260077 (994681) main____ INFO      processes     : 4096
2026-02-28 19:50:29.260095 (994681) main____ INFO      stack size    : 8388608 B
2026-02-28 19:50:29.260109 (994681) main____ INFO      core file size: 0 B
2026-02-28 19:50:29.260122 (994681) main____ INFO      open files    : 4096
2026-02-28 19:50:29.260133 (994681) main____ INFO      file size     : unlimited
2026-02-28 19:50:29.260143 (994681) main____ INFO    ----------------------------------------
2026-02-28 19:50:29.260152 (994681) main____ INFO    Memory statistics:
2026-02-28 19:50:29.260164 (994681) main____ INFO      total physical memory  : 98449092 kB
2026-02-28 19:50:29.260175 (994681) main____ INFO      free physical memory   : 79453252 kB
2026-02-28 19:50:29.260186 (994681) main____ INFO      committed address space: 2262588 kB
2026-02-28 19:50:29.260196 (994681) main____ INFO    ----------------------------------------
2026-02-28 19:50:29.261322 (994681) main____ INFO    Important environment variables:
2026-02-28 19:50:29.261346 (994681) main____ INFO      CDS_LIC_FILE       : '5280@cadlic0'
2026-02-28 19:50:29.261358 (994681) main____ INFO      JASPER_INSTALL_DIR : '/cad/cadence/jasper_2023.12p001'
2026-02-28 19:50:29.261370 (994681) main____ INFO      JASPER_KERNEL_CHECK: '1'
2026-02-28 19:50:29.261382 (994681) main____ INFO      JASPER_OS_CHECK    : '0'
2026-02-28 19:50:29.261394 (994681) main____ INFO      LANG               : 'en_US.UTF-8'
2026-02-28 19:50:29.261404 (994681) main____ INFO    ----------------------------------------
2026-02-28 19:50:29.262639 (994681) lic_core INFO    Initializing license system ...
2026-02-28 19:50:29.264326 (994681) lic_core INFO    ... license system initialized.
2026-02-28 19:50:29.276382 (994681) lic__man INFO    Claim 'main' for <ui>.
2026-02-28 19:50:29.276425 (994681) lic_core INFO    (1) checking out 'jasper_interactive' ...
2026-02-28 19:50:29.289131 (994681) lic_core INFO    ... (1) checkout succeeded
2026-02-28 19:50:29.289193 (994681) lic__man INFO    Claim 'fpv' for <ui>.
2026-02-28 19:50:29.289215 (994681) lic_core INFO    (2) checking out 'jasper_fpv' ...
2026-02-28 19:50:29.293511 (994681) lic_core INFO    ... (2) checkout failed (error: -5) ("FLEXnet ERROR(-5, 0, 0): No such feature exists.")
2026-02-28 19:50:29.293544 (994681) lic_core INFO    (3) checking out 'jasper_fao' ...
2026-02-28 19:50:29.304699 (994681) lic_core INFO    ... (3) checkout succeeded
2026-02-28 19:50:29.305693 (994692) stdio___ INFO    Starting STDIN reader (tty: yes, tty name: '/dev/pts/0')
2026-02-28 19:50:29.305846 (994681) main____ INFO    Tool inactivity delay is 480000 ms.
2026-02-28 19:50:29.349800 (994681) session_ INFO    Starting analysis session with session id 'session_0' (launcher: <local>) ...
2026-02-28 19:50:29.351669 (994681) session_ INFO    Analysis session with session id 'session_0' started (pid: 994693)
2026-02-28 19:50:30.442026 (994681) session_ INFO    Analysis session 'session_0' connected to the console (host: 127.0.0.1:60590)
2026-02-28 19:50:33.523683 (994681) lic__man INFO    Unclaim everything for 'session_0'.
2026-02-28 19:50:33.729107 (994681) lic__man INFO    Claim 'fpv' for 'session_0'.
2026-02-28 19:50:33.729151 (994681) lic__man INFO    Claim 'fpv' for 'session_0/prove-0'.
2026-02-28 19:50:34.914427 (994681) lic__man INFO    Unclaim everything for 'session_0/prove-0'.
2026-02-28 19:50:34.956465 (994681) main____ INFO    About to exit: request to exit with status 0 received from analysis session 'session_0'
2026-02-28 19:50:35.114242 (994681) session_ INFO    Analysis session 'session_0' disconnected.
2026-02-28 19:50:35.114460 (994681) lic__man INFO    Unclaim everything for 'session_0'.
2026-02-28 19:50:35.114664 (994681) session_ INFO    Process for analysis session 'session_0' has exited with exit status '0'.
2026-02-28 19:50:36.903793 (994692) stdio___ INFO    STDIN reader requested to stop.
2026-02-28 19:50:36.903827 (994692) stdio___ INFO    STDIN reader stopped.
2026-02-28 19:50:36.904061 (994681) lic_core INFO    (1) checkin jasper_interactive
2026-02-28 19:50:36.905443 (994681) lic_core INFO    (3) checkin jasper_fao
2026-02-28 19:50:36.906447 (994681) main____ INFO    Exiting with status 0.
