2026-02-28 19:47:22.126775 (983302) main____ INFO    ----------------------------------------
2026-02-28 19:47:22.126855 (983302) main____ INFO    Jasper version info
2026-02-28 19:47:22.126871 (983302) main____ INFO      tool      : Jasper 2023.12
2026-02-28 19:47:22.126885 (983302) main____ INFO      version   : 2023.12p001 64 bits
2026-02-28 19:47:22.126899 (983302) main____ INFO      build date: 2024.01.23 16:09:24 UTC
2026-02-28 19:47:22.126908 (983302) main____ INFO    ----------------------------------------
2026-02-28 19:47:22.126918 (983302) main____ INFO    Runtime info:
2026-02-28 19:47:22.126928 (983302) main____ INFO      platform  : Linux 4.18.0-553.89.1.el8_10.x86_64 x86_64
2026-02-28 19:47:22.126947 (983302) main____ INFO      hostname  : caddy15.stanford.edu
2026-02-28 19:47:22.126962 (983302) main____ INFO      pid       : 983302
2026-02-28 19:47:22.126974 (983302) main____ INFO      arguments : '-style' 'windows' '-allow_unsupported_OS' '-no_gui' '-fpv' './synthlc/i_ADDI_out/xHBPerfG_dfg_v3_div/WHB_74_.tcl' '-proj' './synthlc/i_ADDI_out/xHBPerfG_dfg_v3_div/WHB_74_jgsession_26-02-28-19_47_21'
2026-02-28 19:47:22.126990 (983302) main____ INFO      locale    : UTF-8
2026-02-28 19:47:22.127010 (983302) main____ INFO    ----------------------------------------
2026-02-28 19:47:22.127019 (983302) main____ INFO    System resource limits info:
2026-02-28 19:47:22.127031 (983302) main____ INFO      virtual memory: unlimited
2026-02-28 19:47:22.127043 (983302) main____ INFO      cpu time      : unlimited
2026-02-28 19:47:22.127061 (983302) main____ INFO      processes     : 4096
2026-02-28 19:47:22.127080 (983302) main____ INFO      stack size    : 8388608 B
2026-02-28 19:47:22.127094 (983302) main____ INFO      core file size: 0 B
2026-02-28 19:47:22.127107 (983302) main____ INFO      open files    : 4096
2026-02-28 19:47:22.127119 (983302) main____ INFO      file size     : unlimited
2026-02-28 19:47:22.127129 (983302) main____ INFO    ----------------------------------------
2026-02-28 19:47:22.127138 (983302) main____ INFO    Memory statistics:
2026-02-28 19:47:22.127150 (983302) main____ INFO      total physical memory  : 98449092 kB
2026-02-28 19:47:22.127161 (983302) main____ INFO      free physical memory   : 78125344 kB
2026-02-28 19:47:22.127173 (983302) main____ INFO      committed address space: 4109392 kB
2026-02-28 19:47:22.127182 (983302) main____ INFO    ----------------------------------------
2026-02-28 19:47:22.128394 (983302) main____ INFO    Important environment variables:
2026-02-28 19:47:22.128420 (983302) main____ INFO      CDS_LIC_FILE       : '5280@cadlic0'
2026-02-28 19:47:22.128432 (983302) main____ INFO      JASPER_INSTALL_DIR : '/cad/cadence/jasper_2023.12p001'
2026-02-28 19:47:22.128444 (983302) main____ INFO      JASPER_KERNEL_CHECK: '1'
2026-02-28 19:47:22.128456 (983302) main____ INFO      JASPER_OS_CHECK    : '0'
2026-02-28 19:47:22.128468 (983302) main____ INFO      LANG               : 'en_US.UTF-8'
2026-02-28 19:47:22.128478 (983302) main____ INFO    ----------------------------------------
2026-02-28 19:47:22.131430 (983302) lic_core INFO    Initializing license system ...
2026-02-28 19:47:22.137127 (983302) lic_core INFO    ... license system initialized.
2026-02-28 19:47:22.154237 (983302) lic__man INFO    Claim 'main' for <ui>.
2026-02-28 19:47:22.154293 (983302) lic_core INFO    (1) checking out 'jasper_interactive' ...
2026-02-28 19:47:22.171186 (983302) lic_core INFO    ... (1) checkout succeeded
2026-02-28 19:47:22.171286 (983302) lic__man INFO    Claim 'fpv' for <ui>.
2026-02-28 19:47:22.171325 (983302) lic_core INFO    (2) checking out 'jasper_fpv' ...
2026-02-28 19:47:22.414751 (983302) lic_core INFO    ... (2) checkout failed (error: -5) ("FLEXnet ERROR(-5, 0, 0): No such feature exists.")
2026-02-28 19:47:22.414804 (983302) lic_core INFO    (3) checking out 'jasper_fao' ...
2026-02-28 19:47:22.487814 (983302) lic_core INFO    ... (3) checkout succeeded
2026-02-28 19:47:22.489178 (983302) main____ INFO    Tool inactivity delay is 480000 ms.
2026-02-28 19:47:22.497510 (983486) stdio___ INFO    Starting STDIN reader (tty: yes, tty name: '/dev/pts/0')
2026-02-28 19:47:22.826439 (983302) session_ INFO    Starting analysis session with session id 'session_0' (launcher: <local>) ...
2026-02-28 19:47:22.828359 (983302) session_ INFO    Analysis session with session id 'session_0' started (pid: 983487)
2026-02-28 19:47:24.562775 (983302) session_ INFO    Analysis session 'session_0' connected to the console (host: 127.0.0.1:53172)
2026-02-28 19:47:30.596900 (983302) lic__man INFO    Unclaim everything for 'session_0'.
2026-02-28 19:47:30.805940 (983302) lic__man INFO    Claim 'fpv' for 'session_0'.
2026-02-28 19:47:30.805976 (983302) lic__man INFO    Claim 'fpv' for 'session_0/prove-0'.
2026-02-28 19:47:39.790708 (983302) lic__man INFO    Unclaim everything for 'session_0/prove-0'.
2026-02-28 19:47:39.835464 (983302) main____ INFO    About to exit: request to exit with status 0 received from analysis session 'session_0'
2026-02-28 19:47:39.982532 (983302) session_ INFO    Analysis session 'session_0' disconnected.
2026-02-28 19:47:39.982714 (983302) lic__man INFO    Unclaim everything for 'session_0'.
2026-02-28 19:47:39.982892 (983302) session_ INFO    Process for analysis session 'session_0' has exited with exit status '0'.
2026-02-28 19:47:41.903336 (983486) stdio___ INFO    STDIN reader requested to stop.
2026-02-28 19:47:41.903369 (983486) stdio___ INFO    STDIN reader stopped.
2026-02-28 19:47:41.903573 (983302) lic_core INFO    (1) checkin jasper_interactive
2026-02-28 19:47:41.904594 (983302) lic_core INFO    (3) checkin jasper_fao
2026-02-28 19:47:41.905513 (983302) main____ INFO    Exiting with status 0.
