2026-02-26 05:52:00.043918 (3810403) main____ INFO    ----------------------------------------
2026-02-26 05:52:00.044023 (3810403) main____ INFO    Jasper version info
2026-02-26 05:52:00.044042 (3810403) main____ INFO      tool      : Jasper 2023.12
2026-02-26 05:52:00.044060 (3810403) main____ INFO      version   : 2023.12p001 64 bits
2026-02-26 05:52:00.044076 (3810403) main____ INFO      build date: 2024.01.23 16:09:24 UTC
2026-02-26 05:52:00.044087 (3810403) main____ INFO    ----------------------------------------
2026-02-26 05:52:00.044098 (3810403) main____ INFO    Runtime info:
2026-02-26 05:52:00.044111 (3810403) main____ INFO      platform  : Linux 4.18.0-553.89.1.el8_10.x86_64 x86_64
2026-02-26 05:52:00.044133 (3810403) main____ INFO      hostname  : caddy15.stanford.edu
2026-02-26 05:52:00.044151 (3810403) main____ INFO      pid       : 3810403
2026-02-26 05:52:00.044163 (3810403) main____ INFO      arguments : '-style' 'windows' '-allow_unsupported_OS' '-no_gui' '-fpv' './synthlc/i_ADDI_out/xPerfLocSubsetDiv/coverset_135_.tcl' '-proj' './synthlc/i_ADDI_out/xPerfLocSubsetDiv/coverset_135_jgsession_26-02-26-05_51_59'
2026-02-26 05:52:00.044183 (3810403) main____ INFO      locale    : UTF-8
2026-02-26 05:52:00.044195 (3810403) main____ INFO    ----------------------------------------
2026-02-26 05:52:00.044205 (3810403) main____ INFO    System resource limits info:
2026-02-26 05:52:00.044220 (3810403) main____ INFO      virtual memory: unlimited
2026-02-26 05:52:00.044234 (3810403) main____ INFO      cpu time      : unlimited
2026-02-26 05:52:00.044256 (3810403) main____ INFO      processes     : 4096
2026-02-26 05:52:00.044280 (3810403) main____ INFO      stack size    : 8388608 B
2026-02-26 05:52:00.044297 (3810403) main____ INFO      core file size: 0 B
2026-02-26 05:52:00.044334 (3810403) main____ INFO      open files    : 4096
2026-02-26 05:52:00.044348 (3810403) main____ INFO      file size     : unlimited
2026-02-26 05:52:00.044360 (3810403) main____ INFO    ----------------------------------------
2026-02-26 05:52:00.044370 (3810403) main____ INFO    Memory statistics:
2026-02-26 05:52:00.044384 (3810403) main____ INFO      total physical memory  : 98449092 kB
2026-02-26 05:52:00.044397 (3810403) main____ INFO      free physical memory   : 76136888 kB
2026-02-26 05:52:00.044410 (3810403) main____ INFO      committed address space: 6776324 kB
2026-02-26 05:52:00.044421 (3810403) main____ INFO    ----------------------------------------
2026-02-26 05:52:00.045779 (3810403) main____ INFO    Important environment variables:
2026-02-26 05:52:00.045810 (3810403) main____ INFO      CDS_LIC_FILE       : '5280@cadlic0'
2026-02-26 05:52:00.045825 (3810403) main____ INFO      JASPER_INSTALL_DIR : '/cad/cadence/jasper_2023.12p001'
2026-02-26 05:52:00.045848 (3810403) main____ INFO      JASPER_KERNEL_CHECK: '1'
2026-02-26 05:52:00.045862 (3810403) main____ INFO      JASPER_OS_CHECK    : '0'
2026-02-26 05:52:00.045876 (3810403) main____ INFO      LANG               : 'en_US.UTF-8'
2026-02-26 05:52:00.045888 (3810403) main____ INFO    ----------------------------------------
2026-02-26 05:52:00.048507 (3810403) lic_core INFO    Initializing license system ...
2026-02-26 05:52:00.071776 (3810403) lic_core INFO    ... license system initialized.
2026-02-26 05:52:00.154473 (3810403) lic__man INFO    Claim 'main' for <ui>.
2026-02-26 05:52:00.154545 (3810403) lic_core INFO    (1) checking out 'jasper_interactive' ...
2026-02-26 05:52:00.233814 (3810403) lic_core INFO    ... (1) checkout succeeded
2026-02-26 05:52:00.233919 (3810403) lic__man INFO    Claim 'fpv' for <ui>.
2026-02-26 05:52:00.233951 (3810403) lic_core INFO    (2) checking out 'jasper_fpv' ...
2026-02-26 05:52:00.299868 (3810403) lic_core INFO    ... (2) checkout failed (error: -5) ("FLEXnet ERROR(-5, 0, 0): No such feature exists.")
2026-02-26 05:52:00.299930 (3810403) lic_core INFO    (3) checking out 'jasper_fao' ...
2026-02-26 05:52:00.375835 (3810403) lic_core INFO    ... (3) checkout succeeded
2026-02-26 05:52:00.379244 (3810403) main____ INFO    Tool inactivity delay is 480000 ms.
2026-02-26 05:52:00.387589 (3810421) stdio___ INFO    Starting STDIN reader (tty: yes, tty name: '/dev/pts/0')
2026-02-26 05:52:00.715429 (3810403) session_ INFO    Starting analysis session with session id 'session_0' (launcher: <local>) ...
2026-02-26 05:52:00.717550 (3810403) session_ INFO    Analysis session with session id 'session_0' started (pid: 3810423)
2026-02-26 05:52:03.330760 (3810403) session_ INFO    Analysis session 'session_0' connected to the console (host: 127.0.0.1:56508)
2026-02-26 05:52:06.970464 (3810403) lic__man INFO    Unclaim everything for 'session_0'.
2026-02-26 05:52:07.255892 (3810403) lic__man INFO    Claim 'fpv' for 'session_0'.
2026-02-26 05:52:07.255931 (3810403) lic__man INFO    Claim 'fpv' for 'session_0/prove-0'.
2026-02-26 05:52:11.703909 (3810403) lic__man INFO    Unclaim everything for 'session_0/prove-0'.
2026-02-26 05:52:11.715504 (3810403) main____ INFO    About to exit: request to exit with status 0 received from analysis session 'session_0'
2026-02-26 05:52:11.875559 (3810403) session_ INFO    Analysis session 'session_0' disconnected.
2026-02-26 05:52:11.875702 (3810403) lic__man INFO    Unclaim everything for 'session_0'.
2026-02-26 05:52:11.875984 (3810403) session_ INFO    Process for analysis session 'session_0' has exited with exit status '0'.
2026-02-26 05:52:13.842397 (3810421) stdio___ INFO    STDIN reader requested to stop.
2026-02-26 05:52:13.842457 (3810421) stdio___ INFO    STDIN reader stopped.
2026-02-26 05:52:13.846587 (3810403) lic_core INFO    (1) checkin jasper_interactive
2026-02-26 05:52:13.848522 (3810403) lic_core INFO    (3) checkin jasper_fao
2026-02-26 05:52:13.874351 (3810403) main____ INFO    Exiting with status 0.
