2026-02-28 19:22:29.246696 (903011) main____ INFO    ----------------------------------------
2026-02-28 19:22:29.246766 (903011) main____ INFO    Jasper version info
2026-02-28 19:22:29.246781 (903011) main____ INFO      tool      : Jasper 2023.12
2026-02-28 19:22:29.246795 (903011) main____ INFO      version   : 2023.12p001 64 bits
2026-02-28 19:22:29.246807 (903011) main____ INFO      build date: 2024.01.23 16:09:24 UTC
2026-02-28 19:22:29.246817 (903011) main____ INFO    ----------------------------------------
2026-02-28 19:22:29.246826 (903011) main____ INFO    Runtime info:
2026-02-28 19:22:29.246836 (903011) main____ INFO      platform  : Linux 4.18.0-553.89.1.el8_10.x86_64 x86_64
2026-02-28 19:22:29.246853 (903011) main____ INFO      hostname  : caddy15.stanford.edu
2026-02-28 19:22:29.246867 (903011) main____ INFO      pid       : 903011
2026-02-28 19:22:29.246879 (903011) main____ INFO      arguments : '-style' 'windows' '-allow_unsupported_OS' '-no_gui' '-fpv' './synthlc/i_ADDI_out/xPairwiseDepDiv/exclusive_17_.tcl' '-proj' './synthlc/i_ADDI_out/xPairwiseDepDiv/exclusive_17_jgsession_26-02-28-19_22_29'
2026-02-28 19:22:29.246894 (903011) main____ INFO      locale    : UTF-8
2026-02-28 19:22:29.246903 (903011) main____ INFO    ----------------------------------------
2026-02-28 19:22:29.246912 (903011) main____ INFO    System resource limits info:
2026-02-28 19:22:29.246924 (903011) main____ INFO      virtual memory: unlimited
2026-02-28 19:22:29.246936 (903011) main____ INFO      cpu time      : unlimited
2026-02-28 19:22:29.246952 (903011) main____ INFO      processes     : 4096
2026-02-28 19:22:29.246971 (903011) main____ INFO      stack size    : 8388608 B
2026-02-28 19:22:29.246985 (903011) main____ INFO      core file size: 0 B
2026-02-28 19:22:29.246997 (903011) main____ INFO      open files    : 4096
2026-02-28 19:22:29.247009 (903011) main____ INFO      file size     : unlimited
2026-02-28 19:22:29.247018 (903011) main____ INFO    ----------------------------------------
2026-02-28 19:22:29.247027 (903011) main____ INFO    Memory statistics:
2026-02-28 19:22:29.247038 (903011) main____ INFO      total physical memory  : 98449092 kB
2026-02-28 19:22:29.247050 (903011) main____ INFO      free physical memory   : 79473276 kB
2026-02-28 19:22:29.247061 (903011) main____ INFO      committed address space: 2666664 kB
2026-02-28 19:22:29.247070 (903011) main____ INFO    ----------------------------------------
2026-02-28 19:22:29.248200 (903011) main____ INFO    Important environment variables:
2026-02-28 19:22:29.248223 (903011) main____ INFO      CDS_LIC_FILE       : '5280@cadlic0'
2026-02-28 19:22:29.248235 (903011) main____ INFO      JASPER_INSTALL_DIR : '/cad/cadence/jasper_2023.12p001'
2026-02-28 19:22:29.248247 (903011) main____ INFO      JASPER_KERNEL_CHECK: '1'
2026-02-28 19:22:29.248259 (903011) main____ INFO      JASPER_OS_CHECK    : '0'
2026-02-28 19:22:29.248270 (903011) main____ INFO      LANG               : 'en_US.UTF-8'
2026-02-28 19:22:29.248280 (903011) main____ INFO    ----------------------------------------
2026-02-28 19:22:29.249397 (903011) lic_core INFO    Initializing license system ...
2026-02-28 19:22:29.250844 (903011) lic_core INFO    ... license system initialized.
2026-02-28 19:22:29.262043 (903011) lic__man INFO    Claim 'main' for <ui>.
2026-02-28 19:22:29.262084 (903011) lic_core INFO    (1) checking out 'jasper_interactive' ...
2026-02-28 19:22:29.273682 (903011) lic_core INFO    ... (1) checkout succeeded
2026-02-28 19:22:29.273735 (903011) lic__man INFO    Claim 'fpv' for <ui>.
2026-02-28 19:22:29.273754 (903011) lic_core INFO    (2) checking out 'jasper_fpv' ...
2026-02-28 19:22:29.277784 (903011) lic_core INFO    ... (2) checkout failed (error: -5) ("FLEXnet ERROR(-5, 0, 0): No such feature exists.")
2026-02-28 19:22:29.277813 (903011) lic_core INFO    (3) checking out 'jasper_fao' ...
2026-02-28 19:22:29.288440 (903011) lic_core INFO    ... (3) checkout succeeded
2026-02-28 19:22:29.289405 (903022) stdio___ INFO    Starting STDIN reader (tty: yes, tty name: '/dev/pts/0')
2026-02-28 19:22:29.289494 (903011) main____ INFO    Tool inactivity delay is 480000 ms.
2026-02-28 19:22:29.334988 (903011) session_ INFO    Starting analysis session with session id 'session_0' (launcher: <local>) ...
2026-02-28 19:22:29.336672 (903011) session_ INFO    Analysis session with session id 'session_0' started (pid: 903023)
2026-02-28 19:22:30.461932 (903011) session_ INFO    Analysis session 'session_0' connected to the console (host: 127.0.0.1:36978)
2026-02-28 19:22:33.455831 (903011) lic__man INFO    Unclaim everything for 'session_0'.
2026-02-28 19:22:33.658750 (903011) lic__man INFO    Claim 'fpv' for 'session_0'.
2026-02-28 19:22:33.658786 (903011) lic__man INFO    Claim 'fpv' for 'session_0/prove-0'.
2026-02-28 19:22:36.257296 (903011) lic__man INFO    Unclaim everything for 'session_0/prove-0'.
2026-02-28 19:22:36.299427 (903011) main____ INFO    About to exit: request to exit with status 0 received from analysis session 'session_0'
2026-02-28 19:22:36.433198 (903011) session_ INFO    Analysis session 'session_0' disconnected.
2026-02-28 19:22:36.433400 (903011) lic__man INFO    Unclaim everything for 'session_0'.
2026-02-28 19:22:36.433591 (903011) session_ INFO    Process for analysis session 'session_0' has exited with exit status '0'.
2026-02-28 19:22:38.404622 (903022) stdio___ INFO    STDIN reader requested to stop.
2026-02-28 19:22:38.404663 (903022) stdio___ INFO    STDIN reader stopped.
2026-02-28 19:22:38.404910 (903011) lic_core INFO    (1) checkin jasper_interactive
2026-02-28 19:22:38.406098 (903011) lic_core INFO    (3) checkin jasper_fao
2026-02-28 19:22:38.408220 (903011) main____ INFO    Exiting with status 0.
