2026-02-26 02:49:04.111849 (3659264) main____ INFO    ----------------------------------------
2026-02-26 02:49:04.111948 (3659264) main____ INFO    Jasper version info
2026-02-26 02:49:04.111964 (3659264) main____ INFO      tool      : Jasper 2023.12
2026-02-26 02:49:04.111979 (3659264) main____ INFO      version   : 2023.12p001 64 bits
2026-02-26 02:49:04.111992 (3659264) main____ INFO      build date: 2024.01.23 16:09:24 UTC
2026-02-26 02:49:04.112001 (3659264) main____ INFO    ----------------------------------------
2026-02-26 02:49:04.112011 (3659264) main____ INFO    Runtime info:
2026-02-26 02:49:04.112021 (3659264) main____ INFO      platform  : Linux 4.18.0-553.89.1.el8_10.x86_64 x86_64
2026-02-26 02:49:04.112041 (3659264) main____ INFO      hostname  : caddy15.stanford.edu
2026-02-26 02:49:04.112056 (3659264) main____ INFO      pid       : 3659264
2026-02-26 02:49:04.112066 (3659264) main____ INFO      arguments : '-style' 'windows' '-allow_unsupported_OS' '-no_gui' '-fpv' './synthlc/i_ADDI_out/xPairwiseDepDiv/nunv_anytwo_103_.tcl' '-proj' './synthlc/i_ADDI_out/xPairwiseDepDiv/nunv_anytwo_103_jgsession_26-02-26-02_49_02'
2026-02-26 02:49:04.112083 (3659264) main____ INFO      locale    : UTF-8
2026-02-26 02:49:04.112093 (3659264) main____ INFO    ----------------------------------------
2026-02-26 02:49:04.112102 (3659264) main____ INFO    System resource limits info:
2026-02-26 02:49:04.112114 (3659264) main____ INFO      virtual memory: unlimited
2026-02-26 02:49:04.112126 (3659264) main____ INFO      cpu time      : unlimited
2026-02-26 02:49:04.112144 (3659264) main____ INFO      processes     : 4096
2026-02-26 02:49:04.112165 (3659264) main____ INFO      stack size    : 8388608 B
2026-02-26 02:49:04.112179 (3659264) main____ INFO      core file size: 0 B
2026-02-26 02:49:04.112192 (3659264) main____ INFO      open files    : 4096
2026-02-26 02:49:04.112203 (3659264) main____ INFO      file size     : unlimited
2026-02-26 02:49:04.112213 (3659264) main____ INFO    ----------------------------------------
2026-02-26 02:49:04.112222 (3659264) main____ INFO    Memory statistics:
2026-02-26 02:49:04.112233 (3659264) main____ INFO      total physical memory  : 98449092 kB
2026-02-26 02:49:04.112244 (3659264) main____ INFO      free physical memory   : 73462768 kB
2026-02-26 02:49:04.112256 (3659264) main____ INFO      committed address space: 10253812 kB
2026-02-26 02:49:04.112265 (3659264) main____ INFO    ----------------------------------------
2026-02-26 02:49:04.113460 (3659264) main____ INFO    Important environment variables:
2026-02-26 02:49:04.113489 (3659264) main____ INFO      CDS_LIC_FILE       : '5280@cadlic0'
2026-02-26 02:49:04.113502 (3659264) main____ INFO      JASPER_INSTALL_DIR : '/cad/cadence/jasper_2023.12p001'
2026-02-26 02:49:04.113513 (3659264) main____ INFO      JASPER_KERNEL_CHECK: '1'
2026-02-26 02:49:04.113526 (3659264) main____ INFO      JASPER_OS_CHECK    : '0'
2026-02-26 02:49:04.113537 (3659264) main____ INFO      LANG               : 'en_US.UTF-8'
2026-02-26 02:49:04.113547 (3659264) main____ INFO    ----------------------------------------
2026-02-26 02:49:04.115497 (3659264) lic_core INFO    Initializing license system ...
2026-02-26 02:49:04.166091 (3659264) lic_core INFO    ... license system initialized.
2026-02-26 02:49:04.321703 (3659264) lic__man INFO    Claim 'main' for <ui>.
2026-02-26 02:49:04.321775 (3659264) lic_core INFO    (1) checking out 'jasper_interactive' ...
2026-02-26 02:49:04.373553 (3659264) lic_core INFO    ... (1) checkout succeeded
2026-02-26 02:49:04.373658 (3659264) lic__man INFO    Claim 'fpv' for <ui>.
2026-02-26 02:49:04.373694 (3659264) lic_core INFO    (2) checking out 'jasper_fpv' ...
2026-02-26 02:49:04.420789 (3659264) lic_core INFO    ... (2) checkout failed (error: -5) ("FLEXnet ERROR(-5, 0, 0): No such feature exists.")
2026-02-26 02:49:04.420849 (3659264) lic_core INFO    (3) checking out 'jasper_fao' ...
2026-02-26 02:49:04.501609 (3659264) lic_core INFO    ... (3) checkout succeeded
2026-02-26 02:49:04.536229 (3659264) main____ INFO    Tool inactivity delay is 480000 ms.
2026-02-26 02:49:04.546620 (3659331) stdio___ INFO    Starting STDIN reader (tty: yes, tty name: '/dev/pts/0')
2026-02-26 02:49:04.887431 (3659264) session_ INFO    Starting analysis session with session id 'session_0' (launcher: <local>) ...
2026-02-26 02:49:04.889316 (3659264) session_ INFO    Analysis session with session id 'session_0' started (pid: 3659340)
2026-02-26 02:49:06.668790 (3659264) session_ INFO    Analysis session 'session_0' connected to the console (host: 127.0.0.1:51928)
2026-02-26 02:49:10.498562 (3659264) lic__man INFO    Unclaim everything for 'session_0'.
2026-02-26 02:49:10.694792 (3659264) lic__man INFO    Claim 'fpv' for 'session_0'.
2026-02-26 02:49:10.694828 (3659264) lic__man INFO    Claim 'fpv' for 'session_0/prove-0'.
2026-02-26 02:49:12.154883 (3659264) lic__man INFO    Unclaim everything for 'session_0/prove-0'.
2026-02-26 02:49:12.196450 (3659264) main____ INFO    About to exit: request to exit with status 0 received from analysis session 'session_0'
2026-02-26 02:49:12.349471 (3659264) session_ INFO    Analysis session 'session_0' disconnected.
2026-02-26 02:49:12.349665 (3659264) lic__man INFO    Unclaim everything for 'session_0'.
2026-02-26 02:49:12.349856 (3659264) session_ INFO    Process for analysis session 'session_0' has exited with exit status '0'.
2026-02-26 02:49:14.307565 (3659331) stdio___ INFO    STDIN reader requested to stop.
2026-02-26 02:49:14.307613 (3659331) stdio___ INFO    STDIN reader stopped.
2026-02-26 02:49:14.307907 (3659264) lic_core INFO    (1) checkin jasper_interactive
2026-02-26 02:49:14.312321 (3659264) lic_core INFO    (3) checkin jasper_fao
2026-02-26 02:49:14.324010 (3659264) main____ INFO    Exiting with status 0.
