2026-03-02 14:08:58.446585 (708053) main____ INFO    ----------------------------------------
2026-03-02 14:08:58.446685 (708053) main____ INFO    Jasper version info
2026-03-02 14:08:58.446703 (708053) main____ INFO      tool      : Jasper 2023.12
2026-03-02 14:08:58.446719 (708053) main____ INFO      version   : 2023.12p001 64 bits
2026-03-02 14:08:58.446733 (708053) main____ INFO      build date: 2024.01.23 16:09:24 UTC
2026-03-02 14:08:58.446744 (708053) main____ INFO    ----------------------------------------
2026-03-02 14:08:58.446753 (708053) main____ INFO    Runtime info:
2026-03-02 14:08:58.446765 (708053) main____ INFO      platform  : Linux 4.18.0-553.89.1.el8_10.x86_64 x86_64
2026-03-02 14:08:58.446783 (708053) main____ INFO      hostname  : caddy12.stanford.edu
2026-03-02 14:08:58.446799 (708053) main____ INFO      pid       : 708053
2026-03-02 14:08:58.446810 (708053) main____ INFO      arguments : '-style' 'windows' '-allow_unsupported_OS' '-no_gui' '-fpv' './synthlc/i_DIV_out/xHBPerfG_dfg_v3_div/HB_496_.tcl' '-proj' './synthlc/i_DIV_out/xHBPerfG_dfg_v3_div/HB_496_jgsession_26-03-02-14_08_58'
2026-03-02 14:08:58.446827 (708053) main____ INFO      locale    : UTF-8
2026-03-02 14:08:58.446837 (708053) main____ INFO    ----------------------------------------
2026-03-02 14:08:58.446847 (708053) main____ INFO    System resource limits info:
2026-03-02 14:08:58.446860 (708053) main____ INFO      virtual memory: unlimited
2026-03-02 14:08:58.446872 (708053) main____ INFO      cpu time      : unlimited
2026-03-02 14:08:58.448332 (708053) main____ INFO      processes     : 4096
2026-03-02 14:08:58.448352 (708053) main____ INFO      stack size    : 8388608 B
2026-03-02 14:08:58.448367 (708053) main____ INFO      core file size: 0 B
2026-03-02 14:08:58.448380 (708053) main____ INFO      open files    : 4096
2026-03-02 14:08:58.448393 (708053) main____ INFO      file size     : unlimited
2026-03-02 14:08:58.448403 (708053) main____ INFO    ----------------------------------------
2026-03-02 14:08:58.448413 (708053) main____ INFO    Memory statistics:
2026-03-02 14:08:58.448425 (708053) main____ INFO      total physical memory  : 98449088 kB
2026-03-02 14:08:58.448437 (708053) main____ INFO      free physical memory   : 84394604 kB
2026-03-02 14:08:58.448449 (708053) main____ INFO      committed address space: 6801720 kB
2026-03-02 14:08:58.448459 (708053) main____ INFO    ----------------------------------------
2026-03-02 14:08:58.449626 (708053) main____ INFO    Important environment variables:
2026-03-02 14:08:58.450250 (708053) main____ INFO      CDS_LIC_FILE       : '5280@cadlic0'
2026-03-02 14:08:58.450277 (708053) main____ INFO      DISPLAY            : 'localhost:12.0'
2026-03-02 14:08:58.450293 (708053) main____ INFO      JASPER_INSTALL_DIR : '/cad/cadence/jasper_2023.12p001'
2026-03-02 14:08:58.450310 (708053) main____ INFO      JASPER_KERNEL_CHECK: '1'
2026-03-02 14:08:58.450327 (708053) main____ INFO      JASPER_OS_CHECK    : '0'
2026-03-02 14:08:58.450343 (708053) main____ INFO      LANG               : 'zh_TW.UTF-8'
2026-03-02 14:08:58.450356 (708053) main____ INFO    ----------------------------------------
2026-03-02 14:08:58.451780 (708053) lic_core INFO    Initializing license system ...
2026-03-02 14:08:58.457908 (708053) lic_core INFO    ... license system initialized.
2026-03-02 14:08:58.470198 (708053) lic__man INFO    Claim 'main' for <ui>.
2026-03-02 14:08:58.470253 (708053) lic_core INFO    (1) checking out 'jasper_interactive' ...
2026-03-02 14:08:58.483463 (708053) lic_core INFO    ... (1) checkout succeeded
2026-03-02 14:08:58.485759 (708053) lic__man INFO    Claim 'fpv' for <ui>.
2026-03-02 14:08:58.485818 (708053) lic_core INFO    (2) checking out 'jasper_fpv' ...
2026-03-02 14:08:58.490594 (708053) lic_core INFO    ... (2) checkout failed (error: -5) ("FLEXnet ERROR(-5, 0, 0): No such feature exists.")
2026-03-02 14:08:58.490636 (708053) lic_core INFO    (3) checking out 'jasper_fao' ...
2026-03-02 14:08:58.502686 (708053) lic_core INFO    ... (3) checkout succeeded
2026-03-02 14:08:58.504241 (708064) stdio___ INFO    Starting STDIN reader (tty: yes, tty name: '/dev/pts/0')
2026-03-02 14:08:58.515167 (708053) main____ INFO    Tool inactivity delay is 480000 ms.
2026-03-02 14:08:58.556769 (708053) session_ INFO    Starting analysis session with session id 'session_0' (launcher: <local>) ...
2026-03-02 14:08:58.558519 (708053) session_ INFO    Analysis session with session id 'session_0' started (pid: 708065)
2026-03-02 14:08:59.646618 (708053) session_ INFO    Analysis session 'session_0' connected to the console (host: 127.0.0.1:47138)
2026-03-02 14:09:02.732265 (708053) lic__man INFO    Unclaim everything for 'session_0'.
2026-03-02 14:09:02.935772 (708053) lic__man INFO    Claim 'fpv' for 'session_0'.
2026-03-02 14:09:02.935811 (708053) lic__man INFO    Claim 'fpv' for 'session_0/prove-0'.
2026-03-02 14:09:04.525566 (708053) lic__man INFO    Unclaim everything for 'session_0/prove-0'.
2026-03-02 14:09:04.566909 (708053) main____ INFO    About to exit: request to exit with status 0 received from analysis session 'session_0'
2026-03-02 14:09:04.736220 (708053) session_ INFO    Analysis session 'session_0' disconnected.
2026-03-02 14:09:04.736423 (708053) lic__man INFO    Unclaim everything for 'session_0'.
2026-03-02 14:09:04.736615 (708053) session_ INFO    Process for analysis session 'session_0' has exited with exit status '0'.
2026-03-02 14:09:06.490080 (708064) stdio___ INFO    STDIN reader requested to stop.
2026-03-02 14:09:06.490142 (708064) stdio___ INFO    STDIN reader stopped.
2026-03-02 14:09:06.490446 (708053) lic_core INFO    (1) checkin jasper_interactive
2026-03-02 14:09:06.494885 (708053) lic_core INFO    (3) checkin jasper_fao
2026-03-02 14:09:06.508408 (708053) main____ INFO    Exiting with status 0.
