2026-03-01 10:02:35.926545 (40464) main____ INFO    ----------------------------------------
2026-03-01 10:02:35.926652 (40464) main____ INFO    Jasper version info
2026-03-01 10:02:35.926683 (40464) main____ INFO      tool      : Jasper 2023.12
2026-03-01 10:02:35.926700 (40464) main____ INFO      version   : 2023.12p001 64 bits
2026-03-01 10:02:35.926715 (40464) main____ INFO      build date: 2024.01.23 16:09:24 UTC
2026-03-01 10:02:35.926726 (40464) main____ INFO    ----------------------------------------
2026-03-01 10:02:35.926736 (40464) main____ INFO    Runtime info:
2026-03-01 10:02:35.926748 (40464) main____ INFO      platform  : Linux 4.18.0-553.89.1.el8_10.x86_64 x86_64
2026-03-01 10:02:35.926767 (40464) main____ INFO      hostname  : caddy12.stanford.edu
2026-03-01 10:02:35.926795 (40464) main____ INFO      pid       : 40464
2026-03-01 10:02:35.926807 (40464) main____ INFO      arguments : '-style' 'windows' '-allow_unsupported_OS' '-no_gui' '-fpv' './synthlc/i_LW_out/xHBPerfG_dfg_v3_div/HB_80_.tcl' '-proj' './synthlc/i_LW_out/xHBPerfG_dfg_v3_div/HB_80_jgsession_26-03-01-10_02_35'
2026-03-01 10:02:35.926826 (40464) main____ INFO      locale    : UTF-8
2026-03-01 10:02:35.926836 (40464) main____ INFO    ----------------------------------------
2026-03-01 10:02:35.926846 (40464) main____ INFO    System resource limits info:
2026-03-01 10:02:35.926860 (40464) main____ INFO      virtual memory: unlimited
2026-03-01 10:02:35.926872 (40464) main____ INFO      cpu time      : unlimited
2026-03-01 10:02:35.926892 (40464) main____ INFO      processes     : 4096
2026-03-01 10:02:35.926913 (40464) main____ INFO      stack size    : 8388608 B
2026-03-01 10:02:35.926929 (40464) main____ INFO      core file size: 0 B
2026-03-01 10:02:35.926942 (40464) main____ INFO      open files    : 4096
2026-03-01 10:02:35.926955 (40464) main____ INFO      file size     : unlimited
2026-03-01 10:02:35.926966 (40464) main____ INFO    ----------------------------------------
2026-03-01 10:02:35.926976 (40464) main____ INFO    Memory statistics:
2026-03-01 10:02:35.926988 (40464) main____ INFO      total physical memory  : 98449088 kB
2026-03-01 10:02:35.927000 (40464) main____ INFO      free physical memory   : 83021580 kB
2026-03-01 10:02:35.927013 (40464) main____ INFO      committed address space: 11582640 kB
2026-03-01 10:02:35.927023 (40464) main____ INFO    ----------------------------------------
2026-03-01 10:02:35.928208 (40464) main____ INFO    Important environment variables:
2026-03-01 10:02:35.928236 (40464) main____ INFO      CDS_LIC_FILE       : '5280@cadlic0'
2026-03-01 10:02:35.928249 (40464) main____ INFO      DISPLAY            : 'localhost:12.0'
2026-03-01 10:02:35.928262 (40464) main____ INFO      JASPER_INSTALL_DIR : '/cad/cadence/jasper_2023.12p001'
2026-03-01 10:02:35.928274 (40464) main____ INFO      JASPER_KERNEL_CHECK: '1'
2026-03-01 10:02:35.928287 (40464) main____ INFO      JASPER_OS_CHECK    : '0'
2026-03-01 10:02:35.928299 (40464) main____ INFO      LANG               : 'zh_TW.UTF-8'
2026-03-01 10:02:35.928310 (40464) main____ INFO    ----------------------------------------
2026-03-01 10:02:35.943688 (40464) lic_core INFO    Initializing license system ...
2026-03-01 10:02:35.976496 (40464) lic_core INFO    ... license system initialized.
2026-03-01 10:02:36.069422 (40464) lic__man INFO    Claim 'main' for <ui>.
2026-03-01 10:02:36.069507 (40464) lic_core INFO    (1) checking out 'jasper_interactive' ...
2026-03-01 10:02:36.092700 (40464) lic_core INFO    ... (1) checkout succeeded
2026-03-01 10:02:36.092821 (40464) lic__man INFO    Claim 'fpv' for <ui>.
2026-03-01 10:02:36.092852 (40464) lic_core INFO    (2) checking out 'jasper_fpv' ...
2026-03-01 10:02:36.124004 (40464) lic_core INFO    ... (2) checkout failed (error: -5) ("FLEXnet ERROR(-5, 0, 0): No such feature exists.")
2026-03-01 10:02:36.124061 (40464) lic_core INFO    (3) checking out 'jasper_fao' ...
2026-03-01 10:02:36.152085 (40464) lic_core INFO    ... (3) checkout succeeded
2026-03-01 10:02:36.188340 (40464) main____ INFO    Tool inactivity delay is 480000 ms.
2026-03-01 10:02:36.191304 (40475) stdio___ INFO    Starting STDIN reader (tty: yes, tty name: '/dev/pts/0')
2026-03-01 10:02:36.361832 (40464) session_ INFO    Starting analysis session with session id 'session_0' (launcher: <local>) ...
2026-03-01 10:02:36.363955 (40464) session_ INFO    Analysis session with session id 'session_0' started (pid: 40481)
2026-03-01 10:02:37.789145 (40464) session_ INFO    Analysis session 'session_0' connected to the console (host: 127.0.0.1:56092)
2026-03-01 10:02:42.130032 (40464) lic__man INFO    Unclaim everything for 'session_0'.
2026-03-01 10:02:42.395947 (40464) lic__man INFO    Claim 'fpv' for 'session_0'.
2026-03-01 10:02:42.395993 (40464) lic__man INFO    Claim 'fpv' for 'session_0/prove-0'.
2026-03-01 10:02:45.496040 (40464) lic__man INFO    Unclaim everything for 'session_0/prove-0'.
2026-03-01 10:02:45.509694 (40464) main____ INFO    About to exit: request to exit with status 0 received from analysis session 'session_0'
2026-03-01 10:02:45.786170 (40464) session_ INFO    Analysis session 'session_0' disconnected.
2026-03-01 10:02:45.786341 (40464) lic__man INFO    Unclaim everything for 'session_0'.
2026-03-01 10:02:45.786613 (40464) session_ INFO    Process for analysis session 'session_0' has exited with exit status '0'.
2026-03-01 10:02:47.429198 (40475) stdio___ INFO    STDIN reader requested to stop.
2026-03-01 10:02:47.429274 (40475) stdio___ INFO    STDIN reader stopped.
2026-03-01 10:02:47.429590 (40464) lic_core INFO    (1) checkin jasper_interactive
2026-03-01 10:02:47.440912 (40464) lic_core INFO    (3) checkin jasper_fao
2026-03-01 10:02:47.457264 (40464) main____ INFO    Exiting with status 0.
