2026-02-28 23:30:14.475354 (3788881) main____ INFO    ----------------------------------------
2026-02-28 23:30:14.475463 (3788881) main____ INFO    Jasper version info
2026-02-28 23:30:14.475480 (3788881) main____ INFO      tool      : Jasper 2023.12
2026-02-28 23:30:14.475497 (3788881) main____ INFO      version   : 2023.12p001 64 bits
2026-02-28 23:30:14.475511 (3788881) main____ INFO      build date: 2024.01.23 16:09:24 UTC
2026-02-28 23:30:14.475522 (3788881) main____ INFO    ----------------------------------------
2026-02-28 23:30:14.475533 (3788881) main____ INFO    Runtime info:
2026-02-28 23:30:14.475544 (3788881) main____ INFO      platform  : Linux 4.18.0-553.89.1.el8_10.x86_64 x86_64
2026-02-28 23:30:14.475564 (3788881) main____ INFO      hostname  : caddy12.stanford.edu
2026-02-28 23:30:14.475580 (3788881) main____ INFO      pid       : 3788881
2026-02-28 23:30:14.475592 (3788881) main____ INFO      arguments : '-style' 'windows' '-allow_unsupported_OS' '-no_gui' '-fpv' './synthlc/i_ADDI_out/xHBPerfG_dfg_v3_div/HB_253_.tcl' '-proj' './synthlc/i_ADDI_out/xHBPerfG_dfg_v3_div/HB_253_jgsession_26-02-28-23_30_14'
2026-02-28 23:30:14.475609 (3788881) main____ INFO      locale    : UTF-8
2026-02-28 23:30:14.475620 (3788881) main____ INFO    ----------------------------------------
2026-02-28 23:30:14.475630 (3788881) main____ INFO    System resource limits info:
2026-02-28 23:30:14.475643 (3788881) main____ INFO      virtual memory: unlimited
2026-02-28 23:30:14.475656 (3788881) main____ INFO      cpu time      : unlimited
2026-02-28 23:30:14.475692 (3788881) main____ INFO      processes     : 4096
2026-02-28 23:30:14.498917 (3788881) main____ INFO      stack size    : 8388608 B
2026-02-28 23:30:14.509927 (3788881) main____ INFO      core file size: 0 B
2026-02-28 23:30:14.509972 (3788881) main____ INFO      open files    : 4096
2026-02-28 23:30:14.509986 (3788881) main____ INFO      file size     : unlimited
2026-02-28 23:30:14.509997 (3788881) main____ INFO    ----------------------------------------
2026-02-28 23:30:14.510008 (3788881) main____ INFO    Memory statistics:
2026-02-28 23:30:14.510021 (3788881) main____ INFO      total physical memory  : 98449088 kB
2026-02-28 23:30:14.510034 (3788881) main____ INFO      free physical memory   : 84759328 kB
2026-02-28 23:30:14.510047 (3788881) main____ INFO      committed address space: 9639768 kB
2026-02-28 23:30:14.510057 (3788881) main____ INFO    ----------------------------------------
2026-02-28 23:30:14.511286 (3788881) main____ INFO    Important environment variables:
2026-02-28 23:30:14.522916 (3788881) main____ INFO      CDS_LIC_FILE       : '5280@cadlic0'
2026-02-28 23:30:14.522959 (3788881) main____ INFO      DISPLAY            : 'localhost:12.0'
2026-02-28 23:30:14.522972 (3788881) main____ INFO      JASPER_INSTALL_DIR : '/cad/cadence/jasper_2023.12p001'
2026-02-28 23:30:14.522986 (3788881) main____ INFO      JASPER_KERNEL_CHECK: '1'
2026-02-28 23:30:14.522999 (3788881) main____ INFO      JASPER_OS_CHECK    : '0'
2026-02-28 23:30:14.523012 (3788881) main____ INFO      LANG               : 'zh_TW.UTF-8'
2026-02-28 23:30:14.523023 (3788881) main____ INFO    ----------------------------------------
2026-02-28 23:30:14.524909 (3788881) lic_core INFO    Initializing license system ...
2026-02-28 23:30:14.538238 (3788881) lic_core INFO    ... license system initialized.
2026-02-28 23:30:14.631095 (3788881) lic__man INFO    Claim 'main' for <ui>.
2026-02-28 23:30:14.631185 (3788881) lic_core INFO    (1) checking out 'jasper_interactive' ...
2026-02-28 23:30:14.695286 (3788881) lic_core INFO    ... (1) checkout succeeded
2026-02-28 23:30:14.695411 (3788881) lic__man INFO    Claim 'fpv' for <ui>.
2026-02-28 23:30:14.695444 (3788881) lic_core INFO    (2) checking out 'jasper_fpv' ...
2026-02-28 23:30:14.739141 (3788881) lic_core INFO    ... (2) checkout failed (error: -5) ("FLEXnet ERROR(-5, 0, 0): No such feature exists.")
2026-02-28 23:30:14.739256 (3788881) lic_core INFO    (3) checking out 'jasper_fao' ...
2026-02-28 23:30:14.794573 (3788881) lic_core INFO    ... (3) checkout succeeded
2026-02-28 23:30:14.796021 (3788881) main____ INFO    Tool inactivity delay is 480000 ms.
2026-02-28 23:30:14.805920 (3788917) stdio___ INFO    Starting STDIN reader (tty: yes, tty name: '/dev/pts/0')
2026-02-28 23:30:14.976137 (3788881) session_ INFO    Starting analysis session with session id 'session_0' (launcher: <local>) ...
2026-02-28 23:30:14.978105 (3788881) session_ INFO    Analysis session with session id 'session_0' started (pid: 3788922)
2026-02-28 23:30:16.882259 (3788881) session_ INFO    Analysis session 'session_0' connected to the console (host: 127.0.0.1:36050)
2026-02-28 23:30:21.922452 (3788881) lic__man INFO    Unclaim everything for 'session_0'.
2026-02-28 23:30:22.187441 (3788881) lic__man INFO    Claim 'fpv' for 'session_0'.
2026-02-28 23:30:22.187490 (3788881) lic__man INFO    Claim 'fpv' for 'session_0/prove-0'.
2026-02-28 23:30:24.891251 (3788881) lic__man INFO    Unclaim everything for 'session_0/prove-0'.
2026-02-28 23:30:24.906398 (3788881) main____ INFO    About to exit: request to exit with status 0 received from analysis session 'session_0'
2026-02-28 23:30:25.361970 (3788881) session_ INFO    Analysis session 'session_0' disconnected.
2026-02-28 23:30:25.362150 (3788881) lic__man INFO    Unclaim everything for 'session_0'.
2026-02-28 23:30:25.362423 (3788881) session_ INFO    Process for analysis session 'session_0' has exited with exit status '0'.
2026-02-28 23:30:26.900775 (3788917) stdio___ INFO    STDIN reader requested to stop.
2026-02-28 23:30:26.900848 (3788917) stdio___ INFO    STDIN reader stopped.
2026-02-28 23:30:26.901919 (3788881) lic_core INFO    (1) checkin jasper_interactive
2026-02-28 23:30:26.913556 (3788881) lic_core INFO    (3) checkin jasper_fao
2026-02-28 23:30:26.936231 (3788881) main____ INFO    Exiting with status 0.
