2026-02-26 00:59:00.954568 (3582636) main____ INFO    ----------------------------------------
2026-02-26 00:59:00.954669 (3582636) main____ INFO    Jasper version info
2026-02-26 00:59:00.954686 (3582636) main____ INFO      tool      : Jasper 2023.12
2026-02-26 00:59:00.954700 (3582636) main____ INFO      version   : 2023.12p001 64 bits
2026-02-26 00:59:00.954713 (3582636) main____ INFO      build date: 2024.01.23 16:09:24 UTC
2026-02-26 00:59:00.954723 (3582636) main____ INFO    ----------------------------------------
2026-02-26 00:59:00.954732 (3582636) main____ INFO    Runtime info:
2026-02-26 00:59:00.954742 (3582636) main____ INFO      platform  : Linux 4.18.0-553.89.1.el8_10.x86_64 x86_64
2026-02-26 00:59:00.954760 (3582636) main____ INFO      hostname  : caddy15.stanford.edu
2026-02-26 00:59:00.954776 (3582636) main____ INFO      pid       : 3582636
2026-02-26 00:59:00.954787 (3582636) main____ INFO      arguments : '-style' 'windows' '-allow_unsupported_OS' '-no_gui' '-fpv' './synthlc/i_ADDI_out/xPairwiseDepDiv/nunv_anytwo_320_.tcl' '-proj' './synthlc/i_ADDI_out/xPairwiseDepDiv/nunv_anytwo_320_jgsession_26-02-26-00_59_00'
2026-02-26 00:59:00.954803 (3582636) main____ INFO      locale    : UTF-8
2026-02-26 00:59:00.954813 (3582636) main____ INFO    ----------------------------------------
2026-02-26 00:59:00.954822 (3582636) main____ INFO    System resource limits info:
2026-02-26 00:59:00.954834 (3582636) main____ INFO      virtual memory: unlimited
2026-02-26 00:59:00.954846 (3582636) main____ INFO      cpu time      : unlimited
2026-02-26 00:59:00.954863 (3582636) main____ INFO      processes     : 4096
2026-02-26 00:59:00.954882 (3582636) main____ INFO      stack size    : 8388608 B
2026-02-26 00:59:00.954896 (3582636) main____ INFO      core file size: 0 B
2026-02-26 00:59:00.954909 (3582636) main____ INFO      open files    : 4096
2026-02-26 00:59:00.954920 (3582636) main____ INFO      file size     : unlimited
2026-02-26 00:59:00.954930 (3582636) main____ INFO    ----------------------------------------
2026-02-26 00:59:00.954939 (3582636) main____ INFO    Memory statistics:
2026-02-26 00:59:00.954950 (3582636) main____ INFO      total physical memory  : 98449092 kB
2026-02-26 00:59:00.954961 (3582636) main____ INFO      free physical memory   : 72875268 kB
2026-02-26 00:59:00.954972 (3582636) main____ INFO      committed address space: 10783280 kB
2026-02-26 00:59:00.954981 (3582636) main____ INFO    ----------------------------------------
2026-02-26 00:59:00.956128 (3582636) main____ INFO    Important environment variables:
2026-02-26 00:59:00.956152 (3582636) main____ INFO      CDS_LIC_FILE       : '5280@cadlic0'
2026-02-26 00:59:00.956164 (3582636) main____ INFO      JASPER_INSTALL_DIR : '/cad/cadence/jasper_2023.12p001'
2026-02-26 00:59:00.956176 (3582636) main____ INFO      JASPER_KERNEL_CHECK: '1'
2026-02-26 00:59:00.956188 (3582636) main____ INFO      JASPER_OS_CHECK    : '0'
2026-02-26 00:59:00.956200 (3582636) main____ INFO      LANG               : 'en_US.UTF-8'
2026-02-26 00:59:00.956209 (3582636) main____ INFO    ----------------------------------------
2026-02-26 00:59:00.960483 (3582636) lic_core INFO    Initializing license system ...
2026-02-26 00:59:00.974688 (3582636) lic_core INFO    ... license system initialized.
2026-02-26 00:59:00.988754 (3582636) lic__man INFO    Claim 'main' for <ui>.
2026-02-26 00:59:00.988820 (3582636) lic_core INFO    (1) checking out 'jasper_interactive' ...
2026-02-26 00:59:01.001323 (3582636) lic_core INFO    ... (1) checkout succeeded
2026-02-26 00:59:01.001415 (3582636) lic__man INFO    Claim 'fpv' for <ui>.
2026-02-26 00:59:01.001441 (3582636) lic_core INFO    (2) checking out 'jasper_fpv' ...
2026-02-26 00:59:01.010421 (3582636) lic_core INFO    ... (2) checkout failed (error: -5) ("FLEXnet ERROR(-5, 0, 0): No such feature exists.")
2026-02-26 00:59:01.010476 (3582636) lic_core INFO    (3) checking out 'jasper_fao' ...
2026-02-26 00:59:01.021609 (3582636) lic_core INFO    ... (3) checkout succeeded
2026-02-26 00:59:01.022925 (3582636) main____ INFO    Tool inactivity delay is 480000 ms.
2026-02-26 00:59:01.031548 (3582647) stdio___ INFO    Starting STDIN reader (tty: yes, tty name: '/dev/pts/0')
2026-02-26 00:59:01.070162 (3582636) session_ INFO    Starting analysis session with session id 'session_0' (launcher: <local>) ...
2026-02-26 00:59:01.072113 (3582636) session_ INFO    Analysis session with session id 'session_0' started (pid: 3582648)
2026-02-26 00:59:02.437820 (3582636) session_ INFO    Analysis session 'session_0' connected to the console (host: 127.0.0.1:33192)
2026-02-26 00:59:07.922578 (3582636) lic__man INFO    Unclaim everything for 'session_0'.
2026-02-26 00:59:08.287952 (3582636) lic__man INFO    Claim 'fpv' for 'session_0'.
2026-02-26 00:59:08.287996 (3582636) lic__man INFO    Claim 'fpv' for 'session_0/prove-0'.
2026-02-26 00:59:09.869053 (3582636) lic__man INFO    Unclaim everything for 'session_0/prove-0'.
2026-02-26 00:59:09.880618 (3582636) main____ INFO    About to exit: request to exit with status 0 received from analysis session 'session_0'
2026-02-26 00:59:10.130617 (3582636) session_ INFO    Analysis session 'session_0' disconnected.
2026-02-26 00:59:10.130858 (3582636) lic__man INFO    Unclaim everything for 'session_0'.
2026-02-26 00:59:10.131058 (3582636) session_ INFO    Process for analysis session 'session_0' has exited with exit status '0'.
2026-02-26 00:59:11.915436 (3582647) stdio___ INFO    STDIN reader requested to stop.
2026-02-26 00:59:11.915502 (3582647) stdio___ INFO    STDIN reader stopped.
2026-02-26 00:59:11.920586 (3582636) lic_core INFO    (1) checkin jasper_interactive
2026-02-26 00:59:11.924520 (3582636) lic_core INFO    (3) checkin jasper_fao
2026-02-26 00:59:11.942723 (3582636) main____ INFO    Exiting with status 0.
