2026-03-01 21:53:10.266216 (364389) main____ INFO    ----------------------------------------
2026-03-01 21:53:10.266284 (364389) main____ INFO    Jasper version info
2026-03-01 21:53:10.266299 (364389) main____ INFO      tool      : Jasper 2023.12
2026-03-01 21:53:10.266315 (364389) main____ INFO      version   : 2023.12p001 64 bits
2026-03-01 21:53:10.266328 (364389) main____ INFO      build date: 2024.01.23 16:09:24 UTC
2026-03-01 21:53:10.266338 (364389) main____ INFO    ----------------------------------------
2026-03-01 21:53:10.266348 (364389) main____ INFO    Runtime info:
2026-03-01 21:53:10.266360 (364389) main____ INFO      platform  : Linux 4.18.0-553.89.1.el8_10.x86_64 x86_64
2026-03-01 21:53:10.266377 (364389) main____ INFO      hostname  : caddy12.stanford.edu
2026-03-01 21:53:10.266392 (364389) main____ INFO      pid       : 364389
2026-03-01 21:53:10.266403 (364389) main____ INFO      arguments : '-style' 'windows' '-allow_unsupported_OS' '-no_gui' '-fpv' './synthlc/i_BEQ_out/xPairwiseDepDiv/exclusive_3_.tcl' '-proj' './synthlc/i_BEQ_out/xPairwiseDepDiv/exclusive_3_jgsession_26-03-01-21_53_10'
2026-03-01 21:53:10.266418 (364389) main____ INFO      locale    : UTF-8
2026-03-01 21:53:10.266429 (364389) main____ INFO    ----------------------------------------
2026-03-01 21:53:10.266439 (364389) main____ INFO    System resource limits info:
2026-03-01 21:53:10.266451 (364389) main____ INFO      virtual memory: unlimited
2026-03-01 21:53:10.266464 (364389) main____ INFO      cpu time      : unlimited
2026-03-01 21:53:10.266481 (364389) main____ INFO      processes     : 4096
2026-03-01 21:53:10.266499 (364389) main____ INFO      stack size    : 8388608 B
2026-03-01 21:53:10.266514 (364389) main____ INFO      core file size: 0 B
2026-03-01 21:53:10.266528 (364389) main____ INFO      open files    : 4096
2026-03-01 21:53:10.266540 (364389) main____ INFO      file size     : unlimited
2026-03-01 21:53:10.266551 (364389) main____ INFO    ----------------------------------------
2026-03-01 21:53:10.266560 (364389) main____ INFO    Memory statistics:
2026-03-01 21:53:10.266572 (364389) main____ INFO      total physical memory  : 98449088 kB
2026-03-01 21:53:10.266595 (364389) main____ INFO      free physical memory   : 86016244 kB
2026-03-01 21:53:10.266607 (364389) main____ INFO      committed address space: 6772872 kB
2026-03-01 21:53:10.266617 (364389) main____ INFO    ----------------------------------------
2026-03-01 21:53:10.267786 (364389) main____ INFO    Important environment variables:
2026-03-01 21:53:10.268104 (364389) main____ INFO      CDS_LIC_FILE       : '5280@cadlic0'
2026-03-01 21:53:10.268118 (364389) main____ INFO      DISPLAY            : 'localhost:12.0'
2026-03-01 21:53:10.268131 (364389) main____ INFO      JASPER_INSTALL_DIR : '/cad/cadence/jasper_2023.12p001'
2026-03-01 21:53:10.268144 (364389) main____ INFO      JASPER_KERNEL_CHECK: '1'
2026-03-01 21:53:10.268156 (364389) main____ INFO      JASPER_OS_CHECK    : '0'
2026-03-01 21:53:10.268168 (364389) main____ INFO      LANG               : 'zh_TW.UTF-8'
2026-03-01 21:53:10.268179 (364389) main____ INFO    ----------------------------------------
2026-03-01 21:53:10.269293 (364389) lic_core INFO    Initializing license system ...
2026-03-01 21:53:10.271730 (364389) lic_core INFO    ... license system initialized.
2026-03-01 21:53:10.284620 (364389) lic__man INFO    Claim 'main' for <ui>.
2026-03-01 21:53:10.284689 (364389) lic_core INFO    (1) checking out 'jasper_interactive' ...
2026-03-01 21:53:10.297031 (364389) lic_core INFO    ... (1) checkout succeeded
2026-03-01 21:53:10.297107 (364389) lic__man INFO    Claim 'fpv' for <ui>.
2026-03-01 21:53:10.297132 (364389) lic_core INFO    (2) checking out 'jasper_fpv' ...
2026-03-01 21:53:10.301120 (364389) lic_core INFO    ... (2) checkout failed (error: -5) ("FLEXnet ERROR(-5, 0, 0): No such feature exists.")
2026-03-01 21:53:10.301158 (364389) lic_core INFO    (3) checking out 'jasper_fao' ...
2026-03-01 21:53:10.311859 (364389) lic_core INFO    ... (3) checkout succeeded
2026-03-01 21:53:10.312820 (364411) stdio___ INFO    Starting STDIN reader (tty: yes, tty name: '/dev/pts/0')
2026-03-01 21:53:10.312956 (364389) main____ INFO    Tool inactivity delay is 480000 ms.
2026-03-01 21:53:10.355086 (364389) session_ INFO    Starting analysis session with session id 'session_0' (launcher: <local>) ...
2026-03-01 21:53:10.356837 (364389) session_ INFO    Analysis session with session id 'session_0' started (pid: 364435)
2026-03-01 21:53:11.449006 (364389) session_ INFO    Analysis session 'session_0' connected to the console (host: 127.0.0.1:43538)
2026-03-01 21:53:14.479138 (364389) lic__man INFO    Unclaim everything for 'session_0'.
2026-03-01 21:53:14.675983 (364389) lic__man INFO    Claim 'fpv' for 'session_0'.
2026-03-01 21:53:14.676026 (364389) lic__man INFO    Claim 'fpv' for 'session_0/prove-0'.
2026-03-01 21:53:15.703704 (364389) lic__man INFO    Unclaim everything for 'session_0/prove-0'.
2026-03-01 21:53:15.745824 (364389) main____ INFO    About to exit: request to exit with status 0 received from analysis session 'session_0'
2026-03-01 21:53:15.913370 (364389) session_ INFO    Analysis session 'session_0' disconnected.
2026-03-01 21:53:15.913510 (364389) lic__man INFO    Unclaim everything for 'session_0'.
2026-03-01 21:53:15.926914 (364389) session_ INFO    Process for analysis session 'session_0' has exited with exit status '0'.
2026-03-01 21:53:17.853406 (364411) stdio___ INFO    STDIN reader requested to stop.
2026-03-01 21:53:17.853491 (364411) stdio___ INFO    STDIN reader stopped.
2026-03-01 21:53:17.853779 (364389) lic_core INFO    (1) checkin jasper_interactive
2026-03-01 21:53:17.855660 (364389) lic_core INFO    (3) checkin jasper_fao
2026-03-01 21:53:17.857272 (364389) main____ INFO    Exiting with status 0.
