2026-02-26 03:30:05.452862 (3685022) main____ INFO    ----------------------------------------
2026-02-26 03:30:05.452961 (3685022) main____ INFO    Jasper version info
2026-02-26 03:30:05.452977 (3685022) main____ INFO      tool      : Jasper 2023.12
2026-02-26 03:30:05.452992 (3685022) main____ INFO      version   : 2023.12p001 64 bits
2026-02-26 03:30:05.453005 (3685022) main____ INFO      build date: 2024.01.23 16:09:24 UTC
2026-02-26 03:30:05.453015 (3685022) main____ INFO    ----------------------------------------
2026-02-26 03:30:05.453024 (3685022) main____ INFO    Runtime info:
2026-02-26 03:30:05.453034 (3685022) main____ INFO      platform  : Linux 4.18.0-553.89.1.el8_10.x86_64 x86_64
2026-02-26 03:30:05.453054 (3685022) main____ INFO      hostname  : caddy15.stanford.edu
2026-02-26 03:30:05.453069 (3685022) main____ INFO      pid       : 3685022
2026-02-26 03:30:05.453080 (3685022) main____ INFO      arguments : '-style' 'windows' '-allow_unsupported_OS' '-no_gui' '-fpv' './synthlc/i_ADDI_out/xPairwiseDepDiv/nunv_anytwo_280_.tcl' '-proj' './synthlc/i_ADDI_out/xPairwiseDepDiv/nunv_anytwo_280_jgsession_26-02-26-03_30_03'
2026-02-26 03:30:05.453097 (3685022) main____ INFO      locale    : UTF-8
2026-02-26 03:30:05.453107 (3685022) main____ INFO    ----------------------------------------
2026-02-26 03:30:05.453116 (3685022) main____ INFO    System resource limits info:
2026-02-26 03:30:05.453128 (3685022) main____ INFO      virtual memory: unlimited
2026-02-26 03:30:05.453140 (3685022) main____ INFO      cpu time      : unlimited
2026-02-26 03:30:05.453158 (3685022) main____ INFO      processes     : 4096
2026-02-26 03:30:05.453179 (3685022) main____ INFO      stack size    : 8388608 B
2026-02-26 03:30:05.453193 (3685022) main____ INFO      core file size: 0 B
2026-02-26 03:30:05.453206 (3685022) main____ INFO      open files    : 4096
2026-02-26 03:30:05.453218 (3685022) main____ INFO      file size     : unlimited
2026-02-26 03:30:05.453227 (3685022) main____ INFO    ----------------------------------------
2026-02-26 03:30:05.453236 (3685022) main____ INFO    Memory statistics:
2026-02-26 03:30:05.453248 (3685022) main____ INFO      total physical memory  : 98449092 kB
2026-02-26 03:30:05.453259 (3685022) main____ INFO      free physical memory   : 68592032 kB
2026-02-26 03:30:05.453270 (3685022) main____ INFO      committed address space: 16009604 kB
2026-02-26 03:30:05.453279 (3685022) main____ INFO    ----------------------------------------
2026-02-26 03:30:05.454477 (3685022) main____ INFO    Important environment variables:
2026-02-26 03:30:05.454503 (3685022) main____ INFO      CDS_LIC_FILE       : '5280@cadlic0'
2026-02-26 03:30:05.454515 (3685022) main____ INFO      JASPER_INSTALL_DIR : '/cad/cadence/jasper_2023.12p001'
2026-02-26 03:30:05.454527 (3685022) main____ INFO      JASPER_KERNEL_CHECK: '1'
2026-02-26 03:30:05.454539 (3685022) main____ INFO      JASPER_OS_CHECK    : '0'
2026-02-26 03:30:05.454550 (3685022) main____ INFO      LANG               : 'en_US.UTF-8'
2026-02-26 03:30:05.454560 (3685022) main____ INFO    ----------------------------------------
2026-02-26 03:30:05.456531 (3685022) lic_core INFO    Initializing license system ...
2026-02-26 03:30:05.491601 (3685022) lic_core INFO    ... license system initialized.
2026-02-26 03:30:05.628297 (3685022) lic__man INFO    Claim 'main' for <ui>.
2026-02-26 03:30:05.628381 (3685022) lic_core INFO    (1) checking out 'jasper_interactive' ...
2026-02-26 03:30:05.677596 (3685022) lic_core INFO    ... (1) checkout succeeded
2026-02-26 03:30:05.677706 (3685022) lic__man INFO    Claim 'fpv' for <ui>.
2026-02-26 03:30:05.677735 (3685022) lic_core INFO    (2) checking out 'jasper_fpv' ...
2026-02-26 03:30:05.746770 (3685022) lic_core INFO    ... (2) checkout failed (error: -5) ("FLEXnet ERROR(-5, 0, 0): No such feature exists.")
2026-02-26 03:30:05.746830 (3685022) lic_core INFO    (3) checking out 'jasper_fao' ...
2026-02-26 03:30:05.830581 (3685022) lic_core INFO    ... (3) checkout succeeded
2026-02-26 03:30:05.863272 (3685022) main____ INFO    Tool inactivity delay is 480000 ms.
2026-02-26 03:30:05.878544 (3685034) stdio___ INFO    Starting STDIN reader (tty: yes, tty name: '/dev/pts/0')
2026-02-26 03:30:06.301495 (3685022) session_ INFO    Starting analysis session with session id 'session_0' (launcher: <local>) ...
2026-02-26 03:30:06.303456 (3685022) session_ INFO    Analysis session with session id 'session_0' started (pid: 3685036)
2026-02-26 03:30:11.707587 (3685022) session_ INFO    Analysis session 'session_0' connected to the console (host: 127.0.0.1:54388)
2026-02-26 03:30:22.036244 (3685022) lic__man INFO    Unclaim everything for 'session_0'.
2026-02-26 03:30:22.511931 (3685022) lic__man INFO    Claim 'fpv' for 'session_0'.
2026-02-26 03:30:22.511978 (3685022) lic__man INFO    Claim 'fpv' for 'session_0/prove-0'.
2026-02-26 03:30:50.054624 (3685022) lic__man INFO    Unclaim everything for 'session_0/prove-0'.
2026-02-26 03:30:50.128591 (3685022) main____ INFO    About to exit: request to exit with status 0 received from analysis session 'session_0'
2026-02-26 03:30:50.680087 (3685022) session_ INFO    Analysis session 'session_0' disconnected.
2026-02-26 03:30:50.680236 (3685022) lic__man INFO    Unclaim everything for 'session_0'.
2026-02-26 03:30:50.680439 (3685022) session_ INFO    Process for analysis session 'session_0' has exited with exit status '0'.
2026-02-26 03:30:52.035789 (3685034) stdio___ INFO    STDIN reader requested to stop.
2026-02-26 03:30:52.035844 (3685034) stdio___ INFO    STDIN reader stopped.
2026-02-26 03:30:52.038360 (3685022) lic_core INFO    (1) checkin jasper_interactive
2026-02-26 03:30:52.040467 (3685022) lic_core INFO    (3) checkin jasper_fao
2026-02-26 03:30:52.062681 (3685022) main____ INFO    Exiting with status 0.
