2026-02-26 05:42:48.108916 (3786299) main____ INFO    ----------------------------------------
2026-02-26 05:42:48.109026 (3786299) main____ INFO    Jasper version info
2026-02-26 05:42:48.109043 (3786299) main____ INFO      tool      : Jasper 2023.12
2026-02-26 05:42:48.109060 (3786299) main____ INFO      version   : 2023.12p001 64 bits
2026-02-26 05:42:48.109075 (3786299) main____ INFO      build date: 2024.01.23 16:09:24 UTC
2026-02-26 05:42:48.109087 (3786299) main____ INFO    ----------------------------------------
2026-02-26 05:42:48.109097 (3786299) main____ INFO    Runtime info:
2026-02-26 05:42:48.109110 (3786299) main____ INFO      platform  : Linux 4.18.0-553.89.1.el8_10.x86_64 x86_64
2026-02-26 05:42:48.109132 (3786299) main____ INFO      hostname  : caddy15.stanford.edu
2026-02-26 05:42:48.109149 (3786299) main____ INFO      pid       : 3786299
2026-02-26 05:42:48.109162 (3786299) main____ INFO      arguments : '-style' 'windows' '-allow_unsupported_OS' '-no_gui' '-fpv' './synthlc/i_ADDI_out/xPerfLocSubsetDiv/coverset_103_.tcl' '-proj' './synthlc/i_ADDI_out/xPerfLocSubsetDiv/coverset_103_jgsession_26-02-26-05_42_47'
2026-02-26 05:42:48.109182 (3786299) main____ INFO      locale    : UTF-8
2026-02-26 05:42:48.109194 (3786299) main____ INFO    ----------------------------------------
2026-02-26 05:42:48.109205 (3786299) main____ INFO    System resource limits info:
2026-02-26 05:42:48.109219 (3786299) main____ INFO      virtual memory: unlimited
2026-02-26 05:42:48.109233 (3786299) main____ INFO      cpu time      : unlimited
2026-02-26 05:42:48.109254 (3786299) main____ INFO      processes     : 4096
2026-02-26 05:42:48.109277 (3786299) main____ INFO      stack size    : 8388608 B
2026-02-26 05:42:48.109293 (3786299) main____ INFO      core file size: 0 B
2026-02-26 05:42:48.109324 (3786299) main____ INFO      open files    : 4096
2026-02-26 05:42:48.109338 (3786299) main____ INFO      file size     : unlimited
2026-02-26 05:42:48.109349 (3786299) main____ INFO    ----------------------------------------
2026-02-26 05:42:48.109360 (3786299) main____ INFO    Memory statistics:
2026-02-26 05:42:48.109373 (3786299) main____ INFO      total physical memory  : 98449092 kB
2026-02-26 05:42:48.109385 (3786299) main____ INFO      free physical memory   : 72660024 kB
2026-02-26 05:42:48.109398 (3786299) main____ INFO      committed address space: 10694284 kB
2026-02-26 05:42:48.109408 (3786299) main____ INFO    ----------------------------------------
2026-02-26 05:42:48.110770 (3786299) main____ INFO    Important environment variables:
2026-02-26 05:42:48.110798 (3786299) main____ INFO      CDS_LIC_FILE       : '5280@cadlic0'
2026-02-26 05:42:48.110824 (3786299) main____ INFO      JASPER_INSTALL_DIR : '/cad/cadence/jasper_2023.12p001'
2026-02-26 05:42:48.110838 (3786299) main____ INFO      JASPER_KERNEL_CHECK: '1'
2026-02-26 05:42:48.110852 (3786299) main____ INFO      JASPER_OS_CHECK    : '0'
2026-02-26 05:42:48.110865 (3786299) main____ INFO      LANG               : 'en_US.UTF-8'
2026-02-26 05:42:48.110876 (3786299) main____ INFO    ----------------------------------------
2026-02-26 05:42:48.119529 (3786299) lic_core INFO    Initializing license system ...
2026-02-26 05:42:48.141559 (3786299) lic_core INFO    ... license system initialized.
2026-02-26 05:42:48.279772 (3786299) lic__man INFO    Claim 'main' for <ui>.
2026-02-26 05:42:48.279859 (3786299) lic_core INFO    (1) checking out 'jasper_interactive' ...
2026-02-26 05:42:48.341874 (3786299) lic_core INFO    ... (1) checkout succeeded
2026-02-26 05:42:48.341979 (3786299) lic__man INFO    Claim 'fpv' for <ui>.
2026-02-26 05:42:48.342012 (3786299) lic_core INFO    (2) checking out 'jasper_fpv' ...
2026-02-26 05:42:48.407889 (3786299) lic_core INFO    ... (2) checkout failed (error: -5) ("FLEXnet ERROR(-5, 0, 0): No such feature exists.")
2026-02-26 05:42:48.407952 (3786299) lic_core INFO    (3) checking out 'jasper_fao' ...
2026-02-26 05:42:48.491602 (3786299) lic_core INFO    ... (3) checkout succeeded
2026-02-26 05:42:48.503260 (3786299) main____ INFO    Tool inactivity delay is 480000 ms.
2026-02-26 05:42:48.511557 (3786313) stdio___ INFO    Starting STDIN reader (tty: yes, tty name: '/dev/pts/0')
2026-02-26 05:42:48.682572 (3786299) session_ INFO    Starting analysis session with session id 'session_0' (launcher: <local>) ...
2026-02-26 05:42:48.684720 (3786299) session_ INFO    Analysis session with session id 'session_0' started (pid: 3786323)
2026-02-26 05:42:50.809920 (3786299) session_ INFO    Analysis session 'session_0' connected to the console (host: 127.0.0.1:50238)
2026-02-26 05:42:54.688117 (3786299) lic__man INFO    Unclaim everything for 'session_0'.
2026-02-26 05:42:55.044752 (3786299) lic__man INFO    Claim 'fpv' for 'session_0'.
2026-02-26 05:42:55.044803 (3786299) lic__man INFO    Claim 'fpv' for 'session_0/prove-0'.
2026-02-26 05:43:01.358112 (3786299) lic__man INFO    Unclaim everything for 'session_0/prove-0'.
2026-02-26 05:43:01.387911 (3786299) main____ INFO    About to exit: request to exit with status 0 received from analysis session 'session_0'
2026-02-26 05:43:01.670668 (3786299) session_ INFO    Analysis session 'session_0' disconnected.
2026-02-26 05:43:01.670849 (3786299) lic__man INFO    Unclaim everything for 'session_0'.
2026-02-26 05:43:01.671051 (3786299) session_ INFO    Process for analysis session 'session_0' has exited with exit status '0'.
2026-02-26 05:43:03.415370 (3786313) stdio___ INFO    STDIN reader requested to stop.
2026-02-26 05:43:03.415429 (3786313) stdio___ INFO    STDIN reader stopped.
2026-02-26 05:43:03.415793 (3786299) lic_core INFO    (1) checkin jasper_interactive
2026-02-26 05:43:03.425287 (3786299) lic_core INFO    (3) checkin jasper_fao
2026-02-26 05:43:03.444448 (3786299) main____ INFO    Exiting with status 0.
