2026-02-28 19:41:42.891335 (966148) main____ INFO    ----------------------------------------
2026-02-28 19:41:42.891412 (966148) main____ INFO    Jasper version info
2026-02-28 19:41:42.891428 (966148) main____ INFO      tool      : Jasper 2023.12
2026-02-28 19:41:42.891444 (966148) main____ INFO      version   : 2023.12p001 64 bits
2026-02-28 19:41:42.891457 (966148) main____ INFO      build date: 2024.01.23 16:09:24 UTC
2026-02-28 19:41:42.891467 (966148) main____ INFO    ----------------------------------------
2026-02-28 19:41:42.891476 (966148) main____ INFO    Runtime info:
2026-02-28 19:41:42.891487 (966148) main____ INFO      platform  : Linux 4.18.0-553.89.1.el8_10.x86_64 x86_64
2026-02-28 19:41:42.891505 (966148) main____ INFO      hostname  : caddy15.stanford.edu
2026-02-28 19:41:42.891520 (966148) main____ INFO      pid       : 966148
2026-02-28 19:41:42.891533 (966148) main____ INFO      arguments : '-style' 'windows' '-allow_unsupported_OS' '-no_gui' '-fpv' './synthlc/i_ADDI_out/xHBPerfG_dfg_v3_div/HB_87_.tcl' '-proj' './synthlc/i_ADDI_out/xHBPerfG_dfg_v3_div/HB_87_jgsession_26-02-28-19_41_42'
2026-02-28 19:41:42.891549 (966148) main____ INFO      locale    : UTF-8
2026-02-28 19:41:42.891560 (966148) main____ INFO    ----------------------------------------
2026-02-28 19:41:42.891569 (966148) main____ INFO    System resource limits info:
2026-02-28 19:41:42.891581 (966148) main____ INFO      virtual memory: unlimited
2026-02-28 19:41:42.891594 (966148) main____ INFO      cpu time      : unlimited
2026-02-28 19:41:42.891611 (966148) main____ INFO      processes     : 4096
2026-02-28 19:41:42.891631 (966148) main____ INFO      stack size    : 8388608 B
2026-02-28 19:41:42.891645 (966148) main____ INFO      core file size: 0 B
2026-02-28 19:41:42.891658 (966148) main____ INFO      open files    : 4096
2026-02-28 19:41:42.891671 (966148) main____ INFO      file size     : unlimited
2026-02-28 19:41:42.891681 (966148) main____ INFO    ----------------------------------------
2026-02-28 19:41:42.891690 (966148) main____ INFO    Memory statistics:
2026-02-28 19:41:42.891702 (966148) main____ INFO      total physical memory  : 98449092 kB
2026-02-28 19:41:42.891714 (966148) main____ INFO      free physical memory   : 79498000 kB
2026-02-28 19:41:42.891725 (966148) main____ INFO      committed address space: 2444936 kB
2026-02-28 19:41:42.891735 (966148) main____ INFO    ----------------------------------------
2026-02-28 19:41:42.892886 (966148) main____ INFO    Important environment variables:
2026-02-28 19:41:42.892910 (966148) main____ INFO      CDS_LIC_FILE       : '5280@cadlic0'
2026-02-28 19:41:42.892922 (966148) main____ INFO      JASPER_INSTALL_DIR : '/cad/cadence/jasper_2023.12p001'
2026-02-28 19:41:42.892935 (966148) main____ INFO      JASPER_KERNEL_CHECK: '1'
2026-02-28 19:41:42.892947 (966148) main____ INFO      JASPER_OS_CHECK    : '0'
2026-02-28 19:41:42.892959 (966148) main____ INFO      LANG               : 'en_US.UTF-8'
2026-02-28 19:41:42.892969 (966148) main____ INFO    ----------------------------------------
2026-02-28 19:41:42.894117 (966148) lic_core INFO    Initializing license system ...
2026-02-28 19:41:42.896269 (966148) lic_core INFO    ... license system initialized.
2026-02-28 19:41:42.931471 (966148) lic__man INFO    Claim 'main' for <ui>.
2026-02-28 19:41:42.931528 (966148) lic_core INFO    (1) checking out 'jasper_interactive' ...
2026-02-28 19:41:42.943588 (966148) lic_core INFO    ... (1) checkout succeeded
2026-02-28 19:41:42.943652 (966148) lic__man INFO    Claim 'fpv' for <ui>.
2026-02-28 19:41:42.943676 (966148) lic_core INFO    (2) checking out 'jasper_fpv' ...
2026-02-28 19:41:42.947368 (966148) lic_core INFO    ... (2) checkout failed (error: -5) ("FLEXnet ERROR(-5, 0, 0): No such feature exists.")
2026-02-28 19:41:42.947400 (966148) lic_core INFO    (3) checking out 'jasper_fao' ...
2026-02-28 19:41:42.957787 (966148) lic_core INFO    ... (3) checkout succeeded
2026-02-28 19:41:42.958882 (966167) stdio___ INFO    Starting STDIN reader (tty: yes, tty name: '/dev/pts/0')
2026-02-28 19:41:42.958980 (966148) main____ INFO    Tool inactivity delay is 480000 ms.
2026-02-28 19:41:43.031187 (966148) session_ INFO    Starting analysis session with session id 'session_0' (launcher: <local>) ...
2026-02-28 19:41:43.032935 (966148) session_ INFO    Analysis session with session id 'session_0' started (pid: 966168)
2026-02-28 19:41:44.137105 (966148) session_ INFO    Analysis session 'session_0' connected to the console (host: 127.0.0.1:45388)
2026-02-28 19:41:47.670430 (966148) lic__man INFO    Unclaim everything for 'session_0'.
2026-02-28 19:41:47.986968 (966148) lic__man INFO    Claim 'fpv' for 'session_0'.
2026-02-28 19:41:47.987017 (966148) lic__man INFO    Claim 'fpv' for 'session_0/prove-0'.
2026-02-28 19:41:52.368608 (966148) lic__man INFO    Unclaim everything for 'session_0/prove-0'.
2026-02-28 19:41:52.420616 (966148) main____ INFO    About to exit: request to exit with status 0 received from analysis session 'session_0'
2026-02-28 19:41:52.869998 (966148) session_ INFO    Analysis session 'session_0' disconnected.
2026-02-28 19:41:52.870158 (966148) lic__man INFO    Unclaim everything for 'session_0'.
2026-02-28 19:41:52.870359 (966148) session_ INFO    Process for analysis session 'session_0' has exited with exit status '0'.
2026-02-28 19:41:54.412674 (966167) stdio___ INFO    STDIN reader requested to stop.
2026-02-28 19:41:54.412734 (966167) stdio___ INFO    STDIN reader stopped.
2026-02-28 19:41:54.413056 (966148) lic_core INFO    (1) checkin jasper_interactive
2026-02-28 19:41:54.415278 (966148) lic_core INFO    (3) checkin jasper_fao
2026-02-28 19:41:54.428353 (966148) main____ INFO    Exiting with status 0.
