2026-02-26 09:27:13.616804 (3974586) main____ INFO    ----------------------------------------
2026-02-26 09:27:13.616909 (3974586) main____ INFO    Jasper version info
2026-02-26 09:27:13.616924 (3974586) main____ INFO      tool      : Jasper 2023.12
2026-02-26 09:27:13.616939 (3974586) main____ INFO      version   : 2023.12p001 64 bits
2026-02-26 09:27:13.616952 (3974586) main____ INFO      build date: 2024.01.23 16:09:24 UTC
2026-02-26 09:27:13.616962 (3974586) main____ INFO    ----------------------------------------
2026-02-26 09:27:13.616971 (3974586) main____ INFO    Runtime info:
2026-02-26 09:27:13.616982 (3974586) main____ INFO      platform  : Linux 4.18.0-553.89.1.el8_10.x86_64 x86_64
2026-02-26 09:27:13.617002 (3974586) main____ INFO      hostname  : caddy15.stanford.edu
2026-02-26 09:27:13.617017 (3974586) main____ INFO      pid       : 3974586
2026-02-26 09:27:13.617028 (3974586) main____ INFO      arguments : '-style' 'windows' '-allow_unsupported_OS' '-no_gui' '-fpv' './synthlc/i_ADDI_out/xPerfLocCycleCount/over1cyc_28_div_fsm_s3_.tcl' '-proj' './synthlc/i_ADDI_out/xPerfLocCycleCount/over1cyc_28_div_fsm_s3_jgsession_26-02-26-09_27_13'
2026-02-26 09:27:13.617044 (3974586) main____ INFO      locale    : UTF-8
2026-02-26 09:27:13.617053 (3974586) main____ INFO    ----------------------------------------
2026-02-26 09:27:13.617063 (3974586) main____ INFO    System resource limits info:
2026-02-26 09:27:13.617075 (3974586) main____ INFO      virtual memory: unlimited
2026-02-26 09:27:13.617087 (3974586) main____ INFO      cpu time      : unlimited
2026-02-26 09:27:13.617105 (3974586) main____ INFO      processes     : 4096
2026-02-26 09:27:13.617125 (3974586) main____ INFO      stack size    : 8388608 B
2026-02-26 09:27:13.617140 (3974586) main____ INFO      core file size: 0 B
2026-02-26 09:27:13.617153 (3974586) main____ INFO      open files    : 4096
2026-02-26 09:27:13.617165 (3974586) main____ INFO      file size     : unlimited
2026-02-26 09:27:13.617174 (3974586) main____ INFO    ----------------------------------------
2026-02-26 09:27:13.617183 (3974586) main____ INFO    Memory statistics:
2026-02-26 09:27:13.617195 (3974586) main____ INFO      total physical memory  : 98449092 kB
2026-02-26 09:27:13.617206 (3974586) main____ INFO      free physical memory   : 75445908 kB
2026-02-26 09:27:13.617218 (3974586) main____ INFO      committed address space: 6723312 kB
2026-02-26 09:27:13.617227 (3974586) main____ INFO    ----------------------------------------
2026-02-26 09:27:13.618420 (3974586) main____ INFO    Important environment variables:
2026-02-26 09:27:13.618447 (3974586) main____ INFO      CDS_LIC_FILE       : '5280@cadlic0'
2026-02-26 09:27:13.618459 (3974586) main____ INFO      JASPER_INSTALL_DIR : '/cad/cadence/jasper_2023.12p001'
2026-02-26 09:27:13.618471 (3974586) main____ INFO      JASPER_KERNEL_CHECK: '1'
2026-02-26 09:27:13.618483 (3974586) main____ INFO      JASPER_OS_CHECK    : '0'
2026-02-26 09:27:13.618495 (3974586) main____ INFO      LANG               : 'en_US.UTF-8'
2026-02-26 09:27:13.618505 (3974586) main____ INFO    ----------------------------------------
2026-02-26 09:27:13.619645 (3974586) lic_core INFO    Initializing license system ...
2026-02-26 09:27:13.622944 (3974586) lic_core INFO    ... license system initialized.
2026-02-26 09:27:13.635615 (3974586) lic__man INFO    Claim 'main' for <ui>.
2026-02-26 09:27:13.635687 (3974586) lic_core INFO    (1) checking out 'jasper_interactive' ...
2026-02-26 09:27:13.648159 (3974586) lic_core INFO    ... (1) checkout succeeded
2026-02-26 09:27:13.648275 (3974586) lic__man INFO    Claim 'fpv' for <ui>.
2026-02-26 09:27:13.648320 (3974586) lic_core INFO    (2) checking out 'jasper_fpv' ...
2026-02-26 09:27:13.652960 (3974586) lic_core INFO    ... (2) checkout failed (error: -5) ("FLEXnet ERROR(-5, 0, 0): No such feature exists.")
2026-02-26 09:27:13.653012 (3974586) lic_core INFO    (3) checking out 'jasper_fao' ...
2026-02-26 09:27:13.666967 (3974586) lic_core INFO    ... (3) checkout succeeded
2026-02-26 09:27:13.671034 (3974586) main____ INFO    Tool inactivity delay is 480000 ms.
2026-02-26 09:27:13.681541 (3974597) stdio___ INFO    Starting STDIN reader (tty: yes, tty name: '/dev/pts/0')
2026-02-26 09:27:13.715112 (3974586) session_ INFO    Starting analysis session with session id 'session_0' (launcher: <local>) ...
2026-02-26 09:27:13.717043 (3974586) session_ INFO    Analysis session with session id 'session_0' started (pid: 3974598)
2026-02-26 09:27:15.008773 (3974586) session_ INFO    Analysis session 'session_0' connected to the console (host: 127.0.0.1:36922)
2026-02-26 09:27:18.680322 (3974586) lic__man INFO    Unclaim everything for 'session_0'.
2026-02-26 09:27:19.007969 (3974586) lic__man INFO    Claim 'fpv' for 'session_0'.
2026-02-26 09:27:19.008016 (3974586) lic__man INFO    Claim 'fpv' for 'session_0/prove-0'.
2026-02-26 09:27:49.603701 (3974586) lic__man INFO    Unclaim everything for 'session_0/prove-0'.
2026-02-26 09:27:49.671617 (3974586) main____ INFO    About to exit: request to exit with status 0 received from analysis session 'session_0'
2026-02-26 09:27:50.193614 (3974586) session_ INFO    Analysis session 'session_0' disconnected.
2026-02-26 09:27:50.193772 (3974586) lic__man INFO    Unclaim everything for 'session_0'.
2026-02-26 09:27:50.193979 (3974586) session_ INFO    Process for analysis session 'session_0' has exited with exit status '0'.
2026-02-26 09:27:51.778798 (3974597) stdio___ INFO    STDIN reader requested to stop.
2026-02-26 09:27:51.778853 (3974597) stdio___ INFO    STDIN reader stopped.
2026-02-26 09:27:51.779170 (3974586) lic_core INFO    (1) checkin jasper_interactive
2026-02-26 09:27:51.785557 (3974586) lic_core INFO    (3) checkin jasper_fao
2026-02-26 09:27:51.797895 (3974586) main____ INFO    Exiting with status 0.
