2026-02-26 11:52:03.180838 (2123433) main____ INFO    ----------------------------------------
2026-02-26 11:52:03.180933 (2123433) main____ INFO    Jasper version info
2026-02-26 11:52:03.180949 (2123433) main____ INFO      tool      : Jasper 2023.12
2026-02-26 11:52:03.180964 (2123433) main____ INFO      version   : 2023.12p001 64 bits
2026-02-26 11:52:03.180978 (2123433) main____ INFO      build date: 2024.01.23 16:09:24 UTC
2026-02-26 11:52:03.180988 (2123433) main____ INFO    ----------------------------------------
2026-02-26 11:52:03.180997 (2123433) main____ INFO    Runtime info:
2026-02-26 11:52:03.181007 (2123433) main____ INFO      platform  : Linux 4.18.0-553.89.1.el8_10.x86_64 x86_64
2026-02-26 11:52:03.181026 (2123433) main____ INFO      hostname  : caddy12.stanford.edu
2026-02-26 11:52:03.181053 (2123433) main____ INFO      pid       : 2123433
2026-02-26 11:52:03.181063 (2123433) main____ INFO      arguments : '-style' 'windows' '-allow_unsupported_OS' '-no_gui' '-fpv' './synthlc/i_DIV_out/xPairwiseDepDiv/exclusive_0_.tcl' '-proj' './synthlc/i_DIV_out/xPairwiseDepDiv/exclusive_0_jgsession_26-02-26-11_52_02'
2026-02-26 11:52:03.181080 (2123433) main____ INFO      locale    : UTF-8
2026-02-26 11:52:03.181089 (2123433) main____ INFO    ----------------------------------------
2026-02-26 11:52:03.181098 (2123433) main____ INFO    System resource limits info:
2026-02-26 11:52:03.181110 (2123433) main____ INFO      virtual memory: unlimited
2026-02-26 11:52:03.181122 (2123433) main____ INFO      cpu time      : unlimited
2026-02-26 11:52:03.181141 (2123433) main____ INFO      processes     : 4096
2026-02-26 11:52:03.181160 (2123433) main____ INFO      stack size    : 8388608 B
2026-02-26 11:52:03.181174 (2123433) main____ INFO      core file size: 0 B
2026-02-26 11:52:03.181187 (2123433) main____ INFO      open files    : 4096
2026-02-26 11:52:03.181199 (2123433) main____ INFO      file size     : unlimited
2026-02-26 11:52:03.181208 (2123433) main____ INFO    ----------------------------------------
2026-02-26 11:52:03.181217 (2123433) main____ INFO    Memory statistics:
2026-02-26 11:52:03.181228 (2123433) main____ INFO      total physical memory  : 98449088 kB
2026-02-26 11:52:03.181239 (2123433) main____ INFO      free physical memory   : 73750684 kB
2026-02-26 11:52:03.181250 (2123433) main____ INFO      committed address space: 10433328 kB
2026-02-26 11:52:03.181260 (2123433) main____ INFO    ----------------------------------------
2026-02-26 11:52:03.182470 (2123433) main____ INFO    Important environment variables:
2026-02-26 11:52:03.182497 (2123433) main____ INFO      CDS_LIC_FILE       : '5280@cadlic0'
2026-02-26 11:52:03.182510 (2123433) main____ INFO      DISPLAY            : 'localhost:12.0'
2026-02-26 11:52:03.182521 (2123433) main____ INFO      JASPER_INSTALL_DIR : '/cad/cadence/jasper_2023.12p001'
2026-02-26 11:52:03.182533 (2123433) main____ INFO      JASPER_KERNEL_CHECK: '1'
2026-02-26 11:52:03.182544 (2123433) main____ INFO      JASPER_OS_CHECK    : '0'
2026-02-26 11:52:03.182556 (2123433) main____ INFO      LANG               : 'zh_TW.UTF-8'
2026-02-26 11:52:03.182565 (2123433) main____ INFO    ----------------------------------------
2026-02-26 11:52:03.183834 (2123433) lic_core INFO    Initializing license system ...
2026-02-26 11:52:03.206285 (2123433) lic_core INFO    ... license system initialized.
2026-02-26 11:52:03.342964 (2123433) lic__man INFO    Claim 'main' for <ui>.
2026-02-26 11:52:03.343029 (2123433) lic_core INFO    (1) checking out 'jasper_interactive' ...
2026-02-26 11:52:03.401970 (2123433) lic_core INFO    ... (1) checkout succeeded
2026-02-26 11:52:03.402076 (2123433) lic__man INFO    Claim 'fpv' for <ui>.
2026-02-26 11:52:03.402104 (2123433) lic_core INFO    (2) checking out 'jasper_fpv' ...
2026-02-26 11:52:03.456218 (2123433) lic_core INFO    ... (2) checkout failed (error: -5) ("FLEXnet ERROR(-5, 0, 0): No such feature exists.")
2026-02-26 11:52:03.456268 (2123433) lic_core INFO    (3) checking out 'jasper_fao' ...
2026-02-26 11:52:03.524980 (2123433) lic_core INFO    ... (3) checkout succeeded
2026-02-26 11:52:03.526522 (2123433) main____ INFO    Tool inactivity delay is 480000 ms.
2026-02-26 11:52:03.526858 (2123454) stdio___ INFO    Starting STDIN reader (tty: yes, tty name: '/dev/pts/0')
2026-02-26 11:52:03.696810 (2123433) session_ INFO    Starting analysis session with session id 'session_0' (launcher: <local>) ...
2026-02-26 11:52:03.698980 (2123433) session_ INFO    Analysis session with session id 'session_0' started (pid: 2123455)
2026-02-26 11:52:05.169429 (2123433) session_ INFO    Analysis session 'session_0' connected to the console (host: 127.0.0.1:37836)
2026-02-26 11:52:09.065908 (2123433) lic__man INFO    Unclaim everything for 'session_0'.
2026-02-26 11:52:09.430278 (2123433) lic__man INFO    Claim 'fpv' for 'session_0'.
2026-02-26 11:52:09.430323 (2123433) lic__man INFO    Claim 'fpv' for 'session_0/prove-0'.
2026-02-26 11:52:12.449151 (2123433) lic__man INFO    Unclaim everything for 'session_0/prove-0'.
2026-02-26 11:52:12.493228 (2123433) main____ INFO    About to exit: request to exit with status 0 received from analysis session 'session_0'
2026-02-26 11:52:12.799560 (2123433) session_ INFO    Analysis session 'session_0' disconnected.
2026-02-26 11:52:12.799735 (2123433) lic__man INFO    Unclaim everything for 'session_0'.
2026-02-26 11:52:12.799930 (2123433) session_ INFO    Process for analysis session 'session_0' has exited with exit status '0'.
2026-02-26 11:52:14.406736 (2123454) stdio___ INFO    STDIN reader requested to stop.
2026-02-26 11:52:14.406782 (2123454) stdio___ INFO    STDIN reader stopped.
2026-02-26 11:52:14.407128 (2123433) lic_core INFO    (1) checkin jasper_interactive
2026-02-26 11:52:14.410981 (2123433) lic_core INFO    (3) checkin jasper_fao
2026-02-26 11:52:14.412331 (2123433) main____ INFO    Exiting with status 0.
