2026-03-01 13:00:30.208922 (84470) main____ INFO    ----------------------------------------
2026-03-01 13:00:30.208991 (84470) main____ INFO    Jasper version info
2026-03-01 13:00:30.209006 (84470) main____ INFO      tool      : Jasper 2023.12
2026-03-01 13:00:30.209021 (84470) main____ INFO      version   : 2023.12p001 64 bits
2026-03-01 13:00:30.209034 (84470) main____ INFO      build date: 2024.01.23 16:09:24 UTC
2026-03-01 13:00:30.209044 (84470) main____ INFO    ----------------------------------------
2026-03-01 13:00:30.209054 (84470) main____ INFO    Runtime info:
2026-03-01 13:00:30.209065 (84470) main____ INFO      platform  : Linux 4.18.0-553.89.1.el8_10.x86_64 x86_64
2026-03-01 13:00:30.209081 (84470) main____ INFO      hostname  : caddy12.stanford.edu
2026-03-01 13:00:30.209096 (84470) main____ INFO      pid       : 84470
2026-03-01 13:00:30.209107 (84470) main____ INFO      arguments : '-style' 'windows' '-allow_unsupported_OS' '-no_gui' '-fpv' './synthlc/i_LW_out/xHBPerfG_dfg_v3_div/WHB_259_.tcl' '-proj' './synthlc/i_LW_out/xHBPerfG_dfg_v3_div/WHB_259_jgsession_26-03-01-13_00_30'
2026-03-01 13:00:30.209122 (84470) main____ INFO      locale    : UTF-8
2026-03-01 13:00:30.209133 (84470) main____ INFO    ----------------------------------------
2026-03-01 13:00:30.209142 (84470) main____ INFO    System resource limits info:
2026-03-01 13:00:30.209155 (84470) main____ INFO      virtual memory: unlimited
2026-03-01 13:00:30.209167 (84470) main____ INFO      cpu time      : unlimited
2026-03-01 13:00:30.209184 (84470) main____ INFO      processes     : 4096
2026-03-01 13:00:30.209201 (84470) main____ INFO      stack size    : 8388608 B
2026-03-01 13:00:30.210152 (84470) main____ INFO      core file size: 0 B
2026-03-01 13:00:30.210166 (84470) main____ INFO      open files    : 4096
2026-03-01 13:00:30.210178 (84470) main____ INFO      file size     : unlimited
2026-03-01 13:00:30.210188 (84470) main____ INFO    ----------------------------------------
2026-03-01 13:00:30.210198 (84470) main____ INFO    Memory statistics:
2026-03-01 13:00:30.210210 (84470) main____ INFO      total physical memory  : 98449088 kB
2026-03-01 13:00:30.210221 (84470) main____ INFO      free physical memory   : 86349144 kB
2026-03-01 13:00:30.210233 (84470) main____ INFO      committed address space: 7483360 kB
2026-03-01 13:00:30.210243 (84470) main____ INFO    ----------------------------------------
2026-03-01 13:00:30.211389 (84470) main____ INFO    Important environment variables:
2026-03-01 13:00:30.212019 (84470) main____ INFO      CDS_LIC_FILE       : '5280@cadlic0'
2026-03-01 13:00:30.212034 (84470) main____ INFO      DISPLAY            : 'localhost:12.0'
2026-03-01 13:00:30.212046 (84470) main____ INFO      JASPER_INSTALL_DIR : '/cad/cadence/jasper_2023.12p001'
2026-03-01 13:00:30.212058 (84470) main____ INFO      JASPER_KERNEL_CHECK: '1'
2026-03-01 13:00:30.212070 (84470) main____ INFO      JASPER_OS_CHECK    : '0'
2026-03-01 13:00:30.212082 (84470) main____ INFO      LANG               : 'zh_TW.UTF-8'
2026-03-01 13:00:30.212093 (84470) main____ INFO    ----------------------------------------
2026-03-01 13:00:30.213210 (84470) lic_core INFO    Initializing license system ...
2026-03-01 13:00:30.215378 (84470) lic_core INFO    ... license system initialized.
2026-03-01 13:00:30.227835 (84470) lic__man INFO    Claim 'main' for <ui>.
2026-03-01 13:00:30.227890 (84470) lic_core INFO    (1) checking out 'jasper_interactive' ...
2026-03-01 13:00:30.240209 (84470) lic_core INFO    ... (1) checkout succeeded
2026-03-01 13:00:30.240272 (84470) lic__man INFO    Claim 'fpv' for <ui>.
2026-03-01 13:00:30.240295 (84470) lic_core INFO    (2) checking out 'jasper_fpv' ...
2026-03-01 13:00:30.244806 (84470) lic_core INFO    ... (2) checkout failed (error: -5) ("FLEXnet ERROR(-5, 0, 0): No such feature exists.")
2026-03-01 13:00:30.244851 (84470) lic_core INFO    (3) checking out 'jasper_fao' ...
2026-03-01 13:00:30.256344 (84470) lic_core INFO    ... (3) checkout succeeded
2026-03-01 13:00:30.257247 (84481) stdio___ INFO    Starting STDIN reader (tty: yes, tty name: '/dev/pts/0')
2026-03-01 13:00:30.257658 (84470) main____ INFO    Tool inactivity delay is 480000 ms.
2026-03-01 13:00:30.299808 (84470) session_ INFO    Starting analysis session with session id 'session_0' (launcher: <local>) ...
2026-03-01 13:00:30.301568 (84470) session_ INFO    Analysis session with session id 'session_0' started (pid: 84482)
2026-03-01 13:00:31.704935 (84470) session_ INFO    Analysis session 'session_0' connected to the console (host: 127.0.0.1:40166)
2026-03-01 13:00:37.911979 (84470) lic__man INFO    Unclaim everything for 'session_0'.
2026-03-01 13:00:38.404303 (84470) lic__man INFO    Claim 'fpv' for 'session_0'.
2026-03-01 13:00:38.404352 (84470) lic__man INFO    Claim 'fpv' for 'session_0/prove-0'.
2026-03-01 13:00:40.462331 (84470) lic__man INFO    Unclaim everything for 'session_0/prove-0'.
2026-03-01 13:00:40.503940 (84470) main____ INFO    About to exit: request to exit with status 0 received from analysis session 'session_0'
2026-03-01 13:00:40.647678 (84470) session_ INFO    Analysis session 'session_0' disconnected.
2026-03-01 13:00:40.647922 (84470) lic__man INFO    Unclaim everything for 'session_0'.
2026-03-01 13:00:40.648140 (84470) session_ INFO    Process for analysis session 'session_0' has exited with exit status '0'.
2026-03-01 13:00:42.410295 (84481) stdio___ INFO    STDIN reader requested to stop.
2026-03-01 13:00:42.410331 (84481) stdio___ INFO    STDIN reader stopped.
2026-03-01 13:00:42.410544 (84470) lic_core INFO    (1) checkin jasper_interactive
2026-03-01 13:00:42.411359 (84470) lic_core INFO    (3) checkin jasper_fao
2026-03-01 13:00:42.412315 (84470) main____ INFO    Exiting with status 0.
