2026-02-28 19:22:32.830142 (903465) main____ INFO    ----------------------------------------
2026-02-28 19:22:32.830214 (903465) main____ INFO    Jasper version info
2026-02-28 19:22:32.830228 (903465) main____ INFO      tool      : Jasper 2023.12
2026-02-28 19:22:32.830242 (903465) main____ INFO      version   : 2023.12p001 64 bits
2026-02-28 19:22:32.830255 (903465) main____ INFO      build date: 2024.01.23 16:09:24 UTC
2026-02-28 19:22:32.830264 (903465) main____ INFO    ----------------------------------------
2026-02-28 19:22:32.830273 (903465) main____ INFO    Runtime info:
2026-02-28 19:22:32.830284 (903465) main____ INFO      platform  : Linux 4.18.0-553.89.1.el8_10.x86_64 x86_64
2026-02-28 19:22:32.830300 (903465) main____ INFO      hostname  : caddy15.stanford.edu
2026-02-28 19:22:32.830327 (903465) main____ INFO      pid       : 903465
2026-02-28 19:22:32.830338 (903465) main____ INFO      arguments : '-style' 'windows' '-allow_unsupported_OS' '-no_gui' '-fpv' './synthlc/i_ADDI_out/xPairwiseDepDiv/nunv_anytwo_79_.tcl' '-proj' './synthlc/i_ADDI_out/xPairwiseDepDiv/nunv_anytwo_79_jgsession_26-02-28-19_22_32'
2026-02-28 19:22:32.830354 (903465) main____ INFO      locale    : UTF-8
2026-02-28 19:22:32.830363 (903465) main____ INFO    ----------------------------------------
2026-02-28 19:22:32.830372 (903465) main____ INFO    System resource limits info:
2026-02-28 19:22:32.830384 (903465) main____ INFO      virtual memory: unlimited
2026-02-28 19:22:32.830396 (903465) main____ INFO      cpu time      : unlimited
2026-02-28 19:22:32.830413 (903465) main____ INFO      processes     : 4096
2026-02-28 19:22:32.830431 (903465) main____ INFO      stack size    : 8388608 B
2026-02-28 19:22:32.830446 (903465) main____ INFO      core file size: 0 B
2026-02-28 19:22:32.830459 (903465) main____ INFO      open files    : 4096
2026-02-28 19:22:32.830471 (903465) main____ INFO      file size     : unlimited
2026-02-28 19:22:32.830480 (903465) main____ INFO    ----------------------------------------
2026-02-28 19:22:32.830489 (903465) main____ INFO    Memory statistics:
2026-02-28 19:22:32.830501 (903465) main____ INFO      total physical memory  : 98449092 kB
2026-02-28 19:22:32.830512 (903465) main____ INFO      free physical memory   : 79604212 kB
2026-02-28 19:22:32.830523 (903465) main____ INFO      committed address space: 2422020 kB
2026-02-28 19:22:32.830532 (903465) main____ INFO    ----------------------------------------
2026-02-28 19:22:32.831651 (903465) main____ INFO    Important environment variables:
2026-02-28 19:22:32.831674 (903465) main____ INFO      CDS_LIC_FILE       : '5280@cadlic0'
2026-02-28 19:22:32.831686 (903465) main____ INFO      JASPER_INSTALL_DIR : '/cad/cadence/jasper_2023.12p001'
2026-02-28 19:22:32.831698 (903465) main____ INFO      JASPER_KERNEL_CHECK: '1'
2026-02-28 19:22:32.831709 (903465) main____ INFO      JASPER_OS_CHECK    : '0'
2026-02-28 19:22:32.831721 (903465) main____ INFO      LANG               : 'en_US.UTF-8'
2026-02-28 19:22:32.831731 (903465) main____ INFO    ----------------------------------------
2026-02-28 19:22:32.832965 (903465) lic_core INFO    Initializing license system ...
2026-02-28 19:22:32.834693 (903465) lic_core INFO    ... license system initialized.
2026-02-28 19:22:32.845449 (903465) lic__man INFO    Claim 'main' for <ui>.
2026-02-28 19:22:32.845494 (903465) lic_core INFO    (1) checking out 'jasper_interactive' ...
2026-02-28 19:22:32.857847 (903465) lic_core INFO    ... (1) checkout succeeded
2026-02-28 19:22:32.857909 (903465) lic__man INFO    Claim 'fpv' for <ui>.
2026-02-28 19:22:32.857931 (903465) lic_core INFO    (2) checking out 'jasper_fpv' ...
2026-02-28 19:22:32.861644 (903465) lic_core INFO    ... (2) checkout failed (error: -5) ("FLEXnet ERROR(-5, 0, 0): No such feature exists.")
2026-02-28 19:22:32.861675 (903465) lic_core INFO    (3) checking out 'jasper_fao' ...
2026-02-28 19:22:32.872184 (903465) lic_core INFO    ... (3) checkout succeeded
2026-02-28 19:22:32.873222 (903476) stdio___ INFO    Starting STDIN reader (tty: yes, tty name: '/dev/pts/0')
2026-02-28 19:22:32.873386 (903465) main____ INFO    Tool inactivity delay is 480000 ms.
2026-02-28 19:22:32.915451 (903465) session_ INFO    Starting analysis session with session id 'session_0' (launcher: <local>) ...
2026-02-28 19:22:32.917289 (903465) session_ INFO    Analysis session with session id 'session_0' started (pid: 903477)
2026-02-28 19:22:34.040219 (903465) session_ INFO    Analysis session 'session_0' connected to the console (host: 127.0.0.1:58006)
2026-02-28 19:22:38.327395 (903465) lic__man INFO    Unclaim everything for 'session_0'.
2026-02-28 19:22:38.536181 (903465) lic__man INFO    Claim 'fpv' for 'session_0'.
2026-02-28 19:22:38.536220 (903465) lic__man INFO    Claim 'fpv' for 'session_0/prove-0'.
2026-02-28 19:22:39.564163 (903465) lic__man INFO    Unclaim everything for 'session_0/prove-0'.
2026-02-28 19:22:39.606465 (903465) main____ INFO    About to exit: request to exit with status 0 received from analysis session 'session_0'
2026-02-28 19:22:39.799669 (903465) session_ INFO    Analysis session 'session_0' disconnected.
2026-02-28 19:22:39.799821 (903465) lic__man INFO    Unclaim everything for 'session_0'.
2026-02-28 19:22:39.803546 (903465) session_ INFO    Process for analysis session 'session_0' has exited with exit status '0'.
2026-02-28 19:22:41.513605 (903476) stdio___ INFO    STDIN reader requested to stop.
2026-02-28 19:22:41.513643 (903476) stdio___ INFO    STDIN reader stopped.
2026-02-28 19:22:41.513878 (903465) lic_core INFO    (1) checkin jasper_interactive
2026-02-28 19:22:41.515566 (903465) lic_core INFO    (3) checkin jasper_fao
2026-02-28 19:22:41.516538 (903465) main____ INFO    Exiting with status 0.
