2026-02-26 02:48:46.893835 (3658424) main____ INFO    ----------------------------------------
2026-02-26 02:48:46.893930 (3658424) main____ INFO    Jasper version info
2026-02-26 02:48:46.893946 (3658424) main____ INFO      tool      : Jasper 2023.12
2026-02-26 02:48:46.893962 (3658424) main____ INFO      version   : 2023.12p001 64 bits
2026-02-26 02:48:46.893975 (3658424) main____ INFO      build date: 2024.01.23 16:09:24 UTC
2026-02-26 02:48:46.893986 (3658424) main____ INFO    ----------------------------------------
2026-02-26 02:48:46.893995 (3658424) main____ INFO    Runtime info:
2026-02-26 02:48:46.894006 (3658424) main____ INFO      platform  : Linux 4.18.0-553.89.1.el8_10.x86_64 x86_64
2026-02-26 02:48:46.894025 (3658424) main____ INFO      hostname  : caddy15.stanford.edu
2026-02-26 02:48:46.894041 (3658424) main____ INFO      pid       : 3658424
2026-02-26 02:48:46.894053 (3658424) main____ INFO      arguments : '-style' 'windows' '-allow_unsupported_OS' '-no_gui' '-fpv' './synthlc/i_ADDI_out/xPairwiseDepDiv/exclusive_103_.tcl' '-proj' './synthlc/i_ADDI_out/xPairwiseDepDiv/exclusive_103_jgsession_26-02-26-02_48_46'
2026-02-26 02:48:46.894070 (3658424) main____ INFO      locale    : UTF-8
2026-02-26 02:48:46.894080 (3658424) main____ INFO    ----------------------------------------
2026-02-26 02:48:46.894089 (3658424) main____ INFO    System resource limits info:
2026-02-26 02:48:46.894102 (3658424) main____ INFO      virtual memory: unlimited
2026-02-26 02:48:46.894114 (3658424) main____ INFO      cpu time      : unlimited
2026-02-26 02:48:46.894134 (3658424) main____ INFO      processes     : 4096
2026-02-26 02:48:46.894156 (3658424) main____ INFO      stack size    : 8388608 B
2026-02-26 02:48:46.894171 (3658424) main____ INFO      core file size: 0 B
2026-02-26 02:48:46.894184 (3658424) main____ INFO      open files    : 4096
2026-02-26 02:48:46.894196 (3658424) main____ INFO      file size     : unlimited
2026-02-26 02:48:46.894206 (3658424) main____ INFO    ----------------------------------------
2026-02-26 02:48:46.894215 (3658424) main____ INFO    Memory statistics:
2026-02-26 02:48:46.894227 (3658424) main____ INFO      total physical memory  : 98449092 kB
2026-02-26 02:48:46.894266 (3658424) main____ INFO      free physical memory   : 74601788 kB
2026-02-26 02:48:46.894279 (3658424) main____ INFO      committed address space: 8843604 kB
2026-02-26 02:48:46.894288 (3658424) main____ INFO    ----------------------------------------
2026-02-26 02:48:46.895486 (3658424) main____ INFO    Important environment variables:
2026-02-26 02:48:46.895521 (3658424) main____ INFO      CDS_LIC_FILE       : '5280@cadlic0'
2026-02-26 02:48:46.895534 (3658424) main____ INFO      JASPER_INSTALL_DIR : '/cad/cadence/jasper_2023.12p001'
2026-02-26 02:48:46.895546 (3658424) main____ INFO      JASPER_KERNEL_CHECK: '1'
2026-02-26 02:48:46.895558 (3658424) main____ INFO      JASPER_OS_CHECK    : '0'
2026-02-26 02:48:46.895570 (3658424) main____ INFO      LANG               : 'en_US.UTF-8'
2026-02-26 02:48:46.895580 (3658424) main____ INFO    ----------------------------------------
2026-02-26 02:48:46.898553 (3658424) lic_core INFO    Initializing license system ...
2026-02-26 02:48:46.921680 (3658424) lic_core INFO    ... license system initialized.
2026-02-26 02:48:46.996696 (3658424) lic__man INFO    Claim 'main' for <ui>.
2026-02-26 02:48:46.996764 (3658424) lic_core INFO    (1) checking out 'jasper_interactive' ...
2026-02-26 02:48:47.081921 (3658424) lic_core INFO    ... (1) checkout succeeded
2026-02-26 02:48:47.082039 (3658424) lic__man INFO    Claim 'fpv' for <ui>.
2026-02-26 02:48:47.082070 (3658424) lic_core INFO    (2) checking out 'jasper_fpv' ...
2026-02-26 02:48:47.129456 (3658424) lic_core INFO    ... (2) checkout failed (error: -5) ("FLEXnet ERROR(-5, 0, 0): No such feature exists.")
2026-02-26 02:48:47.129517 (3658424) lic_core INFO    (3) checking out 'jasper_fao' ...
2026-02-26 02:48:47.140584 (3658424) lic_core INFO    ... (3) checkout succeeded
2026-02-26 02:48:47.142167 (3658424) main____ INFO    Tool inactivity delay is 480000 ms.
2026-02-26 02:48:47.150563 (3658467) stdio___ INFO    Starting STDIN reader (tty: yes, tty name: '/dev/pts/0')
2026-02-26 02:48:47.313461 (3658424) session_ INFO    Starting analysis session with session id 'session_0' (launcher: <local>) ...
2026-02-26 02:48:47.315496 (3658424) session_ INFO    Analysis session with session id 'session_0' started (pid: 3658473)
2026-02-26 02:48:49.561773 (3658424) session_ INFO    Analysis session 'session_0' connected to the console (host: 127.0.0.1:38678)
2026-02-26 02:48:58.680043 (3658424) lic__man INFO    Unclaim everything for 'session_0'.
2026-02-26 02:48:58.984807 (3658424) lic__man INFO    Claim 'fpv' for 'session_0'.
2026-02-26 02:48:58.984853 (3658424) lic__man INFO    Claim 'fpv' for 'session_0/prove-0'.
2026-02-26 02:49:09.003045 (3658424) lic__man INFO    Unclaim everything for 'session_0/prove-0'.
2026-02-26 02:49:09.045442 (3658424) main____ INFO    About to exit: request to exit with status 0 received from analysis session 'session_0'
2026-02-26 02:49:09.184602 (3658424) session_ INFO    Analysis session 'session_0' disconnected.
2026-02-26 02:49:09.184793 (3658424) lic__man INFO    Unclaim everything for 'session_0'.
2026-02-26 02:49:09.184985 (3658424) session_ INFO    Process for analysis session 'session_0' has exited with exit status '0'.
2026-02-26 02:49:10.952424 (3658467) stdio___ INFO    STDIN reader requested to stop.
2026-02-26 02:49:10.952460 (3658467) stdio___ INFO    STDIN reader stopped.
2026-02-26 02:49:10.952687 (3658424) lic_core INFO    (1) checkin jasper_interactive
2026-02-26 02:49:10.953544 (3658424) lic_core INFO    (3) checkin jasper_fao
2026-02-26 02:49:10.955000 (3658424) main____ INFO    Exiting with status 0.
