2026-03-01 14:51:42.955236 (205254) main____ INFO    ----------------------------------------
2026-03-01 14:51:42.955337 (205254) main____ INFO    Jasper version info
2026-03-01 14:51:42.955354 (205254) main____ INFO      tool      : Jasper 2023.12
2026-03-01 14:51:42.955371 (205254) main____ INFO      version   : 2023.12p001 64 bits
2026-03-01 14:51:42.955385 (205254) main____ INFO      build date: 2024.01.23 16:09:24 UTC
2026-03-01 14:51:42.955396 (205254) main____ INFO    ----------------------------------------
2026-03-01 14:51:42.955406 (205254) main____ INFO    Runtime info:
2026-03-01 14:51:42.955418 (205254) main____ INFO      platform  : Linux 4.18.0-553.89.1.el8_10.x86_64 x86_64
2026-03-01 14:51:42.955438 (205254) main____ INFO      hostname  : caddy12.stanford.edu
2026-03-01 14:51:42.955454 (205254) main____ INFO      pid       : 205254
2026-03-01 14:51:42.955465 (205254) main____ INFO      arguments : '-style' 'windows' '-allow_unsupported_OS' '-no_gui' '-fpv' './synthlc/i_LW_out/xPerfLocCycleCount/over1cyc_27_div_fsm_s13_.tcl' '-proj' './synthlc/i_LW_out/xPerfLocCycleCount/over1cyc_27_div_fsm_s13_jgsession_26-03-01-14_51_41'
2026-03-01 14:51:42.955483 (205254) main____ INFO      locale    : UTF-8
2026-03-01 14:51:42.955493 (205254) main____ INFO    ----------------------------------------
2026-03-01 14:51:42.955504 (205254) main____ INFO    System resource limits info:
2026-03-01 14:51:42.955517 (205254) main____ INFO      virtual memory: unlimited
2026-03-01 14:51:42.955530 (205254) main____ INFO      cpu time      : unlimited
2026-03-01 14:51:42.955548 (205254) main____ INFO      processes     : 4096
2026-03-01 14:51:42.955569 (205254) main____ INFO      stack size    : 8388608 B
2026-03-01 14:51:42.955583 (205254) main____ INFO      core file size: 0 B
2026-03-01 14:51:42.955597 (205254) main____ INFO      open files    : 4096
2026-03-01 14:51:42.955610 (205254) main____ INFO      file size     : unlimited
2026-03-01 14:51:42.955620 (205254) main____ INFO    ----------------------------------------
2026-03-01 14:51:42.955630 (205254) main____ INFO    Memory statistics:
2026-03-01 14:51:42.955643 (205254) main____ INFO      total physical memory  : 98449088 kB
2026-03-01 14:51:42.955654 (205254) main____ INFO      free physical memory   : 82790720 kB
2026-03-01 14:51:42.955683 (205254) main____ INFO      committed address space: 11550936 kB
2026-03-01 14:51:42.955694 (205254) main____ INFO    ----------------------------------------
2026-03-01 14:51:42.956890 (205254) main____ INFO    Important environment variables:
2026-03-01 14:51:42.956916 (205254) main____ INFO      CDS_LIC_FILE       : '5280@cadlic0'
2026-03-01 14:51:42.956929 (205254) main____ INFO      DISPLAY            : 'localhost:12.0'
2026-03-01 14:51:42.956942 (205254) main____ INFO      JASPER_INSTALL_DIR : '/cad/cadence/jasper_2023.12p001'
2026-03-01 14:51:42.956954 (205254) main____ INFO      JASPER_KERNEL_CHECK: '1'
2026-03-01 14:51:42.956967 (205254) main____ INFO      JASPER_OS_CHECK    : '0'
2026-03-01 14:51:42.956979 (205254) main____ INFO      LANG               : 'zh_TW.UTF-8'
2026-03-01 14:51:42.956990 (205254) main____ INFO    ----------------------------------------
2026-03-01 14:51:42.958907 (205254) lic_core INFO    Initializing license system ...
2026-03-01 14:51:42.994085 (205254) lic_core INFO    ... license system initialized.
2026-03-01 14:51:43.142951 (205254) lic__man INFO    Claim 'main' for <ui>.
2026-03-01 14:51:43.143037 (205254) lic_core INFO    (1) checking out 'jasper_interactive' ...
2026-03-01 14:51:43.204942 (205254) lic_core INFO    ... (1) checkout succeeded
2026-03-01 14:51:43.205063 (205254) lic__man INFO    Claim 'fpv' for <ui>.
2026-03-01 14:51:43.205096 (205254) lic_core INFO    (2) checking out 'jasper_fpv' ...
2026-03-01 14:51:43.263141 (205254) lic_core INFO    ... (2) checkout failed (error: -5) ("FLEXnet ERROR(-5, 0, 0): No such feature exists.")
2026-03-01 14:51:43.263219 (205254) lic_core INFO    (3) checking out 'jasper_fao' ...
2026-03-01 14:51:43.347898 (205254) lic_core INFO    ... (3) checkout succeeded
2026-03-01 14:51:43.372567 (205254) main____ INFO    Tool inactivity delay is 480000 ms.
2026-03-01 14:51:43.380915 (205271) stdio___ INFO    Starting STDIN reader (tty: yes, tty name: '/dev/pts/0')
2026-03-01 14:51:43.658340 (205254) session_ INFO    Starting analysis session with session id 'session_0' (launcher: <local>) ...
2026-03-01 14:51:43.660382 (205254) session_ INFO    Analysis session with session id 'session_0' started (pid: 205272)
2026-03-01 14:51:46.442147 (205254) session_ INFO    Analysis session 'session_0' connected to the console (host: 127.0.0.1:33676)
2026-03-01 14:51:49.529298 (205254) lic__man INFO    Unclaim everything for 'session_0'.
2026-03-01 14:51:49.738336 (205254) lic__man INFO    Claim 'fpv' for 'session_0'.
2026-03-01 14:51:49.738381 (205254) lic__man INFO    Claim 'fpv' for 'session_0/prove-0'.
2026-03-01 14:52:12.752986 (205254) lic__man INFO    Unclaim everything for 'session_0/prove-0'.
2026-03-01 14:52:12.823949 (205254) main____ INFO    About to exit: request to exit with status 0 received from analysis session 'session_0'
2026-03-01 14:52:13.387989 (205254) session_ INFO    Analysis session 'session_0' disconnected.
2026-03-01 14:52:13.388118 (205254) lic__man INFO    Unclaim everything for 'session_0'.
2026-03-01 14:52:13.409949 (205254) session_ INFO    Process for analysis session 'session_0' has exited with exit status '0'.
2026-03-01 14:52:14.908746 (205271) stdio___ INFO    STDIN reader requested to stop.
2026-03-01 14:52:14.908826 (205271) stdio___ INFO    STDIN reader stopped.
2026-03-01 14:52:14.918895 (205254) lic_core INFO    (1) checkin jasper_interactive
2026-03-01 14:52:14.924850 (205254) lic_core INFO    (3) checkin jasper_fao
2026-03-01 14:52:14.979715 (205254) main____ INFO    Exiting with status 0.
