2026-02-25 17:55:20.315945 (3393235) main____ INFO    ----------------------------------------
2026-02-25 17:55:20.316068 (3393235) main____ INFO    Jasper version info
2026-02-25 17:55:20.316086 (3393235) main____ INFO      tool      : Jasper 2023.12
2026-02-25 17:55:20.316103 (3393235) main____ INFO      version   : 2023.12p001 64 bits
2026-02-25 17:55:20.316117 (3393235) main____ INFO      build date: 2024.01.23 16:09:24 UTC
2026-02-25 17:55:20.316127 (3393235) main____ INFO    ----------------------------------------
2026-02-25 17:55:20.316137 (3393235) main____ INFO    Runtime info:
2026-02-25 17:55:20.316148 (3393235) main____ INFO      platform  : Linux 4.18.0-553.89.1.el8_10.x86_64 x86_64
2026-02-25 17:55:20.316177 (3393235) main____ INFO      hostname  : caddy15.stanford.edu
2026-02-25 17:55:20.316193 (3393235) main____ INFO      pid       : 3393235
2026-02-25 17:55:20.316204 (3393235) main____ INFO      arguments : '-style' 'windows' '-allow_unsupported_OS' '-no_gui' '-fpv' './synthlc/i_DIV_out/xPerfLocCycleCount/over1cyc_7_div_fsm_s4_.tcl' '-proj' './synthlc/i_DIV_out/xPerfLocCycleCount/over1cyc_7_div_fsm_s4_jgsession_26-02-25-17_55_19'
2026-02-25 17:55:20.316222 (3393235) main____ INFO      locale    : UTF-8
2026-02-25 17:55:20.316232 (3393235) main____ INFO    ----------------------------------------
2026-02-25 17:55:20.316241 (3393235) main____ INFO    System resource limits info:
2026-02-25 17:55:20.316254 (3393235) main____ INFO      virtual memory: unlimited
2026-02-25 17:55:20.316266 (3393235) main____ INFO      cpu time      : unlimited
2026-02-25 17:55:20.316285 (3393235) main____ INFO      processes     : 4096
2026-02-25 17:55:20.316323 (3393235) main____ INFO      stack size    : 8388608 B
2026-02-25 17:55:20.316337 (3393235) main____ INFO      core file size: 0 B
2026-02-25 17:55:20.316351 (3393235) main____ INFO      open files    : 4096
2026-02-25 17:55:20.316363 (3393235) main____ INFO      file size     : unlimited
2026-02-25 17:55:20.316372 (3393235) main____ INFO    ----------------------------------------
2026-02-25 17:55:20.316381 (3393235) main____ INFO    Memory statistics:
2026-02-25 17:55:20.316393 (3393235) main____ INFO      total physical memory  : 98449092 kB
2026-02-25 17:55:20.316404 (3393235) main____ INFO      free physical memory   : 75018936 kB
2026-02-25 17:55:20.316416 (3393235) main____ INFO      committed address space: 9025444 kB
2026-02-25 17:55:20.316425 (3393235) main____ INFO    ----------------------------------------
2026-02-25 17:55:20.317596 (3393235) main____ INFO    Important environment variables:
2026-02-25 17:55:20.317621 (3393235) main____ INFO      CDS_LIC_FILE       : '5280@cadlic0'
2026-02-25 17:55:20.317634 (3393235) main____ INFO      JASPER_INSTALL_DIR : '/cad/cadence/jasper_2023.12p001'
2026-02-25 17:55:20.317647 (3393235) main____ INFO      JASPER_KERNEL_CHECK: '1'
2026-02-25 17:55:20.317659 (3393235) main____ INFO      JASPER_OS_CHECK    : '0'
2026-02-25 17:55:20.317671 (3393235) main____ INFO      LANG               : 'en_US.UTF-8'
2026-02-25 17:55:20.317681 (3393235) main____ INFO    ----------------------------------------
2026-02-25 17:55:20.330479 (3393235) lic_core INFO    Initializing license system ...
2026-02-25 17:55:20.344632 (3393235) lic_core INFO    ... license system initialized.
2026-02-25 17:55:20.487637 (3393235) lic__man INFO    Claim 'main' for <ui>.
2026-02-25 17:55:20.487704 (3393235) lic_core INFO    (1) checking out 'jasper_interactive' ...
2026-02-25 17:55:20.561711 (3393235) lic_core INFO    ... (1) checkout succeeded
2026-02-25 17:55:20.561828 (3393235) lic__man INFO    Claim 'fpv' for <ui>.
2026-02-25 17:55:20.561860 (3393235) lic_core INFO    (2) checking out 'jasper_fpv' ...
2026-02-25 17:55:20.614925 (3393235) lic_core INFO    ... (2) checkout failed (error: -5) ("FLEXnet ERROR(-5, 0, 0): No such feature exists.")
2026-02-25 17:55:20.615029 (3393235) lic_core INFO    (3) checking out 'jasper_fao' ...
2026-02-25 17:55:20.702286 (3393235) lic_core INFO    ... (3) checkout succeeded
2026-02-25 17:55:20.714295 (3393235) main____ INFO    Tool inactivity delay is 480000 ms.
2026-02-25 17:55:20.723561 (3393246) stdio___ INFO    Starting STDIN reader (tty: yes, tty name: '/dev/pts/0')
2026-02-25 17:55:21.089446 (3393235) session_ INFO    Starting analysis session with session id 'session_0' (launcher: <local>) ...
2026-02-25 17:55:21.091505 (3393235) session_ INFO    Analysis session with session id 'session_0' started (pid: 3393247)
2026-02-25 17:55:23.201848 (3393235) session_ INFO    Analysis session 'session_0' connected to the console (host: 127.0.0.1:40808)
2026-02-25 17:55:27.972516 (3393235) lic__man INFO    Unclaim everything for 'session_0'.
2026-02-25 17:55:28.314687 (3393235) lic__man INFO    Claim 'fpv' for 'session_0'.
2026-02-25 17:55:28.314737 (3393235) lic__man INFO    Claim 'fpv' for 'session_0/prove-0'.
2026-02-25 17:55:51.542624 (3393235) lic__man INFO    Unclaim everything for 'session_0/prove-0'.
2026-02-25 17:55:51.570631 (3393235) main____ INFO    About to exit: request to exit with status 0 received from analysis session 'session_0'
2026-02-25 17:55:52.046740 (3393235) session_ INFO    Analysis session 'session_0' disconnected.
2026-02-25 17:55:52.046899 (3393235) lic__man INFO    Unclaim everything for 'session_0'.
2026-02-25 17:55:52.047096 (3393235) session_ INFO    Process for analysis session 'session_0' has exited with exit status '0'.
2026-02-25 17:55:53.486382 (3393246) stdio___ INFO    STDIN reader requested to stop.
2026-02-25 17:55:53.486441 (3393246) stdio___ INFO    STDIN reader stopped.
2026-02-25 17:55:53.486774 (3393235) lic_core INFO    (1) checkin jasper_interactive
2026-02-25 17:55:53.497547 (3393235) lic_core INFO    (3) checkin jasper_fao
2026-02-25 17:55:53.511652 (3393235) main____ INFO    Exiting with status 0.
