2026-02-26 06:26:51.310905 (3860401) main____ INFO    ----------------------------------------
2026-02-26 06:26:51.311013 (3860401) main____ INFO    Jasper version info
2026-02-26 06:26:51.311029 (3860401) main____ INFO      tool      : Jasper 2023.12
2026-02-26 06:26:51.311044 (3860401) main____ INFO      version   : 2023.12p001 64 bits
2026-02-26 06:26:51.311057 (3860401) main____ INFO      build date: 2024.01.23 16:09:24 UTC
2026-02-26 06:26:51.311067 (3860401) main____ INFO    ----------------------------------------
2026-02-26 06:26:51.311076 (3860401) main____ INFO    Runtime info:
2026-02-26 06:26:51.311087 (3860401) main____ INFO      platform  : Linux 4.18.0-553.89.1.el8_10.x86_64 x86_64
2026-02-26 06:26:51.311105 (3860401) main____ INFO      hostname  : caddy15.stanford.edu
2026-02-26 06:26:51.311121 (3860401) main____ INFO      pid       : 3860401
2026-02-26 06:26:51.311133 (3860401) main____ INFO      arguments : '-style' 'windows' '-allow_unsupported_OS' '-no_gui' '-fpv' './synthlc/i_ADDI_out/xHBPerfG_dfg_v3_div/HB_339_.tcl' '-proj' './synthlc/i_ADDI_out/xHBPerfG_dfg_v3_div/HB_339_jgsession_26-02-26-06_26_50'
2026-02-26 06:26:51.311152 (3860401) main____ INFO      locale    : UTF-8
2026-02-26 06:26:51.311162 (3860401) main____ INFO    ----------------------------------------
2026-02-26 06:26:51.311171 (3860401) main____ INFO    System resource limits info:
2026-02-26 06:26:51.311183 (3860401) main____ INFO      virtual memory: unlimited
2026-02-26 06:26:51.311196 (3860401) main____ INFO      cpu time      : unlimited
2026-02-26 06:26:51.311214 (3860401) main____ INFO      processes     : 4096
2026-02-26 06:26:51.311235 (3860401) main____ INFO      stack size    : 8388608 B
2026-02-26 06:26:51.311249 (3860401) main____ INFO      core file size: 0 B
2026-02-26 06:26:51.311262 (3860401) main____ INFO      open files    : 4096
2026-02-26 06:26:51.311274 (3860401) main____ INFO      file size     : unlimited
2026-02-26 06:26:51.311284 (3860401) main____ INFO    ----------------------------------------
2026-02-26 06:26:51.311293 (3860401) main____ INFO    Memory statistics:
2026-02-26 06:26:51.311318 (3860401) main____ INFO      total physical memory  : 98449092 kB
2026-02-26 06:26:51.311330 (3860401) main____ INFO      free physical memory   : 77151060 kB
2026-02-26 06:26:51.311342 (3860401) main____ INFO      committed address space: 6280948 kB
2026-02-26 06:26:51.311351 (3860401) main____ INFO    ----------------------------------------
2026-02-26 06:26:51.312518 (3860401) main____ INFO    Important environment variables:
2026-02-26 06:26:51.312542 (3860401) main____ INFO      CDS_LIC_FILE       : '5280@cadlic0'
2026-02-26 06:26:51.312555 (3860401) main____ INFO      JASPER_INSTALL_DIR : '/cad/cadence/jasper_2023.12p001'
2026-02-26 06:26:51.312567 (3860401) main____ INFO      JASPER_KERNEL_CHECK: '1'
2026-02-26 06:26:51.312579 (3860401) main____ INFO      JASPER_OS_CHECK    : '0'
2026-02-26 06:26:51.312591 (3860401) main____ INFO      LANG               : 'en_US.UTF-8'
2026-02-26 06:26:51.312601 (3860401) main____ INFO    ----------------------------------------
2026-02-26 06:26:51.314174 (3860401) lic_core INFO    Initializing license system ...
2026-02-26 06:26:51.315592 (3860401) lic_core INFO    ... license system initialized.
2026-02-26 06:26:51.329714 (3860401) lic__man INFO    Claim 'main' for <ui>.
2026-02-26 06:26:51.329776 (3860401) lic_core INFO    (1) checking out 'jasper_interactive' ...
2026-02-26 06:26:51.342981 (3860401) lic_core INFO    ... (1) checkout succeeded
2026-02-26 06:26:51.343083 (3860401) lic__man INFO    Claim 'fpv' for <ui>.
2026-02-26 06:26:51.343112 (3860401) lic_core INFO    (2) checking out 'jasper_fpv' ...
2026-02-26 06:26:51.347610 (3860401) lic_core INFO    ... (2) checkout failed (error: -5) ("FLEXnet ERROR(-5, 0, 0): No such feature exists.")
2026-02-26 06:26:51.347664 (3860401) lic_core INFO    (3) checking out 'jasper_fao' ...
2026-02-26 06:26:51.358644 (3860401) lic_core INFO    ... (3) checkout succeeded
2026-02-26 06:26:51.360081 (3860401) main____ INFO    Tool inactivity delay is 480000 ms.
2026-02-26 06:26:51.360379 (3860412) stdio___ INFO    Starting STDIN reader (tty: yes, tty name: '/dev/pts/0')
2026-02-26 06:26:51.437623 (3860401) session_ INFO    Starting analysis session with session id 'session_0' (launcher: <local>) ...
2026-02-26 06:26:51.439794 (3860401) session_ INFO    Analysis session with session id 'session_0' started (pid: 3860413)
2026-02-26 06:26:52.894760 (3860401) session_ INFO    Analysis session 'session_0' connected to the console (host: 127.0.0.1:51960)
2026-02-26 06:26:58.194341 (3860401) lic__man INFO    Unclaim everything for 'session_0'.
2026-02-26 06:26:58.493464 (3860401) lic__man INFO    Claim 'fpv' for 'session_0'.
2026-02-26 06:26:58.493516 (3860401) lic__man INFO    Claim 'fpv' for 'session_0/prove-0'.
2026-02-26 06:27:24.399354 (3860401) lic__man INFO    Unclaim everything for 'session_0/prove-0'.
2026-02-26 06:27:24.455938 (3860401) main____ INFO    About to exit: request to exit with status 0 received from analysis session 'session_0'
2026-02-26 06:27:24.665959 (3860401) session_ INFO    Analysis session 'session_0' disconnected.
2026-02-26 06:27:24.666109 (3860401) lic__man INFO    Unclaim everything for 'session_0'.
2026-02-26 06:27:24.666407 (3860401) session_ INFO    Process for analysis session 'session_0' has exited with exit status '0'.
2026-02-26 06:27:26.405382 (3860412) stdio___ INFO    STDIN reader requested to stop.
2026-02-26 06:27:26.405439 (3860412) stdio___ INFO    STDIN reader stopped.
2026-02-26 06:27:26.415572 (3860401) lic_core INFO    (1) checkin jasper_interactive
2026-02-26 06:27:26.417181 (3860401) lic_core INFO    (3) checkin jasper_fao
2026-02-26 06:27:26.438386 (3860401) main____ INFO    Exiting with status 0.
