2026-03-01 07:01:50.613142 (4048796) main____ INFO    ----------------------------------------
2026-03-01 07:01:50.613245 (4048796) main____ INFO    Jasper version info
2026-03-01 07:01:50.613263 (4048796) main____ INFO      tool      : Jasper 2023.12
2026-03-01 07:01:50.613280 (4048796) main____ INFO      version   : 2023.12p001 64 bits
2026-03-01 07:01:50.613294 (4048796) main____ INFO      build date: 2024.01.23 16:09:24 UTC
2026-03-01 07:01:50.613305 (4048796) main____ INFO    ----------------------------------------
2026-03-01 07:01:50.613315 (4048796) main____ INFO    Runtime info:
2026-03-01 07:01:50.613326 (4048796) main____ INFO      platform  : Linux 4.18.0-553.89.1.el8_10.x86_64 x86_64
2026-03-01 07:01:50.613345 (4048796) main____ INFO      hostname  : caddy12.stanford.edu
2026-03-01 07:01:50.613361 (4048796) main____ INFO      pid       : 4048796
2026-03-01 07:01:50.613373 (4048796) main____ INFO      arguments : '-style' 'windows' '-allow_unsupported_OS' '-no_gui' '-fpv' './synthlc/i_LW_out/xPairwiseDepDiv/nunv_anytwo_77_.tcl' '-proj' './synthlc/i_LW_out/xPairwiseDepDiv/nunv_anytwo_77_jgsession_26-03-01-07_01_50'
2026-03-01 07:01:50.613391 (4048796) main____ INFO      locale    : UTF-8
2026-03-01 07:01:50.613402 (4048796) main____ INFO    ----------------------------------------
2026-03-01 07:01:50.613412 (4048796) main____ INFO    System resource limits info:
2026-03-01 07:01:50.613425 (4048796) main____ INFO      virtual memory: unlimited
2026-03-01 07:01:50.613438 (4048796) main____ INFO      cpu time      : unlimited
2026-03-01 07:01:50.613456 (4048796) main____ INFO      processes     : 4096
2026-03-01 07:01:50.613477 (4048796) main____ INFO      stack size    : 8388608 B
2026-03-01 07:01:50.613492 (4048796) main____ INFO      core file size: 0 B
2026-03-01 07:01:50.613506 (4048796) main____ INFO      open files    : 4096
2026-03-01 07:01:50.613519 (4048796) main____ INFO      file size     : unlimited
2026-03-01 07:01:50.613529 (4048796) main____ INFO    ----------------------------------------
2026-03-01 07:01:50.613539 (4048796) main____ INFO    Memory statistics:
2026-03-01 07:01:50.613552 (4048796) main____ INFO      total physical memory  : 98449088 kB
2026-03-01 07:01:50.613564 (4048796) main____ INFO      free physical memory   : 84664516 kB
2026-03-01 07:01:50.613576 (4048796) main____ INFO      committed address space: 10032668 kB
2026-03-01 07:01:50.613587 (4048796) main____ INFO    ----------------------------------------
2026-03-01 07:01:50.614796 (4048796) main____ INFO    Important environment variables:
2026-03-01 07:01:50.614824 (4048796) main____ INFO      CDS_LIC_FILE       : '5280@cadlic0'
2026-03-01 07:01:50.614837 (4048796) main____ INFO      DISPLAY            : 'localhost:12.0'
2026-03-01 07:01:50.614850 (4048796) main____ INFO      JASPER_INSTALL_DIR : '/cad/cadence/jasper_2023.12p001'
2026-03-01 07:01:50.614862 (4048796) main____ INFO      JASPER_KERNEL_CHECK: '1'
2026-03-01 07:01:50.614875 (4048796) main____ INFO      JASPER_OS_CHECK    : '0'
2026-03-01 07:01:50.614887 (4048796) main____ INFO      LANG               : 'zh_TW.UTF-8'
2026-03-01 07:01:50.614898 (4048796) main____ INFO    ----------------------------------------
2026-03-01 07:01:50.616794 (4048796) lic_core INFO    Initializing license system ...
2026-03-01 07:01:50.618927 (4048796) lic_core INFO    ... license system initialized.
2026-03-01 07:01:50.636202 (4048796) lic__man INFO    Claim 'main' for <ui>.
2026-03-01 07:01:50.636280 (4048796) lic_core INFO    (1) checking out 'jasper_interactive' ...
2026-03-01 07:01:50.649378 (4048796) lic_core INFO    ... (1) checkout succeeded
2026-03-01 07:01:50.649491 (4048796) lic__man INFO    Claim 'fpv' for <ui>.
2026-03-01 07:01:50.649522 (4048796) lic_core INFO    (2) checking out 'jasper_fpv' ...
2026-03-01 07:01:50.658396 (4048796) lic_core INFO    ... (2) checkout failed (error: -5) ("FLEXnet ERROR(-5, 0, 0): No such feature exists.")
2026-03-01 07:01:50.658459 (4048796) lic_core INFO    (3) checking out 'jasper_fao' ...
2026-03-01 07:01:50.669705 (4048796) lic_core INFO    ... (3) checkout succeeded
2026-03-01 07:01:50.671515 (4048796) main____ INFO    Tool inactivity delay is 480000 ms.
2026-03-01 07:01:50.672940 (4048807) stdio___ INFO    Starting STDIN reader (tty: yes, tty name: '/dev/pts/0')
2026-03-01 07:01:50.724612 (4048796) session_ INFO    Starting analysis session with session id 'session_0' (launcher: <local>) ...
2026-03-01 07:01:50.726607 (4048796) session_ INFO    Analysis session with session id 'session_0' started (pid: 4048808)
2026-03-01 07:01:52.015104 (4048796) session_ INFO    Analysis session 'session_0' connected to the console (host: 127.0.0.1:55858)
2026-03-01 07:01:55.747757 (4048796) lic__man INFO    Unclaim everything for 'session_0'.
2026-03-01 07:01:56.091102 (4048796) lic__man INFO    Claim 'fpv' for 'session_0'.
2026-03-01 07:01:56.091173 (4048796) lic__man INFO    Claim 'fpv' for 'session_0/prove-0'.
2026-03-01 07:01:58.750581 (4048796) lic__man INFO    Unclaim everything for 'session_0/prove-0'.
2026-03-01 07:01:58.771416 (4048796) main____ INFO    About to exit: request to exit with status 0 received from analysis session 'session_0'
2026-03-01 07:01:58.942782 (4048796) session_ INFO    Analysis session 'session_0' disconnected.
2026-03-01 07:01:58.942948 (4048796) lic__man INFO    Unclaim everything for 'session_0'.
2026-03-01 07:01:58.954843 (4048796) session_ INFO    Process for analysis session 'session_0' has exited with exit status '0'.
2026-03-01 07:02:00.886088 (4048807) stdio___ INFO    STDIN reader requested to stop.
2026-03-01 07:02:00.886135 (4048807) stdio___ INFO    STDIN reader stopped.
2026-03-01 07:02:00.889945 (4048796) lic_core INFO    (1) checkin jasper_interactive
2026-03-01 07:02:00.890970 (4048796) lic_core INFO    (3) checkin jasper_fao
2026-03-01 07:02:00.906710 (4048796) main____ INFO    Exiting with status 0.
