2026-02-26 01:54:24.572014 (1867037) main____ INFO    ----------------------------------------
2026-02-26 01:54:24.572110 (1867037) main____ INFO    Jasper version info
2026-02-26 01:54:24.572126 (1867037) main____ INFO      tool      : Jasper 2023.12
2026-02-26 01:54:24.572142 (1867037) main____ INFO      version   : 2023.12p001 64 bits
2026-02-26 01:54:24.572155 (1867037) main____ INFO      build date: 2024.01.23 16:09:24 UTC
2026-02-26 01:54:24.572165 (1867037) main____ INFO    ----------------------------------------
2026-02-26 01:54:24.572174 (1867037) main____ INFO    Runtime info:
2026-02-26 01:54:24.572184 (1867037) main____ INFO      platform  : Linux 4.18.0-553.89.1.el8_10.x86_64 x86_64
2026-02-26 01:54:24.572203 (1867037) main____ INFO      hostname  : caddy12.stanford.edu
2026-02-26 01:54:24.572218 (1867037) main____ INFO      pid       : 1867037
2026-02-26 01:54:24.572228 (1867037) main____ INFO      arguments : '-style' 'windows' '-allow_unsupported_OS' '-no_gui' '-fpv' './synthlc/i_MUL_out/xHBPerfG_dfg_v3_div/HB_259_.tcl' '-proj' './synthlc/i_MUL_out/xHBPerfG_dfg_v3_div/HB_259_jgsession_26-02-26-01_54_24'
2026-02-26 01:54:24.572245 (1867037) main____ INFO      locale    : UTF-8
2026-02-26 01:54:24.572254 (1867037) main____ INFO    ----------------------------------------
2026-02-26 01:54:24.572263 (1867037) main____ INFO    System resource limits info:
2026-02-26 01:54:24.572275 (1867037) main____ INFO      virtual memory: unlimited
2026-02-26 01:54:24.572287 (1867037) main____ INFO      cpu time      : unlimited
2026-02-26 01:54:24.572306 (1867037) main____ INFO      processes     : 4096
2026-02-26 01:54:24.572324 (1867037) main____ INFO      stack size    : 8388608 B
2026-02-26 01:54:24.572338 (1867037) main____ INFO      core file size: 0 B
2026-02-26 01:54:24.572351 (1867037) main____ INFO      open files    : 4096
2026-02-26 01:54:24.572363 (1867037) main____ INFO      file size     : unlimited
2026-02-26 01:54:24.572373 (1867037) main____ INFO    ----------------------------------------
2026-02-26 01:54:24.572382 (1867037) main____ INFO    Memory statistics:
2026-02-26 01:54:24.572393 (1867037) main____ INFO      total physical memory  : 98449088 kB
2026-02-26 01:54:24.572404 (1867037) main____ INFO      free physical memory   : 76489592 kB
2026-02-26 01:54:24.572416 (1867037) main____ INFO      committed address space: 8959784 kB
2026-02-26 01:54:24.572426 (1867037) main____ INFO    ----------------------------------------
2026-02-26 01:54:24.573617 (1867037) main____ INFO    Important environment variables:
2026-02-26 01:54:24.573642 (1867037) main____ INFO      CDS_LIC_FILE       : '5280@cadlic0'
2026-02-26 01:54:24.573656 (1867037) main____ INFO      DISPLAY            : 'localhost:12.0'
2026-02-26 01:54:24.573676 (1867037) main____ INFO      JASPER_INSTALL_DIR : '/cad/cadence/jasper_2023.12p001'
2026-02-26 01:54:24.573688 (1867037) main____ INFO      JASPER_KERNEL_CHECK: '1'
2026-02-26 01:54:24.573700 (1867037) main____ INFO      JASPER_OS_CHECK    : '0'
2026-02-26 01:54:24.573711 (1867037) main____ INFO      LANG               : 'zh_TW.UTF-8'
2026-02-26 01:54:24.573721 (1867037) main____ INFO    ----------------------------------------
2026-02-26 01:54:24.574820 (1867037) lic_core INFO    Initializing license system ...
2026-02-26 01:54:24.576190 (1867037) lic_core INFO    ... license system initialized.
2026-02-26 01:54:24.676979 (1867037) lic__man INFO    Claim 'main' for <ui>.
2026-02-26 01:54:24.677046 (1867037) lic_core INFO    (1) checking out 'jasper_interactive' ...
2026-02-26 01:54:24.693471 (1867037) lic_core INFO    ... (1) checkout succeeded
2026-02-26 01:54:24.693583 (1867037) lic__man INFO    Claim 'fpv' for <ui>.
2026-02-26 01:54:24.693611 (1867037) lic_core INFO    (2) checking out 'jasper_fpv' ...
2026-02-26 01:54:24.698046 (1867037) lic_core INFO    ... (2) checkout failed (error: -5) ("FLEXnet ERROR(-5, 0, 0): No such feature exists.")
2026-02-26 01:54:24.698096 (1867037) lic_core INFO    (3) checking out 'jasper_fao' ...
2026-02-26 01:54:24.709304 (1867037) lic_core INFO    ... (3) checkout succeeded
2026-02-26 01:54:24.711393 (1867037) main____ INFO    Tool inactivity delay is 480000 ms.
2026-02-26 01:54:24.721878 (1867053) stdio___ INFO    Starting STDIN reader (tty: yes, tty name: '/dev/pts/0')
2026-02-26 01:54:24.756337 (1867037) session_ INFO    Starting analysis session with session id 'session_0' (launcher: <local>) ...
2026-02-26 01:54:24.758252 (1867037) session_ INFO    Analysis session with session id 'session_0' started (pid: 1867054)
2026-02-26 01:54:26.066217 (1867037) session_ INFO    Analysis session 'session_0' connected to the console (host: 127.0.0.1:50088)
2026-02-26 01:54:32.166017 (1867037) lic__man INFO    Unclaim everything for 'session_0'.
2026-02-26 01:54:32.645316 (1867037) lic__man INFO    Claim 'fpv' for 'session_0'.
2026-02-26 01:54:32.645357 (1867037) lic__man INFO    Claim 'fpv' for 'session_0/prove-0'.
2026-02-26 01:54:37.197705 (1867037) lic__man INFO    Unclaim everything for 'session_0/prove-0'.
2026-02-26 01:54:37.261971 (1867037) main____ INFO    About to exit: request to exit with status 0 received from analysis session 'session_0'
2026-02-26 01:54:37.678086 (1867037) session_ INFO    Analysis session 'session_0' disconnected.
2026-02-26 01:54:37.678324 (1867037) lic__man INFO    Unclaim everything for 'session_0'.
2026-02-26 01:54:37.678543 (1867037) session_ INFO    Process for analysis session 'session_0' has exited with exit status '0'.
2026-02-26 01:54:39.387761 (1867053) stdio___ INFO    STDIN reader requested to stop.
2026-02-26 01:54:39.387820 (1867053) stdio___ INFO    STDIN reader stopped.
2026-02-26 01:54:39.391947 (1867037) lic_core INFO    (1) checkin jasper_interactive
2026-02-26 01:54:39.395862 (1867037) lic_core INFO    (3) checkin jasper_fao
2026-02-26 01:54:39.408105 (1867037) main____ INFO    Exiting with status 0.
