2026-03-01 13:45:33.415344 (134978) main____ INFO    ----------------------------------------
2026-03-01 13:45:33.415437 (134978) main____ INFO    Jasper version info
2026-03-01 13:45:33.415454 (134978) main____ INFO      tool      : Jasper 2023.12
2026-03-01 13:45:33.415471 (134978) main____ INFO      version   : 2023.12p001 64 bits
2026-03-01 13:45:33.415485 (134978) main____ INFO      build date: 2024.01.23 16:09:24 UTC
2026-03-01 13:45:33.415496 (134978) main____ INFO    ----------------------------------------
2026-03-01 13:45:33.415505 (134978) main____ INFO    Runtime info:
2026-03-01 13:45:33.415517 (134978) main____ INFO      platform  : Linux 4.18.0-553.89.1.el8_10.x86_64 x86_64
2026-03-01 13:45:33.415537 (134978) main____ INFO      hostname  : caddy12.stanford.edu
2026-03-01 13:45:33.415552 (134978) main____ INFO      pid       : 134978
2026-03-01 13:45:33.415563 (134978) main____ INFO      arguments : '-style' 'windows' '-allow_unsupported_OS' '-no_gui' '-fpv' './synthlc/i_LW_out/xPerfLocCycleCount/over1cyc_13_div_fsm_s4_.tcl' '-proj' './synthlc/i_LW_out/xPerfLocCycleCount/over1cyc_13_div_fsm_s4_jgsession_26-03-01-13_45_33'
2026-03-01 13:45:33.415580 (134978) main____ INFO      locale    : UTF-8
2026-03-01 13:45:33.415591 (134978) main____ INFO    ----------------------------------------
2026-03-01 13:45:33.415601 (134978) main____ INFO    System resource limits info:
2026-03-01 13:45:33.415614 (134978) main____ INFO      virtual memory: unlimited
2026-03-01 13:45:33.415627 (134978) main____ INFO      cpu time      : unlimited
2026-03-01 13:45:33.415645 (134978) main____ INFO      processes     : 4096
2026-03-01 13:45:33.415665 (134978) main____ INFO      stack size    : 8388608 B
2026-03-01 13:45:33.415705 (134978) main____ INFO      core file size: 0 B
2026-03-01 13:45:33.415719 (134978) main____ INFO      open files    : 4096
2026-03-01 13:45:33.415731 (134978) main____ INFO      file size     : unlimited
2026-03-01 13:45:33.415741 (134978) main____ INFO    ----------------------------------------
2026-03-01 13:45:33.415751 (134978) main____ INFO    Memory statistics:
2026-03-01 13:45:33.415763 (134978) main____ INFO      total physical memory  : 98449088 kB
2026-03-01 13:45:33.415775 (134978) main____ INFO      free physical memory   : 84981368 kB
2026-03-01 13:45:33.415787 (134978) main____ INFO      committed address space: 8781724 kB
2026-03-01 13:45:33.415796 (134978) main____ INFO    ----------------------------------------
2026-03-01 13:45:33.416978 (134978) main____ INFO    Important environment variables:
2026-03-01 13:45:33.417003 (134978) main____ INFO      CDS_LIC_FILE       : '5280@cadlic0'
2026-03-01 13:45:33.417017 (134978) main____ INFO      DISPLAY            : 'localhost:12.0'
2026-03-01 13:45:33.417030 (134978) main____ INFO      JASPER_INSTALL_DIR : '/cad/cadence/jasper_2023.12p001'
2026-03-01 13:45:33.417042 (134978) main____ INFO      JASPER_KERNEL_CHECK: '1'
2026-03-01 13:45:33.417054 (134978) main____ INFO      JASPER_OS_CHECK    : '0'
2026-03-01 13:45:33.417066 (134978) main____ INFO      LANG               : 'zh_TW.UTF-8'
2026-03-01 13:45:33.417077 (134978) main____ INFO    ----------------------------------------
2026-03-01 13:45:33.418225 (134978) lic_core INFO    Initializing license system ...
2026-03-01 13:45:33.426388 (134978) lic_core INFO    ... license system initialized.
2026-03-01 13:45:33.438360 (134978) lic__man INFO    Claim 'main' for <ui>.
2026-03-01 13:45:33.438436 (134978) lic_core INFO    (1) checking out 'jasper_interactive' ...
2026-03-01 13:45:33.451169 (134978) lic_core INFO    ... (1) checkout succeeded
2026-03-01 13:45:33.451274 (134978) lic__man INFO    Claim 'fpv' for <ui>.
2026-03-01 13:45:33.451305 (134978) lic_core INFO    (2) checking out 'jasper_fpv' ...
2026-03-01 13:45:33.455488 (134978) lic_core INFO    ... (2) checkout failed (error: -5) ("FLEXnet ERROR(-5, 0, 0): No such feature exists.")
2026-03-01 13:45:33.455543 (134978) lic_core INFO    (3) checking out 'jasper_fao' ...
2026-03-01 13:45:33.466914 (134978) lic_core INFO    ... (3) checkout succeeded
2026-03-01 13:45:33.470450 (134978) main____ INFO    Tool inactivity delay is 480000 ms.
2026-03-01 13:45:33.480902 (135003) stdio___ INFO    Starting STDIN reader (tty: yes, tty name: '/dev/pts/0')
2026-03-01 13:45:33.513721 (134978) session_ INFO    Starting analysis session with session id 'session_0' (launcher: <local>) ...
2026-03-01 13:45:33.515654 (134978) session_ INFO    Analysis session with session id 'session_0' started (pid: 135004)
2026-03-01 13:45:34.757093 (134978) session_ INFO    Analysis session 'session_0' connected to the console (host: 127.0.0.1:41512)
2026-03-01 13:45:39.068434 (134978) lic__man INFO    Unclaim everything for 'session_0'.
2026-03-01 13:45:39.359432 (134978) lic__man INFO    Claim 'fpv' for 'session_0'.
2026-03-01 13:45:39.359482 (134978) lic__man INFO    Claim 'fpv' for 'session_0/prove-0'.
2026-03-01 13:47:42.337025 (134978) lic__man INFO    Unclaim everything for 'session_0/prove-0'.
2026-03-01 13:47:42.435905 (134978) main____ INFO    About to exit: request to exit with status 0 received from analysis session 'session_0'
2026-03-01 13:47:42.907367 (134978) session_ INFO    Analysis session 'session_0' disconnected.
2026-03-01 13:47:42.907543 (134978) lic__man INFO    Unclaim everything for 'session_0'.
2026-03-01 13:47:42.927901 (134978) session_ INFO    Process for analysis session 'session_0' has exited with exit status '0'.
2026-03-01 13:47:44.393378 (135003) stdio___ INFO    STDIN reader requested to stop.
2026-03-01 13:47:44.393436 (135003) stdio___ INFO    STDIN reader stopped.
2026-03-01 13:47:44.393770 (134978) lic_core INFO    (1) checkin jasper_interactive
2026-03-01 13:47:44.405580 (134978) lic_core INFO    (3) checkin jasper_fao
2026-03-01 13:47:44.428948 (134978) main____ INFO    Exiting with status 0.
