2026-02-26 00:43:48.734492 (3561000) main____ INFO    ----------------------------------------
2026-02-26 00:43:48.734556 (3561000) main____ INFO    Jasper version info
2026-02-26 00:43:48.734570 (3561000) main____ INFO      tool      : Jasper 2023.12
2026-02-26 00:43:48.734585 (3561000) main____ INFO      version   : 2023.12p001 64 bits
2026-02-26 00:43:48.734597 (3561000) main____ INFO      build date: 2024.01.23 16:09:24 UTC
2026-02-26 00:43:48.734607 (3561000) main____ INFO    ----------------------------------------
2026-02-26 00:43:48.734616 (3561000) main____ INFO    Runtime info:
2026-02-26 00:43:48.734626 (3561000) main____ INFO      platform  : Linux 4.18.0-553.89.1.el8_10.x86_64 x86_64
2026-02-26 00:43:48.734654 (3561000) main____ INFO      hostname  : caddy15.stanford.edu
2026-02-26 00:43:48.734669 (3561000) main____ INFO      pid       : 3561000
2026-02-26 00:43:48.734680 (3561000) main____ INFO      arguments : '-style' 'windows' '-allow_unsupported_OS' '-no_gui' '-fpv' './synthlc/i_ADDI_out/xCoverAPerflocDiv/3_.tcl' '-proj' './synthlc/i_ADDI_out/xCoverAPerflocDiv/3_jgsession_26-02-26-00_43_48'
2026-02-26 00:43:48.734695 (3561000) main____ INFO      locale    : UTF-8
2026-02-26 00:43:48.734707 (3561000) main____ INFO    ----------------------------------------
2026-02-26 00:43:48.734715 (3561000) main____ INFO    System resource limits info:
2026-02-26 00:43:48.734729 (3561000) main____ INFO      virtual memory: unlimited
2026-02-26 00:43:48.734743 (3561000) main____ INFO      cpu time      : unlimited
2026-02-26 00:43:48.734760 (3561000) main____ INFO      processes     : 4096
2026-02-26 00:43:48.734778 (3561000) main____ INFO      stack size    : 8388608 B
2026-02-26 00:43:48.734792 (3561000) main____ INFO      core file size: 0 B
2026-02-26 00:43:48.734805 (3561000) main____ INFO      open files    : 4096
2026-02-26 00:43:48.734816 (3561000) main____ INFO      file size     : unlimited
2026-02-26 00:43:48.734826 (3561000) main____ INFO    ----------------------------------------
2026-02-26 00:43:48.734835 (3561000) main____ INFO    Memory statistics:
2026-02-26 00:43:48.734846 (3561000) main____ INFO      total physical memory  : 98449092 kB
2026-02-26 00:43:48.734857 (3561000) main____ INFO      free physical memory   : 81090992 kB
2026-02-26 00:43:48.734868 (3561000) main____ INFO      committed address space: 1272808 kB
2026-02-26 00:43:48.734877 (3561000) main____ INFO    ----------------------------------------
2026-02-26 00:43:48.736012 (3561000) main____ INFO    Important environment variables:
2026-02-26 00:43:48.736036 (3561000) main____ INFO      CDS_LIC_FILE       : '5280@cadlic0'
2026-02-26 00:43:48.736049 (3561000) main____ INFO      JASPER_INSTALL_DIR : '/cad/cadence/jasper_2023.12p001'
2026-02-26 00:43:48.736061 (3561000) main____ INFO      JASPER_KERNEL_CHECK: '1'
2026-02-26 00:43:48.736073 (3561000) main____ INFO      JASPER_OS_CHECK    : '0'
2026-02-26 00:43:48.736084 (3561000) main____ INFO      LANG               : 'en_US.UTF-8'
2026-02-26 00:43:48.736094 (3561000) main____ INFO    ----------------------------------------
2026-02-26 00:43:48.737383 (3561000) lic_core INFO    Initializing license system ...
2026-02-26 00:43:48.739003 (3561000) lic_core INFO    ... license system initialized.
2026-02-26 00:43:48.750405 (3561000) lic__man INFO    Claim 'main' for <ui>.
2026-02-26 00:43:48.750447 (3561000) lic_core INFO    (1) checking out 'jasper_interactive' ...
2026-02-26 00:43:48.763645 (3561000) lic_core INFO    ... (1) checkout succeeded
2026-02-26 00:43:48.763707 (3561000) lic__man INFO    Claim 'fpv' for <ui>.
2026-02-26 00:43:48.763727 (3561000) lic_core INFO    (2) checking out 'jasper_fpv' ...
2026-02-26 00:43:48.768420 (3561000) lic_core INFO    ... (2) checkout failed (error: -5) ("FLEXnet ERROR(-5, 0, 0): No such feature exists.")
2026-02-26 00:43:48.768451 (3561000) lic_core INFO    (3) checking out 'jasper_fao' ...
2026-02-26 00:43:48.779945 (3561000) lic_core INFO    ... (3) checkout succeeded
2026-02-26 00:43:48.782154 (3561011) stdio___ INFO    Starting STDIN reader (tty: yes, tty name: '/dev/pts/0')
2026-02-26 00:43:48.782276 (3561000) main____ INFO    Tool inactivity delay is 480000 ms.
2026-02-26 00:43:48.824277 (3561000) session_ INFO    Starting analysis session with session id 'session_0' (launcher: <local>) ...
2026-02-26 00:43:48.826238 (3561000) session_ INFO    Analysis session with session id 'session_0' started (pid: 3561012)
2026-02-26 00:43:49.919989 (3561000) session_ INFO    Analysis session 'session_0' connected to the console (host: 127.0.0.1:40668)
2026-02-26 00:43:52.934745 (3561000) lic__man INFO    Unclaim everything for 'session_0'.
2026-02-26 00:43:54.052286 (3561000) lic__man INFO    Unclaim everything for 'session_0/prove-0'.
2026-02-26 00:43:54.097544 (3561000) main____ INFO    About to exit: request to exit with status 0 received from analysis session 'session_0'
2026-02-26 00:43:54.250718 (3561000) session_ INFO    Analysis session 'session_0' disconnected.
2026-02-26 00:43:54.250943 (3561000) lic__man INFO    Unclaim everything for 'session_0'.
2026-02-26 00:43:54.251136 (3561000) session_ INFO    Process for analysis session 'session_0' has exited with exit status '0'.
2026-02-26 00:43:56.005264 (3561011) stdio___ INFO    STDIN reader requested to stop.
2026-02-26 00:43:56.005368 (3561011) stdio___ INFO    STDIN reader stopped.
2026-02-26 00:43:56.005701 (3561000) lic_core INFO    (1) checkin jasper_interactive
2026-02-26 00:43:56.006837 (3561000) lic_core INFO    (3) checkin jasper_fao
2026-02-26 00:43:56.007848 (3561000) main____ INFO    Exiting with status 0.
