2026-02-28 21:54:07.855257 (3715937) main____ INFO    ----------------------------------------
2026-02-28 21:54:07.855353 (3715937) main____ INFO    Jasper version info
2026-02-28 21:54:07.855372 (3715937) main____ INFO      tool      : Jasper 2023.12
2026-02-28 21:54:07.855388 (3715937) main____ INFO      version   : 2023.12p001 64 bits
2026-02-28 21:54:07.855402 (3715937) main____ INFO      build date: 2024.01.23 16:09:24 UTC
2026-02-28 21:54:07.855412 (3715937) main____ INFO    ----------------------------------------
2026-02-28 21:54:07.855422 (3715937) main____ INFO    Runtime info:
2026-02-28 21:54:07.855433 (3715937) main____ INFO      platform  : Linux 4.18.0-553.89.1.el8_10.x86_64 x86_64
2026-02-28 21:54:07.855453 (3715937) main____ INFO      hostname  : caddy12.stanford.edu
2026-02-28 21:54:07.855469 (3715937) main____ INFO      pid       : 3715937
2026-02-28 21:54:07.855480 (3715937) main____ INFO      arguments : '-style' 'windows' '-allow_unsupported_OS' '-no_gui' '-fpv' './synthlc/i_ADDI_out/xPairwiseDepDiv/nunv_anytwo_95_.tcl' '-proj' './synthlc/i_ADDI_out/xPairwiseDepDiv/nunv_anytwo_95_jgsession_26-02-28-21_54_07'
2026-02-28 21:54:07.855498 (3715937) main____ INFO      locale    : UTF-8
2026-02-28 21:54:07.855509 (3715937) main____ INFO    ----------------------------------------
2026-02-28 21:54:07.855518 (3715937) main____ INFO    System resource limits info:
2026-02-28 21:54:07.855531 (3715937) main____ INFO      virtual memory: unlimited
2026-02-28 21:54:07.855544 (3715937) main____ INFO      cpu time      : unlimited
2026-02-28 21:54:07.855562 (3715937) main____ INFO      processes     : 4096
2026-02-28 21:54:07.855582 (3715937) main____ INFO      stack size    : 8388608 B
2026-02-28 21:54:07.855597 (3715937) main____ INFO      core file size: 0 B
2026-02-28 21:54:07.855611 (3715937) main____ INFO      open files    : 4096
2026-02-28 21:54:07.855623 (3715937) main____ INFO      file size     : unlimited
2026-02-28 21:54:07.855634 (3715937) main____ INFO    ----------------------------------------
2026-02-28 21:54:07.855643 (3715937) main____ INFO    Memory statistics:
2026-02-28 21:54:07.855656 (3715937) main____ INFO      total physical memory  : 98449088 kB
2026-02-28 21:54:07.855683 (3715937) main____ INFO      free physical memory   : 87929308 kB
2026-02-28 21:54:07.855695 (3715937) main____ INFO      committed address space: 6561244 kB
2026-02-28 21:54:07.855705 (3715937) main____ INFO    ----------------------------------------
2026-02-28 21:54:07.856894 (3715937) main____ INFO    Important environment variables:
2026-02-28 21:54:07.856923 (3715937) main____ INFO      CDS_LIC_FILE       : '5280@cadlic0'
2026-02-28 21:54:07.856937 (3715937) main____ INFO      DISPLAY            : 'localhost:12.0'
2026-02-28 21:54:07.856949 (3715937) main____ INFO      JASPER_INSTALL_DIR : '/cad/cadence/jasper_2023.12p001'
2026-02-28 21:54:07.856971 (3715937) main____ INFO      JASPER_KERNEL_CHECK: '1'
2026-02-28 21:54:07.856984 (3715937) main____ INFO      JASPER_OS_CHECK    : '0'
2026-02-28 21:54:07.856996 (3715937) main____ INFO      LANG               : 'zh_TW.UTF-8'
2026-02-28 21:54:07.857006 (3715937) main____ INFO    ----------------------------------------
2026-02-28 21:54:07.858858 (3715937) lic_core INFO    Initializing license system ...
2026-02-28 21:54:07.863873 (3715937) lic_core INFO    ... license system initialized.
2026-02-28 21:54:07.875076 (3715937) lic__man INFO    Claim 'main' for <ui>.
2026-02-28 21:54:07.875146 (3715937) lic_core INFO    (1) checking out 'jasper_interactive' ...
2026-02-28 21:54:07.887761 (3715937) lic_core INFO    ... (1) checkout succeeded
2026-02-28 21:54:07.887859 (3715937) lic__man INFO    Claim 'fpv' for <ui>.
2026-02-28 21:54:07.887887 (3715937) lic_core INFO    (2) checking out 'jasper_fpv' ...
2026-02-28 21:54:07.891790 (3715937) lic_core INFO    ... (2) checkout failed (error: -5) ("FLEXnet ERROR(-5, 0, 0): No such feature exists.")
2026-02-28 21:54:07.893765 (3715937) lic_core INFO    (3) checking out 'jasper_fao' ...
2026-02-28 21:54:07.905010 (3715937) lic_core INFO    ... (3) checkout succeeded
2026-02-28 21:54:07.910578 (3715937) main____ INFO    Tool inactivity delay is 480000 ms.
2026-02-28 21:54:07.910947 (3715953) stdio___ INFO    Starting STDIN reader (tty: yes, tty name: '/dev/pts/0')
2026-02-28 21:54:08.000641 (3715937) session_ INFO    Starting analysis session with session id 'session_0' (launcher: <local>) ...
2026-02-28 21:54:08.002537 (3715937) session_ INFO    Analysis session with session id 'session_0' started (pid: 3715954)
2026-02-28 21:54:09.640121 (3715937) session_ INFO    Analysis session 'session_0' connected to the console (host: 127.0.0.1:45864)
2026-02-28 21:54:14.787405 (3715937) lic__man INFO    Unclaim everything for 'session_0'.
2026-02-28 21:54:15.039756 (3715937) lic__man INFO    Claim 'fpv' for 'session_0'.
2026-02-28 21:54:15.039808 (3715937) lic__man INFO    Claim 'fpv' for 'session_0/prove-0'.
2026-02-28 21:54:17.189625 (3715937) lic__man INFO    Unclaim everything for 'session_0/prove-0'.
2026-02-28 21:54:17.227177 (3715937) main____ INFO    About to exit: request to exit with status 0 received from analysis session 'session_0'
2026-02-28 21:54:17.546733 (3715937) session_ INFO    Analysis session 'session_0' disconnected.
2026-02-28 21:54:17.546891 (3715937) lic__man INFO    Unclaim everything for 'session_0'.
2026-02-28 21:54:17.564999 (3715937) session_ INFO    Process for analysis session 'session_0' has exited with exit status '0'.
2026-02-28 21:54:19.334739 (3715953) stdio___ INFO    STDIN reader requested to stop.
2026-02-28 21:54:19.334806 (3715953) stdio___ INFO    STDIN reader stopped.
2026-02-28 21:54:19.344940 (3715937) lic_core INFO    (1) checkin jasper_interactive
2026-02-28 21:54:19.369719 (3715937) lic_core INFO    (3) checkin jasper_fao
2026-02-28 21:54:19.374563 (3715937) main____ INFO    Exiting with status 0.
