2026-02-28 19:28:23.241630 (923401) main____ INFO    ----------------------------------------
2026-02-28 19:28:23.241691 (923401) main____ INFO    Jasper version info
2026-02-28 19:28:23.241705 (923401) main____ INFO      tool      : Jasper 2023.12
2026-02-28 19:28:23.241719 (923401) main____ INFO      version   : 2023.12p001 64 bits
2026-02-28 19:28:23.241731 (923401) main____ INFO      build date: 2024.01.23 16:09:24 UTC
2026-02-28 19:28:23.241741 (923401) main____ INFO    ----------------------------------------
2026-02-28 19:28:23.241750 (923401) main____ INFO    Runtime info:
2026-02-28 19:28:23.241761 (923401) main____ INFO      platform  : Linux 4.18.0-553.89.1.el8_10.x86_64 x86_64
2026-02-28 19:28:23.241776 (923401) main____ INFO      hostname  : caddy15.stanford.edu
2026-02-28 19:28:23.241791 (923401) main____ INFO      pid       : 923401
2026-02-28 19:28:23.241801 (923401) main____ INFO      arguments : '-style' 'windows' '-allow_unsupported_OS' '-no_gui' '-fpv' './synthlc/i_ADDI_out/xPairwiseDepDiv/nunv_anytwo_11_.tcl' '-proj' './synthlc/i_ADDI_out/xPairwiseDepDiv/nunv_anytwo_11_jgsession_26-02-28-19_28_23'
2026-02-28 19:28:23.241816 (923401) main____ INFO      locale    : UTF-8
2026-02-28 19:28:23.241826 (923401) main____ INFO    ----------------------------------------
2026-02-28 19:28:23.241835 (923401) main____ INFO    System resource limits info:
2026-02-28 19:28:23.241847 (923401) main____ INFO      virtual memory: unlimited
2026-02-28 19:28:23.241859 (923401) main____ INFO      cpu time      : unlimited
2026-02-28 19:28:23.241875 (923401) main____ INFO      processes     : 4096
2026-02-28 19:28:23.241892 (923401) main____ INFO      stack size    : 8388608 B
2026-02-28 19:28:23.241906 (923401) main____ INFO      core file size: 0 B
2026-02-28 19:28:23.241919 (923401) main____ INFO      open files    : 4096
2026-02-28 19:28:23.241930 (923401) main____ INFO      file size     : unlimited
2026-02-28 19:28:23.241940 (923401) main____ INFO    ----------------------------------------
2026-02-28 19:28:23.241949 (923401) main____ INFO    Memory statistics:
2026-02-28 19:28:23.241960 (923401) main____ INFO      total physical memory  : 98449092 kB
2026-02-28 19:28:23.241971 (923401) main____ INFO      free physical memory   : 79720112 kB
2026-02-28 19:28:23.241982 (923401) main____ INFO      committed address space: 1958884 kB
2026-02-28 19:28:23.241991 (923401) main____ INFO    ----------------------------------------
2026-02-28 19:28:23.243117 (923401) main____ INFO    Important environment variables:
2026-02-28 19:28:23.243139 (923401) main____ INFO      CDS_LIC_FILE       : '5280@cadlic0'
2026-02-28 19:28:23.243151 (923401) main____ INFO      JASPER_INSTALL_DIR : '/cad/cadence/jasper_2023.12p001'
2026-02-28 19:28:23.243163 (923401) main____ INFO      JASPER_KERNEL_CHECK: '1'
2026-02-28 19:28:23.243174 (923401) main____ INFO      JASPER_OS_CHECK    : '0'
2026-02-28 19:28:23.243186 (923401) main____ INFO      LANG               : 'en_US.UTF-8'
2026-02-28 19:28:23.243196 (923401) main____ INFO    ----------------------------------------
2026-02-28 19:28:23.244247 (923401) lic_core INFO    Initializing license system ...
2026-02-28 19:28:23.246060 (923401) lic_core INFO    ... license system initialized.
2026-02-28 19:28:23.256496 (923401) lic__man INFO    Claim 'main' for <ui>.
2026-02-28 19:28:23.256531 (923401) lic_core INFO    (1) checking out 'jasper_interactive' ...
2026-02-28 19:28:23.268322 (923401) lic_core INFO    ... (1) checkout succeeded
2026-02-28 19:28:23.268374 (923401) lic__man INFO    Claim 'fpv' for <ui>.
2026-02-28 19:28:23.268394 (923401) lic_core INFO    (2) checking out 'jasper_fpv' ...
2026-02-28 19:28:23.272417 (923401) lic_core INFO    ... (2) checkout failed (error: -5) ("FLEXnet ERROR(-5, 0, 0): No such feature exists.")
2026-02-28 19:28:23.272446 (923401) lic_core INFO    (3) checking out 'jasper_fao' ...
2026-02-28 19:28:23.283335 (923401) lic_core INFO    ... (3) checkout succeeded
2026-02-28 19:28:23.284287 (923415) stdio___ INFO    Starting STDIN reader (tty: yes, tty name: '/dev/pts/0')
2026-02-28 19:28:23.284369 (923401) main____ INFO    Tool inactivity delay is 480000 ms.
2026-02-28 19:28:23.325292 (923401) session_ INFO    Starting analysis session with session id 'session_0' (launcher: <local>) ...
2026-02-28 19:28:23.327088 (923401) session_ INFO    Analysis session with session id 'session_0' started (pid: 923421)
2026-02-28 19:28:24.424083 (923401) session_ INFO    Analysis session 'session_0' connected to the console (host: 127.0.0.1:36006)
2026-02-28 19:28:27.387956 (923401) lic__man INFO    Unclaim everything for 'session_0'.
2026-02-28 19:28:27.589472 (923401) lic__man INFO    Claim 'fpv' for 'session_0'.
2026-02-28 19:28:27.589506 (923401) lic__man INFO    Claim 'fpv' for 'session_0/prove-0'.
2026-02-28 19:28:28.617980 (923401) lic__man INFO    Unclaim everything for 'session_0/prove-0'.
2026-02-28 19:28:28.662472 (923401) main____ INFO    About to exit: request to exit with status 0 received from analysis session 'session_0'
2026-02-28 19:28:28.993937 (923401) session_ INFO    Analysis session 'session_0' disconnected.
2026-02-28 19:28:28.994081 (923401) lic__man INFO    Unclaim everything for 'session_0'.
2026-02-28 19:28:28.994391 (923401) session_ INFO    Process for analysis session 'session_0' has exited with exit status '0'.
2026-02-28 19:28:30.769445 (923415) stdio___ INFO    STDIN reader requested to stop.
2026-02-28 19:28:30.769481 (923415) stdio___ INFO    STDIN reader stopped.
2026-02-28 19:28:30.769711 (923401) lic_core INFO    (1) checkin jasper_interactive
2026-02-28 19:28:30.770875 (923401) lic_core INFO    (3) checkin jasper_fao
2026-02-28 19:28:30.771792 (923401) main____ INFO    Exiting with status 0.
