2026-03-02 14:08:32.757335 (705621) main____ INFO    ----------------------------------------
2026-03-02 14:08:32.757405 (705621) main____ INFO    Jasper version info
2026-03-02 14:08:32.757420 (705621) main____ INFO      tool      : Jasper 2023.12
2026-03-02 14:08:32.757434 (705621) main____ INFO      version   : 2023.12p001 64 bits
2026-03-02 14:08:32.757448 (705621) main____ INFO      build date: 2024.01.23 16:09:24 UTC
2026-03-02 14:08:32.757458 (705621) main____ INFO    ----------------------------------------
2026-03-02 14:08:32.757468 (705621) main____ INFO    Runtime info:
2026-03-02 14:08:32.757480 (705621) main____ INFO      platform  : Linux 4.18.0-553.89.1.el8_10.x86_64 x86_64
2026-03-02 14:08:32.757496 (705621) main____ INFO      hostname  : caddy12.stanford.edu
2026-03-02 14:08:32.757512 (705621) main____ INFO      pid       : 705621
2026-03-02 14:08:32.757523 (705621) main____ INFO      arguments : '-style' 'windows' '-allow_unsupported_OS' '-no_gui' '-fpv' './synthlc/i_DIV_out/xHBPerfG_dfg_v3_div/HB_396_.tcl' '-proj' './synthlc/i_DIV_out/xHBPerfG_dfg_v3_div/HB_396_jgsession_26-03-02-14_08_32'
2026-03-02 14:08:32.757540 (705621) main____ INFO      locale    : UTF-8
2026-03-02 14:08:32.757551 (705621) main____ INFO    ----------------------------------------
2026-03-02 14:08:32.757561 (705621) main____ INFO    System resource limits info:
2026-03-02 14:08:32.757574 (705621) main____ INFO      virtual memory: unlimited
2026-03-02 14:08:32.757587 (705621) main____ INFO      cpu time      : unlimited
2026-03-02 14:08:32.757604 (705621) main____ INFO      processes     : 4096
2026-03-02 14:08:32.757623 (705621) main____ INFO      stack size    : 8388608 B
2026-03-02 14:08:32.757637 (705621) main____ INFO      core file size: 0 B
2026-03-02 14:08:32.757650 (705621) main____ INFO      open files    : 4096
2026-03-02 14:08:32.757676 (705621) main____ INFO      file size     : unlimited
2026-03-02 14:08:32.757687 (705621) main____ INFO    ----------------------------------------
2026-03-02 14:08:32.757696 (705621) main____ INFO    Memory statistics:
2026-03-02 14:08:32.757709 (705621) main____ INFO      total physical memory  : 98449088 kB
2026-03-02 14:08:32.757721 (705621) main____ INFO      free physical memory   : 84419616 kB
2026-03-02 14:08:32.757733 (705621) main____ INFO      committed address space: 6645304 kB
2026-03-02 14:08:32.757743 (705621) main____ INFO    ----------------------------------------
2026-03-02 14:08:32.758898 (705621) main____ INFO    Important environment variables:
2026-03-02 14:08:32.758924 (705621) main____ INFO      CDS_LIC_FILE       : '5280@cadlic0'
2026-03-02 14:08:32.758938 (705621) main____ INFO      DISPLAY            : 'localhost:12.0'
2026-03-02 14:08:32.758950 (705621) main____ INFO      JASPER_INSTALL_DIR : '/cad/cadence/jasper_2023.12p001'
2026-03-02 14:08:32.758963 (705621) main____ INFO      JASPER_KERNEL_CHECK: '1'
2026-03-02 14:08:32.758975 (705621) main____ INFO      JASPER_OS_CHECK    : '0'
2026-03-02 14:08:32.758987 (705621) main____ INFO      LANG               : 'zh_TW.UTF-8'
2026-03-02 14:08:32.758997 (705621) main____ INFO    ----------------------------------------
2026-03-02 14:08:32.760099 (705621) lic_core INFO    Initializing license system ...
2026-03-02 14:08:32.761489 (705621) lic_core INFO    ... license system initialized.
2026-03-02 14:08:32.795789 (705621) lic__man INFO    Claim 'main' for <ui>.
2026-03-02 14:08:32.795841 (705621) lic_core INFO    (1) checking out 'jasper_interactive' ...
2026-03-02 14:08:32.807850 (705621) lic_core INFO    ... (1) checkout succeeded
2026-03-02 14:08:32.807910 (705621) lic__man INFO    Claim 'fpv' for <ui>.
2026-03-02 14:08:32.807931 (705621) lic_core INFO    (2) checking out 'jasper_fpv' ...
2026-03-02 14:08:32.811579 (705621) lic_core INFO    ... (2) checkout failed (error: -5) ("FLEXnet ERROR(-5, 0, 0): No such feature exists.")
2026-03-02 14:08:32.811611 (705621) lic_core INFO    (3) checking out 'jasper_fao' ...
2026-03-02 14:08:32.822069 (705621) lic_core INFO    ... (3) checkout succeeded
2026-03-02 14:08:32.822928 (705657) stdio___ INFO    Starting STDIN reader (tty: yes, tty name: '/dev/pts/0')
2026-03-02 14:08:32.824078 (705621) main____ INFO    Tool inactivity delay is 480000 ms.
2026-03-02 14:08:32.906195 (705621) session_ INFO    Starting analysis session with session id 'session_0' (launcher: <local>) ...
2026-03-02 14:08:32.908090 (705621) session_ INFO    Analysis session with session id 'session_0' started (pid: 705660)
2026-03-02 14:08:33.983722 (705621) session_ INFO    Analysis session 'session_0' connected to the console (host: 127.0.0.1:50238)
2026-03-02 14:08:37.053258 (705621) lic__man INFO    Unclaim everything for 'session_0'.
2026-03-02 14:08:37.265825 (705621) lic__man INFO    Claim 'fpv' for 'session_0'.
2026-03-02 14:08:37.265865 (705621) lic__man INFO    Claim 'fpv' for 'session_0/prove-0'.
2026-03-02 14:08:39.319996 (705621) lic__man INFO    Unclaim everything for 'session_0/prove-0'.
2026-03-02 14:08:39.364967 (705621) main____ INFO    About to exit: request to exit with status 0 received from analysis session 'session_0'
2026-03-02 14:08:39.799185 (705621) session_ INFO    Analysis session 'session_0' disconnected.
2026-03-02 14:08:39.799390 (705621) lic__man INFO    Unclaim everything for 'session_0'.
2026-03-02 14:08:39.799597 (705621) session_ INFO    Process for analysis session 'session_0' has exited with exit status '0'.
2026-03-02 14:08:41.392247 (705657) stdio___ INFO    STDIN reader requested to stop.
2026-03-02 14:08:41.392298 (705657) stdio___ INFO    STDIN reader stopped.
2026-03-02 14:08:41.392530 (705621) lic_core INFO    (1) checkin jasper_interactive
2026-03-02 14:08:41.394955 (705621) lic_core INFO    (3) checkin jasper_fao
2026-03-02 14:08:41.413233 (705621) main____ INFO    Exiting with status 0.
