2026-02-26 01:46:32.341975 (3624261) main____ INFO    ----------------------------------------
2026-02-26 01:46:32.342072 (3624261) main____ INFO    Jasper version info
2026-02-26 01:46:32.342087 (3624261) main____ INFO      tool      : Jasper 2023.12
2026-02-26 01:46:32.342103 (3624261) main____ INFO      version   : 2023.12p001 64 bits
2026-02-26 01:46:32.342116 (3624261) main____ INFO      build date: 2024.01.23 16:09:24 UTC
2026-02-26 01:46:32.342125 (3624261) main____ INFO    ----------------------------------------
2026-02-26 01:46:32.342135 (3624261) main____ INFO    Runtime info:
2026-02-26 01:46:32.342145 (3624261) main____ INFO      platform  : Linux 4.18.0-553.89.1.el8_10.x86_64 x86_64
2026-02-26 01:46:32.342164 (3624261) main____ INFO      hostname  : caddy15.stanford.edu
2026-02-26 01:46:32.342180 (3624261) main____ INFO      pid       : 3624261
2026-02-26 01:46:32.342191 (3624261) main____ INFO      arguments : '-style' 'windows' '-allow_unsupported_OS' '-no_gui' '-fpv' './synthlc/i_ADDI_out/xPairwiseDepDiv/nunv_anytwo_8_.tcl' '-proj' './synthlc/i_ADDI_out/xPairwiseDepDiv/nunv_anytwo_8_jgsession_26-02-26-01_46_31'
2026-02-26 01:46:32.342208 (3624261) main____ INFO      locale    : UTF-8
2026-02-26 01:46:32.342218 (3624261) main____ INFO    ----------------------------------------
2026-02-26 01:46:32.342227 (3624261) main____ INFO    System resource limits info:
2026-02-26 01:46:32.342239 (3624261) main____ INFO      virtual memory: unlimited
2026-02-26 01:46:32.342251 (3624261) main____ INFO      cpu time      : unlimited
2026-02-26 01:46:32.342270 (3624261) main____ INFO      processes     : 4096
2026-02-26 01:46:32.342291 (3624261) main____ INFO      stack size    : 8388608 B
2026-02-26 01:46:32.342320 (3624261) main____ INFO      core file size: 0 B
2026-02-26 01:46:32.342333 (3624261) main____ INFO      open files    : 4096
2026-02-26 01:46:32.342345 (3624261) main____ INFO      file size     : unlimited
2026-02-26 01:46:32.342354 (3624261) main____ INFO    ----------------------------------------
2026-02-26 01:46:32.342363 (3624261) main____ INFO    Memory statistics:
2026-02-26 01:46:32.342375 (3624261) main____ INFO      total physical memory  : 98449092 kB
2026-02-26 01:46:32.342386 (3624261) main____ INFO      free physical memory   : 72337184 kB
2026-02-26 01:46:32.342397 (3624261) main____ INFO      committed address space: 12217164 kB
2026-02-26 01:46:32.342407 (3624261) main____ INFO    ----------------------------------------
2026-02-26 01:46:32.343576 (3624261) main____ INFO    Important environment variables:
2026-02-26 01:46:32.343601 (3624261) main____ INFO      CDS_LIC_FILE       : '5280@cadlic0'
2026-02-26 01:46:32.343621 (3624261) main____ INFO      JASPER_INSTALL_DIR : '/cad/cadence/jasper_2023.12p001'
2026-02-26 01:46:32.343634 (3624261) main____ INFO      JASPER_KERNEL_CHECK: '1'
2026-02-26 01:46:32.343645 (3624261) main____ INFO      JASPER_OS_CHECK    : '0'
2026-02-26 01:46:32.343657 (3624261) main____ INFO      LANG               : 'en_US.UTF-8'
2026-02-26 01:46:32.343667 (3624261) main____ INFO    ----------------------------------------
2026-02-26 01:46:32.345587 (3624261) lic_core INFO    Initializing license system ...
2026-02-26 01:46:32.402096 (3624261) lic_core INFO    ... license system initialized.
2026-02-26 01:46:32.536840 (3624261) lic__man INFO    Claim 'main' for <ui>.
2026-02-26 01:46:32.536939 (3624261) lic_core INFO    (1) checking out 'jasper_interactive' ...
2026-02-26 01:46:32.603842 (3624261) lic_core INFO    ... (1) checkout succeeded
2026-02-26 01:46:32.603962 (3624261) lic__man INFO    Claim 'fpv' for <ui>.
2026-02-26 01:46:32.603993 (3624261) lic_core INFO    (2) checking out 'jasper_fpv' ...
2026-02-26 01:46:32.680865 (3624261) lic_core INFO    ... (2) checkout failed (error: -5) ("FLEXnet ERROR(-5, 0, 0): No such feature exists.")
2026-02-26 01:46:32.680946 (3624261) lic_core INFO    (3) checking out 'jasper_fao' ...
2026-02-26 01:46:32.742723 (3624261) lic_core INFO    ... (3) checkout succeeded
2026-02-26 01:46:32.796223 (3624261) main____ INFO    Tool inactivity delay is 480000 ms.
2026-02-26 01:46:32.818592 (3624272) stdio___ INFO    Starting STDIN reader (tty: yes, tty name: '/dev/pts/0')
2026-02-26 01:46:33.180437 (3624261) session_ INFO    Starting analysis session with session id 'session_0' (launcher: <local>) ...
2026-02-26 01:46:33.182456 (3624261) session_ INFO    Analysis session with session id 'session_0' started (pid: 3624273)
2026-02-26 01:46:37.287026 (3624261) session_ INFO    Analysis session 'session_0' connected to the console (host: 127.0.0.1:45800)
2026-02-26 01:46:49.561536 (3624261) lic__man INFO    Unclaim everything for 'session_0'.
2026-02-26 01:46:50.271040 (3624261) lic__man INFO    Claim 'fpv' for 'session_0'.
2026-02-26 01:46:50.271092 (3624261) lic__man INFO    Claim 'fpv' for 'session_0/prove-0'.
2026-02-26 01:46:58.670708 (3624261) lic__man INFO    Unclaim everything for 'session_0/prove-0'.
2026-02-26 01:46:58.715618 (3624261) main____ INFO    About to exit: request to exit with status 0 received from analysis session 'session_0'
2026-02-26 01:46:59.026610 (3624261) session_ INFO    Analysis session 'session_0' disconnected.
2026-02-26 01:46:59.026770 (3624261) lic__man INFO    Unclaim everything for 'session_0'.
2026-02-26 01:46:59.037511 (3624261) session_ INFO    Process for analysis session 'session_0' has exited with exit status '0'.
2026-02-26 01:47:00.824722 (3624272) stdio___ INFO    STDIN reader requested to stop.
2026-02-26 01:47:00.824778 (3624272) stdio___ INFO    STDIN reader stopped.
2026-02-26 01:47:00.829659 (3624261) lic_core INFO    (1) checkin jasper_interactive
2026-02-26 01:47:00.840560 (3624261) lic_core INFO    (3) checkin jasper_fao
2026-02-26 01:47:00.872280 (3624261) main____ INFO    Exiting with status 0.
