2026-02-28 19:22:03.376927 (901264) main____ INFO    ----------------------------------------
2026-02-28 19:22:03.377020 (901264) main____ INFO    Jasper version info
2026-02-28 19:22:03.377036 (901264) main____ INFO      tool      : Jasper 2023.12
2026-02-28 19:22:03.377051 (901264) main____ INFO      version   : 2023.12p001 64 bits
2026-02-28 19:22:03.377064 (901264) main____ INFO      build date: 2024.01.23 16:09:24 UTC
2026-02-28 19:22:03.377074 (901264) main____ INFO    ----------------------------------------
2026-02-28 19:22:03.377083 (901264) main____ INFO    Runtime info:
2026-02-28 19:22:03.377093 (901264) main____ INFO      platform  : Linux 4.18.0-553.89.1.el8_10.x86_64 x86_64
2026-02-28 19:22:03.377122 (901264) main____ INFO      hostname  : caddy15.stanford.edu
2026-02-28 19:22:03.377137 (901264) main____ INFO      pid       : 901264
2026-02-28 19:22:03.377149 (901264) main____ INFO      arguments : '-style' 'windows' '-allow_unsupported_OS' '-no_gui' '-fpv' './synthlc/i_ADDI_out/xPairwiseDepDiv/nunv_anytwo_41_.tcl' '-proj' './synthlc/i_ADDI_out/xPairwiseDepDiv/nunv_anytwo_41_jgsession_26-02-28-19_22_02'
2026-02-28 19:22:03.377165 (901264) main____ INFO      locale    : UTF-8
2026-02-28 19:22:03.377175 (901264) main____ INFO    ----------------------------------------
2026-02-28 19:22:03.377184 (901264) main____ INFO    System resource limits info:
2026-02-28 19:22:03.377196 (901264) main____ INFO      virtual memory: unlimited
2026-02-28 19:22:03.377207 (901264) main____ INFO      cpu time      : unlimited
2026-02-28 19:22:03.377226 (901264) main____ INFO      processes     : 4096
2026-02-28 19:22:03.377247 (901264) main____ INFO      stack size    : 8388608 B
2026-02-28 19:22:03.377261 (901264) main____ INFO      core file size: 0 B
2026-02-28 19:22:03.377274 (901264) main____ INFO      open files    : 4096
2026-02-28 19:22:03.377286 (901264) main____ INFO      file size     : unlimited
2026-02-28 19:22:03.377295 (901264) main____ INFO    ----------------------------------------
2026-02-28 19:22:03.377367 (901264) main____ INFO    Memory statistics:
2026-02-28 19:22:03.377379 (901264) main____ INFO      total physical memory  : 98449092 kB
2026-02-28 19:22:03.377390 (901264) main____ INFO      free physical memory   : 77610428 kB
2026-02-28 19:22:03.377401 (901264) main____ INFO      committed address space: 4944904 kB
2026-02-28 19:22:03.377410 (901264) main____ INFO    ----------------------------------------
2026-02-28 19:22:03.378596 (901264) main____ INFO    Important environment variables:
2026-02-28 19:22:03.378625 (901264) main____ INFO      CDS_LIC_FILE       : '5280@cadlic0'
2026-02-28 19:22:03.378638 (901264) main____ INFO      JASPER_INSTALL_DIR : '/cad/cadence/jasper_2023.12p001'
2026-02-28 19:22:03.378650 (901264) main____ INFO      JASPER_KERNEL_CHECK: '1'
2026-02-28 19:22:03.378662 (901264) main____ INFO      JASPER_OS_CHECK    : '0'
2026-02-28 19:22:03.378673 (901264) main____ INFO      LANG               : 'en_US.UTF-8'
2026-02-28 19:22:03.378683 (901264) main____ INFO    ----------------------------------------
2026-02-28 19:22:03.390971 (901264) lic_core INFO    Initializing license system ...
2026-02-28 19:22:03.413610 (901264) lic_core INFO    ... license system initialized.
2026-02-28 19:22:03.607618 (901264) lic__man INFO    Claim 'main' for <ui>.
2026-02-28 19:22:03.607686 (901264) lic_core INFO    (1) checking out 'jasper_interactive' ...
2026-02-28 19:22:03.692585 (901264) lic_core INFO    ... (1) checkout succeeded
2026-02-28 19:22:03.692691 (901264) lic__man INFO    Claim 'fpv' for <ui>.
2026-02-28 19:22:03.692721 (901264) lic_core INFO    (2) checking out 'jasper_fpv' ...
2026-02-28 19:22:03.751820 (901264) lic_core INFO    ... (2) checkout failed (error: -5) ("FLEXnet ERROR(-5, 0, 0): No such feature exists.")
2026-02-28 19:22:03.751887 (901264) lic_core INFO    (3) checking out 'jasper_fao' ...
2026-02-28 19:22:03.833580 (901264) lic_core INFO    ... (3) checkout succeeded
2026-02-28 19:22:03.846298 (901264) main____ INFO    Tool inactivity delay is 480000 ms.
2026-02-28 19:22:03.854541 (901275) stdio___ INFO    Starting STDIN reader (tty: yes, tty name: '/dev/pts/0')
2026-02-28 19:22:04.164429 (901264) session_ INFO    Starting analysis session with session id 'session_0' (launcher: <local>) ...
2026-02-28 19:22:04.166396 (901264) session_ INFO    Analysis session with session id 'session_0' started (pid: 901276)
2026-02-28 19:22:06.395901 (901264) session_ INFO    Analysis session 'session_0' connected to the console (host: 127.0.0.1:58094)
2026-02-28 19:22:09.835163 (901264) lic__man INFO    Unclaim everything for 'session_0'.
2026-02-28 19:22:10.038030 (901264) lic__man INFO    Claim 'fpv' for 'session_0'.
2026-02-28 19:22:10.038071 (901264) lic__man INFO    Claim 'fpv' for 'session_0/prove-0'.
2026-02-28 19:22:11.026279 (901264) lic__man INFO    Unclaim everything for 'session_0/prove-0'.
2026-02-28 19:22:11.067437 (901264) main____ INFO    About to exit: request to exit with status 0 received from analysis session 'session_0'
2026-02-28 19:22:11.217945 (901264) session_ INFO    Analysis session 'session_0' disconnected.
2026-02-28 19:22:11.218146 (901264) lic__man INFO    Unclaim everything for 'session_0'.
2026-02-28 19:22:11.218360 (901264) session_ INFO    Process for analysis session 'session_0' has exited with exit status '0'.
2026-02-28 19:22:12.974747 (901275) stdio___ INFO    STDIN reader requested to stop.
2026-02-28 19:22:12.974785 (901275) stdio___ INFO    STDIN reader stopped.
2026-02-28 19:22:12.975020 (901264) lic_core INFO    (1) checkin jasper_interactive
2026-02-28 19:22:12.976654 (901264) lic_core INFO    (3) checkin jasper_fao
2026-02-28 19:22:12.977637 (901264) main____ INFO    Exiting with status 0.
