2026-02-26 10:01:48.360858 (4008283) main____ INFO    ----------------------------------------
2026-02-26 10:01:48.360959 (4008283) main____ INFO    Jasper version info
2026-02-26 10:01:48.360974 (4008283) main____ INFO      tool      : Jasper 2023.12
2026-02-26 10:01:48.360990 (4008283) main____ INFO      version   : 2023.12p001 64 bits
2026-02-26 10:01:48.361003 (4008283) main____ INFO      build date: 2024.01.23 16:09:24 UTC
2026-02-26 10:01:48.361013 (4008283) main____ INFO    ----------------------------------------
2026-02-26 10:01:48.361022 (4008283) main____ INFO    Runtime info:
2026-02-26 10:01:48.361033 (4008283) main____ INFO      platform  : Linux 4.18.0-553.89.1.el8_10.x86_64 x86_64
2026-02-26 10:01:48.361052 (4008283) main____ INFO      hostname  : caddy15.stanford.edu
2026-02-26 10:01:48.361067 (4008283) main____ INFO      pid       : 4008283
2026-02-26 10:01:48.361078 (4008283) main____ INFO      arguments : '-style' 'windows' '-allow_unsupported_OS' '-no_gui' '-fpv' './synthlc/i_ADDI_out/xPerfLocCycleCount/over1cyc_2_div_fsm_s5_.tcl' '-proj' './synthlc/i_ADDI_out/xPerfLocCycleCount/over1cyc_2_div_fsm_s5_jgsession_26-02-26-10_01_46'
2026-02-26 10:01:48.361096 (4008283) main____ INFO      locale    : UTF-8
2026-02-26 10:01:48.361106 (4008283) main____ INFO    ----------------------------------------
2026-02-26 10:01:48.361115 (4008283) main____ INFO    System resource limits info:
2026-02-26 10:01:48.361127 (4008283) main____ INFO      virtual memory: unlimited
2026-02-26 10:01:48.361150 (4008283) main____ INFO      cpu time      : unlimited
2026-02-26 10:01:48.361169 (4008283) main____ INFO      processes     : 4096
2026-02-26 10:01:48.361190 (4008283) main____ INFO      stack size    : 8388608 B
2026-02-26 10:01:48.361204 (4008283) main____ INFO      core file size: 0 B
2026-02-26 10:01:48.361217 (4008283) main____ INFO      open files    : 4096
2026-02-26 10:01:48.361229 (4008283) main____ INFO      file size     : unlimited
2026-02-26 10:01:48.361239 (4008283) main____ INFO    ----------------------------------------
2026-02-26 10:01:48.361248 (4008283) main____ INFO    Memory statistics:
2026-02-26 10:01:48.361259 (4008283) main____ INFO      total physical memory  : 98449092 kB
2026-02-26 10:01:48.361270 (4008283) main____ INFO      free physical memory   : 72155012 kB
2026-02-26 10:01:48.361282 (4008283) main____ INFO      committed address space: 10859968 kB
2026-02-26 10:01:48.361291 (4008283) main____ INFO    ----------------------------------------
2026-02-26 10:01:48.362482 (4008283) main____ INFO    Important environment variables:
2026-02-26 10:01:48.362509 (4008283) main____ INFO      CDS_LIC_FILE       : '5280@cadlic0'
2026-02-26 10:01:48.362521 (4008283) main____ INFO      JASPER_INSTALL_DIR : '/cad/cadence/jasper_2023.12p001'
2026-02-26 10:01:48.362533 (4008283) main____ INFO      JASPER_KERNEL_CHECK: '1'
2026-02-26 10:01:48.362545 (4008283) main____ INFO      JASPER_OS_CHECK    : '0'
2026-02-26 10:01:48.362557 (4008283) main____ INFO      LANG               : 'en_US.UTF-8'
2026-02-26 10:01:48.362566 (4008283) main____ INFO    ----------------------------------------
2026-02-26 10:01:48.375479 (4008283) lic_core INFO    Initializing license system ...
2026-02-26 10:01:48.424182 (4008283) lic_core INFO    ... license system initialized.
2026-02-26 10:01:48.558627 (4008283) lic__man INFO    Claim 'main' for <ui>.
2026-02-26 10:01:48.558701 (4008283) lic_core INFO    (1) checking out 'jasper_interactive' ...
2026-02-26 10:01:48.637608 (4008283) lic_core INFO    ... (1) checkout succeeded
2026-02-26 10:01:48.637716 (4008283) lic__man INFO    Claim 'fpv' for <ui>.
2026-02-26 10:01:48.637745 (4008283) lic_core INFO    (2) checking out 'jasper_fpv' ...
2026-02-26 10:01:48.696801 (4008283) lic_core INFO    ... (2) checkout failed (error: -5) ("FLEXnet ERROR(-5, 0, 0): No such feature exists.")
2026-02-26 10:01:48.696864 (4008283) lic_core INFO    (3) checking out 'jasper_fao' ...
2026-02-26 10:01:48.772695 (4008283) lic_core INFO    ... (3) checkout succeeded
2026-02-26 10:01:48.820205 (4008283) main____ INFO    Tool inactivity delay is 480000 ms.
2026-02-26 10:01:48.828566 (4008294) stdio___ INFO    Starting STDIN reader (tty: yes, tty name: '/dev/pts/0')
2026-02-26 10:01:49.214451 (4008283) session_ INFO    Starting analysis session with session id 'session_0' (launcher: <local>) ...
2026-02-26 10:01:49.216501 (4008283) session_ INFO    Analysis session with session id 'session_0' started (pid: 4008295)
2026-02-26 10:01:51.279992 (4008283) session_ INFO    Analysis session 'session_0' connected to the console (host: 127.0.0.1:42432)
2026-02-26 10:02:02.817026 (4008283) lic__man INFO    Unclaim everything for 'session_0'.
2026-02-26 10:02:03.269817 (4008283) lic__man INFO    Claim 'fpv' for 'session_0'.
2026-02-26 10:02:03.269880 (4008283) lic__man INFO    Claim 'fpv' for 'session_0/prove-0'.
2026-02-26 10:03:04.539702 (4008283) lic__man INFO    Unclaim everything for 'session_0/prove-0'.
2026-02-26 10:03:04.583674 (4008283) main____ INFO    About to exit: request to exit with status 0 received from analysis session 'session_0'
2026-02-26 10:03:05.030675 (4008283) session_ INFO    Analysis session 'session_0' disconnected.
2026-02-26 10:03:05.030852 (4008283) lic__man INFO    Unclaim everything for 'session_0'.
2026-02-26 10:03:05.031049 (4008283) session_ INFO    Process for analysis session 'session_0' has exited with exit status '0'.
2026-02-26 10:03:06.494182 (4008294) stdio___ INFO    STDIN reader requested to stop.
2026-02-26 10:03:06.494233 (4008294) stdio___ INFO    STDIN reader stopped.
2026-02-26 10:03:06.494583 (4008283) lic_core INFO    (1) checkin jasper_interactive
2026-02-26 10:03:06.505636 (4008283) lic_core INFO    (3) checkin jasper_fao
2026-02-26 10:03:06.525560 (4008283) main____ INFO    Exiting with status 0.
