2026-02-25 17:01:52.595926 (3347256) main____ INFO    ----------------------------------------
2026-02-25 17:01:52.595991 (3347256) main____ INFO    Jasper version info
2026-02-25 17:01:52.596006 (3347256) main____ INFO      tool      : Jasper 2023.12
2026-02-25 17:01:52.596020 (3347256) main____ INFO      version   : 2023.12p001 64 bits
2026-02-25 17:01:52.596032 (3347256) main____ INFO      build date: 2024.01.23 16:09:24 UTC
2026-02-25 17:01:52.596042 (3347256) main____ INFO    ----------------------------------------
2026-02-25 17:01:52.596052 (3347256) main____ INFO    Runtime info:
2026-02-25 17:01:52.596063 (3347256) main____ INFO      platform  : Linux 4.18.0-553.89.1.el8_10.x86_64 x86_64
2026-02-25 17:01:52.596079 (3347256) main____ INFO      hostname  : caddy15.stanford.edu
2026-02-25 17:01:52.596094 (3347256) main____ INFO      pid       : 3347256
2026-02-25 17:01:52.596105 (3347256) main____ INFO      arguments : '-style' 'windows' '-allow_unsupported_OS' '-no_gui' '-fpv' './synthlc/i_DIV_out/xPerfLocCycleCount/cycle_count_mult_fsm_s2_.tcl' '-proj' './synthlc/i_DIV_out/xPerfLocCycleCount/cycle_count_mult_fsm_s2_jgsession_26-02-25-17_01_52'
2026-02-25 17:01:52.596120 (3347256) main____ INFO      locale    : UTF-8
2026-02-25 17:01:52.596131 (3347256) main____ INFO    ----------------------------------------
2026-02-25 17:01:52.596140 (3347256) main____ INFO    System resource limits info:
2026-02-25 17:01:52.596152 (3347256) main____ INFO      virtual memory: unlimited
2026-02-25 17:01:52.596164 (3347256) main____ INFO      cpu time      : unlimited
2026-02-25 17:01:52.596181 (3347256) main____ INFO      processes     : 4096
2026-02-25 17:01:52.596199 (3347256) main____ INFO      stack size    : 8388608 B
2026-02-25 17:01:52.596213 (3347256) main____ INFO      core file size: 0 B
2026-02-25 17:01:52.596226 (3347256) main____ INFO      open files    : 4096
2026-02-25 17:01:52.596238 (3347256) main____ INFO      file size     : unlimited
2026-02-25 17:01:52.596248 (3347256) main____ INFO    ----------------------------------------
2026-02-25 17:01:52.596258 (3347256) main____ INFO    Memory statistics:
2026-02-25 17:01:52.596269 (3347256) main____ INFO      total physical memory  : 98449092 kB
2026-02-25 17:01:52.596281 (3347256) main____ INFO      free physical memory   : 80839204 kB
2026-02-25 17:01:52.596293 (3347256) main____ INFO      committed address space: 1768880 kB
2026-02-25 17:01:52.596316 (3347256) main____ INFO    ----------------------------------------
2026-02-25 17:01:52.597448 (3347256) main____ INFO    Important environment variables:
2026-02-25 17:01:52.597471 (3347256) main____ INFO      CDS_LIC_FILE       : '5280@cadlic0'
2026-02-25 17:01:52.597483 (3347256) main____ INFO      JASPER_INSTALL_DIR : '/cad/cadence/jasper_2023.12p001'
2026-02-25 17:01:52.597496 (3347256) main____ INFO      JASPER_KERNEL_CHECK: '1'
2026-02-25 17:01:52.597508 (3347256) main____ INFO      JASPER_OS_CHECK    : '0'
2026-02-25 17:01:52.597520 (3347256) main____ INFO      LANG               : 'en_US.UTF-8'
2026-02-25 17:01:52.597531 (3347256) main____ INFO    ----------------------------------------
2026-02-25 17:01:52.598579 (3347256) lic_core INFO    Initializing license system ...
2026-02-25 17:01:52.600125 (3347256) lic_core INFO    ... license system initialized.
2026-02-25 17:01:52.612871 (3347256) lic__man INFO    Claim 'main' for <ui>.
2026-02-25 17:01:52.612911 (3347256) lic_core INFO    (1) checking out 'jasper_interactive' ...
2026-02-25 17:01:52.625449 (3347256) lic_core INFO    ... (1) checkout succeeded
2026-02-25 17:01:52.625523 (3347256) lic__man INFO    Claim 'fpv' for <ui>.
2026-02-25 17:01:52.625547 (3347256) lic_core INFO    (2) checking out 'jasper_fpv' ...
2026-02-25 17:01:52.629460 (3347256) lic_core INFO    ... (2) checkout failed (error: -5) ("FLEXnet ERROR(-5, 0, 0): No such feature exists.")
2026-02-25 17:01:52.629495 (3347256) lic_core INFO    (3) checking out 'jasper_fao' ...
2026-02-25 17:01:52.640974 (3347256) lic_core INFO    ... (3) checkout succeeded
2026-02-25 17:01:52.641884 (3347307) stdio___ INFO    Starting STDIN reader (tty: yes, tty name: '/dev/pts/0')
2026-02-25 17:01:52.642041 (3347256) main____ INFO    Tool inactivity delay is 480000 ms.
2026-02-25 17:01:52.681781 (3347256) session_ INFO    Starting analysis session with session id 'session_0' (launcher: <local>) ...
2026-02-25 17:01:52.683543 (3347256) session_ INFO    Analysis session with session id 'session_0' started (pid: 3347309)
2026-02-25 17:01:53.789765 (3347256) session_ INFO    Analysis session 'session_0' connected to the console (host: 127.0.0.1:54540)
2026-02-25 17:01:56.863746 (3347256) lic__man INFO    Unclaim everything for 'session_0'.
2026-02-25 17:01:57.079336 (3347256) lic__man INFO    Claim 'fpv' for 'session_0'.
2026-02-25 17:01:57.079372 (3347256) lic__man INFO    Claim 'fpv' for 'session_0/prove-0'.
2026-02-25 17:02:04.191225 (3347256) lic__man INFO    Unclaim everything for 'session_0/prove-0'.
2026-02-25 17:02:04.213822 (3347256) lic__man INFO    Claim 'fpv' for 'session_0'.
2026-02-25 17:02:04.213856 (3347256) lic__man INFO    Claim 'fpv' for 'session_0/prove-1'.
2026-02-25 17:02:22.163851 (3347256) lic__man INFO    Unclaim everything for 'session_0/prove-1'.
2026-02-25 17:02:22.179719 (3347256) lic__man INFO    Claim 'fpv' for 'session_0'.
2026-02-25 17:02:22.179757 (3347256) lic__man INFO    Claim 'fpv' for 'session_0/prove-2'.
2026-02-25 17:02:58.467939 (3347256) lic__man INFO    Unclaim everything for 'session_0/prove-2'.
2026-02-25 17:02:58.504263 (3347256) lic__man INFO    Claim 'fpv' for 'session_0'.
2026-02-25 17:02:58.504301 (3347256) lic__man INFO    Claim 'fpv' for 'session_0/prove-3'.
2026-02-25 17:03:51.170986 (3347256) lic__man INFO    Unclaim everything for 'session_0/prove-3'.
2026-02-25 17:03:51.202073 (3347256) lic__man INFO    Claim 'fpv' for 'session_0'.
2026-02-25 17:03:51.202108 (3347256) lic__man INFO    Claim 'fpv' for 'session_0/prove-4'.
2026-02-25 17:04:33.767776 (3347256) lic__man INFO    Unclaim everything for 'session_0/prove-4'.
2026-02-25 17:04:33.798238 (3347256) lic__man INFO    Claim 'fpv' for 'session_0'.
2026-02-25 17:04:33.798272 (3347256) lic__man INFO    Claim 'fpv' for 'session_0/prove-5'.
2026-02-25 17:05:41.936643 (3347256) lic__man INFO    Unclaim everything for 'session_0/prove-5'.
2026-02-25 17:05:41.977748 (3347256) lic__man INFO    Claim 'fpv' for 'session_0'.
2026-02-25 17:05:41.977790 (3347256) lic__man INFO    Claim 'fpv' for 'session_0/prove-6'.
2026-02-25 17:06:26.880898 (3347256) lic__man INFO    Unclaim everything for 'session_0/prove-6'.
2026-02-25 17:06:26.933617 (3347256) main____ INFO    About to exit: request to exit with status 0 received from analysis session 'session_0'
2026-02-25 17:06:27.071744 (3347256) session_ INFO    Analysis session 'session_0' disconnected.
2026-02-25 17:06:27.071892 (3347256) lic__man INFO    Unclaim everything for 'session_0'.
2026-02-25 17:06:27.072627 (3347256) session_ INFO    Process for analysis session 'session_0' has exited with exit status '0'.
2026-02-25 17:06:28.904628 (3347307) stdio___ INFO    STDIN reader requested to stop.
2026-02-25 17:06:28.904688 (3347307) stdio___ INFO    STDIN reader stopped.
2026-02-25 17:06:28.904933 (3347256) lic_core INFO    (1) checkin jasper_interactive
2026-02-25 17:06:28.906490 (3347256) lic_core INFO    (3) checkin jasper_fao
2026-02-25 17:06:28.907604 (3347256) main____ INFO    Exiting with status 0.
