2026-02-26 10:59:51.583265 (2087844) main____ INFO    ----------------------------------------
2026-02-26 10:59:51.583359 (2087844) main____ INFO    Jasper version info
2026-02-26 10:59:51.583374 (2087844) main____ INFO      tool      : Jasper 2023.12
2026-02-26 10:59:51.583389 (2087844) main____ INFO      version   : 2023.12p001 64 bits
2026-02-26 10:59:51.583402 (2087844) main____ INFO      build date: 2024.01.23 16:09:24 UTC
2026-02-26 10:59:51.583411 (2087844) main____ INFO    ----------------------------------------
2026-02-26 10:59:51.583420 (2087844) main____ INFO    Runtime info:
2026-02-26 10:59:51.583430 (2087844) main____ INFO      platform  : Linux 4.18.0-553.89.1.el8_10.x86_64 x86_64
2026-02-26 10:59:51.583448 (2087844) main____ INFO      hostname  : caddy12.stanford.edu
2026-02-26 10:59:51.583463 (2087844) main____ INFO      pid       : 2087844
2026-02-26 10:59:51.583474 (2087844) main____ INFO      arguments : '-style' 'windows' '-allow_unsupported_OS' '-no_gui' '-fpv' './synthlc/i_DIV_out/xPairwiseDepDiv/nunv_anytwo_112_.tcl' '-proj' './synthlc/i_DIV_out/xPairwiseDepDiv/nunv_anytwo_112_jgsession_26-02-26-10_59_50'
2026-02-26 10:59:51.583490 (2087844) main____ INFO      locale    : UTF-8
2026-02-26 10:59:51.583499 (2087844) main____ INFO    ----------------------------------------
2026-02-26 10:59:51.583508 (2087844) main____ INFO    System resource limits info:
2026-02-26 10:59:51.583520 (2087844) main____ INFO      virtual memory: unlimited
2026-02-26 10:59:51.583531 (2087844) main____ INFO      cpu time      : unlimited
2026-02-26 10:59:51.583549 (2087844) main____ INFO      processes     : 4096
2026-02-26 10:59:51.583567 (2087844) main____ INFO      stack size    : 8388608 B
2026-02-26 10:59:51.583581 (2087844) main____ INFO      core file size: 0 B
2026-02-26 10:59:51.583593 (2087844) main____ INFO      open files    : 4096
2026-02-26 10:59:51.583604 (2087844) main____ INFO      file size     : unlimited
2026-02-26 10:59:51.583613 (2087844) main____ INFO    ----------------------------------------
2026-02-26 10:59:51.583622 (2087844) main____ INFO    Memory statistics:
2026-02-26 10:59:51.583633 (2087844) main____ INFO      total physical memory  : 98449088 kB
2026-02-26 10:59:51.583643 (2087844) main____ INFO      free physical memory   : 71259676 kB
2026-02-26 10:59:51.583654 (2087844) main____ INFO      committed address space: 15040164 kB
2026-02-26 10:59:51.583679 (2087844) main____ INFO    ----------------------------------------
2026-02-26 10:59:51.584871 (2087844) main____ INFO    Important environment variables:
2026-02-26 10:59:51.584894 (2087844) main____ INFO      CDS_LIC_FILE       : '5280@cadlic0'
2026-02-26 10:59:51.584907 (2087844) main____ INFO      DISPLAY            : 'localhost:12.0'
2026-02-26 10:59:51.584918 (2087844) main____ INFO      JASPER_INSTALL_DIR : '/cad/cadence/jasper_2023.12p001'
2026-02-26 10:59:51.584929 (2087844) main____ INFO      JASPER_KERNEL_CHECK: '1'
2026-02-26 10:59:51.584940 (2087844) main____ INFO      JASPER_OS_CHECK    : '0'
2026-02-26 10:59:51.584951 (2087844) main____ INFO      LANG               : 'zh_TW.UTF-8'
2026-02-26 10:59:51.584960 (2087844) main____ INFO    ----------------------------------------
2026-02-26 10:59:51.587873 (2087844) lic_core INFO    Initializing license system ...
2026-02-26 10:59:51.637173 (2087844) lic_core INFO    ... license system initialized.
2026-02-26 10:59:51.768951 (2087844) lic__man INFO    Claim 'main' for <ui>.
2026-02-26 10:59:51.769017 (2087844) lic_core INFO    (1) checking out 'jasper_interactive' ...
2026-02-26 10:59:51.851027 (2087844) lic_core INFO    ... (1) checkout succeeded
2026-02-26 10:59:51.851122 (2087844) lic__man INFO    Claim 'fpv' for <ui>.
2026-02-26 10:59:51.851149 (2087844) lic_core INFO    (2) checking out 'jasper_fpv' ...
2026-02-26 10:59:51.921142 (2087844) lic_core INFO    ... (2) checkout failed (error: -5) ("FLEXnet ERROR(-5, 0, 0): No such feature exists.")
2026-02-26 10:59:51.921196 (2087844) lic_core INFO    (3) checking out 'jasper_fao' ...
2026-02-26 10:59:52.014909 (2087844) lic_core INFO    ... (3) checkout succeeded
2026-02-26 10:59:52.064527 (2087844) main____ INFO    Tool inactivity delay is 480000 ms.
2026-02-26 10:59:52.082931 (2087860) stdio___ INFO    Starting STDIN reader (tty: yes, tty name: '/dev/pts/0')
2026-02-26 10:59:52.468801 (2087844) session_ INFO    Starting analysis session with session id 'session_0' (launcher: <local>) ...
2026-02-26 10:59:52.470851 (2087844) session_ INFO    Analysis session with session id 'session_0' started (pid: 2087861)
2026-02-26 10:59:55.130229 (2087844) session_ INFO    Analysis session 'session_0' connected to the console (host: 127.0.0.1:53562)
2026-02-26 11:00:08.889768 (2087844) lic__man INFO    Unclaim everything for 'session_0'.
2026-02-26 11:00:09.403033 (2087844) lic__man INFO    Claim 'fpv' for 'session_0'.
2026-02-26 11:00:09.403076 (2087844) lic__man INFO    Claim 'fpv' for 'session_0/prove-0'.
2026-02-26 11:02:42.292080 (2087844) lic__man INFO    Unclaim everything for 'session_0/prove-0'.
2026-02-26 11:02:42.297850 (2087844) main____ INFO    About to exit: request to exit with status 0 received from analysis session 'session_0'
2026-02-26 11:02:42.484990 (2087844) session_ INFO    Analysis session 'session_0' disconnected.
2026-02-26 11:02:42.485141 (2087844) lic__man INFO    Unclaim everything for 'session_0'.
2026-02-26 11:02:42.496880 (2087844) session_ INFO    Process for analysis session 'session_0' has exited with exit status '0'.
2026-02-26 11:02:44.413773 (2087860) stdio___ INFO    STDIN reader requested to stop.
2026-02-26 11:02:44.413826 (2087860) stdio___ INFO    STDIN reader stopped.
2026-02-26 11:02:44.414931 (2087844) lic_core INFO    (1) checkin jasper_interactive
2026-02-26 11:02:44.420896 (2087844) lic_core INFO    (3) checkin jasper_fao
2026-02-26 11:02:44.439869 (2087844) main____ INFO    Exiting with status 0.
