2026-03-02 00:27:05.737694 (810745) main____ INFO    ----------------------------------------
2026-03-02 00:27:05.737762 (810745) main____ INFO    Jasper version info
2026-03-02 00:27:05.737776 (810745) main____ INFO      tool      : Jasper 2023.12
2026-03-02 00:27:05.737790 (810745) main____ INFO      version   : 2023.12p001 64 bits
2026-03-02 00:27:05.737803 (810745) main____ INFO      build date: 2024.01.23 16:09:24 UTC
2026-03-02 00:27:05.737812 (810745) main____ INFO    ----------------------------------------
2026-03-02 00:27:05.737822 (810745) main____ INFO    Runtime info:
2026-03-02 00:27:05.737832 (810745) main____ INFO      platform  : Linux 4.18.0-553.89.1.el8_10.x86_64 x86_64
2026-03-02 00:27:05.737849 (810745) main____ INFO      hostname  : caddy10.stanford.edu
2026-03-02 00:27:05.737863 (810745) main____ INFO      pid       : 810745
2026-03-02 00:27:05.737874 (810745) main____ INFO      arguments : '-style' 'windows' '-allow_unsupported_OS' '-no_gui' '-fpv' './synthlc/i_MUL_out/xHBPerfG_dfg_v3_div/WHB_76_.tcl' '-proj' './synthlc/i_MUL_out/xHBPerfG_dfg_v3_div/WHB_76_jgsession_26-03-02-00_27_05'
2026-03-02 00:27:05.737889 (810745) main____ INFO      locale    : UTF-8
2026-03-02 00:27:05.737899 (810745) main____ INFO    ----------------------------------------
2026-03-02 00:27:05.737908 (810745) main____ INFO    System resource limits info:
2026-03-02 00:27:05.737920 (810745) main____ INFO      virtual memory: unlimited
2026-03-02 00:27:05.737932 (810745) main____ INFO      cpu time      : unlimited
2026-03-02 00:27:05.737948 (810745) main____ INFO      processes     : 4096
2026-03-02 00:27:05.737966 (810745) main____ INFO      stack size    : 8388608 B
2026-03-02 00:27:05.737980 (810745) main____ INFO      core file size: 0 B
2026-03-02 00:27:05.737992 (810745) main____ INFO      open files    : 4096
2026-03-02 00:27:05.738004 (810745) main____ INFO      file size     : unlimited
2026-03-02 00:27:05.738014 (810745) main____ INFO    ----------------------------------------
2026-03-02 00:27:05.738023 (810745) main____ INFO    Memory statistics:
2026-03-02 00:27:05.738034 (810745) main____ INFO      total physical memory  : 98449096 kB
2026-03-02 00:27:05.738045 (810745) main____ INFO      free physical memory   : 91814872 kB
2026-03-02 00:27:05.738068 (810745) main____ INFO      committed address space: 2179912 kB
2026-03-02 00:27:05.738078 (810745) main____ INFO    ----------------------------------------
2026-03-02 00:27:05.739199 (810745) main____ INFO    Important environment variables:
2026-03-02 00:27:05.739221 (810745) main____ INFO      CDS_LIC_FILE       : '5280@cadlic0'
2026-03-02 00:27:05.739233 (810745) main____ INFO      JASPER_INSTALL_DIR : '/cad/cadence/jasper_2023.12p001'
2026-03-02 00:27:05.739245 (810745) main____ INFO      JASPER_KERNEL_CHECK: '1'
2026-03-02 00:27:05.739257 (810745) main____ INFO      JASPER_OS_CHECK    : '0'
2026-03-02 00:27:05.739269 (810745) main____ INFO      LANG               : 'en_US.UTF-8'
2026-03-02 00:27:05.739278 (810745) main____ INFO    ----------------------------------------
2026-03-02 00:27:05.740362 (810745) lic_core INFO    Initializing license system ...
2026-03-02 00:27:05.741667 (810745) lic_core INFO    ... license system initialized.
2026-03-02 00:27:05.753540 (810745) lic__man INFO    Claim 'main' for <ui>.
2026-03-02 00:27:05.753578 (810745) lic_core INFO    (1) checking out 'jasper_interactive' ...
2026-03-02 00:27:05.765699 (810745) lic_core INFO    ... (1) checkout succeeded
2026-03-02 00:27:05.765751 (810745) lic__man INFO    Claim 'fpv' for <ui>.
2026-03-02 00:27:05.765771 (810745) lic_core INFO    (2) checking out 'jasper_fpv' ...
2026-03-02 00:27:05.769777 (810745) lic_core INFO    ... (2) checkout failed (error: -5) ("FLEXnet ERROR(-5, 0, 0): No such feature exists.")
2026-03-02 00:27:05.769806 (810745) lic_core INFO    (3) checking out 'jasper_fao' ...
2026-03-02 00:27:05.780498 (810745) lic_core INFO    ... (3) checkout succeeded
2026-03-02 00:27:05.782741 (810757) stdio___ INFO    Starting STDIN reader (tty: yes, tty name: '/dev/pts/7')
2026-03-02 00:27:05.782810 (810745) main____ INFO    Tool inactivity delay is 480000 ms.
2026-03-02 00:27:05.824662 (810745) session_ INFO    Starting analysis session with session id 'session_0' (launcher: <local>) ...
2026-03-02 00:27:05.826339 (810745) session_ INFO    Analysis session with session id 'session_0' started (pid: 810758)
2026-03-02 00:27:07.233912 (810745) session_ INFO    Analysis session 'session_0' connected to the console (host: 127.0.0.1:37342)
2026-03-02 00:27:10.938487 (810745) lic__man INFO    Unclaim everything for 'session_0'.
2026-03-02 00:27:11.180901 (810745) lic__man INFO    Claim 'fpv' for 'session_0'.
2026-03-02 00:27:11.180937 (810745) lic__man INFO    Claim 'fpv' for 'session_0/prove-0'.
2026-03-02 00:27:13.253620 (810745) lic__man INFO    Unclaim everything for 'session_0/prove-0'.
2026-03-02 00:27:13.264214 (810745) main____ INFO    About to exit: request to exit with status 0 received from analysis session 'session_0'
2026-03-02 00:27:13.501835 (810745) session_ INFO    Analysis session 'session_0' disconnected.
2026-03-02 00:27:13.501958 (810745) lic__man INFO    Unclaim everything for 'session_0'.
2026-03-02 00:27:13.502219 (810745) session_ INFO    Process for analysis session 'session_0' has exited with exit status '0'.
2026-03-02 00:27:15.371141 (810757) stdio___ INFO    STDIN reader requested to stop.
2026-03-02 00:27:15.371196 (810757) stdio___ INFO    STDIN reader stopped.
2026-03-02 00:27:15.371448 (810745) lic_core INFO    (1) checkin jasper_interactive
2026-03-02 00:27:15.372597 (810745) lic_core INFO    (3) checkin jasper_fao
2026-03-02 00:27:15.373970 (810745) main____ INFO    Exiting with status 0.
