2026-03-01 08:03:56.581187 (4119171) main____ INFO    ----------------------------------------
2026-03-01 08:03:56.581275 (4119171) main____ INFO    Jasper version info
2026-03-01 08:03:56.581291 (4119171) main____ INFO      tool      : Jasper 2023.12
2026-03-01 08:03:56.581308 (4119171) main____ INFO      version   : 2023.12p001 64 bits
2026-03-01 08:03:56.581321 (4119171) main____ INFO      build date: 2024.01.23 16:09:24 UTC
2026-03-01 08:03:56.581332 (4119171) main____ INFO    ----------------------------------------
2026-03-01 08:03:56.581342 (4119171) main____ INFO    Runtime info:
2026-03-01 08:03:56.581353 (4119171) main____ INFO      platform  : Linux 4.18.0-553.89.1.el8_10.x86_64 x86_64
2026-03-01 08:03:56.581373 (4119171) main____ INFO      hostname  : caddy12.stanford.edu
2026-03-01 08:03:56.581390 (4119171) main____ INFO      pid       : 4119171
2026-03-01 08:03:56.581401 (4119171) main____ INFO      arguments : '-style' 'windows' '-allow_unsupported_OS' '-no_gui' '-fpv' './synthlc/i_LW_out/xPerfLocSubsetDiv/coverset_64_.tcl' '-proj' './synthlc/i_LW_out/xPerfLocSubsetDiv/coverset_64_jgsession_26-03-01-08_03_56'
2026-03-01 08:03:56.581419 (4119171) main____ INFO      locale    : UTF-8
2026-03-01 08:03:56.581430 (4119171) main____ INFO    ----------------------------------------
2026-03-01 08:03:56.581440 (4119171) main____ INFO    System resource limits info:
2026-03-01 08:03:56.581453 (4119171) main____ INFO      virtual memory: unlimited
2026-03-01 08:03:56.581465 (4119171) main____ INFO      cpu time      : unlimited
2026-03-01 08:03:56.581483 (4119171) main____ INFO      processes     : 4096
2026-03-01 08:03:56.581502 (4119171) main____ INFO      stack size    : 8388608 B
2026-03-01 08:03:56.581516 (4119171) main____ INFO      core file size: 0 B
2026-03-01 08:03:56.581530 (4119171) main____ INFO      open files    : 4096
2026-03-01 08:03:56.581543 (4119171) main____ INFO      file size     : unlimited
2026-03-01 08:03:56.581553 (4119171) main____ INFO    ----------------------------------------
2026-03-01 08:03:56.581563 (4119171) main____ INFO    Memory statistics:
2026-03-01 08:03:56.581578 (4119171) main____ INFO      total physical memory  : 98449088 kB
2026-03-01 08:03:56.581589 (4119171) main____ INFO      free physical memory   : 86643304 kB
2026-03-01 08:03:56.581603 (4119171) main____ INFO      committed address space: 7407036 kB
2026-03-01 08:03:56.581614 (4119171) main____ INFO    ----------------------------------------
2026-03-01 08:03:56.582850 (4119171) main____ INFO    Important environment variables:
2026-03-01 08:03:56.582920 (4119171) main____ INFO      CDS_LIC_FILE       : '5280@cadlic0'
2026-03-01 08:03:56.582936 (4119171) main____ INFO      DISPLAY            : 'localhost:12.0'
2026-03-01 08:03:56.582949 (4119171) main____ INFO      JASPER_INSTALL_DIR : '/cad/cadence/jasper_2023.12p001'
2026-03-01 08:03:56.582962 (4119171) main____ INFO      JASPER_KERNEL_CHECK: '1'
2026-03-01 08:03:56.582975 (4119171) main____ INFO      JASPER_OS_CHECK    : '0'
2026-03-01 08:03:56.582987 (4119171) main____ INFO      LANG               : 'zh_TW.UTF-8'
2026-03-01 08:03:56.582998 (4119171) main____ INFO    ----------------------------------------
2026-03-01 08:03:56.584158 (4119171) lic_core INFO    Initializing license system ...
2026-03-01 08:03:56.586421 (4119171) lic_core INFO    ... license system initialized.
2026-03-01 08:03:56.599154 (4119171) lic__man INFO    Claim 'main' for <ui>.
2026-03-01 08:03:56.599211 (4119171) lic_core INFO    (1) checking out 'jasper_interactive' ...
2026-03-01 08:03:56.612026 (4119171) lic_core INFO    ... (1) checkout succeeded
2026-03-01 08:03:56.612105 (4119171) lic__man INFO    Claim 'fpv' for <ui>.
2026-03-01 08:03:56.612130 (4119171) lic_core INFO    (2) checking out 'jasper_fpv' ...
2026-03-01 08:03:56.616298 (4119171) lic_core INFO    ... (2) checkout failed (error: -5) ("FLEXnet ERROR(-5, 0, 0): No such feature exists.")
2026-03-01 08:03:56.616339 (4119171) lic_core INFO    (3) checking out 'jasper_fao' ...
2026-03-01 08:03:56.626703 (4119171) lic_core INFO    ... (3) checkout succeeded
2026-03-01 08:03:56.627594 (4119188) stdio___ INFO    Starting STDIN reader (tty: yes, tty name: '/dev/pts/0')
2026-03-01 08:03:56.628129 (4119171) main____ INFO    Tool inactivity delay is 480000 ms.
2026-03-01 08:03:56.671797 (4119171) session_ INFO    Starting analysis session with session id 'session_0' (launcher: <local>) ...
2026-03-01 08:03:56.673636 (4119171) session_ INFO    Analysis session with session id 'session_0' started (pid: 4119189)
2026-03-01 08:03:57.770093 (4119171) session_ INFO    Analysis session 'session_0' connected to the console (host: 127.0.0.1:46800)
2026-03-01 08:04:01.028950 (4119171) lic__man INFO    Unclaim everything for 'session_0'.
2026-03-01 08:04:01.233635 (4119171) lic__man INFO    Claim 'fpv' for 'session_0'.
2026-03-01 08:04:01.233690 (4119171) lic__man INFO    Claim 'fpv' for 'session_0/prove-0'.
2026-03-01 08:04:05.771990 (4119171) lic__man INFO    Unclaim everything for 'session_0/prove-0'.
2026-03-01 08:04:05.782922 (4119171) main____ INFO    About to exit: request to exit with status 0 received from analysis session 'session_0'
2026-03-01 08:04:06.087991 (4119171) session_ INFO    Analysis session 'session_0' disconnected.
2026-03-01 08:04:06.088121 (4119171) lic__man INFO    Unclaim everything for 'session_0'.
2026-03-01 08:04:06.088303 (4119171) session_ INFO    Process for analysis session 'session_0' has exited with exit status '0'.
2026-03-01 08:04:07.890303 (4119188) stdio___ INFO    STDIN reader requested to stop.
2026-03-01 08:04:07.890371 (4119188) stdio___ INFO    STDIN reader stopped.
2026-03-01 08:04:07.890861 (4119171) lic_core INFO    (1) checkin jasper_interactive
2026-03-01 08:04:07.892456 (4119171) lic_core INFO    (3) checkin jasper_fao
2026-03-01 08:04:07.893629 (4119171) main____ INFO    Exiting with status 0.
