2026-02-26 09:28:53.280838 (3976666) main____ INFO    ----------------------------------------
2026-02-26 09:28:53.280948 (3976666) main____ INFO    Jasper version info
2026-02-26 09:28:53.280965 (3976666) main____ INFO      tool      : Jasper 2023.12
2026-02-26 09:28:53.280980 (3976666) main____ INFO      version   : 2023.12p001 64 bits
2026-02-26 09:28:53.280994 (3976666) main____ INFO      build date: 2024.01.23 16:09:24 UTC
2026-02-26 09:28:53.281004 (3976666) main____ INFO    ----------------------------------------
2026-02-26 09:28:53.281013 (3976666) main____ INFO    Runtime info:
2026-02-26 09:28:53.281024 (3976666) main____ INFO      platform  : Linux 4.18.0-553.89.1.el8_10.x86_64 x86_64
2026-02-26 09:28:53.281042 (3976666) main____ INFO      hostname  : caddy15.stanford.edu
2026-02-26 09:28:53.281058 (3976666) main____ INFO      pid       : 3976666
2026-02-26 09:28:53.281069 (3976666) main____ INFO      arguments : '-style' 'windows' '-allow_unsupported_OS' '-no_gui' '-fpv' './synthlc/i_ADDI_out/xPerfLocCycleCount/over1cyc_19_div_fsm_s5_.tcl' '-proj' './synthlc/i_ADDI_out/xPerfLocCycleCount/over1cyc_19_div_fsm_s5_jgsession_26-02-26-09_28_51'
2026-02-26 09:28:53.281087 (3976666) main____ INFO      locale    : UTF-8
2026-02-26 09:28:53.281097 (3976666) main____ INFO    ----------------------------------------
2026-02-26 09:28:53.281106 (3976666) main____ INFO    System resource limits info:
2026-02-26 09:28:53.281119 (3976666) main____ INFO      virtual memory: unlimited
2026-02-26 09:28:53.281131 (3976666) main____ INFO      cpu time      : unlimited
2026-02-26 09:28:53.281150 (3976666) main____ INFO      processes     : 4096
2026-02-26 09:28:53.281172 (3976666) main____ INFO      stack size    : 8388608 B
2026-02-26 09:28:53.281187 (3976666) main____ INFO      core file size: 0 B
2026-02-26 09:28:53.281200 (3976666) main____ INFO      open files    : 4096
2026-02-26 09:28:53.281212 (3976666) main____ INFO      file size     : unlimited
2026-02-26 09:28:53.281221 (3976666) main____ INFO    ----------------------------------------
2026-02-26 09:28:53.281230 (3976666) main____ INFO    Memory statistics:
2026-02-26 09:28:53.281242 (3976666) main____ INFO      total physical memory  : 98449092 kB
2026-02-26 09:28:53.281262 (3976666) main____ INFO      free physical memory   : 72607692 kB
2026-02-26 09:28:53.281275 (3976666) main____ INFO      committed address space: 10417484 kB
2026-02-26 09:28:53.281284 (3976666) main____ INFO    ----------------------------------------
2026-02-26 09:28:53.282488 (3976666) main____ INFO    Important environment variables:
2026-02-26 09:28:53.282519 (3976666) main____ INFO      CDS_LIC_FILE       : '5280@cadlic0'
2026-02-26 09:28:53.282532 (3976666) main____ INFO      JASPER_INSTALL_DIR : '/cad/cadence/jasper_2023.12p001'
2026-02-26 09:28:53.282544 (3976666) main____ INFO      JASPER_KERNEL_CHECK: '1'
2026-02-26 09:28:53.282556 (3976666) main____ INFO      JASPER_OS_CHECK    : '0'
2026-02-26 09:28:53.282568 (3976666) main____ INFO      LANG               : 'en_US.UTF-8'
2026-02-26 09:28:53.282578 (3976666) main____ INFO    ----------------------------------------
2026-02-26 09:28:53.284503 (3976666) lic_core INFO    Initializing license system ...
2026-02-26 09:28:53.318534 (3976666) lic_core INFO    ... license system initialized.
2026-02-26 09:28:53.471827 (3976666) lic__man INFO    Claim 'main' for <ui>.
2026-02-26 09:28:53.471907 (3976666) lic_core INFO    (1) checking out 'jasper_interactive' ...
2026-02-26 09:28:53.536765 (3976666) lic_core INFO    ... (1) checkout succeeded
2026-02-26 09:28:53.536887 (3976666) lic__man INFO    Claim 'fpv' for <ui>.
2026-02-26 09:28:53.536918 (3976666) lic_core INFO    (2) checking out 'jasper_fpv' ...
2026-02-26 09:28:53.581834 (3976666) lic_core INFO    ... (2) checkout failed (error: -5) ("FLEXnet ERROR(-5, 0, 0): No such feature exists.")
2026-02-26 09:28:53.581894 (3976666) lic_core INFO    (3) checking out 'jasper_fao' ...
2026-02-26 09:28:53.656701 (3976666) lic_core INFO    ... (3) checkout succeeded
2026-02-26 09:28:53.692281 (3976666) main____ INFO    Tool inactivity delay is 480000 ms.
2026-02-26 09:28:53.700563 (3976678) stdio___ INFO    Starting STDIN reader (tty: yes, tty name: '/dev/pts/0')
2026-02-26 09:28:54.021431 (3976666) session_ INFO    Starting analysis session with session id 'session_0' (launcher: <local>) ...
2026-02-26 09:28:54.023543 (3976666) session_ INFO    Analysis session with session id 'session_0' started (pid: 3976679)
2026-02-26 09:28:57.976148 (3976666) session_ INFO    Analysis session 'session_0' connected to the console (host: 127.0.0.1:36098)
2026-02-26 09:29:07.841364 (3976666) lic__man INFO    Unclaim everything for 'session_0'.
2026-02-26 09:29:08.325906 (3976666) lic__man INFO    Claim 'fpv' for 'session_0'.
2026-02-26 09:29:08.325956 (3976666) lic__man INFO    Claim 'fpv' for 'session_0/prove-0'.
2026-02-26 09:29:22.522735 (3976666) lic__man INFO    Unclaim everything for 'session_0/prove-0'.
2026-02-26 09:29:22.564430 (3976666) main____ INFO    About to exit: request to exit with status 0 received from analysis session 'session_0'
2026-02-26 09:29:22.720566 (3976666) session_ INFO    Analysis session 'session_0' disconnected.
2026-02-26 09:29:22.720693 (3976666) lic__man INFO    Unclaim everything for 'session_0'.
2026-02-26 09:29:22.720927 (3976666) session_ INFO    Process for analysis session 'session_0' has exited with exit status '0'.
2026-02-26 09:29:24.478709 (3976678) stdio___ INFO    STDIN reader requested to stop.
2026-02-26 09:29:24.478755 (3976678) stdio___ INFO    STDIN reader stopped.
2026-02-26 09:29:24.482548 (3976666) lic_core INFO    (1) checkin jasper_interactive
2026-02-26 09:29:24.488496 (3976666) lic_core INFO    (3) checkin jasper_fao
2026-02-26 09:29:24.500705 (3976666) main____ INFO    Exiting with status 0.
