2026-03-01 06:31:27.280328 (4027787) main____ INFO    ----------------------------------------
2026-03-01 06:31:27.280427 (4027787) main____ INFO    Jasper version info
2026-03-01 06:31:27.280445 (4027787) main____ INFO      tool      : Jasper 2023.12
2026-03-01 06:31:27.280461 (4027787) main____ INFO      version   : 2023.12p001 64 bits
2026-03-01 06:31:27.280475 (4027787) main____ INFO      build date: 2024.01.23 16:09:24 UTC
2026-03-01 06:31:27.280486 (4027787) main____ INFO    ----------------------------------------
2026-03-01 06:31:27.280496 (4027787) main____ INFO    Runtime info:
2026-03-01 06:31:27.280507 (4027787) main____ INFO      platform  : Linux 4.18.0-553.89.1.el8_10.x86_64 x86_64
2026-03-01 06:31:27.280527 (4027787) main____ INFO      hostname  : caddy12.stanford.edu
2026-03-01 06:31:27.280543 (4027787) main____ INFO      pid       : 4027787
2026-03-01 06:31:27.280554 (4027787) main____ INFO      arguments : '-style' 'windows' '-allow_unsupported_OS' '-no_gui' '-fpv' './synthlc/i_LW_out/xPairwiseDepDiv/exclusive_68_.tcl' '-proj' './synthlc/i_LW_out/xPairwiseDepDiv/exclusive_68_jgsession_26-03-01-06_31_25'
2026-03-01 06:31:27.280572 (4027787) main____ INFO      locale    : UTF-8
2026-03-01 06:31:27.280582 (4027787) main____ INFO    ----------------------------------------
2026-03-01 06:31:27.280592 (4027787) main____ INFO    System resource limits info:
2026-03-01 06:31:27.280606 (4027787) main____ INFO      virtual memory: unlimited
2026-03-01 06:31:27.280618 (4027787) main____ INFO      cpu time      : unlimited
2026-03-01 06:31:27.280637 (4027787) main____ INFO      processes     : 4096
2026-03-01 06:31:27.280680 (4027787) main____ INFO      stack size    : 8388608 B
2026-03-01 06:31:27.280695 (4027787) main____ INFO      core file size: 0 B
2026-03-01 06:31:27.280708 (4027787) main____ INFO      open files    : 4096
2026-03-01 06:31:27.280721 (4027787) main____ INFO      file size     : unlimited
2026-03-01 06:31:27.280732 (4027787) main____ INFO    ----------------------------------------
2026-03-01 06:31:27.280741 (4027787) main____ INFO    Memory statistics:
2026-03-01 06:31:27.280754 (4027787) main____ INFO      total physical memory  : 98449088 kB
2026-03-01 06:31:27.280766 (4027787) main____ INFO      free physical memory   : 79553780 kB
2026-03-01 06:31:27.280779 (4027787) main____ INFO      committed address space: 16278416 kB
2026-03-01 06:31:27.280789 (4027787) main____ INFO    ----------------------------------------
2026-03-01 06:31:27.281980 (4027787) main____ INFO    Important environment variables:
2026-03-01 06:31:27.282007 (4027787) main____ INFO      CDS_LIC_FILE       : '5280@cadlic0'
2026-03-01 06:31:27.282021 (4027787) main____ INFO      DISPLAY            : 'localhost:12.0'
2026-03-01 06:31:27.282033 (4027787) main____ INFO      JASPER_INSTALL_DIR : '/cad/cadence/jasper_2023.12p001'
2026-03-01 06:31:27.282046 (4027787) main____ INFO      JASPER_KERNEL_CHECK: '1'
2026-03-01 06:31:27.282059 (4027787) main____ INFO      JASPER_OS_CHECK    : '0'
2026-03-01 06:31:27.282071 (4027787) main____ INFO      LANG               : 'zh_TW.UTF-8'
2026-03-01 06:31:27.282082 (4027787) main____ INFO    ----------------------------------------
2026-03-01 06:31:27.283836 (4027787) lic_core INFO    Initializing license system ...
2026-03-01 06:31:27.359526 (4027787) lic_core INFO    ... license system initialized.
2026-03-01 06:31:27.508192 (4027787) lic__man INFO    Claim 'main' for <ui>.
2026-03-01 06:31:27.508293 (4027787) lic_core INFO    (1) checking out 'jasper_interactive' ...
2026-03-01 06:31:27.547124 (4027787) lic_core INFO    ... (1) checkout succeeded
2026-03-01 06:31:27.547254 (4027787) lic__man INFO    Claim 'fpv' for <ui>.
2026-03-01 06:31:27.547287 (4027787) lic_core INFO    (2) checking out 'jasper_fpv' ...
2026-03-01 06:31:27.612186 (4027787) lic_core INFO    ... (2) checkout failed (error: -5) ("FLEXnet ERROR(-5, 0, 0): No such feature exists.")
2026-03-01 06:31:27.612269 (4027787) lic_core INFO    (3) checking out 'jasper_fao' ...
2026-03-01 06:31:27.684948 (4027787) lic_core INFO    ... (3) checkout succeeded
2026-03-01 06:31:27.695642 (4027787) main____ INFO    Tool inactivity delay is 480000 ms.
2026-03-01 06:31:27.715944 (4027803) stdio___ INFO    Starting STDIN reader (tty: yes, tty name: '/dev/pts/0')
2026-03-01 06:31:28.005814 (4027787) session_ INFO    Starting analysis session with session id 'session_0' (launcher: <local>) ...
2026-03-01 06:31:28.007891 (4027787) session_ INFO    Analysis session with session id 'session_0' started (pid: 4027804)
2026-03-01 06:31:32.933406 (4027787) session_ INFO    Analysis session 'session_0' connected to the console (host: 127.0.0.1:58316)
2026-03-01 06:31:45.779349 (4027787) lic__man INFO    Unclaim everything for 'session_0'.
2026-03-01 06:31:46.220257 (4027787) lic__man INFO    Claim 'fpv' for 'session_0'.
2026-03-01 06:31:46.220314 (4027787) lic__man INFO    Claim 'fpv' for 'session_0/prove-0'.
2026-03-01 06:33:37.291175 (4027787) lic__man INFO    Unclaim everything for 'session_0/prove-0'.
2026-03-01 06:33:37.365020 (4027787) main____ INFO    About to exit: request to exit with status 0 received from analysis session 'session_0'
2026-03-01 06:33:37.749782 (4027787) session_ INFO    Analysis session 'session_0' disconnected.
2026-03-01 06:33:37.749967 (4027787) lic__man INFO    Unclaim everything for 'session_0'.
2026-03-01 06:33:37.752529 (4027787) session_ INFO    Process for analysis session 'session_0' has exited with exit status '0'.
2026-03-01 06:33:39.409067 (4027803) stdio___ INFO    STDIN reader requested to stop.
2026-03-01 06:33:39.409144 (4027803) stdio___ INFO    STDIN reader stopped.
2026-03-01 06:33:39.409495 (4027787) lic_core INFO    (1) checkin jasper_interactive
2026-03-01 06:33:39.418440 (4027787) lic_core INFO    (3) checkin jasper_fao
2026-03-01 06:33:39.518731 (4027787) main____ INFO    Exiting with status 0.
