2026-02-26 05:51:02.396879 (3808443) main____ INFO    ----------------------------------------
2026-02-26 05:51:02.396974 (3808443) main____ INFO    Jasper version info
2026-02-26 05:51:02.396991 (3808443) main____ INFO      tool      : Jasper 2023.12
2026-02-26 05:51:02.397006 (3808443) main____ INFO      version   : 2023.12p001 64 bits
2026-02-26 05:51:02.397019 (3808443) main____ INFO      build date: 2024.01.23 16:09:24 UTC
2026-02-26 05:51:02.397029 (3808443) main____ INFO    ----------------------------------------
2026-02-26 05:51:02.397038 (3808443) main____ INFO    Runtime info:
2026-02-26 05:51:02.397048 (3808443) main____ INFO      platform  : Linux 4.18.0-553.89.1.el8_10.x86_64 x86_64
2026-02-26 05:51:02.397067 (3808443) main____ INFO      hostname  : caddy15.stanford.edu
2026-02-26 05:51:02.397092 (3808443) main____ INFO      pid       : 3808443
2026-02-26 05:51:02.397103 (3808443) main____ INFO      arguments : '-style' 'windows' '-allow_unsupported_OS' '-no_gui' '-fpv' './synthlc/i_ADDI_out/xPerfLocSubsetDiv/coverset_126_.tcl' '-proj' './synthlc/i_ADDI_out/xPerfLocSubsetDiv/coverset_126_jgsession_26-02-26-05_51_00'
2026-02-26 05:51:02.397120 (3808443) main____ INFO      locale    : UTF-8
2026-02-26 05:51:02.397130 (3808443) main____ INFO    ----------------------------------------
2026-02-26 05:51:02.397139 (3808443) main____ INFO    System resource limits info:
2026-02-26 05:51:02.397150 (3808443) main____ INFO      virtual memory: unlimited
2026-02-26 05:51:02.397162 (3808443) main____ INFO      cpu time      : unlimited
2026-02-26 05:51:02.397180 (3808443) main____ INFO      processes     : 4096
2026-02-26 05:51:02.397200 (3808443) main____ INFO      stack size    : 8388608 B
2026-02-26 05:51:02.397214 (3808443) main____ INFO      core file size: 0 B
2026-02-26 05:51:02.397227 (3808443) main____ INFO      open files    : 4096
2026-02-26 05:51:02.397239 (3808443) main____ INFO      file size     : unlimited
2026-02-26 05:51:02.397248 (3808443) main____ INFO    ----------------------------------------
2026-02-26 05:51:02.397257 (3808443) main____ INFO    Memory statistics:
2026-02-26 05:51:02.397269 (3808443) main____ INFO      total physical memory  : 98449092 kB
2026-02-26 05:51:02.397280 (3808443) main____ INFO      free physical memory   : 77574356 kB
2026-02-26 05:51:02.397291 (3808443) main____ INFO      committed address space: 5182440 kB
2026-02-26 05:51:02.397314 (3808443) main____ INFO    ----------------------------------------
2026-02-26 05:51:02.398479 (3808443) main____ INFO    Important environment variables:
2026-02-26 05:51:02.398505 (3808443) main____ INFO      CDS_LIC_FILE       : '5280@cadlic0'
2026-02-26 05:51:02.398517 (3808443) main____ INFO      JASPER_INSTALL_DIR : '/cad/cadence/jasper_2023.12p001'
2026-02-26 05:51:02.398529 (3808443) main____ INFO      JASPER_KERNEL_CHECK: '1'
2026-02-26 05:51:02.398541 (3808443) main____ INFO      JASPER_OS_CHECK    : '0'
2026-02-26 05:51:02.398552 (3808443) main____ INFO      LANG               : 'en_US.UTF-8'
2026-02-26 05:51:02.398562 (3808443) main____ INFO    ----------------------------------------
2026-02-26 05:51:02.400569 (3808443) lic_core INFO    Initializing license system ...
2026-02-26 05:51:02.404694 (3808443) lic_core INFO    ... license system initialized.
2026-02-26 05:51:02.575591 (3808443) lic__man INFO    Claim 'main' for <ui>.
2026-02-26 05:51:02.575661 (3808443) lic_core INFO    (1) checking out 'jasper_interactive' ...
2026-02-26 05:51:02.648572 (3808443) lic_core INFO    ... (1) checkout succeeded
2026-02-26 05:51:02.648669 (3808443) lic__man INFO    Claim 'fpv' for <ui>.
2026-02-26 05:51:02.648698 (3808443) lic_core INFO    (2) checking out 'jasper_fpv' ...
2026-02-26 05:51:02.695858 (3808443) lic_core INFO    ... (2) checkout failed (error: -5) ("FLEXnet ERROR(-5, 0, 0): No such feature exists.")
2026-02-26 05:51:02.695928 (3808443) lic_core INFO    (3) checking out 'jasper_fao' ...
2026-02-26 05:51:02.770669 (3808443) lic_core INFO    ... (3) checkout succeeded
2026-02-26 05:51:02.776476 (3808443) main____ INFO    Tool inactivity delay is 480000 ms.
2026-02-26 05:51:02.776772 (3808467) stdio___ INFO    Starting STDIN reader (tty: yes, tty name: '/dev/pts/0')
2026-02-26 05:51:02.834980 (3808443) session_ INFO    Starting analysis session with session id 'session_0' (launcher: <local>) ...
2026-02-26 05:51:02.836958 (3808443) session_ INFO    Analysis session with session id 'session_0' started (pid: 3808468)
2026-02-26 05:51:04.235745 (3808443) session_ INFO    Analysis session 'session_0' connected to the console (host: 127.0.0.1:42038)
2026-02-26 05:51:10.934742 (3808443) lic__man INFO    Unclaim everything for 'session_0'.
2026-02-26 05:51:12.654005 (3808443) lic__man INFO    Claim 'fpv' for 'session_0'.
2026-02-26 05:51:12.654051 (3808443) lic__man INFO    Claim 'fpv' for 'session_0/prove-0'.
2026-02-26 05:51:16.090037 (3808443) lic__man INFO    Unclaim everything for 'session_0/prove-0'.
2026-02-26 05:51:16.096946 (3808443) main____ INFO    About to exit: request to exit with status 0 received from analysis session 'session_0'
2026-02-26 05:51:16.257973 (3808443) session_ INFO    Analysis session 'session_0' disconnected.
2026-02-26 05:51:16.258123 (3808443) lic__man INFO    Unclaim everything for 'session_0'.
2026-02-26 05:51:16.258404 (3808443) session_ INFO    Process for analysis session 'session_0' has exited with exit status '0'.
2026-02-26 05:51:18.015378 (3808467) stdio___ INFO    STDIN reader requested to stop.
2026-02-26 05:51:18.015428 (3808467) stdio___ INFO    STDIN reader stopped.
2026-02-26 05:51:18.025579 (3808443) lic_core INFO    (1) checkin jasper_interactive
2026-02-26 05:51:18.030539 (3808443) lic_core INFO    (3) checkin jasper_fao
2026-02-26 05:51:18.052689 (3808443) main____ INFO    Exiting with status 0.
