2026-03-01 00:00:00.319029 (3812373) main____ INFO    ----------------------------------------
2026-03-01 00:00:00.319122 (3812373) main____ INFO    Jasper version info
2026-03-01 00:00:00.319139 (3812373) main____ INFO      tool      : Jasper 2023.12
2026-03-01 00:00:00.319155 (3812373) main____ INFO      version   : 2023.12p001 64 bits
2026-03-01 00:00:00.319170 (3812373) main____ INFO      build date: 2024.01.23 16:09:24 UTC
2026-03-01 00:00:00.319181 (3812373) main____ INFO    ----------------------------------------
2026-03-01 00:00:00.319191 (3812373) main____ INFO    Runtime info:
2026-03-01 00:00:00.319203 (3812373) main____ INFO      platform  : Linux 4.18.0-553.89.1.el8_10.x86_64 x86_64
2026-03-01 00:00:00.319221 (3812373) main____ INFO      hostname  : caddy12.stanford.edu
2026-03-01 00:00:00.319237 (3812373) main____ INFO      pid       : 3812373
2026-03-01 00:00:00.319249 (3812373) main____ INFO      arguments : '-style' 'windows' '-allow_unsupported_OS' '-no_gui' '-fpv' './synthlc/i_ADDI_out/xHBPerfG_dfg_v3_div/WHB_56_.tcl' '-proj' './synthlc/i_ADDI_out/xHBPerfG_dfg_v3_div/WHB_56_jgsession_26-03-01-00_00_00'
2026-03-01 00:00:00.319265 (3812373) main____ INFO      locale    : UTF-8
2026-03-01 00:00:00.319276 (3812373) main____ INFO    ----------------------------------------
2026-03-01 00:00:00.319286 (3812373) main____ INFO    System resource limits info:
2026-03-01 00:00:00.319299 (3812373) main____ INFO      virtual memory: unlimited
2026-03-01 00:00:00.319312 (3812373) main____ INFO      cpu time      : unlimited
2026-03-01 00:00:00.319331 (3812373) main____ INFO      processes     : 4096
2026-03-01 00:00:00.320053 (3812373) main____ INFO      stack size    : 8388608 B
2026-03-01 00:00:00.320070 (3812373) main____ INFO      core file size: 0 B
2026-03-01 00:00:00.320091 (3812373) main____ INFO      open files    : 4096
2026-03-01 00:00:00.320104 (3812373) main____ INFO      file size     : unlimited
2026-03-01 00:00:00.320114 (3812373) main____ INFO    ----------------------------------------
2026-03-01 00:00:00.320124 (3812373) main____ INFO    Memory statistics:
2026-03-01 00:00:00.320137 (3812373) main____ INFO      total physical memory  : 98449088 kB
2026-03-01 00:00:00.320149 (3812373) main____ INFO      free physical memory   : 89293528 kB
2026-03-01 00:00:00.320161 (3812373) main____ INFO      committed address space: 4440316 kB
2026-03-01 00:00:00.320172 (3812373) main____ INFO    ----------------------------------------
2026-03-01 00:00:00.321358 (3812373) main____ INFO    Important environment variables:
2026-03-01 00:00:00.321593 (3812373) main____ INFO      CDS_LIC_FILE       : '5280@cadlic0'
2026-03-01 00:00:00.321614 (3812373) main____ INFO      DISPLAY            : 'localhost:12.0'
2026-03-01 00:00:00.321627 (3812373) main____ INFO      JASPER_INSTALL_DIR : '/cad/cadence/jasper_2023.12p001'
2026-03-01 00:00:00.321640 (3812373) main____ INFO      JASPER_KERNEL_CHECK: '1'
2026-03-01 00:00:00.321652 (3812373) main____ INFO      JASPER_OS_CHECK    : '0'
2026-03-01 00:00:00.321673 (3812373) main____ INFO      LANG               : 'zh_TW.UTF-8'
2026-03-01 00:00:00.321684 (3812373) main____ INFO    ----------------------------------------
2026-03-01 00:00:00.322911 (3812373) lic_core INFO    Initializing license system ...
2026-03-01 00:00:00.324619 (3812373) lic_core INFO    ... license system initialized.
2026-03-01 00:00:00.334465 (3812373) lic__man INFO    Claim 'main' for <ui>.
2026-03-01 00:00:00.334526 (3812373) lic_core INFO    (1) checking out 'jasper_interactive' ...
2026-03-01 00:00:00.347318 (3812373) lic_core INFO    ... (1) checkout succeeded
2026-03-01 00:00:00.347389 (3812373) lic__man INFO    Claim 'fpv' for <ui>.
2026-03-01 00:00:00.347414 (3812373) lic_core INFO    (2) checking out 'jasper_fpv' ...
2026-03-01 00:00:00.351218 (3812373) lic_core INFO    ... (2) checkout failed (error: -5) ("FLEXnet ERROR(-5, 0, 0): No such feature exists.")
2026-03-01 00:00:00.351259 (3812373) lic_core INFO    (3) checking out 'jasper_fao' ...
2026-03-01 00:00:00.362417 (3812373) lic_core INFO    ... (3) checkout succeeded
2026-03-01 00:00:00.364706 (3812385) stdio___ INFO    Starting STDIN reader (tty: yes, tty name: '/dev/pts/0')
2026-03-01 00:00:00.364831 (3812373) main____ INFO    Tool inactivity delay is 480000 ms.
2026-03-01 00:00:00.456600 (3812373) session_ INFO    Starting analysis session with session id 'session_0' (launcher: <local>) ...
2026-03-01 00:00:00.458539 (3812373) session_ INFO    Analysis session with session id 'session_0' started (pid: 3812386)
2026-03-01 00:00:01.554809 (3812373) session_ INFO    Analysis session 'session_0' connected to the console (host: 127.0.0.1:46680)
2026-03-01 00:00:04.813798 (3812373) lic__man INFO    Unclaim everything for 'session_0'.
2026-03-01 00:00:05.128553 (3812373) lic__man INFO    Claim 'fpv' for 'session_0'.
2026-03-01 00:00:05.128597 (3812373) lic__man INFO    Claim 'fpv' for 'session_0/prove-0'.
2026-03-01 00:00:06.243645 (3812373) lic__man INFO    Unclaim everything for 'session_0/prove-0'.
2026-03-01 00:00:06.285790 (3812373) main____ INFO    About to exit: request to exit with status 0 received from analysis session 'session_0'
2026-03-01 00:00:06.424843 (3812373) session_ INFO    Analysis session 'session_0' disconnected.
2026-03-01 00:00:06.425068 (3812373) lic__man INFO    Unclaim everything for 'session_0'.
2026-03-01 00:00:06.425261 (3812373) session_ INFO    Process for analysis session 'session_0' has exited with exit status '0'.
2026-03-01 00:00:08.392430 (3812385) stdio___ INFO    STDIN reader requested to stop.
2026-03-01 00:00:08.392481 (3812385) stdio___ INFO    STDIN reader stopped.
2026-03-01 00:00:08.392726 (3812373) lic_core INFO    (1) checkin jasper_interactive
2026-03-01 00:00:08.394725 (3812373) lic_core INFO    (3) checkin jasper_fao
2026-03-01 00:00:08.396062 (3812373) main____ INFO    Exiting with status 0.
