2026-03-01 13:34:52.530239 (126341) main____ INFO    ----------------------------------------
2026-03-01 13:34:52.530343 (126341) main____ INFO    Jasper version info
2026-03-01 13:34:52.530360 (126341) main____ INFO      tool      : Jasper 2023.12
2026-03-01 13:34:52.530376 (126341) main____ INFO      version   : 2023.12p001 64 bits
2026-03-01 13:34:52.530390 (126341) main____ INFO      build date: 2024.01.23 16:09:24 UTC
2026-03-01 13:34:52.530401 (126341) main____ INFO    ----------------------------------------
2026-03-01 13:34:52.530411 (126341) main____ INFO    Runtime info:
2026-03-01 13:34:52.530422 (126341) main____ INFO      platform  : Linux 4.18.0-553.89.1.el8_10.x86_64 x86_64
2026-03-01 13:34:52.530442 (126341) main____ INFO      hostname  : caddy12.stanford.edu
2026-03-01 13:34:52.530458 (126341) main____ INFO      pid       : 126341
2026-03-01 13:34:52.530469 (126341) main____ INFO      arguments : '-style' 'windows' '-allow_unsupported_OS' '-no_gui' '-fpv' './synthlc/i_LW_out/xPerfLocCycleCount/over1cyc_3_div_fsm_s5_.tcl' '-proj' './synthlc/i_LW_out/xPerfLocCycleCount/over1cyc_3_div_fsm_s5_jgsession_26-03-01-13_34_51'
2026-03-01 13:34:52.530487 (126341) main____ INFO      locale    : UTF-8
2026-03-01 13:34:52.530498 (126341) main____ INFO    ----------------------------------------
2026-03-01 13:34:52.530508 (126341) main____ INFO    System resource limits info:
2026-03-01 13:34:52.530520 (126341) main____ INFO      virtual memory: unlimited
2026-03-01 13:34:52.530533 (126341) main____ INFO      cpu time      : unlimited
2026-03-01 13:34:52.530552 (126341) main____ INFO      processes     : 4096
2026-03-01 13:34:52.530572 (126341) main____ INFO      stack size    : 8388608 B
2026-03-01 13:34:52.530587 (126341) main____ INFO      core file size: 0 B
2026-03-01 13:34:52.530600 (126341) main____ INFO      open files    : 4096
2026-03-01 13:34:52.530613 (126341) main____ INFO      file size     : unlimited
2026-03-01 13:34:52.530623 (126341) main____ INFO    ----------------------------------------
2026-03-01 13:34:52.530633 (126341) main____ INFO    Memory statistics:
2026-03-01 13:34:52.530645 (126341) main____ INFO      total physical memory  : 98449088 kB
2026-03-01 13:34:52.530657 (126341) main____ INFO      free physical memory   : 78439900 kB
2026-03-01 13:34:52.530691 (126341) main____ INFO      committed address space: 16808944 kB
2026-03-01 13:34:52.530702 (126341) main____ INFO    ----------------------------------------
2026-03-01 13:34:52.531895 (126341) main____ INFO    Important environment variables:
2026-03-01 13:34:52.531922 (126341) main____ INFO      CDS_LIC_FILE       : '5280@cadlic0'
2026-03-01 13:34:52.531935 (126341) main____ INFO      DISPLAY            : 'localhost:12.0'
2026-03-01 13:34:52.531948 (126341) main____ INFO      JASPER_INSTALL_DIR : '/cad/cadence/jasper_2023.12p001'
2026-03-01 13:34:52.531961 (126341) main____ INFO      JASPER_KERNEL_CHECK: '1'
2026-03-01 13:34:52.531973 (126341) main____ INFO      JASPER_OS_CHECK    : '0'
2026-03-01 13:34:52.531986 (126341) main____ INFO      LANG               : 'zh_TW.UTF-8'
2026-03-01 13:34:52.531996 (126341) main____ INFO    ----------------------------------------
2026-03-01 13:34:52.533885 (126341) lic_core INFO    Initializing license system ...
2026-03-01 13:34:52.613458 (126341) lic_core INFO    ... license system initialized.
2026-03-01 13:34:52.779969 (126341) lic__man INFO    Claim 'main' for <ui>.
2026-03-01 13:34:52.780054 (126341) lic_core INFO    (1) checking out 'jasper_interactive' ...
2026-03-01 13:34:52.865223 (126341) lic_core INFO    ... (1) checkout succeeded
2026-03-01 13:34:52.865354 (126341) lic__man INFO    Claim 'fpv' for <ui>.
2026-03-01 13:34:52.865387 (126341) lic_core INFO    (2) checking out 'jasper_fpv' ...
2026-03-01 13:34:52.929192 (126341) lic_core INFO    ... (2) checkout failed (error: -5) ("FLEXnet ERROR(-5, 0, 0): No such feature exists.")
2026-03-01 13:34:52.929274 (126341) lic_core INFO    (3) checking out 'jasper_fao' ...
2026-03-01 13:34:53.022938 (126341) lic_core INFO    ... (3) checkout succeeded
2026-03-01 13:34:53.079516 (126341) main____ INFO    Tool inactivity delay is 480000 ms.
2026-03-01 13:34:53.087934 (126358) stdio___ INFO    Starting STDIN reader (tty: yes, tty name: '/dev/pts/0')
2026-03-01 13:34:53.425894 (126341) session_ INFO    Starting analysis session with session id 'session_0' (launcher: <local>) ...
2026-03-01 13:34:53.427921 (126341) session_ INFO    Analysis session with session id 'session_0' started (pid: 126359)
2026-03-01 13:34:57.255233 (126341) session_ INFO    Analysis session 'session_0' connected to the console (host: 127.0.0.1:33800)
2026-03-01 13:35:12.152876 (126341) lic__man INFO    Unclaim everything for 'session_0'.
2026-03-01 13:35:12.580122 (126341) lic__man INFO    Claim 'fpv' for 'session_0'.
2026-03-01 13:35:12.580176 (126341) lic__man INFO    Claim 'fpv' for 'session_0/prove-0'.
2026-03-01 13:35:50.951017 (126341) lic__man INFO    Unclaim everything for 'session_0/prove-0'.
2026-03-01 13:35:50.984969 (126341) main____ INFO    About to exit: request to exit with status 0 received from analysis session 'session_0'
2026-03-01 13:35:51.586819 (126341) session_ INFO    Analysis session 'session_0' disconnected.
2026-03-01 13:35:51.586998 (126341) lic__man INFO    Unclaim everything for 'session_0'.
2026-03-01 13:35:51.587283 (126341) session_ INFO    Process for analysis session 'session_0' has exited with exit status '0'.
2026-03-01 13:35:52.915787 (126358) stdio___ INFO    STDIN reader requested to stop.
2026-03-01 13:35:52.915855 (126358) stdio___ INFO    STDIN reader stopped.
2026-03-01 13:35:52.926965 (126341) lic_core INFO    (1) checkin jasper_interactive
2026-03-01 13:35:52.943886 (126341) lic_core INFO    (3) checkin jasper_fao
2026-03-01 13:35:52.955265 (126341) main____ INFO    Exiting with status 0.
