2026-03-02 00:43:18.034917 (838035) main____ INFO    ----------------------------------------
2026-03-02 00:43:18.034996 (838035) main____ INFO    Jasper version info
2026-03-02 00:43:18.035011 (838035) main____ INFO      tool      : Jasper 2023.12
2026-03-02 00:43:18.035026 (838035) main____ INFO      version   : 2023.12p001 64 bits
2026-03-02 00:43:18.035039 (838035) main____ INFO      build date: 2024.01.23 16:09:24 UTC
2026-03-02 00:43:18.035067 (838035) main____ INFO    ----------------------------------------
2026-03-02 00:43:18.035077 (838035) main____ INFO    Runtime info:
2026-03-02 00:43:18.035087 (838035) main____ INFO      platform  : Linux 4.18.0-553.89.1.el8_10.x86_64 x86_64
2026-03-02 00:43:18.035106 (838035) main____ INFO      hostname  : caddy10.stanford.edu
2026-03-02 00:43:18.035121 (838035) main____ INFO      pid       : 838035
2026-03-02 00:43:18.035132 (838035) main____ INFO      arguments : '-style' 'windows' '-allow_unsupported_OS' '-no_gui' '-fpv' './synthlc/i_MUL_out/xPerfLocCycleCount/over1cyc_13_div_fsm_s11_.tcl' '-proj' './synthlc/i_MUL_out/xPerfLocCycleCount/over1cyc_13_div_fsm_s11_jgsession_26-03-02-00_43_17'
2026-03-02 00:43:18.035148 (838035) main____ INFO      locale    : UTF-8
2026-03-02 00:43:18.035158 (838035) main____ INFO    ----------------------------------------
2026-03-02 00:43:18.035167 (838035) main____ INFO    System resource limits info:
2026-03-02 00:43:18.035179 (838035) main____ INFO      virtual memory: unlimited
2026-03-02 00:43:18.035191 (838035) main____ INFO      cpu time      : unlimited
2026-03-02 00:43:18.035208 (838035) main____ INFO      processes     : 4096
2026-03-02 00:43:18.035226 (838035) main____ INFO      stack size    : 8388608 B
2026-03-02 00:43:18.035240 (838035) main____ INFO      core file size: 0 B
2026-03-02 00:43:18.035252 (838035) main____ INFO      open files    : 4096
2026-03-02 00:43:18.035264 (838035) main____ INFO      file size     : unlimited
2026-03-02 00:43:18.035274 (838035) main____ INFO    ----------------------------------------
2026-03-02 00:43:18.035283 (838035) main____ INFO    Memory statistics:
2026-03-02 00:43:18.035294 (838035) main____ INFO      total physical memory  : 98449096 kB
2026-03-02 00:43:18.035305 (838035) main____ INFO      free physical memory   : 91613764 kB
2026-03-02 00:43:18.035317 (838035) main____ INFO      committed address space: 2487548 kB
2026-03-02 00:43:18.035326 (838035) main____ INFO    ----------------------------------------
2026-03-02 00:43:18.036473 (838035) main____ INFO    Important environment variables:
2026-03-02 00:43:18.036496 (838035) main____ INFO      CDS_LIC_FILE       : '5280@cadlic0'
2026-03-02 00:43:18.036508 (838035) main____ INFO      JASPER_INSTALL_DIR : '/cad/cadence/jasper_2023.12p001'
2026-03-02 00:43:18.036520 (838035) main____ INFO      JASPER_KERNEL_CHECK: '1'
2026-03-02 00:43:18.036531 (838035) main____ INFO      JASPER_OS_CHECK    : '0'
2026-03-02 00:43:18.036543 (838035) main____ INFO      LANG               : 'en_US.UTF-8'
2026-03-02 00:43:18.036560 (838035) main____ INFO    ----------------------------------------
2026-03-02 00:43:18.037662 (838035) lic_core INFO    Initializing license system ...
2026-03-02 00:43:18.039021 (838035) lic_core INFO    ... license system initialized.
2026-03-02 00:43:18.049615 (838035) lic__man INFO    Claim 'main' for <ui>.
2026-03-02 00:43:18.049657 (838035) lic_core INFO    (1) checking out 'jasper_interactive' ...
2026-03-02 00:43:18.062094 (838035) lic_core INFO    ... (1) checkout succeeded
2026-03-02 00:43:18.062150 (838035) lic__man INFO    Claim 'fpv' for <ui>.
2026-03-02 00:43:18.062171 (838035) lic_core INFO    (2) checking out 'jasper_fpv' ...
2026-03-02 00:43:18.066158 (838035) lic_core INFO    ... (2) checkout failed (error: -5) ("FLEXnet ERROR(-5, 0, 0): No such feature exists.")
2026-03-02 00:43:18.066189 (838035) lic_core INFO    (3) checking out 'jasper_fao' ...
2026-03-02 00:43:18.076800 (838035) lic_core INFO    ... (3) checkout succeeded
2026-03-02 00:43:18.077775 (838046) stdio___ INFO    Starting STDIN reader (tty: yes, tty name: '/dev/pts/7')
2026-03-02 00:43:18.077891 (838035) main____ INFO    Tool inactivity delay is 480000 ms.
2026-03-02 00:43:18.119494 (838035) session_ INFO    Starting analysis session with session id 'session_0' (launcher: <local>) ...
2026-03-02 00:43:18.121339 (838035) session_ INFO    Analysis session with session id 'session_0' started (pid: 838047)
2026-03-02 00:43:19.203439 (838035) session_ INFO    Analysis session 'session_0' connected to the console (host: 127.0.0.1:55630)
2026-03-02 00:43:22.319603 (838035) lic__man INFO    Unclaim everything for 'session_0'.
2026-03-02 00:43:22.515972 (838035) lic__man INFO    Claim 'fpv' for 'session_0'.
2026-03-02 00:43:22.516003 (838035) lic__man INFO    Claim 'fpv' for 'session_0/prove-0'.
2026-03-02 00:43:33.294497 (838035) lic__man INFO    Unclaim everything for 'session_0/prove-0'.
2026-03-02 00:43:33.353324 (838035) main____ INFO    About to exit: request to exit with status 0 received from analysis session 'session_0'
2026-03-02 00:43:33.816395 (838035) session_ INFO    Analysis session 'session_0' disconnected.
2026-03-02 00:43:33.816539 (838035) lic__man INFO    Unclaim everything for 'session_0'.
2026-03-02 00:43:33.816747 (838035) session_ INFO    Process for analysis session 'session_0' has exited with exit status '0'.
2026-03-02 00:43:35.403125 (838046) stdio___ INFO    STDIN reader requested to stop.
2026-03-02 00:43:35.403184 (838046) stdio___ INFO    STDIN reader stopped.
2026-03-02 00:43:35.411276 (838035) lic_core INFO    (1) checkin jasper_interactive
2026-03-02 00:43:35.414250 (838035) lic_core INFO    (3) checkin jasper_fao
2026-03-02 00:43:35.446288 (838035) main____ INFO    Exiting with status 0.
