2026-02-26 13:52:29.649201 (2229444) main____ INFO    ----------------------------------------
2026-02-26 13:52:29.649295 (2229444) main____ INFO    Jasper version info
2026-02-26 13:52:29.649310 (2229444) main____ INFO      tool      : Jasper 2023.12
2026-02-26 13:52:29.649326 (2229444) main____ INFO      version   : 2023.12p001 64 bits
2026-02-26 13:52:29.649339 (2229444) main____ INFO      build date: 2024.01.23 16:09:24 UTC
2026-02-26 13:52:29.649349 (2229444) main____ INFO    ----------------------------------------
2026-02-26 13:52:29.649358 (2229444) main____ INFO    Runtime info:
2026-02-26 13:52:29.649368 (2229444) main____ INFO      platform  : Linux 4.18.0-553.89.1.el8_10.x86_64 x86_64
2026-02-26 13:52:29.649388 (2229444) main____ INFO      hostname  : caddy12.stanford.edu
2026-02-26 13:52:29.649403 (2229444) main____ INFO      pid       : 2229444
2026-02-26 13:52:29.649414 (2229444) main____ INFO      arguments : '-style' 'windows' '-allow_unsupported_OS' '-no_gui' '-fpv' './synthlc/i_DIV_out/xPerfLocCycleCount/cycle_count_div_fsm_s6_.tcl' '-proj' './synthlc/i_DIV_out/xPerfLocCycleCount/cycle_count_div_fsm_s6_jgsession_26-02-26-13_52_28'
2026-02-26 13:52:29.649430 (2229444) main____ INFO      locale    : UTF-8
2026-02-26 13:52:29.649440 (2229444) main____ INFO    ----------------------------------------
2026-02-26 13:52:29.649449 (2229444) main____ INFO    System resource limits info:
2026-02-26 13:52:29.649461 (2229444) main____ INFO      virtual memory: unlimited
2026-02-26 13:52:29.649472 (2229444) main____ INFO      cpu time      : unlimited
2026-02-26 13:52:29.649490 (2229444) main____ INFO      processes     : 4096
2026-02-26 13:52:29.649511 (2229444) main____ INFO      stack size    : 8388608 B
2026-02-26 13:52:29.649524 (2229444) main____ INFO      core file size: 0 B
2026-02-26 13:52:29.649537 (2229444) main____ INFO      open files    : 4096
2026-02-26 13:52:29.649549 (2229444) main____ INFO      file size     : unlimited
2026-02-26 13:52:29.649558 (2229444) main____ INFO    ----------------------------------------
2026-02-26 13:52:29.649567 (2229444) main____ INFO    Memory statistics:
2026-02-26 13:52:29.649578 (2229444) main____ INFO      total physical memory  : 98449088 kB
2026-02-26 13:52:29.649589 (2229444) main____ INFO      free physical memory   : 72569568 kB
2026-02-26 13:52:29.649601 (2229444) main____ INFO      committed address space: 10854216 kB
2026-02-26 13:52:29.649609 (2229444) main____ INFO    ----------------------------------------
2026-02-26 13:52:29.650819 (2229444) main____ INFO    Important environment variables:
2026-02-26 13:52:29.650845 (2229444) main____ INFO      CDS_LIC_FILE       : '5280@cadlic0'
2026-02-26 13:52:29.650858 (2229444) main____ INFO      DISPLAY            : 'localhost:12.0'
2026-02-26 13:52:29.650869 (2229444) main____ INFO      JASPER_INSTALL_DIR : '/cad/cadence/jasper_2023.12p001'
2026-02-26 13:52:29.650881 (2229444) main____ INFO      JASPER_KERNEL_CHECK: '1'
2026-02-26 13:52:29.650892 (2229444) main____ INFO      JASPER_OS_CHECK    : '0'
2026-02-26 13:52:29.650904 (2229444) main____ INFO      LANG               : 'zh_TW.UTF-8'
2026-02-26 13:52:29.650914 (2229444) main____ INFO    ----------------------------------------
2026-02-26 13:52:29.662820 (2229444) lic_core INFO    Initializing license system ...
2026-02-26 13:52:29.686003 (2229444) lic_core INFO    ... license system initialized.
2026-02-26 13:52:29.875009 (2229444) lic__man INFO    Claim 'main' for <ui>.
2026-02-26 13:52:29.875082 (2229444) lic_core INFO    (1) checking out 'jasper_interactive' ...
2026-02-26 13:52:29.942129 (2229444) lic_core INFO    ... (1) checkout succeeded
2026-02-26 13:52:29.942242 (2229444) lic__man INFO    Claim 'fpv' for <ui>.
2026-02-26 13:52:29.942272 (2229444) lic_core INFO    (2) checking out 'jasper_fpv' ...
2026-02-26 13:52:30.014330 (2229444) lic_core INFO    ... (2) checkout failed (error: -5) ("FLEXnet ERROR(-5, 0, 0): No such feature exists.")
2026-02-26 13:52:30.014386 (2229444) lic_core INFO    (3) checking out 'jasper_fao' ...
2026-02-26 13:52:30.098125 (2229444) lic_core INFO    ... (3) checkout succeeded
2026-02-26 13:52:30.144618 (2229444) main____ INFO    Tool inactivity delay is 480000 ms.
2026-02-26 13:52:30.152929 (2229455) stdio___ INFO    Starting STDIN reader (tty: yes, tty name: '/dev/pts/0')
2026-02-26 13:52:30.514799 (2229444) session_ INFO    Starting analysis session with session id 'session_0' (launcher: <local>) ...
2026-02-26 13:52:30.516700 (2229444) session_ INFO    Analysis session with session id 'session_0' started (pid: 2229456)
2026-02-26 13:52:34.411157 (2229444) session_ INFO    Analysis session 'session_0' connected to the console (host: 127.0.0.1:36320)
2026-02-26 13:52:42.075013 (2229444) lic__man INFO    Unclaim everything for 'session_0'.
2026-02-26 13:52:42.513285 (2229444) lic__man INFO    Claim 'fpv' for 'session_0'.
2026-02-26 13:52:42.513328 (2229444) lic__man INFO    Claim 'fpv' for 'session_0/prove-0'.
2026-02-26 13:52:56.719405 (2229444) lic__man INFO    Unclaim everything for 'session_0/prove-0'.
2026-02-26 13:52:56.745697 (2229444) lic__man INFO    Claim 'fpv' for 'session_0'.
2026-02-26 13:52:56.745735 (2229444) lic__man INFO    Claim 'fpv' for 'session_0/prove-1'.
2026-02-26 13:53:24.411691 (2229444) lic__man INFO    Unclaim everything for 'session_0/prove-1'.
2026-02-26 13:53:24.441183 (2229444) lic__man INFO    Claim 'fpv' for 'session_0'.
2026-02-26 13:53:24.441230 (2229444) lic__man INFO    Claim 'fpv' for 'session_0/prove-2'.
2026-02-26 13:53:43.753894 (2229444) lic__man INFO    Unclaim everything for 'session_0/prove-2'.
2026-02-26 13:53:43.783723 (2229444) lic__man INFO    Claim 'fpv' for 'session_0'.
2026-02-26 13:53:43.783758 (2229444) lic__man INFO    Claim 'fpv' for 'session_0/prove-3'.
2026-02-26 13:54:07.244544 (2229444) lic__man INFO    Unclaim everything for 'session_0/prove-3'.
2026-02-26 13:54:07.276439 (2229444) lic__man INFO    Claim 'fpv' for 'session_0'.
2026-02-26 13:54:07.276476 (2229444) lic__man INFO    Claim 'fpv' for 'session_0/prove-4'.
2026-02-26 13:54:38.270160 (2229444) lic__man INFO    Unclaim everything for 'session_0/prove-4'.
2026-02-26 13:54:38.310503 (2229444) lic__man INFO    Claim 'fpv' for 'session_0'.
2026-02-26 13:54:38.310537 (2229444) lic__man INFO    Claim 'fpv' for 'session_0/prove-5'.
2026-02-26 13:55:13.329252 (2229444) lic__man INFO    Unclaim everything for 'session_0/prove-5'.
2026-02-26 13:55:13.361445 (2229444) lic__man INFO    Claim 'fpv' for 'session_0'.
2026-02-26 13:55:13.361479 (2229444) lic__man INFO    Claim 'fpv' for 'session_0/prove-6'.
2026-02-26 13:55:43.595401 (2229444) lic__man INFO    Unclaim everything for 'session_0/prove-6'.
2026-02-26 13:55:43.648885 (2229444) main____ INFO    About to exit: request to exit with status 0 received from analysis session 'session_0'
2026-02-26 13:55:43.809975 (2229444) session_ INFO    Analysis session 'session_0' disconnected.
2026-02-26 13:55:43.810161 (2229444) lic__man INFO    Unclaim everything for 'session_0'.
2026-02-26 13:55:43.812478 (2229444) session_ INFO    Process for analysis session 'session_0' has exited with exit status '0'.
2026-02-26 13:55:45.757880 (2229455) stdio___ INFO    STDIN reader requested to stop.
2026-02-26 13:55:45.757928 (2229455) stdio___ INFO    STDIN reader stopped.
2026-02-26 13:55:45.758306 (2229444) lic_core INFO    (1) checkin jasper_interactive
2026-02-26 13:55:45.759418 (2229444) lic_core INFO    (3) checkin jasper_fao
2026-02-26 13:55:45.761139 (2229444) main____ INFO    Exiting with status 0.
