2026-03-01 13:25:24.715056 (120968) main____ INFO    ----------------------------------------
2026-03-01 13:25:24.715148 (120968) main____ INFO    Jasper version info
2026-03-01 13:25:24.715166 (120968) main____ INFO      tool      : Jasper 2023.12
2026-03-01 13:25:24.715182 (120968) main____ INFO      version   : 2023.12p001 64 bits
2026-03-01 13:25:24.715196 (120968) main____ INFO      build date: 2024.01.23 16:09:24 UTC
2026-03-01 13:25:24.715206 (120968) main____ INFO    ----------------------------------------
2026-03-01 13:25:24.715216 (120968) main____ INFO    Runtime info:
2026-03-01 13:25:24.715228 (120968) main____ INFO      platform  : Linux 4.18.0-553.89.1.el8_10.x86_64 x86_64
2026-03-01 13:25:24.715247 (120968) main____ INFO      hostname  : caddy12.stanford.edu
2026-03-01 13:25:24.715263 (120968) main____ INFO      pid       : 120968
2026-03-01 13:25:24.715275 (120968) main____ INFO      arguments : '-style' 'windows' '-allow_unsupported_OS' '-no_gui' '-fpv' './synthlc/i_LW_out/xPerfLocCycleCount/cycle_count_div_fsm_s11_.tcl' '-proj' './synthlc/i_LW_out/xPerfLocCycleCount/cycle_count_div_fsm_s11_jgsession_26-03-01-13_25_24'
2026-03-01 13:25:24.715292 (120968) main____ INFO      locale    : UTF-8
2026-03-01 13:25:24.715303 (120968) main____ INFO    ----------------------------------------
2026-03-01 13:25:24.715316 (120968) main____ INFO    System resource limits info:
2026-03-01 13:25:24.716172 (120968) main____ INFO      virtual memory: unlimited
2026-03-01 13:25:24.716187 (120968) main____ INFO      cpu time      : unlimited
2026-03-01 13:25:24.716207 (120968) main____ INFO      processes     : 4096
2026-03-01 13:25:24.716227 (120968) main____ INFO      stack size    : 8388608 B
2026-03-01 13:25:24.716242 (120968) main____ INFO      core file size: 0 B
2026-03-01 13:25:24.716255 (120968) main____ INFO      open files    : 4096
2026-03-01 13:25:24.716267 (120968) main____ INFO      file size     : unlimited
2026-03-01 13:25:24.716278 (120968) main____ INFO    ----------------------------------------
2026-03-01 13:25:24.716288 (120968) main____ INFO    Memory statistics:
2026-03-01 13:25:24.716300 (120968) main____ INFO      total physical memory  : 98449088 kB
2026-03-01 13:25:24.716312 (120968) main____ INFO      free physical memory   : 84394560 kB
2026-03-01 13:25:24.716324 (120968) main____ INFO      committed address space: 9206556 kB
2026-03-01 13:25:24.716334 (120968) main____ INFO    ----------------------------------------
2026-03-01 13:25:24.717528 (120968) main____ INFO    Important environment variables:
2026-03-01 13:25:24.717932 (120968) main____ INFO      CDS_LIC_FILE       : '5280@cadlic0'
2026-03-01 13:25:24.717947 (120968) main____ INFO      DISPLAY            : 'localhost:12.0'
2026-03-01 13:25:24.717960 (120968) main____ INFO      JASPER_INSTALL_DIR : '/cad/cadence/jasper_2023.12p001'
2026-03-01 13:25:24.717972 (120968) main____ INFO      JASPER_KERNEL_CHECK: '1'
2026-03-01 13:25:24.717985 (120968) main____ INFO      JASPER_OS_CHECK    : '0'
2026-03-01 13:25:24.717997 (120968) main____ INFO      LANG               : 'zh_TW.UTF-8'
2026-03-01 13:25:24.718008 (120968) main____ INFO    ----------------------------------------
2026-03-01 13:25:24.719217 (120968) lic_core INFO    Initializing license system ...
2026-03-01 13:25:24.722941 (120968) lic_core INFO    ... license system initialized.
2026-03-01 13:25:24.738357 (120968) lic__man INFO    Claim 'main' for <ui>.
2026-03-01 13:25:24.738431 (120968) lic_core INFO    (1) checking out 'jasper_interactive' ...
2026-03-01 13:25:24.751636 (120968) lic_core INFO    ... (1) checkout succeeded
2026-03-01 13:25:24.751754 (120968) lic__man INFO    Claim 'fpv' for <ui>.
2026-03-01 13:25:24.751784 (120968) lic_core INFO    (2) checking out 'jasper_fpv' ...
2026-03-01 13:25:24.755875 (120968) lic_core INFO    ... (2) checkout failed (error: -5) ("FLEXnet ERROR(-5, 0, 0): No such feature exists.")
2026-03-01 13:25:24.755930 (120968) lic_core INFO    (3) checking out 'jasper_fao' ...
2026-03-01 13:25:24.767656 (120968) lic_core INFO    ... (3) checkout succeeded
2026-03-01 13:25:24.770896 (120979) stdio___ INFO    Starting STDIN reader (tty: yes, tty name: '/dev/pts/0')
2026-03-01 13:25:24.770984 (120968) main____ INFO    Tool inactivity delay is 480000 ms.
2026-03-01 13:25:24.815402 (120968) session_ INFO    Starting analysis session with session id 'session_0' (launcher: <local>) ...
2026-03-01 13:25:24.817373 (120968) session_ INFO    Analysis session with session id 'session_0' started (pid: 120980)
2026-03-01 13:25:25.982070 (120968) session_ INFO    Analysis session 'session_0' connected to the console (host: 127.0.0.1:55994)
2026-03-01 13:25:29.307915 (120968) lic__man INFO    Unclaim everything for 'session_0'.
2026-03-01 13:25:29.529526 (120968) lic__man INFO    Claim 'fpv' for 'session_0'.
2026-03-01 13:25:29.529570 (120968) lic__man INFO    Claim 'fpv' for 'session_0/prove-0'.
2026-03-01 13:25:36.477747 (120968) lic__man INFO    Unclaim everything for 'session_0/prove-0'.
2026-03-01 13:25:36.503748 (120968) lic__man INFO    Claim 'fpv' for 'session_0'.
2026-03-01 13:25:36.503789 (120968) lic__man INFO    Claim 'fpv' for 'session_0/prove-1'.
2026-03-01 13:25:46.901699 (120968) lic__man INFO    Unclaim everything for 'session_0/prove-1'.
2026-03-01 13:25:46.930059 (120968) lic__man INFO    Claim 'fpv' for 'session_0'.
2026-03-01 13:25:46.930103 (120968) lic__man INFO    Claim 'fpv' for 'session_0/prove-2'.
2026-03-01 13:25:59.832139 (120968) lic__man INFO    Unclaim everything for 'session_0/prove-2'.
2026-03-01 13:25:59.863222 (120968) lic__man INFO    Claim 'fpv' for 'session_0'.
2026-03-01 13:25:59.863264 (120968) lic__man INFO    Claim 'fpv' for 'session_0/prove-3'.
2026-03-01 13:26:12.242649 (120968) lic__man INFO    Unclaim everything for 'session_0/prove-3'.
2026-03-01 13:26:12.273861 (120968) lic__man INFO    Claim 'fpv' for 'session_0'.
2026-03-01 13:26:12.273915 (120968) lic__man INFO    Claim 'fpv' for 'session_0/prove-4'.
2026-03-01 13:26:27.439785 (120968) lic__man INFO    Unclaim everything for 'session_0/prove-4'.
2026-03-01 13:26:27.475965 (120968) lic__man INFO    Claim 'fpv' for 'session_0'.
2026-03-01 13:26:27.476004 (120968) lic__man INFO    Claim 'fpv' for 'session_0/prove-5'.
2026-03-01 13:26:46.730686 (120968) lic__man INFO    Unclaim everything for 'session_0/prove-5'.
2026-03-01 13:26:46.763318 (120968) lic__man INFO    Claim 'fpv' for 'session_0'.
2026-03-01 13:26:46.763356 (120968) lic__man INFO    Claim 'fpv' for 'session_0/prove-6'.
2026-03-01 13:27:16.719735 (120968) lic__man INFO    Unclaim everything for 'session_0/prove-6'.
2026-03-01 13:27:16.771882 (120968) main____ INFO    About to exit: request to exit with status 0 received from analysis session 'session_0'
2026-03-01 13:27:16.901242 (120968) session_ INFO    Analysis session 'session_0' disconnected.
2026-03-01 13:27:16.901451 (120968) lic__man INFO    Unclaim everything for 'session_0'.
2026-03-01 13:27:16.901640 (120968) session_ INFO    Process for analysis session 'session_0' has exited with exit status '0'.
2026-03-01 13:27:18.879964 (120979) stdio___ INFO    STDIN reader requested to stop.
2026-03-01 13:27:18.880034 (120979) stdio___ INFO    STDIN reader stopped.
2026-03-01 13:27:18.880267 (120968) lic_core INFO    (1) checkin jasper_interactive
2026-03-01 13:27:18.881796 (120968) lic_core INFO    (3) checkin jasper_fao
2026-03-01 13:27:18.882758 (120968) main____ INFO    Exiting with status 0.
