2026-03-01 08:14:39.393277 (4147601) main____ INFO    ----------------------------------------
2026-03-01 08:14:39.393368 (4147601) main____ INFO    Jasper version info
2026-03-01 08:14:39.393385 (4147601) main____ INFO      tool      : Jasper 2023.12
2026-03-01 08:14:39.393401 (4147601) main____ INFO      version   : 2023.12p001 64 bits
2026-03-01 08:14:39.393415 (4147601) main____ INFO      build date: 2024.01.23 16:09:24 UTC
2026-03-01 08:14:39.393426 (4147601) main____ INFO    ----------------------------------------
2026-03-01 08:14:39.393436 (4147601) main____ INFO    Runtime info:
2026-03-01 08:14:39.393447 (4147601) main____ INFO      platform  : Linux 4.18.0-553.89.1.el8_10.x86_64 x86_64
2026-03-01 08:14:39.393466 (4147601) main____ INFO      hostname  : caddy12.stanford.edu
2026-03-01 08:14:39.393482 (4147601) main____ INFO      pid       : 4147601
2026-03-01 08:14:39.393494 (4147601) main____ INFO      arguments : '-style' 'windows' '-allow_unsupported_OS' '-no_gui' '-fpv' './synthlc/i_LW_out/xPerfLocSubsetDiv/coverset_35_.tcl' '-proj' './synthlc/i_LW_out/xPerfLocSubsetDiv/coverset_35_jgsession_26-03-01-08_14_38'
2026-03-01 08:14:39.393511 (4147601) main____ INFO      locale    : UTF-8
2026-03-01 08:14:39.393522 (4147601) main____ INFO    ----------------------------------------
2026-03-01 08:14:39.393532 (4147601) main____ INFO    System resource limits info:
2026-03-01 08:14:39.393545 (4147601) main____ INFO      virtual memory: unlimited
2026-03-01 08:14:39.393558 (4147601) main____ INFO      cpu time      : unlimited
2026-03-01 08:14:39.393576 (4147601) main____ INFO      processes     : 4096
2026-03-01 08:14:39.393597 (4147601) main____ INFO      stack size    : 8388608 B
2026-03-01 08:14:39.393612 (4147601) main____ INFO      core file size: 0 B
2026-03-01 08:14:39.393626 (4147601) main____ INFO      open files    : 4096
2026-03-01 08:14:39.393639 (4147601) main____ INFO      file size     : unlimited
2026-03-01 08:14:39.393650 (4147601) main____ INFO    ----------------------------------------
2026-03-01 08:14:39.393660 (4147601) main____ INFO    Memory statistics:
2026-03-01 08:14:39.393686 (4147601) main____ INFO      total physical memory  : 98449088 kB
2026-03-01 08:14:39.393698 (4147601) main____ INFO      free physical memory   : 85533720 kB
2026-03-01 08:14:39.393711 (4147601) main____ INFO      committed address space: 8773844 kB
2026-03-01 08:14:39.393721 (4147601) main____ INFO    ----------------------------------------
2026-03-01 08:14:39.394915 (4147601) main____ INFO    Important environment variables:
2026-03-01 08:14:39.394945 (4147601) main____ INFO      CDS_LIC_FILE       : '5280@cadlic0'
2026-03-01 08:14:39.394959 (4147601) main____ INFO      DISPLAY            : 'localhost:12.0'
2026-03-01 08:14:39.394972 (4147601) main____ INFO      JASPER_INSTALL_DIR : '/cad/cadence/jasper_2023.12p001'
2026-03-01 08:14:39.394984 (4147601) main____ INFO      JASPER_KERNEL_CHECK: '1'
2026-03-01 08:14:39.394997 (4147601) main____ INFO      JASPER_OS_CHECK    : '0'
2026-03-01 08:14:39.395009 (4147601) main____ INFO      LANG               : 'zh_TW.UTF-8'
2026-03-01 08:14:39.395020 (4147601) main____ INFO    ----------------------------------------
2026-03-01 08:14:39.399711 (4147601) lic_core INFO    Initializing license system ...
2026-03-01 08:14:39.421926 (4147601) lic_core INFO    ... license system initialized.
2026-03-01 08:14:39.550946 (4147601) lic__man INFO    Claim 'main' for <ui>.
2026-03-01 08:14:39.551021 (4147601) lic_core INFO    (1) checking out 'jasper_interactive' ...
2026-03-01 08:14:39.621078 (4147601) lic_core INFO    ... (1) checkout succeeded
2026-03-01 08:14:39.621200 (4147601) lic__man INFO    Claim 'fpv' for <ui>.
2026-03-01 08:14:39.621232 (4147601) lic_core INFO    (2) checking out 'jasper_fpv' ...
2026-03-01 08:14:39.694220 (4147601) lic_core INFO    ... (2) checkout failed (error: -5) ("FLEXnet ERROR(-5, 0, 0): No such feature exists.")
2026-03-01 08:14:39.694292 (4147601) lic_core INFO    (3) checking out 'jasper_fao' ...
2026-03-01 08:14:39.742107 (4147601) lic_core INFO    ... (3) checkout succeeded
2026-03-01 08:14:39.754485 (4147656) stdio___ INFO    Starting STDIN reader (tty: yes, tty name: '/dev/pts/0')
2026-03-01 08:14:39.758834 (4147601) main____ INFO    Tool inactivity delay is 480000 ms.
2026-03-01 08:14:39.894962 (4147601) session_ INFO    Starting analysis session with session id 'session_0' (launcher: <local>) ...
2026-03-01 08:14:39.896981 (4147601) session_ INFO    Analysis session with session id 'session_0' started (pid: 4147665)
2026-03-01 08:14:41.424230 (4147601) session_ INFO    Analysis session 'session_0' connected to the console (host: 127.0.0.1:35344)
2026-03-01 08:14:44.479636 (4147601) lic__man INFO    Unclaim everything for 'session_0'.
2026-03-01 08:14:44.684010 (4147601) lic__man INFO    Claim 'fpv' for 'session_0'.
2026-03-01 08:14:44.684051 (4147601) lic__man INFO    Claim 'fpv' for 'session_0/prove-0'.
2026-03-01 08:14:47.189103 (4147601) lic__man INFO    Unclaim everything for 'session_0/prove-0'.
2026-03-01 08:14:47.230855 (4147601) main____ INFO    About to exit: request to exit with status 0 received from analysis session 'session_0'
2026-03-01 08:14:47.359457 (4147601) session_ INFO    Analysis session 'session_0' disconnected.
2026-03-01 08:14:47.359684 (4147601) lic__man INFO    Unclaim everything for 'session_0'.
2026-03-01 08:14:47.359879 (4147601) session_ INFO    Process for analysis session 'session_0' has exited with exit status '0'.
2026-03-01 08:14:49.348709 (4147656) stdio___ INFO    STDIN reader requested to stop.
2026-03-01 08:14:49.348762 (4147656) stdio___ INFO    STDIN reader stopped.
2026-03-01 08:14:49.349196 (4147601) lic_core INFO    (1) checkin jasper_interactive
2026-03-01 08:14:49.357710 (4147601) lic_core INFO    (3) checkin jasper_fao
2026-03-01 08:14:49.375024 (4147601) main____ INFO    Exiting with status 0.
