2026-02-26 05:38:32.975836 (3778866) main____ INFO    ----------------------------------------
2026-02-26 05:38:32.975929 (3778866) main____ INFO    Jasper version info
2026-02-26 05:38:32.975944 (3778866) main____ INFO      tool      : Jasper 2023.12
2026-02-26 05:38:32.975960 (3778866) main____ INFO      version   : 2023.12p001 64 bits
2026-02-26 05:38:32.975973 (3778866) main____ INFO      build date: 2024.01.23 16:09:24 UTC
2026-02-26 05:38:32.975983 (3778866) main____ INFO    ----------------------------------------
2026-02-26 05:38:32.975992 (3778866) main____ INFO    Runtime info:
2026-02-26 05:38:32.976002 (3778866) main____ INFO      platform  : Linux 4.18.0-553.89.1.el8_10.x86_64 x86_64
2026-02-26 05:38:32.976021 (3778866) main____ INFO      hostname  : caddy15.stanford.edu
2026-02-26 05:38:32.976037 (3778866) main____ INFO      pid       : 3778866
2026-02-26 05:38:32.976048 (3778866) main____ INFO      arguments : '-style' 'windows' '-allow_unsupported_OS' '-no_gui' '-fpv' './synthlc/i_ADDI_out/xPerfLocSubsetDiv/coverset_190_.tcl' '-proj' './synthlc/i_ADDI_out/xPerfLocSubsetDiv/coverset_190_jgsession_26-02-26-05_38_32'
2026-02-26 05:38:32.976065 (3778866) main____ INFO      locale    : UTF-8
2026-02-26 05:38:32.976074 (3778866) main____ INFO    ----------------------------------------
2026-02-26 05:38:32.976083 (3778866) main____ INFO    System resource limits info:
2026-02-26 05:38:32.976096 (3778866) main____ INFO      virtual memory: unlimited
2026-02-26 05:38:32.976108 (3778866) main____ INFO      cpu time      : unlimited
2026-02-26 05:38:32.976126 (3778866) main____ INFO      processes     : 4096
2026-02-26 05:38:32.976146 (3778866) main____ INFO      stack size    : 8388608 B
2026-02-26 05:38:32.976160 (3778866) main____ INFO      core file size: 0 B
2026-02-26 05:38:32.976172 (3778866) main____ INFO      open files    : 4096
2026-02-26 05:38:32.976184 (3778866) main____ INFO      file size     : unlimited
2026-02-26 05:38:32.976194 (3778866) main____ INFO    ----------------------------------------
2026-02-26 05:38:32.976203 (3778866) main____ INFO    Memory statistics:
2026-02-26 05:38:32.976214 (3778866) main____ INFO      total physical memory  : 98449092 kB
2026-02-26 05:38:32.976225 (3778866) main____ INFO      free physical memory   : 75426148 kB
2026-02-26 05:38:32.976236 (3778866) main____ INFO      committed address space: 7514084 kB
2026-02-26 05:38:32.976246 (3778866) main____ INFO    ----------------------------------------
2026-02-26 05:38:32.977429 (3778866) main____ INFO    Important environment variables:
2026-02-26 05:38:32.977453 (3778866) main____ INFO      CDS_LIC_FILE       : '5280@cadlic0'
2026-02-26 05:38:32.977466 (3778866) main____ INFO      JASPER_INSTALL_DIR : '/cad/cadence/jasper_2023.12p001'
2026-02-26 05:38:32.977478 (3778866) main____ INFO      JASPER_KERNEL_CHECK: '1'
2026-02-26 05:38:32.977489 (3778866) main____ INFO      JASPER_OS_CHECK    : '0'
2026-02-26 05:38:32.977501 (3778866) main____ INFO      LANG               : 'en_US.UTF-8'
2026-02-26 05:38:32.977511 (3778866) main____ INFO    ----------------------------------------
2026-02-26 05:38:32.979497 (3778866) lic_core INFO    Initializing license system ...
2026-02-26 05:38:32.981609 (3778866) lic_core INFO    ... license system initialized.
2026-02-26 05:38:33.077672 (3778866) lic__man INFO    Claim 'main' for <ui>.
2026-02-26 05:38:33.077743 (3778866) lic_core INFO    (1) checking out 'jasper_interactive' ...
2026-02-26 05:38:33.090622 (3778866) lic_core INFO    ... (1) checkout succeeded
2026-02-26 05:38:33.090733 (3778866) lic__man INFO    Claim 'fpv' for <ui>.
2026-02-26 05:38:33.090762 (3778866) lic_core INFO    (2) checking out 'jasper_fpv' ...
2026-02-26 05:38:33.095197 (3778866) lic_core INFO    ... (2) checkout failed (error: -5) ("FLEXnet ERROR(-5, 0, 0): No such feature exists.")
2026-02-26 05:38:33.095252 (3778866) lic_core INFO    (3) checking out 'jasper_fao' ...
2026-02-26 05:38:33.106078 (3778866) lic_core INFO    ... (3) checkout succeeded
2026-02-26 05:38:33.108772 (3778866) main____ INFO    Tool inactivity delay is 480000 ms.
2026-02-26 05:38:33.118546 (3778877) stdio___ INFO    Starting STDIN reader (tty: yes, tty name: '/dev/pts/0')
2026-02-26 05:38:33.162707 (3778866) session_ INFO    Starting analysis session with session id 'session_0' (launcher: <local>) ...
2026-02-26 05:38:33.164634 (3778866) session_ INFO    Analysis session with session id 'session_0' started (pid: 3778878)
2026-02-26 05:38:34.957577 (3778866) session_ INFO    Analysis session 'session_0' connected to the console (host: 127.0.0.1:47460)
2026-02-26 05:38:42.970054 (3778866) lic__man INFO    Unclaim everything for 'session_0'.
2026-02-26 05:38:43.303918 (3778866) lic__man INFO    Claim 'fpv' for 'session_0'.
2026-02-26 05:38:43.303969 (3778866) lic__man INFO    Claim 'fpv' for 'session_0/prove-0'.
2026-02-26 05:38:46.548718 (3778866) lic__man INFO    Unclaim everything for 'session_0/prove-0'.
2026-02-26 05:38:46.602644 (3778866) main____ INFO    About to exit: request to exit with status 0 received from analysis session 'session_0'
2026-02-26 05:38:46.879741 (3778866) session_ INFO    Analysis session 'session_0' disconnected.
2026-02-26 05:38:46.879912 (3778866) lic__man INFO    Unclaim everything for 'session_0'.
2026-02-26 05:38:46.880131 (3778866) session_ INFO    Process for analysis session 'session_0' has exited with exit status '0'.
2026-02-26 05:38:48.521397 (3778877) stdio___ INFO    STDIN reader requested to stop.
2026-02-26 05:38:48.521456 (3778877) stdio___ INFO    STDIN reader stopped.
2026-02-26 05:38:48.531596 (3778866) lic_core INFO    (1) checkin jasper_interactive
2026-02-26 05:38:48.537521 (3778866) lic_core INFO    (3) checkin jasper_fao
2026-02-26 05:38:48.548768 (3778866) main____ INFO    Exiting with status 0.
