2026-02-26 11:21:48.032264 (2097957) main____ INFO    ----------------------------------------
2026-02-26 11:21:48.032371 (2097957) main____ INFO    Jasper version info
2026-02-26 11:21:48.032390 (2097957) main____ INFO      tool      : Jasper 2023.12
2026-02-26 11:21:48.032408 (2097957) main____ INFO      version   : 2023.12p001 64 bits
2026-02-26 11:21:48.032423 (2097957) main____ INFO      build date: 2024.01.23 16:09:24 UTC
2026-02-26 11:21:48.032434 (2097957) main____ INFO    ----------------------------------------
2026-02-26 11:21:48.032445 (2097957) main____ INFO    Runtime info:
2026-02-26 11:21:48.032458 (2097957) main____ INFO      platform  : Linux 4.18.0-553.89.1.el8_10.x86_64 x86_64
2026-02-26 11:21:48.032479 (2097957) main____ INFO      hostname  : caddy12.stanford.edu
2026-02-26 11:21:48.032497 (2097957) main____ INFO      pid       : 2097957
2026-02-26 11:21:48.032510 (2097957) main____ INFO      arguments : '-style' 'windows' '-allow_unsupported_OS' '-no_gui' '-fpv' './synthlc/i_DIV_out/xPairwiseDepDiv/exclusive_71_.tcl' '-proj' './synthlc/i_DIV_out/xPairwiseDepDiv/exclusive_71_jgsession_26-02-26-11_21_46'
2026-02-26 11:21:48.032529 (2097957) main____ INFO      locale    : UTF-8
2026-02-26 11:21:48.032541 (2097957) main____ INFO    ----------------------------------------
2026-02-26 11:21:48.032552 (2097957) main____ INFO    System resource limits info:
2026-02-26 11:21:48.032566 (2097957) main____ INFO      virtual memory: unlimited
2026-02-26 11:21:48.032580 (2097957) main____ INFO      cpu time      : unlimited
2026-02-26 11:21:48.032600 (2097957) main____ INFO      processes     : 4096
2026-02-26 11:21:48.032623 (2097957) main____ INFO      stack size    : 8388608 B
2026-02-26 11:21:48.032639 (2097957) main____ INFO      core file size: 0 B
2026-02-26 11:21:48.032655 (2097957) main____ INFO      open files    : 4096
2026-02-26 11:21:48.032687 (2097957) main____ INFO      file size     : unlimited
2026-02-26 11:21:48.032698 (2097957) main____ INFO    ----------------------------------------
2026-02-26 11:21:48.032709 (2097957) main____ INFO    Memory statistics:
2026-02-26 11:21:48.032723 (2097957) main____ INFO      total physical memory  : 98449088 kB
2026-02-26 11:21:48.032736 (2097957) main____ INFO      free physical memory   : 68493728 kB
2026-02-26 11:21:48.032749 (2097957) main____ INFO      committed address space: 16759008 kB
2026-02-26 11:21:48.032760 (2097957) main____ INFO    ----------------------------------------
2026-02-26 11:21:48.034169 (2097957) main____ INFO    Important environment variables:
2026-02-26 11:21:48.034200 (2097957) main____ INFO      CDS_LIC_FILE       : '5280@cadlic0'
2026-02-26 11:21:48.034216 (2097957) main____ INFO      DISPLAY            : 'localhost:12.0'
2026-02-26 11:21:48.034230 (2097957) main____ INFO      JASPER_INSTALL_DIR : '/cad/cadence/jasper_2023.12p001'
2026-02-26 11:21:48.034243 (2097957) main____ INFO      JASPER_KERNEL_CHECK: '1'
2026-02-26 11:21:48.034257 (2097957) main____ INFO      JASPER_OS_CHECK    : '0'
2026-02-26 11:21:48.034271 (2097957) main____ INFO      LANG               : 'zh_TW.UTF-8'
2026-02-26 11:21:48.034282 (2097957) main____ INFO    ----------------------------------------
2026-02-26 11:21:48.045831 (2097957) lic_core INFO    Initializing license system ...
2026-02-26 11:21:48.069193 (2097957) lic_core INFO    ... license system initialized.
2026-02-26 11:21:48.223180 (2097957) lic__man INFO    Claim 'main' for <ui>.
2026-02-26 11:21:48.223256 (2097957) lic_core INFO    (1) checking out 'jasper_interactive' ...
2026-02-26 11:21:48.305960 (2097957) lic_core INFO    ... (1) checkout succeeded
2026-02-26 11:21:48.306062 (2097957) lic__man INFO    Claim 'fpv' for <ui>.
2026-02-26 11:21:48.306099 (2097957) lic_core INFO    (2) checking out 'jasper_fpv' ...
2026-02-26 11:21:48.363144 (2097957) lic_core INFO    ... (2) checkout failed (error: -5) ("FLEXnet ERROR(-5, 0, 0): No such feature exists.")
2026-02-26 11:21:48.363200 (2097957) lic_core INFO    (3) checking out 'jasper_fao' ...
2026-02-26 11:21:48.444953 (2097957) lic_core INFO    ... (3) checkout succeeded
2026-02-26 11:21:48.446655 (2097957) main____ INFO    Tool inactivity delay is 480000 ms.
2026-02-26 11:21:48.454919 (2097973) stdio___ INFO    Starting STDIN reader (tty: yes, tty name: '/dev/pts/0')
2026-02-26 11:21:48.754829 (2097957) session_ INFO    Starting analysis session with session id 'session_0' (launcher: <local>) ...
2026-02-26 11:21:48.757079 (2097957) session_ INFO    Analysis session with session id 'session_0' started (pid: 2097974)
2026-02-26 11:21:52.317132 (2097957) session_ INFO    Analysis session 'session_0' connected to the console (host: 127.0.0.1:54440)
2026-02-26 11:22:05.115756 (2097957) lic__man INFO    Unclaim everything for 'session_0'.
2026-02-26 11:22:06.052358 (2097957) lic__man INFO    Claim 'fpv' for 'session_0'.
2026-02-26 11:22:06.052403 (2097957) lic__man INFO    Claim 'fpv' for 'session_0/prove-0'.
2026-02-26 11:22:11.525766 (2097957) lic__man INFO    Unclaim everything for 'session_0/prove-0'.
2026-02-26 11:22:11.605084 (2097957) main____ INFO    About to exit: request to exit with status 0 received from analysis session 'session_0'
2026-02-26 11:22:12.128059 (2097957) session_ INFO    Analysis session 'session_0' disconnected.
2026-02-26 11:22:12.128229 (2097957) lic__man INFO    Unclaim everything for 'session_0'.
2026-02-26 11:22:12.128435 (2097957) session_ INFO    Process for analysis session 'session_0' has exited with exit status '0'.
2026-02-26 11:22:13.526045 (2097973) stdio___ INFO    STDIN reader requested to stop.
2026-02-26 11:22:13.526111 (2097973) stdio___ INFO    STDIN reader stopped.
2026-02-26 11:22:13.526479 (2097957) lic_core INFO    (1) checkin jasper_interactive
2026-02-26 11:22:13.528704 (2097957) lic_core INFO    (3) checkin jasper_fao
2026-02-26 11:22:13.573514 (2097957) main____ INFO    Exiting with status 0.
