2026-03-01 21:54:42.735020 (370712) main____ INFO    ----------------------------------------
2026-03-01 21:54:42.735107 (370712) main____ INFO    Jasper version info
2026-03-01 21:54:42.735125 (370712) main____ INFO      tool      : Jasper 2023.12
2026-03-01 21:54:42.735141 (370712) main____ INFO      version   : 2023.12p001 64 bits
2026-03-01 21:54:42.735157 (370712) main____ INFO      build date: 2024.01.23 16:09:24 UTC
2026-03-01 21:54:42.735169 (370712) main____ INFO    ----------------------------------------
2026-03-01 21:54:42.735180 (370712) main____ INFO    Runtime info:
2026-03-01 21:54:42.735193 (370712) main____ INFO      platform  : Linux 4.18.0-553.89.1.el8_10.x86_64 x86_64
2026-03-01 21:54:42.735212 (370712) main____ INFO      hostname  : caddy12.stanford.edu
2026-03-01 21:54:42.735230 (370712) main____ INFO      pid       : 370712
2026-03-01 21:54:42.735242 (370712) main____ INFO      arguments : '-style' 'windows' '-allow_unsupported_OS' '-no_gui' '-fpv' './synthlc/i_BEQ_out/xPairwiseDepDiv/exclusive_11_.tcl' '-proj' './synthlc/i_BEQ_out/xPairwiseDepDiv/exclusive_11_jgsession_26-03-01-21_54_42'
2026-03-01 21:54:42.735260 (370712) main____ INFO      locale    : UTF-8
2026-03-01 21:54:42.735271 (370712) main____ INFO    ----------------------------------------
2026-03-01 21:54:42.735283 (370712) main____ INFO    System resource limits info:
2026-03-01 21:54:42.735297 (370712) main____ INFO      virtual memory: unlimited
2026-03-01 21:54:42.735312 (370712) main____ INFO      cpu time      : unlimited
2026-03-01 21:54:42.736348 (370712) main____ INFO      processes     : 4096
2026-03-01 21:54:42.736377 (370712) main____ INFO      stack size    : 8388608 B
2026-03-01 21:54:42.736393 (370712) main____ INFO      core file size: 0 B
2026-03-01 21:54:42.736408 (370712) main____ INFO      open files    : 4096
2026-03-01 21:54:42.736423 (370712) main____ INFO      file size     : unlimited
2026-03-01 21:54:42.736435 (370712) main____ INFO    ----------------------------------------
2026-03-01 21:54:42.736446 (370712) main____ INFO    Memory statistics:
2026-03-01 21:54:42.736459 (370712) main____ INFO      total physical memory  : 98449088 kB
2026-03-01 21:54:42.736473 (370712) main____ INFO      free physical memory   : 86022204 kB
2026-03-01 21:54:42.736487 (370712) main____ INFO      committed address space: 6768036 kB
2026-03-01 21:54:42.736498 (370712) main____ INFO    ----------------------------------------
2026-03-01 21:54:42.737711 (370712) main____ INFO    Important environment variables:
2026-03-01 21:54:42.738473 (370712) main____ INFO      CDS_LIC_FILE       : '5280@cadlic0'
2026-03-01 21:54:42.738490 (370712) main____ INFO      DISPLAY            : 'localhost:12.0'
2026-03-01 21:54:42.738504 (370712) main____ INFO      JASPER_INSTALL_DIR : '/cad/cadence/jasper_2023.12p001'
2026-03-01 21:54:42.738518 (370712) main____ INFO      JASPER_KERNEL_CHECK: '1'
2026-03-01 21:54:42.738532 (370712) main____ INFO      JASPER_OS_CHECK    : '0'
2026-03-01 21:54:42.738546 (370712) main____ INFO      LANG               : 'zh_TW.UTF-8'
2026-03-01 21:54:42.738557 (370712) main____ INFO    ----------------------------------------
2026-03-01 21:54:42.739707 (370712) lic_core INFO    Initializing license system ...
2026-03-01 21:54:42.742370 (370712) lic_core INFO    ... license system initialized.
2026-03-01 21:54:42.754799 (370712) lic__man INFO    Claim 'main' for <ui>.
2026-03-01 21:54:42.754859 (370712) lic_core INFO    (1) checking out 'jasper_interactive' ...
2026-03-01 21:54:42.767796 (370712) lic_core INFO    ... (1) checkout succeeded
2026-03-01 21:54:42.767882 (370712) lic__man INFO    Claim 'fpv' for <ui>.
2026-03-01 21:54:42.767912 (370712) lic_core INFO    (2) checking out 'jasper_fpv' ...
2026-03-01 21:54:42.772014 (370712) lic_core INFO    ... (2) checkout failed (error: -5) ("FLEXnet ERROR(-5, 0, 0): No such feature exists.")
2026-03-01 21:54:42.772065 (370712) lic_core INFO    (3) checking out 'jasper_fao' ...
2026-03-01 21:54:42.782695 (370712) lic_core INFO    ... (3) checkout succeeded
2026-03-01 21:54:42.783935 (370712) main____ INFO    Tool inactivity delay is 480000 ms.
2026-03-01 21:54:42.784326 (370723) stdio___ INFO    Starting STDIN reader (tty: yes, tty name: '/dev/pts/0')
2026-03-01 21:54:42.827076 (370712) session_ INFO    Starting analysis session with session id 'session_0' (launcher: <local>) ...
2026-03-01 21:54:42.828989 (370712) session_ INFO    Analysis session with session id 'session_0' started (pid: 370724)
2026-03-01 21:54:43.910475 (370712) session_ INFO    Analysis session 'session_0' connected to the console (host: 127.0.0.1:44812)
2026-03-01 21:54:46.939070 (370712) lic__man INFO    Unclaim everything for 'session_0'.
2026-03-01 21:54:47.135962 (370712) lic__man INFO    Claim 'fpv' for 'session_0'.
2026-03-01 21:54:47.136008 (370712) lic__man INFO    Claim 'fpv' for 'session_0/prove-0'.
2026-03-01 21:54:48.505026 (370712) lic__man INFO    Unclaim everything for 'session_0/prove-0'.
2026-03-01 21:54:48.546914 (370712) main____ INFO    About to exit: request to exit with status 0 received from analysis session 'session_0'
2026-03-01 21:54:48.691290 (370712) session_ INFO    Analysis session 'session_0' disconnected.
2026-03-01 21:54:48.691494 (370712) lic__man INFO    Unclaim everything for 'session_0'.
2026-03-01 21:54:48.691714 (370712) session_ INFO    Process for analysis session 'session_0' has exited with exit status '0'.
2026-03-01 21:54:50.454443 (370723) stdio___ INFO    STDIN reader requested to stop.
2026-03-01 21:54:50.454481 (370723) stdio___ INFO    STDIN reader stopped.
2026-03-01 21:54:50.454730 (370712) lic_core INFO    (1) checkin jasper_interactive
2026-03-01 21:54:50.455680 (370712) lic_core INFO    (3) checkin jasper_fao
2026-03-01 21:54:50.458008 (370712) main____ INFO    Exiting with status 0.
