2026-02-27 15:57:09.299107 (3179171) main____ INFO    ----------------------------------------
2026-02-27 15:57:09.299176 (3179171) main____ INFO    Jasper version info
2026-02-27 15:57:09.299191 (3179171) main____ INFO      tool      : Jasper 2023.12
2026-02-27 15:57:09.299206 (3179171) main____ INFO      version   : 2023.12p001 64 bits
2026-02-27 15:57:09.299220 (3179171) main____ INFO      build date: 2024.01.23 16:09:24 UTC
2026-02-27 15:57:09.299230 (3179171) main____ INFO    ----------------------------------------
2026-02-27 15:57:09.299240 (3179171) main____ INFO    Runtime info:
2026-02-27 15:57:09.299251 (3179171) main____ INFO      platform  : Linux 4.18.0-553.89.1.el8_10.x86_64 x86_64
2026-02-27 15:57:09.299268 (3179171) main____ INFO      hostname  : caddy12.stanford.edu
2026-02-27 15:57:09.299283 (3179171) main____ INFO      pid       : 3179171
2026-02-27 15:57:09.299294 (3179171) main____ INFO      arguments : '-style' 'windows' '-allow_unsupported_OS' '-no_gui' '-fpv' './synthlc/i_DIV_out/xPerfLocSubsetDiv/coverset_35_.tcl' '-proj' './synthlc/i_DIV_out/xPerfLocSubsetDiv/coverset_35_jgsession_26-02-27-15_57_09'
2026-02-27 15:57:09.299310 (3179171) main____ INFO      locale    : UTF-8
2026-02-27 15:57:09.299320 (3179171) main____ INFO    ----------------------------------------
2026-02-27 15:57:09.299330 (3179171) main____ INFO    System resource limits info:
2026-02-27 15:57:09.299342 (3179171) main____ INFO      virtual memory: unlimited
2026-02-27 15:57:09.299355 (3179171) main____ INFO      cpu time      : unlimited
2026-02-27 15:57:09.299371 (3179171) main____ INFO      processes     : 4096
2026-02-27 15:57:09.299390 (3179171) main____ INFO      stack size    : 8388608 B
2026-02-27 15:57:09.299405 (3179171) main____ INFO      core file size: 0 B
2026-02-27 15:57:09.299417 (3179171) main____ INFO      open files    : 4096
2026-02-27 15:57:09.299430 (3179171) main____ INFO      file size     : unlimited
2026-02-27 15:57:09.299440 (3179171) main____ INFO    ----------------------------------------
2026-02-27 15:57:09.308168 (3179171) main____ INFO    Memory statistics:
2026-02-27 15:57:09.308183 (3179171) main____ INFO      total physical memory  : 98449088 kB
2026-02-27 15:57:09.308195 (3179171) main____ INFO      free physical memory   : 78909024 kB
2026-02-27 15:57:09.308207 (3179171) main____ INFO      committed address space: 2155772 kB
2026-02-27 15:57:09.308217 (3179171) main____ INFO    ----------------------------------------
2026-02-27 15:57:09.309380 (3179171) main____ INFO    Important environment variables:
2026-02-27 15:57:09.318238 (3179171) main____ INFO      CDS_LIC_FILE       : '5280@cadlic0'
2026-02-27 15:57:09.318278 (3179171) main____ INFO      DISPLAY            : 'localhost:12.0'
2026-02-27 15:57:09.318311 (3179171) main____ INFO      JASPER_INSTALL_DIR : '/cad/cadence/jasper_2023.12p001'
2026-02-27 15:57:09.318344 (3179171) main____ INFO      JASPER_KERNEL_CHECK: '1'
2026-02-27 15:57:09.318377 (3179171) main____ INFO      JASPER_OS_CHECK    : '0'
2026-02-27 15:57:09.318410 (3179171) main____ INFO      LANG               : 'zh_TW.UTF-8'
2026-02-27 15:57:09.318436 (3179171) main____ INFO    ----------------------------------------
2026-02-27 15:57:09.319598 (3179171) lic_core INFO    Initializing license system ...
2026-02-27 15:57:09.329173 (3179171) lic_core INFO    ... license system initialized.
2026-02-27 15:57:09.386639 (3179171) lic__man INFO    Claim 'main' for <ui>.
2026-02-27 15:57:09.386718 (3179171) lic_core INFO    (1) checking out 'jasper_interactive' ...
2026-02-27 15:57:09.399156 (3179171) lic_core INFO    ... (1) checkout succeeded
2026-02-27 15:57:09.399235 (3179171) lic__man INFO    Claim 'fpv' for <ui>.
2026-02-27 15:57:09.399260 (3179171) lic_core INFO    (2) checking out 'jasper_fpv' ...
2026-02-27 15:57:09.403546 (3179171) lic_core INFO    ... (2) checkout failed (error: -5) ("FLEXnet ERROR(-5, 0, 0): No such feature exists.")
2026-02-27 15:57:09.408243 (3179171) lic_core INFO    (3) checking out 'jasper_fao' ...
2026-02-27 15:57:09.419386 (3179171) lic_core INFO    ... (3) checkout succeeded
2026-02-27 15:57:09.420411 (3179198) stdio___ INFO    Starting STDIN reader (tty: yes, tty name: '/dev/pts/0')
2026-02-27 15:57:09.426892 (3179171) main____ INFO    Tool inactivity delay is 480000 ms.
2026-02-27 15:57:09.527528 (3179171) session_ INFO    Starting analysis session with session id 'session_0' (launcher: <local>) ...
2026-02-27 15:57:09.529412 (3179171) session_ INFO    Analysis session with session id 'session_0' started (pid: 3179203)
2026-02-27 15:57:10.628350 (3179171) session_ INFO    Analysis session 'session_0' connected to the console (host: 127.0.0.1:40690)
2026-02-27 15:57:14.094542 (3179171) lic__man INFO    Unclaim everything for 'session_0'.
2026-02-27 15:57:14.490725 (3179171) lic__man INFO    Claim 'fpv' for 'session_0'.
2026-02-27 15:57:14.490767 (3179171) lic__man INFO    Claim 'fpv' for 'session_0/prove-0'.
2026-02-27 15:57:17.274745 (3179171) lic__man INFO    Unclaim everything for 'session_0/prove-0'.
2026-02-27 15:57:17.315812 (3179171) main____ INFO    About to exit: request to exit with status 0 received from analysis session 'session_0'
2026-02-27 15:57:17.451252 (3179171) session_ INFO    Analysis session 'session_0' disconnected.
2026-02-27 15:57:17.451437 (3179171) lic__man INFO    Unclaim everything for 'session_0'.
2026-02-27 15:57:17.451621 (3179171) session_ INFO    Process for analysis session 'session_0' has exited with exit status '0'.
2026-02-27 15:57:19.392287 (3179198) stdio___ INFO    STDIN reader requested to stop.
2026-02-27 15:57:19.392329 (3179198) stdio___ INFO    STDIN reader stopped.
2026-02-27 15:57:19.392610 (3179171) lic_core INFO    (1) checkin jasper_interactive
2026-02-27 15:57:19.393557 (3179171) lic_core INFO    (3) checkin jasper_fao
2026-02-27 15:57:19.394547 (3179171) main____ INFO    Exiting with status 0.
