2026-02-27 17:58:01.855289 (3277295) main____ INFO    ----------------------------------------
2026-02-27 17:58:01.855389 (3277295) main____ INFO    Jasper version info
2026-02-27 17:58:01.855407 (3277295) main____ INFO      tool      : Jasper 2023.12
2026-02-27 17:58:01.855424 (3277295) main____ INFO      version   : 2023.12p001 64 bits
2026-02-27 17:58:01.855438 (3277295) main____ INFO      build date: 2024.01.23 16:09:24 UTC
2026-02-27 17:58:01.855449 (3277295) main____ INFO    ----------------------------------------
2026-02-27 17:58:01.855459 (3277295) main____ INFO    Runtime info:
2026-02-27 17:58:01.855471 (3277295) main____ INFO      platform  : Linux 4.18.0-553.89.1.el8_10.x86_64 x86_64
2026-02-27 17:58:01.855490 (3277295) main____ INFO      hostname  : caddy12.stanford.edu
2026-02-27 17:58:01.855506 (3277295) main____ INFO      pid       : 3277295
2026-02-27 17:58:01.855518 (3277295) main____ INFO      arguments : '-style' 'windows' '-allow_unsupported_OS' '-no_gui' '-fpv' './synthlc/i_DIV_out/xEnumCycleCnt/div_fsm_s5_.tcl' '-proj' './synthlc/i_DIV_out/xEnumCycleCnt/div_fsm_s5_jgsession_26-02-27-17_58_01'
2026-02-27 17:58:01.855536 (3277295) main____ INFO      locale    : UTF-8
2026-02-27 17:58:01.855547 (3277295) main____ INFO    ----------------------------------------
2026-02-27 17:58:01.855557 (3277295) main____ INFO    System resource limits info:
2026-02-27 17:58:01.855570 (3277295) main____ INFO      virtual memory: unlimited
2026-02-27 17:58:01.855583 (3277295) main____ INFO      cpu time      : unlimited
2026-02-27 17:58:01.855603 (3277295) main____ INFO      processes     : 4096
2026-02-27 17:58:01.856536 (3277295) main____ INFO      stack size    : 8388608 B
2026-02-27 17:58:01.856554 (3277295) main____ INFO      core file size: 0 B
2026-02-27 17:58:01.856568 (3277295) main____ INFO      open files    : 4096
2026-02-27 17:58:01.856581 (3277295) main____ INFO      file size     : unlimited
2026-02-27 17:58:01.856591 (3277295) main____ INFO    ----------------------------------------
2026-02-27 17:58:01.856601 (3277295) main____ INFO    Memory statistics:
2026-02-27 17:58:01.856614 (3277295) main____ INFO      total physical memory  : 98449088 kB
2026-02-27 17:58:01.856626 (3277295) main____ INFO      free physical memory   : 75590408 kB
2026-02-27 17:58:01.856638 (3277295) main____ INFO      committed address space: 5867868 kB
2026-02-27 17:58:01.856648 (3277295) main____ INFO    ----------------------------------------
2026-02-27 17:58:01.857857 (3277295) main____ INFO    Important environment variables:
2026-02-27 17:58:01.858245 (3277295) main____ INFO      CDS_LIC_FILE       : '5280@cadlic0'
2026-02-27 17:58:01.858261 (3277295) main____ INFO      DISPLAY            : 'localhost:12.0'
2026-02-27 17:58:01.858274 (3277295) main____ INFO      JASPER_INSTALL_DIR : '/cad/cadence/jasper_2023.12p001'
2026-02-27 17:58:01.858287 (3277295) main____ INFO      JASPER_KERNEL_CHECK: '1'
2026-02-27 17:58:01.858300 (3277295) main____ INFO      JASPER_OS_CHECK    : '0'
2026-02-27 17:58:01.858313 (3277295) main____ INFO      LANG               : 'zh_TW.UTF-8'
2026-02-27 17:58:01.858323 (3277295) main____ INFO    ----------------------------------------
2026-02-27 17:58:01.859563 (3277295) lic_core INFO    Initializing license system ...
2026-02-27 17:58:01.864576 (3277295) lic_core INFO    ... license system initialized.
2026-02-27 17:58:01.876426 (3277295) lic__man INFO    Claim 'main' for <ui>.
2026-02-27 17:58:01.876510 (3277295) lic_core INFO    (1) checking out 'jasper_interactive' ...
2026-02-27 17:58:01.891359 (3277295) lic_core INFO    ... (1) checkout succeeded
2026-02-27 17:58:01.891473 (3277295) lic__man INFO    Claim 'fpv' for <ui>.
2026-02-27 17:58:01.891502 (3277295) lic_core INFO    (2) checking out 'jasper_fpv' ...
2026-02-27 17:58:01.895420 (3277295) lic_core INFO    ... (2) checkout failed (error: -5) ("FLEXnet ERROR(-5, 0, 0): No such feature exists.")
2026-02-27 17:58:01.895476 (3277295) lic_core INFO    (3) checking out 'jasper_fao' ...
2026-02-27 17:58:01.906335 (3277295) lic_core INFO    ... (3) checkout succeeded
2026-02-27 17:58:01.910376 (3277306) stdio___ INFO    Starting STDIN reader (tty: yes, tty name: '/dev/pts/0')
2026-02-27 17:58:01.910501 (3277295) main____ INFO    Tool inactivity delay is 480000 ms.
2026-02-27 17:58:01.958143 (3277295) session_ INFO    Starting analysis session with session id 'session_0' (launcher: <local>) ...
2026-02-27 17:58:01.960150 (3277295) session_ INFO    Analysis session with session id 'session_0' started (pid: 3277307)
2026-02-27 17:58:03.246821 (3277295) session_ INFO    Analysis session 'session_0' connected to the console (host: 127.0.0.1:55926)
2026-02-27 17:58:06.676927 (3277295) lic__man INFO    Unclaim everything for 'session_0'.
2026-02-27 17:58:06.899638 (3277295) lic__man INFO    Claim 'fpv' for 'session_0'.
2026-02-27 17:58:06.899707 (3277295) lic__man INFO    Claim 'fpv' for 'session_0/prove-0'.
2026-02-27 17:58:29.156726 (3277295) lic__man INFO    Unclaim everything for 'session_0/prove-0'.
2026-02-27 17:58:29.166312 (3277295) lic__man INFO    Claim 'fpv' for 'session_0'.
2026-02-27 17:58:29.166359 (3277295) lic__man INFO    Claim 'fpv' for 'session_0/prove-1'.
2026-02-27 17:58:56.115239 (3277295) lic__man INFO    Unclaim everything for 'session_0/prove-1'.
2026-02-27 17:58:56.125319 (3277295) lic__man INFO    Claim 'fpv' for 'session_0'.
2026-02-27 17:58:56.125369 (3277295) lic__man INFO    Claim 'fpv' for 'session_0/prove-2'.
2026-02-27 17:59:13.512897 (3277295) lic__man INFO    Unclaim everything for 'session_0/prove-2'.
2026-02-27 17:59:13.522440 (3277295) lic__man INFO    Claim 'fpv' for 'session_0'.
2026-02-27 17:59:13.522477 (3277295) lic__man INFO    Claim 'fpv' for 'session_0/prove-3'.
2026-02-27 17:59:32.205661 (3277295) lic__man INFO    Unclaim everything for 'session_0/prove-3'.
2026-02-27 17:59:32.216625 (3277295) lic__man INFO    Claim 'fpv' for 'session_0'.
2026-02-27 17:59:32.216693 (3277295) lic__man INFO    Claim 'fpv' for 'session_0/prove-4'.
2026-02-27 17:59:53.415627 (3277295) lic__man INFO    Unclaim everything for 'session_0/prove-4'.
2026-02-27 17:59:53.426111 (3277295) lic__man INFO    Claim 'fpv' for 'session_0'.
2026-02-27 17:59:53.426172 (3277295) lic__man INFO    Claim 'fpv' for 'session_0/prove-5'.
2026-02-27 18:00:16.632052 (3277295) lic__man INFO    Unclaim everything for 'session_0/prove-5'.
2026-02-27 18:00:16.643396 (3277295) lic__man INFO    Claim 'fpv' for 'session_0'.
2026-02-27 18:00:16.643450 (3277295) lic__man INFO    Claim 'fpv' for 'session_0/prove-6'.
2026-02-27 18:00:44.242465 (3277295) lic__man INFO    Unclaim everything for 'session_0/prove-6'.
2026-02-27 18:00:44.254467 (3277295) lic__man INFO    Claim 'fpv' for 'session_0'.
2026-02-27 18:00:44.254509 (3277295) lic__man INFO    Claim 'fpv' for 'session_0/prove-7'.
2026-02-27 18:01:04.278640 (3277295) lic__man INFO    Unclaim everything for 'session_0/prove-7'.
2026-02-27 18:01:04.290773 (3277295) lic__man INFO    Claim 'fpv' for 'session_0'.
2026-02-27 18:01:04.290832 (3277295) lic__man INFO    Claim 'fpv' for 'session_0/prove-8'.
2026-02-27 18:01:26.653724 (3277295) lic__man INFO    Unclaim everything for 'session_0/prove-8'.
2026-02-27 18:01:26.666192 (3277295) lic__man INFO    Claim 'fpv' for 'session_0'.
2026-02-27 18:01:26.666241 (3277295) lic__man INFO    Claim 'fpv' for 'session_0/prove-9'.
2026-02-27 18:01:51.965595 (3277295) lic__man INFO    Unclaim everything for 'session_0/prove-9'.
2026-02-27 18:01:51.978579 (3277295) lic__man INFO    Claim 'fpv' for 'session_0'.
2026-02-27 18:01:51.978633 (3277295) lic__man INFO    Claim 'fpv' for 'session_0/prove-10'.
2026-02-27 18:02:15.803369 (3277295) lic__man INFO    Unclaim everything for 'session_0/prove-10'.
2026-02-27 18:02:15.817230 (3277295) lic__man INFO    Claim 'fpv' for 'session_0'.
2026-02-27 18:02:15.817286 (3277295) lic__man INFO    Claim 'fpv' for 'session_0/prove-11'.
2026-02-27 18:02:45.352801 (3277295) lic__man INFO    Unclaim everything for 'session_0/prove-11'.
2026-02-27 18:02:45.367489 (3277295) lic__man INFO    Claim 'fpv' for 'session_0'.
2026-02-27 18:02:45.367549 (3277295) lic__man INFO    Claim 'fpv' for 'session_0/prove-12'.
2026-02-27 18:03:14.962502 (3277295) lic__man INFO    Unclaim everything for 'session_0/prove-12'.
2026-02-27 18:03:14.974710 (3277295) lic__man INFO    Claim 'fpv' for 'session_0'.
2026-02-27 18:03:14.974765 (3277295) lic__man INFO    Claim 'fpv' for 'session_0/prove-13'.
2026-02-27 18:03:45.833746 (3277295) lic__man INFO    Unclaim everything for 'session_0/prove-13'.
2026-02-27 18:03:45.835599 (3277295) lic__man INFO    Claim 'fpv' for 'session_0'.
2026-02-27 18:03:45.835641 (3277295) lic__man INFO    Claim 'fpv' for 'session_0/prove-14'.
2026-02-27 18:04:10.552910 (3277295) lic__man INFO    Unclaim everything for 'session_0/prove-14'.
2026-02-27 18:04:10.553513 (3277295) lic__man INFO    Claim 'fpv' for 'session_0'.
2026-02-27 18:04:10.553550 (3277295) lic__man INFO    Claim 'fpv' for 'session_0/prove-15'.
2026-02-27 18:04:42.239929 (3277295) lic__man INFO    Unclaim everything for 'session_0/prove-15'.
2026-02-27 18:04:42.240524 (3277295) lic__man INFO    Claim 'fpv' for 'session_0'.
2026-02-27 18:04:42.247101 (3277295) lic__man INFO    Claim 'fpv' for 'session_0/prove-16'.
2026-02-27 18:05:15.965656 (3277295) lic__man INFO    Unclaim everything for 'session_0/prove-16'.
2026-02-27 18:05:15.968930 (3277295) lic__man INFO    Claim 'fpv' for 'session_0'.
2026-02-27 18:05:15.968970 (3277295) lic__man INFO    Claim 'fpv' for 'session_0/prove-17'.
2026-02-27 18:05:40.514240 (3277295) lic__man INFO    Unclaim everything for 'session_0/prove-17'.
2026-02-27 18:05:40.539318 (3277295) lic__man INFO    Claim 'fpv' for 'session_0'.
2026-02-27 18:05:40.539366 (3277295) lic__man INFO    Claim 'fpv' for 'session_0/prove-18'.
2026-02-27 18:06:14.928820 (3277295) lic__man INFO    Unclaim everything for 'session_0/prove-18'.
2026-02-27 18:06:14.934731 (3277295) lic__man INFO    Claim 'fpv' for 'session_0'.
2026-02-27 18:06:14.934771 (3277295) lic__man INFO    Claim 'fpv' for 'session_0/prove-19'.
2026-02-27 18:06:42.302025 (3277295) lic__man INFO    Unclaim everything for 'session_0/prove-19'.
2026-02-27 18:06:42.304336 (3277295) lic__man INFO    Claim 'fpv' for 'session_0'.
2026-02-27 18:06:42.304371 (3277295) lic__man INFO    Claim 'fpv' for 'session_0/prove-20'.
2026-02-27 18:07:15.082556 (3277295) lic__man INFO    Unclaim everything for 'session_0/prove-20'.
2026-02-27 18:07:15.083927 (3277295) lic__man INFO    Claim 'fpv' for 'session_0'.
2026-02-27 18:07:15.083967 (3277295) lic__man INFO    Claim 'fpv' for 'session_0/prove-21'.
2026-02-27 18:07:45.114104 (3277295) lic__man INFO    Unclaim everything for 'session_0/prove-21'.
2026-02-27 18:07:45.118414 (3277295) lic__man INFO    Claim 'fpv' for 'session_0'.
2026-02-27 18:07:45.118451 (3277295) lic__man INFO    Claim 'fpv' for 'session_0/prove-22'.
2026-02-27 18:08:11.058790 (3277295) lic__man INFO    Unclaim everything for 'session_0/prove-22'.
2026-02-27 18:08:11.073046 (3277295) lic__man INFO    Claim 'fpv' for 'session_0'.
2026-02-27 18:08:11.076065 (3277295) lic__man INFO    Claim 'fpv' for 'session_0/prove-23'.
2026-02-27 18:08:43.532469 (3277295) lic__man INFO    Unclaim everything for 'session_0/prove-23'.
2026-02-27 18:08:43.536270 (3277295) lic__man INFO    Claim 'fpv' for 'session_0'.
2026-02-27 18:08:43.536316 (3277295) lic__man INFO    Claim 'fpv' for 'session_0/prove-24'.
2026-02-27 18:09:16.859866 (3277295) lic__man INFO    Unclaim everything for 'session_0/prove-24'.
2026-02-27 18:09:16.875055 (3277295) lic__man INFO    Claim 'fpv' for 'session_0'.
2026-02-27 18:09:16.878427 (3277295) lic__man INFO    Claim 'fpv' for 'session_0/prove-25'.
2026-02-27 18:09:48.203137 (3277295) lic__man INFO    Unclaim everything for 'session_0/prove-25'.
2026-02-27 18:09:48.212155 (3277295) lic__man INFO    Claim 'fpv' for 'session_0'.
2026-02-27 18:09:48.212205 (3277295) lic__man INFO    Claim 'fpv' for 'session_0/prove-26'.
2026-02-27 18:10:26.449785 (3277295) lic__man INFO    Unclaim everything for 'session_0/prove-26'.
2026-02-27 18:10:26.467152 (3277295) lic__man INFO    Claim 'fpv' for 'session_0'.
2026-02-27 18:10:26.467206 (3277295) lic__man INFO    Claim 'fpv' for 'session_0/prove-27'.
2026-02-27 18:10:59.698454 (3277295) lic__man INFO    Unclaim everything for 'session_0/prove-27'.
2026-02-27 18:10:59.715978 (3277295) lic__man INFO    Claim 'fpv' for 'session_0'.
2026-02-27 18:10:59.716030 (3277295) lic__man INFO    Claim 'fpv' for 'session_0/prove-28'.
2026-02-27 18:11:40.249945 (3277295) lic__man INFO    Unclaim everything for 'session_0/prove-28'.
2026-02-27 18:11:40.275603 (3277295) lic__man INFO    Claim 'fpv' for 'session_0'.
2026-02-27 18:11:40.275647 (3277295) lic__man INFO    Claim 'fpv' for 'session_0/prove-29'.
2026-02-27 18:12:24.399516 (3277295) lic__man INFO    Unclaim everything for 'session_0/prove-29'.
2026-02-27 18:12:24.415215 (3277295) lic__man INFO    Claim 'fpv' for 'session_0'.
2026-02-27 18:12:24.415270 (3277295) lic__man INFO    Claim 'fpv' for 'session_0/prove-30'.
2026-02-27 18:13:44.276486 (3277295) lic__man INFO    Unclaim everything for 'session_0/prove-30'.
2026-02-27 18:13:44.283539 (3277295) lic__man INFO    Claim 'fpv' for 'session_0'.
2026-02-27 18:13:44.285772 (3277295) lic__man INFO    Claim 'fpv' for 'session_0/prove-31'.
2026-02-27 18:14:47.590891 (3277295) lic__man INFO    Unclaim everything for 'session_0/prove-31'.
2026-02-27 18:14:47.631007 (3277295) lic__man INFO    Claim 'fpv' for 'session_0'.
2026-02-27 18:14:47.631064 (3277295) lic__man INFO    Claim 'fpv' for 'session_0/prove-32'.
2026-02-27 18:15:29.157467 (3277295) lic__man INFO    Unclaim everything for 'session_0/prove-32'.
2026-02-27 18:15:29.172986 (3277295) lic__man INFO    Claim 'fpv' for 'session_0'.
2026-02-27 18:15:29.175486 (3277295) lic__man INFO    Claim 'fpv' for 'session_0/prove-33'.
2026-02-27 18:16:19.161733 (3277295) lic__man INFO    Unclaim everything for 'session_0/prove-33'.
2026-02-27 18:16:19.181947 (3277295) lic__man INFO    Claim 'fpv' for 'session_0'.
2026-02-27 18:16:19.181996 (3277295) lic__man INFO    Claim 'fpv' for 'session_0/prove-34'.
2026-02-27 18:16:53.778389 (3277295) lic__man INFO    Unclaim everything for 'session_0/prove-34'.
2026-02-27 18:16:53.808785 (3277295) lic__man INFO    Claim 'fpv' for 'session_0'.
2026-02-27 18:16:53.808854 (3277295) lic__man INFO    Claim 'fpv' for 'session_0/prove-35'.
2026-02-27 18:17:45.810398 (3277295) lic__man INFO    Unclaim everything for 'session_0/prove-35'.
2026-02-27 18:17:45.827570 (3277295) lic__man INFO    Claim 'fpv' for 'session_0'.
2026-02-27 18:17:45.830214 (3277295) lic__man INFO    Claim 'fpv' for 'session_0/prove-36'.
2026-02-27 18:18:20.318453 (3277295) lic__man INFO    Unclaim everything for 'session_0/prove-36'.
2026-02-27 18:18:20.338981 (3277295) lic__man INFO    Claim 'fpv' for 'session_0'.
2026-02-27 18:18:20.339025 (3277295) lic__man INFO    Claim 'fpv' for 'session_0/prove-37'.
2026-02-27 18:19:12.750614 (3277295) lic__man INFO    Unclaim everything for 'session_0/prove-37'.
2026-02-27 18:19:12.758632 (3277295) lic__man INFO    Claim 'fpv' for 'session_0'.
2026-02-27 18:19:12.758689 (3277295) lic__man INFO    Claim 'fpv' for 'session_0/prove-38'.
2026-02-27 18:20:16.966818 (3277295) lic__man INFO    Unclaim everything for 'session_0/prove-38'.
2026-02-27 18:20:16.974701 (3277295) lic__man INFO    Claim 'fpv' for 'session_0'.
2026-02-27 18:20:16.977747 (3277295) lic__man INFO    Claim 'fpv' for 'session_0/prove-39'.
2026-02-27 18:21:08.669382 (3277295) lic__man INFO    Unclaim everything for 'session_0/prove-39'.
2026-02-27 18:21:08.678445 (3277295) lic__man INFO    Claim 'fpv' for 'session_0'.
2026-02-27 18:21:08.678488 (3277295) lic__man INFO    Claim 'fpv' for 'session_0/prove-40'.
2026-02-27 18:21:53.117222 (3277295) lic__man INFO    Unclaim everything for 'session_0/prove-40'.
2026-02-27 18:21:53.127193 (3277295) lic__man INFO    Claim 'fpv' for 'session_0'.
2026-02-27 18:21:53.127241 (3277295) lic__man INFO    Claim 'fpv' for 'session_0/prove-41'.
2026-02-27 18:22:44.947547 (3277295) lic__man INFO    Unclaim everything for 'session_0/prove-41'.
2026-02-27 18:22:44.967810 (3277295) lic__man INFO    Claim 'fpv' for 'session_0'.
2026-02-27 18:22:44.967869 (3277295) lic__man INFO    Claim 'fpv' for 'session_0/prove-42'.
2026-02-27 18:23:23.616991 (3277295) lic__man INFO    Unclaim everything for 'session_0/prove-42'.
2026-02-27 18:23:23.636641 (3277295) lic__man INFO    Claim 'fpv' for 'session_0'.
2026-02-27 18:23:23.656011 (3277295) lic__man INFO    Claim 'fpv' for 'session_0/prove-43'.
2026-02-27 18:24:37.336957 (3277295) lic__man INFO    Unclaim everything for 'session_0/prove-43'.
2026-02-27 18:24:37.348002 (3277295) lic__man INFO    Claim 'fpv' for 'session_0'.
2026-02-27 18:24:37.348048 (3277295) lic__man INFO    Claim 'fpv' for 'session_0/prove-44'.
2026-02-27 18:25:38.976088 (3277295) lic__man INFO    Unclaim everything for 'session_0/prove-44'.
2026-02-27 18:25:38.988248 (3277295) lic__man INFO    Claim 'fpv' for 'session_0'.
2026-02-27 18:25:38.995243 (3277295) lic__man INFO    Claim 'fpv' for 'session_0/prove-45'.
2026-02-27 18:26:38.333298 (3277295) lic__man INFO    Unclaim everything for 'session_0/prove-45'.
2026-02-27 18:26:38.338101 (3277295) lic__man INFO    Claim 'fpv' for 'session_0'.
2026-02-27 18:26:38.338138 (3277295) lic__man INFO    Claim 'fpv' for 'session_0/prove-46'.
2026-02-27 18:27:37.877059 (3277295) lic__man INFO    Unclaim everything for 'session_0/prove-46'.
2026-02-27 18:27:37.901175 (3277295) lic__man INFO    Claim 'fpv' for 'session_0'.
2026-02-27 18:27:37.901227 (3277295) lic__man INFO    Claim 'fpv' for 'session_0/prove-47'.
2026-02-27 18:28:51.772588 (3277295) lic__man INFO    Unclaim everything for 'session_0/prove-47'.
2026-02-27 18:28:51.787736 (3277295) lic__man INFO    Claim 'fpv' for 'session_0'.
2026-02-27 18:28:51.787788 (3277295) lic__man INFO    Claim 'fpv' for 'session_0/prove-48'.
2026-02-27 18:29:44.025518 (3277295) lic__man INFO    Unclaim everything for 'session_0/prove-48'.
2026-02-27 18:29:44.042593 (3277295) lic__man INFO    Claim 'fpv' for 'session_0'.
2026-02-27 18:29:44.042648 (3277295) lic__man INFO    Claim 'fpv' for 'session_0/prove-49'.
2026-02-27 18:30:36.509276 (3277295) lic__man INFO    Unclaim everything for 'session_0/prove-49'.
2026-02-27 18:30:36.535811 (3277295) lic__man INFO    Claim 'fpv' for 'session_0'.
2026-02-27 18:30:36.535877 (3277295) lic__man INFO    Claim 'fpv' for 'session_0/prove-50'.
2026-02-27 18:31:46.971529 (3277295) lic__man INFO    Unclaim everything for 'session_0/prove-50'.
2026-02-27 18:31:46.996584 (3277295) lic__man INFO    Claim 'fpv' for 'session_0'.
2026-02-27 18:31:46.996634 (3277295) lic__man INFO    Claim 'fpv' for 'session_0/prove-51'.
2026-02-27 18:33:00.257830 (3277295) lic__man INFO    Unclaim everything for 'session_0/prove-51'.
2026-02-27 18:33:00.284908 (3277295) lic__man INFO    Claim 'fpv' for 'session_0'.
2026-02-27 18:33:00.284969 (3277295) lic__man INFO    Claim 'fpv' for 'session_0/prove-52'.
2026-02-27 18:34:00.742746 (3277295) lic__man INFO    Unclaim everything for 'session_0/prove-52'.
2026-02-27 18:34:00.765069 (3277295) lic__man INFO    Claim 'fpv' for 'session_0'.
2026-02-27 18:34:00.765121 (3277295) lic__man INFO    Claim 'fpv' for 'session_0/prove-53'.
2026-02-27 18:36:02.940211 (3277295) lic__man INFO    Unclaim everything for 'session_0/prove-53'.
2026-02-27 18:36:02.988133 (3277295) lic__man INFO    Claim 'fpv' for 'session_0'.
2026-02-27 18:36:02.988195 (3277295) lic__man INFO    Claim 'fpv' for 'session_0/prove-54'.
2026-02-27 18:37:16.242698 (3277295) lic__man INFO    Unclaim everything for 'session_0/prove-54'.
2026-02-27 18:37:16.272650 (3277295) lic__man INFO    Claim 'fpv' for 'session_0'.
2026-02-27 18:37:16.272718 (3277295) lic__man INFO    Claim 'fpv' for 'session_0/prove-55'.
2026-02-27 18:39:21.754629 (3277295) lic__man INFO    Unclaim everything for 'session_0/prove-55'.
2026-02-27 18:39:21.785520 (3277295) lic__man INFO    Claim 'fpv' for 'session_0'.
2026-02-27 18:39:21.785578 (3277295) lic__man INFO    Claim 'fpv' for 'session_0/prove-56'.
2026-02-27 18:40:48.685933 (3277295) lic__man INFO    Unclaim everything for 'session_0/prove-56'.
2026-02-27 18:40:48.715118 (3277295) lic__man INFO    Claim 'fpv' for 'session_0'.
2026-02-27 18:40:48.715171 (3277295) lic__man INFO    Claim 'fpv' for 'session_0/prove-57'.
2026-02-27 18:42:17.055537 (3277295) lic__man INFO    Unclaim everything for 'session_0/prove-57'.
2026-02-27 18:42:17.083761 (3277295) lic__man INFO    Claim 'fpv' for 'session_0'.
2026-02-27 18:42:17.083813 (3277295) lic__man INFO    Claim 'fpv' for 'session_0/prove-58'.
2026-02-27 18:43:42.898259 (3277295) lic__man INFO    Unclaim everything for 'session_0/prove-58'.
2026-02-27 18:43:42.926217 (3277295) lic__man INFO    Claim 'fpv' for 'session_0'.
2026-02-27 18:43:42.926259 (3277295) lic__man INFO    Claim 'fpv' for 'session_0/prove-59'.
2026-02-27 18:44:46.507134 (3277295) lic__man INFO    Unclaim everything for 'session_0/prove-59'.
2026-02-27 18:44:46.537174 (3277295) lic__man INFO    Claim 'fpv' for 'session_0'.
2026-02-27 18:44:46.537237 (3277295) lic__man INFO    Claim 'fpv' for 'session_0/prove-60'.
2026-02-27 18:45:29.889608 (3277295) lic__man INFO    Unclaim everything for 'session_0/prove-60'.
2026-02-27 18:45:29.917590 (3277295) lic__man INFO    Claim 'fpv' for 'session_0'.
2026-02-27 18:45:29.917651 (3277295) lic__man INFO    Claim 'fpv' for 'session_0/prove-61'.
2026-02-27 18:47:16.728202 (3277295) lic__man INFO    Unclaim everything for 'session_0/prove-61'.
2026-02-27 18:47:16.758848 (3277295) lic__man INFO    Claim 'fpv' for 'session_0'.
2026-02-27 18:47:16.758912 (3277295) lic__man INFO    Claim 'fpv' for 'session_0/prove-62'.
2026-02-27 18:48:47.824131 (3277295) lic__man INFO    Unclaim everything for 'session_0/prove-62'.
2026-02-27 18:48:47.853711 (3277295) lic__man INFO    Claim 'fpv' for 'session_0'.
2026-02-27 18:48:47.853767 (3277295) lic__man INFO    Claim 'fpv' for 'session_0/prove-63'.
2026-02-27 18:50:32.863763 (3277295) lic__man INFO    Unclaim everything for 'session_0/prove-63'.
2026-02-27 18:50:32.894068 (3277295) lic__man INFO    Claim 'fpv' for 'session_0'.
2026-02-27 18:50:32.894119 (3277295) lic__man INFO    Claim 'fpv' for 'session_0/prove-64'.
2026-02-27 18:51:48.549767 (3277295) lic__man INFO    Unclaim everything for 'session_0/prove-64'.
2026-02-27 18:51:48.580484 (3277295) lic__man INFO    Claim 'fpv' for 'session_0'.
2026-02-27 18:51:48.580542 (3277295) lic__man INFO    Claim 'fpv' for 'session_0/prove-65'.
2026-02-27 18:53:33.939428 (3277295) lic__man INFO    Unclaim everything for 'session_0/prove-65'.
2026-02-27 18:53:33.971128 (3277295) lic__man INFO    Claim 'fpv' for 'session_0'.
2026-02-27 18:53:33.971182 (3277295) lic__man INFO    Claim 'fpv' for 'session_0/prove-66'.
2026-02-27 18:54:38.708681 (3277295) lic__man INFO    Unclaim everything for 'session_0/prove-66'.
2026-02-27 18:54:38.739375 (3277295) lic__man INFO    Claim 'fpv' for 'session_0'.
2026-02-27 18:54:38.739434 (3277295) lic__man INFO    Claim 'fpv' for 'session_0/prove-67'.
2026-02-27 18:55:44.803702 (3277295) lic__man INFO    Unclaim everything for 'session_0/prove-67'.
2026-02-27 18:55:44.835518 (3277295) lic__man INFO    Claim 'fpv' for 'session_0'.
2026-02-27 18:55:44.835579 (3277295) lic__man INFO    Claim 'fpv' for 'session_0/prove-68'.
2026-02-27 18:56:59.696957 (3277295) lic__man INFO    Unclaim everything for 'session_0/prove-68'.
2026-02-27 18:56:59.730161 (3277295) lic__man INFO    Claim 'fpv' for 'session_0'.
2026-02-27 18:56:59.730217 (3277295) lic__man INFO    Claim 'fpv' for 'session_0/prove-69'.
2026-02-27 18:58:55.431927 (3277295) lic__man INFO    Unclaim everything for 'session_0/prove-69'.
2026-02-27 18:58:55.495994 (3277295) main____ INFO    About to exit: request to exit with status 0 received from analysis session 'session_0'
2026-02-27 18:58:55.667131 (3277295) session_ INFO    Analysis session 'session_0' disconnected.
2026-02-27 18:58:55.667387 (3277295) lic__man INFO    Unclaim everything for 'session_0'.
2026-02-27 18:58:55.667702 (3277295) session_ INFO    Process for analysis session 'session_0' has exited with exit status '0'.
2026-02-27 18:58:57.409743 (3277306) stdio___ INFO    STDIN reader requested to stop.
2026-02-27 18:58:57.409823 (3277306) stdio___ INFO    STDIN reader stopped.
2026-02-27 18:58:57.410224 (3277295) lic_core INFO    (1) checkin jasper_interactive
2026-02-27 18:58:57.412141 (3277295) lic_core INFO    (3) checkin jasper_fao
2026-02-27 18:58:57.414143 (3277295) main____ INFO    Exiting with status 0.
