2026-02-26 02:10:26.588839 (3642633) main____ INFO    ----------------------------------------
2026-02-26 02:10:26.588938 (3642633) main____ INFO    Jasper version info
2026-02-26 02:10:26.588954 (3642633) main____ INFO      tool      : Jasper 2023.12
2026-02-26 02:10:26.588970 (3642633) main____ INFO      version   : 2023.12p001 64 bits
2026-02-26 02:10:26.588983 (3642633) main____ INFO      build date: 2024.01.23 16:09:24 UTC
2026-02-26 02:10:26.588993 (3642633) main____ INFO    ----------------------------------------
2026-02-26 02:10:26.589002 (3642633) main____ INFO    Runtime info:
2026-02-26 02:10:26.589013 (3642633) main____ INFO      platform  : Linux 4.18.0-553.89.1.el8_10.x86_64 x86_64
2026-02-26 02:10:26.589032 (3642633) main____ INFO      hostname  : caddy15.stanford.edu
2026-02-26 02:10:26.589047 (3642633) main____ INFO      pid       : 3642633
2026-02-26 02:10:26.589059 (3642633) main____ INFO      arguments : '-style' 'windows' '-allow_unsupported_OS' '-no_gui' '-fpv' './synthlc/i_ADDI_out/xPairwiseDepDiv/nunv_anytwo_74_.tcl' '-proj' './synthlc/i_ADDI_out/xPairwiseDepDiv/nunv_anytwo_74_jgsession_26-02-26-02_10_26'
2026-02-26 02:10:26.589076 (3642633) main____ INFO      locale    : UTF-8
2026-02-26 02:10:26.589086 (3642633) main____ INFO    ----------------------------------------
2026-02-26 02:10:26.589095 (3642633) main____ INFO    System resource limits info:
2026-02-26 02:10:26.589108 (3642633) main____ INFO      virtual memory: unlimited
2026-02-26 02:10:26.589120 (3642633) main____ INFO      cpu time      : unlimited
2026-02-26 02:10:26.589139 (3642633) main____ INFO      processes     : 4096
2026-02-26 02:10:26.589160 (3642633) main____ INFO      stack size    : 8388608 B
2026-02-26 02:10:26.589174 (3642633) main____ INFO      core file size: 0 B
2026-02-26 02:10:26.589187 (3642633) main____ INFO      open files    : 4096
2026-02-26 02:10:26.589199 (3642633) main____ INFO      file size     : unlimited
2026-02-26 02:10:26.589209 (3642633) main____ INFO    ----------------------------------------
2026-02-26 02:10:26.589218 (3642633) main____ INFO    Memory statistics:
2026-02-26 02:10:26.589230 (3642633) main____ INFO      total physical memory  : 98449092 kB
2026-02-26 02:10:26.589241 (3642633) main____ INFO      free physical memory   : 75260376 kB
2026-02-26 02:10:26.589253 (3642633) main____ INFO      committed address space: 8146556 kB
2026-02-26 02:10:26.589262 (3642633) main____ INFO    ----------------------------------------
2026-02-26 02:10:26.590449 (3642633) main____ INFO    Important environment variables:
2026-02-26 02:10:26.590475 (3642633) main____ INFO      CDS_LIC_FILE       : '5280@cadlic0'
2026-02-26 02:10:26.590487 (3642633) main____ INFO      JASPER_INSTALL_DIR : '/cad/cadence/jasper_2023.12p001'
2026-02-26 02:10:26.590500 (3642633) main____ INFO      JASPER_KERNEL_CHECK: '1'
2026-02-26 02:10:26.590512 (3642633) main____ INFO      JASPER_OS_CHECK    : '0'
2026-02-26 02:10:26.590524 (3642633) main____ INFO      LANG               : 'en_US.UTF-8'
2026-02-26 02:10:26.590533 (3642633) main____ INFO    ----------------------------------------
2026-02-26 02:10:26.592449 (3642633) lic_core INFO    Initializing license system ...
2026-02-26 02:10:26.593885 (3642633) lic_core INFO    ... license system initialized.
2026-02-26 02:10:26.605693 (3642633) lic__man INFO    Claim 'main' for <ui>.
2026-02-26 02:10:26.605761 (3642633) lic_core INFO    (1) checking out 'jasper_interactive' ...
2026-02-26 02:10:26.618569 (3642633) lic_core INFO    ... (1) checkout succeeded
2026-02-26 02:10:26.618672 (3642633) lic__man INFO    Claim 'fpv' for <ui>.
2026-02-26 02:10:26.618701 (3642633) lic_core INFO    (2) checking out 'jasper_fpv' ...
2026-02-26 02:10:26.622818 (3642633) lic_core INFO    ... (2) checkout failed (error: -5) ("FLEXnet ERROR(-5, 0, 0): No such feature exists.")
2026-02-26 02:10:26.622874 (3642633) lic_core INFO    (3) checking out 'jasper_fao' ...
2026-02-26 02:10:26.633910 (3642633) lic_core INFO    ... (3) checkout succeeded
2026-02-26 02:10:26.647205 (3642633) main____ INFO    Tool inactivity delay is 480000 ms.
2026-02-26 02:10:26.655556 (3642645) stdio___ INFO    Starting STDIN reader (tty: yes, tty name: '/dev/pts/0')
2026-02-26 02:10:26.810554 (3642633) session_ INFO    Starting analysis session with session id 'session_0' (launcher: <local>) ...
2026-02-26 02:10:26.812610 (3642633) session_ INFO    Analysis session with session id 'session_0' started (pid: 3642646)
2026-02-26 02:10:28.377264 (3642633) session_ INFO    Analysis session 'session_0' connected to the console (host: 127.0.0.1:40366)
2026-02-26 02:10:32.483804 (3642633) lic__man INFO    Unclaim everything for 'session_0'.
2026-02-26 02:10:32.883664 (3642633) lic__man INFO    Claim 'fpv' for 'session_0'.
2026-02-26 02:10:32.883708 (3642633) lic__man INFO    Claim 'fpv' for 'session_0/prove-0'.
2026-02-26 02:10:34.789532 (3642633) lic__man INFO    Unclaim everything for 'session_0/prove-0'.
2026-02-26 02:10:34.845692 (3642633) main____ INFO    About to exit: request to exit with status 0 received from analysis session 'session_0'
2026-02-26 02:10:35.144559 (3642633) session_ INFO    Analysis session 'session_0' disconnected.
2026-02-26 02:10:35.144716 (3642633) lic__man INFO    Unclaim everything for 'session_0'.
2026-02-26 02:10:35.164445 (3642633) session_ INFO    Process for analysis session 'session_0' has exited with exit status '0'.
2026-02-26 02:10:36.916401 (3642645) stdio___ INFO    STDIN reader requested to stop.
2026-02-26 02:10:36.916449 (3642645) stdio___ INFO    STDIN reader stopped.
2026-02-26 02:10:36.921707 (3642633) lic_core INFO    (1) checkin jasper_interactive
2026-02-26 02:10:36.922800 (3642633) lic_core INFO    (3) checkin jasper_fao
2026-02-26 02:10:36.924586 (3642633) main____ INFO    Exiting with status 0.
