2026-02-27 16:42:21.780897 (3224083) main____ INFO    ----------------------------------------
2026-02-27 16:42:21.781029 (3224083) main____ INFO    Jasper version info
2026-02-27 16:42:21.781047 (3224083) main____ INFO      tool      : Jasper 2023.12
2026-02-27 16:42:21.781064 (3224083) main____ INFO      version   : 2023.12p001 64 bits
2026-02-27 16:42:21.781078 (3224083) main____ INFO      build date: 2024.01.23 16:09:24 UTC
2026-02-27 16:42:21.781088 (3224083) main____ INFO    ----------------------------------------
2026-02-27 16:42:21.781098 (3224083) main____ INFO    Runtime info:
2026-02-27 16:42:21.781110 (3224083) main____ INFO      platform  : Linux 4.18.0-553.89.1.el8_10.x86_64 x86_64
2026-02-27 16:42:21.781130 (3224083) main____ INFO      hostname  : caddy12.stanford.edu
2026-02-27 16:42:21.781146 (3224083) main____ INFO      pid       : 3224083
2026-02-27 16:42:21.781158 (3224083) main____ INFO      arguments : '-style' 'windows' '-allow_unsupported_OS' '-no_gui' '-fpv' './synthlc/i_DIV_out/xHBPerfG_dfg_v3_div/WHB_79_.tcl' '-proj' './synthlc/i_DIV_out/xHBPerfG_dfg_v3_div/WHB_79_jgsession_26-02-27-16_42_21'
2026-02-27 16:42:21.781176 (3224083) main____ INFO      locale    : UTF-8
2026-02-27 16:42:21.781186 (3224083) main____ INFO    ----------------------------------------
2026-02-27 16:42:21.781196 (3224083) main____ INFO    System resource limits info:
2026-02-27 16:42:21.781209 (3224083) main____ INFO      virtual memory: unlimited
2026-02-27 16:42:21.781223 (3224083) main____ INFO      cpu time      : unlimited
2026-02-27 16:42:21.781242 (3224083) main____ INFO      processes     : 4096
2026-02-27 16:42:21.781262 (3224083) main____ INFO      stack size    : 8388608 B
2026-02-27 16:42:21.781277 (3224083) main____ INFO      core file size: 0 B
2026-02-27 16:42:21.781291 (3224083) main____ INFO      open files    : 4096
2026-02-27 16:42:21.781304 (3224083) main____ INFO      file size     : unlimited
2026-02-27 16:42:21.781314 (3224083) main____ INFO    ----------------------------------------
2026-02-27 16:42:21.781325 (3224083) main____ INFO    Memory statistics:
2026-02-27 16:42:21.781337 (3224083) main____ INFO      total physical memory  : 98449088 kB
2026-02-27 16:42:21.781349 (3224083) main____ INFO      free physical memory   : 77275900 kB
2026-02-27 16:42:21.781362 (3224083) main____ INFO      committed address space: 4002900 kB
2026-02-27 16:42:21.781372 (3224083) main____ INFO    ----------------------------------------
2026-02-27 16:42:21.782622 (3224083) main____ INFO    Important environment variables:
2026-02-27 16:42:21.782656 (3224083) main____ INFO      CDS_LIC_FILE       : '5280@cadlic0'
2026-02-27 16:42:21.782688 (3224083) main____ INFO      DISPLAY            : 'localhost:12.0'
2026-02-27 16:42:21.782701 (3224083) main____ INFO      JASPER_INSTALL_DIR : '/cad/cadence/jasper_2023.12p001'
2026-02-27 16:42:21.782713 (3224083) main____ INFO      JASPER_KERNEL_CHECK: '1'
2026-02-27 16:42:21.782726 (3224083) main____ INFO      JASPER_OS_CHECK    : '0'
2026-02-27 16:42:21.782739 (3224083) main____ INFO      LANG               : 'zh_TW.UTF-8'
2026-02-27 16:42:21.782750 (3224083) main____ INFO    ----------------------------------------
2026-02-27 16:42:21.784851 (3224083) lic_core INFO    Initializing license system ...
2026-02-27 16:42:21.793024 (3224083) lic_core INFO    ... license system initialized.
2026-02-27 16:42:21.805991 (3224083) lic__man INFO    Claim 'main' for <ui>.
2026-02-27 16:42:21.806064 (3224083) lic_core INFO    (1) checking out 'jasper_interactive' ...
2026-02-27 16:42:21.818559 (3224083) lic_core INFO    ... (1) checkout succeeded
2026-02-27 16:42:21.818659 (3224083) lic__man INFO    Claim 'fpv' for <ui>.
2026-02-27 16:42:21.818702 (3224083) lic_core INFO    (2) checking out 'jasper_fpv' ...
2026-02-27 16:42:21.823017 (3224083) lic_core INFO    ... (2) checkout failed (error: -5) ("FLEXnet ERROR(-5, 0, 0): No such feature exists.")
2026-02-27 16:42:21.823096 (3224083) lic_core INFO    (3) checking out 'jasper_fao' ...
2026-02-27 16:42:21.835701 (3224083) lic_core INFO    ... (3) checkout succeeded
2026-02-27 16:42:21.836917 (3224083) main____ INFO    Tool inactivity delay is 480000 ms.
2026-02-27 16:42:21.837189 (3224105) stdio___ INFO    Starting STDIN reader (tty: yes, tty name: '/dev/pts/0')
2026-02-27 16:42:21.887123 (3224083) session_ INFO    Starting analysis session with session id 'session_0' (launcher: <local>) ...
2026-02-27 16:42:21.889123 (3224083) session_ INFO    Analysis session with session id 'session_0' started (pid: 3224107)
2026-02-27 16:42:23.321167 (3224083) session_ INFO    Analysis session 'session_0' connected to the console (host: 127.0.0.1:37504)
2026-02-27 16:42:27.597282 (3224083) lic__man INFO    Unclaim everything for 'session_0'.
2026-02-27 16:42:27.799419 (3224083) lic__man INFO    Claim 'fpv' for 'session_0'.
2026-02-27 16:42:27.799461 (3224083) lic__man INFO    Claim 'fpv' for 'session_0/prove-0'.
2026-02-27 16:42:52.391916 (3224083) lic__man INFO    Unclaim everything for 'session_0/prove-0'.
2026-02-27 16:42:52.436786 (3224083) main____ INFO    About to exit: request to exit with status 0 received from analysis session 'session_0'
2026-02-27 16:42:52.580886 (3224083) session_ INFO    Analysis session 'session_0' disconnected.
2026-02-27 16:42:52.581092 (3224083) lic__man INFO    Unclaim everything for 'session_0'.
2026-02-27 16:42:52.581265 (3224083) session_ INFO    Process for analysis session 'session_0' has exited with exit status '0'.
2026-02-27 16:42:54.391481 (3224105) stdio___ INFO    STDIN reader requested to stop.
2026-02-27 16:42:54.391533 (3224105) stdio___ INFO    STDIN reader stopped.
2026-02-27 16:42:54.391734 (3224083) lic_core INFO    (1) checkin jasper_interactive
2026-02-27 16:42:54.392750 (3224083) lic_core INFO    (3) checkin jasper_fao
2026-02-27 16:42:54.394467 (3224083) main____ INFO    Exiting with status 0.
