2026-02-26 13:15:43.500252 (2214092) main____ INFO    ----------------------------------------
2026-02-26 13:15:43.500356 (2214092) main____ INFO    Jasper version info
2026-02-26 13:15:43.500372 (2214092) main____ INFO      tool      : Jasper 2023.12
2026-02-26 13:15:43.500387 (2214092) main____ INFO      version   : 2023.12p001 64 bits
2026-02-26 13:15:43.500400 (2214092) main____ INFO      build date: 2024.01.23 16:09:24 UTC
2026-02-26 13:15:43.500410 (2214092) main____ INFO    ----------------------------------------
2026-02-26 13:15:43.500420 (2214092) main____ INFO    Runtime info:
2026-02-26 13:15:43.500430 (2214092) main____ INFO      platform  : Linux 4.18.0-553.89.1.el8_10.x86_64 x86_64
2026-02-26 13:15:43.500450 (2214092) main____ INFO      hostname  : caddy12.stanford.edu
2026-02-26 13:15:43.500465 (2214092) main____ INFO      pid       : 2214092
2026-02-26 13:15:43.500476 (2214092) main____ INFO      arguments : '-style' 'windows' '-allow_unsupported_OS' '-no_gui' '-fpv' './synthlc/i_DIV_out/xHBPerfG_dfg_v3_div/WHB_247_.tcl' '-proj' './synthlc/i_DIV_out/xHBPerfG_dfg_v3_div/WHB_247_jgsession_26-02-26-13_15_42'
2026-02-26 13:15:43.500493 (2214092) main____ INFO      locale    : UTF-8
2026-02-26 13:15:43.500503 (2214092) main____ INFO    ----------------------------------------
2026-02-26 13:15:43.500512 (2214092) main____ INFO    System resource limits info:
2026-02-26 13:15:43.500525 (2214092) main____ INFO      virtual memory: unlimited
2026-02-26 13:15:43.500536 (2214092) main____ INFO      cpu time      : unlimited
2026-02-26 13:15:43.500554 (2214092) main____ INFO      processes     : 4096
2026-02-26 13:15:43.500575 (2214092) main____ INFO      stack size    : 8388608 B
2026-02-26 13:15:43.500589 (2214092) main____ INFO      core file size: 0 B
2026-02-26 13:15:43.500602 (2214092) main____ INFO      open files    : 4096
2026-02-26 13:15:43.500614 (2214092) main____ INFO      file size     : unlimited
2026-02-26 13:15:43.500624 (2214092) main____ INFO    ----------------------------------------
2026-02-26 13:15:43.500633 (2214092) main____ INFO    Memory statistics:
2026-02-26 13:15:43.500644 (2214092) main____ INFO      total physical memory  : 98449088 kB
2026-02-26 13:15:43.500656 (2214092) main____ INFO      free physical memory   : 78570476 kB
2026-02-26 13:15:43.500680 (2214092) main____ INFO      committed address space: 4733176 kB
2026-02-26 13:15:43.500690 (2214092) main____ INFO    ----------------------------------------
2026-02-26 13:15:43.501906 (2214092) main____ INFO    Important environment variables:
2026-02-26 13:15:43.501933 (2214092) main____ INFO      CDS_LIC_FILE       : '5280@cadlic0'
2026-02-26 13:15:43.501946 (2214092) main____ INFO      DISPLAY            : 'localhost:12.0'
2026-02-26 13:15:43.501957 (2214092) main____ INFO      JASPER_INSTALL_DIR : '/cad/cadence/jasper_2023.12p001'
2026-02-26 13:15:43.501969 (2214092) main____ INFO      JASPER_KERNEL_CHECK: '1'
2026-02-26 13:15:43.501981 (2214092) main____ INFO      JASPER_OS_CHECK    : '0'
2026-02-26 13:15:43.501993 (2214092) main____ INFO      LANG               : 'zh_TW.UTF-8'
2026-02-26 13:15:43.502002 (2214092) main____ INFO    ----------------------------------------
2026-02-26 13:15:43.514793 (2214092) lic_core INFO    Initializing license system ...
2026-02-26 13:15:43.535627 (2214092) lic_core INFO    ... license system initialized.
2026-02-26 13:15:43.658089 (2214092) lic__man INFO    Claim 'main' for <ui>.
2026-02-26 13:15:43.658155 (2214092) lic_core INFO    (1) checking out 'jasper_interactive' ...
2026-02-26 13:15:43.689390 (2214092) lic_core INFO    ... (1) checkout succeeded
2026-02-26 13:15:43.689498 (2214092) lic__man INFO    Claim 'fpv' for <ui>.
2026-02-26 13:15:43.689527 (2214092) lic_core INFO    (2) checking out 'jasper_fpv' ...
2026-02-26 13:15:43.733402 (2214092) lic_core INFO    ... (2) checkout failed (error: -5) ("FLEXnet ERROR(-5, 0, 0): No such feature exists.")
2026-02-26 13:15:43.733464 (2214092) lic_core INFO    (3) checking out 'jasper_fao' ...
2026-02-26 13:15:43.744976 (2214092) lic_core INFO    ... (3) checkout succeeded
2026-02-26 13:15:43.767730 (2214092) main____ INFO    Tool inactivity delay is 480000 ms.
2026-02-26 13:15:43.775919 (2214142) stdio___ INFO    Starting STDIN reader (tty: yes, tty name: '/dev/pts/0')
2026-02-26 13:15:43.971765 (2214092) session_ INFO    Starting analysis session with session id 'session_0' (launcher: <local>) ...
2026-02-26 13:15:43.973755 (2214092) session_ INFO    Analysis session with session id 'session_0' started (pid: 2214147)
2026-02-26 13:15:46.452787 (2214092) session_ INFO    Analysis session 'session_0' connected to the console (host: 127.0.0.1:60744)
2026-02-26 13:15:52.281302 (2214092) lic__man INFO    Unclaim everything for 'session_0'.
2026-02-26 13:15:52.696214 (2214092) lic__man INFO    Claim 'fpv' for 'session_0'.
2026-02-26 13:15:52.696254 (2214092) lic__man INFO    Claim 'fpv' for 'session_0/prove-0'.
2026-02-26 13:15:56.657939 (2214092) lic__man INFO    Unclaim everything for 'session_0/prove-0'.
2026-02-26 13:15:56.696988 (2214092) main____ INFO    About to exit: request to exit with status 0 received from analysis session 'session_0'
2026-02-26 13:15:57.155328 (2214092) session_ INFO    Analysis session 'session_0' disconnected.
2026-02-26 13:15:57.155473 (2214092) lic__man INFO    Unclaim everything for 'session_0'.
2026-02-26 13:15:57.155779 (2214092) session_ INFO    Process for analysis session 'session_0' has exited with exit status '0'.
2026-02-26 13:15:58.805099 (2214142) stdio___ INFO    STDIN reader requested to stop.
2026-02-26 13:15:58.805156 (2214142) stdio___ INFO    STDIN reader stopped.
2026-02-26 13:15:58.815942 (2214092) lic_core INFO    (1) checkin jasper_interactive
2026-02-26 13:15:58.820885 (2214092) lic_core INFO    (3) checkin jasper_fao
2026-02-26 13:15:58.843716 (2214092) main____ INFO    Exiting with status 0.
