2026-02-26 11:52:57.318787 (2125770) main____ INFO    ----------------------------------------
2026-02-26 11:52:57.318888 (2125770) main____ INFO    Jasper version info
2026-02-26 11:52:57.318907 (2125770) main____ INFO      tool      : Jasper 2023.12
2026-02-26 11:52:57.318924 (2125770) main____ INFO      version   : 2023.12p001 64 bits
2026-02-26 11:52:57.318939 (2125770) main____ INFO      build date: 2024.01.23 16:09:24 UTC
2026-02-26 11:52:57.318950 (2125770) main____ INFO    ----------------------------------------
2026-02-26 11:52:57.318961 (2125770) main____ INFO    Runtime info:
2026-02-26 11:52:57.318973 (2125770) main____ INFO      platform  : Linux 4.18.0-553.89.1.el8_10.x86_64 x86_64
2026-02-26 11:52:57.318993 (2125770) main____ INFO      hostname  : caddy12.stanford.edu
2026-02-26 11:52:57.319010 (2125770) main____ INFO      pid       : 2125770
2026-02-26 11:52:57.319032 (2125770) main____ INFO      arguments : '-style' 'windows' '-allow_unsupported_OS' '-no_gui' '-fpv' './synthlc/i_DIV_out/xPairwiseDepDiv/exclusive_89_.tcl' '-proj' './synthlc/i_DIV_out/xPairwiseDepDiv/exclusive_89_jgsession_26-02-26-11_52_57'
2026-02-26 11:52:57.319051 (2125770) main____ INFO      locale    : UTF-8
2026-02-26 11:52:57.319063 (2125770) main____ INFO    ----------------------------------------
2026-02-26 11:52:57.319073 (2125770) main____ INFO    System resource limits info:
2026-02-26 11:52:57.319086 (2125770) main____ INFO      virtual memory: unlimited
2026-02-26 11:52:57.319100 (2125770) main____ INFO      cpu time      : unlimited
2026-02-26 11:52:57.319120 (2125770) main____ INFO      processes     : 4096
2026-02-26 11:52:57.319142 (2125770) main____ INFO      stack size    : 8388608 B
2026-02-26 11:52:57.319158 (2125770) main____ INFO      core file size: 0 B
2026-02-26 11:52:57.319172 (2125770) main____ INFO      open files    : 4096
2026-02-26 11:52:57.319186 (2125770) main____ INFO      file size     : unlimited
2026-02-26 11:52:57.319197 (2125770) main____ INFO    ----------------------------------------
2026-02-26 11:52:57.319207 (2125770) main____ INFO    Memory statistics:
2026-02-26 11:52:57.319220 (2125770) main____ INFO      total physical memory  : 98449088 kB
2026-02-26 11:52:57.319232 (2125770) main____ INFO      free physical memory   : 78896264 kB
2026-02-26 11:52:57.319245 (2125770) main____ INFO      committed address space: 4871044 kB
2026-02-26 11:52:57.319256 (2125770) main____ INFO    ----------------------------------------
2026-02-26 11:52:57.320636 (2125770) main____ INFO    Important environment variables:
2026-02-26 11:52:57.320680 (2125770) main____ INFO      CDS_LIC_FILE       : '5280@cadlic0'
2026-02-26 11:52:57.320695 (2125770) main____ INFO      DISPLAY            : 'localhost:12.0'
2026-02-26 11:52:57.320708 (2125770) main____ INFO      JASPER_INSTALL_DIR : '/cad/cadence/jasper_2023.12p001'
2026-02-26 11:52:57.320722 (2125770) main____ INFO      JASPER_KERNEL_CHECK: '1'
2026-02-26 11:52:57.320735 (2125770) main____ INFO      JASPER_OS_CHECK    : '0'
2026-02-26 11:52:57.320748 (2125770) main____ INFO      LANG               : 'zh_TW.UTF-8'
2026-02-26 11:52:57.320759 (2125770) main____ INFO    ----------------------------------------
2026-02-26 11:52:57.322107 (2125770) lic_core INFO    Initializing license system ...
2026-02-26 11:52:57.323586 (2125770) lic_core INFO    ... license system initialized.
2026-02-26 11:52:57.335079 (2125770) lic__man INFO    Claim 'main' for <ui>.
2026-02-26 11:52:57.335143 (2125770) lic_core INFO    (1) checking out 'jasper_interactive' ...
2026-02-26 11:52:57.350455 (2125770) lic_core INFO    ... (1) checkout succeeded
2026-02-26 11:52:57.350560 (2125770) lic__man INFO    Claim 'fpv' for <ui>.
2026-02-26 11:52:57.350590 (2125770) lic_core INFO    (2) checking out 'jasper_fpv' ...
2026-02-26 11:52:57.354868 (2125770) lic_core INFO    ... (2) checkout failed (error: -5) ("FLEXnet ERROR(-5, 0, 0): No such feature exists.")
2026-02-26 11:52:57.354914 (2125770) lic_core INFO    (3) checking out 'jasper_fao' ...
2026-02-26 11:52:57.367162 (2125770) lic_core INFO    ... (3) checkout succeeded
2026-02-26 11:52:57.369102 (2125770) main____ INFO    Tool inactivity delay is 480000 ms.
2026-02-26 11:52:57.378896 (2125781) stdio___ INFO    Starting STDIN reader (tty: yes, tty name: '/dev/pts/0')
2026-02-26 11:52:57.420000 (2125770) session_ INFO    Starting analysis session with session id 'session_0' (launcher: <local>) ...
2026-02-26 11:52:57.421974 (2125770) session_ INFO    Analysis session with session id 'session_0' started (pid: 2125782)
2026-02-26 11:52:59.133202 (2125770) session_ INFO    Analysis session 'session_0' connected to the console (host: 127.0.0.1:38930)
2026-02-26 11:53:05.530924 (2125770) lic__man INFO    Unclaim everything for 'session_0'.
2026-02-26 11:53:06.143409 (2125770) lic__man INFO    Claim 'fpv' for 'session_0'.
2026-02-26 11:53:06.143454 (2125770) lic__man INFO    Claim 'fpv' for 'session_0/prove-0'.
2026-02-26 11:53:37.352909 (2125770) lic__man INFO    Unclaim everything for 'session_0/prove-0'.
2026-02-26 11:53:37.397297 (2125770) main____ INFO    About to exit: request to exit with status 0 received from analysis session 'session_0'
2026-02-26 11:53:37.602929 (2125770) session_ INFO    Analysis session 'session_0' disconnected.
2026-02-26 11:53:37.603110 (2125770) lic__man INFO    Unclaim everything for 'session_0'.
2026-02-26 11:53:37.604834 (2125770) session_ INFO    Process for analysis session 'session_0' has exited with exit status '0'.
2026-02-26 11:53:39.394771 (2125781) stdio___ INFO    STDIN reader requested to stop.
2026-02-26 11:53:39.394835 (2125781) stdio___ INFO    STDIN reader stopped.
2026-02-26 11:53:39.405002 (2125770) lic_core INFO    (1) checkin jasper_interactive
2026-02-26 11:53:39.408948 (2125770) lic_core INFO    (3) checkin jasper_fao
2026-02-26 11:53:39.430754 (2125770) main____ INFO    Exiting with status 0.
