2026-03-01 22:56:33.845647 (742954) main____ INFO    ----------------------------------------
2026-03-01 22:56:33.845745 (742954) main____ INFO    Jasper version info
2026-03-01 22:56:33.845761 (742954) main____ INFO      tool      : Jasper 2023.12
2026-03-01 22:56:33.845776 (742954) main____ INFO      version   : 2023.12p001 64 bits
2026-03-01 22:56:33.845788 (742954) main____ INFO      build date: 2024.01.23 16:09:24 UTC
2026-03-01 22:56:33.845798 (742954) main____ INFO    ----------------------------------------
2026-03-01 22:56:33.845806 (742954) main____ INFO    Runtime info:
2026-03-01 22:56:33.845816 (742954) main____ INFO      platform  : Linux 4.18.0-553.89.1.el8_10.x86_64 x86_64
2026-03-01 22:56:33.845835 (742954) main____ INFO      hostname  : caddy10.stanford.edu
2026-03-01 22:56:33.845850 (742954) main____ INFO      pid       : 742954
2026-03-01 22:56:33.845860 (742954) main____ INFO      arguments : '-style' 'windows' '-allow_unsupported_OS' '-no_gui' '-fpv' './synthlc/i_MUL_out/xPairwiseDepDiv/nunv_anytwo_76_.tcl' '-proj' './synthlc/i_MUL_out/xPairwiseDepDiv/nunv_anytwo_76_jgsession_26-03-01-22_56_32'
2026-03-01 22:56:33.845877 (742954) main____ INFO      locale    : UTF-8
2026-03-01 22:56:33.845887 (742954) main____ INFO    ----------------------------------------
2026-03-01 22:56:33.845895 (742954) main____ INFO    System resource limits info:
2026-03-01 22:56:33.845907 (742954) main____ INFO      virtual memory: unlimited
2026-03-01 22:56:33.845918 (742954) main____ INFO      cpu time      : unlimited
2026-03-01 22:56:33.845936 (742954) main____ INFO      processes     : 4096
2026-03-01 22:56:33.845956 (742954) main____ INFO      stack size    : 8388608 B
2026-03-01 22:56:33.845969 (742954) main____ INFO      core file size: 0 B
2026-03-01 22:56:33.845981 (742954) main____ INFO      open files    : 4096
2026-03-01 22:56:33.845993 (742954) main____ INFO      file size     : unlimited
2026-03-01 22:56:33.846002 (742954) main____ INFO    ----------------------------------------
2026-03-01 22:56:33.846011 (742954) main____ INFO    Memory statistics:
2026-03-01 22:56:33.846032 (742954) main____ INFO      total physical memory  : 98449096 kB
2026-03-01 22:56:33.846043 (742954) main____ INFO      free physical memory   : 82563260 kB
2026-03-01 22:56:33.846066 (742954) main____ INFO      committed address space: 13392788 kB
2026-03-01 22:56:33.846075 (742954) main____ INFO    ----------------------------------------
2026-03-01 22:56:33.847231 (742954) main____ INFO    Important environment variables:
2026-03-01 22:56:33.847256 (742954) main____ INFO      CDS_LIC_FILE       : '5280@cadlic0'
2026-03-01 22:56:33.847268 (742954) main____ INFO      JASPER_INSTALL_DIR : '/cad/cadence/jasper_2023.12p001'
2026-03-01 22:56:33.847279 (742954) main____ INFO      JASPER_KERNEL_CHECK: '1'
2026-03-01 22:56:33.847291 (742954) main____ INFO      JASPER_OS_CHECK    : '0'
2026-03-01 22:56:33.847303 (742954) main____ INFO      LANG               : 'en_US.UTF-8'
2026-03-01 22:56:33.847312 (742954) main____ INFO    ----------------------------------------
2026-03-01 22:56:33.852282 (742954) lic_core INFO    Initializing license system ...
2026-03-01 22:56:33.874385 (742954) lic_core INFO    ... license system initialized.
2026-03-01 22:56:34.019347 (742954) lic__man INFO    Claim 'main' for <ui>.
2026-03-01 22:56:34.019414 (742954) lic_core INFO    (1) checking out 'jasper_interactive' ...
2026-03-01 22:56:34.084291 (742954) lic_core INFO    ... (1) checkout succeeded
2026-03-01 22:56:34.084387 (742954) lic__man INFO    Claim 'fpv' for <ui>.
2026-03-01 22:56:34.084414 (742954) lic_core INFO    (2) checking out 'jasper_fpv' ...
2026-03-01 22:56:34.155562 (742954) lic_core INFO    ... (2) checkout failed (error: -5) ("FLEXnet ERROR(-5, 0, 0): No such feature exists.")
2026-03-01 22:56:34.155614 (742954) lic_core INFO    (3) checking out 'jasper_fao' ...
2026-03-01 22:56:34.234254 (742954) lic_core INFO    ... (3) checkout succeeded
2026-03-01 22:56:34.238892 (742954) main____ INFO    Tool inactivity delay is 480000 ms.
2026-03-01 22:56:34.268935 (742965) stdio___ INFO    Starting STDIN reader (tty: yes, tty name: '/dev/pts/7')
2026-03-01 22:56:34.598169 (742954) session_ INFO    Starting analysis session with session id 'session_0' (launcher: <local>) ...
2026-03-01 22:56:34.599908 (742954) session_ INFO    Analysis session with session id 'session_0' started (pid: 742966)
2026-03-01 22:56:38.750535 (742954) session_ INFO    Analysis session 'session_0' connected to the console (host: 127.0.0.1:48728)
2026-03-01 22:56:46.952135 (742954) lic__man INFO    Unclaim everything for 'session_0'.
2026-03-01 22:56:47.707360 (742954) lic__man INFO    Claim 'fpv' for 'session_0'.
2026-03-01 22:56:47.707401 (742954) lic__man INFO    Claim 'fpv' for 'session_0/prove-0'.
2026-03-01 22:57:19.825354 (742954) lic__man INFO    Unclaim everything for 'session_0/prove-0'.
2026-03-01 22:57:19.873350 (742954) main____ INFO    About to exit: request to exit with status 0 received from analysis session 'session_0'
2026-03-01 22:57:20.344347 (742954) session_ INFO    Analysis session 'session_0' disconnected.
2026-03-01 22:57:20.344479 (742954) lic__man INFO    Unclaim everything for 'session_0'.
2026-03-01 22:57:20.355261 (742954) session_ INFO    Process for analysis session 'session_0' has exited with exit status '0'.
2026-03-01 22:57:21.891139 (742965) stdio___ INFO    STDIN reader requested to stop.
2026-03-01 22:57:21.891195 (742965) stdio___ INFO    STDIN reader stopped.
2026-03-01 22:57:21.891527 (742954) lic_core INFO    (1) checkin jasper_interactive
2026-03-01 22:57:21.902271 (742954) lic_core INFO    (3) checkin jasper_fao
2026-03-01 22:57:21.924419 (742954) main____ INFO    Exiting with status 0.
