2026-02-27 23:27:35.717396 (473284) main____ INFO    ----------------------------------------
2026-02-27 23:27:35.717460 (473284) main____ INFO    Jasper version info
2026-02-27 23:27:35.717475 (473284) main____ INFO      tool      : Jasper 2023.12
2026-02-27 23:27:35.717491 (473284) main____ INFO      version   : 2023.12p001 64 bits
2026-02-27 23:27:35.717505 (473284) main____ INFO      build date: 2024.01.23 16:09:24 UTC
2026-02-27 23:27:35.717515 (473284) main____ INFO    ----------------------------------------
2026-02-27 23:27:35.717525 (473284) main____ INFO    Runtime info:
2026-02-27 23:27:35.717537 (473284) main____ INFO      platform  : Linux 4.18.0-553.89.1.el8_10.x86_64 x86_64
2026-02-27 23:27:35.717564 (473284) main____ INFO      hostname  : caddy10.stanford.edu
2026-02-27 23:27:35.717580 (473284) main____ INFO      pid       : 473284
2026-02-27 23:27:35.717592 (473284) main____ INFO      arguments : '-style' 'windows' '-allow_unsupported_OS' '-no_gui' '-fpv' './synthlc/i_DIV_out/xPairwiseDepDiv/nunv_anytwo_64_.tcl' '-proj' './synthlc/i_DIV_out/xPairwiseDepDiv/nunv_anytwo_64_jgsession_26-02-27-23_27_35'
2026-02-27 23:27:35.717608 (473284) main____ INFO      locale    : UTF-8
2026-02-27 23:27:35.717619 (473284) main____ INFO    ----------------------------------------
2026-02-27 23:27:35.717629 (473284) main____ INFO    System resource limits info:
2026-02-27 23:27:35.717642 (473284) main____ INFO      virtual memory: unlimited
2026-02-27 23:27:35.717655 (473284) main____ INFO      cpu time      : unlimited
2026-02-27 23:27:35.717672 (473284) main____ INFO      processes     : 4096
2026-02-27 23:27:35.717692 (473284) main____ INFO      stack size    : 8388608 B
2026-02-27 23:27:35.717707 (473284) main____ INFO      core file size: 0 B
2026-02-27 23:27:35.717721 (473284) main____ INFO      open files    : 4096
2026-02-27 23:27:35.717734 (473284) main____ INFO      file size     : unlimited
2026-02-27 23:27:35.717745 (473284) main____ INFO    ----------------------------------------
2026-02-27 23:27:35.717755 (473284) main____ INFO    Memory statistics:
2026-02-27 23:27:35.717767 (473284) main____ INFO      total physical memory  : 98449096 kB
2026-02-27 23:27:35.717779 (473284) main____ INFO      free physical memory   : 90621744 kB
2026-02-27 23:27:35.717792 (473284) main____ INFO      committed address space: 2219384 kB
2026-02-27 23:27:35.717802 (473284) main____ INFO    ----------------------------------------
2026-02-27 23:27:35.718924 (473284) main____ INFO    Important environment variables:
2026-02-27 23:27:35.718947 (473284) main____ INFO      CDS_LIC_FILE       : '5280@cadlic0'
2026-02-27 23:27:35.718960 (473284) main____ INFO      JASPER_INSTALL_DIR : '/cad/cadence/jasper_2023.12p001'
2026-02-27 23:27:35.718973 (473284) main____ INFO      JASPER_KERNEL_CHECK: '1'
2026-02-27 23:27:35.718987 (473284) main____ INFO      JASPER_OS_CHECK    : '0'
2026-02-27 23:27:35.719000 (473284) main____ INFO      LANG               : 'en_US.UTF-8'
2026-02-27 23:27:35.719011 (473284) main____ INFO    ----------------------------------------
2026-02-27 23:27:35.720216 (473284) lic_core INFO    Initializing license system ...
2026-02-27 23:27:35.721936 (473284) lic_core INFO    ... license system initialized.
2026-02-27 23:27:35.732406 (473284) lic__man INFO    Claim 'main' for <ui>.
2026-02-27 23:27:35.732448 (473284) lic_core INFO    (1) checking out 'jasper_interactive' ...
2026-02-27 23:27:35.745023 (473284) lic_core INFO    ... (1) checkout succeeded
2026-02-27 23:27:35.745097 (473284) lic__man INFO    Claim 'fpv' for <ui>.
2026-02-27 23:27:35.745120 (473284) lic_core INFO    (2) checking out 'jasper_fpv' ...
2026-02-27 23:27:35.748970 (473284) lic_core INFO    ... (2) checkout failed (error: -5) ("FLEXnet ERROR(-5, 0, 0): No such feature exists.")
2026-02-27 23:27:35.749003 (473284) lic_core INFO    (3) checking out 'jasper_fao' ...
2026-02-27 23:27:35.759973 (473284) lic_core INFO    ... (3) checkout succeeded
2026-02-27 23:27:35.760940 (473295) stdio___ INFO    Starting STDIN reader (tty: yes, tty name: '/dev/pts/5')
2026-02-27 23:27:35.761110 (473284) main____ INFO    Tool inactivity delay is 480000 ms.
2026-02-27 23:27:35.801744 (473284) session_ INFO    Starting analysis session with session id 'session_0' (launcher: <local>) ...
2026-02-27 23:27:35.803596 (473284) session_ INFO    Analysis session with session id 'session_0' started (pid: 473296)
2026-02-27 23:27:36.913089 (473284) session_ INFO    Analysis session 'session_0' connected to the console (host: 127.0.0.1:52002)
2026-02-27 23:27:40.107166 (473284) lic__man INFO    Unclaim everything for 'session_0'.
2026-02-27 23:27:40.307200 (473284) lic__man INFO    Claim 'fpv' for 'session_0'.
2026-02-27 23:27:40.307232 (473284) lic__man INFO    Claim 'fpv' for 'session_0/prove-0'.
2026-02-27 23:27:41.586460 (473284) lic__man INFO    Unclaim everything for 'session_0/prove-0'.
2026-02-27 23:27:41.627172 (473284) main____ INFO    About to exit: request to exit with status 0 received from analysis session 'session_0'
2026-02-27 23:27:41.764355 (473284) session_ INFO    Analysis session 'session_0' disconnected.
2026-02-27 23:27:41.764554 (473284) lic__man INFO    Unclaim everything for 'session_0'.
2026-02-27 23:27:41.764743 (473284) session_ INFO    Process for analysis session 'session_0' has exited with exit status '0'.
2026-02-27 23:27:43.734491 (473295) stdio___ INFO    STDIN reader requested to stop.
2026-02-27 23:27:43.734529 (473295) stdio___ INFO    STDIN reader stopped.
2026-02-27 23:27:43.734769 (473284) lic_core INFO    (1) checkin jasper_interactive
2026-02-27 23:27:43.735721 (473284) lic_core INFO    (3) checkin jasper_fao
2026-02-27 23:27:43.736720 (473284) main____ INFO    Exiting with status 0.
