2026-03-01 01:45:09.243781 (1205018) main____ INFO    ----------------------------------------
2026-03-01 01:45:09.243851 (1205018) main____ INFO    Jasper version info
2026-03-01 01:45:09.243867 (1205018) main____ INFO      tool      : Jasper 2023.12
2026-03-01 01:45:09.243881 (1205018) main____ INFO      version   : 2023.12p001 64 bits
2026-03-01 01:45:09.243894 (1205018) main____ INFO      build date: 2024.01.23 16:09:24 UTC
2026-03-01 01:45:09.243904 (1205018) main____ INFO    ----------------------------------------
2026-03-01 01:45:09.243913 (1205018) main____ INFO    Runtime info:
2026-03-01 01:45:09.243924 (1205018) main____ INFO      platform  : Linux 4.18.0-553.89.1.el8_10.x86_64 x86_64
2026-03-01 01:45:09.243941 (1205018) main____ INFO      hostname  : caddy15.stanford.edu
2026-03-01 01:45:09.243956 (1205018) main____ INFO      pid       : 1205018
2026-03-01 01:45:09.243967 (1205018) main____ INFO      arguments : '-style' 'windows' '-allow_unsupported_OS' '-no_gui' '-fpv' './synthlc/i_LW_out/xHBPerfG_dfg_v3_div/HB_98_.tcl' '-proj' './synthlc/i_LW_out/xHBPerfG_dfg_v3_div/HB_98_jgsession_26-03-01-01_45_09'
2026-03-01 01:45:09.243983 (1205018) main____ INFO      locale    : UTF-8
2026-03-01 01:45:09.243993 (1205018) main____ INFO    ----------------------------------------
2026-03-01 01:45:09.244003 (1205018) main____ INFO    System resource limits info:
2026-03-01 01:45:09.244015 (1205018) main____ INFO      virtual memory: unlimited
2026-03-01 01:45:09.244027 (1205018) main____ INFO      cpu time      : unlimited
2026-03-01 01:45:09.244044 (1205018) main____ INFO      processes     : 4096
2026-03-01 01:45:09.244062 (1205018) main____ INFO      stack size    : 8388608 B
2026-03-01 01:45:09.244076 (1205018) main____ INFO      core file size: 0 B
2026-03-01 01:45:09.244089 (1205018) main____ INFO      open files    : 4096
2026-03-01 01:45:09.244101 (1205018) main____ INFO      file size     : unlimited
2026-03-01 01:45:09.244111 (1205018) main____ INFO    ----------------------------------------
2026-03-01 01:45:09.244121 (1205018) main____ INFO    Memory statistics:
2026-03-01 01:45:09.244133 (1205018) main____ INFO      total physical memory  : 98449092 kB
2026-03-01 01:45:09.244144 (1205018) main____ INFO      free physical memory   : 79576232 kB
2026-03-01 01:45:09.244155 (1205018) main____ INFO      committed address space: 2270240 kB
2026-03-01 01:45:09.244165 (1205018) main____ INFO    ----------------------------------------
2026-03-01 01:45:09.245295 (1205018) main____ INFO    Important environment variables:
2026-03-01 01:45:09.245327 (1205018) main____ INFO      CDS_LIC_FILE       : '5280@cadlic0'
2026-03-01 01:45:09.245339 (1205018) main____ INFO      JASPER_INSTALL_DIR : '/cad/cadence/jasper_2023.12p001'
2026-03-01 01:45:09.245352 (1205018) main____ INFO      JASPER_KERNEL_CHECK: '1'
2026-03-01 01:45:09.245364 (1205018) main____ INFO      JASPER_OS_CHECK    : '0'
2026-03-01 01:45:09.245376 (1205018) main____ INFO      LANG               : 'en_US.UTF-8'
2026-03-01 01:45:09.245386 (1205018) main____ INFO    ----------------------------------------
2026-03-01 01:45:09.246507 (1205018) lic_core INFO    Initializing license system ...
2026-03-01 01:45:09.247918 (1205018) lic_core INFO    ... license system initialized.
2026-03-01 01:45:09.259151 (1205018) lic__man INFO    Claim 'main' for <ui>.
2026-03-01 01:45:09.259193 (1205018) lic_core INFO    (1) checking out 'jasper_interactive' ...
2026-03-01 01:45:09.271359 (1205018) lic_core INFO    ... (1) checkout succeeded
2026-03-01 01:45:09.271418 (1205018) lic__man INFO    Claim 'fpv' for <ui>.
2026-03-01 01:45:09.271439 (1205018) lic_core INFO    (2) checking out 'jasper_fpv' ...
2026-03-01 01:45:09.275455 (1205018) lic_core INFO    ... (2) checkout failed (error: -5) ("FLEXnet ERROR(-5, 0, 0): No such feature exists.")
2026-03-01 01:45:09.275486 (1205018) lic_core INFO    (3) checking out 'jasper_fao' ...
2026-03-01 01:45:09.286426 (1205018) lic_core INFO    ... (3) checkout succeeded
2026-03-01 01:45:09.287368 (1205039) stdio___ INFO    Starting STDIN reader (tty: yes, tty name: '/dev/pts/0')
2026-03-01 01:45:09.287524 (1205018) main____ INFO    Tool inactivity delay is 480000 ms.
2026-03-01 01:45:09.328833 (1205018) session_ INFO    Starting analysis session with session id 'session_0' (launcher: <local>) ...
2026-03-01 01:45:09.330977 (1205018) session_ INFO    Analysis session with session id 'session_0' started (pid: 1205166)
2026-03-01 01:45:10.748560 (1205018) session_ INFO    Analysis session 'session_0' connected to the console (host: 127.0.0.1:57970)
2026-03-01 01:45:14.000300 (1205018) lic__man INFO    Unclaim everything for 'session_0'.
2026-03-01 01:45:14.212937 (1205018) lic__man INFO    Claim 'fpv' for 'session_0'.
2026-03-01 01:45:14.212973 (1205018) lic__man INFO    Claim 'fpv' for 'session_0/prove-0'.
2026-03-01 01:45:15.249162 (1205018) lic__man INFO    Unclaim everything for 'session_0/prove-0'.
2026-03-01 01:45:15.291455 (1205018) main____ INFO    About to exit: request to exit with status 0 received from analysis session 'session_0'
2026-03-01 01:45:15.438372 (1205018) session_ INFO    Analysis session 'session_0' disconnected.
2026-03-01 01:45:15.438562 (1205018) lic__man INFO    Unclaim everything for 'session_0'.
2026-03-01 01:45:15.438762 (1205018) session_ INFO    Process for analysis session 'session_0' has exited with exit status '0'.
2026-03-01 01:45:17.398711 (1205039) stdio___ INFO    STDIN reader requested to stop.
2026-03-01 01:45:17.398749 (1205039) stdio___ INFO    STDIN reader stopped.
2026-03-01 01:45:17.398992 (1205018) lic_core INFO    (1) checkin jasper_interactive
2026-03-01 01:45:17.400083 (1205018) lic_core INFO    (3) checkin jasper_fao
2026-03-01 01:45:17.401032 (1205018) main____ INFO    Exiting with status 0.
