2026-02-25 17:44:41.430028 (3385549) main____ INFO    ----------------------------------------
2026-02-25 17:44:41.430127 (3385549) main____ INFO    Jasper version info
2026-02-25 17:44:41.430142 (3385549) main____ INFO      tool      : Jasper 2023.12
2026-02-25 17:44:41.430157 (3385549) main____ INFO      version   : 2023.12p001 64 bits
2026-02-25 17:44:41.430170 (3385549) main____ INFO      build date: 2024.01.23 16:09:24 UTC
2026-02-25 17:44:41.430180 (3385549) main____ INFO    ----------------------------------------
2026-02-25 17:44:41.430189 (3385549) main____ INFO    Runtime info:
2026-02-25 17:44:41.430199 (3385549) main____ INFO      platform  : Linux 4.18.0-553.89.1.el8_10.x86_64 x86_64
2026-02-25 17:44:41.430219 (3385549) main____ INFO      hostname  : caddy15.stanford.edu
2026-02-25 17:44:41.430234 (3385549) main____ INFO      pid       : 3385549
2026-02-25 17:44:41.430245 (3385549) main____ INFO      arguments : '-style' 'windows' '-allow_unsupported_OS' '-no_gui' '-fpv' './synthlc/i_DIV_out/xPerfLocCycleCount/over1cyc_21_mult_fsm_s3_.tcl' '-proj' './synthlc/i_DIV_out/xPerfLocCycleCount/over1cyc_21_mult_fsm_s3_jgsession_26-02-25-17_44_40'
2026-02-25 17:44:41.430261 (3385549) main____ INFO      locale    : UTF-8
2026-02-25 17:44:41.430271 (3385549) main____ INFO    ----------------------------------------
2026-02-25 17:44:41.430280 (3385549) main____ INFO    System resource limits info:
2026-02-25 17:44:41.430292 (3385549) main____ INFO      virtual memory: unlimited
2026-02-25 17:44:41.430319 (3385549) main____ INFO      cpu time      : unlimited
2026-02-25 17:44:41.430337 (3385549) main____ INFO      processes     : 4096
2026-02-25 17:44:41.430369 (3385549) main____ INFO      stack size    : 8388608 B
2026-02-25 17:44:41.430383 (3385549) main____ INFO      core file size: 0 B
2026-02-25 17:44:41.430397 (3385549) main____ INFO      open files    : 4096
2026-02-25 17:44:41.430408 (3385549) main____ INFO      file size     : unlimited
2026-02-25 17:44:41.430418 (3385549) main____ INFO    ----------------------------------------
2026-02-25 17:44:41.430427 (3385549) main____ INFO    Memory statistics:
2026-02-25 17:44:41.430438 (3385549) main____ INFO      total physical memory  : 98449092 kB
2026-02-25 17:44:41.430449 (3385549) main____ INFO      free physical memory   : 73391124 kB
2026-02-25 17:44:41.430460 (3385549) main____ INFO      committed address space: 11276132 kB
2026-02-25 17:44:41.430469 (3385549) main____ INFO    ----------------------------------------
2026-02-25 17:44:41.431745 (3385549) main____ INFO    Important environment variables:
2026-02-25 17:44:41.431778 (3385549) main____ INFO      CDS_LIC_FILE       : '5280@cadlic0'
2026-02-25 17:44:41.431791 (3385549) main____ INFO      JASPER_INSTALL_DIR : '/cad/cadence/jasper_2023.12p001'
2026-02-25 17:44:41.431803 (3385549) main____ INFO      JASPER_KERNEL_CHECK: '1'
2026-02-25 17:44:41.431815 (3385549) main____ INFO      JASPER_OS_CHECK    : '0'
2026-02-25 17:44:41.431827 (3385549) main____ INFO      LANG               : 'en_US.UTF-8'
2026-02-25 17:44:41.431837 (3385549) main____ INFO    ----------------------------------------
2026-02-25 17:44:41.433531 (3385549) lic_core INFO    Initializing license system ...
2026-02-25 17:44:41.509095 (3385549) lic_core INFO    ... license system initialized.
2026-02-25 17:44:41.706710 (3385549) lic__man INFO    Claim 'main' for <ui>.
2026-02-25 17:44:41.706785 (3385549) lic_core INFO    (1) checking out 'jasper_interactive' ...
2026-02-25 17:44:41.775601 (3385549) lic_core INFO    ... (1) checkout succeeded
2026-02-25 17:44:41.775711 (3385549) lic__man INFO    Claim 'fpv' for <ui>.
2026-02-25 17:44:41.775741 (3385549) lic_core INFO    (2) checking out 'jasper_fpv' ...
2026-02-25 17:44:41.832801 (3385549) lic_core INFO    ... (2) checkout failed (error: -5) ("FLEXnet ERROR(-5, 0, 0): No such feature exists.")
2026-02-25 17:44:41.832901 (3385549) lic_core INFO    (3) checking out 'jasper_fao' ...
2026-02-25 17:44:41.895535 (3385549) lic_core INFO    ... (3) checkout succeeded
2026-02-25 17:44:41.922210 (3385549) main____ INFO    Tool inactivity delay is 480000 ms.
2026-02-25 17:44:41.933577 (3385581) stdio___ INFO    Starting STDIN reader (tty: yes, tty name: '/dev/pts/0')
2026-02-25 17:44:42.297433 (3385549) session_ INFO    Starting analysis session with session id 'session_0' (launcher: <local>) ...
2026-02-25 17:44:42.299477 (3385549) session_ INFO    Analysis session with session id 'session_0' started (pid: 3385582)
2026-02-25 17:44:45.151821 (3385549) session_ INFO    Analysis session 'session_0' connected to the console (host: 127.0.0.1:56530)
2026-02-25 17:44:55.426999 (3385549) lic__man INFO    Unclaim everything for 'session_0'.
2026-02-25 17:44:56.030928 (3385549) lic__man INFO    Claim 'fpv' for 'session_0'.
2026-02-25 17:44:56.030975 (3385549) lic__man INFO    Claim 'fpv' for 'session_0/prove-0'.
2026-02-25 17:44:59.668824 (3385549) lic__man INFO    Unclaim everything for 'session_0/prove-0'.
2026-02-25 17:44:59.783505 (3385549) main____ INFO    About to exit: request to exit with status 0 received from analysis session 'session_0'
2026-02-25 17:45:00.185650 (3385549) session_ INFO    Analysis session 'session_0' disconnected.
2026-02-25 17:45:00.185805 (3385549) lic__man INFO    Unclaim everything for 'session_0'.
2026-02-25 17:45:00.195604 (3385549) session_ INFO    Process for analysis session 'session_0' has exited with exit status '0'.
2026-02-25 17:45:01.916420 (3385581) stdio___ INFO    STDIN reader requested to stop.
2026-02-25 17:45:01.916483 (3385581) stdio___ INFO    STDIN reader stopped.
2026-02-25 17:45:01.917602 (3385549) lic_core INFO    (1) checkin jasper_interactive
2026-02-25 17:45:01.919510 (3385549) lic_core INFO    (3) checkin jasper_fao
2026-02-25 17:45:01.930950 (3385549) main____ INFO    Exiting with status 0.
