2026-02-26 08:40:43.170975 (3933123) main____ INFO    ----------------------------------------
2026-02-26 08:40:43.171051 (3933123) main____ INFO    Jasper version info
2026-02-26 08:40:43.171066 (3933123) main____ INFO      tool      : Jasper 2023.12
2026-02-26 08:40:43.171081 (3933123) main____ INFO      version   : 2023.12p001 64 bits
2026-02-26 08:40:43.171093 (3933123) main____ INFO      build date: 2024.01.23 16:09:24 UTC
2026-02-26 08:40:43.171103 (3933123) main____ INFO    ----------------------------------------
2026-02-26 08:40:43.171112 (3933123) main____ INFO    Runtime info:
2026-02-26 08:40:43.171123 (3933123) main____ INFO      platform  : Linux 4.18.0-553.89.1.el8_10.x86_64 x86_64
2026-02-26 08:40:43.171150 (3933123) main____ INFO      hostname  : caddy15.stanford.edu
2026-02-26 08:40:43.171166 (3933123) main____ INFO      pid       : 3933123
2026-02-26 08:40:43.171177 (3933123) main____ INFO      arguments : '-style' 'windows' '-allow_unsupported_OS' '-no_gui' '-fpv' './synthlc/i_ADDI_out/xHBPerfG_dfg_v3_div/WHB_340_.tcl' '-proj' './synthlc/i_ADDI_out/xHBPerfG_dfg_v3_div/WHB_340_jgsession_26-02-26-08_40_43'
2026-02-26 08:40:43.171192 (3933123) main____ INFO      locale    : UTF-8
2026-02-26 08:40:43.171202 (3933123) main____ INFO    ----------------------------------------
2026-02-26 08:40:43.171211 (3933123) main____ INFO    System resource limits info:
2026-02-26 08:40:43.171223 (3933123) main____ INFO      virtual memory: unlimited
2026-02-26 08:40:43.171235 (3933123) main____ INFO      cpu time      : unlimited
2026-02-26 08:40:43.171252 (3933123) main____ INFO      processes     : 4096
2026-02-26 08:40:43.171270 (3933123) main____ INFO      stack size    : 8388608 B
2026-02-26 08:40:43.171284 (3933123) main____ INFO      core file size: 0 B
2026-02-26 08:40:43.171296 (3933123) main____ INFO      open files    : 4096
2026-02-26 08:40:43.171322 (3933123) main____ INFO      file size     : unlimited
2026-02-26 08:40:43.171332 (3933123) main____ INFO    ----------------------------------------
2026-02-26 08:40:43.171342 (3933123) main____ INFO    Memory statistics:
2026-02-26 08:40:43.171354 (3933123) main____ INFO      total physical memory  : 98449092 kB
2026-02-26 08:40:43.171365 (3933123) main____ INFO      free physical memory   : 79789188 kB
2026-02-26 08:40:43.171376 (3933123) main____ INFO      committed address space: 2260920 kB
2026-02-26 08:40:43.171386 (3933123) main____ INFO    ----------------------------------------
2026-02-26 08:40:43.172515 (3933123) main____ INFO    Important environment variables:
2026-02-26 08:40:43.172540 (3933123) main____ INFO      CDS_LIC_FILE       : '5280@cadlic0'
2026-02-26 08:40:43.172553 (3933123) main____ INFO      JASPER_INSTALL_DIR : '/cad/cadence/jasper_2023.12p001'
2026-02-26 08:40:43.172565 (3933123) main____ INFO      JASPER_KERNEL_CHECK: '1'
2026-02-26 08:40:43.172577 (3933123) main____ INFO      JASPER_OS_CHECK    : '0'
2026-02-26 08:40:43.172588 (3933123) main____ INFO      LANG               : 'en_US.UTF-8'
2026-02-26 08:40:43.172598 (3933123) main____ INFO    ----------------------------------------
2026-02-26 08:40:43.173725 (3933123) lic_core INFO    Initializing license system ...
2026-02-26 08:40:43.175348 (3933123) lic_core INFO    ... license system initialized.
2026-02-26 08:40:43.186271 (3933123) lic__man INFO    Claim 'main' for <ui>.
2026-02-26 08:40:43.186336 (3933123) lic_core INFO    (1) checking out 'jasper_interactive' ...
2026-02-26 08:40:43.198743 (3933123) lic_core INFO    ... (1) checkout succeeded
2026-02-26 08:40:43.198813 (3933123) lic__man INFO    Claim 'fpv' for <ui>.
2026-02-26 08:40:43.198837 (3933123) lic_core INFO    (2) checking out 'jasper_fpv' ...
2026-02-26 08:40:43.203121 (3933123) lic_core INFO    ... (2) checkout failed (error: -5) ("FLEXnet ERROR(-5, 0, 0): No such feature exists.")
2026-02-26 08:40:43.203160 (3933123) lic_core INFO    (3) checking out 'jasper_fao' ...
2026-02-26 08:40:43.213414 (3933123) lic_core INFO    ... (3) checkout succeeded
2026-02-26 08:40:43.214440 (3933134) stdio___ INFO    Starting STDIN reader (tty: yes, tty name: '/dev/pts/0')
2026-02-26 08:40:43.214508 (3933123) main____ INFO    Tool inactivity delay is 480000 ms.
2026-02-26 08:40:43.254216 (3933123) session_ INFO    Starting analysis session with session id 'session_0' (launcher: <local>) ...
2026-02-26 08:40:43.256179 (3933123) session_ INFO    Analysis session with session id 'session_0' started (pid: 3933135)
2026-02-26 08:40:44.417754 (3933123) session_ INFO    Analysis session 'session_0' connected to the console (host: 127.0.0.1:43188)
2026-02-26 08:40:48.855878 (3933123) lic__man INFO    Unclaim everything for 'session_0'.
2026-02-26 08:40:49.053501 (3933123) lic__man INFO    Claim 'fpv' for 'session_0'.
2026-02-26 08:40:49.053545 (3933123) lic__man INFO    Claim 'fpv' for 'session_0/prove-0'.
2026-02-26 08:41:02.533240 (3933123) lic__man INFO    Unclaim everything for 'session_0/prove-0'.
2026-02-26 08:41:02.575487 (3933123) main____ INFO    About to exit: request to exit with status 0 received from analysis session 'session_0'
2026-02-26 08:41:02.727500 (3933123) session_ INFO    Analysis session 'session_0' disconnected.
2026-02-26 08:41:02.727707 (3933123) lic__man INFO    Unclaim everything for 'session_0'.
2026-02-26 08:41:02.727894 (3933123) session_ INFO    Process for analysis session 'session_0' has exited with exit status '0'.
2026-02-26 08:41:04.487820 (3933134) stdio___ INFO    STDIN reader requested to stop.
2026-02-26 08:41:04.487874 (3933134) stdio___ INFO    STDIN reader stopped.
2026-02-26 08:41:04.488188 (3933123) lic_core INFO    (1) checkin jasper_interactive
2026-02-26 08:41:04.497262 (3933123) lic_core INFO    (3) checkin jasper_fao
2026-02-26 08:41:04.499174 (3933123) main____ INFO    Exiting with status 0.
