2026-03-01 01:31:22.241388 (1157601) main____ INFO    ----------------------------------------
2026-03-01 01:31:22.241453 (1157601) main____ INFO    Jasper version info
2026-03-01 01:31:22.241468 (1157601) main____ INFO      tool      : Jasper 2023.12
2026-03-01 01:31:22.241482 (1157601) main____ INFO      version   : 2023.12p001 64 bits
2026-03-01 01:31:22.241494 (1157601) main____ INFO      build date: 2024.01.23 16:09:24 UTC
2026-03-01 01:31:22.241504 (1157601) main____ INFO    ----------------------------------------
2026-03-01 01:31:22.241513 (1157601) main____ INFO    Runtime info:
2026-03-01 01:31:22.241524 (1157601) main____ INFO      platform  : Linux 4.18.0-553.89.1.el8_10.x86_64 x86_64
2026-03-01 01:31:22.241540 (1157601) main____ INFO      hostname  : caddy15.stanford.edu
2026-03-01 01:31:22.241555 (1157601) main____ INFO      pid       : 1157601
2026-03-01 01:31:22.241566 (1157601) main____ INFO      arguments : '-style' 'windows' '-allow_unsupported_OS' '-no_gui' '-fpv' './synthlc/i_LW_out/xPairwiseDepDiv/nunv_anytwo_14_.tcl' '-proj' './synthlc/i_LW_out/xPairwiseDepDiv/nunv_anytwo_14_jgsession_26-03-01-01_31_22'
2026-03-01 01:31:22.241581 (1157601) main____ INFO      locale    : UTF-8
2026-03-01 01:31:22.241593 (1157601) main____ INFO    ----------------------------------------
2026-03-01 01:31:22.241604 (1157601) main____ INFO    System resource limits info:
2026-03-01 01:31:22.241616 (1157601) main____ INFO      virtual memory: unlimited
2026-03-01 01:31:22.241628 (1157601) main____ INFO      cpu time      : unlimited
2026-03-01 01:31:22.241646 (1157601) main____ INFO      processes     : 4096
2026-03-01 01:31:22.241664 (1157601) main____ INFO      stack size    : 8388608 B
2026-03-01 01:31:22.241677 (1157601) main____ INFO      core file size: 0 B
2026-03-01 01:31:22.241690 (1157601) main____ INFO      open files    : 4096
2026-03-01 01:31:22.241702 (1157601) main____ INFO      file size     : unlimited
2026-03-01 01:31:22.241712 (1157601) main____ INFO    ----------------------------------------
2026-03-01 01:31:22.241721 (1157601) main____ INFO    Memory statistics:
2026-03-01 01:31:22.241732 (1157601) main____ INFO      total physical memory  : 98449092 kB
2026-03-01 01:31:22.241743 (1157601) main____ INFO      free physical memory   : 79724192 kB
2026-03-01 01:31:22.241754 (1157601) main____ INFO      committed address space: 2084604 kB
2026-03-01 01:31:22.241764 (1157601) main____ INFO    ----------------------------------------
2026-03-01 01:31:22.242891 (1157601) main____ INFO    Important environment variables:
2026-03-01 01:31:22.242914 (1157601) main____ INFO      CDS_LIC_FILE       : '5280@cadlic0'
2026-03-01 01:31:22.242927 (1157601) main____ INFO      JASPER_INSTALL_DIR : '/cad/cadence/jasper_2023.12p001'
2026-03-01 01:31:22.242939 (1157601) main____ INFO      JASPER_KERNEL_CHECK: '1'
2026-03-01 01:31:22.242951 (1157601) main____ INFO      JASPER_OS_CHECK    : '0'
2026-03-01 01:31:22.242962 (1157601) main____ INFO      LANG               : 'en_US.UTF-8'
2026-03-01 01:31:22.242972 (1157601) main____ INFO    ----------------------------------------
2026-03-01 01:31:22.244082 (1157601) lic_core INFO    Initializing license system ...
2026-03-01 01:31:22.245587 (1157601) lic_core INFO    ... license system initialized.
2026-03-01 01:31:22.257334 (1157601) lic__man INFO    Claim 'main' for <ui>.
2026-03-01 01:31:22.257375 (1157601) lic_core INFO    (1) checking out 'jasper_interactive' ...
2026-03-01 01:31:22.269709 (1157601) lic_core INFO    ... (1) checkout succeeded
2026-03-01 01:31:22.269767 (1157601) lic__man INFO    Claim 'fpv' for <ui>.
2026-03-01 01:31:22.269786 (1157601) lic_core INFO    (2) checking out 'jasper_fpv' ...
2026-03-01 01:31:22.273791 (1157601) lic_core INFO    ... (2) checkout failed (error: -5) ("FLEXnet ERROR(-5, 0, 0): No such feature exists.")
2026-03-01 01:31:22.273820 (1157601) lic_core INFO    (3) checking out 'jasper_fao' ...
2026-03-01 01:31:22.284883 (1157601) lic_core INFO    ... (3) checkout succeeded
2026-03-01 01:31:22.285850 (1157619) stdio___ INFO    Starting STDIN reader (tty: yes, tty name: '/dev/pts/0')
2026-03-01 01:31:22.285966 (1157601) main____ INFO    Tool inactivity delay is 480000 ms.
2026-03-01 01:31:22.326591 (1157601) session_ INFO    Starting analysis session with session id 'session_0' (launcher: <local>) ...
2026-03-01 01:31:22.328370 (1157601) session_ INFO    Analysis session with session id 'session_0' started (pid: 1157622)
2026-03-01 01:31:23.607662 (1157601) session_ INFO    Analysis session 'session_0' connected to the console (host: 127.0.0.1:42260)
2026-03-01 01:31:26.634142 (1157601) lic__man INFO    Unclaim everything for 'session_0'.
2026-03-01 01:31:26.836668 (1157601) lic__man INFO    Claim 'fpv' for 'session_0'.
2026-03-01 01:31:26.836705 (1157601) lic__man INFO    Claim 'fpv' for 'session_0/prove-0'.
2026-03-01 01:31:37.542767 (1157601) lic__man INFO    Unclaim everything for 'session_0/prove-0'.
2026-03-01 01:31:37.599615 (1157601) main____ INFO    About to exit: request to exit with status 0 received from analysis session 'session_0'
2026-03-01 01:31:37.793577 (1157601) session_ INFO    Analysis session 'session_0' disconnected.
2026-03-01 01:31:37.793719 (1157601) lic__man INFO    Unclaim everything for 'session_0'.
2026-03-01 01:31:37.794509 (1157601) session_ INFO    Process for analysis session 'session_0' has exited with exit status '0'.
2026-03-01 01:31:39.525441 (1157619) stdio___ INFO    STDIN reader requested to stop.
2026-03-01 01:31:39.525495 (1157619) stdio___ INFO    STDIN reader stopped.
2026-03-01 01:31:39.533591 (1157601) lic_core INFO    (1) checkin jasper_interactive
2026-03-01 01:31:39.535522 (1157601) lic_core INFO    (3) checkin jasper_fao
2026-03-01 01:31:39.558355 (1157601) main____ INFO    Exiting with status 0.
