2026-03-02 01:42:35.087528 (462259) main____ INFO    ----------------------------------------
2026-03-02 01:42:35.087620 (462259) main____ INFO    Jasper version info
2026-03-02 01:42:35.087638 (462259) main____ INFO      tool      : Jasper 2023.12
2026-03-02 01:42:35.087654 (462259) main____ INFO      version   : 2023.12p001 64 bits
2026-03-02 01:42:35.087681 (462259) main____ INFO      build date: 2024.01.23 16:09:24 UTC
2026-03-02 01:42:35.087692 (462259) main____ INFO    ----------------------------------------
2026-03-02 01:42:35.087702 (462259) main____ INFO    Runtime info:
2026-03-02 01:42:35.087713 (462259) main____ INFO      platform  : Linux 4.18.0-553.89.1.el8_10.x86_64 x86_64
2026-03-02 01:42:35.087733 (462259) main____ INFO      hostname  : caddy12.stanford.edu
2026-03-02 01:42:35.087749 (462259) main____ INFO      pid       : 462259
2026-03-02 01:42:35.087760 (462259) main____ INFO      arguments : '-style' 'windows' '-allow_unsupported_OS' '-no_gui' '-fpv' './synthlc/i_MUL_out/xHBPerfG_dfg_v3_div/HB_408_.tcl' '-proj' './synthlc/i_MUL_out/xHBPerfG_dfg_v3_div/HB_408_jgsession_26-03-02-01_42_34'
2026-03-02 01:42:35.087778 (462259) main____ INFO      locale    : UTF-8
2026-03-02 01:42:35.087789 (462259) main____ INFO    ----------------------------------------
2026-03-02 01:42:35.087799 (462259) main____ INFO    System resource limits info:
2026-03-02 01:42:35.087812 (462259) main____ INFO      virtual memory: unlimited
2026-03-02 01:42:35.087825 (462259) main____ INFO      cpu time      : unlimited
2026-03-02 01:42:35.087844 (462259) main____ INFO      processes     : 4096
2026-03-02 01:42:35.087864 (462259) main____ INFO      stack size    : 8388608 B
2026-03-02 01:42:35.087887 (462259) main____ INFO      core file size: 0 B
2026-03-02 01:42:35.087901 (462259) main____ INFO      open files    : 4096
2026-03-02 01:42:35.087914 (462259) main____ INFO      file size     : unlimited
2026-03-02 01:42:35.087924 (462259) main____ INFO    ----------------------------------------
2026-03-02 01:42:35.087934 (462259) main____ INFO    Memory statistics:
2026-03-02 01:42:35.087946 (462259) main____ INFO      total physical memory  : 98449088 kB
2026-03-02 01:42:35.087958 (462259) main____ INFO      free physical memory   : 83073732 kB
2026-03-02 01:42:35.087970 (462259) main____ INFO      committed address space: 12485700 kB
2026-03-02 01:42:35.087980 (462259) main____ INFO    ----------------------------------------
2026-03-02 01:42:35.089177 (462259) main____ INFO    Important environment variables:
2026-03-02 01:42:35.089203 (462259) main____ INFO      CDS_LIC_FILE       : '5280@cadlic0'
2026-03-02 01:42:35.089217 (462259) main____ INFO      DISPLAY            : 'localhost:12.0'
2026-03-02 01:42:35.089229 (462259) main____ INFO      JASPER_INSTALL_DIR : '/cad/cadence/jasper_2023.12p001'
2026-03-02 01:42:35.089241 (462259) main____ INFO      JASPER_KERNEL_CHECK: '1'
2026-03-02 01:42:35.089254 (462259) main____ INFO      JASPER_OS_CHECK    : '0'
2026-03-02 01:42:35.089267 (462259) main____ INFO      LANG               : 'zh_TW.UTF-8'
2026-03-02 01:42:35.089277 (462259) main____ INFO    ----------------------------------------
2026-03-02 01:42:35.090396 (462259) lic_core INFO    Initializing license system ...
2026-03-02 01:42:35.091734 (462259) lic_core INFO    ... license system initialized.
2026-03-02 01:42:35.110716 (462259) lic__man INFO    Claim 'main' for <ui>.
2026-03-02 01:42:35.110789 (462259) lic_core INFO    (1) checking out 'jasper_interactive' ...
2026-03-02 01:42:35.131248 (462259) lic_core INFO    ... (1) checkout succeeded
2026-03-02 01:42:35.131372 (462259) lic__man INFO    Claim 'fpv' for <ui>.
2026-03-02 01:42:35.131402 (462259) lic_core INFO    (2) checking out 'jasper_fpv' ...
2026-03-02 01:42:35.139433 (462259) lic_core INFO    ... (2) checkout failed (error: -5) ("FLEXnet ERROR(-5, 0, 0): No such feature exists.")
2026-03-02 01:42:35.139498 (462259) lic_core INFO    (3) checking out 'jasper_fao' ...
2026-03-02 01:42:35.151025 (462259) lic_core INFO    ... (3) checkout succeeded
2026-03-02 01:42:35.163818 (462259) main____ INFO    Tool inactivity delay is 480000 ms.
2026-03-02 01:42:35.165024 (462279) stdio___ INFO    Starting STDIN reader (tty: yes, tty name: '/dev/pts/0')
2026-03-02 01:42:35.399912 (462259) session_ INFO    Starting analysis session with session id 'session_0' (launcher: <local>) ...
2026-03-02 01:42:35.402025 (462259) session_ INFO    Analysis session with session id 'session_0' started (pid: 462280)
2026-03-02 01:42:37.040331 (462259) session_ INFO    Analysis session 'session_0' connected to the console (host: 127.0.0.1:37742)
2026-03-02 01:42:41.355861 (462259) lic__man INFO    Unclaim everything for 'session_0'.
2026-03-02 01:42:41.699163 (462259) lic__man INFO    Claim 'fpv' for 'session_0'.
2026-03-02 01:42:41.699211 (462259) lic__man INFO    Claim 'fpv' for 'session_0/prove-0'.
2026-03-02 01:42:45.741951 (462259) lic__man INFO    Unclaim everything for 'session_0/prove-0'.
2026-03-02 01:42:45.747978 (462259) main____ INFO    About to exit: request to exit with status 0 received from analysis session 'session_0'
2026-03-02 01:42:46.082985 (462259) session_ INFO    Analysis session 'session_0' disconnected.
2026-03-02 01:42:46.083137 (462259) lic__man INFO    Unclaim everything for 'session_0'.
2026-03-02 01:42:46.083345 (462259) session_ INFO    Process for analysis session 'session_0' has exited with exit status '0'.
2026-03-02 01:42:47.865132 (462279) stdio___ INFO    STDIN reader requested to stop.
2026-03-02 01:42:47.865184 (462279) stdio___ INFO    STDIN reader stopped.
2026-03-02 01:42:47.865481 (462259) lic_core INFO    (1) checkin jasper_interactive
2026-03-02 01:42:47.875924 (462259) lic_core INFO    (3) checkin jasper_fao
2026-03-02 01:42:47.892124 (462259) main____ INFO    Exiting with status 0.
