2026-02-28 02:15:40.093278 (661150) main____ INFO    ----------------------------------------
2026-02-28 02:15:40.093341 (661150) main____ INFO    Jasper version info
2026-02-28 02:15:40.093356 (661150) main____ INFO      tool      : Jasper 2023.12
2026-02-28 02:15:40.093370 (661150) main____ INFO      version   : 2023.12p001 64 bits
2026-02-28 02:15:40.093382 (661150) main____ INFO      build date: 2024.01.23 16:09:24 UTC
2026-02-28 02:15:40.093392 (661150) main____ INFO    ----------------------------------------
2026-02-28 02:15:40.093402 (661150) main____ INFO    Runtime info:
2026-02-28 02:15:40.093412 (661150) main____ INFO      platform  : Linux 4.18.0-553.89.1.el8_10.x86_64 x86_64
2026-02-28 02:15:40.093429 (661150) main____ INFO      hostname  : caddy10.stanford.edu
2026-02-28 02:15:40.093444 (661150) main____ INFO      pid       : 661150
2026-02-28 02:15:40.093455 (661150) main____ INFO      arguments : '-style' 'windows' '-allow_unsupported_OS' '-no_gui' '-fpv' './synthlc/i_MUL_out/xCollectReEval/com_2_.tcl' '-proj' './synthlc/i_MUL_out/xCollectReEval/com_2_jgsession_26-02-28-02_15_39'
2026-02-28 02:15:40.093470 (661150) main____ INFO      locale    : UTF-8
2026-02-28 02:15:40.093480 (661150) main____ INFO    ----------------------------------------
2026-02-28 02:15:40.093489 (661150) main____ INFO    System resource limits info:
2026-02-28 02:15:40.093502 (661150) main____ INFO      virtual memory: unlimited
2026-02-28 02:15:40.093514 (661150) main____ INFO      cpu time      : unlimited
2026-02-28 02:15:40.093530 (661150) main____ INFO      processes     : 4096
2026-02-28 02:15:40.093547 (661150) main____ INFO      stack size    : 8388608 B
2026-02-28 02:15:40.093561 (661150) main____ INFO      core file size: 0 B
2026-02-28 02:15:40.093573 (661150) main____ INFO      open files    : 4096
2026-02-28 02:15:40.093586 (661150) main____ INFO      file size     : unlimited
2026-02-28 02:15:40.093595 (661150) main____ INFO    ----------------------------------------
2026-02-28 02:15:40.093604 (661150) main____ INFO    Memory statistics:
2026-02-28 02:15:40.093616 (661150) main____ INFO      total physical memory  : 98449096 kB
2026-02-28 02:15:40.093627 (661150) main____ INFO      free physical memory   : 90483728 kB
2026-02-28 02:15:40.093639 (661150) main____ INFO      committed address space: 1242944 kB
2026-02-28 02:15:40.093648 (661150) main____ INFO    ----------------------------------------
2026-02-28 02:15:40.094775 (661150) main____ INFO    Important environment variables:
2026-02-28 02:15:40.094798 (661150) main____ INFO      CDS_LIC_FILE       : '5280@cadlic0'
2026-02-28 02:15:40.094810 (661150) main____ INFO      JASPER_INSTALL_DIR : '/cad/cadence/jasper_2023.12p001'
2026-02-28 02:15:40.094822 (661150) main____ INFO      JASPER_KERNEL_CHECK: '1'
2026-02-28 02:15:40.094834 (661150) main____ INFO      JASPER_OS_CHECK    : '0'
2026-02-28 02:15:40.094846 (661150) main____ INFO      LANG               : 'en_US.UTF-8'
2026-02-28 02:15:40.094856 (661150) main____ INFO    ----------------------------------------
2026-02-28 02:15:40.095940 (661150) lic_core INFO    Initializing license system ...
2026-02-28 02:15:40.097368 (661150) lic_core INFO    ... license system initialized.
2026-02-28 02:15:40.112638 (661150) lic__man INFO    Claim 'main' for <ui>.
2026-02-28 02:15:40.112680 (661150) lic_core INFO    (1) checking out 'jasper_interactive' ...
2026-02-28 02:15:40.125005 (661150) lic_core INFO    ... (1) checkout succeeded
2026-02-28 02:15:40.125073 (661150) lic__man INFO    Claim 'fpv' for <ui>.
2026-02-28 02:15:40.125094 (661150) lic_core INFO    (2) checking out 'jasper_fpv' ...
2026-02-28 02:15:40.128971 (661150) lic_core INFO    ... (2) checkout failed (error: -5) ("FLEXnet ERROR(-5, 0, 0): No such feature exists.")
2026-02-28 02:15:40.129003 (661150) lic_core INFO    (3) checking out 'jasper_fao' ...
2026-02-28 02:15:40.139718 (661150) lic_core INFO    ... (3) checkout succeeded
2026-02-28 02:15:40.140684 (661173) stdio___ INFO    Starting STDIN reader (tty: yes, tty name: '/dev/pts/5')
2026-02-28 02:15:40.140823 (661150) main____ INFO    Tool inactivity delay is 480000 ms.
2026-02-28 02:15:40.184350 (661150) session_ INFO    Starting analysis session with session id 'session_0' (launcher: <local>) ...
2026-02-28 02:15:40.186430 (661150) session_ INFO    Analysis session with session id 'session_0' started (pid: 661175)
2026-02-28 02:15:41.302446 (661150) session_ INFO    Analysis session 'session_0' connected to the console (host: 127.0.0.1:53040)
2026-02-28 02:15:44.309335 (661150) lic__man INFO    Unclaim everything for 'session_0'.
2026-02-28 02:15:44.522104 (661150) lic__man INFO    Claim 'fpv' for 'session_0'.
2026-02-28 02:15:44.522145 (661150) lic__man INFO    Claim 'fpv' for 'session_0/prove-0'.
2026-02-28 02:15:45.649210 (661150) lic__man INFO    Unclaim everything for 'session_0/prove-0'.
2026-02-28 02:15:45.652482 (661150) lic__man INFO    Claim 'fpv' for 'session_0'.
2026-02-28 02:15:45.652514 (661150) lic__man INFO    Claim 'fpv' for 'session_0/prove-1'.
2026-02-28 02:15:45.973559 (661150) lic__man INFO    Unclaim everything for 'session_0/prove-1'.
2026-02-28 02:15:45.973871 (661150) lic__man INFO    Claim 'fpv' for 'session_0'.
2026-02-28 02:15:45.973892 (661150) lic__man INFO    Claim 'fpv' for 'session_0/prove-2'.
2026-02-28 02:15:55.145499 (661150) lic__man INFO    Unclaim everything for 'session_0/prove-2'.
2026-02-28 02:15:55.203246 (661150) main____ INFO    About to exit: request to exit with status 0 received from analysis session 'session_0'
2026-02-28 02:15:55.487380 (661150) session_ INFO    Analysis session 'session_0' disconnected.
2026-02-28 02:15:55.487527 (661150) lic__man INFO    Unclaim everything for 'session_0'.
2026-02-28 02:15:55.487724 (661150) session_ INFO    Process for analysis session 'session_0' has exited with exit status '0'.
2026-02-28 02:15:57.323351 (661173) stdio___ INFO    STDIN reader requested to stop.
2026-02-28 02:15:57.323390 (661173) stdio___ INFO    STDIN reader stopped.
2026-02-28 02:15:57.323755 (661150) lic_core INFO    (1) checkin jasper_interactive
2026-02-28 02:15:57.334922 (661150) lic_core INFO    (3) checkin jasper_fao
2026-02-28 02:15:57.345094 (661150) main____ INFO    Exiting with status 0.
