2026-02-27 16:13:29.470310 (3202122) main____ INFO    ----------------------------------------
2026-02-27 16:13:29.470405 (3202122) main____ INFO    Jasper version info
2026-02-27 16:13:29.470421 (3202122) main____ INFO      tool      : Jasper 2023.12
2026-02-27 16:13:29.470437 (3202122) main____ INFO      version   : 2023.12p001 64 bits
2026-02-27 16:13:29.470451 (3202122) main____ INFO      build date: 2024.01.23 16:09:24 UTC
2026-02-27 16:13:29.470462 (3202122) main____ INFO    ----------------------------------------
2026-02-27 16:13:29.470472 (3202122) main____ INFO    Runtime info:
2026-02-27 16:13:29.470483 (3202122) main____ INFO      platform  : Linux 4.18.0-553.89.1.el8_10.x86_64 x86_64
2026-02-27 16:13:29.470503 (3202122) main____ INFO      hostname  : caddy12.stanford.edu
2026-02-27 16:13:29.470519 (3202122) main____ INFO      pid       : 3202122
2026-02-27 16:13:29.470531 (3202122) main____ INFO      arguments : '-style' 'windows' '-allow_unsupported_OS' '-no_gui' '-fpv' './synthlc/i_DIV_out/xHBPerfG_dfg_v3_div/HB_109_.tcl' '-proj' './synthlc/i_DIV_out/xHBPerfG_dfg_v3_div/HB_109_jgsession_26-02-27-16_13_29'
2026-02-27 16:13:29.470549 (3202122) main____ INFO      locale    : UTF-8
2026-02-27 16:13:29.470559 (3202122) main____ INFO    ----------------------------------------
2026-02-27 16:13:29.470569 (3202122) main____ INFO    System resource limits info:
2026-02-27 16:13:29.470582 (3202122) main____ INFO      virtual memory: unlimited
2026-02-27 16:13:29.470597 (3202122) main____ INFO      cpu time      : unlimited
2026-02-27 16:13:29.470619 (3202122) main____ INFO      processes     : 4096
2026-02-27 16:13:29.470644 (3202122) main____ INFO      stack size    : 8388608 B
2026-02-27 16:13:29.470659 (3202122) main____ INFO      core file size: 0 B
2026-02-27 16:13:29.470688 (3202122) main____ INFO      open files    : 4096
2026-02-27 16:13:29.470700 (3202122) main____ INFO      file size     : unlimited
2026-02-27 16:13:29.470711 (3202122) main____ INFO    ----------------------------------------
2026-02-27 16:13:29.470721 (3202122) main____ INFO    Memory statistics:
2026-02-27 16:13:29.470733 (3202122) main____ INFO      total physical memory  : 98449088 kB
2026-02-27 16:13:29.470745 (3202122) main____ INFO      free physical memory   : 71445128 kB
2026-02-27 16:13:29.470767 (3202122) main____ INFO      committed address space: 10956432 kB
2026-02-27 16:13:29.470777 (3202122) main____ INFO    ----------------------------------------
2026-02-27 16:13:29.472006 (3202122) main____ INFO    Important environment variables:
2026-02-27 16:13:29.472036 (3202122) main____ INFO      CDS_LIC_FILE       : '5280@cadlic0'
2026-02-27 16:13:29.472051 (3202122) main____ INFO      DISPLAY            : 'localhost:12.0'
2026-02-27 16:13:29.472063 (3202122) main____ INFO      JASPER_INSTALL_DIR : '/cad/cadence/jasper_2023.12p001'
2026-02-27 16:13:29.472076 (3202122) main____ INFO      JASPER_KERNEL_CHECK: '1'
2026-02-27 16:13:29.472088 (3202122) main____ INFO      JASPER_OS_CHECK    : '0'
2026-02-27 16:13:29.472101 (3202122) main____ INFO      LANG               : 'zh_TW.UTF-8'
2026-02-27 16:13:29.472111 (3202122) main____ INFO    ----------------------------------------
2026-02-27 16:13:29.473252 (3202122) lic_core INFO    Initializing license system ...
2026-02-27 16:13:29.474639 (3202122) lic_core INFO    ... license system initialized.
2026-02-27 16:13:29.530988 (3202122) lic__man INFO    Claim 'main' for <ui>.
2026-02-27 16:13:29.531069 (3202122) lic_core INFO    (1) checking out 'jasper_interactive' ...
2026-02-27 16:13:29.591921 (3202122) lic_core INFO    ... (1) checkout succeeded
2026-02-27 16:13:29.592029 (3202122) lic__man INFO    Claim 'fpv' for <ui>.
2026-02-27 16:13:29.592060 (3202122) lic_core INFO    (2) checking out 'jasper_fpv' ...
2026-02-27 16:13:29.610541 (3202122) lic_core INFO    ... (2) checkout failed (error: -5) ("FLEXnet ERROR(-5, 0, 0): No such feature exists.")
2026-02-27 16:13:29.610600 (3202122) lic_core INFO    (3) checking out 'jasper_fao' ...
2026-02-27 16:13:29.624417 (3202122) lic_core INFO    ... (3) checkout succeeded
2026-02-27 16:13:29.640614 (3202122) main____ INFO    Tool inactivity delay is 480000 ms.
2026-02-27 16:13:29.659682 (3202133) stdio___ INFO    Starting STDIN reader (tty: yes, tty name: '/dev/pts/0')
2026-02-27 16:13:29.749870 (3202122) session_ INFO    Starting analysis session with session id 'session_0' (launcher: <local>) ...
2026-02-27 16:13:29.751967 (3202122) session_ INFO    Analysis session with session id 'session_0' started (pid: 3202134)
2026-02-27 16:13:31.152288 (3202122) session_ INFO    Analysis session 'session_0' connected to the console (host: 127.0.0.1:59610)
2026-02-27 16:13:37.791901 (3202122) lic__man INFO    Unclaim everything for 'session_0'.
2026-02-27 16:13:38.330230 (3202122) lic__man INFO    Claim 'fpv' for 'session_0'.
2026-02-27 16:13:38.330281 (3202122) lic__man INFO    Claim 'fpv' for 'session_0/prove-0'.
2026-02-27 16:13:41.631182 (3202122) lic__man INFO    Unclaim everything for 'session_0/prove-0'.
2026-02-27 16:13:41.681000 (3202122) main____ INFO    About to exit: request to exit with status 0 received from analysis session 'session_0'
2026-02-27 16:13:41.972006 (3202122) session_ INFO    Analysis session 'session_0' disconnected.
2026-02-27 16:13:41.972165 (3202122) lic__man INFO    Unclaim everything for 'session_0'.
2026-02-27 16:13:41.972354 (3202122) session_ INFO    Process for analysis session 'session_0' has exited with exit status '0'.
2026-02-27 16:13:43.808781 (3202133) stdio___ INFO    STDIN reader requested to stop.
2026-02-27 16:13:43.808853 (3202133) stdio___ INFO    STDIN reader stopped.
2026-02-27 16:13:43.810949 (3202122) lic_core INFO    (1) checkin jasper_interactive
2026-02-27 16:13:43.814897 (3202122) lic_core INFO    (3) checkin jasper_fao
2026-02-27 16:13:43.825681 (3202122) main____ INFO    Exiting with status 0.
