2026-02-26 12:12:59.910399 (2159967) main____ INFO    ----------------------------------------
2026-02-26 12:12:59.910463 (2159967) main____ INFO    Jasper version info
2026-02-26 12:12:59.910478 (2159967) main____ INFO      tool      : Jasper 2023.12
2026-02-26 12:12:59.910491 (2159967) main____ INFO      version   : 2023.12p001 64 bits
2026-02-26 12:12:59.910503 (2159967) main____ INFO      build date: 2024.01.23 16:09:24 UTC
2026-02-26 12:12:59.910512 (2159967) main____ INFO    ----------------------------------------
2026-02-26 12:12:59.910521 (2159967) main____ INFO    Runtime info:
2026-02-26 12:12:59.910531 (2159967) main____ INFO      platform  : Linux 4.18.0-553.89.1.el8_10.x86_64 x86_64
2026-02-26 12:12:59.910547 (2159967) main____ INFO      hostname  : caddy12.stanford.edu
2026-02-26 12:12:59.910561 (2159967) main____ INFO      pid       : 2159967
2026-02-26 12:12:59.910571 (2159967) main____ INFO      arguments : '-style' 'windows' '-allow_unsupported_OS' '-no_gui' '-fpv' './synthlc/i_DIV_out/xHBPerfG_dfg_v3_div/HB_241_.tcl' '-proj' './synthlc/i_DIV_out/xHBPerfG_dfg_v3_div/HB_241_jgsession_26-02-26-12_12_59'
2026-02-26 12:12:59.910585 (2159967) main____ INFO      locale    : UTF-8
2026-02-26 12:12:59.910595 (2159967) main____ INFO    ----------------------------------------
2026-02-26 12:12:59.910604 (2159967) main____ INFO    System resource limits info:
2026-02-26 12:12:59.910616 (2159967) main____ INFO      virtual memory: unlimited
2026-02-26 12:12:59.910627 (2159967) main____ INFO      cpu time      : unlimited
2026-02-26 12:12:59.910643 (2159967) main____ INFO      processes     : 4096
2026-02-26 12:12:59.910675 (2159967) main____ INFO      stack size    : 8388608 B
2026-02-26 12:12:59.910689 (2159967) main____ INFO      core file size: 0 B
2026-02-26 12:12:59.910701 (2159967) main____ INFO      open files    : 4096
2026-02-26 12:12:59.910712 (2159967) main____ INFO      file size     : unlimited
2026-02-26 12:12:59.910721 (2159967) main____ INFO    ----------------------------------------
2026-02-26 12:12:59.910730 (2159967) main____ INFO    Memory statistics:
2026-02-26 12:12:59.910741 (2159967) main____ INFO      total physical memory  : 98449088 kB
2026-02-26 12:12:59.910751 (2159967) main____ INFO      free physical memory   : 80379868 kB
2026-02-26 12:12:59.910762 (2159967) main____ INFO      committed address space: 2467888 kB
2026-02-26 12:12:59.910771 (2159967) main____ INFO    ----------------------------------------
2026-02-26 12:12:59.911923 (2159967) main____ INFO    Important environment variables:
2026-02-26 12:12:59.911956 (2159967) main____ INFO      CDS_LIC_FILE       : '5280@cadlic0'
2026-02-26 12:12:59.911969 (2159967) main____ INFO      DISPLAY            : 'localhost:12.0'
2026-02-26 12:12:59.911980 (2159967) main____ INFO      JASPER_INSTALL_DIR : '/cad/cadence/jasper_2023.12p001'
2026-02-26 12:12:59.911991 (2159967) main____ INFO      JASPER_KERNEL_CHECK: '1'
2026-02-26 12:12:59.912002 (2159967) main____ INFO      JASPER_OS_CHECK    : '0'
2026-02-26 12:12:59.912013 (2159967) main____ INFO      LANG               : 'zh_TW.UTF-8'
2026-02-26 12:12:59.912023 (2159967) main____ INFO    ----------------------------------------
2026-02-26 12:12:59.913143 (2159967) lic_core INFO    Initializing license system ...
2026-02-26 12:12:59.914524 (2159967) lic_core INFO    ... license system initialized.
2026-02-26 12:12:59.931330 (2159967) lic__man INFO    Claim 'main' for <ui>.
2026-02-26 12:12:59.931363 (2159967) lic_core INFO    (1) checking out 'jasper_interactive' ...
2026-02-26 12:12:59.942659 (2159967) lic_core INFO    ... (1) checkout succeeded
2026-02-26 12:12:59.942720 (2159967) lic__man INFO    Claim 'fpv' for <ui>.
2026-02-26 12:12:59.942740 (2159967) lic_core INFO    (2) checking out 'jasper_fpv' ...
2026-02-26 12:12:59.946653 (2159967) lic_core INFO    ... (2) checkout failed (error: -5) ("FLEXnet ERROR(-5, 0, 0): No such feature exists.")
2026-02-26 12:12:59.946698 (2159967) lic_core INFO    (3) checking out 'jasper_fao' ...
2026-02-26 12:12:59.957431 (2159967) lic_core INFO    ... (3) checkout succeeded
2026-02-26 12:12:59.958230 (2159989) stdio___ INFO    Starting STDIN reader (tty: yes, tty name: '/dev/pts/0')
2026-02-26 12:12:59.958349 (2159967) main____ INFO    Tool inactivity delay is 480000 ms.
2026-02-26 12:13:00.001036 (2159967) session_ INFO    Starting analysis session with session id 'session_0' (launcher: <local>) ...
2026-02-26 12:13:00.002805 (2159967) session_ INFO    Analysis session with session id 'session_0' started (pid: 2159991)
2026-02-26 12:13:01.081226 (2159967) session_ INFO    Analysis session 'session_0' connected to the console (host: 127.0.0.1:34040)
2026-02-26 12:13:04.137843 (2159967) lic__man INFO    Unclaim everything for 'session_0'.
2026-02-26 12:13:04.336758 (2159967) lic__man INFO    Claim 'fpv' for 'session_0'.
2026-02-26 12:13:04.336794 (2159967) lic__man INFO    Claim 'fpv' for 'session_0/prove-0'.
2026-02-26 12:16:40.781035 (2159967) lic__man INFO    Unclaim everything for 'session_0/prove-0'.
2026-02-26 12:16:40.825947 (2159967) main____ INFO    About to exit: request to exit with status 0 received from analysis session 'session_0'
2026-02-26 12:16:41.146016 (2159967) session_ INFO    Analysis session 'session_0' disconnected.
2026-02-26 12:16:41.146144 (2159967) lic__man INFO    Unclaim everything for 'session_0'.
2026-02-26 12:16:41.146317 (2159967) session_ INFO    Process for analysis session 'session_0' has exited with exit status '0'.
2026-02-26 12:16:42.902979 (2159989) stdio___ INFO    STDIN reader requested to stop.
2026-02-26 12:16:42.903036 (2159989) stdio___ INFO    STDIN reader stopped.
2026-02-26 12:16:42.903309 (2159967) lic_core INFO    (1) checkin jasper_interactive
2026-02-26 12:16:42.905953 (2159967) lic_core INFO    (3) checkin jasper_fao
2026-02-26 12:16:42.918984 (2159967) main____ INFO    Exiting with status 0.
