2026-03-01 01:26:52.979361 (1140706) main____ INFO    ----------------------------------------
2026-03-01 01:26:52.979449 (1140706) main____ INFO    Jasper version info
2026-03-01 01:26:52.979466 (1140706) main____ INFO      tool      : Jasper 2023.12
2026-03-01 01:26:52.979481 (1140706) main____ INFO      version   : 2023.12p001 64 bits
2026-03-01 01:26:52.979494 (1140706) main____ INFO      build date: 2024.01.23 16:09:24 UTC
2026-03-01 01:26:52.979504 (1140706) main____ INFO    ----------------------------------------
2026-03-01 01:26:52.979513 (1140706) main____ INFO    Runtime info:
2026-03-01 01:26:52.979523 (1140706) main____ INFO      platform  : Linux 4.18.0-553.89.1.el8_10.x86_64 x86_64
2026-03-01 01:26:52.979542 (1140706) main____ INFO      hostname  : caddy15.stanford.edu
2026-03-01 01:26:52.979557 (1140706) main____ INFO      pid       : 1140706
2026-03-01 01:26:52.979569 (1140706) main____ INFO      arguments : '-style' 'windows' '-allow_unsupported_OS' '-no_gui' '-fpv' './synthlc/i_LW_out/xPairwiseDepDiv/nunv_anytwo_46_.tcl' '-proj' './synthlc/i_LW_out/xPairwiseDepDiv/nunv_anytwo_46_jgsession_26-03-01-01_26_52'
2026-03-01 01:26:52.979586 (1140706) main____ INFO      locale    : UTF-8
2026-03-01 01:26:52.979595 (1140706) main____ INFO    ----------------------------------------
2026-03-01 01:26:52.979604 (1140706) main____ INFO    System resource limits info:
2026-03-01 01:26:52.979617 (1140706) main____ INFO      virtual memory: unlimited
2026-03-01 01:26:52.979628 (1140706) main____ INFO      cpu time      : unlimited
2026-03-01 01:26:52.979647 (1140706) main____ INFO      processes     : 4096
2026-03-01 01:26:52.979667 (1140706) main____ INFO      stack size    : 8388608 B
2026-03-01 01:26:52.979681 (1140706) main____ INFO      core file size: 0 B
2026-03-01 01:26:52.979694 (1140706) main____ INFO      open files    : 4096
2026-03-01 01:26:52.979705 (1140706) main____ INFO      file size     : unlimited
2026-03-01 01:26:52.979715 (1140706) main____ INFO    ----------------------------------------
2026-03-01 01:26:52.979724 (1140706) main____ INFO    Memory statistics:
2026-03-01 01:26:52.979735 (1140706) main____ INFO      total physical memory  : 98449092 kB
2026-03-01 01:26:52.979746 (1140706) main____ INFO      free physical memory   : 76850588 kB
2026-03-01 01:26:52.979758 (1140706) main____ INFO      committed address space: 5831800 kB
2026-03-01 01:26:52.979768 (1140706) main____ INFO    ----------------------------------------
2026-03-01 01:26:52.980925 (1140706) main____ INFO    Important environment variables:
2026-03-01 01:26:52.980951 (1140706) main____ INFO      CDS_LIC_FILE       : '5280@cadlic0'
2026-03-01 01:26:52.980963 (1140706) main____ INFO      JASPER_INSTALL_DIR : '/cad/cadence/jasper_2023.12p001'
2026-03-01 01:26:52.980975 (1140706) main____ INFO      JASPER_KERNEL_CHECK: '1'
2026-03-01 01:26:52.980987 (1140706) main____ INFO      JASPER_OS_CHECK    : '0'
2026-03-01 01:26:52.980999 (1140706) main____ INFO      LANG               : 'en_US.UTF-8'
2026-03-01 01:26:52.981009 (1140706) main____ INFO    ----------------------------------------
2026-03-01 01:26:52.988490 (1140706) lic_core INFO    Initializing license system ...
2026-03-01 01:26:53.011571 (1140706) lic_core INFO    ... license system initialized.
2026-03-01 01:26:53.097960 (1140706) lic__man INFO    Claim 'main' for <ui>.
2026-03-01 01:26:53.098028 (1140706) lic_core INFO    (1) checking out 'jasper_interactive' ...
2026-03-01 01:26:53.111167 (1140706) lic_core INFO    ... (1) checkout succeeded
2026-03-01 01:26:53.111282 (1140706) lic__man INFO    Claim 'fpv' for <ui>.
2026-03-01 01:26:53.111321 (1140706) lic_core INFO    (2) checking out 'jasper_fpv' ...
2026-03-01 01:26:53.115540 (1140706) lic_core INFO    ... (2) checkout failed (error: -5) ("FLEXnet ERROR(-5, 0, 0): No such feature exists.")
2026-03-01 01:26:53.115592 (1140706) lic_core INFO    (3) checking out 'jasper_fao' ...
2026-03-01 01:26:53.126833 (1140706) lic_core INFO    ... (3) checkout succeeded
2026-03-01 01:26:53.129245 (1140706) main____ INFO    Tool inactivity delay is 480000 ms.
2026-03-01 01:26:53.137510 (1140735) stdio___ INFO    Starting STDIN reader (tty: yes, tty name: '/dev/pts/0')
2026-03-01 01:26:53.332457 (1140706) session_ INFO    Starting analysis session with session id 'session_0' (launcher: <local>) ...
2026-03-01 01:26:53.334538 (1140706) session_ INFO    Analysis session with session id 'session_0' started (pid: 1140736)
2026-03-01 01:26:54.996860 (1140706) session_ INFO    Analysis session 'session_0' connected to the console (host: 127.0.0.1:55548)
2026-03-01 01:26:59.335479 (1140706) lic__man INFO    Unclaim everything for 'session_0'.
2026-03-01 01:26:59.904938 (1140706) lic__man INFO    Claim 'fpv' for 'session_0'.
2026-03-01 01:26:59.904998 (1140706) lic__man INFO    Claim 'fpv' for 'session_0/prove-0'.
2026-03-01 01:27:02.790150 (1140706) lic__man INFO    Unclaim everything for 'session_0/prove-0'.
2026-03-01 01:27:02.859577 (1140706) main____ INFO    About to exit: request to exit with status 0 received from analysis session 'session_0'
2026-03-01 01:27:03.340682 (1140706) session_ INFO    Analysis session 'session_0' disconnected.
2026-03-01 01:27:03.340841 (1140706) lic__man INFO    Unclaim everything for 'session_0'.
2026-03-01 01:27:03.341021 (1140706) session_ INFO    Process for analysis session 'session_0' has exited with exit status '0'.
2026-03-01 01:27:04.920389 (1140735) stdio___ INFO    STDIN reader requested to stop.
2026-03-01 01:27:04.920448 (1140735) stdio___ INFO    STDIN reader stopped.
2026-03-01 01:27:04.920821 (1140706) lic_core INFO    (1) checkin jasper_interactive
2026-03-01 01:27:04.921761 (1140706) lic_core INFO    (3) checkin jasper_fao
2026-03-01 01:27:04.923729 (1140706) main____ INFO    Exiting with status 0.
