2026-03-01 01:32:19.850687 (1161856) main____ INFO    ----------------------------------------
2026-03-01 01:32:19.850773 (1161856) main____ INFO    Jasper version info
2026-03-01 01:32:19.850788 (1161856) main____ INFO      tool      : Jasper 2023.12
2026-03-01 01:32:19.850802 (1161856) main____ INFO      version   : 2023.12p001 64 bits
2026-03-01 01:32:19.850815 (1161856) main____ INFO      build date: 2024.01.23 16:09:24 UTC
2026-03-01 01:32:19.850825 (1161856) main____ INFO    ----------------------------------------
2026-03-01 01:32:19.850834 (1161856) main____ INFO    Runtime info:
2026-03-01 01:32:19.850845 (1161856) main____ INFO      platform  : Linux 4.18.0-553.89.1.el8_10.x86_64 x86_64
2026-03-01 01:32:19.850862 (1161856) main____ INFO      hostname  : caddy15.stanford.edu
2026-03-01 01:32:19.850877 (1161856) main____ INFO      pid       : 1161856
2026-03-01 01:32:19.850888 (1161856) main____ INFO      arguments : '-style' 'windows' '-allow_unsupported_OS' '-no_gui' '-fpv' './synthlc/i_LW_out/xPairwiseDepDiv/nunv_anytwo_91_.tcl' '-proj' './synthlc/i_LW_out/xPairwiseDepDiv/nunv_anytwo_91_jgsession_26-03-01-01_32_19'
2026-03-01 01:32:19.850904 (1161856) main____ INFO      locale    : UTF-8
2026-03-01 01:32:19.850913 (1161856) main____ INFO    ----------------------------------------
2026-03-01 01:32:19.850922 (1161856) main____ INFO    System resource limits info:
2026-03-01 01:32:19.850934 (1161856) main____ INFO      virtual memory: unlimited
2026-03-01 01:32:19.850946 (1161856) main____ INFO      cpu time      : unlimited
2026-03-01 01:32:19.850963 (1161856) main____ INFO      processes     : 4096
2026-03-01 01:32:19.850981 (1161856) main____ INFO      stack size    : 8388608 B
2026-03-01 01:32:19.850995 (1161856) main____ INFO      core file size: 0 B
2026-03-01 01:32:19.851008 (1161856) main____ INFO      open files    : 4096
2026-03-01 01:32:19.851019 (1161856) main____ INFO      file size     : unlimited
2026-03-01 01:32:19.851029 (1161856) main____ INFO    ----------------------------------------
2026-03-01 01:32:19.851038 (1161856) main____ INFO    Memory statistics:
2026-03-01 01:32:19.851050 (1161856) main____ INFO      total physical memory  : 98449092 kB
2026-03-01 01:32:19.851061 (1161856) main____ INFO      free physical memory   : 79685720 kB
2026-03-01 01:32:19.851072 (1161856) main____ INFO      committed address space: 2214084 kB
2026-03-01 01:32:19.851081 (1161856) main____ INFO    ----------------------------------------
2026-03-01 01:32:19.852232 (1161856) main____ INFO    Important environment variables:
2026-03-01 01:32:19.852268 (1161856) main____ INFO      CDS_LIC_FILE       : '5280@cadlic0'
2026-03-01 01:32:19.852280 (1161856) main____ INFO      JASPER_INSTALL_DIR : '/cad/cadence/jasper_2023.12p001'
2026-03-01 01:32:19.852293 (1161856) main____ INFO      JASPER_KERNEL_CHECK: '1'
2026-03-01 01:32:19.852316 (1161856) main____ INFO      JASPER_OS_CHECK    : '0'
2026-03-01 01:32:19.852328 (1161856) main____ INFO      LANG               : 'en_US.UTF-8'
2026-03-01 01:32:19.852338 (1161856) main____ INFO    ----------------------------------------
2026-03-01 01:32:19.853510 (1161856) lic_core INFO    Initializing license system ...
2026-03-01 01:32:19.855084 (1161856) lic_core INFO    ... license system initialized.
2026-03-01 01:32:19.866359 (1161856) lic__man INFO    Claim 'main' for <ui>.
2026-03-01 01:32:19.866402 (1161856) lic_core INFO    (1) checking out 'jasper_interactive' ...
2026-03-01 01:32:19.878416 (1161856) lic_core INFO    ... (1) checkout succeeded
2026-03-01 01:32:19.878477 (1161856) lic__man INFO    Claim 'fpv' for <ui>.
2026-03-01 01:32:19.878499 (1161856) lic_core INFO    (2) checking out 'jasper_fpv' ...
2026-03-01 01:32:19.882804 (1161856) lic_core INFO    ... (2) checkout failed (error: -5) ("FLEXnet ERROR(-5, 0, 0): No such feature exists.")
2026-03-01 01:32:19.882836 (1161856) lic_core INFO    (3) checking out 'jasper_fao' ...
2026-03-01 01:32:19.893526 (1161856) lic_core INFO    ... (3) checkout succeeded
2026-03-01 01:32:19.895068 (1161867) stdio___ INFO    Starting STDIN reader (tty: yes, tty name: '/dev/pts/0')
2026-03-01 01:32:19.895217 (1161856) main____ INFO    Tool inactivity delay is 480000 ms.
2026-03-01 01:32:19.933976 (1161856) session_ INFO    Starting analysis session with session id 'session_0' (launcher: <local>) ...
2026-03-01 01:32:19.935695 (1161856) session_ INFO    Analysis session with session id 'session_0' started (pid: 1161868)
2026-03-01 01:32:21.063834 (1161856) session_ INFO    Analysis session 'session_0' connected to the console (host: 127.0.0.1:33916)
2026-03-01 01:32:24.193551 (1161856) lic__man INFO    Unclaim everything for 'session_0'.
2026-03-01 01:32:24.400065 (1161856) lic__man INFO    Claim 'fpv' for 'session_0'.
2026-03-01 01:32:24.400104 (1161856) lic__man INFO    Claim 'fpv' for 'session_0/prove-0'.
2026-03-01 01:32:25.525456 (1161856) lic__man INFO    Unclaim everything for 'session_0/prove-0'.
2026-03-01 01:32:25.567459 (1161856) main____ INFO    About to exit: request to exit with status 0 received from analysis session 'session_0'
2026-03-01 01:32:25.714649 (1161856) session_ INFO    Analysis session 'session_0' disconnected.
2026-03-01 01:32:25.714830 (1161856) lic__man INFO    Unclaim everything for 'session_0'.
2026-03-01 01:32:25.715020 (1161856) session_ INFO    Process for analysis session 'session_0' has exited with exit status '0'.
2026-03-01 01:32:27.474173 (1161867) stdio___ INFO    STDIN reader requested to stop.
2026-03-01 01:32:27.474203 (1161867) stdio___ INFO    STDIN reader stopped.
2026-03-01 01:32:27.474459 (1161856) lic_core INFO    (1) checkin jasper_interactive
2026-03-01 01:32:27.475645 (1161856) lic_core INFO    (3) checkin jasper_fao
2026-03-01 01:32:27.477130 (1161856) main____ INFO    Exiting with status 0.
