2026-02-25 18:05:24.504072 (3406311) main____ INFO    ----------------------------------------
2026-02-25 18:05:24.504186 (3406311) main____ INFO    Jasper version info
2026-02-25 18:05:24.504205 (3406311) main____ INFO      tool      : Jasper 2023.12
2026-02-25 18:05:24.504223 (3406311) main____ INFO      version   : 2023.12p001 64 bits
2026-02-25 18:05:24.504239 (3406311) main____ INFO      build date: 2024.01.23 16:09:24 UTC
2026-02-25 18:05:24.504251 (3406311) main____ INFO    ----------------------------------------
2026-02-25 18:05:24.504262 (3406311) main____ INFO    Runtime info:
2026-02-25 18:05:24.504275 (3406311) main____ INFO      platform  : Linux 4.18.0-553.89.1.el8_10.x86_64 x86_64
2026-02-25 18:05:24.504297 (3406311) main____ INFO      hostname  : caddy15.stanford.edu
2026-02-25 18:05:24.504332 (3406311) main____ INFO      pid       : 3406311
2026-02-25 18:05:24.504347 (3406311) main____ INFO      arguments : '-style' 'windows' '-allow_unsupported_OS' '-no_gui' '-fpv' './synthlc/i_DIV_out/xPerfLocCycleCount/over1cyc_15_div_fsm_s9_.tcl' '-proj' './synthlc/i_DIV_out/xPerfLocCycleCount/over1cyc_15_div_fsm_s9_jgsession_26-02-25-18_05_24'
2026-02-25 18:05:24.504367 (3406311) main____ INFO      locale    : UTF-8
2026-02-25 18:05:24.504378 (3406311) main____ INFO    ----------------------------------------
2026-02-25 18:05:24.504389 (3406311) main____ INFO    System resource limits info:
2026-02-25 18:05:24.504435 (3406311) main____ INFO      virtual memory: unlimited
2026-02-25 18:05:24.504451 (3406311) main____ INFO      cpu time      : unlimited
2026-02-25 18:05:24.504472 (3406311) main____ INFO      processes     : 4096
2026-02-25 18:05:24.504497 (3406311) main____ INFO      stack size    : 8388608 B
2026-02-25 18:05:24.504513 (3406311) main____ INFO      core file size: 0 B
2026-02-25 18:05:24.504529 (3406311) main____ INFO      open files    : 4096
2026-02-25 18:05:24.504543 (3406311) main____ INFO      file size     : unlimited
2026-02-25 18:05:24.504554 (3406311) main____ INFO    ----------------------------------------
2026-02-25 18:05:24.504565 (3406311) main____ INFO    Memory statistics:
2026-02-25 18:05:24.504579 (3406311) main____ INFO      total physical memory  : 98449092 kB
2026-02-25 18:05:24.504592 (3406311) main____ INFO      free physical memory   : 77616928 kB
2026-02-25 18:05:24.504606 (3406311) main____ INFO      committed address space: 6154828 kB
2026-02-25 18:05:24.504617 (3406311) main____ INFO    ----------------------------------------
2026-02-25 18:05:24.506041 (3406311) main____ INFO    Important environment variables:
2026-02-25 18:05:24.506077 (3406311) main____ INFO      CDS_LIC_FILE       : '5280@cadlic0'
2026-02-25 18:05:24.506092 (3406311) main____ INFO      JASPER_INSTALL_DIR : '/cad/cadence/jasper_2023.12p001'
2026-02-25 18:05:24.506107 (3406311) main____ INFO      JASPER_KERNEL_CHECK: '1'
2026-02-25 18:05:24.506124 (3406311) main____ INFO      JASPER_OS_CHECK    : '0'
2026-02-25 18:05:24.506138 (3406311) main____ INFO      LANG               : 'en_US.UTF-8'
2026-02-25 18:05:24.506150 (3406311) main____ INFO    ----------------------------------------
2026-02-25 18:05:24.507507 (3406311) lic_core INFO    Initializing license system ...
2026-02-25 18:05:24.513664 (3406311) lic_core INFO    ... license system initialized.
2026-02-25 18:05:24.557834 (3406311) lic__man INFO    Claim 'main' for <ui>.
2026-02-25 18:05:24.557919 (3406311) lic_core INFO    (1) checking out 'jasper_interactive' ...
2026-02-25 18:05:24.574124 (3406311) lic_core INFO    ... (1) checkout succeeded
2026-02-25 18:05:24.574233 (3406311) lic__man INFO    Claim 'fpv' for <ui>.
2026-02-25 18:05:24.574265 (3406311) lic_core INFO    (2) checking out 'jasper_fpv' ...
2026-02-25 18:05:24.579018 (3406311) lic_core INFO    ... (2) checkout failed (error: -5) ("FLEXnet ERROR(-5, 0, 0): No such feature exists.")
2026-02-25 18:05:24.579073 (3406311) lic_core INFO    (3) checking out 'jasper_fao' ...
2026-02-25 18:05:24.592165 (3406311) lic_core INFO    ... (3) checkout succeeded
2026-02-25 18:05:24.595223 (3406311) main____ INFO    Tool inactivity delay is 480000 ms.
2026-02-25 18:05:24.598342 (3406327) stdio___ INFO    Starting STDIN reader (tty: yes, tty name: '/dev/pts/0')
2026-02-25 18:05:24.756461 (3406311) session_ INFO    Starting analysis session with session id 'session_0' (launcher: <local>) ...
2026-02-25 18:05:24.758593 (3406311) session_ INFO    Analysis session with session id 'session_0' started (pid: 3406339)
2026-02-25 18:05:26.301818 (3406311) session_ INFO    Analysis session 'session_0' connected to the console (host: 127.0.0.1:43060)
2026-02-25 18:05:32.485671 (3406311) lic__man INFO    Unclaim everything for 'session_0'.
2026-02-25 18:05:32.956337 (3406311) lic__man INFO    Claim 'fpv' for 'session_0'.
2026-02-25 18:05:32.956387 (3406311) lic__man INFO    Claim 'fpv' for 'session_0/prove-0'.
2026-02-25 18:06:01.053799 (3406311) lic__man INFO    Unclaim everything for 'session_0/prove-0'.
2026-02-25 18:06:01.114650 (3406311) main____ INFO    About to exit: request to exit with status 0 received from analysis session 'session_0'
2026-02-25 18:06:01.600760 (3406311) session_ INFO    Analysis session 'session_0' disconnected.
2026-02-25 18:06:01.600954 (3406311) lic__man INFO    Unclaim everything for 'session_0'.
2026-02-25 18:06:01.601219 (3406311) session_ INFO    Process for analysis session 'session_0' has exited with exit status '0'.
2026-02-25 18:06:03.048801 (3406327) stdio___ INFO    STDIN reader requested to stop.
2026-02-25 18:06:03.048855 (3406327) stdio___ INFO    STDIN reader stopped.
2026-02-25 18:06:03.049255 (3406311) lic_core INFO    (1) checkin jasper_interactive
2026-02-25 18:06:03.050507 (3406311) lic_core INFO    (3) checkin jasper_fao
2026-02-25 18:06:03.059556 (3406311) main____ INFO    Exiting with status 0.
