2026-02-26 03:46:14.236645 (3709767) main____ INFO    ----------------------------------------
2026-02-26 03:46:14.236744 (3709767) main____ INFO    Jasper version info
2026-02-26 03:46:14.236760 (3709767) main____ INFO      tool      : Jasper 2023.12
2026-02-26 03:46:14.236776 (3709767) main____ INFO      version   : 2023.12p001 64 bits
2026-02-26 03:46:14.236790 (3709767) main____ INFO      build date: 2024.01.23 16:09:24 UTC
2026-02-26 03:46:14.236800 (3709767) main____ INFO    ----------------------------------------
2026-02-26 03:46:14.236809 (3709767) main____ INFO    Runtime info:
2026-02-26 03:46:14.236820 (3709767) main____ INFO      platform  : Linux 4.18.0-553.89.1.el8_10.x86_64 x86_64
2026-02-26 03:46:14.236839 (3709767) main____ INFO      hostname  : caddy15.stanford.edu
2026-02-26 03:46:14.236855 (3709767) main____ INFO      pid       : 3709767
2026-02-26 03:46:14.236866 (3709767) main____ INFO      arguments : '-style' 'windows' '-allow_unsupported_OS' '-no_gui' '-fpv' './synthlc/i_ADDI_out/xPairwiseDepDiv/nunv_anytwo_140_.tcl' '-proj' './synthlc/i_ADDI_out/xPairwiseDepDiv/nunv_anytwo_140_jgsession_26-02-26-03_46_13'
2026-02-26 03:46:14.236883 (3709767) main____ INFO      locale    : UTF-8
2026-02-26 03:46:14.236893 (3709767) main____ INFO    ----------------------------------------
2026-02-26 03:46:14.236902 (3709767) main____ INFO    System resource limits info:
2026-02-26 03:46:14.236915 (3709767) main____ INFO      virtual memory: unlimited
2026-02-26 03:46:14.236927 (3709767) main____ INFO      cpu time      : unlimited
2026-02-26 03:46:14.236946 (3709767) main____ INFO      processes     : 4096
2026-02-26 03:46:14.236968 (3709767) main____ INFO      stack size    : 8388608 B
2026-02-26 03:46:14.236983 (3709767) main____ INFO      core file size: 0 B
2026-02-26 03:46:14.236995 (3709767) main____ INFO      open files    : 4096
2026-02-26 03:46:14.237007 (3709767) main____ INFO      file size     : unlimited
2026-02-26 03:46:14.237017 (3709767) main____ INFO    ----------------------------------------
2026-02-26 03:46:14.237026 (3709767) main____ INFO    Memory statistics:
2026-02-26 03:46:14.237038 (3709767) main____ INFO      total physical memory  : 98449092 kB
2026-02-26 03:46:14.237049 (3709767) main____ INFO      free physical memory   : 77418536 kB
2026-02-26 03:46:14.237061 (3709767) main____ INFO      committed address space: 6067988 kB
2026-02-26 03:46:14.237070 (3709767) main____ INFO    ----------------------------------------
2026-02-26 03:46:14.238281 (3709767) main____ INFO    Important environment variables:
2026-02-26 03:46:14.238331 (3709767) main____ INFO      CDS_LIC_FILE       : '5280@cadlic0'
2026-02-26 03:46:14.238344 (3709767) main____ INFO      JASPER_INSTALL_DIR : '/cad/cadence/jasper_2023.12p001'
2026-02-26 03:46:14.238356 (3709767) main____ INFO      JASPER_KERNEL_CHECK: '1'
2026-02-26 03:46:14.238368 (3709767) main____ INFO      JASPER_OS_CHECK    : '0'
2026-02-26 03:46:14.238380 (3709767) main____ INFO      LANG               : 'en_US.UTF-8'
2026-02-26 03:46:14.238390 (3709767) main____ INFO    ----------------------------------------
2026-02-26 03:46:14.240498 (3709767) lic_core INFO    Initializing license system ...
2026-02-26 03:46:14.265561 (3709767) lic_core INFO    ... license system initialized.
2026-02-26 03:46:14.347416 (3709767) lic__man INFO    Claim 'main' for <ui>.
2026-02-26 03:46:14.347492 (3709767) lic_core INFO    (1) checking out 'jasper_interactive' ...
2026-02-26 03:46:14.361750 (3709767) lic_core INFO    ... (1) checkout succeeded
2026-02-26 03:46:14.361855 (3709767) lic__man INFO    Claim 'fpv' for <ui>.
2026-02-26 03:46:14.361882 (3709767) lic_core INFO    (2) checking out 'jasper_fpv' ...
2026-02-26 03:46:14.423817 (3709767) lic_core INFO    ... (2) checkout failed (error: -5) ("FLEXnet ERROR(-5, 0, 0): No such feature exists.")
2026-02-26 03:46:14.423929 (3709767) lic_core INFO    (3) checking out 'jasper_fao' ...
2026-02-26 03:46:14.478700 (3709767) lic_core INFO    ... (3) checkout succeeded
2026-02-26 03:46:14.491328 (3709767) main____ INFO    Tool inactivity delay is 480000 ms.
2026-02-26 03:46:14.499596 (3709778) stdio___ INFO    Starting STDIN reader (tty: yes, tty name: '/dev/pts/0')
2026-02-26 03:46:14.738132 (3709767) session_ INFO    Starting analysis session with session id 'session_0' (launcher: <local>) ...
2026-02-26 03:46:14.740082 (3709767) session_ INFO    Analysis session with session id 'session_0' started (pid: 3709785)
2026-02-26 03:46:16.501144 (3709767) session_ INFO    Analysis session 'session_0' connected to the console (host: 127.0.0.1:40198)
2026-02-26 03:46:21.232835 (3709767) lic__man INFO    Unclaim everything for 'session_0'.
2026-02-26 03:46:21.637673 (3709767) lic__man INFO    Claim 'fpv' for 'session_0'.
2026-02-26 03:46:21.637720 (3709767) lic__man INFO    Claim 'fpv' for 'session_0/prove-0'.
2026-02-26 03:46:23.618108 (3709767) lic__man INFO    Unclaim everything for 'session_0/prove-0'.
2026-02-26 03:46:23.631925 (3709767) main____ INFO    About to exit: request to exit with status 0 received from analysis session 'session_0'
2026-02-26 03:46:23.897019 (3709767) session_ INFO    Analysis session 'session_0' disconnected.
2026-02-26 03:46:23.897191 (3709767) lic__man INFO    Unclaim everything for 'session_0'.
2026-02-26 03:46:23.897535 (3709767) session_ INFO    Process for analysis session 'session_0' has exited with exit status '0'.
2026-02-26 03:46:25.539372 (3709778) stdio___ INFO    STDIN reader requested to stop.
2026-02-26 03:46:25.539418 (3709778) stdio___ INFO    STDIN reader stopped.
2026-02-26 03:46:25.549593 (3709767) lic_core INFO    (1) checkin jasper_interactive
2026-02-26 03:46:25.555539 (3709767) lic_core INFO    (3) checkin jasper_fao
2026-02-26 03:46:25.567808 (3709767) main____ INFO    Exiting with status 0.
