2026-03-01 09:33:05.725285 (32402) main____ INFO    ----------------------------------------
2026-03-01 09:33:05.725381 (32402) main____ INFO    Jasper version info
2026-03-01 09:33:05.725399 (32402) main____ INFO      tool      : Jasper 2023.12
2026-03-01 09:33:05.725415 (32402) main____ INFO      version   : 2023.12p001 64 bits
2026-03-01 09:33:05.725430 (32402) main____ INFO      build date: 2024.01.23 16:09:24 UTC
2026-03-01 09:33:05.725441 (32402) main____ INFO    ----------------------------------------
2026-03-01 09:33:05.725451 (32402) main____ INFO    Runtime info:
2026-03-01 09:33:05.725463 (32402) main____ INFO      platform  : Linux 4.18.0-553.89.1.el8_10.x86_64 x86_64
2026-03-01 09:33:05.725482 (32402) main____ INFO      hostname  : caddy12.stanford.edu
2026-03-01 09:33:05.725498 (32402) main____ INFO      pid       : 32402
2026-03-01 09:33:05.725510 (32402) main____ INFO      arguments : '-style' 'windows' '-allow_unsupported_OS' '-no_gui' '-fpv' './synthlc/i_LW_out/xHBPerfG_dfg_v3_div/HB_178_.tcl' '-proj' './synthlc/i_LW_out/xHBPerfG_dfg_v3_div/HB_178_jgsession_26-03-01-09_33_05'
2026-03-01 09:33:05.725527 (32402) main____ INFO      locale    : UTF-8
2026-03-01 09:33:05.725538 (32402) main____ INFO    ----------------------------------------
2026-03-01 09:33:05.725547 (32402) main____ INFO    System resource limits info:
2026-03-01 09:33:05.725561 (32402) main____ INFO      virtual memory: unlimited
2026-03-01 09:33:05.725573 (32402) main____ INFO      cpu time      : unlimited
2026-03-01 09:33:05.725592 (32402) main____ INFO      processes     : 4096
2026-03-01 09:33:05.725612 (32402) main____ INFO      stack size    : 8388608 B
2026-03-01 09:33:05.725627 (32402) main____ INFO      core file size: 0 B
2026-03-01 09:33:05.725640 (32402) main____ INFO      open files    : 4096
2026-03-01 09:33:05.725653 (32402) main____ INFO      file size     : unlimited
2026-03-01 09:33:05.725677 (32402) main____ INFO    ----------------------------------------
2026-03-01 09:33:05.725687 (32402) main____ INFO    Memory statistics:
2026-03-01 09:33:05.725700 (32402) main____ INFO      total physical memory  : 98449088 kB
2026-03-01 09:33:05.725712 (32402) main____ INFO      free physical memory   : 83304148 kB
2026-03-01 09:33:05.725724 (32402) main____ INFO      committed address space: 11367160 kB
2026-03-01 09:33:05.725734 (32402) main____ INFO    ----------------------------------------
2026-03-01 09:33:05.726947 (32402) main____ INFO    Important environment variables:
2026-03-01 09:33:05.726974 (32402) main____ INFO      CDS_LIC_FILE       : '5280@cadlic0'
2026-03-01 09:33:05.726988 (32402) main____ INFO      DISPLAY            : 'localhost:12.0'
2026-03-01 09:33:05.727000 (32402) main____ INFO      JASPER_INSTALL_DIR : '/cad/cadence/jasper_2023.12p001'
2026-03-01 09:33:05.727013 (32402) main____ INFO      JASPER_KERNEL_CHECK: '1'
2026-03-01 09:33:05.727025 (32402) main____ INFO      JASPER_OS_CHECK    : '0'
2026-03-01 09:33:05.727038 (32402) main____ INFO      LANG               : 'zh_TW.UTF-8'
2026-03-01 09:33:05.727049 (32402) main____ INFO    ----------------------------------------
2026-03-01 09:33:05.729787 (32402) lic_core INFO    Initializing license system ...
2026-03-01 09:33:05.736024 (32402) lic_core INFO    ... license system initialized.
2026-03-01 09:33:05.748749 (32402) lic__man INFO    Claim 'main' for <ui>.
2026-03-01 09:33:05.748837 (32402) lic_core INFO    (1) checking out 'jasper_interactive' ...
2026-03-01 09:33:05.761518 (32402) lic_core INFO    ... (1) checkout succeeded
2026-03-01 09:33:05.761627 (32402) lic__man INFO    Claim 'fpv' for <ui>.
2026-03-01 09:33:05.761657 (32402) lic_core INFO    (2) checking out 'jasper_fpv' ...
2026-03-01 09:33:05.765954 (32402) lic_core INFO    ... (2) checkout failed (error: -5) ("FLEXnet ERROR(-5, 0, 0): No such feature exists.")
2026-03-01 09:33:05.766025 (32402) lic_core INFO    (3) checking out 'jasper_fao' ...
2026-03-01 09:33:05.783095 (32402) lic_core INFO    ... (3) checkout succeeded
2026-03-01 09:33:05.787906 (32402) main____ INFO    Tool inactivity delay is 480000 ms.
2026-03-01 09:33:05.788199 (32413) stdio___ INFO    Starting STDIN reader (tty: yes, tty name: '/dev/pts/0')
2026-03-01 09:33:05.841124 (32402) session_ INFO    Starting analysis session with session id 'session_0' (launcher: <local>) ...
2026-03-01 09:33:05.843206 (32402) session_ INFO    Analysis session with session id 'session_0' started (pid: 32414)
2026-03-01 09:33:07.169335 (32402) session_ INFO    Analysis session 'session_0' connected to the console (host: 127.0.0.1:38050)
2026-03-01 09:33:19.242898 (32402) lic__man INFO    Unclaim everything for 'session_0'.
2026-03-01 09:33:19.507939 (32402) lic__man INFO    Claim 'fpv' for 'session_0'.
2026-03-01 09:33:19.507992 (32402) lic__man INFO    Claim 'fpv' for 'session_0/prove-0'.
2026-03-01 09:33:39.699104 (32402) lic__man INFO    Unclaim everything for 'session_0/prove-0'.
2026-03-01 09:33:39.712396 (32402) main____ INFO    About to exit: request to exit with status 0 received from analysis session 'session_0'
2026-03-01 09:33:39.902081 (32402) session_ INFO    Analysis session 'session_0' disconnected.
2026-03-01 09:33:39.902231 (32402) lic__man INFO    Unclaim everything for 'session_0'.
2026-03-01 09:33:39.902423 (32402) session_ INFO    Process for analysis session 'session_0' has exited with exit status '0'.
2026-03-01 09:33:41.836861 (32413) stdio___ INFO    STDIN reader requested to stop.
2026-03-01 09:33:41.836941 (32413) stdio___ INFO    STDIN reader stopped.
2026-03-01 09:33:41.842940 (32402) lic_core INFO    (1) checkin jasper_interactive
2026-03-01 09:33:41.847903 (32402) lic_core INFO    (3) checkin jasper_fao
2026-03-01 09:33:41.878153 (32402) main____ INFO    Exiting with status 0.
