2026-02-27 23:42:23.277767 (524740) main____ INFO    ----------------------------------------
2026-02-27 23:42:23.277823 (524740) main____ INFO    Jasper version info
2026-02-27 23:42:23.277837 (524740) main____ INFO      tool      : Jasper 2023.12
2026-02-27 23:42:23.277850 (524740) main____ INFO      version   : 2023.12p001 64 bits
2026-02-27 23:42:23.277863 (524740) main____ INFO      build date: 2024.01.23 16:09:24 UTC
2026-02-27 23:42:23.277872 (524740) main____ INFO    ----------------------------------------
2026-02-27 23:42:23.277882 (524740) main____ INFO    Runtime info:
2026-02-27 23:42:23.277892 (524740) main____ INFO      platform  : Linux 4.18.0-553.89.1.el8_10.x86_64 x86_64
2026-02-27 23:42:23.277908 (524740) main____ INFO      hostname  : caddy10.stanford.edu
2026-02-27 23:42:23.277923 (524740) main____ INFO      pid       : 524740
2026-02-27 23:42:23.277934 (524740) main____ INFO      arguments : '-style' 'windows' '-allow_unsupported_OS' '-no_gui' '-fpv' './synthlc/i_DIV_out/xHBPerfG_dfg_v3_div/WHB_90_.tcl' '-proj' './synthlc/i_DIV_out/xHBPerfG_dfg_v3_div/WHB_90_jgsession_26-02-27-23_42_23'
2026-02-27 23:42:23.277949 (524740) main____ INFO      locale    : UTF-8
2026-02-27 23:42:23.277958 (524740) main____ INFO    ----------------------------------------
2026-02-27 23:42:23.277967 (524740) main____ INFO    System resource limits info:
2026-02-27 23:42:23.277979 (524740) main____ INFO      virtual memory: unlimited
2026-02-27 23:42:23.277991 (524740) main____ INFO      cpu time      : unlimited
2026-02-27 23:42:23.278006 (524740) main____ INFO      processes     : 4096
2026-02-27 23:42:23.278023 (524740) main____ INFO      stack size    : 8388608 B
2026-02-27 23:42:23.278036 (524740) main____ INFO      core file size: 0 B
2026-02-27 23:42:23.278066 (524740) main____ INFO      open files    : 4096
2026-02-27 23:42:23.278078 (524740) main____ INFO      file size     : unlimited
2026-02-27 23:42:23.278088 (524740) main____ INFO    ----------------------------------------
2026-02-27 23:42:23.278097 (524740) main____ INFO    Memory statistics:
2026-02-27 23:42:23.278108 (524740) main____ INFO      total physical memory  : 98449096 kB
2026-02-27 23:42:23.278118 (524740) main____ INFO      free physical memory   : 90653540 kB
2026-02-27 23:42:23.278129 (524740) main____ INFO      committed address space: 1783948 kB
2026-02-27 23:42:23.278139 (524740) main____ INFO    ----------------------------------------
2026-02-27 23:42:23.279240 (524740) main____ INFO    Important environment variables:
2026-02-27 23:42:23.279260 (524740) main____ INFO      CDS_LIC_FILE       : '5280@cadlic0'
2026-02-27 23:42:23.279272 (524740) main____ INFO      JASPER_INSTALL_DIR : '/cad/cadence/jasper_2023.12p001'
2026-02-27 23:42:23.279292 (524740) main____ INFO      JASPER_KERNEL_CHECK: '1'
2026-02-27 23:42:23.279304 (524740) main____ INFO      JASPER_OS_CHECK    : '0'
2026-02-27 23:42:23.279316 (524740) main____ INFO      LANG               : 'en_US.UTF-8'
2026-02-27 23:42:23.279326 (524740) main____ INFO    ----------------------------------------
2026-02-27 23:42:23.280381 (524740) lic_core INFO    Initializing license system ...
2026-02-27 23:42:23.281782 (524740) lic_core INFO    ... license system initialized.
2026-02-27 23:42:23.295304 (524740) lic__man INFO    Claim 'main' for <ui>.
2026-02-27 23:42:23.295346 (524740) lic_core INFO    (1) checking out 'jasper_interactive' ...
2026-02-27 23:42:23.307321 (524740) lic_core INFO    ... (1) checkout succeeded
2026-02-27 23:42:23.307376 (524740) lic__man INFO    Claim 'fpv' for <ui>.
2026-02-27 23:42:23.307397 (524740) lic_core INFO    (2) checking out 'jasper_fpv' ...
2026-02-27 23:42:23.310810 (524740) lic_core INFO    ... (2) checkout failed (error: -5) ("FLEXnet ERROR(-5, 0, 0): No such feature exists.")
2026-02-27 23:42:23.310839 (524740) lic_core INFO    (3) checking out 'jasper_fao' ...
2026-02-27 23:42:23.321597 (524740) lic_core INFO    ... (3) checkout succeeded
2026-02-27 23:42:23.322531 (524762) stdio___ INFO    Starting STDIN reader (tty: yes, tty name: '/dev/pts/5')
2026-02-27 23:42:23.322654 (524740) main____ INFO    Tool inactivity delay is 480000 ms.
2026-02-27 23:42:23.361973 (524740) session_ INFO    Starting analysis session with session id 'session_0' (launcher: <local>) ...
2026-02-27 23:42:23.363744 (524740) session_ INFO    Analysis session with session id 'session_0' started (pid: 524763)
2026-02-27 23:42:24.432174 (524740) session_ INFO    Analysis session 'session_0' connected to the console (host: 127.0.0.1:54560)
2026-02-27 23:42:27.694709 (524740) lic__man INFO    Unclaim everything for 'session_0'.
2026-02-27 23:42:28.121146 (524740) lic__man INFO    Claim 'fpv' for 'session_0'.
2026-02-27 23:42:28.121186 (524740) lic__man INFO    Claim 'fpv' for 'session_0/prove-0'.
2026-02-27 23:42:30.251727 (524740) lic__man INFO    Unclaim everything for 'session_0/prove-0'.
2026-02-27 23:42:30.274342 (524740) main____ INFO    About to exit: request to exit with status 0 received from analysis session 'session_0'
2026-02-27 23:42:30.612420 (524740) session_ INFO    Analysis session 'session_0' disconnected.
2026-02-27 23:42:30.612575 (524740) lic__man INFO    Unclaim everything for 'session_0'.
2026-02-27 23:42:30.612754 (524740) session_ INFO    Process for analysis session 'session_0' has exited with exit status '0'.
2026-02-27 23:42:32.400146 (524762) stdio___ INFO    STDIN reader requested to stop.
2026-02-27 23:42:32.400203 (524762) stdio___ INFO    STDIN reader stopped.
2026-02-27 23:42:32.400537 (524740) lic_core INFO    (1) checkin jasper_interactive
2026-02-27 23:42:32.412338 (524740) lic_core INFO    (3) checkin jasper_fao
2026-02-27 23:42:32.430109 (524740) main____ INFO    Exiting with status 0.
