2026-02-26 00:51:25.595194 (1802921) main____ INFO    ----------------------------------------
2026-02-26 00:51:25.595309 (1802921) main____ INFO    Jasper version info
2026-02-26 00:51:25.595325 (1802921) main____ INFO      tool      : Jasper 2023.12
2026-02-26 00:51:25.595341 (1802921) main____ INFO      version   : 2023.12p001 64 bits
2026-02-26 00:51:25.595353 (1802921) main____ INFO      build date: 2024.01.23 16:09:24 UTC
2026-02-26 00:51:25.595363 (1802921) main____ INFO    ----------------------------------------
2026-02-26 00:51:25.595372 (1802921) main____ INFO    Runtime info:
2026-02-26 00:51:25.595382 (1802921) main____ INFO      platform  : Linux 4.18.0-553.89.1.el8_10.x86_64 x86_64
2026-02-26 00:51:25.595401 (1802921) main____ INFO      hostname  : caddy12.stanford.edu
2026-02-26 00:51:25.595416 (1802921) main____ INFO      pid       : 1802921
2026-02-26 00:51:25.595428 (1802921) main____ INFO      arguments : '-style' 'windows' '-allow_unsupported_OS' '-no_gui' '-fpv' './synthlc/i_MUL_out/xPairwiseDepDiv/exclusive_22_.tcl' '-proj' './synthlc/i_MUL_out/xPairwiseDepDiv/exclusive_22_jgsession_26-02-26-00_51_24'
2026-02-26 00:51:25.595446 (1802921) main____ INFO      locale    : UTF-8
2026-02-26 00:51:25.595455 (1802921) main____ INFO    ----------------------------------------
2026-02-26 00:51:25.595464 (1802921) main____ INFO    System resource limits info:
2026-02-26 00:51:25.595486 (1802921) main____ INFO      virtual memory: unlimited
2026-02-26 00:51:25.595498 (1802921) main____ INFO      cpu time      : unlimited
2026-02-26 00:51:25.595516 (1802921) main____ INFO      processes     : 4096
2026-02-26 00:51:25.595536 (1802921) main____ INFO      stack size    : 8388608 B
2026-02-26 00:51:25.595550 (1802921) main____ INFO      core file size: 0 B
2026-02-26 00:51:25.595563 (1802921) main____ INFO      open files    : 4096
2026-02-26 00:51:25.595574 (1802921) main____ INFO      file size     : unlimited
2026-02-26 00:51:25.595584 (1802921) main____ INFO    ----------------------------------------
2026-02-26 00:51:25.595593 (1802921) main____ INFO    Memory statistics:
2026-02-26 00:51:25.595604 (1802921) main____ INFO      total physical memory  : 98449088 kB
2026-02-26 00:51:25.595615 (1802921) main____ INFO      free physical memory   : 72973556 kB
2026-02-26 00:51:25.595627 (1802921) main____ INFO      committed address space: 13479912 kB
2026-02-26 00:51:25.595636 (1802921) main____ INFO    ----------------------------------------
2026-02-26 00:51:25.596848 (1802921) main____ INFO    Important environment variables:
2026-02-26 00:51:25.596874 (1802921) main____ INFO      CDS_LIC_FILE       : '5280@cadlic0'
2026-02-26 00:51:25.596887 (1802921) main____ INFO      DISPLAY            : 'localhost:12.0'
2026-02-26 00:51:25.596898 (1802921) main____ INFO      JASPER_INSTALL_DIR : '/cad/cadence/jasper_2023.12p001'
2026-02-26 00:51:25.596909 (1802921) main____ INFO      JASPER_KERNEL_CHECK: '1'
2026-02-26 00:51:25.596921 (1802921) main____ INFO      JASPER_OS_CHECK    : '0'
2026-02-26 00:51:25.596932 (1802921) main____ INFO      LANG               : 'zh_TW.UTF-8'
2026-02-26 00:51:25.596942 (1802921) main____ INFO    ----------------------------------------
2026-02-26 00:51:25.598920 (1802921) lic_core INFO    Initializing license system ...
2026-02-26 00:51:25.668493 (1802921) lic_core INFO    ... license system initialized.
2026-02-26 00:51:25.846971 (1802921) lic__man INFO    Claim 'main' for <ui>.
2026-02-26 00:51:25.847041 (1802921) lic_core INFO    (1) checking out 'jasper_interactive' ...
2026-02-26 00:51:25.895390 (1802921) lic_core INFO    ... (1) checkout succeeded
2026-02-26 00:51:25.895498 (1802921) lic__man INFO    Claim 'fpv' for <ui>.
2026-02-26 00:51:25.895525 (1802921) lic_core INFO    (2) checking out 'jasper_fpv' ...
2026-02-26 00:51:25.963164 (1802921) lic_core INFO    ... (2) checkout failed (error: -5) ("FLEXnet ERROR(-5, 0, 0): No such feature exists.")
2026-02-26 00:51:25.963218 (1802921) lic_core INFO    (3) checking out 'jasper_fao' ...
2026-02-26 00:51:26.057917 (1802921) lic_core INFO    ... (3) checkout succeeded
2026-02-26 00:51:26.071627 (1802921) main____ INFO    Tool inactivity delay is 480000 ms.
2026-02-26 00:51:26.079904 (1802937) stdio___ INFO    Starting STDIN reader (tty: yes, tty name: '/dev/pts/0')
2026-02-26 00:51:26.374950 (1802921) session_ INFO    Starting analysis session with session id 'session_0' (launcher: <local>) ...
2026-02-26 00:51:26.377001 (1802921) session_ INFO    Analysis session with session id 'session_0' started (pid: 1802938)
2026-02-26 00:51:30.803694 (1802921) session_ INFO    Analysis session 'session_0' connected to the console (host: 127.0.0.1:56788)
2026-02-26 00:51:42.850804 (1802921) lic__man INFO    Unclaim everything for 'session_0'.
2026-02-26 00:51:43.268262 (1802921) lic__man INFO    Claim 'fpv' for 'session_0'.
2026-02-26 00:51:43.268305 (1802921) lic__man INFO    Claim 'fpv' for 'session_0/prove-0'.
2026-02-26 01:06:46.872772 (1802921) lic__man INFO    Unclaim everything for 'session_0/prove-0'.
2026-02-26 01:06:46.949958 (1802921) main____ INFO    About to exit: request to exit with status 0 received from analysis session 'session_0'
2026-02-26 01:06:47.135457 (1802921) session_ INFO    Analysis session 'session_0' disconnected.
2026-02-26 01:06:47.135627 (1802921) lic__man INFO    Unclaim everything for 'session_0'.
2026-02-26 01:06:47.135962 (1802921) session_ INFO    Process for analysis session 'session_0' has exited with exit status '0'.
2026-02-26 01:06:48.903856 (1802937) stdio___ INFO    STDIN reader requested to stop.
2026-02-26 01:06:48.903910 (1802937) stdio___ INFO    STDIN reader stopped.
2026-02-26 01:06:48.904215 (1802921) lic_core INFO    (1) checkin jasper_interactive
2026-02-26 01:06:48.905818 (1802921) lic_core INFO    (3) checkin jasper_fao
2026-02-26 01:06:48.927720 (1802921) main____ INFO    Exiting with status 0.
