2026-03-02 01:30:01.324723 (455199) main____ INFO    ----------------------------------------
2026-03-02 01:30:01.324825 (455199) main____ INFO    Jasper version info
2026-03-02 01:30:01.324848 (455199) main____ INFO      tool      : Jasper 2023.12
2026-03-02 01:30:01.324870 (455199) main____ INFO      version   : 2023.12p001 64 bits
2026-03-02 01:30:01.324886 (455199) main____ INFO      build date: 2024.01.23 16:09:24 UTC
2026-03-02 01:30:01.324897 (455199) main____ INFO    ----------------------------------------
2026-03-02 01:30:01.324907 (455199) main____ INFO    Runtime info:
2026-03-02 01:30:01.324920 (455199) main____ INFO      platform  : Linux 4.18.0-553.89.1.el8_10.x86_64 x86_64
2026-03-02 01:30:01.324940 (455199) main____ INFO      hostname  : caddy12.stanford.edu
2026-03-02 01:30:01.324966 (455199) main____ INFO      pid       : 455199
2026-03-02 01:30:01.324979 (455199) main____ INFO      arguments : '-style' 'windows' '-allow_unsupported_OS' '-no_gui' '-fpv' './synthlc/i_MUL_out/xHBPerfG_dfg_v3_div/HB_241_.tcl' '-proj' './synthlc/i_MUL_out/xHBPerfG_dfg_v3_div/HB_241_jgsession_26-03-02-01_30_00'
2026-03-02 01:30:01.324998 (455199) main____ INFO      locale    : UTF-8
2026-03-02 01:30:01.325009 (455199) main____ INFO    ----------------------------------------
2026-03-02 01:30:01.325019 (455199) main____ INFO    System resource limits info:
2026-03-02 01:30:01.325032 (455199) main____ INFO      virtual memory: unlimited
2026-03-02 01:30:01.325045 (455199) main____ INFO      cpu time      : unlimited
2026-03-02 01:30:01.325064 (455199) main____ INFO      processes     : 4096
2026-03-02 01:30:01.325085 (455199) main____ INFO      stack size    : 8388608 B
2026-03-02 01:30:01.325100 (455199) main____ INFO      core file size: 0 B
2026-03-02 01:30:01.325115 (455199) main____ INFO      open files    : 4096
2026-03-02 01:30:01.325127 (455199) main____ INFO      file size     : unlimited
2026-03-02 01:30:01.325138 (455199) main____ INFO    ----------------------------------------
2026-03-02 01:30:01.325148 (455199) main____ INFO    Memory statistics:
2026-03-02 01:30:01.325161 (455199) main____ INFO      total physical memory  : 98449088 kB
2026-03-02 01:30:01.325174 (455199) main____ INFO      free physical memory   : 85240948 kB
2026-03-02 01:30:01.325186 (455199) main____ INFO      committed address space: 10429512 kB
2026-03-02 01:30:01.325197 (455199) main____ INFO    ----------------------------------------
2026-03-02 01:30:01.326534 (455199) main____ INFO    Important environment variables:
2026-03-02 01:30:01.326583 (455199) main____ INFO      CDS_LIC_FILE       : '5280@cadlic0'
2026-03-02 01:30:01.326599 (455199) main____ INFO      DISPLAY            : 'localhost:12.0'
2026-03-02 01:30:01.326613 (455199) main____ INFO      JASPER_INSTALL_DIR : '/cad/cadence/jasper_2023.12p001'
2026-03-02 01:30:01.326626 (455199) main____ INFO      JASPER_KERNEL_CHECK: '1'
2026-03-02 01:30:01.326638 (455199) main____ INFO      JASPER_OS_CHECK    : '0'
2026-03-02 01:30:01.326651 (455199) main____ INFO      LANG               : 'zh_TW.UTF-8'
2026-03-02 01:30:01.326674 (455199) main____ INFO    ----------------------------------------
2026-03-02 01:30:01.333859 (455199) lic_core INFO    Initializing license system ...
2026-03-02 01:30:01.347496 (455199) lic_core INFO    ... license system initialized.
2026-03-02 01:30:01.368456 (455199) lic__man INFO    Claim 'main' for <ui>.
2026-03-02 01:30:01.368517 (455199) lic_core INFO    (1) checking out 'jasper_interactive' ...
2026-03-02 01:30:01.386848 (455199) lic_core INFO    ... (1) checkout succeeded
2026-03-02 01:30:01.387974 (455199) lic__man INFO    Claim 'fpv' for <ui>.
2026-03-02 01:30:01.388010 (455199) lic_core INFO    (2) checking out 'jasper_fpv' ...
2026-03-02 01:30:01.392594 (455199) lic_core INFO    ... (2) checkout failed (error: -5) ("FLEXnet ERROR(-5, 0, 0): No such feature exists.")
2026-03-02 01:30:01.392642 (455199) lic_core INFO    (3) checking out 'jasper_fao' ...
2026-03-02 01:30:01.403641 (455199) lic_core INFO    ... (3) checkout succeeded
2026-03-02 01:30:01.405596 (455199) main____ INFO    Tool inactivity delay is 480000 ms.
2026-03-02 01:30:01.405844 (455211) stdio___ INFO    Starting STDIN reader (tty: yes, tty name: '/dev/pts/0')
2026-03-02 01:30:01.488157 (455199) session_ INFO    Starting analysis session with session id 'session_0' (launcher: <local>) ...
2026-03-02 01:30:01.490252 (455199) session_ INFO    Analysis session with session id 'session_0' started (pid: 455218)
2026-03-02 01:30:02.933848 (455199) session_ INFO    Analysis session 'session_0' connected to the console (host: 127.0.0.1:58538)
2026-03-02 01:30:07.556273 (455199) lic__man INFO    Unclaim everything for 'session_0'.
2026-03-02 01:30:08.064246 (455199) lic__man INFO    Claim 'fpv' for 'session_0'.
2026-03-02 01:30:08.064295 (455199) lic__man INFO    Claim 'fpv' for 'session_0/prove-0'.
2026-03-02 01:30:23.578036 (455199) lic__man INFO    Unclaim everything for 'session_0/prove-0'.
2026-03-02 01:30:23.627871 (455199) main____ INFO    About to exit: request to exit with status 0 received from analysis session 'session_0'
2026-03-02 01:30:24.118378 (455199) session_ INFO    Analysis session 'session_0' disconnected.
2026-03-02 01:30:24.118527 (455199) lic__man INFO    Unclaim everything for 'session_0'.
2026-03-02 01:30:24.118828 (455199) session_ INFO    Process for analysis session 'session_0' has exited with exit status '0'.
2026-03-02 01:30:25.554198 (455211) stdio___ INFO    STDIN reader requested to stop.
2026-03-02 01:30:25.554274 (455211) stdio___ INFO    STDIN reader stopped.
2026-03-02 01:30:25.564931 (455199) lic_core INFO    (1) checkin jasper_interactive
2026-03-02 01:30:25.569892 (455199) lic_core INFO    (3) checkin jasper_fao
2026-03-02 01:30:25.573601 (455199) main____ INFO    Exiting with status 0.
