2026-02-25 14:04:53.365070 (3178930) main____ INFO    ----------------------------------------
2026-02-25 14:04:53.365134 (3178930) main____ INFO    Jasper version info
2026-02-25 14:04:53.365148 (3178930) main____ INFO      tool      : Jasper 2023.12
2026-02-25 14:04:53.365162 (3178930) main____ INFO      version   : 2023.12p001 64 bits
2026-02-25 14:04:53.365175 (3178930) main____ INFO      build date: 2024.01.23 16:09:24 UTC
2026-02-25 14:04:53.365184 (3178930) main____ INFO    ----------------------------------------
2026-02-25 14:04:53.365194 (3178930) main____ INFO    Runtime info:
2026-02-25 14:04:53.365204 (3178930) main____ INFO      platform  : Linux 4.18.0-553.89.1.el8_10.x86_64 x86_64
2026-02-25 14:04:53.365221 (3178930) main____ INFO      hostname  : caddy15.stanford.edu
2026-02-25 14:04:53.365235 (3178930) main____ INFO      pid       : 3178930
2026-02-25 14:04:53.365246 (3178930) main____ INFO      arguments : '-style' 'windows' '-allow_unsupported_OS' '-no_gui' '-fpv' './synthlc/i_DIV_out/xPerfLocSubsetDiv/coverset_167_.tcl' '-proj' './synthlc/i_DIV_out/xPerfLocSubsetDiv/coverset_167_jgsession_26-02-25-14_04_53'
2026-02-25 14:04:53.365261 (3178930) main____ INFO      locale    : UTF-8
2026-02-25 14:04:53.365270 (3178930) main____ INFO    ----------------------------------------
2026-02-25 14:04:53.365280 (3178930) main____ INFO    System resource limits info:
2026-02-25 14:04:53.365292 (3178930) main____ INFO      virtual memory: unlimited
2026-02-25 14:04:53.365316 (3178930) main____ INFO      cpu time      : unlimited
2026-02-25 14:04:53.365333 (3178930) main____ INFO      processes     : 4096
2026-02-25 14:04:53.365350 (3178930) main____ INFO      stack size    : 8388608 B
2026-02-25 14:04:53.365364 (3178930) main____ INFO      core file size: 0 B
2026-02-25 14:04:53.365377 (3178930) main____ INFO      open files    : 4096
2026-02-25 14:04:53.365388 (3178930) main____ INFO      file size     : unlimited
2026-02-25 14:04:53.365398 (3178930) main____ INFO    ----------------------------------------
2026-02-25 14:04:53.365407 (3178930) main____ INFO    Memory statistics:
2026-02-25 14:04:53.365418 (3178930) main____ INFO      total physical memory  : 98449092 kB
2026-02-25 14:04:53.365430 (3178930) main____ INFO      free physical memory   : 82776612 kB
2026-02-25 14:04:53.365441 (3178930) main____ INFO      committed address space: 1268404 kB
2026-02-25 14:04:53.365450 (3178930) main____ INFO    ----------------------------------------
2026-02-25 14:04:53.366570 (3178930) main____ INFO    Important environment variables:
2026-02-25 14:04:53.366591 (3178930) main____ INFO      CDS_LIC_FILE       : '5280@cadlic0'
2026-02-25 14:04:53.366603 (3178930) main____ INFO      JASPER_INSTALL_DIR : '/cad/cadence/jasper_2023.12p001'
2026-02-25 14:04:53.366615 (3178930) main____ INFO      JASPER_KERNEL_CHECK: '1'
2026-02-25 14:04:53.366627 (3178930) main____ INFO      JASPER_OS_CHECK    : '0'
2026-02-25 14:04:53.366639 (3178930) main____ INFO      LANG               : 'en_US.UTF-8'
2026-02-25 14:04:53.366649 (3178930) main____ INFO    ----------------------------------------
2026-02-25 14:04:53.367744 (3178930) lic_core INFO    Initializing license system ...
2026-02-25 14:04:53.369839 (3178930) lic_core INFO    ... license system initialized.
2026-02-25 14:04:53.381151 (3178930) lic__man INFO    Claim 'main' for <ui>.
2026-02-25 14:04:53.381188 (3178930) lic_core INFO    (1) checking out 'jasper_interactive' ...
2026-02-25 14:04:53.393941 (3178930) lic_core INFO    ... (1) checkout succeeded
2026-02-25 14:04:53.393998 (3178930) lic__man INFO    Claim 'fpv' for <ui>.
2026-02-25 14:04:53.394018 (3178930) lic_core INFO    (2) checking out 'jasper_fpv' ...
2026-02-25 14:04:53.398072 (3178930) lic_core INFO    ... (2) checkout failed (error: -5) ("FLEXnet ERROR(-5, 0, 0): No such feature exists.")
2026-02-25 14:04:53.398102 (3178930) lic_core INFO    (3) checking out 'jasper_fao' ...
2026-02-25 14:04:53.409913 (3178930) lic_core INFO    ... (3) checkout succeeded
2026-02-25 14:04:53.410812 (3178941) stdio___ INFO    Starting STDIN reader (tty: yes, tty name: '/dev/pts/0')
2026-02-25 14:04:53.410965 (3178930) main____ INFO    Tool inactivity delay is 480000 ms.
2026-02-25 14:04:53.454919 (3178930) session_ INFO    Starting analysis session with session id 'session_0' (launcher: <local>) ...
2026-02-25 14:04:53.456673 (3178930) session_ INFO    Analysis session with session id 'session_0' started (pid: 3178942)
2026-02-25 14:04:54.551862 (3178930) session_ INFO    Analysis session 'session_0' connected to the console (host: 127.0.0.1:57462)
2026-02-25 14:04:57.580367 (3178930) lic__man INFO    Unclaim everything for 'session_0'.
2026-02-25 14:04:57.779979 (3178930) lic__man INFO    Claim 'fpv' for 'session_0'.
2026-02-25 14:04:57.780015 (3178930) lic__man INFO    Claim 'fpv' for 'session_0/prove-0'.
2026-02-25 14:05:04.790473 (3178930) lic__man INFO    Unclaim everything for 'session_0/prove-0'.
2026-02-25 14:05:04.833470 (3178930) main____ INFO    About to exit: request to exit with status 0 received from analysis session 'session_0'
2026-02-25 14:05:04.984738 (3178930) session_ INFO    Analysis session 'session_0' disconnected.
2026-02-25 14:05:04.984937 (3178930) lic__man INFO    Unclaim everything for 'session_0'.
2026-02-25 14:05:04.985142 (3178930) session_ INFO    Process for analysis session 'session_0' has exited with exit status '0'.
2026-02-25 14:05:06.903721 (3178941) stdio___ INFO    STDIN reader requested to stop.
2026-02-25 14:05:06.903767 (3178941) stdio___ INFO    STDIN reader stopped.
2026-02-25 14:05:06.904014 (3178930) lic_core INFO    (1) checkin jasper_interactive
2026-02-25 14:05:06.905124 (3178930) lic_core INFO    (3) checkin jasper_fao
2026-02-25 14:05:06.906161 (3178930) main____ INFO    Exiting with status 0.
