2026-02-28 21:16:59.053252 (3676580) main____ INFO    ----------------------------------------
2026-02-28 21:16:59.053351 (3676580) main____ INFO    Jasper version info
2026-02-28 21:16:59.053370 (3676580) main____ INFO      tool      : Jasper 2023.12
2026-02-28 21:16:59.053386 (3676580) main____ INFO      version   : 2023.12p001 64 bits
2026-02-28 21:16:59.053400 (3676580) main____ INFO      build date: 2024.01.23 16:09:24 UTC
2026-02-28 21:16:59.053411 (3676580) main____ INFO    ----------------------------------------
2026-02-28 21:16:59.053421 (3676580) main____ INFO    Runtime info:
2026-02-28 21:16:59.053432 (3676580) main____ INFO      platform  : Linux 4.18.0-553.89.1.el8_10.x86_64 x86_64
2026-02-28 21:16:59.053451 (3676580) main____ INFO      hostname  : caddy12.stanford.edu
2026-02-28 21:16:59.053467 (3676580) main____ INFO      pid       : 3676580
2026-02-28 21:16:59.053478 (3676580) main____ INFO      arguments : '-style' 'windows' '-allow_unsupported_OS' '-no_gui' '-fpv' './synthlc/i_ADDI_out/xPairwiseDepDiv/exclusive_11_.tcl' '-proj' './synthlc/i_ADDI_out/xPairwiseDepDiv/exclusive_11_jgsession_26-02-28-21_16_58'
2026-02-28 21:16:59.053495 (3676580) main____ INFO      locale    : UTF-8
2026-02-28 21:16:59.053506 (3676580) main____ INFO    ----------------------------------------
2026-02-28 21:16:59.053516 (3676580) main____ INFO    System resource limits info:
2026-02-28 21:16:59.053529 (3676580) main____ INFO      virtual memory: unlimited
2026-02-28 21:16:59.053542 (3676580) main____ INFO      cpu time      : unlimited
2026-02-28 21:16:59.053560 (3676580) main____ INFO      processes     : 4096
2026-02-28 21:16:59.053581 (3676580) main____ INFO      stack size    : 8388608 B
2026-02-28 21:16:59.053595 (3676580) main____ INFO      core file size: 0 B
2026-02-28 21:16:59.053609 (3676580) main____ INFO      open files    : 4096
2026-02-28 21:16:59.053621 (3676580) main____ INFO      file size     : unlimited
2026-02-28 21:16:59.053632 (3676580) main____ INFO    ----------------------------------------
2026-02-28 21:16:59.053642 (3676580) main____ INFO    Memory statistics:
2026-02-28 21:16:59.053654 (3676580) main____ INFO      total physical memory  : 98449088 kB
2026-02-28 21:16:59.053692 (3676580) main____ INFO      free physical memory   : 88289424 kB
2026-02-28 21:16:59.053704 (3676580) main____ INFO      committed address space: 6158500 kB
2026-02-28 21:16:59.053723 (3676580) main____ INFO    ----------------------------------------
2026-02-28 21:16:59.054917 (3676580) main____ INFO    Important environment variables:
2026-02-28 21:16:59.054946 (3676580) main____ INFO      CDS_LIC_FILE       : '5280@cadlic0'
2026-02-28 21:16:59.054959 (3676580) main____ INFO      DISPLAY            : 'localhost:12.0'
2026-02-28 21:16:59.054971 (3676580) main____ INFO      JASPER_INSTALL_DIR : '/cad/cadence/jasper_2023.12p001'
2026-02-28 21:16:59.054984 (3676580) main____ INFO      JASPER_KERNEL_CHECK: '1'
2026-02-28 21:16:59.054996 (3676580) main____ INFO      JASPER_OS_CHECK    : '0'
2026-02-28 21:16:59.055008 (3676580) main____ INFO      LANG               : 'zh_TW.UTF-8'
2026-02-28 21:16:59.055019 (3676580) main____ INFO    ----------------------------------------
2026-02-28 21:16:59.057945 (3676580) lic_core INFO    Initializing license system ...
2026-02-28 21:16:59.088178 (3676580) lic_core INFO    ... license system initialized.
2026-02-28 21:16:59.229879 (3676580) lic__man INFO    Claim 'main' for <ui>.
2026-02-28 21:16:59.229953 (3676580) lic_core INFO    (1) checking out 'jasper_interactive' ...
2026-02-28 21:16:59.303974 (3676580) lic_core INFO    ... (1) checkout succeeded
2026-02-28 21:16:59.304114 (3676580) lic__man INFO    Claim 'fpv' for <ui>.
2026-02-28 21:16:59.304145 (3676580) lic_core INFO    (2) checking out 'jasper_fpv' ...
2026-02-28 21:16:59.382204 (3676580) lic_core INFO    ... (2) checkout failed (error: -5) ("FLEXnet ERROR(-5, 0, 0): No such feature exists.")
2026-02-28 21:16:59.382259 (3676580) lic_core INFO    (3) checking out 'jasper_fao' ...
2026-02-28 21:16:59.455844 (3676580) lic_core INFO    ... (3) checkout succeeded
2026-02-28 21:16:59.466136 (3676580) main____ INFO    Tool inactivity delay is 480000 ms.
2026-02-28 21:16:59.475906 (3676735) stdio___ INFO    Starting STDIN reader (tty: yes, tty name: '/dev/pts/0')
2026-02-28 21:16:59.843812 (3676580) session_ INFO    Starting analysis session with session id 'session_0' (launcher: <local>) ...
2026-02-28 21:16:59.845794 (3676580) session_ INFO    Analysis session with session id 'session_0' started (pid: 3676757)
2026-02-28 21:17:01.449093 (3676580) session_ INFO    Analysis session 'session_0' connected to the console (host: 127.0.0.1:50006)
2026-02-28 21:17:05.634380 (3676580) lic__man INFO    Unclaim everything for 'session_0'.
2026-02-28 21:17:06.002956 (3676580) lic__man INFO    Claim 'fpv' for 'session_0'.
2026-02-28 21:17:06.003007 (3676580) lic__man INFO    Claim 'fpv' for 'session_0/prove-0'.
2026-02-28 21:17:08.963897 (3676580) lic__man INFO    Unclaim everything for 'session_0/prove-0'.
2026-02-28 21:17:08.976835 (3676580) main____ INFO    About to exit: request to exit with status 0 received from analysis session 'session_0'
2026-02-28 21:17:09.222959 (3676580) session_ INFO    Analysis session 'session_0' disconnected.
2026-02-28 21:17:09.223142 (3676580) lic__man INFO    Unclaim everything for 'session_0'.
2026-02-28 21:17:09.238913 (3676580) session_ INFO    Process for analysis session 'session_0' has exited with exit status '0'.
2026-02-28 21:17:10.893247 (3676735) stdio___ INFO    STDIN reader requested to stop.
2026-02-28 21:17:10.893308 (3676735) stdio___ INFO    STDIN reader stopped.
2026-02-28 21:17:10.893652 (3676580) lic_core INFO    (1) checkin jasper_interactive
2026-02-28 21:17:10.904905 (3676580) lic_core INFO    (3) checkin jasper_fao
2026-02-28 21:17:10.927836 (3676580) main____ INFO    Exiting with status 0.
