2026-03-01 09:26:52.031265 (26626) main____ INFO    ----------------------------------------
2026-03-01 09:26:52.031364 (26626) main____ INFO    Jasper version info
2026-03-01 09:26:52.031382 (26626) main____ INFO      tool      : Jasper 2023.12
2026-03-01 09:26:52.031398 (26626) main____ INFO      version   : 2023.12p001 64 bits
2026-03-01 09:26:52.031413 (26626) main____ INFO      build date: 2024.01.23 16:09:24 UTC
2026-03-01 09:26:52.031423 (26626) main____ INFO    ----------------------------------------
2026-03-01 09:26:52.031433 (26626) main____ INFO    Runtime info:
2026-03-01 09:26:52.031445 (26626) main____ INFO      platform  : Linux 4.18.0-553.89.1.el8_10.x86_64 x86_64
2026-03-01 09:26:52.031464 (26626) main____ INFO      hostname  : caddy12.stanford.edu
2026-03-01 09:26:52.031481 (26626) main____ INFO      pid       : 26626
2026-03-01 09:26:52.031493 (26626) main____ INFO      arguments : '-style' 'windows' '-allow_unsupported_OS' '-no_gui' '-fpv' './synthlc/i_LW_out/xHBPerfG_dfg_v3_div/HB_292_.tcl' '-proj' './synthlc/i_LW_out/xHBPerfG_dfg_v3_div/HB_292_jgsession_26-03-01-09_26_51'
2026-03-01 09:26:52.031510 (26626) main____ INFO      locale    : UTF-8
2026-03-01 09:26:52.031521 (26626) main____ INFO    ----------------------------------------
2026-03-01 09:26:52.031531 (26626) main____ INFO    System resource limits info:
2026-03-01 09:26:52.031544 (26626) main____ INFO      virtual memory: unlimited
2026-03-01 09:26:52.031558 (26626) main____ INFO      cpu time      : unlimited
2026-03-01 09:26:52.031576 (26626) main____ INFO      processes     : 4096
2026-03-01 09:26:52.031597 (26626) main____ INFO      stack size    : 8388608 B
2026-03-01 09:26:52.031612 (26626) main____ INFO      core file size: 0 B
2026-03-01 09:26:52.031625 (26626) main____ INFO      open files    : 4096
2026-03-01 09:26:52.031638 (26626) main____ INFO      file size     : unlimited
2026-03-01 09:26:52.031649 (26626) main____ INFO    ----------------------------------------
2026-03-01 09:26:52.031659 (26626) main____ INFO    Memory statistics:
2026-03-01 09:26:52.031689 (26626) main____ INFO      total physical memory  : 98449088 kB
2026-03-01 09:26:52.031702 (26626) main____ INFO      free physical memory   : 80238812 kB
2026-03-01 09:26:52.031714 (26626) main____ INFO      committed address space: 14322000 kB
2026-03-01 09:26:52.031724 (26626) main____ INFO    ----------------------------------------
2026-03-01 09:26:52.032931 (26626) main____ INFO    Important environment variables:
2026-03-01 09:26:52.032961 (26626) main____ INFO      CDS_LIC_FILE       : '5280@cadlic0'
2026-03-01 09:26:52.032975 (26626) main____ INFO      DISPLAY            : 'localhost:12.0'
2026-03-01 09:26:52.032988 (26626) main____ INFO      JASPER_INSTALL_DIR : '/cad/cadence/jasper_2023.12p001'
2026-03-01 09:26:52.033000 (26626) main____ INFO      JASPER_KERNEL_CHECK: '1'
2026-03-01 09:26:52.033013 (26626) main____ INFO      JASPER_OS_CHECK    : '0'
2026-03-01 09:26:52.033026 (26626) main____ INFO      LANG               : 'zh_TW.UTF-8'
2026-03-01 09:26:52.033037 (26626) main____ INFO    ----------------------------------------
2026-03-01 09:26:52.034171 (26626) lic_core INFO    Initializing license system ...
2026-03-01 09:26:52.036197 (26626) lic_core INFO    ... license system initialized.
2026-03-01 09:26:52.052708 (26626) lic__man INFO    Claim 'main' for <ui>.
2026-03-01 09:26:52.052795 (26626) lic_core INFO    (1) checking out 'jasper_interactive' ...
2026-03-01 09:26:52.074954 (26626) lic_core INFO    ... (1) checkout succeeded
2026-03-01 09:26:52.075080 (26626) lic__man INFO    Claim 'fpv' for <ui>.
2026-03-01 09:26:52.075110 (26626) lic_core INFO    (2) checking out 'jasper_fpv' ...
2026-03-01 09:26:52.079465 (26626) lic_core INFO    ... (2) checkout failed (error: -5) ("FLEXnet ERROR(-5, 0, 0): No such feature exists.")
2026-03-01 09:26:52.079525 (26626) lic_core INFO    (3) checking out 'jasper_fao' ...
2026-03-01 09:26:52.091021 (26626) lic_core INFO    ... (3) checkout succeeded
2026-03-01 09:26:52.092612 (26626) main____ INFO    Tool inactivity delay is 480000 ms.
2026-03-01 09:26:52.112933 (26637) stdio___ INFO    Starting STDIN reader (tty: yes, tty name: '/dev/pts/0')
2026-03-01 09:26:52.218814 (26626) session_ INFO    Starting analysis session with session id 'session_0' (launcher: <local>) ...
2026-03-01 09:26:52.220846 (26626) session_ INFO    Analysis session with session id 'session_0' started (pid: 26639)
2026-03-01 09:26:53.586178 (26626) session_ INFO    Analysis session 'session_0' connected to the console (host: 127.0.0.1:57078)
2026-03-01 09:26:57.535462 (26626) lic__man INFO    Unclaim everything for 'session_0'.
2026-03-01 09:26:57.867211 (26626) lic__man INFO    Claim 'fpv' for 'session_0'.
2026-03-01 09:26:57.867258 (26626) lic__man INFO    Claim 'fpv' for 'session_0/prove-0'.
2026-03-01 09:27:21.976149 (26626) lic__man INFO    Unclaim everything for 'session_0/prove-0'.
2026-03-01 09:27:21.988606 (26626) main____ INFO    About to exit: request to exit with status 0 received from analysis session 'session_0'
2026-03-01 09:27:22.409982 (26626) session_ INFO    Analysis session 'session_0' disconnected.
2026-03-01 09:27:22.410179 (26626) lic__man INFO    Unclaim everything for 'session_0'.
2026-03-01 09:27:22.412933 (26626) session_ INFO    Process for analysis session 'session_0' has exited with exit status '0'.
2026-03-01 09:27:23.902762 (26637) stdio___ INFO    STDIN reader requested to stop.
2026-03-01 09:27:23.902871 (26637) stdio___ INFO    STDIN reader stopped.
2026-03-01 09:27:23.903632 (26626) lic_core INFO    (1) checkin jasper_interactive
2026-03-01 09:27:23.914930 (26626) lic_core INFO    (3) checkin jasper_fao
2026-03-01 09:27:23.947718 (26626) main____ INFO    Exiting with status 0.
