2026-02-26 05:51:36.472866 (3809564) main____ INFO    ----------------------------------------
2026-02-26 05:51:36.472960 (3809564) main____ INFO    Jasper version info
2026-02-26 05:51:36.472976 (3809564) main____ INFO      tool      : Jasper 2023.12
2026-02-26 05:51:36.472991 (3809564) main____ INFO      version   : 2023.12p001 64 bits
2026-02-26 05:51:36.473005 (3809564) main____ INFO      build date: 2024.01.23 16:09:24 UTC
2026-02-26 05:51:36.473014 (3809564) main____ INFO    ----------------------------------------
2026-02-26 05:51:36.473024 (3809564) main____ INFO    Runtime info:
2026-02-26 05:51:36.473034 (3809564) main____ INFO      platform  : Linux 4.18.0-553.89.1.el8_10.x86_64 x86_64
2026-02-26 05:51:36.473054 (3809564) main____ INFO      hostname  : caddy15.stanford.edu
2026-02-26 05:51:36.473069 (3809564) main____ INFO      pid       : 3809564
2026-02-26 05:51:36.473080 (3809564) main____ INFO      arguments : '-style' 'windows' '-allow_unsupported_OS' '-no_gui' '-fpv' './synthlc/i_ADDI_out/xPerfLocSubsetDiv/coverset_179_.tcl' '-proj' './synthlc/i_ADDI_out/xPerfLocSubsetDiv/coverset_179_jgsession_26-02-26-05_51_36'
2026-02-26 05:51:36.473098 (3809564) main____ INFO      locale    : UTF-8
2026-02-26 05:51:36.473108 (3809564) main____ INFO    ----------------------------------------
2026-02-26 05:51:36.473117 (3809564) main____ INFO    System resource limits info:
2026-02-26 05:51:36.473130 (3809564) main____ INFO      virtual memory: unlimited
2026-02-26 05:51:36.473142 (3809564) main____ INFO      cpu time      : unlimited
2026-02-26 05:51:36.473160 (3809564) main____ INFO      processes     : 4096
2026-02-26 05:51:36.473182 (3809564) main____ INFO      stack size    : 8388608 B
2026-02-26 05:51:36.473196 (3809564) main____ INFO      core file size: 0 B
2026-02-26 05:51:36.473209 (3809564) main____ INFO      open files    : 4096
2026-02-26 05:51:36.473221 (3809564) main____ INFO      file size     : unlimited
2026-02-26 05:51:36.473231 (3809564) main____ INFO    ----------------------------------------
2026-02-26 05:51:36.473240 (3809564) main____ INFO    Memory statistics:
2026-02-26 05:51:36.473252 (3809564) main____ INFO      total physical memory  : 98449092 kB
2026-02-26 05:51:36.473263 (3809564) main____ INFO      free physical memory   : 76840664 kB
2026-02-26 05:51:36.473275 (3809564) main____ INFO      committed address space: 6093160 kB
2026-02-26 05:51:36.473284 (3809564) main____ INFO    ----------------------------------------
2026-02-26 05:51:36.474463 (3809564) main____ INFO    Important environment variables:
2026-02-26 05:51:36.474491 (3809564) main____ INFO      CDS_LIC_FILE       : '5280@cadlic0'
2026-02-26 05:51:36.474504 (3809564) main____ INFO      JASPER_INSTALL_DIR : '/cad/cadence/jasper_2023.12p001'
2026-02-26 05:51:36.474516 (3809564) main____ INFO      JASPER_KERNEL_CHECK: '1'
2026-02-26 05:51:36.474529 (3809564) main____ INFO      JASPER_OS_CHECK    : '0'
2026-02-26 05:51:36.474541 (3809564) main____ INFO      LANG               : 'en_US.UTF-8'
2026-02-26 05:51:36.474551 (3809564) main____ INFO    ----------------------------------------
2026-02-26 05:51:36.477539 (3809564) lic_core INFO    Initializing license system ...
2026-02-26 05:51:36.490770 (3809564) lic_core INFO    ... license system initialized.
2026-02-26 05:51:36.550617 (3809564) lic__man INFO    Claim 'main' for <ui>.
2026-02-26 05:51:36.550686 (3809564) lic_core INFO    (1) checking out 'jasper_interactive' ...
2026-02-26 05:51:36.623989 (3809564) lic_core INFO    ... (1) checkout succeeded
2026-02-26 05:51:36.624100 (3809564) lic__man INFO    Claim 'fpv' for <ui>.
2026-02-26 05:51:36.624130 (3809564) lic_core INFO    (2) checking out 'jasper_fpv' ...
2026-02-26 05:51:36.650858 (3809564) lic_core INFO    ... (2) checkout failed (error: -5) ("FLEXnet ERROR(-5, 0, 0): No such feature exists.")
2026-02-26 05:51:36.650920 (3809564) lic_core INFO    (3) checking out 'jasper_fao' ...
2026-02-26 05:51:36.726624 (3809564) lic_core INFO    ... (3) checkout succeeded
2026-02-26 05:51:36.728171 (3809564) main____ INFO    Tool inactivity delay is 480000 ms.
2026-02-26 05:51:36.738562 (3809580) stdio___ INFO    Starting STDIN reader (tty: yes, tty name: '/dev/pts/0')
2026-02-26 05:51:37.001450 (3809564) session_ INFO    Starting analysis session with session id 'session_0' (launcher: <local>) ...
2026-02-26 05:51:37.003600 (3809564) session_ INFO    Analysis session with session id 'session_0' started (pid: 3809583)
2026-02-26 05:51:39.068746 (3809564) session_ INFO    Analysis session 'session_0' connected to the console (host: 127.0.0.1:42474)
2026-02-26 05:51:43.190428 (3809564) lic__man INFO    Unclaim everything for 'session_0'.
2026-02-26 05:51:43.545871 (3809564) lic__man INFO    Claim 'fpv' for 'session_0'.
2026-02-26 05:51:43.545915 (3809564) lic__man INFO    Claim 'fpv' for 'session_0/prove-0'.
2026-02-26 05:51:48.131979 (3809564) lic__man INFO    Unclaim everything for 'session_0/prove-0'.
2026-02-26 05:51:48.175619 (3809564) main____ INFO    About to exit: request to exit with status 0 received from analysis session 'session_0'
2026-02-26 05:51:48.354639 (3809564) session_ INFO    Analysis session 'session_0' disconnected.
2026-02-26 05:51:48.354793 (3809564) lic__man INFO    Unclaim everything for 'session_0'.
2026-02-26 05:51:48.355020 (3809564) session_ INFO    Process for analysis session 'session_0' has exited with exit status '0'.
2026-02-26 05:51:50.295392 (3809580) stdio___ INFO    STDIN reader requested to stop.
2026-02-26 05:51:50.295452 (3809580) stdio___ INFO    STDIN reader stopped.
2026-02-26 05:51:50.301595 (3809564) lic_core INFO    (1) checkin jasper_interactive
2026-02-26 05:51:50.311557 (3809564) lic_core INFO    (3) checkin jasper_fao
2026-02-26 05:51:50.327358 (3809564) main____ INFO    Exiting with status 0.
