2026-03-02 02:17:31.475934 (490984) main____ INFO    ----------------------------------------
2026-03-02 02:17:31.476001 (490984) main____ INFO    Jasper version info
2026-03-02 02:17:31.476017 (490984) main____ INFO      tool      : Jasper 2023.12
2026-03-02 02:17:31.476031 (490984) main____ INFO      version   : 2023.12p001 64 bits
2026-03-02 02:17:31.476045 (490984) main____ INFO      build date: 2024.01.23 16:09:24 UTC
2026-03-02 02:17:31.476055 (490984) main____ INFO    ----------------------------------------
2026-03-02 02:17:31.476072 (490984) main____ INFO    Runtime info:
2026-03-02 02:17:31.476084 (490984) main____ INFO      platform  : Linux 4.18.0-553.89.1.el8_10.x86_64 x86_64
2026-03-02 02:17:31.476100 (490984) main____ INFO      hostname  : caddy12.stanford.edu
2026-03-02 02:17:31.476115 (490984) main____ INFO      pid       : 490984
2026-03-02 02:17:31.476127 (490984) main____ INFO      arguments : '-style' 'windows' '-allow_unsupported_OS' '-no_gui' '-fpv' './synthlc/i_MUL_out/xPerfLocCycleCount/over1cyc_4_div_fsm_s9_.tcl' '-proj' './synthlc/i_MUL_out/xPerfLocCycleCount/over1cyc_4_div_fsm_s9_jgsession_26-03-02-02_17_31'
2026-03-02 02:17:31.476143 (490984) main____ INFO      locale    : UTF-8
2026-03-02 02:17:31.476153 (490984) main____ INFO    ----------------------------------------
2026-03-02 02:17:31.476163 (490984) main____ INFO    System resource limits info:
2026-03-02 02:17:31.476176 (490984) main____ INFO      virtual memory: unlimited
2026-03-02 02:17:31.476188 (490984) main____ INFO      cpu time      : unlimited
2026-03-02 02:17:31.476205 (490984) main____ INFO      processes     : 4096
2026-03-02 02:17:31.476223 (490984) main____ INFO      stack size    : 8388608 B
2026-03-02 02:17:31.476237 (490984) main____ INFO      core file size: 0 B
2026-03-02 02:17:31.477222 (490984) main____ INFO      open files    : 4096
2026-03-02 02:17:31.477236 (490984) main____ INFO      file size     : unlimited
2026-03-02 02:17:31.477247 (490984) main____ INFO    ----------------------------------------
2026-03-02 02:17:31.477257 (490984) main____ INFO    Memory statistics:
2026-03-02 02:17:31.477269 (490984) main____ INFO      total physical memory  : 98449088 kB
2026-03-02 02:17:31.477281 (490984) main____ INFO      free physical memory   : 87418356 kB
2026-03-02 02:17:31.477293 (490984) main____ INFO      committed address space: 7274672 kB
2026-03-02 02:17:31.477303 (490984) main____ INFO    ----------------------------------------
2026-03-02 02:17:31.478455 (490984) main____ INFO    Important environment variables:
2026-03-02 02:17:31.479258 (490984) main____ INFO      CDS_LIC_FILE       : '5280@cadlic0'
2026-03-02 02:17:31.479298 (490984) main____ INFO      DISPLAY            : 'localhost:12.0'
2026-03-02 02:17:31.479331 (490984) main____ INFO      JASPER_INSTALL_DIR : '/cad/cadence/jasper_2023.12p001'
2026-03-02 02:17:31.479364 (490984) main____ INFO      JASPER_KERNEL_CHECK: '1'
2026-03-02 02:17:31.479397 (490984) main____ INFO      JASPER_OS_CHECK    : '0'
2026-03-02 02:17:31.479434 (490984) main____ INFO      LANG               : 'zh_TW.UTF-8'
2026-03-02 02:17:31.479444 (490984) main____ INFO    ----------------------------------------
2026-03-02 02:17:31.480633 (490984) lic_core INFO    Initializing license system ...
2026-03-02 02:17:31.482634 (490984) lic_core INFO    ... license system initialized.
2026-03-02 02:17:31.495453 (490984) lic__man INFO    Claim 'main' for <ui>.
2026-03-02 02:17:31.495504 (490984) lic_core INFO    (1) checking out 'jasper_interactive' ...
2026-03-02 02:17:31.507942 (490984) lic_core INFO    ... (1) checkout succeeded
2026-03-02 02:17:31.508006 (490984) lic__man INFO    Claim 'fpv' for <ui>.
2026-03-02 02:17:31.508027 (490984) lic_core INFO    (2) checking out 'jasper_fpv' ...
2026-03-02 02:17:31.512400 (490984) lic_core INFO    ... (2) checkout failed (error: -5) ("FLEXnet ERROR(-5, 0, 0): No such feature exists.")
2026-03-02 02:17:31.512440 (490984) lic_core INFO    (3) checking out 'jasper_fao' ...
2026-03-02 02:17:31.523509 (490984) lic_core INFO    ... (3) checkout succeeded
2026-03-02 02:17:31.524473 (490995) stdio___ INFO    Starting STDIN reader (tty: yes, tty name: '/dev/pts/0')
2026-03-02 02:17:31.524850 (490984) main____ INFO    Tool inactivity delay is 480000 ms.
2026-03-02 02:17:31.568298 (490984) session_ INFO    Starting analysis session with session id 'session_0' (launcher: <local>) ...
2026-03-02 02:17:31.570085 (490984) session_ INFO    Analysis session with session id 'session_0' started (pid: 490996)
2026-03-02 02:17:32.654558 (490984) session_ INFO    Analysis session 'session_0' connected to the console (host: 127.0.0.1:55124)
2026-03-02 02:17:35.693143 (490984) lic__man INFO    Unclaim everything for 'session_0'.
2026-03-02 02:17:35.889798 (490984) lic__man INFO    Claim 'fpv' for 'session_0'.
2026-03-02 02:17:35.889837 (490984) lic__man INFO    Claim 'fpv' for 'session_0/prove-0'.
2026-03-02 02:17:37.913002 (490984) lic__man INFO    Unclaim everything for 'session_0/prove-0'.
2026-03-02 02:17:37.955839 (490984) main____ INFO    About to exit: request to exit with status 0 received from analysis session 'session_0'
2026-03-02 02:17:38.104990 (490984) session_ INFO    Analysis session 'session_0' disconnected.
2026-03-02 02:17:38.105272 (490984) lic__man INFO    Unclaim everything for 'session_0'.
2026-03-02 02:17:38.105475 (490984) session_ INFO    Process for analysis session 'session_0' has exited with exit status '0'.
2026-03-02 02:17:39.891826 (490995) stdio___ INFO    STDIN reader requested to stop.
2026-03-02 02:17:39.891871 (490995) stdio___ INFO    STDIN reader stopped.
2026-03-02 02:17:39.892113 (490984) lic_core INFO    (1) checkin jasper_interactive
2026-03-02 02:17:39.894300 (490984) lic_core INFO    (3) checkin jasper_fao
2026-03-02 02:17:39.896720 (490984) main____ INFO    Exiting with status 0.
