2026-02-26 00:43:43.976389 (1799310) main____ INFO    ----------------------------------------
2026-02-26 00:43:43.976499 (1799310) main____ INFO    Jasper version info
2026-02-26 00:43:43.976514 (1799310) main____ INFO      tool      : Jasper 2023.12
2026-02-26 00:43:43.976530 (1799310) main____ INFO      version   : 2023.12p001 64 bits
2026-02-26 00:43:43.976543 (1799310) main____ INFO      build date: 2024.01.23 16:09:24 UTC
2026-02-26 00:43:43.976553 (1799310) main____ INFO    ----------------------------------------
2026-02-26 00:43:43.976562 (1799310) main____ INFO    Runtime info:
2026-02-26 00:43:43.976572 (1799310) main____ INFO      platform  : Linux 4.18.0-553.89.1.el8_10.x86_64 x86_64
2026-02-26 00:43:43.976591 (1799310) main____ INFO      hostname  : caddy12.stanford.edu
2026-02-26 00:43:43.976606 (1799310) main____ INFO      pid       : 1799310
2026-02-26 00:43:43.976616 (1799310) main____ INFO      arguments : '-style' 'windows' '-allow_unsupported_OS' '-no_gui' '-fpv' './synthlc/i_MUL_out/xPairwiseDepDiv/exclusive_75_.tcl' '-proj' './synthlc/i_MUL_out/xPairwiseDepDiv/exclusive_75_jgsession_26-02-26-00_43_42'
2026-02-26 00:43:43.976633 (1799310) main____ INFO      locale    : UTF-8
2026-02-26 00:43:43.976643 (1799310) main____ INFO    ----------------------------------------
2026-02-26 00:43:43.976652 (1799310) main____ INFO    System resource limits info:
2026-02-26 00:43:43.976678 (1799310) main____ INFO      virtual memory: unlimited
2026-02-26 00:43:43.976690 (1799310) main____ INFO      cpu time      : unlimited
2026-02-26 00:43:43.976708 (1799310) main____ INFO      processes     : 4096
2026-02-26 00:43:43.976728 (1799310) main____ INFO      stack size    : 8388608 B
2026-02-26 00:43:43.976742 (1799310) main____ INFO      core file size: 0 B
2026-02-26 00:43:43.976754 (1799310) main____ INFO      open files    : 4096
2026-02-26 00:43:43.976766 (1799310) main____ INFO      file size     : unlimited
2026-02-26 00:43:43.976776 (1799310) main____ INFO    ----------------------------------------
2026-02-26 00:43:43.976784 (1799310) main____ INFO    Memory statistics:
2026-02-26 00:43:43.976796 (1799310) main____ INFO      total physical memory  : 98449088 kB
2026-02-26 00:43:43.976807 (1799310) main____ INFO      free physical memory   : 70281796 kB
2026-02-26 00:43:43.976818 (1799310) main____ INFO      committed address space: 16043828 kB
2026-02-26 00:43:43.976827 (1799310) main____ INFO    ----------------------------------------
2026-02-26 00:43:43.978019 (1799310) main____ INFO    Important environment variables:
2026-02-26 00:43:43.978043 (1799310) main____ INFO      CDS_LIC_FILE       : '5280@cadlic0'
2026-02-26 00:43:43.978056 (1799310) main____ INFO      DISPLAY            : 'localhost:12.0'
2026-02-26 00:43:43.978067 (1799310) main____ INFO      JASPER_INSTALL_DIR : '/cad/cadence/jasper_2023.12p001'
2026-02-26 00:43:43.978079 (1799310) main____ INFO      JASPER_KERNEL_CHECK: '1'
2026-02-26 00:43:43.978091 (1799310) main____ INFO      JASPER_OS_CHECK    : '0'
2026-02-26 00:43:43.978102 (1799310) main____ INFO      LANG               : 'zh_TW.UTF-8'
2026-02-26 00:43:43.978111 (1799310) main____ INFO    ----------------------------------------
2026-02-26 00:43:43.979863 (1799310) lic_core INFO    Initializing license system ...
2026-02-26 00:43:44.004026 (1799310) lic_core INFO    ... license system initialized.
2026-02-26 00:43:44.174957 (1799310) lic__man INFO    Claim 'main' for <ui>.
2026-02-26 00:43:44.175023 (1799310) lic_core INFO    (1) checking out 'jasper_interactive' ...
2026-02-26 00:43:44.247962 (1799310) lic_core INFO    ... (1) checkout succeeded
2026-02-26 00:43:44.248066 (1799310) lic__man INFO    Claim 'fpv' for <ui>.
2026-02-26 00:43:44.248094 (1799310) lic_core INFO    (2) checking out 'jasper_fpv' ...
2026-02-26 00:43:44.314151 (1799310) lic_core INFO    ... (2) checkout failed (error: -5) ("FLEXnet ERROR(-5, 0, 0): No such feature exists.")
2026-02-26 00:43:44.314207 (1799310) lic_core INFO    (3) checking out 'jasper_fao' ...
2026-02-26 00:43:44.391920 (1799310) lic_core INFO    ... (3) checkout succeeded
2026-02-26 00:43:44.418576 (1799310) main____ INFO    Tool inactivity delay is 480000 ms.
2026-02-26 00:43:44.426978 (1799326) stdio___ INFO    Starting STDIN reader (tty: yes, tty name: '/dev/pts/0')
2026-02-26 00:43:44.768904 (1799310) session_ INFO    Starting analysis session with session id 'session_0' (launcher: <local>) ...
2026-02-26 00:43:44.771019 (1799310) session_ INFO    Analysis session with session id 'session_0' started (pid: 1799327)
2026-02-26 00:43:46.910154 (1799310) session_ INFO    Analysis session 'session_0' connected to the console (host: 127.0.0.1:53082)
2026-02-26 00:43:57.311378 (1799310) lic__man INFO    Unclaim everything for 'session_0'.
2026-02-26 00:43:57.884309 (1799310) lic__man INFO    Claim 'fpv' for 'session_0'.
2026-02-26 00:43:57.884356 (1799310) lic__man INFO    Claim 'fpv' for 'session_0/prove-0'.
2026-02-26 00:45:15.895950 (1799310) lic__man INFO    Unclaim everything for 'session_0/prove-0'.
2026-02-26 00:45:15.950907 (1799310) main____ INFO    About to exit: request to exit with status 0 received from analysis session 'session_0'
2026-02-26 00:45:16.171432 (1799310) session_ INFO    Analysis session 'session_0' disconnected.
2026-02-26 00:45:16.171577 (1799310) lic__man INFO    Unclaim everything for 'session_0'.
2026-02-26 00:45:16.171778 (1799310) session_ INFO    Process for analysis session 'session_0' has exited with exit status '0'.
2026-02-26 00:45:17.901222 (1799326) stdio___ INFO    STDIN reader requested to stop.
2026-02-26 00:45:17.901271 (1799326) stdio___ INFO    STDIN reader stopped.
2026-02-26 00:45:17.908195 (1799310) lic_core INFO    (1) checkin jasper_interactive
2026-02-26 00:45:17.909863 (1799310) lic_core INFO    (3) checkin jasper_fao
2026-02-26 00:45:17.953722 (1799310) main____ INFO    Exiting with status 0.
