2026-03-01 05:58:33.089200 (3995521) main____ INFO    ----------------------------------------
2026-03-01 05:58:33.089295 (3995521) main____ INFO    Jasper version info
2026-03-01 05:58:33.089312 (3995521) main____ INFO      tool      : Jasper 2023.12
2026-03-01 05:58:33.089328 (3995521) main____ INFO      version   : 2023.12p001 64 bits
2026-03-01 05:58:33.089342 (3995521) main____ INFO      build date: 2024.01.23 16:09:24 UTC
2026-03-01 05:58:33.089352 (3995521) main____ INFO    ----------------------------------------
2026-03-01 05:58:33.089362 (3995521) main____ INFO    Runtime info:
2026-03-01 05:58:33.089374 (3995521) main____ INFO      platform  : Linux 4.18.0-553.89.1.el8_10.x86_64 x86_64
2026-03-01 05:58:33.089393 (3995521) main____ INFO      hostname  : caddy12.stanford.edu
2026-03-01 05:58:33.089409 (3995521) main____ INFO      pid       : 3995521
2026-03-01 05:58:33.089420 (3995521) main____ INFO      arguments : '-style' 'windows' '-allow_unsupported_OS' '-no_gui' '-fpv' './synthlc/i_LW_out/xPairwiseDepDiv/nunv_anytwo_66_.tcl' '-proj' './synthlc/i_LW_out/xPairwiseDepDiv/nunv_anytwo_66_jgsession_26-03-01-05_58_32'
2026-03-01 05:58:33.089438 (3995521) main____ INFO      locale    : UTF-8
2026-03-01 05:58:33.089449 (3995521) main____ INFO    ----------------------------------------
2026-03-01 05:58:33.089459 (3995521) main____ INFO    System resource limits info:
2026-03-01 05:58:33.089472 (3995521) main____ INFO      virtual memory: unlimited
2026-03-01 05:58:33.089484 (3995521) main____ INFO      cpu time      : unlimited
2026-03-01 05:58:33.089503 (3995521) main____ INFO      processes     : 4096
2026-03-01 05:58:33.089523 (3995521) main____ INFO      stack size    : 8388608 B
2026-03-01 05:58:33.089538 (3995521) main____ INFO      core file size: 0 B
2026-03-01 05:58:33.089551 (3995521) main____ INFO      open files    : 4096
2026-03-01 05:58:33.089564 (3995521) main____ INFO      file size     : unlimited
2026-03-01 05:58:33.089574 (3995521) main____ INFO    ----------------------------------------
2026-03-01 05:58:33.089584 (3995521) main____ INFO    Memory statistics:
2026-03-01 05:58:33.089596 (3995521) main____ INFO      total physical memory  : 98449088 kB
2026-03-01 05:58:33.089608 (3995521) main____ INFO      free physical memory   : 81465912 kB
2026-03-01 05:58:33.089621 (3995521) main____ INFO      committed address space: 13599380 kB
2026-03-01 05:58:33.089631 (3995521) main____ INFO    ----------------------------------------
2026-03-01 05:58:33.090820 (3995521) main____ INFO    Important environment variables:
2026-03-01 05:58:33.090854 (3995521) main____ INFO      CDS_LIC_FILE       : '5280@cadlic0'
2026-03-01 05:58:33.090867 (3995521) main____ INFO      DISPLAY            : 'localhost:12.0'
2026-03-01 05:58:33.090879 (3995521) main____ INFO      JASPER_INSTALL_DIR : '/cad/cadence/jasper_2023.12p001'
2026-03-01 05:58:33.090892 (3995521) main____ INFO      JASPER_KERNEL_CHECK: '1'
2026-03-01 05:58:33.090904 (3995521) main____ INFO      JASPER_OS_CHECK    : '0'
2026-03-01 05:58:33.090916 (3995521) main____ INFO      LANG               : 'zh_TW.UTF-8'
2026-03-01 05:58:33.090927 (3995521) main____ INFO    ----------------------------------------
2026-03-01 05:58:33.123868 (3995521) lic_core INFO    Initializing license system ...
2026-03-01 05:58:33.153936 (3995521) lic_core INFO    ... license system initialized.
2026-03-01 05:58:33.255224 (3995521) lic__man INFO    Claim 'main' for <ui>.
2026-03-01 05:58:33.255304 (3995521) lic_core INFO    (1) checking out 'jasper_interactive' ...
2026-03-01 05:58:33.278625 (3995521) lic_core INFO    ... (1) checkout succeeded
2026-03-01 05:58:33.278752 (3995521) lic__man INFO    Claim 'fpv' for <ui>.
2026-03-01 05:58:33.278784 (3995521) lic_core INFO    (2) checking out 'jasper_fpv' ...
2026-03-01 05:58:33.307352 (3995521) lic_core INFO    ... (2) checkout failed (error: -5) ("FLEXnet ERROR(-5, 0, 0): No such feature exists.")
2026-03-01 05:58:33.307415 (3995521) lic_core INFO    (3) checking out 'jasper_fao' ...
2026-03-01 05:58:33.322137 (3995521) lic_core INFO    ... (3) checkout succeeded
2026-03-01 05:58:33.326440 (3995521) main____ INFO    Tool inactivity delay is 480000 ms.
2026-03-01 05:58:33.340937 (3995577) stdio___ INFO    Starting STDIN reader (tty: yes, tty name: '/dev/pts/0')
2026-03-01 05:58:33.467915 (3995521) session_ INFO    Starting analysis session with session id 'session_0' (launcher: <local>) ...
2026-03-01 05:58:33.470058 (3995521) session_ INFO    Analysis session with session id 'session_0' started (pid: 3995660)
2026-03-01 05:58:35.764150 (3995521) session_ INFO    Analysis session 'session_0' connected to the console (host: 127.0.0.1:58772)
2026-03-01 05:58:44.582804 (3995521) lic__man INFO    Unclaim everything for 'session_0'.
2026-03-01 05:58:44.859278 (3995521) lic__man INFO    Claim 'fpv' for 'session_0'.
2026-03-01 05:58:44.859331 (3995521) lic__man INFO    Claim 'fpv' for 'session_0/prove-0'.
2026-03-01 05:59:02.494314 (3995521) lic__man INFO    Unclaim everything for 'session_0/prove-0'.
2026-03-01 05:59:02.537142 (3995521) main____ INFO    About to exit: request to exit with status 0 received from analysis session 'session_0'
2026-03-01 05:59:02.775312 (3995521) session_ INFO    Analysis session 'session_0' disconnected.
2026-03-01 05:59:02.775462 (3995521) lic__man INFO    Unclaim everything for 'session_0'.
2026-03-01 05:59:02.775771 (3995521) session_ INFO    Process for analysis session 'session_0' has exited with exit status '0'.
2026-03-01 05:59:04.454100 (3995577) stdio___ INFO    STDIN reader requested to stop.
2026-03-01 05:59:04.454176 (3995577) stdio___ INFO    STDIN reader stopped.
2026-03-01 05:59:04.464930 (3995521) lic_core INFO    (1) checkin jasper_interactive
2026-03-01 05:59:04.477582 (3995521) lic_core INFO    (3) checkin jasper_fao
2026-03-01 05:59:04.500025 (3995521) main____ INFO    Exiting with status 0.
