2026-02-28 23:01:21.192553 (1072704) main____ INFO    ----------------------------------------
2026-02-28 23:01:21.192648 (1072704) main____ INFO    Jasper version info
2026-02-28 23:01:21.192663 (1072704) main____ INFO      tool      : Jasper 2023.12
2026-02-28 23:01:21.192678 (1072704) main____ INFO      version   : 2023.12p001 64 bits
2026-02-28 23:01:21.192692 (1072704) main____ INFO      build date: 2024.01.23 16:09:24 UTC
2026-02-28 23:01:21.192702 (1072704) main____ INFO    ----------------------------------------
2026-02-28 23:01:21.192711 (1072704) main____ INFO    Runtime info:
2026-02-28 23:01:21.192722 (1072704) main____ INFO      platform  : Linux 4.18.0-553.89.1.el8_10.x86_64 x86_64
2026-02-28 23:01:21.192750 (1072704) main____ INFO      hostname  : caddy15.stanford.edu
2026-02-28 23:01:21.192765 (1072704) main____ INFO      pid       : 1072704
2026-02-28 23:01:21.192777 (1072704) main____ INFO      arguments : '-style' 'windows' '-allow_unsupported_OS' '-no_gui' '-fpv' './synthlc/i_BEQ_out/xHBPerfG_dfg_v3_div/HB_11_.tcl' '-proj' './synthlc/i_BEQ_out/xHBPerfG_dfg_v3_div/HB_11_jgsession_26-02-28-23_01_21'
2026-02-28 23:01:21.192794 (1072704) main____ INFO      locale    : UTF-8
2026-02-28 23:01:21.192804 (1072704) main____ INFO    ----------------------------------------
2026-02-28 23:01:21.192813 (1072704) main____ INFO    System resource limits info:
2026-02-28 23:01:21.192826 (1072704) main____ INFO      virtual memory: unlimited
2026-02-28 23:01:21.192838 (1072704) main____ INFO      cpu time      : unlimited
2026-02-28 23:01:21.192856 (1072704) main____ INFO      processes     : 4096
2026-02-28 23:01:21.192876 (1072704) main____ INFO      stack size    : 8388608 B
2026-02-28 23:01:21.192890 (1072704) main____ INFO      core file size: 0 B
2026-02-28 23:01:21.192903 (1072704) main____ INFO      open files    : 4096
2026-02-28 23:01:21.192914 (1072704) main____ INFO      file size     : unlimited
2026-02-28 23:01:21.192924 (1072704) main____ INFO    ----------------------------------------
2026-02-28 23:01:21.192933 (1072704) main____ INFO    Memory statistics:
2026-02-28 23:01:21.192945 (1072704) main____ INFO      total physical memory  : 98449092 kB
2026-02-28 23:01:21.192957 (1072704) main____ INFO      free physical memory   : 78067436 kB
2026-02-28 23:01:21.192968 (1072704) main____ INFO      committed address space: 4158032 kB
2026-02-28 23:01:21.192977 (1072704) main____ INFO    ----------------------------------------
2026-02-28 23:01:21.194148 (1072704) main____ INFO    Important environment variables:
2026-02-28 23:01:21.194172 (1072704) main____ INFO      CDS_LIC_FILE       : '5280@cadlic0'
2026-02-28 23:01:21.194185 (1072704) main____ INFO      JASPER_INSTALL_DIR : '/cad/cadence/jasper_2023.12p001'
2026-02-28 23:01:21.194197 (1072704) main____ INFO      JASPER_KERNEL_CHECK: '1'
2026-02-28 23:01:21.194209 (1072704) main____ INFO      JASPER_OS_CHECK    : '0'
2026-02-28 23:01:21.194221 (1072704) main____ INFO      LANG               : 'en_US.UTF-8'
2026-02-28 23:01:21.194231 (1072704) main____ INFO    ----------------------------------------
2026-02-28 23:01:21.195667 (1072704) lic_core INFO    Initializing license system ...
2026-02-28 23:01:21.197507 (1072704) lic_core INFO    ... license system initialized.
2026-02-28 23:01:21.248598 (1072704) lic__man INFO    Claim 'main' for <ui>.
2026-02-28 23:01:21.248673 (1072704) lic_core INFO    (1) checking out 'jasper_interactive' ...
2026-02-28 23:01:21.303872 (1072704) lic_core INFO    ... (1) checkout succeeded
2026-02-28 23:01:21.303992 (1072704) lic__man INFO    Claim 'fpv' for <ui>.
2026-02-28 23:01:21.304025 (1072704) lic_core INFO    (2) checking out 'jasper_fpv' ...
2026-02-28 23:01:21.349929 (1072704) lic_core INFO    ... (2) checkout failed (error: -5) ("FLEXnet ERROR(-5, 0, 0): No such feature exists.")
2026-02-28 23:01:21.349992 (1072704) lic_core INFO    (3) checking out 'jasper_fao' ...
2026-02-28 23:01:21.430834 (1072704) lic_core INFO    ... (3) checkout succeeded
2026-02-28 23:01:21.444364 (1072704) main____ INFO    Tool inactivity delay is 480000 ms.
2026-02-28 23:01:21.452551 (1072723) stdio___ INFO    Starting STDIN reader (tty: yes, tty name: '/dev/pts/0')
2026-02-28 23:01:21.599610 (1072704) session_ INFO    Starting analysis session with session id 'session_0' (launcher: <local>) ...
2026-02-28 23:01:21.601457 (1072704) session_ INFO    Analysis session with session id 'session_0' started (pid: 1072732)
2026-02-28 23:01:23.059063 (1072704) session_ INFO    Analysis session 'session_0' connected to the console (host: 127.0.0.1:53696)
2026-02-28 23:01:26.094029 (1072704) lic__man INFO    Unclaim everything for 'session_0'.
2026-02-28 23:01:26.313943 (1072704) lic__man INFO    Claim 'fpv' for 'session_0'.
2026-02-28 23:01:26.313980 (1072704) lic__man INFO    Claim 'fpv' for 'session_0/prove-0'.
2026-02-28 23:01:28.336475 (1072704) lic__man INFO    Unclaim everything for 'session_0/prove-0'.
2026-02-28 23:01:28.380495 (1072704) main____ INFO    About to exit: request to exit with status 0 received from analysis session 'session_0'
2026-02-28 23:01:28.533772 (1072704) session_ INFO    Analysis session 'session_0' disconnected.
2026-02-28 23:01:28.533971 (1072704) lic__man INFO    Unclaim everything for 'session_0'.
2026-02-28 23:01:28.534166 (1072704) session_ INFO    Process for analysis session 'session_0' has exited with exit status '0'.
2026-02-28 23:01:30.403560 (1072723) stdio___ INFO    STDIN reader requested to stop.
2026-02-28 23:01:30.403600 (1072723) stdio___ INFO    STDIN reader stopped.
2026-02-28 23:01:30.403831 (1072704) lic_core INFO    (1) checkin jasper_interactive
2026-02-28 23:01:30.404752 (1072704) lic_core INFO    (3) checkin jasper_fao
2026-02-28 23:01:30.405607 (1072704) main____ INFO    Exiting with status 0.
