2026-03-01 09:16:04.243031 (14112) main____ INFO    ----------------------------------------
2026-03-01 09:16:04.243113 (14112) main____ INFO    Jasper version info
2026-03-01 09:16:04.243130 (14112) main____ INFO      tool      : Jasper 2023.12
2026-03-01 09:16:04.243146 (14112) main____ INFO      version   : 2023.12p001 64 bits
2026-03-01 09:16:04.243160 (14112) main____ INFO      build date: 2024.01.23 16:09:24 UTC
2026-03-01 09:16:04.243171 (14112) main____ INFO    ----------------------------------------
2026-03-01 09:16:04.243181 (14112) main____ INFO    Runtime info:
2026-03-01 09:16:04.243192 (14112) main____ INFO      platform  : Linux 4.18.0-553.89.1.el8_10.x86_64 x86_64
2026-03-01 09:16:04.243210 (14112) main____ INFO      hostname  : caddy12.stanford.edu
2026-03-01 09:16:04.243226 (14112) main____ INFO      pid       : 14112
2026-03-01 09:16:04.243237 (14112) main____ INFO      arguments : '-style' 'windows' '-allow_unsupported_OS' '-no_gui' '-fpv' './synthlc/i_LW_out/xHBPerfG_dfg_v3_div/HB_39_.tcl' '-proj' './synthlc/i_LW_out/xHBPerfG_dfg_v3_div/HB_39_jgsession_26-03-01-09_16_04'
2026-03-01 09:16:04.243254 (14112) main____ INFO      locale    : UTF-8
2026-03-01 09:16:04.243265 (14112) main____ INFO    ----------------------------------------
2026-03-01 09:16:04.243275 (14112) main____ INFO    System resource limits info:
2026-03-01 09:16:04.243287 (14112) main____ INFO      virtual memory: unlimited
2026-03-01 09:16:04.243300 (14112) main____ INFO      cpu time      : unlimited
2026-03-01 09:16:04.243317 (14112) main____ INFO      processes     : 4096
2026-03-01 09:16:04.251636 (14112) main____ INFO      stack size    : 8388608 B
2026-03-01 09:16:04.251659 (14112) main____ INFO      core file size: 0 B
2026-03-01 09:16:04.251684 (14112) main____ INFO      open files    : 4096
2026-03-01 09:16:04.251697 (14112) main____ INFO      file size     : unlimited
2026-03-01 09:16:04.251707 (14112) main____ INFO    ----------------------------------------
2026-03-01 09:16:04.251717 (14112) main____ INFO    Memory statistics:
2026-03-01 09:16:04.251729 (14112) main____ INFO      total physical memory  : 98449088 kB
2026-03-01 09:16:04.251741 (14112) main____ INFO      free physical memory   : 86581500 kB
2026-03-01 09:16:04.251753 (14112) main____ INFO      committed address space: 7152896 kB
2026-03-01 09:16:04.251763 (14112) main____ INFO    ----------------------------------------
2026-03-01 09:16:04.252938 (14112) main____ INFO    Important environment variables:
2026-03-01 09:16:04.261185 (14112) main____ INFO      CDS_LIC_FILE       : '5280@cadlic0'
2026-03-01 09:16:04.261206 (14112) main____ INFO      DISPLAY            : 'localhost:12.0'
2026-03-01 09:16:04.261219 (14112) main____ INFO      JASPER_INSTALL_DIR : '/cad/cadence/jasper_2023.12p001'
2026-03-01 09:16:04.261232 (14112) main____ INFO      JASPER_KERNEL_CHECK: '1'
2026-03-01 09:16:04.261245 (14112) main____ INFO      JASPER_OS_CHECK    : '0'
2026-03-01 09:16:04.261257 (14112) main____ INFO      LANG               : 'zh_TW.UTF-8'
2026-03-01 09:16:04.261268 (14112) main____ INFO    ----------------------------------------
2026-03-01 09:16:04.262416 (14112) lic_core INFO    Initializing license system ...
2026-03-01 09:16:04.272778 (14112) lic_core INFO    ... license system initialized.
2026-03-01 09:16:04.316676 (14112) lic__man INFO    Claim 'main' for <ui>.
2026-03-01 09:16:04.316745 (14112) lic_core INFO    (1) checking out 'jasper_interactive' ...
2026-03-01 09:16:04.328744 (14112) lic_core INFO    ... (1) checkout succeeded
2026-03-01 09:16:04.328821 (14112) lic__man INFO    Claim 'fpv' for <ui>.
2026-03-01 09:16:04.328845 (14112) lic_core INFO    (2) checking out 'jasper_fpv' ...
2026-03-01 09:16:04.332627 (14112) lic_core INFO    ... (2) checkout failed (error: -5) ("FLEXnet ERROR(-5, 0, 0): No such feature exists.")
2026-03-01 09:16:04.334270 (14112) lic_core INFO    (3) checking out 'jasper_fao' ...
2026-03-01 09:16:04.345562 (14112) lic_core INFO    ... (3) checkout succeeded
2026-03-01 09:16:04.346586 (14123) stdio___ INFO    Starting STDIN reader (tty: yes, tty name: '/dev/pts/0')
2026-03-01 09:16:04.354719 (14112) main____ INFO    Tool inactivity delay is 480000 ms.
2026-03-01 09:16:04.484736 (14112) session_ INFO    Starting analysis session with session id 'session_0' (launcher: <local>) ...
2026-03-01 09:16:04.486572 (14112) session_ INFO    Analysis session with session id 'session_0' started (pid: 14124)
2026-03-01 09:16:05.580597 (14112) session_ INFO    Analysis session 'session_0' connected to the console (host: 127.0.0.1:38686)
2026-03-01 09:16:10.055095 (14112) lic__man INFO    Unclaim everything for 'session_0'.
2026-03-01 09:16:10.549299 (14112) lic__man INFO    Claim 'fpv' for 'session_0'.
2026-03-01 09:16:10.549348 (14112) lic__man INFO    Claim 'fpv' for 'session_0/prove-0'.
2026-03-01 09:16:13.661683 (14112) lic__man INFO    Unclaim everything for 'session_0/prove-0'.
2026-03-01 09:16:13.691950 (14112) main____ INFO    About to exit: request to exit with status 0 received from analysis session 'session_0'
2026-03-01 09:16:14.136494 (14112) session_ INFO    Analysis session 'session_0' disconnected.
2026-03-01 09:16:14.136737 (14112) lic__man INFO    Unclaim everything for 'session_0'.
2026-03-01 09:16:14.136950 (14112) session_ INFO    Process for analysis session 'session_0' has exited with exit status '0'.
2026-03-01 09:16:15.810968 (14123) stdio___ INFO    STDIN reader requested to stop.
2026-03-01 09:16:15.811013 (14123) stdio___ INFO    STDIN reader stopped.
2026-03-01 09:16:15.811234 (14112) lic_core INFO    (1) checkin jasper_interactive
2026-03-01 09:16:15.812249 (14112) lic_core INFO    (3) checkin jasper_fao
2026-03-01 09:16:15.820063 (14112) main____ INFO    Exiting with status 0.
