2026-02-27 16:44:57.064630 (3229219) main____ INFO    ----------------------------------------
2026-02-27 16:44:57.064739 (3229219) main____ INFO    Jasper version info
2026-02-27 16:44:57.064756 (3229219) main____ INFO      tool      : Jasper 2023.12
2026-02-27 16:44:57.064772 (3229219) main____ INFO      version   : 2023.12p001 64 bits
2026-02-27 16:44:57.064785 (3229219) main____ INFO      build date: 2024.01.23 16:09:24 UTC
2026-02-27 16:44:57.064796 (3229219) main____ INFO    ----------------------------------------
2026-02-27 16:44:57.064807 (3229219) main____ INFO    Runtime info:
2026-02-27 16:44:57.064818 (3229219) main____ INFO      platform  : Linux 4.18.0-553.89.1.el8_10.x86_64 x86_64
2026-02-27 16:44:57.064838 (3229219) main____ INFO      hostname  : caddy12.stanford.edu
2026-02-27 16:44:57.064854 (3229219) main____ INFO      pid       : 3229219
2026-02-27 16:44:57.064865 (3229219) main____ INFO      arguments : '-style' 'windows' '-allow_unsupported_OS' '-no_gui' '-fpv' './synthlc/i_DIV_out/xHBPerfG_dfg_v3_div/WHB_131_.tcl' '-proj' './synthlc/i_DIV_out/xHBPerfG_dfg_v3_div/WHB_131_jgsession_26-02-27-16_44_56'
2026-02-27 16:44:57.064883 (3229219) main____ INFO      locale    : UTF-8
2026-02-27 16:44:57.064894 (3229219) main____ INFO    ----------------------------------------
2026-02-27 16:44:57.064904 (3229219) main____ INFO    System resource limits info:
2026-02-27 16:44:57.064917 (3229219) main____ INFO      virtual memory: unlimited
2026-02-27 16:44:57.064930 (3229219) main____ INFO      cpu time      : unlimited
2026-02-27 16:44:57.064948 (3229219) main____ INFO      processes     : 4096
2026-02-27 16:44:57.064968 (3229219) main____ INFO      stack size    : 8388608 B
2026-02-27 16:44:57.064983 (3229219) main____ INFO      core file size: 0 B
2026-02-27 16:44:57.065006 (3229219) main____ INFO      open files    : 4096
2026-02-27 16:44:57.065019 (3229219) main____ INFO      file size     : unlimited
2026-02-27 16:44:57.065030 (3229219) main____ INFO    ----------------------------------------
2026-02-27 16:44:57.065040 (3229219) main____ INFO    Memory statistics:
2026-02-27 16:44:57.065052 (3229219) main____ INFO      total physical memory  : 98449088 kB
2026-02-27 16:44:57.065064 (3229219) main____ INFO      free physical memory   : 75822868 kB
2026-02-27 16:44:57.065077 (3229219) main____ INFO      committed address space: 6308796 kB
2026-02-27 16:44:57.065087 (3229219) main____ INFO    ----------------------------------------
2026-02-27 16:44:57.066320 (3229219) main____ INFO    Important environment variables:
2026-02-27 16:44:57.066349 (3229219) main____ INFO      CDS_LIC_FILE       : '5280@cadlic0'
2026-02-27 16:44:57.066364 (3229219) main____ INFO      DISPLAY            : 'localhost:12.0'
2026-02-27 16:44:57.066377 (3229219) main____ INFO      JASPER_INSTALL_DIR : '/cad/cadence/jasper_2023.12p001'
2026-02-27 16:44:57.066390 (3229219) main____ INFO      JASPER_KERNEL_CHECK: '1'
2026-02-27 16:44:57.066403 (3229219) main____ INFO      JASPER_OS_CHECK    : '0'
2026-02-27 16:44:57.066416 (3229219) main____ INFO      LANG               : 'zh_TW.UTF-8'
2026-02-27 16:44:57.066427 (3229219) main____ INFO    ----------------------------------------
2026-02-27 16:44:57.069821 (3229219) lic_core INFO    Initializing license system ...
2026-02-27 16:44:57.092927 (3229219) lic_core INFO    ... license system initialized.
2026-02-27 16:44:57.188930 (3229219) lic__man INFO    Claim 'main' for <ui>.
2026-02-27 16:44:57.189004 (3229219) lic_core INFO    (1) checking out 'jasper_interactive' ...
2026-02-27 16:44:57.204194 (3229219) lic_core INFO    ... (1) checkout succeeded
2026-02-27 16:44:57.204294 (3229219) lic__man INFO    Claim 'fpv' for <ui>.
2026-02-27 16:44:57.204323 (3229219) lic_core INFO    (2) checking out 'jasper_fpv' ...
2026-02-27 16:44:57.209784 (3229219) lic_core INFO    ... (2) checkout failed (error: -5) ("FLEXnet ERROR(-5, 0, 0): No such feature exists.")
2026-02-27 16:44:57.209836 (3229219) lic_core INFO    (3) checking out 'jasper_fao' ...
2026-02-27 16:44:57.220770 (3229219) lic_core INFO    ... (3) checkout succeeded
2026-02-27 16:44:57.222412 (3229219) main____ INFO    Tool inactivity delay is 480000 ms.
2026-02-27 16:44:57.226859 (3229245) stdio___ INFO    Starting STDIN reader (tty: yes, tty name: '/dev/pts/0')
2026-02-27 16:44:57.455827 (3229219) session_ INFO    Starting analysis session with session id 'session_0' (launcher: <local>) ...
2026-02-27 16:44:57.457857 (3229219) session_ INFO    Analysis session with session id 'session_0' started (pid: 3229246)
2026-02-27 16:45:00.176124 (3229219) session_ INFO    Analysis session 'session_0' connected to the console (host: 127.0.0.1:60896)
2026-02-27 16:45:07.160730 (3229219) lic__man INFO    Unclaim everything for 'session_0'.
2026-02-27 16:45:07.436174 (3229219) lic__man INFO    Claim 'fpv' for 'session_0'.
2026-02-27 16:45:07.436224 (3229219) lic__man INFO    Claim 'fpv' for 'session_0/prove-0'.
2026-02-27 16:45:16.024871 (3229219) lic__man INFO    Unclaim everything for 'session_0/prove-0'.
2026-02-27 16:45:16.042847 (3229219) main____ INFO    About to exit: request to exit with status 0 received from analysis session 'session_0'
2026-02-27 16:45:16.269879 (3229219) session_ INFO    Analysis session 'session_0' disconnected.
2026-02-27 16:45:16.270045 (3229219) lic__man INFO    Unclaim everything for 'session_0'.
2026-02-27 16:45:16.270704 (3229219) session_ INFO    Process for analysis session 'session_0' has exited with exit status '0'.
2026-02-27 16:45:17.972875 (3229245) stdio___ INFO    STDIN reader requested to stop.
2026-02-27 16:45:17.972934 (3229245) stdio___ INFO    STDIN reader stopped.
2026-02-27 16:45:17.973265 (3229219) lic_core INFO    (1) checkin jasper_interactive
2026-02-27 16:45:17.983887 (3229219) lic_core INFO    (3) checkin jasper_fao
2026-02-27 16:45:17.999701 (3229219) main____ INFO    Exiting with status 0.
