2026-03-01 07:59:48.989284 (4101255) main____ INFO    ----------------------------------------
2026-03-01 07:59:48.989383 (4101255) main____ INFO    Jasper version info
2026-03-01 07:59:48.989400 (4101255) main____ INFO      tool      : Jasper 2023.12
2026-03-01 07:59:48.989416 (4101255) main____ INFO      version   : 2023.12p001 64 bits
2026-03-01 07:59:48.989430 (4101255) main____ INFO      build date: 2024.01.23 16:09:24 UTC
2026-03-01 07:59:48.989440 (4101255) main____ INFO    ----------------------------------------
2026-03-01 07:59:48.989450 (4101255) main____ INFO    Runtime info:
2026-03-01 07:59:48.989461 (4101255) main____ INFO      platform  : Linux 4.18.0-553.89.1.el8_10.x86_64 x86_64
2026-03-01 07:59:48.989480 (4101255) main____ INFO      hostname  : caddy12.stanford.edu
2026-03-01 07:59:48.989496 (4101255) main____ INFO      pid       : 4101255
2026-03-01 07:59:48.989508 (4101255) main____ INFO      arguments : '-style' 'windows' '-allow_unsupported_OS' '-no_gui' '-fpv' './synthlc/i_LW_out/xPerfLocSubsetDiv/coverset_245_.tcl' '-proj' './synthlc/i_LW_out/xPerfLocSubsetDiv/coverset_245_jgsession_26-03-01-07_59_48'
2026-03-01 07:59:48.989525 (4101255) main____ INFO      locale    : UTF-8
2026-03-01 07:59:48.989536 (4101255) main____ INFO    ----------------------------------------
2026-03-01 07:59:48.989546 (4101255) main____ INFO    System resource limits info:
2026-03-01 07:59:48.989559 (4101255) main____ INFO      virtual memory: unlimited
2026-03-01 07:59:48.989584 (4101255) main____ INFO      cpu time      : unlimited
2026-03-01 07:59:48.989603 (4101255) main____ INFO      processes     : 4096
2026-03-01 07:59:48.989624 (4101255) main____ INFO      stack size    : 8388608 B
2026-03-01 07:59:48.989639 (4101255) main____ INFO      core file size: 0 B
2026-03-01 07:59:48.989653 (4101255) main____ INFO      open files    : 4096
2026-03-01 07:59:48.989679 (4101255) main____ INFO      file size     : unlimited
2026-03-01 07:59:48.989689 (4101255) main____ INFO    ----------------------------------------
2026-03-01 07:59:48.989699 (4101255) main____ INFO    Memory statistics:
2026-03-01 07:59:48.989712 (4101255) main____ INFO      total physical memory  : 98449088 kB
2026-03-01 07:59:48.989724 (4101255) main____ INFO      free physical memory   : 82907240 kB
2026-03-01 07:59:48.989736 (4101255) main____ INFO      committed address space: 12002448 kB
2026-03-01 07:59:48.989746 (4101255) main____ INFO    ----------------------------------------
2026-03-01 07:59:48.990936 (4101255) main____ INFO    Important environment variables:
2026-03-01 07:59:48.990965 (4101255) main____ INFO      CDS_LIC_FILE       : '5280@cadlic0'
2026-03-01 07:59:48.990979 (4101255) main____ INFO      DISPLAY            : 'localhost:12.0'
2026-03-01 07:59:48.990991 (4101255) main____ INFO      JASPER_INSTALL_DIR : '/cad/cadence/jasper_2023.12p001'
2026-03-01 07:59:48.991004 (4101255) main____ INFO      JASPER_KERNEL_CHECK: '1'
2026-03-01 07:59:48.991016 (4101255) main____ INFO      JASPER_OS_CHECK    : '0'
2026-03-01 07:59:48.991028 (4101255) main____ INFO      LANG               : 'zh_TW.UTF-8'
2026-03-01 07:59:48.991039 (4101255) main____ INFO    ----------------------------------------
2026-03-01 07:59:49.002904 (4101255) lic_core INFO    Initializing license system ...
2026-03-01 07:59:49.016997 (4101255) lic_core INFO    ... license system initialized.
2026-03-01 07:59:49.194895 (4101255) lic__man INFO    Claim 'main' for <ui>.
2026-03-01 07:59:49.194969 (4101255) lic_core INFO    (1) checking out 'jasper_interactive' ...
2026-03-01 07:59:49.271040 (4101255) lic_core INFO    ... (1) checkout succeeded
2026-03-01 07:59:49.271153 (4101255) lic__man INFO    Claim 'fpv' for <ui>.
2026-03-01 07:59:49.271183 (4101255) lic_core INFO    (2) checking out 'jasper_fpv' ...
2026-03-01 07:59:49.321140 (4101255) lic_core INFO    ... (2) checkout failed (error: -5) ("FLEXnet ERROR(-5, 0, 0): No such feature exists.")
2026-03-01 07:59:49.321247 (4101255) lic_core INFO    (3) checking out 'jasper_fao' ...
2026-03-01 07:59:49.371069 (4101255) lic_core INFO    ... (3) checkout succeeded
2026-03-01 07:59:49.386886 (4101255) main____ INFO    Tool inactivity delay is 480000 ms.
2026-03-01 07:59:49.394915 (4101283) stdio___ INFO    Starting STDIN reader (tty: yes, tty name: '/dev/pts/0')
2026-03-01 07:59:49.616785 (4101255) session_ INFO    Starting analysis session with session id 'session_0' (launcher: <local>) ...
2026-03-01 07:59:49.618742 (4101255) session_ INFO    Analysis session with session id 'session_0' started (pid: 4101311)
2026-03-01 07:59:52.711187 (4101255) session_ INFO    Analysis session 'session_0' connected to the console (host: 127.0.0.1:34210)
2026-03-01 08:00:00.607444 (4101255) lic__man INFO    Unclaim everything for 'session_0'.
2026-03-01 08:00:01.072777 (4101255) lic__man INFO    Claim 'fpv' for 'session_0'.
2026-03-01 08:00:01.072831 (4101255) lic__man INFO    Claim 'fpv' for 'session_0/prove-0'.
2026-03-01 08:00:06.954975 (4101255) lic__man INFO    Unclaim everything for 'session_0/prove-0'.
2026-03-01 08:00:07.006948 (4101255) main____ INFO    About to exit: request to exit with status 0 received from analysis session 'session_0'
2026-03-01 08:00:07.390796 (4101255) session_ INFO    Analysis session 'session_0' disconnected.
2026-03-01 08:00:07.390953 (4101255) lic__man INFO    Unclaim everything for 'session_0'.
2026-03-01 08:00:07.407867 (4101255) session_ INFO    Process for analysis session 'session_0' has exited with exit status '0'.
2026-03-01 08:00:08.923985 (4101283) stdio___ INFO    STDIN reader requested to stop.
2026-03-01 08:00:08.924056 (4101283) stdio___ INFO    STDIN reader stopped.
2026-03-01 08:00:08.938082 (4101255) lic_core INFO    (1) checkin jasper_interactive
2026-03-01 08:00:08.939834 (4101255) lic_core INFO    (3) checkin jasper_fao
2026-03-01 08:00:08.967185 (4101255) main____ INFO    Exiting with status 0.
