2026-02-26 12:13:14.993385 (2160888) main____ INFO    ----------------------------------------
2026-02-26 12:13:14.993472 (2160888) main____ INFO    Jasper version info
2026-02-26 12:13:14.993488 (2160888) main____ INFO      tool      : Jasper 2023.12
2026-02-26 12:13:14.993502 (2160888) main____ INFO      version   : 2023.12p001 64 bits
2026-02-26 12:13:14.993515 (2160888) main____ INFO      build date: 2024.01.23 16:09:24 UTC
2026-02-26 12:13:14.993524 (2160888) main____ INFO    ----------------------------------------
2026-02-26 12:13:14.993533 (2160888) main____ INFO    Runtime info:
2026-02-26 12:13:14.993544 (2160888) main____ INFO      platform  : Linux 4.18.0-553.89.1.el8_10.x86_64 x86_64
2026-02-26 12:13:14.993562 (2160888) main____ INFO      hostname  : caddy12.stanford.edu
2026-02-26 12:13:14.993577 (2160888) main____ INFO      pid       : 2160888
2026-02-26 12:13:14.993587 (2160888) main____ INFO      arguments : '-style' 'windows' '-allow_unsupported_OS' '-no_gui' '-fpv' './synthlc/i_DIV_out/xHBPerfG_dfg_v3_div/HB_56_.tcl' '-proj' './synthlc/i_DIV_out/xHBPerfG_dfg_v3_div/HB_56_jgsession_26-02-26-12_13_13'
2026-02-26 12:13:14.993604 (2160888) main____ INFO      locale    : UTF-8
2026-02-26 12:13:14.993614 (2160888) main____ INFO    ----------------------------------------
2026-02-26 12:13:14.993623 (2160888) main____ INFO    System resource limits info:
2026-02-26 12:13:14.993635 (2160888) main____ INFO      virtual memory: unlimited
2026-02-26 12:13:14.993646 (2160888) main____ INFO      cpu time      : unlimited
2026-02-26 12:13:14.993679 (2160888) main____ INFO      processes     : 4096
2026-02-26 12:13:14.993698 (2160888) main____ INFO      stack size    : 8388608 B
2026-02-26 12:13:14.993712 (2160888) main____ INFO      core file size: 0 B
2026-02-26 12:13:14.993725 (2160888) main____ INFO      open files    : 4096
2026-02-26 12:13:14.993736 (2160888) main____ INFO      file size     : unlimited
2026-02-26 12:13:14.993746 (2160888) main____ INFO    ----------------------------------------
2026-02-26 12:13:14.993755 (2160888) main____ INFO    Memory statistics:
2026-02-26 12:13:14.993766 (2160888) main____ INFO      total physical memory  : 98449088 kB
2026-02-26 12:13:14.993777 (2160888) main____ INFO      free physical memory   : 78255480 kB
2026-02-26 12:13:14.993788 (2160888) main____ INFO      committed address space: 5548756 kB
2026-02-26 12:13:14.993797 (2160888) main____ INFO    ----------------------------------------
2026-02-26 12:13:14.994998 (2160888) main____ INFO    Important environment variables:
2026-02-26 12:13:14.995027 (2160888) main____ INFO      CDS_LIC_FILE       : '5280@cadlic0'
2026-02-26 12:13:14.995040 (2160888) main____ INFO      DISPLAY            : 'localhost:12.0'
2026-02-26 12:13:14.995051 (2160888) main____ INFO      JASPER_INSTALL_DIR : '/cad/cadence/jasper_2023.12p001'
2026-02-26 12:13:14.995063 (2160888) main____ INFO      JASPER_KERNEL_CHECK: '1'
2026-02-26 12:13:14.995074 (2160888) main____ INFO      JASPER_OS_CHECK    : '0'
2026-02-26 12:13:14.995085 (2160888) main____ INFO      LANG               : 'zh_TW.UTF-8'
2026-02-26 12:13:14.995094 (2160888) main____ INFO    ----------------------------------------
2026-02-26 12:13:15.007815 (2160888) lic_core INFO    Initializing license system ...
2026-02-26 12:13:15.021991 (2160888) lic_core INFO    ... license system initialized.
2026-02-26 12:13:15.169920 (2160888) lic__man INFO    Claim 'main' for <ui>.
2026-02-26 12:13:15.169993 (2160888) lic_core INFO    (1) checking out 'jasper_interactive' ...
2026-02-26 12:13:15.245224 (2160888) lic_core INFO    ... (1) checkout succeeded
2026-02-26 12:13:15.245334 (2160888) lic__man INFO    Claim 'fpv' for <ui>.
2026-02-26 12:13:15.245362 (2160888) lic_core INFO    (2) checking out 'jasper_fpv' ...
2026-02-26 12:13:15.320787 (2160888) lic_core INFO    ... (2) checkout failed (error: -5) ("FLEXnet ERROR(-5, 0, 0): No such feature exists.")
2026-02-26 12:13:15.320837 (2160888) lic_core INFO    (3) checking out 'jasper_fao' ...
2026-02-26 12:13:15.403888 (2160888) lic_core INFO    ... (3) checkout succeeded
2026-02-26 12:13:15.415661 (2160888) main____ INFO    Tool inactivity delay is 480000 ms.
2026-02-26 12:13:15.423911 (2160915) stdio___ INFO    Starting STDIN reader (tty: yes, tty name: '/dev/pts/0')
2026-02-26 12:13:15.576646 (2160888) session_ INFO    Starting analysis session with session id 'session_0' (launcher: <local>) ...
2026-02-26 12:13:15.578594 (2160888) session_ INFO    Analysis session with session id 'session_0' started (pid: 2160920)
2026-02-26 12:13:16.966197 (2160888) session_ INFO    Analysis session 'session_0' connected to the console (host: 127.0.0.1:53978)
2026-02-26 12:13:21.779316 (2160888) lic__man INFO    Unclaim everything for 'session_0'.
2026-02-26 12:13:22.253048 (2160888) lic__man INFO    Claim 'fpv' for 'session_0'.
2026-02-26 12:13:22.253091 (2160888) lic__man INFO    Claim 'fpv' for 'session_0/prove-0'.
2026-02-26 12:13:24.052563 (2160888) lic__man INFO    Unclaim everything for 'session_0/prove-0'.
2026-02-26 12:13:24.056867 (2160888) main____ INFO    About to exit: request to exit with status 0 received from analysis session 'session_0'
2026-02-26 12:13:24.214175 (2160888) session_ INFO    Analysis session 'session_0' disconnected.
2026-02-26 12:13:24.214317 (2160888) lic__man INFO    Unclaim everything for 'session_0'.
2026-02-26 12:13:24.214587 (2160888) session_ INFO    Process for analysis session 'session_0' has exited with exit status '0'.
2026-02-26 12:13:25.968048 (2160915) stdio___ INFO    STDIN reader requested to stop.
2026-02-26 12:13:25.968103 (2160915) stdio___ INFO    STDIN reader stopped.
2026-02-26 12:13:25.968438 (2160888) lic_core INFO    (1) checkin jasper_interactive
2026-02-26 12:13:25.979923 (2160888) lic_core INFO    (3) checkin jasper_fao
2026-02-26 12:13:25.997076 (2160888) main____ INFO    Exiting with status 0.
