2026-03-01 13:01:39.830737 (89163) main____ INFO    ----------------------------------------
2026-03-01 13:01:39.830817 (89163) main____ INFO    Jasper version info
2026-03-01 13:01:39.830834 (89163) main____ INFO      tool      : Jasper 2023.12
2026-03-01 13:01:39.830851 (89163) main____ INFO      version   : 2023.12p001 64 bits
2026-03-01 13:01:39.830865 (89163) main____ INFO      build date: 2024.01.23 16:09:24 UTC
2026-03-01 13:01:39.830875 (89163) main____ INFO    ----------------------------------------
2026-03-01 13:01:39.830885 (89163) main____ INFO    Runtime info:
2026-03-01 13:01:39.830897 (89163) main____ INFO      platform  : Linux 4.18.0-553.89.1.el8_10.x86_64 x86_64
2026-03-01 13:01:39.830915 (89163) main____ INFO      hostname  : caddy12.stanford.edu
2026-03-01 13:01:39.830941 (89163) main____ INFO      pid       : 89163
2026-03-01 13:01:39.830952 (89163) main____ INFO      arguments : '-style' 'windows' '-allow_unsupported_OS' '-no_gui' '-fpv' './synthlc/i_LW_out/xHBPerfG_dfg_v3_div/WHB_114_.tcl' '-proj' './synthlc/i_LW_out/xHBPerfG_dfg_v3_div/WHB_114_jgsession_26-03-01-13_01_39'
2026-03-01 13:01:39.830969 (89163) main____ INFO      locale    : UTF-8
2026-03-01 13:01:39.830980 (89163) main____ INFO    ----------------------------------------
2026-03-01 13:01:39.830990 (89163) main____ INFO    System resource limits info:
2026-03-01 13:01:39.831003 (89163) main____ INFO      virtual memory: unlimited
2026-03-01 13:01:39.831015 (89163) main____ INFO      cpu time      : unlimited
2026-03-01 13:01:39.831033 (89163) main____ INFO      processes     : 4096
2026-03-01 13:01:39.831054 (89163) main____ INFO      stack size    : 8388608 B
2026-03-01 13:01:39.831069 (89163) main____ INFO      core file size: 0 B
2026-03-01 13:01:39.831082 (89163) main____ INFO      open files    : 4096
2026-03-01 13:01:39.831095 (89163) main____ INFO      file size     : unlimited
2026-03-01 13:01:39.831105 (89163) main____ INFO    ----------------------------------------
2026-03-01 13:01:39.831115 (89163) main____ INFO    Memory statistics:
2026-03-01 13:01:39.831127 (89163) main____ INFO      total physical memory  : 98449088 kB
2026-03-01 13:01:39.831139 (89163) main____ INFO      free physical memory   : 86241288 kB
2026-03-01 13:01:39.831152 (89163) main____ INFO      committed address space: 7489580 kB
2026-03-01 13:01:39.831162 (89163) main____ INFO    ----------------------------------------
2026-03-01 13:01:39.832339 (89163) main____ INFO    Important environment variables:
2026-03-01 13:01:39.832428 (89163) main____ INFO      CDS_LIC_FILE       : '5280@cadlic0'
2026-03-01 13:01:39.832442 (89163) main____ INFO      DISPLAY            : 'localhost:12.0'
2026-03-01 13:01:39.832455 (89163) main____ INFO      JASPER_INSTALL_DIR : '/cad/cadence/jasper_2023.12p001'
2026-03-01 13:01:39.832467 (89163) main____ INFO      JASPER_KERNEL_CHECK: '1'
2026-03-01 13:01:39.832480 (89163) main____ INFO      JASPER_OS_CHECK    : '0'
2026-03-01 13:01:39.832493 (89163) main____ INFO      LANG               : 'zh_TW.UTF-8'
2026-03-01 13:01:39.832503 (89163) main____ INFO    ----------------------------------------
2026-03-01 13:01:39.833649 (89163) lic_core INFO    Initializing license system ...
2026-03-01 13:01:39.835646 (89163) lic_core INFO    ... license system initialized.
2026-03-01 13:01:39.847523 (89163) lic__man INFO    Claim 'main' for <ui>.
2026-03-01 13:01:39.847588 (89163) lic_core INFO    (1) checking out 'jasper_interactive' ...
2026-03-01 13:01:39.860186 (89163) lic_core INFO    ... (1) checkout succeeded
2026-03-01 13:01:39.860261 (89163) lic__man INFO    Claim 'fpv' for <ui>.
2026-03-01 13:01:39.860288 (89163) lic_core INFO    (2) checking out 'jasper_fpv' ...
2026-03-01 13:01:39.864190 (89163) lic_core INFO    ... (2) checkout failed (error: -5) ("FLEXnet ERROR(-5, 0, 0): No such feature exists.")
2026-03-01 13:01:39.864228 (89163) lic_core INFO    (3) checking out 'jasper_fao' ...
2026-03-01 13:01:39.875066 (89163) lic_core INFO    ... (3) checkout succeeded
2026-03-01 13:01:39.876015 (89208) stdio___ INFO    Starting STDIN reader (tty: yes, tty name: '/dev/pts/0')
2026-03-01 13:01:39.876150 (89163) main____ INFO    Tool inactivity delay is 480000 ms.
2026-03-01 13:01:39.918405 (89163) session_ INFO    Starting analysis session with session id 'session_0' (launcher: <local>) ...
2026-03-01 13:01:39.920146 (89163) session_ INFO    Analysis session with session id 'session_0' started (pid: 89211)
2026-03-01 13:01:41.006499 (89163) session_ INFO    Analysis session 'session_0' connected to the console (host: 127.0.0.1:38954)
2026-03-01 13:01:44.085885 (89163) lic__man INFO    Unclaim everything for 'session_0'.
2026-03-01 13:01:44.327817 (89163) lic__man INFO    Claim 'fpv' for 'session_0'.
2026-03-01 13:01:44.327858 (89163) lic__man INFO    Claim 'fpv' for 'session_0/prove-0'.
2026-03-01 13:01:45.518065 (89163) lic__man INFO    Unclaim everything for 'session_0/prove-0'.
2026-03-01 13:01:45.559838 (89163) main____ INFO    About to exit: request to exit with status 0 received from analysis session 'session_0'
2026-03-01 13:01:45.699247 (89163) session_ INFO    Analysis session 'session_0' disconnected.
2026-03-01 13:01:45.699447 (89163) lic__man INFO    Unclaim everything for 'session_0'.
2026-03-01 13:01:45.699635 (89163) session_ INFO    Process for analysis session 'session_0' has exited with exit status '0'.
2026-03-01 13:01:47.466870 (89208) stdio___ INFO    STDIN reader requested to stop.
2026-03-01 13:01:47.466911 (89208) stdio___ INFO    STDIN reader stopped.
2026-03-01 13:01:47.467141 (89163) lic_core INFO    (1) checkin jasper_interactive
2026-03-01 13:01:47.468410 (89163) lic_core INFO    (3) checkin jasper_fao
2026-03-01 13:01:47.470223 (89163) main____ INFO    Exiting with status 0.
