2026-02-25 13:47:51.813931 (3170463) main____ INFO    ----------------------------------------
2026-02-25 13:47:51.814028 (3170463) main____ INFO    Jasper version info
2026-02-25 13:47:51.814045 (3170463) main____ INFO      tool      : Jasper 2023.12
2026-02-25 13:47:51.814060 (3170463) main____ INFO      version   : 2023.12p001 64 bits
2026-02-25 13:47:51.814074 (3170463) main____ INFO      build date: 2024.01.23 16:09:24 UTC
2026-02-25 13:47:51.814084 (3170463) main____ INFO    ----------------------------------------
2026-02-25 13:47:51.814093 (3170463) main____ INFO    Runtime info:
2026-02-25 13:47:51.814104 (3170463) main____ INFO      platform  : Linux 4.18.0-553.89.1.el8_10.x86_64 x86_64
2026-02-25 13:47:51.814124 (3170463) main____ INFO      hostname  : caddy15.stanford.edu
2026-02-25 13:47:51.814139 (3170463) main____ INFO      pid       : 3170463
2026-02-25 13:47:51.814151 (3170463) main____ INFO      arguments : '-style' 'windows' '-allow_unsupported_OS' '-no_gui' '-fpv' './synthlc/i_DIV_out/xPairwiseDepDiv/nunv_anytwo_260_.tcl' '-proj' './synthlc/i_DIV_out/xPairwiseDepDiv/nunv_anytwo_260_jgsession_26-02-25-13_47_51'
2026-02-25 13:47:51.814168 (3170463) main____ INFO      locale    : UTF-8
2026-02-25 13:47:51.814178 (3170463) main____ INFO    ----------------------------------------
2026-02-25 13:47:51.814188 (3170463) main____ INFO    System resource limits info:
2026-02-25 13:47:51.814200 (3170463) main____ INFO      virtual memory: unlimited
2026-02-25 13:47:51.814212 (3170463) main____ INFO      cpu time      : unlimited
2026-02-25 13:47:51.814231 (3170463) main____ INFO      processes     : 4096
2026-02-25 13:47:51.814250 (3170463) main____ INFO      stack size    : 8388608 B
2026-02-25 13:47:51.814265 (3170463) main____ INFO      core file size: 0 B
2026-02-25 13:47:51.814277 (3170463) main____ INFO      open files    : 4096
2026-02-25 13:47:51.814289 (3170463) main____ INFO      file size     : unlimited
2026-02-25 13:47:51.814299 (3170463) main____ INFO    ----------------------------------------
2026-02-25 13:47:51.814321 (3170463) main____ INFO    Memory statistics:
2026-02-25 13:47:51.814333 (3170463) main____ INFO      total physical memory  : 98449092 kB
2026-02-25 13:47:51.814345 (3170463) main____ INFO      free physical memory   : 76131012 kB
2026-02-25 13:47:51.814356 (3170463) main____ INFO      committed address space: 9060856 kB
2026-02-25 13:47:51.814366 (3170463) main____ INFO    ----------------------------------------
2026-02-25 13:47:51.815529 (3170463) main____ INFO    Important environment variables:
2026-02-25 13:47:51.815556 (3170463) main____ INFO      CDS_LIC_FILE       : '5280@cadlic0'
2026-02-25 13:47:51.815569 (3170463) main____ INFO      JASPER_INSTALL_DIR : '/cad/cadence/jasper_2023.12p001'
2026-02-25 13:47:51.815581 (3170463) main____ INFO      JASPER_KERNEL_CHECK: '1'
2026-02-25 13:47:51.815593 (3170463) main____ INFO      JASPER_OS_CHECK    : '0'
2026-02-25 13:47:51.815605 (3170463) main____ INFO      LANG               : 'en_US.UTF-8'
2026-02-25 13:47:51.815615 (3170463) main____ INFO    ----------------------------------------
2026-02-25 13:47:51.828462 (3170463) lic_core INFO    Initializing license system ...
2026-02-25 13:47:51.853724 (3170463) lic_core INFO    ... license system initialized.
2026-02-25 13:47:51.976645 (3170463) lic__man INFO    Claim 'main' for <ui>.
2026-02-25 13:47:51.976727 (3170463) lic_core INFO    (1) checking out 'jasper_interactive' ...
2026-02-25 13:47:51.998340 (3170463) lic_core INFO    ... (1) checkout succeeded
2026-02-25 13:47:51.998452 (3170463) lic__man INFO    Claim 'fpv' for <ui>.
2026-02-25 13:47:51.998482 (3170463) lic_core INFO    (2) checking out 'jasper_fpv' ...
2026-02-25 13:47:52.002814 (3170463) lic_core INFO    ... (2) checkout failed (error: -5) ("FLEXnet ERROR(-5, 0, 0): No such feature exists.")
2026-02-25 13:47:52.002866 (3170463) lic_core INFO    (3) checking out 'jasper_fao' ...
2026-02-25 13:47:52.021731 (3170463) lic_core INFO    ... (3) checkout succeeded
2026-02-25 13:47:52.024381 (3170474) stdio___ INFO    Starting STDIN reader (tty: yes, tty name: '/dev/pts/0')
2026-02-25 13:47:52.024502 (3170463) main____ INFO    Tool inactivity delay is 480000 ms.
2026-02-25 13:47:52.126167 (3170463) session_ INFO    Starting analysis session with session id 'session_0' (launcher: <local>) ...
2026-02-25 13:47:52.128265 (3170463) session_ INFO    Analysis session with session id 'session_0' started (pid: 3170475)
2026-02-25 13:47:53.585931 (3170463) session_ INFO    Analysis session 'session_0' connected to the console (host: 127.0.0.1:52356)
2026-02-25 13:47:57.719550 (3170463) lic__man INFO    Unclaim everything for 'session_0'.
2026-02-25 13:47:58.052780 (3170463) lic__man INFO    Claim 'fpv' for 'session_0'.
2026-02-25 13:47:58.052828 (3170463) lic__man INFO    Claim 'fpv' for 'session_0/prove-0'.
2026-02-25 13:48:00.916705 (3170463) lic__man INFO    Unclaim everything for 'session_0/prove-0'.
2026-02-25 13:48:00.947290 (3170463) main____ INFO    About to exit: request to exit with status 0 received from analysis session 'session_0'
2026-02-25 13:48:01.141930 (3170463) session_ INFO    Analysis session 'session_0' disconnected.
2026-02-25 13:48:01.142077 (3170463) lic__man INFO    Unclaim everything for 'session_0'.
2026-02-25 13:48:01.142273 (3170463) session_ INFO    Process for analysis session 'session_0' has exited with exit status '0'.
2026-02-25 13:48:02.909025 (3170474) stdio___ INFO    STDIN reader requested to stop.
2026-02-25 13:48:02.909076 (3170474) stdio___ INFO    STDIN reader stopped.
2026-02-25 13:48:02.909392 (3170463) lic_core INFO    (1) checkin jasper_interactive
2026-02-25 13:48:02.911276 (3170463) lic_core INFO    (3) checkin jasper_fao
2026-02-25 13:48:02.914198 (3170463) main____ INFO    Exiting with status 0.
