2026-02-27 12:43:59.113312 (3051067) main____ INFO    ----------------------------------------
2026-02-27 12:43:59.113384 (3051067) main____ INFO    Jasper version info
2026-02-27 12:43:59.113400 (3051067) main____ INFO      tool      : Jasper 2023.12
2026-02-27 12:43:59.113416 (3051067) main____ INFO      version   : 2023.12p001 64 bits
2026-02-27 12:43:59.113430 (3051067) main____ INFO      build date: 2024.01.23 16:09:24 UTC
2026-02-27 12:43:59.113440 (3051067) main____ INFO    ----------------------------------------
2026-02-27 12:43:59.113450 (3051067) main____ INFO    Runtime info:
2026-02-27 12:43:59.113462 (3051067) main____ INFO      platform  : Linux 4.18.0-553.89.1.el8_10.x86_64 x86_64
2026-02-27 12:43:59.113480 (3051067) main____ INFO      hostname  : caddy12.stanford.edu
2026-02-27 12:43:59.113496 (3051067) main____ INFO      pid       : 3051067
2026-02-27 12:43:59.113507 (3051067) main____ INFO      arguments : '-style' 'windows' '-allow_unsupported_OS' '-no_gui' '-fpv' './synthlc/i_MUL_out/xPairwiseDepDiv/nunv_anytwo_0_.tcl' '-proj' './synthlc/i_MUL_out/xPairwiseDepDiv/nunv_anytwo_0_jgsession_26-02-27-12_43_58'
2026-02-27 12:43:59.113524 (3051067) main____ INFO      locale    : UTF-8
2026-02-27 12:43:59.113535 (3051067) main____ INFO    ----------------------------------------
2026-02-27 12:43:59.113545 (3051067) main____ INFO    System resource limits info:
2026-02-27 12:43:59.113557 (3051067) main____ INFO      virtual memory: unlimited
2026-02-27 12:43:59.113570 (3051067) main____ INFO      cpu time      : unlimited
2026-02-27 12:43:59.113587 (3051067) main____ INFO      processes     : 4096
2026-02-27 12:43:59.113606 (3051067) main____ INFO      stack size    : 8388608 B
2026-02-27 12:43:59.113620 (3051067) main____ INFO      core file size: 0 B
2026-02-27 12:43:59.113634 (3051067) main____ INFO      open files    : 4096
2026-02-27 12:43:59.113647 (3051067) main____ INFO      file size     : unlimited
2026-02-27 12:43:59.113658 (3051067) main____ INFO    ----------------------------------------
2026-02-27 12:43:59.113684 (3051067) main____ INFO    Memory statistics:
2026-02-27 12:43:59.113696 (3051067) main____ INFO      total physical memory  : 98449088 kB
2026-02-27 12:43:59.113708 (3051067) main____ INFO      free physical memory   : 79265504 kB
2026-02-27 12:43:59.113720 (3051067) main____ INFO      committed address space: 2147096 kB
2026-02-27 12:43:59.113730 (3051067) main____ INFO    ----------------------------------------
2026-02-27 12:43:59.114901 (3051067) main____ INFO    Important environment variables:
2026-02-27 12:43:59.122163 (3051067) main____ INFO      CDS_LIC_FILE       : '5280@cadlic0'
2026-02-27 12:43:59.122186 (3051067) main____ INFO      DISPLAY            : 'localhost:12.0'
2026-02-27 12:43:59.122199 (3051067) main____ INFO      JASPER_INSTALL_DIR : '/cad/cadence/jasper_2023.12p001'
2026-02-27 12:43:59.122212 (3051067) main____ INFO      JASPER_KERNEL_CHECK: '1'
2026-02-27 12:43:59.122224 (3051067) main____ INFO      JASPER_OS_CHECK    : '0'
2026-02-27 12:43:59.122237 (3051067) main____ INFO      LANG               : 'zh_TW.UTF-8'
2026-02-27 12:43:59.122247 (3051067) main____ INFO    ----------------------------------------
2026-02-27 12:43:59.123493 (3051067) lic_core INFO    Initializing license system ...
2026-02-27 12:43:59.133705 (3051067) lic_core INFO    ... license system initialized.
2026-02-27 12:43:59.200056 (3051067) lic__man INFO    Claim 'main' for <ui>.
2026-02-27 12:43:59.200114 (3051067) lic_core INFO    (1) checking out 'jasper_interactive' ...
2026-02-27 12:43:59.212451 (3051067) lic_core INFO    ... (1) checkout succeeded
2026-02-27 12:43:59.219151 (3051067) lic__man INFO    Claim 'fpv' for <ui>.
2026-02-27 12:43:59.219181 (3051067) lic_core INFO    (2) checking out 'jasper_fpv' ...
2026-02-27 12:43:59.223295 (3051067) lic_core INFO    ... (2) checkout failed (error: -5) ("FLEXnet ERROR(-5, 0, 0): No such feature exists.")
2026-02-27 12:43:59.229133 (3051067) lic_core INFO    (3) checking out 'jasper_fao' ...
2026-02-27 12:43:59.240254 (3051067) lic_core INFO    ... (3) checkout succeeded
2026-02-27 12:43:59.241289 (3051095) stdio___ INFO    Starting STDIN reader (tty: yes, tty name: '/dev/pts/0')
2026-02-27 12:43:59.241405 (3051067) main____ INFO    Tool inactivity delay is 480000 ms.
2026-02-27 12:43:59.348545 (3051067) session_ INFO    Starting analysis session with session id 'session_0' (launcher: <local>) ...
2026-02-27 12:43:59.350374 (3051067) session_ INFO    Analysis session with session id 'session_0' started (pid: 3051101)
2026-02-27 12:44:00.437030 (3051067) session_ INFO    Analysis session 'session_0' connected to the console (host: 127.0.0.1:46226)
2026-02-27 12:44:03.726337 (3051067) lic__man INFO    Unclaim everything for 'session_0'.
2026-02-27 12:44:03.948770 (3051067) lic__man INFO    Claim 'fpv' for 'session_0'.
2026-02-27 12:44:03.948810 (3051067) lic__man INFO    Claim 'fpv' for 'session_0/prove-0'.
2026-02-27 12:44:06.354607 (3051067) lic__man INFO    Unclaim everything for 'session_0/prove-0'.
2026-02-27 12:44:06.395863 (3051067) main____ INFO    About to exit: request to exit with status 0 received from analysis session 'session_0'
2026-02-27 12:44:06.525655 (3051067) session_ INFO    Analysis session 'session_0' disconnected.
2026-02-27 12:44:06.525808 (3051067) lic__man INFO    Unclaim everything for 'session_0'.
2026-02-27 12:44:06.526721 (3051067) session_ INFO    Process for analysis session 'session_0' has exited with exit status '0'.
2026-02-27 12:44:08.392179 (3051095) stdio___ INFO    STDIN reader requested to stop.
2026-02-27 12:44:08.392230 (3051095) stdio___ INFO    STDIN reader stopped.
2026-02-27 12:44:08.392459 (3051067) lic_core INFO    (1) checkin jasper_interactive
2026-02-27 12:44:08.398893 (3051067) lic_core INFO    (3) checkin jasper_fao
2026-02-27 12:44:08.409183 (3051067) main____ INFO    Exiting with status 0.
