2026-02-26 07:56:33.808793 (3903789) main____ INFO    ----------------------------------------
2026-02-26 07:56:33.808890 (3903789) main____ INFO    Jasper version info
2026-02-26 07:56:33.808906 (3903789) main____ INFO      tool      : Jasper 2023.12
2026-02-26 07:56:33.808922 (3903789) main____ INFO      version   : 2023.12p001 64 bits
2026-02-26 07:56:33.808935 (3903789) main____ INFO      build date: 2024.01.23 16:09:24 UTC
2026-02-26 07:56:33.808945 (3903789) main____ INFO    ----------------------------------------
2026-02-26 07:56:33.808954 (3903789) main____ INFO    Runtime info:
2026-02-26 07:56:33.808965 (3903789) main____ INFO      platform  : Linux 4.18.0-553.89.1.el8_10.x86_64 x86_64
2026-02-26 07:56:33.808983 (3903789) main____ INFO      hostname  : caddy15.stanford.edu
2026-02-26 07:56:33.808999 (3903789) main____ INFO      pid       : 3903789
2026-02-26 07:56:33.809011 (3903789) main____ INFO      arguments : '-style' 'windows' '-allow_unsupported_OS' '-no_gui' '-fpv' './synthlc/i_ADDI_out/xHBPerfG_dfg_v3_div/HB_412_.tcl' '-proj' './synthlc/i_ADDI_out/xHBPerfG_dfg_v3_div/HB_412_jgsession_26-02-26-07_56_33'
2026-02-26 07:56:33.809028 (3903789) main____ INFO      locale    : UTF-8
2026-02-26 07:56:33.809038 (3903789) main____ INFO    ----------------------------------------
2026-02-26 07:56:33.809047 (3903789) main____ INFO    System resource limits info:
2026-02-26 07:56:33.809059 (3903789) main____ INFO      virtual memory: unlimited
2026-02-26 07:56:33.809072 (3903789) main____ INFO      cpu time      : unlimited
2026-02-26 07:56:33.809091 (3903789) main____ INFO      processes     : 4096
2026-02-26 07:56:33.809123 (3903789) main____ INFO      stack size    : 8388608 B
2026-02-26 07:56:33.809140 (3903789) main____ INFO      core file size: 0 B
2026-02-26 07:56:33.809155 (3903789) main____ INFO      open files    : 4096
2026-02-26 07:56:33.809167 (3903789) main____ INFO      file size     : unlimited
2026-02-26 07:56:33.809176 (3903789) main____ INFO    ----------------------------------------
2026-02-26 07:56:33.809186 (3903789) main____ INFO    Memory statistics:
2026-02-26 07:56:33.809198 (3903789) main____ INFO      total physical memory  : 98449092 kB
2026-02-26 07:56:33.809209 (3903789) main____ INFO      free physical memory   : 77399508 kB
2026-02-26 07:56:33.809221 (3903789) main____ INFO      committed address space: 4702028 kB
2026-02-26 07:56:33.809230 (3903789) main____ INFO    ----------------------------------------
2026-02-26 07:56:33.810434 (3903789) main____ INFO    Important environment variables:
2026-02-26 07:56:33.810461 (3903789) main____ INFO      CDS_LIC_FILE       : '5280@cadlic0'
2026-02-26 07:56:33.810474 (3903789) main____ INFO      JASPER_INSTALL_DIR : '/cad/cadence/jasper_2023.12p001'
2026-02-26 07:56:33.810486 (3903789) main____ INFO      JASPER_KERNEL_CHECK: '1'
2026-02-26 07:56:33.810499 (3903789) main____ INFO      JASPER_OS_CHECK    : '0'
2026-02-26 07:56:33.810511 (3903789) main____ INFO      LANG               : 'en_US.UTF-8'
2026-02-26 07:56:33.810521 (3903789) main____ INFO    ----------------------------------------
2026-02-26 07:56:33.811658 (3903789) lic_core INFO    Initializing license system ...
2026-02-26 07:56:33.815583 (3903789) lic_core INFO    ... license system initialized.
2026-02-26 07:56:33.826752 (3903789) lic__man INFO    Claim 'main' for <ui>.
2026-02-26 07:56:33.826815 (3903789) lic_core INFO    (1) checking out 'jasper_interactive' ...
2026-02-26 07:56:33.839264 (3903789) lic_core INFO    ... (1) checkout succeeded
2026-02-26 07:56:33.839380 (3903789) lic__man INFO    Claim 'fpv' for <ui>.
2026-02-26 07:56:33.839408 (3903789) lic_core INFO    (2) checking out 'jasper_fpv' ...
2026-02-26 07:56:33.851251 (3903789) lic_core INFO    ... (2) checkout failed (error: -5) ("FLEXnet ERROR(-5, 0, 0): No such feature exists.")
2026-02-26 07:56:33.851322 (3903789) lic_core INFO    (3) checking out 'jasper_fao' ...
2026-02-26 07:56:33.862317 (3903789) lic_core INFO    ... (3) checkout succeeded
2026-02-26 07:56:33.870277 (3903789) main____ INFO    Tool inactivity delay is 480000 ms.
2026-02-26 07:56:33.870615 (3903800) stdio___ INFO    Starting STDIN reader (tty: yes, tty name: '/dev/pts/0')
2026-02-26 07:56:33.915876 (3903789) session_ INFO    Starting analysis session with session id 'session_0' (launcher: <local>) ...
2026-02-26 07:56:33.917856 (3903789) session_ INFO    Analysis session with session id 'session_0' started (pid: 3903801)
2026-02-26 07:56:35.190666 (3903789) session_ INFO    Analysis session 'session_0' connected to the console (host: 127.0.0.1:44216)
2026-02-26 07:56:38.771271 (3903789) lic__man INFO    Unclaim everything for 'session_0'.
2026-02-26 07:56:39.013519 (3903789) lic__man INFO    Claim 'fpv' for 'session_0'.
2026-02-26 07:56:39.013558 (3903789) lic__man INFO    Claim 'fpv' for 'session_0/prove-0'.
2026-02-26 07:56:49.395540 (3903789) lic__man INFO    Unclaim everything for 'session_0/prove-0'.
2026-02-26 07:56:49.434570 (3903789) main____ INFO    About to exit: request to exit with status 0 received from analysis session 'session_0'
2026-02-26 07:56:49.675611 (3903789) session_ INFO    Analysis session 'session_0' disconnected.
2026-02-26 07:56:49.675761 (3903789) lic__man INFO    Unclaim everything for 'session_0'.
2026-02-26 07:56:49.675971 (3903789) session_ INFO    Process for analysis session 'session_0' has exited with exit status '0'.
2026-02-26 07:56:51.413245 (3903800) stdio___ INFO    STDIN reader requested to stop.
2026-02-26 07:56:51.413301 (3903800) stdio___ INFO    STDIN reader stopped.
2026-02-26 07:56:51.413645 (3903789) lic_core INFO    (1) checkin jasper_interactive
2026-02-26 07:56:51.415498 (3903789) lic_core INFO    (3) checkin jasper_fao
2026-02-26 07:56:51.431747 (3903789) main____ INFO    Exiting with status 0.
