2026-02-28 19:22:09.699852 (901597) main____ INFO    ----------------------------------------
2026-02-28 19:22:09.699929 (901597) main____ INFO    Jasper version info
2026-02-28 19:22:09.699945 (901597) main____ INFO      tool      : Jasper 2023.12
2026-02-28 19:22:09.699959 (901597) main____ INFO      version   : 2023.12p001 64 bits
2026-02-28 19:22:09.699971 (901597) main____ INFO      build date: 2024.01.23 16:09:24 UTC
2026-02-28 19:22:09.699981 (901597) main____ INFO    ----------------------------------------
2026-02-28 19:22:09.699990 (901597) main____ INFO    Runtime info:
2026-02-28 19:22:09.700000 (901597) main____ INFO      platform  : Linux 4.18.0-553.89.1.el8_10.x86_64 x86_64
2026-02-28 19:22:09.700018 (901597) main____ INFO      hostname  : caddy15.stanford.edu
2026-02-28 19:22:09.700032 (901597) main____ INFO      pid       : 901597
2026-02-28 19:22:09.700043 (901597) main____ INFO      arguments : '-style' 'windows' '-allow_unsupported_OS' '-no_gui' '-fpv' './synthlc/i_ADDI_out/xPairwiseDepDiv/nunv_anytwo_25_.tcl' '-proj' './synthlc/i_ADDI_out/xPairwiseDepDiv/nunv_anytwo_25_jgsession_26-02-28-19_22_09'
2026-02-28 19:22:09.700059 (901597) main____ INFO      locale    : UTF-8
2026-02-28 19:22:09.700068 (901597) main____ INFO    ----------------------------------------
2026-02-28 19:22:09.700077 (901597) main____ INFO    System resource limits info:
2026-02-28 19:22:09.700089 (901597) main____ INFO      virtual memory: unlimited
2026-02-28 19:22:09.700113 (901597) main____ INFO      cpu time      : unlimited
2026-02-28 19:22:09.700130 (901597) main____ INFO      processes     : 4096
2026-02-28 19:22:09.700149 (901597) main____ INFO      stack size    : 8388608 B
2026-02-28 19:22:09.700162 (901597) main____ INFO      core file size: 0 B
2026-02-28 19:22:09.700174 (901597) main____ INFO      open files    : 4096
2026-02-28 19:22:09.700186 (901597) main____ INFO      file size     : unlimited
2026-02-28 19:22:09.700195 (901597) main____ INFO    ----------------------------------------
2026-02-28 19:22:09.700204 (901597) main____ INFO    Memory statistics:
2026-02-28 19:22:09.700215 (901597) main____ INFO      total physical memory  : 98449092 kB
2026-02-28 19:22:09.700226 (901597) main____ INFO      free physical memory   : 79611940 kB
2026-02-28 19:22:09.700237 (901597) main____ INFO      committed address space: 2294368 kB
2026-02-28 19:22:09.700246 (901597) main____ INFO    ----------------------------------------
2026-02-28 19:22:09.701395 (901597) main____ INFO    Important environment variables:
2026-02-28 19:22:09.701419 (901597) main____ INFO      CDS_LIC_FILE       : '5280@cadlic0'
2026-02-28 19:22:09.701431 (901597) main____ INFO      JASPER_INSTALL_DIR : '/cad/cadence/jasper_2023.12p001'
2026-02-28 19:22:09.701443 (901597) main____ INFO      JASPER_KERNEL_CHECK: '1'
2026-02-28 19:22:09.701455 (901597) main____ INFO      JASPER_OS_CHECK    : '0'
2026-02-28 19:22:09.701466 (901597) main____ INFO      LANG               : 'en_US.UTF-8'
2026-02-28 19:22:09.701476 (901597) main____ INFO    ----------------------------------------
2026-02-28 19:22:09.702612 (901597) lic_core INFO    Initializing license system ...
2026-02-28 19:22:09.705094 (901597) lic_core INFO    ... license system initialized.
2026-02-28 19:22:09.716202 (901597) lic__man INFO    Claim 'main' for <ui>.
2026-02-28 19:22:09.716260 (901597) lic_core INFO    (1) checking out 'jasper_interactive' ...
2026-02-28 19:22:09.728432 (901597) lic_core INFO    ... (1) checkout succeeded
2026-02-28 19:22:09.728505 (901597) lic__man INFO    Claim 'fpv' for <ui>.
2026-02-28 19:22:09.728528 (901597) lic_core INFO    (2) checking out 'jasper_fpv' ...
2026-02-28 19:22:09.732629 (901597) lic_core INFO    ... (2) checkout failed (error: -5) ("FLEXnet ERROR(-5, 0, 0): No such feature exists.")
2026-02-28 19:22:09.732673 (901597) lic_core INFO    (3) checking out 'jasper_fao' ...
2026-02-28 19:22:09.746027 (901597) lic_core INFO    ... (3) checkout succeeded
2026-02-28 19:22:09.747322 (901608) stdio___ INFO    Starting STDIN reader (tty: yes, tty name: '/dev/pts/0')
2026-02-28 19:22:09.747509 (901597) main____ INFO    Tool inactivity delay is 480000 ms.
2026-02-28 19:22:09.790122 (901597) session_ INFO    Starting analysis session with session id 'session_0' (launcher: <local>) ...
2026-02-28 19:22:09.792803 (901597) session_ INFO    Analysis session with session id 'session_0' started (pid: 901609)
2026-02-28 19:22:10.910934 (901597) session_ INFO    Analysis session 'session_0' connected to the console (host: 127.0.0.1:37336)
2026-02-28 19:22:13.882378 (901597) lic__man INFO    Unclaim everything for 'session_0'.
2026-02-28 19:22:14.083776 (901597) lic__man INFO    Claim 'fpv' for 'session_0'.
2026-02-28 19:22:14.083811 (901597) lic__man INFO    Claim 'fpv' for 'session_0/prove-0'.
2026-02-28 19:22:23.125674 (901597) lic__man INFO    Unclaim everything for 'session_0/prove-0'.
2026-02-28 19:22:23.166465 (901597) main____ INFO    About to exit: request to exit with status 0 received from analysis session 'session_0'
2026-02-28 19:22:23.308350 (901597) session_ INFO    Analysis session 'session_0' disconnected.
2026-02-28 19:22:23.308548 (901597) lic__man INFO    Unclaim everything for 'session_0'.
2026-02-28 19:22:23.308737 (901597) session_ INFO    Process for analysis session 'session_0' has exited with exit status '0'.
2026-02-28 19:22:25.273057 (901608) stdio___ INFO    STDIN reader requested to stop.
2026-02-28 19:22:25.273096 (901608) stdio___ INFO    STDIN reader stopped.
2026-02-28 19:22:25.273324 (901597) lic_core INFO    (1) checkin jasper_interactive
2026-02-28 19:22:25.274264 (901597) lic_core INFO    (3) checkin jasper_fao
2026-02-28 19:22:25.275508 (901597) main____ INFO    Exiting with status 0.
