2026-02-26 05:44:34.541936 (3790033) main____ INFO    ----------------------------------------
2026-02-26 05:44:34.542037 (3790033) main____ INFO    Jasper version info
2026-02-26 05:44:34.542056 (3790033) main____ INFO      tool      : Jasper 2023.12
2026-02-26 05:44:34.542074 (3790033) main____ INFO      version   : 2023.12p001 64 bits
2026-02-26 05:44:34.542089 (3790033) main____ INFO      build date: 2024.01.23 16:09:24 UTC
2026-02-26 05:44:34.542101 (3790033) main____ INFO    ----------------------------------------
2026-02-26 05:44:34.542111 (3790033) main____ INFO    Runtime info:
2026-02-26 05:44:34.542124 (3790033) main____ INFO      platform  : Linux 4.18.0-553.89.1.el8_10.x86_64 x86_64
2026-02-26 05:44:34.542145 (3790033) main____ INFO      hostname  : caddy15.stanford.edu
2026-02-26 05:44:34.542164 (3790033) main____ INFO      pid       : 3790033
2026-02-26 05:44:34.542178 (3790033) main____ INFO      arguments : '-style' 'windows' '-allow_unsupported_OS' '-no_gui' '-fpv' './synthlc/i_ADDI_out/xPerfLocSubsetDiv/coverset_5_.tcl' '-proj' './synthlc/i_ADDI_out/xPerfLocSubsetDiv/coverset_5_jgsession_26-02-26-05_44_34'
2026-02-26 05:44:34.542197 (3790033) main____ INFO      locale    : UTF-8
2026-02-26 05:44:34.542208 (3790033) main____ INFO    ----------------------------------------
2026-02-26 05:44:34.542219 (3790033) main____ INFO    System resource limits info:
2026-02-26 05:44:34.542233 (3790033) main____ INFO      virtual memory: unlimited
2026-02-26 05:44:34.542247 (3790033) main____ INFO      cpu time      : unlimited
2026-02-26 05:44:34.542269 (3790033) main____ INFO      processes     : 4096
2026-02-26 05:44:34.542293 (3790033) main____ INFO      stack size    : 8388608 B
2026-02-26 05:44:34.542325 (3790033) main____ INFO      core file size: 0 B
2026-02-26 05:44:34.542340 (3790033) main____ INFO      open files    : 4096
2026-02-26 05:44:34.542353 (3790033) main____ INFO      file size     : unlimited
2026-02-26 05:44:34.542365 (3790033) main____ INFO    ----------------------------------------
2026-02-26 05:44:34.542375 (3790033) main____ INFO    Memory statistics:
2026-02-26 05:44:34.542389 (3790033) main____ INFO      total physical memory  : 98449092 kB
2026-02-26 05:44:34.542402 (3790033) main____ INFO      free physical memory   : 71838436 kB
2026-02-26 05:44:34.542415 (3790033) main____ INFO      committed address space: 11574576 kB
2026-02-26 05:44:34.542426 (3790033) main____ INFO    ----------------------------------------
2026-02-26 05:44:34.543847 (3790033) main____ INFO    Important environment variables:
2026-02-26 05:44:34.543880 (3790033) main____ INFO      CDS_LIC_FILE       : '5280@cadlic0'
2026-02-26 05:44:34.543895 (3790033) main____ INFO      JASPER_INSTALL_DIR : '/cad/cadence/jasper_2023.12p001'
2026-02-26 05:44:34.543909 (3790033) main____ INFO      JASPER_KERNEL_CHECK: '1'
2026-02-26 05:44:34.543923 (3790033) main____ INFO      JASPER_OS_CHECK    : '0'
2026-02-26 05:44:34.543937 (3790033) main____ INFO      LANG               : 'en_US.UTF-8'
2026-02-26 05:44:34.543949 (3790033) main____ INFO    ----------------------------------------
2026-02-26 05:44:34.546493 (3790033) lic_core INFO    Initializing license system ...
2026-02-26 05:44:34.550049 (3790033) lic_core INFO    ... license system initialized.
2026-02-26 05:44:34.627992 (3790033) lic__man INFO    Claim 'main' for <ui>.
2026-02-26 05:44:34.628061 (3790033) lic_core INFO    (1) checking out 'jasper_interactive' ...
2026-02-26 05:44:34.709835 (3790033) lic_core INFO    ... (1) checkout succeeded
2026-02-26 05:44:34.709938 (3790033) lic__man INFO    Claim 'fpv' for <ui>.
2026-02-26 05:44:34.709966 (3790033) lic_core INFO    (2) checking out 'jasper_fpv' ...
2026-02-26 05:44:34.775827 (3790033) lic_core INFO    ... (2) checkout failed (error: -5) ("FLEXnet ERROR(-5, 0, 0): No such feature exists.")
2026-02-26 05:44:34.775885 (3790033) lic_core INFO    (3) checking out 'jasper_fao' ...
2026-02-26 05:44:34.846797 (3790033) lic_core INFO    ... (3) checkout succeeded
2026-02-26 05:44:34.871076 (3790033) main____ INFO    Tool inactivity delay is 480000 ms.
2026-02-26 05:44:34.890470 (3790051) stdio___ INFO    Starting STDIN reader (tty: yes, tty name: '/dev/pts/0')
2026-02-26 05:44:35.230463 (3790033) session_ INFO    Starting analysis session with session id 'session_0' (launcher: <local>) ...
2026-02-26 05:44:35.232822 (3790033) session_ INFO    Analysis session with session id 'session_0' started (pid: 3790053)
2026-02-26 05:44:37.072739 (3790033) session_ INFO    Analysis session 'session_0' connected to the console (host: 127.0.0.1:59844)
2026-02-26 05:44:40.918533 (3790033) lic__man INFO    Unclaim everything for 'session_0'.
2026-02-26 05:44:41.194834 (3790033) lic__man INFO    Claim 'fpv' for 'session_0'.
2026-02-26 05:44:41.194877 (3790033) lic__man INFO    Claim 'fpv' for 'session_0/prove-0'.
2026-02-26 05:44:46.322325 (3790033) lic__man INFO    Unclaim everything for 'session_0/prove-0'.
2026-02-26 05:44:46.327722 (3790033) main____ INFO    About to exit: request to exit with status 0 received from analysis session 'session_0'
2026-02-26 05:44:46.545575 (3790033) session_ INFO    Analysis session 'session_0' disconnected.
2026-02-26 05:44:46.545804 (3790033) lic__man INFO    Unclaim everything for 'session_0'.
2026-02-26 05:44:46.546014 (3790033) session_ INFO    Process for analysis session 'session_0' has exited with exit status '0'.
2026-02-26 05:44:48.422378 (3790051) stdio___ INFO    STDIN reader requested to stop.
2026-02-26 05:44:48.422433 (3790051) stdio___ INFO    STDIN reader stopped.
2026-02-26 05:44:48.432597 (3790033) lic_core INFO    (1) checkin jasper_interactive
2026-02-26 05:44:48.437543 (3790033) lic_core INFO    (3) checkin jasper_fao
2026-02-26 05:44:48.449198 (3790033) main____ INFO    Exiting with status 0.
