2026-03-02 01:03:31.024450 (437338) main____ INFO    ----------------------------------------
2026-03-02 01:03:31.024558 (437338) main____ INFO    Jasper version info
2026-03-02 01:03:31.024576 (437338) main____ INFO      tool      : Jasper 2023.12
2026-03-02 01:03:31.024591 (437338) main____ INFO      version   : 2023.12p001 64 bits
2026-03-02 01:03:31.024605 (437338) main____ INFO      build date: 2024.01.23 16:09:24 UTC
2026-03-02 01:03:31.024616 (437338) main____ INFO    ----------------------------------------
2026-03-02 01:03:31.024626 (437338) main____ INFO    Runtime info:
2026-03-02 01:03:31.024638 (437338) main____ INFO      platform  : Linux 4.18.0-553.89.1.el8_10.x86_64 x86_64
2026-03-02 01:03:31.024657 (437338) main____ INFO      hostname  : caddy12.stanford.edu
2026-03-02 01:03:31.024696 (437338) main____ INFO      pid       : 437338
2026-03-02 01:03:31.024708 (437338) main____ INFO      arguments : '-style' 'windows' '-allow_unsupported_OS' '-no_gui' '-fpv' './synthlc/i_MUL_out/xPairwiseDepDiv/nunv_anytwo_39_.tcl' '-proj' './synthlc/i_MUL_out/xPairwiseDepDiv/nunv_anytwo_39_jgsession_26-03-02-01_03_30'
2026-03-02 01:03:31.024726 (437338) main____ INFO      locale    : UTF-8
2026-03-02 01:03:31.024736 (437338) main____ INFO    ----------------------------------------
2026-03-02 01:03:31.024747 (437338) main____ INFO    System resource limits info:
2026-03-02 01:03:31.024759 (437338) main____ INFO      virtual memory: unlimited
2026-03-02 01:03:31.024773 (437338) main____ INFO      cpu time      : unlimited
2026-03-02 01:03:31.024791 (437338) main____ INFO      processes     : 4096
2026-03-02 01:03:31.024821 (437338) main____ INFO      stack size    : 8388608 B
2026-03-02 01:03:31.024836 (437338) main____ INFO      core file size: 0 B
2026-03-02 01:03:31.024849 (437338) main____ INFO      open files    : 4096
2026-03-02 01:03:31.024862 (437338) main____ INFO      file size     : unlimited
2026-03-02 01:03:31.024873 (437338) main____ INFO    ----------------------------------------
2026-03-02 01:03:31.024883 (437338) main____ INFO    Memory statistics:
2026-03-02 01:03:31.024895 (437338) main____ INFO      total physical memory  : 98449088 kB
2026-03-02 01:03:31.024908 (437338) main____ INFO      free physical memory   : 82463368 kB
2026-03-02 01:03:31.024920 (437338) main____ INFO      committed address space: 13362068 kB
2026-03-02 01:03:31.024930 (437338) main____ INFO    ----------------------------------------
2026-03-02 01:03:31.026115 (437338) main____ INFO    Important environment variables:
2026-03-02 01:03:31.026143 (437338) main____ INFO      CDS_LIC_FILE       : '5280@cadlic0'
2026-03-02 01:03:31.026157 (437338) main____ INFO      DISPLAY            : 'localhost:12.0'
2026-03-02 01:03:31.026170 (437338) main____ INFO      JASPER_INSTALL_DIR : '/cad/cadence/jasper_2023.12p001'
2026-03-02 01:03:31.026182 (437338) main____ INFO      JASPER_KERNEL_CHECK: '1'
2026-03-02 01:03:31.026195 (437338) main____ INFO      JASPER_OS_CHECK    : '0'
2026-03-02 01:03:31.026207 (437338) main____ INFO      LANG               : 'zh_TW.UTF-8'
2026-03-02 01:03:31.026218 (437338) main____ INFO    ----------------------------------------
2026-03-02 01:03:31.027622 (437338) lic_core INFO    Initializing license system ...
2026-03-02 01:03:31.061299 (437338) lic_core INFO    ... license system initialized.
2026-03-02 01:03:31.123101 (437338) lic__man INFO    Claim 'main' for <ui>.
2026-03-02 01:03:31.123192 (437338) lic_core INFO    (1) checking out 'jasper_interactive' ...
2026-03-02 01:03:31.165961 (437338) lic_core INFO    ... (1) checkout succeeded
2026-03-02 01:03:31.166085 (437338) lic__man INFO    Claim 'fpv' for <ui>.
2026-03-02 01:03:31.166116 (437338) lic_core INFO    (2) checking out 'jasper_fpv' ...
2026-03-02 01:03:31.227319 (437338) lic_core INFO    ... (2) checkout failed (error: -5) ("FLEXnet ERROR(-5, 0, 0): No such feature exists.")
2026-03-02 01:03:31.227427 (437338) lic_core INFO    (3) checking out 'jasper_fao' ...
2026-03-02 01:03:31.271892 (437338) lic_core INFO    ... (3) checkout succeeded
2026-03-02 01:03:31.323406 (437358) stdio___ INFO    Starting STDIN reader (tty: yes, tty name: '/dev/pts/0')
2026-03-02 01:03:31.323500 (437338) main____ INFO    Tool inactivity delay is 480000 ms.
2026-03-02 01:03:31.468016 (437338) session_ INFO    Starting analysis session with session id 'session_0' (launcher: <local>) ...
2026-03-02 01:03:31.470112 (437338) session_ INFO    Analysis session with session id 'session_0' started (pid: 437359)
2026-03-02 01:03:32.934458 (437338) session_ INFO    Analysis session 'session_0' connected to the console (host: 127.0.0.1:59652)
2026-03-02 01:03:39.204376 (437338) lic__man INFO    Unclaim everything for 'session_0'.
2026-03-02 01:03:39.499937 (437338) lic__man INFO    Claim 'fpv' for 'session_0'.
2026-03-02 01:03:39.499984 (437338) lic__man INFO    Claim 'fpv' for 'session_0/prove-0'.
2026-03-02 01:03:41.198238 (437338) lic__man INFO    Unclaim everything for 'session_0/prove-0'.
2026-03-02 01:03:41.252101 (437338) main____ INFO    About to exit: request to exit with status 0 received from analysis session 'session_0'
2026-03-02 01:03:41.612950 (437338) session_ INFO    Analysis session 'session_0' disconnected.
2026-03-02 01:03:41.613097 (437338) lic__man INFO    Unclaim everything for 'session_0'.
2026-03-02 01:03:41.614048 (437338) session_ INFO    Process for analysis session 'session_0' has exited with exit status '0'.
2026-03-02 01:03:43.381738 (437358) stdio___ INFO    STDIN reader requested to stop.
2026-03-02 01:03:43.381805 (437358) stdio___ INFO    STDIN reader stopped.
2026-03-02 01:03:43.392119 (437338) lic_core INFO    (1) checkin jasper_interactive
2026-03-02 01:03:43.413995 (437338) lic_core INFO    (3) checkin jasper_fao
2026-03-02 01:03:43.448092 (437338) main____ INFO    Exiting with status 0.
