2026-02-25 10:05:01.367858 (3027599) main____ INFO    ----------------------------------------
2026-02-25 10:05:01.367961 (3027599) main____ INFO    Jasper version info
2026-02-25 10:05:01.367977 (3027599) main____ INFO      tool      : Jasper 2023.12
2026-02-25 10:05:01.367992 (3027599) main____ INFO      version   : 2023.12p001 64 bits
2026-02-25 10:05:01.368006 (3027599) main____ INFO      build date: 2024.01.23 16:09:24 UTC
2026-02-25 10:05:01.368016 (3027599) main____ INFO    ----------------------------------------
2026-02-25 10:05:01.368025 (3027599) main____ INFO    Runtime info:
2026-02-25 10:05:01.368035 (3027599) main____ INFO      platform  : Linux 4.18.0-553.89.1.el8_10.x86_64 x86_64
2026-02-25 10:05:01.368054 (3027599) main____ INFO      hostname  : caddy15.stanford.edu
2026-02-25 10:05:01.368069 (3027599) main____ INFO      pid       : 3027599
2026-02-25 10:05:01.368080 (3027599) main____ INFO      arguments : '-style' 'windows' '-allow_unsupported_OS' '-no_gui' '-fpv' './synthlc/i_DIV_out/xPairwiseDepDiv/nunv_anytwo_223_.tcl' '-proj' './synthlc/i_DIV_out/xPairwiseDepDiv/nunv_anytwo_223_jgsession_26-02-25-10_05_00'
2026-02-25 10:05:01.368097 (3027599) main____ INFO      locale    : UTF-8
2026-02-25 10:05:01.368107 (3027599) main____ INFO    ----------------------------------------
2026-02-25 10:05:01.368116 (3027599) main____ INFO    System resource limits info:
2026-02-25 10:05:01.368128 (3027599) main____ INFO      virtual memory: unlimited
2026-02-25 10:05:01.368140 (3027599) main____ INFO      cpu time      : unlimited
2026-02-25 10:05:01.368158 (3027599) main____ INFO      processes     : 4096
2026-02-25 10:05:01.368179 (3027599) main____ INFO      stack size    : 8388608 B
2026-02-25 10:05:01.368193 (3027599) main____ INFO      core file size: 0 B
2026-02-25 10:05:01.368206 (3027599) main____ INFO      open files    : 4096
2026-02-25 10:05:01.368218 (3027599) main____ INFO      file size     : unlimited
2026-02-25 10:05:01.368228 (3027599) main____ INFO    ----------------------------------------
2026-02-25 10:05:01.368237 (3027599) main____ INFO    Memory statistics:
2026-02-25 10:05:01.368249 (3027599) main____ INFO      total physical memory  : 98449092 kB
2026-02-25 10:05:01.368260 (3027599) main____ INFO      free physical memory   : 68636452 kB
2026-02-25 10:05:01.368271 (3027599) main____ INFO      committed address space: 18135496 kB
2026-02-25 10:05:01.368280 (3027599) main____ INFO    ----------------------------------------
2026-02-25 10:05:01.369461 (3027599) main____ INFO    Important environment variables:
2026-02-25 10:05:01.369493 (3027599) main____ INFO      CDS_LIC_FILE       : '5280@cadlic0'
2026-02-25 10:05:01.369505 (3027599) main____ INFO      JASPER_INSTALL_DIR : '/cad/cadence/jasper_2023.12p001'
2026-02-25 10:05:01.369517 (3027599) main____ INFO      JASPER_KERNEL_CHECK: '1'
2026-02-25 10:05:01.369529 (3027599) main____ INFO      JASPER_OS_CHECK    : '0'
2026-02-25 10:05:01.369541 (3027599) main____ INFO      LANG               : 'en_US.UTF-8'
2026-02-25 10:05:01.369551 (3027599) main____ INFO    ----------------------------------------
2026-02-25 10:05:01.372539 (3027599) lic_core INFO    Initializing license system ...
2026-02-25 10:05:01.385860 (3027599) lic_core INFO    ... license system initialized.
2026-02-25 10:05:01.502818 (3027599) lic__man INFO    Claim 'main' for <ui>.
2026-02-25 10:05:01.502903 (3027599) lic_core INFO    (1) checking out 'jasper_interactive' ...
2026-02-25 10:05:01.583612 (3027599) lic_core INFO    ... (1) checkout succeeded
2026-02-25 10:05:01.583717 (3027599) lic__man INFO    Claim 'fpv' for <ui>.
2026-02-25 10:05:01.583746 (3027599) lic_core INFO    (2) checking out 'jasper_fpv' ...
2026-02-25 10:05:01.658845 (3027599) lic_core INFO    ... (2) checkout failed (error: -5) ("FLEXnet ERROR(-5, 0, 0): No such feature exists.")
2026-02-25 10:05:01.658908 (3027599) lic_core INFO    (3) checking out 'jasper_fao' ...
2026-02-25 10:05:01.742547 (3027599) lic_core INFO    ... (3) checkout succeeded
2026-02-25 10:05:01.766344 (3027599) main____ INFO    Tool inactivity delay is 480000 ms.
2026-02-25 10:05:01.779601 (3027612) stdio___ INFO    Starting STDIN reader (tty: yes, tty name: '/dev/pts/0')
2026-02-25 10:05:02.089047 (3027599) session_ INFO    Starting analysis session with session id 'session_0' (launcher: <local>) ...
2026-02-25 10:05:02.091154 (3027599) session_ INFO    Analysis session with session id 'session_0' started (pid: 3027624)
2026-02-25 10:05:05.440884 (3027599) session_ INFO    Analysis session 'session_0' connected to the console (host: 127.0.0.1:55060)
2026-02-25 10:05:15.708424 (3027599) lic__man INFO    Unclaim everything for 'session_0'.
2026-02-25 10:05:15.988003 (3027599) lic__man INFO    Claim 'fpv' for 'session_0'.
2026-02-25 10:05:15.988048 (3027599) lic__man INFO    Claim 'fpv' for 'session_0/prove-0'.
2026-02-25 10:05:49.270548 (3027599) lic__man INFO    Unclaim everything for 'session_0/prove-0'.
2026-02-25 10:05:49.311774 (3027599) main____ INFO    About to exit: request to exit with status 0 received from analysis session 'session_0'
2026-02-25 10:05:49.711086 (3027599) session_ INFO    Analysis session 'session_0' disconnected.
2026-02-25 10:05:49.711252 (3027599) lic__man INFO    Unclaim everything for 'session_0'.
2026-02-25 10:05:49.711556 (3027599) session_ INFO    Process for analysis session 'session_0' has exited with exit status '0'.
2026-02-25 10:05:51.411471 (3027612) stdio___ INFO    STDIN reader requested to stop.
2026-02-25 10:05:51.411535 (3027612) stdio___ INFO    STDIN reader stopped.
2026-02-25 10:05:51.411924 (3027599) lic_core INFO    (1) checkin jasper_interactive
2026-02-25 10:05:51.422636 (3027599) lic_core INFO    (3) checkin jasper_fao
2026-02-25 10:05:51.425506 (3027599) main____ INFO    Exiting with status 0.
