2026-02-28 19:23:46.246170 (906158) main____ INFO    ----------------------------------------
2026-02-28 19:23:46.246237 (906158) main____ INFO    Jasper version info
2026-02-28 19:23:46.246251 (906158) main____ INFO      tool      : Jasper 2023.12
2026-02-28 19:23:46.246265 (906158) main____ INFO      version   : 2023.12p001 64 bits
2026-02-28 19:23:46.246277 (906158) main____ INFO      build date: 2024.01.23 16:09:24 UTC
2026-02-28 19:23:46.246287 (906158) main____ INFO    ----------------------------------------
2026-02-28 19:23:46.246296 (906158) main____ INFO    Runtime info:
2026-02-28 19:23:46.246326 (906158) main____ INFO      platform  : Linux 4.18.0-553.89.1.el8_10.x86_64 x86_64
2026-02-28 19:23:46.246345 (906158) main____ INFO      hostname  : caddy15.stanford.edu
2026-02-28 19:23:46.246359 (906158) main____ INFO      pid       : 906158
2026-02-28 19:23:46.246370 (906158) main____ INFO      arguments : '-style' 'windows' '-allow_unsupported_OS' '-no_gui' '-fpv' './synthlc/i_ADDI_out/xPairwiseDepDiv/nunv_anytwo_43_.tcl' '-proj' './synthlc/i_ADDI_out/xPairwiseDepDiv/nunv_anytwo_43_jgsession_26-02-28-19_23_46'
2026-02-28 19:23:46.246385 (906158) main____ INFO      locale    : UTF-8
2026-02-28 19:23:46.246394 (906158) main____ INFO    ----------------------------------------
2026-02-28 19:23:46.246403 (906158) main____ INFO    System resource limits info:
2026-02-28 19:23:46.246415 (906158) main____ INFO      virtual memory: unlimited
2026-02-28 19:23:46.246427 (906158) main____ INFO      cpu time      : unlimited
2026-02-28 19:23:46.246443 (906158) main____ INFO      processes     : 4096
2026-02-28 19:23:46.246460 (906158) main____ INFO      stack size    : 8388608 B
2026-02-28 19:23:46.246473 (906158) main____ INFO      core file size: 0 B
2026-02-28 19:23:46.246486 (906158) main____ INFO      open files    : 4096
2026-02-28 19:23:46.246497 (906158) main____ INFO      file size     : unlimited
2026-02-28 19:23:46.246507 (906158) main____ INFO    ----------------------------------------
2026-02-28 19:23:46.246515 (906158) main____ INFO    Memory statistics:
2026-02-28 19:23:46.246526 (906158) main____ INFO      total physical memory  : 98449092 kB
2026-02-28 19:23:46.246537 (906158) main____ INFO      free physical memory   : 79570204 kB
2026-02-28 19:23:46.246548 (906158) main____ INFO      committed address space: 2464400 kB
2026-02-28 19:23:46.246557 (906158) main____ INFO    ----------------------------------------
2026-02-28 19:23:46.247692 (906158) main____ INFO    Important environment variables:
2026-02-28 19:23:46.247716 (906158) main____ INFO      CDS_LIC_FILE       : '5280@cadlic0'
2026-02-28 19:23:46.247728 (906158) main____ INFO      JASPER_INSTALL_DIR : '/cad/cadence/jasper_2023.12p001'
2026-02-28 19:23:46.247739 (906158) main____ INFO      JASPER_KERNEL_CHECK: '1'
2026-02-28 19:23:46.247751 (906158) main____ INFO      JASPER_OS_CHECK    : '0'
2026-02-28 19:23:46.247762 (906158) main____ INFO      LANG               : 'en_US.UTF-8'
2026-02-28 19:23:46.247772 (906158) main____ INFO    ----------------------------------------
2026-02-28 19:23:46.248878 (906158) lic_core INFO    Initializing license system ...
2026-02-28 19:23:46.251016 (906158) lic_core INFO    ... license system initialized.
2026-02-28 19:23:46.262466 (906158) lic__man INFO    Claim 'main' for <ui>.
2026-02-28 19:23:46.262506 (906158) lic_core INFO    (1) checking out 'jasper_interactive' ...
2026-02-28 19:23:46.274998 (906158) lic_core INFO    ... (1) checkout succeeded
2026-02-28 19:23:46.275053 (906158) lic__man INFO    Claim 'fpv' for <ui>.
2026-02-28 19:23:46.275072 (906158) lic_core INFO    (2) checking out 'jasper_fpv' ...
2026-02-28 19:23:46.278947 (906158) lic_core INFO    ... (2) checkout failed (error: -5) ("FLEXnet ERROR(-5, 0, 0): No such feature exists.")
2026-02-28 19:23:46.278977 (906158) lic_core INFO    (3) checking out 'jasper_fao' ...
2026-02-28 19:23:46.289871 (906158) lic_core INFO    ... (3) checkout succeeded
2026-02-28 19:23:46.290864 (906169) stdio___ INFO    Starting STDIN reader (tty: yes, tty name: '/dev/pts/0')
2026-02-28 19:23:46.290984 (906158) main____ INFO    Tool inactivity delay is 480000 ms.
2026-02-28 19:23:46.369565 (906158) session_ INFO    Starting analysis session with session id 'session_0' (launcher: <local>) ...
2026-02-28 19:23:46.371203 (906158) session_ INFO    Analysis session with session id 'session_0' started (pid: 906171)
2026-02-28 19:23:47.455466 (906158) session_ INFO    Analysis session 'session_0' connected to the console (host: 127.0.0.1:55452)
2026-02-28 19:23:50.456159 (906158) lic__man INFO    Unclaim everything for 'session_0'.
2026-02-28 19:23:50.656169 (906158) lic__man INFO    Claim 'fpv' for 'session_0'.
2026-02-28 19:23:50.656205 (906158) lic__man INFO    Claim 'fpv' for 'session_0/prove-0'.
2026-02-28 19:23:51.826939 (906158) lic__man INFO    Unclaim everything for 'session_0/prove-0'.
2026-02-28 19:23:51.871535 (906158) main____ INFO    About to exit: request to exit with status 0 received from analysis session 'session_0'
2026-02-28 19:23:52.022136 (906158) session_ INFO    Analysis session 'session_0' disconnected.
2026-02-28 19:23:52.022257 (906158) lic__man INFO    Unclaim everything for 'session_0'.
2026-02-28 19:23:52.022500 (906158) session_ INFO    Process for analysis session 'session_0' has exited with exit status '0'.
2026-02-28 19:23:53.903819 (906169) stdio___ INFO    STDIN reader requested to stop.
2026-02-28 19:23:53.903856 (906169) stdio___ INFO    STDIN reader stopped.
2026-02-28 19:23:53.904082 (906158) lic_core INFO    (1) checkin jasper_interactive
2026-02-28 19:23:53.905178 (906158) lic_core INFO    (3) checkin jasper_fao
2026-02-28 19:23:53.906124 (906158) main____ INFO    Exiting with status 0.
