2026-02-25 11:38:01.392554 (3096033) main____ INFO    ----------------------------------------
2026-02-25 11:38:01.392652 (3096033) main____ INFO    Jasper version info
2026-02-25 11:38:01.392669 (3096033) main____ INFO      tool      : Jasper 2023.12
2026-02-25 11:38:01.392685 (3096033) main____ INFO      version   : 2023.12p001 64 bits
2026-02-25 11:38:01.392699 (3096033) main____ INFO      build date: 2024.01.23 16:09:24 UTC
2026-02-25 11:38:01.392709 (3096033) main____ INFO    ----------------------------------------
2026-02-25 11:38:01.392718 (3096033) main____ INFO    Runtime info:
2026-02-25 11:38:01.392729 (3096033) main____ INFO      platform  : Linux 4.18.0-553.89.1.el8_10.x86_64 x86_64
2026-02-25 11:38:01.392748 (3096033) main____ INFO      hostname  : caddy15.stanford.edu
2026-02-25 11:38:01.392764 (3096033) main____ INFO      pid       : 3096033
2026-02-25 11:38:01.392775 (3096033) main____ INFO      arguments : '-style' 'windows' '-allow_unsupported_OS' '-no_gui' '-fpv' './synthlc/i_DIV_out/xPairwiseDepDiv/nunv_anytwo_233_.tcl' '-proj' './synthlc/i_DIV_out/xPairwiseDepDiv/nunv_anytwo_233_jgsession_26-02-25-11_38_01'
2026-02-25 11:38:01.392793 (3096033) main____ INFO      locale    : UTF-8
2026-02-25 11:38:01.392803 (3096033) main____ INFO    ----------------------------------------
2026-02-25 11:38:01.392813 (3096033) main____ INFO    System resource limits info:
2026-02-25 11:38:01.392825 (3096033) main____ INFO      virtual memory: unlimited
2026-02-25 11:38:01.392837 (3096033) main____ INFO      cpu time      : unlimited
2026-02-25 11:38:01.392856 (3096033) main____ INFO      processes     : 4096
2026-02-25 11:38:01.392877 (3096033) main____ INFO      stack size    : 8388608 B
2026-02-25 11:38:01.392892 (3096033) main____ INFO      core file size: 0 B
2026-02-25 11:38:01.392905 (3096033) main____ INFO      open files    : 4096
2026-02-25 11:38:01.392917 (3096033) main____ INFO      file size     : unlimited
2026-02-25 11:38:01.392927 (3096033) main____ INFO    ----------------------------------------
2026-02-25 11:38:01.392936 (3096033) main____ INFO    Memory statistics:
2026-02-25 11:38:01.392948 (3096033) main____ INFO      total physical memory  : 98449092 kB
2026-02-25 11:38:01.392959 (3096033) main____ INFO      free physical memory   : 80163324 kB
2026-02-25 11:38:01.392971 (3096033) main____ INFO      committed address space: 5383644 kB
2026-02-25 11:38:01.392980 (3096033) main____ INFO    ----------------------------------------
2026-02-25 11:38:01.394159 (3096033) main____ INFO    Important environment variables:
2026-02-25 11:38:01.394185 (3096033) main____ INFO      CDS_LIC_FILE       : '5280@cadlic0'
2026-02-25 11:38:01.394197 (3096033) main____ INFO      JASPER_INSTALL_DIR : '/cad/cadence/jasper_2023.12p001'
2026-02-25 11:38:01.394210 (3096033) main____ INFO      JASPER_KERNEL_CHECK: '1'
2026-02-25 11:38:01.394231 (3096033) main____ INFO      JASPER_OS_CHECK    : '0'
2026-02-25 11:38:01.394243 (3096033) main____ INFO      LANG               : 'en_US.UTF-8'
2026-02-25 11:38:01.394253 (3096033) main____ INFO    ----------------------------------------
2026-02-25 11:38:01.395361 (3096033) lic_core INFO    Initializing license system ...
2026-02-25 11:38:01.396774 (3096033) lic_core INFO    ... license system initialized.
2026-02-25 11:38:01.467607 (3096033) lic__man INFO    Claim 'main' for <ui>.
2026-02-25 11:38:01.467676 (3096033) lic_core INFO    (1) checking out 'jasper_interactive' ...
2026-02-25 11:38:01.480882 (3096033) lic_core INFO    ... (1) checkout succeeded
2026-02-25 11:38:01.480983 (3096033) lic__man INFO    Claim 'fpv' for <ui>.
2026-02-25 11:38:01.481013 (3096033) lic_core INFO    (2) checking out 'jasper_fpv' ...
2026-02-25 11:38:01.533935 (3096033) lic_core INFO    ... (2) checkout failed (error: -5) ("FLEXnet ERROR(-5, 0, 0): No such feature exists.")
2026-02-25 11:38:01.533992 (3096033) lic_core INFO    (3) checking out 'jasper_fao' ...
2026-02-25 11:38:01.545504 (3096033) lic_core INFO    ... (3) checkout succeeded
2026-02-25 11:38:01.559150 (3096044) stdio___ INFO    Starting STDIN reader (tty: yes, tty name: '/dev/pts/0')
2026-02-25 11:38:01.559289 (3096033) main____ INFO    Tool inactivity delay is 480000 ms.
2026-02-25 11:38:01.660785 (3096033) session_ INFO    Starting analysis session with session id 'session_0' (launcher: <local>) ...
2026-02-25 11:38:01.662763 (3096033) session_ INFO    Analysis session with session id 'session_0' started (pid: 3096045)
2026-02-25 11:38:02.995994 (3096033) session_ INFO    Analysis session 'session_0' connected to the console (host: 127.0.0.1:59068)
2026-02-25 11:38:07.288189 (3096033) lic__man INFO    Unclaim everything for 'session_0'.
2026-02-25 11:38:07.624688 (3096033) lic__man INFO    Claim 'fpv' for 'session_0'.
2026-02-25 11:38:07.624735 (3096033) lic__man INFO    Claim 'fpv' for 'session_0/prove-0'.
2026-02-25 11:38:09.024937 (3096033) lic__man INFO    Unclaim everything for 'session_0/prove-0'.
2026-02-25 11:38:09.080611 (3096033) main____ INFO    About to exit: request to exit with status 0 received from analysis session 'session_0'
2026-02-25 11:38:09.331000 (3096033) session_ INFO    Analysis session 'session_0' disconnected.
2026-02-25 11:38:09.331168 (3096033) lic__man INFO    Unclaim everything for 'session_0'.
2026-02-25 11:38:09.331511 (3096033) session_ INFO    Process for analysis session 'session_0' has exited with exit status '0'.
2026-02-25 11:38:10.999382 (3096044) stdio___ INFO    STDIN reader requested to stop.
2026-02-25 11:38:10.999441 (3096044) stdio___ INFO    STDIN reader stopped.
2026-02-25 11:38:11.009599 (3096033) lic_core INFO    (1) checkin jasper_interactive
2026-02-25 11:38:11.014536 (3096033) lic_core INFO    (3) checkin jasper_fao
2026-02-25 11:38:11.028793 (3096033) main____ INFO    Exiting with status 0.
