2026-03-02 00:41:48.347594 (834236) main____ INFO    ----------------------------------------
2026-03-02 00:41:48.347694 (834236) main____ INFO    Jasper version info
2026-03-02 00:41:48.347712 (834236) main____ INFO      tool      : Jasper 2023.12
2026-03-02 00:41:48.347729 (834236) main____ INFO      version   : 2023.12p001 64 bits
2026-03-02 00:41:48.347744 (834236) main____ INFO      build date: 2024.01.23 16:09:24 UTC
2026-03-02 00:41:48.347756 (834236) main____ INFO    ----------------------------------------
2026-03-02 00:41:48.347767 (834236) main____ INFO    Runtime info:
2026-03-02 00:41:48.347779 (834236) main____ INFO      platform  : Linux 4.18.0-553.89.1.el8_10.x86_64 x86_64
2026-03-02 00:41:48.347800 (834236) main____ INFO      hostname  : caddy10.stanford.edu
2026-03-02 00:41:48.347818 (834236) main____ INFO      pid       : 834236
2026-03-02 00:41:48.347831 (834236) main____ INFO      arguments : '-style' 'windows' '-allow_unsupported_OS' '-no_gui' '-fpv' './synthlc/i_MUL_out/xPerfLocCycleCount/over1cyc_12_div_fsm_s9_.tcl' '-proj' './synthlc/i_MUL_out/xPerfLocCycleCount/over1cyc_12_div_fsm_s9_jgsession_26-03-02-00_41_48'
2026-03-02 00:41:48.347850 (834236) main____ INFO      locale    : UTF-8
2026-03-02 00:41:48.347862 (834236) main____ INFO    ----------------------------------------
2026-03-02 00:41:48.347873 (834236) main____ INFO    System resource limits info:
2026-03-02 00:41:48.347887 (834236) main____ INFO      virtual memory: unlimited
2026-03-02 00:41:48.347901 (834236) main____ INFO      cpu time      : unlimited
2026-03-02 00:41:48.347920 (834236) main____ INFO      processes     : 4096
2026-03-02 00:41:48.347941 (834236) main____ INFO      stack size    : 8388608 B
2026-03-02 00:41:48.347958 (834236) main____ INFO      core file size: 0 B
2026-03-02 00:41:48.347972 (834236) main____ INFO      open files    : 4096
2026-03-02 00:41:48.347986 (834236) main____ INFO      file size     : unlimited
2026-03-02 00:41:48.347997 (834236) main____ INFO    ----------------------------------------
2026-03-02 00:41:48.348008 (834236) main____ INFO    Memory statistics:
2026-03-02 00:41:48.348022 (834236) main____ INFO      total physical memory  : 98449096 kB
2026-03-02 00:41:48.348034 (834236) main____ INFO      free physical memory   : 90055816 kB
2026-03-02 00:41:48.348047 (834236) main____ INFO      committed address space: 4200452 kB
2026-03-02 00:41:48.348076 (834236) main____ INFO    ----------------------------------------
2026-03-02 00:41:48.349418 (834236) main____ INFO    Important environment variables:
2026-03-02 00:41:48.349445 (834236) main____ INFO      CDS_LIC_FILE       : '5280@cadlic0'
2026-03-02 00:41:48.349460 (834236) main____ INFO      JASPER_INSTALL_DIR : '/cad/cadence/jasper_2023.12p001'
2026-03-02 00:41:48.349474 (834236) main____ INFO      JASPER_KERNEL_CHECK: '1'
2026-03-02 00:41:48.349488 (834236) main____ INFO      JASPER_OS_CHECK    : '0'
2026-03-02 00:41:48.349502 (834236) main____ INFO      LANG               : 'en_US.UTF-8'
2026-03-02 00:41:48.349513 (834236) main____ INFO    ----------------------------------------
2026-03-02 00:41:48.351219 (834236) lic_core INFO    Initializing license system ...
2026-03-02 00:41:48.373511 (834236) lic_core INFO    ... license system initialized.
2026-03-02 00:41:48.408237 (834236) lic__man INFO    Claim 'main' for <ui>.
2026-03-02 00:41:48.408299 (834236) lic_core INFO    (1) checking out 'jasper_interactive' ...
2026-03-02 00:41:48.421349 (834236) lic_core INFO    ... (1) checkout succeeded
2026-03-02 00:41:48.421443 (834236) lic__man INFO    Claim 'fpv' for <ui>.
2026-03-02 00:41:48.421468 (834236) lic_core INFO    (2) checking out 'jasper_fpv' ...
2026-03-02 00:41:48.426010 (834236) lic_core INFO    ... (2) checkout failed (error: -5) ("FLEXnet ERROR(-5, 0, 0): No such feature exists.")
2026-03-02 00:41:48.426069 (834236) lic_core INFO    (3) checking out 'jasper_fao' ...
2026-03-02 00:41:48.437459 (834236) lic_core INFO    ... (3) checkout succeeded
2026-03-02 00:41:48.440244 (834236) main____ INFO    Tool inactivity delay is 480000 ms.
2026-03-02 00:41:48.462578 (834247) stdio___ INFO    Starting STDIN reader (tty: yes, tty name: '/dev/pts/7')
2026-03-02 00:41:48.485539 (834236) session_ INFO    Starting analysis session with session id 'session_0' (launcher: <local>) ...
2026-03-02 00:41:48.487340 (834236) session_ INFO    Analysis session with session id 'session_0' started (pid: 834248)
2026-03-02 00:41:50.229519 (834236) session_ INFO    Analysis session 'session_0' connected to the console (host: 127.0.0.1:49870)
2026-03-02 00:41:55.688753 (834236) lic__man INFO    Unclaim everything for 'session_0'.
2026-03-02 00:41:56.108678 (834236) lic__man INFO    Claim 'fpv' for 'session_0'.
2026-03-02 00:41:56.108719 (834236) lic__man INFO    Claim 'fpv' for 'session_0/prove-0'.
2026-03-02 00:42:11.706844 (834236) lic__man INFO    Unclaim everything for 'session_0/prove-0'.
2026-03-02 00:42:11.748158 (834236) main____ INFO    About to exit: request to exit with status 0 received from analysis session 'session_0'
2026-03-02 00:42:11.885191 (834236) session_ INFO    Analysis session 'session_0' disconnected.
2026-03-02 00:42:11.885369 (834236) lic__man INFO    Unclaim everything for 'session_0'.
2026-03-02 00:42:11.885544 (834236) session_ INFO    Process for analysis session 'session_0' has exited with exit status '0'.
2026-03-02 00:42:13.856098 (834247) stdio___ INFO    STDIN reader requested to stop.
2026-03-02 00:42:13.856128 (834247) stdio___ INFO    STDIN reader stopped.
2026-03-02 00:42:13.856344 (834236) lic_core INFO    (1) checkin jasper_interactive
2026-03-02 00:42:13.857359 (834236) lic_core INFO    (3) checkin jasper_fao
2026-03-02 00:42:13.858362 (834236) main____ INFO    Exiting with status 0.
