2026-03-01 14:05:09.918237 (153470) main____ INFO    ----------------------------------------
2026-03-01 14:05:09.918340 (153470) main____ INFO    Jasper version info
2026-03-01 14:05:09.918358 (153470) main____ INFO      tool      : Jasper 2023.12
2026-03-01 14:05:09.918374 (153470) main____ INFO      version   : 2023.12p001 64 bits
2026-03-01 14:05:09.918389 (153470) main____ INFO      build date: 2024.01.23 16:09:24 UTC
2026-03-01 14:05:09.918399 (153470) main____ INFO    ----------------------------------------
2026-03-01 14:05:09.918409 (153470) main____ INFO    Runtime info:
2026-03-01 14:05:09.918421 (153470) main____ INFO      platform  : Linux 4.18.0-553.89.1.el8_10.x86_64 x86_64
2026-03-01 14:05:09.918440 (153470) main____ INFO      hostname  : caddy12.stanford.edu
2026-03-01 14:05:09.918456 (153470) main____ INFO      pid       : 153470
2026-03-01 14:05:09.918468 (153470) main____ INFO      arguments : '-style' 'windows' '-allow_unsupported_OS' '-no_gui' '-fpv' './synthlc/i_LW_out/xPerfLocCycleCount/over1cyc_36_mult_fsm_s2_.tcl' '-proj' './synthlc/i_LW_out/xPerfLocCycleCount/over1cyc_36_mult_fsm_s2_jgsession_26-03-01-14_05_08'
2026-03-01 14:05:09.918486 (153470) main____ INFO      locale    : UTF-8
2026-03-01 14:05:09.918497 (153470) main____ INFO    ----------------------------------------
2026-03-01 14:05:09.918507 (153470) main____ INFO    System resource limits info:
2026-03-01 14:05:09.918520 (153470) main____ INFO      virtual memory: unlimited
2026-03-01 14:05:09.918533 (153470) main____ INFO      cpu time      : unlimited
2026-03-01 14:05:09.918552 (153470) main____ INFO      processes     : 4096
2026-03-01 14:05:09.918573 (153470) main____ INFO      stack size    : 8388608 B
2026-03-01 14:05:09.918588 (153470) main____ INFO      core file size: 0 B
2026-03-01 14:05:09.918602 (153470) main____ INFO      open files    : 4096
2026-03-01 14:05:09.918614 (153470) main____ INFO      file size     : unlimited
2026-03-01 14:05:09.918625 (153470) main____ INFO    ----------------------------------------
2026-03-01 14:05:09.918635 (153470) main____ INFO    Memory statistics:
2026-03-01 14:05:09.918647 (153470) main____ INFO      total physical memory  : 98449088 kB
2026-03-01 14:05:09.918659 (153470) main____ INFO      free physical memory   : 81361548 kB
2026-03-01 14:05:09.918686 (153470) main____ INFO      committed address space: 13404100 kB
2026-03-01 14:05:09.918696 (153470) main____ INFO    ----------------------------------------
2026-03-01 14:05:09.919895 (153470) main____ INFO    Important environment variables:
2026-03-01 14:05:09.919922 (153470) main____ INFO      CDS_LIC_FILE       : '5280@cadlic0'
2026-03-01 14:05:09.919936 (153470) main____ INFO      DISPLAY            : 'localhost:12.0'
2026-03-01 14:05:09.919949 (153470) main____ INFO      JASPER_INSTALL_DIR : '/cad/cadence/jasper_2023.12p001'
2026-03-01 14:05:09.919961 (153470) main____ INFO      JASPER_KERNEL_CHECK: '1'
2026-03-01 14:05:09.919973 (153470) main____ INFO      JASPER_OS_CHECK    : '0'
2026-03-01 14:05:09.919986 (153470) main____ INFO      LANG               : 'zh_TW.UTF-8'
2026-03-01 14:05:09.919996 (153470) main____ INFO    ----------------------------------------
2026-03-01 14:05:09.921828 (153470) lic_core INFO    Initializing license system ...
2026-03-01 14:05:09.951892 (153470) lic_core INFO    ... license system initialized.
2026-03-01 14:05:10.119987 (153470) lic__man INFO    Claim 'main' for <ui>.
2026-03-01 14:05:10.120070 (153470) lic_core INFO    (1) checking out 'jasper_interactive' ...
2026-03-01 14:05:10.195979 (153470) lic_core INFO    ... (1) checkout succeeded
2026-03-01 14:05:10.196140 (153470) lic__man INFO    Claim 'fpv' for <ui>.
2026-03-01 14:05:10.196171 (153470) lic_core INFO    (2) checking out 'jasper_fpv' ...
2026-03-01 14:05:10.244115 (153470) lic_core INFO    ... (2) checkout failed (error: -5) ("FLEXnet ERROR(-5, 0, 0): No such feature exists.")
2026-03-01 14:05:10.244192 (153470) lic_core INFO    (3) checking out 'jasper_fao' ...
2026-03-01 14:05:10.305977 (153470) lic_core INFO    ... (3) checkout succeeded
2026-03-01 14:05:10.329577 (153470) main____ INFO    Tool inactivity delay is 480000 ms.
2026-03-01 14:05:10.337910 (153492) stdio___ INFO    Starting STDIN reader (tty: yes, tty name: '/dev/pts/0')
2026-03-01 14:05:10.597856 (153470) session_ INFO    Starting analysis session with session id 'session_0' (launcher: <local>) ...
2026-03-01 14:05:10.599913 (153470) session_ INFO    Analysis session with session id 'session_0' started (pid: 153496)
2026-03-01 14:05:15.101179 (153470) session_ INFO    Analysis session 'session_0' connected to the console (host: 127.0.0.1:51222)
2026-03-01 14:05:19.746655 (153470) lic__man INFO    Unclaim everything for 'session_0'.
2026-03-01 14:05:20.091155 (153470) lic__man INFO    Claim 'fpv' for 'session_0'.
2026-03-01 14:05:20.091206 (153470) lic__man INFO    Claim 'fpv' for 'session_0/prove-0'.
2026-03-01 14:05:22.783371 (153470) lic__man INFO    Unclaim everything for 'session_0/prove-0'.
2026-03-01 14:05:22.790731 (153470) main____ INFO    About to exit: request to exit with status 0 received from analysis session 'session_0'
2026-03-01 14:05:22.953873 (153470) session_ INFO    Analysis session 'session_0' disconnected.
2026-03-01 14:05:22.954034 (153470) lic__man INFO    Unclaim everything for 'session_0'.
2026-03-01 14:05:22.954682 (153470) session_ INFO    Process for analysis session 'session_0' has exited with exit status '0'.
2026-03-01 14:05:24.909749 (153492) stdio___ INFO    STDIN reader requested to stop.
2026-03-01 14:05:24.909812 (153492) stdio___ INFO    STDIN reader stopped.
2026-03-01 14:05:24.919952 (153470) lic_core INFO    (1) checkin jasper_interactive
2026-03-01 14:05:24.925576 (153470) lic_core INFO    (3) checkin jasper_fao
2026-03-01 14:05:24.953761 (153470) main____ INFO    Exiting with status 0.
