2026-02-28 01:57:59.725619 (605303) main____ INFO    ----------------------------------------
2026-02-28 01:57:59.725682 (605303) main____ INFO    Jasper version info
2026-02-28 01:57:59.725697 (605303) main____ INFO      tool      : Jasper 2023.12
2026-02-28 01:57:59.725711 (605303) main____ INFO      version   : 2023.12p001 64 bits
2026-02-28 01:57:59.725723 (605303) main____ INFO      build date: 2024.01.23 16:09:24 UTC
2026-02-28 01:57:59.725733 (605303) main____ INFO    ----------------------------------------
2026-02-28 01:57:59.725742 (605303) main____ INFO    Runtime info:
2026-02-28 01:57:59.725753 (605303) main____ INFO      platform  : Linux 4.18.0-553.89.1.el8_10.x86_64 x86_64
2026-02-28 01:57:59.725769 (605303) main____ INFO      hostname  : caddy10.stanford.edu
2026-02-28 01:57:59.725783 (605303) main____ INFO      pid       : 605303
2026-02-28 01:57:59.725794 (605303) main____ INFO      arguments : '-style' 'windows' '-allow_unsupported_OS' '-no_gui' '-fpv' './synthlc/i_MUL_out/xPerfLocSubsetDiv/coverset_20_.tcl' '-proj' './synthlc/i_MUL_out/xPerfLocSubsetDiv/coverset_20_jgsession_26-02-28-01_57_59'
2026-02-28 01:57:59.725809 (605303) main____ INFO      locale    : UTF-8
2026-02-28 01:57:59.725819 (605303) main____ INFO    ----------------------------------------
2026-02-28 01:57:59.725828 (605303) main____ INFO    System resource limits info:
2026-02-28 01:57:59.725840 (605303) main____ INFO      virtual memory: unlimited
2026-02-28 01:57:59.725851 (605303) main____ INFO      cpu time      : unlimited
2026-02-28 01:57:59.725867 (605303) main____ INFO      processes     : 4096
2026-02-28 01:57:59.725885 (605303) main____ INFO      stack size    : 8388608 B
2026-02-28 01:57:59.725899 (605303) main____ INFO      core file size: 0 B
2026-02-28 01:57:59.725911 (605303) main____ INFO      open files    : 4096
2026-02-28 01:57:59.725923 (605303) main____ INFO      file size     : unlimited
2026-02-28 01:57:59.725933 (605303) main____ INFO    ----------------------------------------
2026-02-28 01:57:59.725942 (605303) main____ INFO    Memory statistics:
2026-02-28 01:57:59.725954 (605303) main____ INFO      total physical memory  : 98449096 kB
2026-02-28 01:57:59.725965 (605303) main____ INFO      free physical memory   : 90395320 kB
2026-02-28 01:57:59.725976 (605303) main____ INFO      committed address space: 1859928 kB
2026-02-28 01:57:59.725996 (605303) main____ INFO    ----------------------------------------
2026-02-28 01:57:59.727110 (605303) main____ INFO    Important environment variables:
2026-02-28 01:57:59.727131 (605303) main____ INFO      CDS_LIC_FILE       : '5280@cadlic0'
2026-02-28 01:57:59.727143 (605303) main____ INFO      JASPER_INSTALL_DIR : '/cad/cadence/jasper_2023.12p001'
2026-02-28 01:57:59.727155 (605303) main____ INFO      JASPER_KERNEL_CHECK: '1'
2026-02-28 01:57:59.727167 (605303) main____ INFO      JASPER_OS_CHECK    : '0'
2026-02-28 01:57:59.727179 (605303) main____ INFO      LANG               : 'en_US.UTF-8'
2026-02-28 01:57:59.727189 (605303) main____ INFO    ----------------------------------------
2026-02-28 01:57:59.728323 (605303) lic_core INFO    Initializing license system ...
2026-02-28 01:57:59.730183 (605303) lic_core INFO    ... license system initialized.
2026-02-28 01:57:59.741960 (605303) lic__man INFO    Claim 'main' for <ui>.
2026-02-28 01:57:59.742024 (605303) lic_core INFO    (1) checking out 'jasper_interactive' ...
2026-02-28 01:57:59.755612 (605303) lic_core INFO    ... (1) checkout succeeded
2026-02-28 01:57:59.755672 (605303) lic__man INFO    Claim 'fpv' for <ui>.
2026-02-28 01:57:59.755694 (605303) lic_core INFO    (2) checking out 'jasper_fpv' ...
2026-02-28 01:57:59.761255 (605303) lic_core INFO    ... (2) checkout failed (error: -5) ("FLEXnet ERROR(-5, 0, 0): No such feature exists.")
2026-02-28 01:57:59.761285 (605303) lic_core INFO    (3) checking out 'jasper_fao' ...
2026-02-28 01:57:59.772447 (605303) lic_core INFO    ... (3) checkout succeeded
2026-02-28 01:57:59.773435 (605314) stdio___ INFO    Starting STDIN reader (tty: yes, tty name: '/dev/pts/5')
2026-02-28 01:57:59.773560 (605303) main____ INFO    Tool inactivity delay is 480000 ms.
2026-02-28 01:57:59.815848 (605303) session_ INFO    Starting analysis session with session id 'session_0' (launcher: <local>) ...
2026-02-28 01:57:59.817659 (605303) session_ INFO    Analysis session with session id 'session_0' started (pid: 605315)
2026-02-28 01:58:00.914235 (605303) session_ INFO    Analysis session 'session_0' connected to the console (host: 127.0.0.1:42216)
2026-02-28 01:58:05.474576 (605303) lic__man INFO    Unclaim everything for 'session_0'.
2026-02-28 01:58:05.676509 (605303) lic__man INFO    Claim 'fpv' for 'session_0'.
2026-02-28 01:58:05.676546 (605303) lic__man INFO    Claim 'fpv' for 'session_0/prove-0'.
2026-02-28 01:58:10.928379 (605303) lic__man INFO    Unclaim everything for 'session_0/prove-0'.
2026-02-28 01:58:10.972293 (605303) main____ INFO    About to exit: request to exit with status 0 received from analysis session 'session_0'
2026-02-28 01:58:11.221321 (605303) session_ INFO    Analysis session 'session_0' disconnected.
2026-02-28 01:58:11.221457 (605303) lic__man INFO    Unclaim everything for 'session_0'.
2026-02-28 01:58:11.224269 (605303) session_ INFO    Process for analysis session 'session_0' has exited with exit status '0'.
2026-02-28 01:58:12.881732 (605314) stdio___ INFO    STDIN reader requested to stop.
2026-02-28 01:58:12.881764 (605314) stdio___ INFO    STDIN reader stopped.
2026-02-28 01:58:12.881972 (605303) lic_core INFO    (1) checkin jasper_interactive
2026-02-28 01:58:12.883475 (605303) lic_core INFO    (3) checkin jasper_fao
2026-02-28 01:58:12.886803 (605303) main____ INFO    Exiting with status 0.
