2026-03-01 01:29:25.004827 (1149824) main____ INFO    ----------------------------------------
2026-03-01 01:29:25.004925 (1149824) main____ INFO    Jasper version info
2026-03-01 01:29:25.004940 (1149824) main____ INFO      tool      : Jasper 2023.12
2026-03-01 01:29:25.004955 (1149824) main____ INFO      version   : 2023.12p001 64 bits
2026-03-01 01:29:25.004969 (1149824) main____ INFO      build date: 2024.01.23 16:09:24 UTC
2026-03-01 01:29:25.004979 (1149824) main____ INFO    ----------------------------------------
2026-03-01 01:29:25.004989 (1149824) main____ INFO    Runtime info:
2026-03-01 01:29:25.004999 (1149824) main____ INFO      platform  : Linux 4.18.0-553.89.1.el8_10.x86_64 x86_64
2026-03-01 01:29:25.005019 (1149824) main____ INFO      hostname  : caddy15.stanford.edu
2026-03-01 01:29:25.005034 (1149824) main____ INFO      pid       : 1149824
2026-03-01 01:29:25.005047 (1149824) main____ INFO      arguments : '-style' 'windows' '-allow_unsupported_OS' '-no_gui' '-fpv' './synthlc/i_LW_out/xPairwiseDepDiv/nunv_anytwo_41_.tcl' '-proj' './synthlc/i_LW_out/xPairwiseDepDiv/nunv_anytwo_41_jgsession_26-03-01-01_29_24'
2026-03-01 01:29:25.005065 (1149824) main____ INFO      locale    : UTF-8
2026-03-01 01:29:25.005075 (1149824) main____ INFO    ----------------------------------------
2026-03-01 01:29:25.005084 (1149824) main____ INFO    System resource limits info:
2026-03-01 01:29:25.005097 (1149824) main____ INFO      virtual memory: unlimited
2026-03-01 01:29:25.005109 (1149824) main____ INFO      cpu time      : unlimited
2026-03-01 01:29:25.005128 (1149824) main____ INFO      processes     : 4096
2026-03-01 01:29:25.005149 (1149824) main____ INFO      stack size    : 8388608 B
2026-03-01 01:29:25.005164 (1149824) main____ INFO      core file size: 0 B
2026-03-01 01:29:25.005177 (1149824) main____ INFO      open files    : 4096
2026-03-01 01:29:25.005189 (1149824) main____ INFO      file size     : unlimited
2026-03-01 01:29:25.005199 (1149824) main____ INFO    ----------------------------------------
2026-03-01 01:29:25.005209 (1149824) main____ INFO    Memory statistics:
2026-03-01 01:29:25.005221 (1149824) main____ INFO      total physical memory  : 98449092 kB
2026-03-01 01:29:25.005232 (1149824) main____ INFO      free physical memory   : 76022788 kB
2026-03-01 01:29:25.005244 (1149824) main____ INFO      committed address space: 6231784 kB
2026-03-01 01:29:25.005253 (1149824) main____ INFO    ----------------------------------------
2026-03-01 01:29:25.006457 (1149824) main____ INFO    Important environment variables:
2026-03-01 01:29:25.006486 (1149824) main____ INFO      CDS_LIC_FILE       : '5280@cadlic0'
2026-03-01 01:29:25.006499 (1149824) main____ INFO      JASPER_INSTALL_DIR : '/cad/cadence/jasper_2023.12p001'
2026-03-01 01:29:25.006512 (1149824) main____ INFO      JASPER_KERNEL_CHECK: '1'
2026-03-01 01:29:25.006524 (1149824) main____ INFO      JASPER_OS_CHECK    : '0'
2026-03-01 01:29:25.006536 (1149824) main____ INFO      LANG               : 'en_US.UTF-8'
2026-03-01 01:29:25.006547 (1149824) main____ INFO    ----------------------------------------
2026-03-01 01:29:25.009485 (1149824) lic_core INFO    Initializing license system ...
2026-03-01 01:29:25.023562 (1149824) lic_core INFO    ... license system initialized.
2026-03-01 01:29:25.175592 (1149824) lic__man INFO    Claim 'main' for <ui>.
2026-03-01 01:29:25.175656 (1149824) lic_core INFO    (1) checking out 'jasper_interactive' ...
2026-03-01 01:29:25.215669 (1149824) lic_core INFO    ... (1) checkout succeeded
2026-03-01 01:29:25.215774 (1149824) lic__man INFO    Claim 'fpv' for <ui>.
2026-03-01 01:29:25.215802 (1149824) lic_core INFO    (2) checking out 'jasper_fpv' ...
2026-03-01 01:29:25.226013 (1149824) lic_core INFO    ... (2) checkout failed (error: -5) ("FLEXnet ERROR(-5, 0, 0): No such feature exists.")
2026-03-01 01:29:25.226061 (1149824) lic_core INFO    (3) checking out 'jasper_fao' ...
2026-03-01 01:29:25.240823 (1149824) lic_core INFO    ... (3) checkout succeeded
2026-03-01 01:29:25.250820 (1149824) main____ INFO    Tool inactivity delay is 480000 ms.
2026-03-01 01:29:25.259557 (1149843) stdio___ INFO    Starting STDIN reader (tty: yes, tty name: '/dev/pts/0')
2026-03-01 01:29:25.530448 (1149824) session_ INFO    Starting analysis session with session id 'session_0' (launcher: <local>) ...
2026-03-01 01:29:25.532540 (1149824) session_ INFO    Analysis session with session id 'session_0' started (pid: 1149844)
2026-03-01 01:29:27.290986 (1149824) session_ INFO    Analysis session 'session_0' connected to the console (host: 127.0.0.1:39400)
2026-03-01 01:29:35.391876 (1149824) lic__man INFO    Unclaim everything for 'session_0'.
2026-03-01 01:29:35.917831 (1149824) lic__man INFO    Claim 'fpv' for 'session_0'.
2026-03-01 01:29:35.917879 (1149824) lic__man INFO    Claim 'fpv' for 'session_0/prove-0'.
2026-03-01 01:29:39.270965 (1149824) lic__man INFO    Unclaim everything for 'session_0/prove-0'.
2026-03-01 01:29:39.319389 (1149824) main____ INFO    About to exit: request to exit with status 0 received from analysis session 'session_0'
2026-03-01 01:29:39.756751 (1149824) session_ INFO    Analysis session 'session_0' disconnected.
2026-03-01 01:29:39.757008 (1149824) lic__man INFO    Unclaim everything for 'session_0'.
2026-03-01 01:29:39.757239 (1149824) session_ INFO    Process for analysis session 'session_0' has exited with exit status '0'.
2026-03-01 01:29:41.410460 (1149843) stdio___ INFO    STDIN reader requested to stop.
2026-03-01 01:29:41.410519 (1149843) stdio___ INFO    STDIN reader stopped.
2026-03-01 01:29:41.410842 (1149824) lic_core INFO    (1) checkin jasper_interactive
2026-03-01 01:29:41.411774 (1149824) lic_core INFO    (3) checkin jasper_fao
2026-03-01 01:29:41.413677 (1149824) main____ INFO    Exiting with status 0.
