2026-03-02 00:18:26.239503 (798730) main____ INFO    ----------------------------------------
2026-03-02 00:18:26.239564 (798730) main____ INFO    Jasper version info
2026-03-02 00:18:26.239579 (798730) main____ INFO      tool      : Jasper 2023.12
2026-03-02 00:18:26.239592 (798730) main____ INFO      version   : 2023.12p001 64 bits
2026-03-02 00:18:26.239604 (798730) main____ INFO      build date: 2024.01.23 16:09:24 UTC
2026-03-02 00:18:26.239614 (798730) main____ INFO    ----------------------------------------
2026-03-02 00:18:26.239623 (798730) main____ INFO    Runtime info:
2026-03-02 00:18:26.239634 (798730) main____ INFO      platform  : Linux 4.18.0-553.89.1.el8_10.x86_64 x86_64
2026-03-02 00:18:26.239649 (798730) main____ INFO      hostname  : caddy10.stanford.edu
2026-03-02 00:18:26.239664 (798730) main____ INFO      pid       : 798730
2026-03-02 00:18:26.239675 (798730) main____ INFO      arguments : '-style' 'windows' '-allow_unsupported_OS' '-no_gui' '-fpv' './synthlc/i_MUL_out/xHBPerfG_dfg_v3_div/HB_365_.tcl' '-proj' './synthlc/i_MUL_out/xHBPerfG_dfg_v3_div/HB_365_jgsession_26-03-02-00_18_26'
2026-03-02 00:18:26.239689 (798730) main____ INFO      locale    : UTF-8
2026-03-02 00:18:26.239699 (798730) main____ INFO    ----------------------------------------
2026-03-02 00:18:26.239708 (798730) main____ INFO    System resource limits info:
2026-03-02 00:18:26.239720 (798730) main____ INFO      virtual memory: unlimited
2026-03-02 00:18:26.239731 (798730) main____ INFO      cpu time      : unlimited
2026-03-02 00:18:26.239747 (798730) main____ INFO      processes     : 4096
2026-03-02 00:18:26.239764 (798730) main____ INFO      stack size    : 8388608 B
2026-03-02 00:18:26.239778 (798730) main____ INFO      core file size: 0 B
2026-03-02 00:18:26.239790 (798730) main____ INFO      open files    : 4096
2026-03-02 00:18:26.239801 (798730) main____ INFO      file size     : unlimited
2026-03-02 00:18:26.239811 (798730) main____ INFO    ----------------------------------------
2026-03-02 00:18:26.239820 (798730) main____ INFO    Memory statistics:
2026-03-02 00:18:26.239831 (798730) main____ INFO      total physical memory  : 98449096 kB
2026-03-02 00:18:26.239842 (798730) main____ INFO      free physical memory   : 91844728 kB
2026-03-02 00:18:26.239852 (798730) main____ INFO      committed address space: 2191680 kB
2026-03-02 00:18:26.239861 (798730) main____ INFO    ----------------------------------------
2026-03-02 00:18:26.240974 (798730) main____ INFO    Important environment variables:
2026-03-02 00:18:26.240998 (798730) main____ INFO      CDS_LIC_FILE       : '5280@cadlic0'
2026-03-02 00:18:26.241010 (798730) main____ INFO      JASPER_INSTALL_DIR : '/cad/cadence/jasper_2023.12p001'
2026-03-02 00:18:26.241021 (798730) main____ INFO      JASPER_KERNEL_CHECK: '1'
2026-03-02 00:18:26.241033 (798730) main____ INFO      JASPER_OS_CHECK    : '0'
2026-03-02 00:18:26.241044 (798730) main____ INFO      LANG               : 'en_US.UTF-8'
2026-03-02 00:18:26.241073 (798730) main____ INFO    ----------------------------------------
2026-03-02 00:18:26.242165 (798730) lic_core INFO    Initializing license system ...
2026-03-02 00:18:26.243458 (798730) lic_core INFO    ... license system initialized.
2026-03-02 00:18:26.254553 (798730) lic__man INFO    Claim 'main' for <ui>.
2026-03-02 00:18:26.254590 (798730) lic_core INFO    (1) checking out 'jasper_interactive' ...
2026-03-02 00:18:26.266749 (798730) lic_core INFO    ... (1) checkout succeeded
2026-03-02 00:18:26.266802 (798730) lic__man INFO    Claim 'fpv' for <ui>.
2026-03-02 00:18:26.266823 (798730) lic_core INFO    (2) checking out 'jasper_fpv' ...
2026-03-02 00:18:26.271108 (798730) lic_core INFO    ... (2) checkout failed (error: -5) ("FLEXnet ERROR(-5, 0, 0): No such feature exists.")
2026-03-02 00:18:26.271136 (798730) lic_core INFO    (3) checking out 'jasper_fao' ...
2026-03-02 00:18:26.282466 (798730) lic_core INFO    ... (3) checkout succeeded
2026-03-02 00:18:26.283419 (798742) stdio___ INFO    Starting STDIN reader (tty: yes, tty name: '/dev/pts/7')
2026-03-02 00:18:26.283491 (798730) main____ INFO    Tool inactivity delay is 480000 ms.
2026-03-02 00:18:26.326899 (798730) session_ INFO    Starting analysis session with session id 'session_0' (launcher: <local>) ...
2026-03-02 00:18:26.328684 (798730) session_ INFO    Analysis session with session id 'session_0' started (pid: 798878)
2026-03-02 00:18:27.585497 (798730) session_ INFO    Analysis session 'session_0' connected to the console (host: 127.0.0.1:39182)
2026-03-02 00:18:35.914939 (798730) lic__man INFO    Unclaim everything for 'session_0'.
2026-03-02 00:18:36.383586 (798730) lic__man INFO    Claim 'fpv' for 'session_0'.
2026-03-02 00:18:36.383624 (798730) lic__man INFO    Claim 'fpv' for 'session_0/prove-0'.
2026-03-02 00:18:39.463040 (798730) lic__man INFO    Unclaim everything for 'session_0/prove-0'.
2026-03-02 00:18:39.505331 (798730) main____ INFO    About to exit: request to exit with status 0 received from analysis session 'session_0'
2026-03-02 00:18:40.191744 (798730) session_ INFO    Analysis session 'session_0' disconnected.
2026-03-02 00:18:40.191885 (798730) lic__man INFO    Unclaim everything for 'session_0'.
2026-03-02 00:18:40.193843 (798730) session_ INFO    Process for analysis session 'session_0' has exited with exit status '0'.
2026-03-02 00:18:41.438682 (798742) stdio___ INFO    STDIN reader requested to stop.
2026-03-02 00:18:41.438742 (798742) stdio___ INFO    STDIN reader stopped.
2026-03-02 00:18:41.439023 (798730) lic_core INFO    (1) checkin jasper_interactive
2026-03-02 00:18:41.440267 (798730) lic_core INFO    (3) checkin jasper_fao
2026-03-02 00:18:41.457472 (798730) main____ INFO    Exiting with status 0.
