2026-02-26 11:22:17.199234 (2098278) main____ INFO    ----------------------------------------
2026-02-26 11:22:17.199332 (2098278) main____ INFO    Jasper version info
2026-02-26 11:22:17.199348 (2098278) main____ INFO      tool      : Jasper 2023.12
2026-02-26 11:22:17.199364 (2098278) main____ INFO      version   : 2023.12p001 64 bits
2026-02-26 11:22:17.199377 (2098278) main____ INFO      build date: 2024.01.23 16:09:24 UTC
2026-02-26 11:22:17.199387 (2098278) main____ INFO    ----------------------------------------
2026-02-26 11:22:17.199396 (2098278) main____ INFO    Runtime info:
2026-02-26 11:22:17.199406 (2098278) main____ INFO      platform  : Linux 4.18.0-553.89.1.el8_10.x86_64 x86_64
2026-02-26 11:22:17.199425 (2098278) main____ INFO      hostname  : caddy12.stanford.edu
2026-02-26 11:22:17.199440 (2098278) main____ INFO      pid       : 2098278
2026-02-26 11:22:17.199451 (2098278) main____ INFO      arguments : '-style' 'windows' '-allow_unsupported_OS' '-no_gui' '-fpv' './synthlc/i_DIV_out/xPairwiseDepDiv/nunv_anytwo_172_.tcl' '-proj' './synthlc/i_DIV_out/xPairwiseDepDiv/nunv_anytwo_172_jgsession_26-02-26-11_22_16'
2026-02-26 11:22:17.199468 (2098278) main____ INFO      locale    : UTF-8
2026-02-26 11:22:17.199478 (2098278) main____ INFO    ----------------------------------------
2026-02-26 11:22:17.199487 (2098278) main____ INFO    System resource limits info:
2026-02-26 11:22:17.199499 (2098278) main____ INFO      virtual memory: unlimited
2026-02-26 11:22:17.199511 (2098278) main____ INFO      cpu time      : unlimited
2026-02-26 11:22:17.199529 (2098278) main____ INFO      processes     : 4096
2026-02-26 11:22:17.199550 (2098278) main____ INFO      stack size    : 8388608 B
2026-02-26 11:22:17.199565 (2098278) main____ INFO      core file size: 0 B
2026-02-26 11:22:17.199578 (2098278) main____ INFO      open files    : 4096
2026-02-26 11:22:17.199589 (2098278) main____ INFO      file size     : unlimited
2026-02-26 11:22:17.199599 (2098278) main____ INFO    ----------------------------------------
2026-02-26 11:22:17.199608 (2098278) main____ INFO    Memory statistics:
2026-02-26 11:22:17.199619 (2098278) main____ INFO      total physical memory  : 98449088 kB
2026-02-26 11:22:17.199631 (2098278) main____ INFO      free physical memory   : 68258504 kB
2026-02-26 11:22:17.199642 (2098278) main____ INFO      committed address space: 17114076 kB
2026-02-26 11:22:17.199652 (2098278) main____ INFO    ----------------------------------------
2026-02-26 11:22:17.200855 (2098278) main____ INFO    Important environment variables:
2026-02-26 11:22:17.200882 (2098278) main____ INFO      CDS_LIC_FILE       : '5280@cadlic0'
2026-02-26 11:22:17.200895 (2098278) main____ INFO      DISPLAY            : 'localhost:12.0'
2026-02-26 11:22:17.200906 (2098278) main____ INFO      JASPER_INSTALL_DIR : '/cad/cadence/jasper_2023.12p001'
2026-02-26 11:22:17.200918 (2098278) main____ INFO      JASPER_KERNEL_CHECK: '1'
2026-02-26 11:22:17.200929 (2098278) main____ INFO      JASPER_OS_CHECK    : '0'
2026-02-26 11:22:17.200941 (2098278) main____ INFO      LANG               : 'zh_TW.UTF-8'
2026-02-26 11:22:17.200950 (2098278) main____ INFO    ----------------------------------------
2026-02-26 11:22:17.213831 (2098278) lic_core INFO    Initializing license system ...
2026-02-26 11:22:17.228194 (2098278) lic_core INFO    ... license system initialized.
2026-02-26 11:22:17.345165 (2098278) lic__man INFO    Claim 'main' for <ui>.
2026-02-26 11:22:17.345240 (2098278) lic_core INFO    (1) checking out 'jasper_interactive' ...
2026-02-26 11:22:17.416297 (2098278) lic_core INFO    ... (1) checkout succeeded
2026-02-26 11:22:17.416408 (2098278) lic__man INFO    Claim 'fpv' for <ui>.
2026-02-26 11:22:17.416442 (2098278) lic_core INFO    (2) checking out 'jasper_fpv' ...
2026-02-26 11:22:17.479220 (2098278) lic_core INFO    ... (2) checkout failed (error: -5) ("FLEXnet ERROR(-5, 0, 0): No such feature exists.")
2026-02-26 11:22:17.479274 (2098278) lic_core INFO    (3) checking out 'jasper_fao' ...
2026-02-26 11:22:17.573177 (2098278) lic_core INFO    ... (3) checkout succeeded
2026-02-26 11:22:17.586870 (2098278) main____ INFO    Tool inactivity delay is 480000 ms.
2026-02-26 11:22:17.602955 (2098294) stdio___ INFO    Starting STDIN reader (tty: yes, tty name: '/dev/pts/0')
2026-02-26 11:22:17.974802 (2098278) session_ INFO    Starting analysis session with session id 'session_0' (launcher: <local>) ...
2026-02-26 11:22:17.977085 (2098278) session_ INFO    Analysis session with session id 'session_0' started (pid: 2098295)
2026-02-26 11:22:21.287200 (2098278) session_ INFO    Analysis session 'session_0' connected to the console (host: 127.0.0.1:53298)
2026-02-26 11:22:30.398797 (2098278) lic__man INFO    Unclaim everything for 'session_0'.
2026-02-26 11:22:30.745075 (2098278) lic__man INFO    Claim 'fpv' for 'session_0'.
2026-02-26 11:22:30.745134 (2098278) lic__man INFO    Claim 'fpv' for 'session_0/prove-0'.
2026-02-26 11:22:36.659043 (2098278) lic__man INFO    Unclaim everything for 'session_0/prove-0'.
2026-02-26 11:22:36.719969 (2098278) main____ INFO    About to exit: request to exit with status 0 received from analysis session 'session_0'
2026-02-26 11:22:37.041768 (2098278) session_ INFO    Analysis session 'session_0' disconnected.
2026-02-26 11:22:37.041918 (2098278) lic__man INFO    Unclaim everything for 'session_0'.
2026-02-26 11:22:37.042218 (2098278) session_ INFO    Process for analysis session 'session_0' has exited with exit status '0'.
2026-02-26 11:22:38.829762 (2098294) stdio___ INFO    STDIN reader requested to stop.
2026-02-26 11:22:38.829825 (2098294) stdio___ INFO    STDIN reader stopped.
2026-02-26 11:22:38.830310 (2098278) lic_core INFO    (1) checkin jasper_interactive
2026-02-26 11:22:38.841013 (2098278) lic_core INFO    (3) checkin jasper_fao
2026-02-26 11:22:38.863208 (2098278) main____ INFO    Exiting with status 0.
