2026-02-26 08:40:03.251743 (3930233) main____ INFO    ----------------------------------------
2026-02-26 08:40:03.251811 (3930233) main____ INFO    Jasper version info
2026-02-26 08:40:03.251826 (3930233) main____ INFO      tool      : Jasper 2023.12
2026-02-26 08:40:03.251840 (3930233) main____ INFO      version   : 2023.12p001 64 bits
2026-02-26 08:40:03.251854 (3930233) main____ INFO      build date: 2024.01.23 16:09:24 UTC
2026-02-26 08:40:03.251863 (3930233) main____ INFO    ----------------------------------------
2026-02-26 08:40:03.251873 (3930233) main____ INFO    Runtime info:
2026-02-26 08:40:03.251884 (3930233) main____ INFO      platform  : Linux 4.18.0-553.89.1.el8_10.x86_64 x86_64
2026-02-26 08:40:03.251901 (3930233) main____ INFO      hostname  : caddy15.stanford.edu
2026-02-26 08:40:03.251916 (3930233) main____ INFO      pid       : 3930233
2026-02-26 08:40:03.251927 (3930233) main____ INFO      arguments : '-style' 'windows' '-allow_unsupported_OS' '-no_gui' '-fpv' './synthlc/i_ADDI_out/xHBPerfG_dfg_v3_div/WHB_114_.tcl' '-proj' './synthlc/i_ADDI_out/xHBPerfG_dfg_v3_div/WHB_114_jgsession_26-02-26-08_40_03'
2026-02-26 08:40:03.251943 (3930233) main____ INFO      locale    : UTF-8
2026-02-26 08:40:03.251953 (3930233) main____ INFO    ----------------------------------------
2026-02-26 08:40:03.251962 (3930233) main____ INFO    System resource limits info:
2026-02-26 08:40:03.251974 (3930233) main____ INFO      virtual memory: unlimited
2026-02-26 08:40:03.251986 (3930233) main____ INFO      cpu time      : unlimited
2026-02-26 08:40:03.252003 (3930233) main____ INFO      processes     : 4096
2026-02-26 08:40:03.252021 (3930233) main____ INFO      stack size    : 8388608 B
2026-02-26 08:40:03.252036 (3930233) main____ INFO      core file size: 0 B
2026-02-26 08:40:03.252048 (3930233) main____ INFO      open files    : 4096
2026-02-26 08:40:03.252060 (3930233) main____ INFO      file size     : unlimited
2026-02-26 08:40:03.252070 (3930233) main____ INFO    ----------------------------------------
2026-02-26 08:40:03.252079 (3930233) main____ INFO    Memory statistics:
2026-02-26 08:40:03.252090 (3930233) main____ INFO      total physical memory  : 98449092 kB
2026-02-26 08:40:03.252102 (3930233) main____ INFO      free physical memory   : 80290440 kB
2026-02-26 08:40:03.252113 (3930233) main____ INFO      committed address space: 1510968 kB
2026-02-26 08:40:03.252122 (3930233) main____ INFO    ----------------------------------------
2026-02-26 08:40:03.253276 (3930233) main____ INFO    Important environment variables:
2026-02-26 08:40:03.253323 (3930233) main____ INFO      CDS_LIC_FILE       : '5280@cadlic0'
2026-02-26 08:40:03.253338 (3930233) main____ INFO      JASPER_INSTALL_DIR : '/cad/cadence/jasper_2023.12p001'
2026-02-26 08:40:03.253350 (3930233) main____ INFO      JASPER_KERNEL_CHECK: '1'
2026-02-26 08:40:03.253362 (3930233) main____ INFO      JASPER_OS_CHECK    : '0'
2026-02-26 08:40:03.253374 (3930233) main____ INFO      LANG               : 'en_US.UTF-8'
2026-02-26 08:40:03.253384 (3930233) main____ INFO    ----------------------------------------
2026-02-26 08:40:03.254470 (3930233) lic_core INFO    Initializing license system ...
2026-02-26 08:40:03.257012 (3930233) lic_core INFO    ... license system initialized.
2026-02-26 08:40:03.274058 (3930233) lic__man INFO    Claim 'main' for <ui>.
2026-02-26 08:40:03.274100 (3930233) lic_core INFO    (1) checking out 'jasper_interactive' ...
2026-02-26 08:40:03.286324 (3930233) lic_core INFO    ... (1) checkout succeeded
2026-02-26 08:40:03.286379 (3930233) lic__man INFO    Claim 'fpv' for <ui>.
2026-02-26 08:40:03.286400 (3930233) lic_core INFO    (2) checking out 'jasper_fpv' ...
2026-02-26 08:40:03.290323 (3930233) lic_core INFO    ... (2) checkout failed (error: -5) ("FLEXnet ERROR(-5, 0, 0): No such feature exists.")
2026-02-26 08:40:03.290354 (3930233) lic_core INFO    (3) checking out 'jasper_fao' ...
2026-02-26 08:40:03.301586 (3930233) lic_core INFO    ... (3) checkout succeeded
2026-02-26 08:40:03.302559 (3930244) stdio___ INFO    Starting STDIN reader (tty: yes, tty name: '/dev/pts/0')
2026-02-26 08:40:03.302672 (3930233) main____ INFO    Tool inactivity delay is 480000 ms.
2026-02-26 08:40:03.344068 (3930233) session_ INFO    Starting analysis session with session id 'session_0' (launcher: <local>) ...
2026-02-26 08:40:03.345853 (3930233) session_ INFO    Analysis session with session id 'session_0' started (pid: 3930245)
2026-02-26 08:40:04.435813 (3930233) session_ INFO    Analysis session 'session_0' connected to the console (host: 127.0.0.1:50112)
2026-02-26 08:40:07.449758 (3930233) lic__man INFO    Unclaim everything for 'session_0'.
2026-02-26 08:40:07.645189 (3930233) lic__man INFO    Claim 'fpv' for 'session_0'.
2026-02-26 08:40:07.645225 (3930233) lic__man INFO    Claim 'fpv' for 'session_0/prove-0'.
2026-02-26 08:40:08.621317 (3930233) lic__man INFO    Unclaim everything for 'session_0/prove-0'.
2026-02-26 08:40:08.663439 (3930233) main____ INFO    About to exit: request to exit with status 0 received from analysis session 'session_0'
2026-02-26 08:40:08.817790 (3930233) session_ INFO    Analysis session 'session_0' disconnected.
2026-02-26 08:40:08.817981 (3930233) lic__man INFO    Unclaim everything for 'session_0'.
2026-02-26 08:40:08.818195 (3930233) session_ INFO    Process for analysis session 'session_0' has exited with exit status '0'.
2026-02-26 08:40:10.770839 (3930244) stdio___ INFO    STDIN reader requested to stop.
2026-02-26 08:40:10.770889 (3930244) stdio___ INFO    STDIN reader stopped.
2026-02-26 08:40:10.771211 (3930233) lic_core INFO    (1) checkin jasper_interactive
2026-02-26 08:40:10.772514 (3930233) lic_core INFO    (3) checkin jasper_fao
2026-02-26 08:40:10.774199 (3930233) main____ INFO    Exiting with status 0.
