2026-03-01 01:22:34.681063 (1131777) main____ INFO    ----------------------------------------
2026-03-01 01:22:34.681134 (1131777) main____ INFO    Jasper version info
2026-03-01 01:22:34.681148 (1131777) main____ INFO      tool      : Jasper 2023.12
2026-03-01 01:22:34.681162 (1131777) main____ INFO      version   : 2023.12p001 64 bits
2026-03-01 01:22:34.681175 (1131777) main____ INFO      build date: 2024.01.23 16:09:24 UTC
2026-03-01 01:22:34.681185 (1131777) main____ INFO    ----------------------------------------
2026-03-01 01:22:34.681194 (1131777) main____ INFO    Runtime info:
2026-03-01 01:22:34.681204 (1131777) main____ INFO      platform  : Linux 4.18.0-553.89.1.el8_10.x86_64 x86_64
2026-03-01 01:22:34.681220 (1131777) main____ INFO      hostname  : caddy15.stanford.edu
2026-03-01 01:22:34.681235 (1131777) main____ INFO      pid       : 1131777
2026-03-01 01:22:34.681246 (1131777) main____ INFO      arguments : '-style' 'windows' '-allow_unsupported_OS' '-no_gui' '-fpv' './synthlc/i_LW_out/xPairwiseDepDiv/nunv_anytwo_18_.tcl' '-proj' './synthlc/i_LW_out/xPairwiseDepDiv/nunv_anytwo_18_jgsession_26-03-01-01_22_34'
2026-03-01 01:22:34.681261 (1131777) main____ INFO      locale    : UTF-8
2026-03-01 01:22:34.681278 (1131777) main____ INFO    ----------------------------------------
2026-03-01 01:22:34.681287 (1131777) main____ INFO    System resource limits info:
2026-03-01 01:22:34.681299 (1131777) main____ INFO      virtual memory: unlimited
2026-03-01 01:22:34.681324 (1131777) main____ INFO      cpu time      : unlimited
2026-03-01 01:22:34.681340 (1131777) main____ INFO      processes     : 4096
2026-03-01 01:22:34.681362 (1131777) main____ INFO      stack size    : 8388608 B
2026-03-01 01:22:34.681375 (1131777) main____ INFO      core file size: 0 B
2026-03-01 01:22:34.681388 (1131777) main____ INFO      open files    : 4096
2026-03-01 01:22:34.681400 (1131777) main____ INFO      file size     : unlimited
2026-03-01 01:22:34.681409 (1131777) main____ INFO    ----------------------------------------
2026-03-01 01:22:34.681418 (1131777) main____ INFO    Memory statistics:
2026-03-01 01:22:34.681430 (1131777) main____ INFO      total physical memory  : 98449092 kB
2026-03-01 01:22:34.681441 (1131777) main____ INFO      free physical memory   : 80071824 kB
2026-03-01 01:22:34.681452 (1131777) main____ INFO      committed address space: 1232128 kB
2026-03-01 01:22:34.681461 (1131777) main____ INFO    ----------------------------------------
2026-03-01 01:22:34.682583 (1131777) main____ INFO    Important environment variables:
2026-03-01 01:22:34.682605 (1131777) main____ INFO      CDS_LIC_FILE       : '5280@cadlic0'
2026-03-01 01:22:34.682617 (1131777) main____ INFO      JASPER_INSTALL_DIR : '/cad/cadence/jasper_2023.12p001'
2026-03-01 01:22:34.682629 (1131777) main____ INFO      JASPER_KERNEL_CHECK: '1'
2026-03-01 01:22:34.682640 (1131777) main____ INFO      JASPER_OS_CHECK    : '0'
2026-03-01 01:22:34.682652 (1131777) main____ INFO      LANG               : 'en_US.UTF-8'
2026-03-01 01:22:34.682662 (1131777) main____ INFO    ----------------------------------------
2026-03-01 01:22:34.683804 (1131777) lic_core INFO    Initializing license system ...
2026-03-01 01:22:34.687332 (1131777) lic_core INFO    ... license system initialized.
2026-03-01 01:22:34.701667 (1131777) lic__man INFO    Claim 'main' for <ui>.
2026-03-01 01:22:34.701727 (1131777) lic_core INFO    (1) checking out 'jasper_interactive' ...
2026-03-01 01:22:34.714865 (1131777) lic_core INFO    ... (1) checkout succeeded
2026-03-01 01:22:34.714931 (1131777) lic__man INFO    Claim 'fpv' for <ui>.
2026-03-01 01:22:34.714951 (1131777) lic_core INFO    (2) checking out 'jasper_fpv' ...
2026-03-01 01:22:34.718944 (1131777) lic_core INFO    ... (2) checkout failed (error: -5) ("FLEXnet ERROR(-5, 0, 0): No such feature exists.")
2026-03-01 01:22:34.718988 (1131777) lic_core INFO    (3) checking out 'jasper_fao' ...
2026-03-01 01:22:34.729865 (1131777) lic_core INFO    ... (3) checkout succeeded
2026-03-01 01:22:34.734041 (1131815) stdio___ INFO    Starting STDIN reader (tty: yes, tty name: '/dev/pts/0')
2026-03-01 01:22:34.734173 (1131777) main____ INFO    Tool inactivity delay is 480000 ms.
2026-03-01 01:22:34.778410 (1131777) session_ INFO    Starting analysis session with session id 'session_0' (launcher: <local>) ...
2026-03-01 01:22:34.780363 (1131777) session_ INFO    Analysis session with session id 'session_0' started (pid: 1131816)
2026-03-01 01:22:36.030211 (1131777) session_ INFO    Analysis session 'session_0' connected to the console (host: 127.0.0.1:59754)
2026-03-01 01:22:39.302830 (1131777) lic__man INFO    Unclaim everything for 'session_0'.
2026-03-01 01:22:39.499579 (1131777) lic__man INFO    Claim 'fpv' for 'session_0'.
2026-03-01 01:22:39.499613 (1131777) lic__man INFO    Claim 'fpv' for 'session_0/prove-0'.
2026-03-01 01:22:40.658707 (1131777) lic__man INFO    Unclaim everything for 'session_0/prove-0'.
2026-03-01 01:22:40.703475 (1131777) main____ INFO    About to exit: request to exit with status 0 received from analysis session 'session_0'
2026-03-01 01:22:40.850609 (1131777) session_ INFO    Analysis session 'session_0' disconnected.
2026-03-01 01:22:40.850799 (1131777) lic__man INFO    Unclaim everything for 'session_0'.
2026-03-01 01:22:40.850987 (1131777) session_ INFO    Process for analysis session 'session_0' has exited with exit status '0'.
2026-03-01 01:22:42.811013 (1131815) stdio___ INFO    STDIN reader requested to stop.
2026-03-01 01:22:42.811085 (1131815) stdio___ INFO    STDIN reader stopped.
2026-03-01 01:22:42.811379 (1131777) lic_core INFO    (1) checkin jasper_interactive
2026-03-01 01:22:42.812122 (1131777) lic_core INFO    (3) checkin jasper_fao
2026-03-01 01:22:42.813215 (1131777) main____ INFO    Exiting with status 0.
