2026-02-28 19:55:30.917563 (3662043) main____ INFO    ----------------------------------------
2026-02-28 19:55:30.917623 (3662043) main____ INFO    Jasper version info
2026-02-28 19:55:30.917639 (3662043) main____ INFO      tool      : Jasper 2023.12
2026-02-28 19:55:30.917654 (3662043) main____ INFO      version   : 2023.12p001 64 bits
2026-02-28 19:55:30.917684 (3662043) main____ INFO      build date: 2024.01.23 16:09:24 UTC
2026-02-28 19:55:30.917697 (3662043) main____ INFO    ----------------------------------------
2026-02-28 19:55:30.917707 (3662043) main____ INFO    Runtime info:
2026-02-28 19:55:30.917718 (3662043) main____ INFO      platform  : Linux 4.18.0-553.89.1.el8_10.x86_64 x86_64
2026-02-28 19:55:30.917735 (3662043) main____ INFO      hostname  : caddy12.stanford.edu
2026-02-28 19:55:30.917750 (3662043) main____ INFO      pid       : 3662043
2026-02-28 19:55:30.917763 (3662043) main____ INFO      arguments : '-style' 'windows' '-allow_unsupported_OS' '-no_gui' '-fpv' './synthlc/i_ADDI_out/xCoverAPerflocDiv/4_.tcl' '-proj' './synthlc/i_ADDI_out/xCoverAPerflocDiv/4_jgsession_26-02-28-19_55_30'
2026-02-28 19:55:30.917780 (3662043) main____ INFO      locale    : UTF-8
2026-02-28 19:55:30.917790 (3662043) main____ INFO    ----------------------------------------
2026-02-28 19:55:30.917800 (3662043) main____ INFO    System resource limits info:
2026-02-28 19:55:30.917813 (3662043) main____ INFO      virtual memory: unlimited
2026-02-28 19:55:30.917826 (3662043) main____ INFO      cpu time      : unlimited
2026-02-28 19:55:30.917841 (3662043) main____ INFO      processes     : 4096
2026-02-28 19:55:30.917859 (3662043) main____ INFO      stack size    : 8388608 B
2026-02-28 19:55:30.917873 (3662043) main____ INFO      core file size: 0 B
2026-02-28 19:55:30.917886 (3662043) main____ INFO      open files    : 4096
2026-02-28 19:55:30.917898 (3662043) main____ INFO      file size     : unlimited
2026-02-28 19:55:30.917908 (3662043) main____ INFO    ----------------------------------------
2026-02-28 19:55:30.917918 (3662043) main____ INFO    Memory statistics:
2026-02-28 19:55:30.917930 (3662043) main____ INFO      total physical memory  : 98449088 kB
2026-02-28 19:55:30.917941 (3662043) main____ INFO      free physical memory   : 90075980 kB
2026-02-28 19:55:30.917953 (3662043) main____ INFO      committed address space: 3209940 kB
2026-02-28 19:55:30.917963 (3662043) main____ INFO    ----------------------------------------
2026-02-28 19:55:30.919138 (3662043) main____ INFO    Important environment variables:
2026-02-28 19:55:30.919161 (3662043) main____ INFO      CDS_LIC_FILE       : '5280@cadlic0'
2026-02-28 19:55:30.919175 (3662043) main____ INFO      DISPLAY            : 'localhost:12.0'
2026-02-28 19:55:30.919188 (3662043) main____ INFO      JASPER_INSTALL_DIR : '/cad/cadence/jasper_2023.12p001'
2026-02-28 19:55:30.919200 (3662043) main____ INFO      JASPER_KERNEL_CHECK: '1'
2026-02-28 19:55:30.919213 (3662043) main____ INFO      JASPER_OS_CHECK    : '0'
2026-02-28 19:55:30.919225 (3662043) main____ INFO      LANG               : 'zh_TW.UTF-8'
2026-02-28 19:55:30.919235 (3662043) main____ INFO    ----------------------------------------
2026-02-28 19:55:30.920287 (3662043) lic_core INFO    Initializing license system ...
2026-02-28 19:55:30.921555 (3662043) lic_core INFO    ... license system initialized.
2026-02-28 19:55:30.977211 (3662043) lic__man INFO    Claim 'main' for <ui>.
2026-02-28 19:55:30.977253 (3662043) lic_core INFO    (1) checking out 'jasper_interactive' ...
2026-02-28 19:55:30.989859 (3662043) lic_core INFO    ... (1) checkout succeeded
2026-02-28 19:55:30.989927 (3662043) lic__man INFO    Claim 'fpv' for <ui>.
2026-02-28 19:55:30.989955 (3662043) lic_core INFO    (2) checking out 'jasper_fpv' ...
2026-02-28 19:55:30.993609 (3662043) lic_core INFO    ... (2) checkout failed (error: -5) ("FLEXnet ERROR(-5, 0, 0): No such feature exists.")
2026-02-28 19:55:30.993645 (3662043) lic_core INFO    (3) checking out 'jasper_fao' ...
2026-02-28 19:55:31.005695 (3662043) lic_core INFO    ... (3) checkout succeeded
2026-02-28 19:55:31.006642 (3662078) stdio___ INFO    Starting STDIN reader (tty: yes, tty name: '/dev/pts/0')
2026-02-28 19:55:31.006882 (3662043) main____ INFO    Tool inactivity delay is 480000 ms.
2026-02-28 19:55:31.062454 (3662043) session_ INFO    Starting analysis session with session id 'session_0' (launcher: <local>) ...
2026-02-28 19:55:31.064879 (3662043) session_ INFO    Analysis session with session id 'session_0' started (pid: 3662089)
2026-02-28 19:55:32.193608 (3662043) session_ INFO    Analysis session 'session_0' connected to the console (host: 127.0.0.1:36566)
2026-02-28 19:55:35.428113 (3662043) lic__man INFO    Unclaim everything for 'session_0'.
2026-02-28 20:10:39.233443 (3662043) lic__man INFO    Unclaim everything for 'session_0/prove-0'.
2026-02-28 20:10:39.279985 (3662043) main____ INFO    About to exit: request to exit with status 0 received from analysis session 'session_0'
2026-02-28 20:10:39.402558 (3662043) session_ INFO    Analysis session 'session_0' disconnected.
2026-02-28 20:10:39.402766 (3662043) lic__man INFO    Unclaim everything for 'session_0'.
2026-02-28 20:10:39.403039 (3662043) session_ INFO    Process for analysis session 'session_0' has exited with exit status '0'.
2026-02-28 20:10:41.387185 (3662078) stdio___ INFO    STDIN reader requested to stop.
2026-02-28 20:10:41.387239 (3662078) stdio___ INFO    STDIN reader stopped.
2026-02-28 20:10:41.387922 (3662043) lic_core INFO    (1) checkin jasper_interactive
2026-02-28 20:10:41.388898 (3662043) lic_core INFO    (3) checkin jasper_fao
2026-02-28 20:10:41.392912 (3662043) main____ INFO    Exiting with status 0.
