2026-02-26 01:12:34.459231 (1816569) main____ INFO    ----------------------------------------
2026-02-26 01:12:34.459329 (1816569) main____ INFO    Jasper version info
2026-02-26 01:12:34.459345 (1816569) main____ INFO      tool      : Jasper 2023.12
2026-02-26 01:12:34.459361 (1816569) main____ INFO      version   : 2023.12p001 64 bits
2026-02-26 01:12:34.459373 (1816569) main____ INFO      build date: 2024.01.23 16:09:24 UTC
2026-02-26 01:12:34.459383 (1816569) main____ INFO    ----------------------------------------
2026-02-26 01:12:34.459392 (1816569) main____ INFO    Runtime info:
2026-02-26 01:12:34.459402 (1816569) main____ INFO      platform  : Linux 4.18.0-553.89.1.el8_10.x86_64 x86_64
2026-02-26 01:12:34.459422 (1816569) main____ INFO      hostname  : caddy12.stanford.edu
2026-02-26 01:12:34.459437 (1816569) main____ INFO      pid       : 1816569
2026-02-26 01:12:34.459448 (1816569) main____ INFO      arguments : '-style' 'windows' '-allow_unsupported_OS' '-no_gui' '-fpv' './synthlc/i_MUL_out/xPairwiseDepDiv/exclusive_35_.tcl' '-proj' './synthlc/i_MUL_out/xPairwiseDepDiv/exclusive_35_jgsession_26-02-26-01_12_34'
2026-02-26 01:12:34.459465 (1816569) main____ INFO      locale    : UTF-8
2026-02-26 01:12:34.459475 (1816569) main____ INFO    ----------------------------------------
2026-02-26 01:12:34.459484 (1816569) main____ INFO    System resource limits info:
2026-02-26 01:12:34.459496 (1816569) main____ INFO      virtual memory: unlimited
2026-02-26 01:12:34.459507 (1816569) main____ INFO      cpu time      : unlimited
2026-02-26 01:12:34.459525 (1816569) main____ INFO      processes     : 4096
2026-02-26 01:12:34.459545 (1816569) main____ INFO      stack size    : 8388608 B
2026-02-26 01:12:34.459559 (1816569) main____ INFO      core file size: 0 B
2026-02-26 01:12:34.459572 (1816569) main____ INFO      open files    : 4096
2026-02-26 01:12:34.459583 (1816569) main____ INFO      file size     : unlimited
2026-02-26 01:12:34.459593 (1816569) main____ INFO    ----------------------------------------
2026-02-26 01:12:34.459602 (1816569) main____ INFO    Memory statistics:
2026-02-26 01:12:34.459613 (1816569) main____ INFO      total physical memory  : 98449088 kB
2026-02-26 01:12:34.459624 (1816569) main____ INFO      free physical memory   : 77658320 kB
2026-02-26 01:12:34.459635 (1816569) main____ INFO      committed address space: 7675268 kB
2026-02-26 01:12:34.459644 (1816569) main____ INFO    ----------------------------------------
2026-02-26 01:12:34.460844 (1816569) main____ INFO    Important environment variables:
2026-02-26 01:12:34.460876 (1816569) main____ INFO      CDS_LIC_FILE       : '5280@cadlic0'
2026-02-26 01:12:34.460889 (1816569) main____ INFO      DISPLAY            : 'localhost:12.0'
2026-02-26 01:12:34.460901 (1816569) main____ INFO      JASPER_INSTALL_DIR : '/cad/cadence/jasper_2023.12p001'
2026-02-26 01:12:34.460912 (1816569) main____ INFO      JASPER_KERNEL_CHECK: '1'
2026-02-26 01:12:34.460924 (1816569) main____ INFO      JASPER_OS_CHECK    : '0'
2026-02-26 01:12:34.460935 (1816569) main____ INFO      LANG               : 'zh_TW.UTF-8'
2026-02-26 01:12:34.460945 (1816569) main____ INFO    ----------------------------------------
2026-02-26 01:12:34.462920 (1816569) lic_core INFO    Initializing license system ...
2026-02-26 01:12:34.490177 (1816569) lic_core INFO    ... license system initialized.
2026-02-26 01:12:34.571215 (1816569) lic__man INFO    Claim 'main' for <ui>.
2026-02-26 01:12:34.571277 (1816569) lic_core INFO    (1) checking out 'jasper_interactive' ...
2026-02-26 01:12:34.590962 (1816569) lic_core INFO    ... (1) checkout succeeded
2026-02-26 01:12:34.591066 (1816569) lic__man INFO    Claim 'fpv' for <ui>.
2026-02-26 01:12:34.591094 (1816569) lic_core INFO    (2) checking out 'jasper_fpv' ...
2026-02-26 01:12:34.596720 (1816569) lic_core INFO    ... (2) checkout failed (error: -5) ("FLEXnet ERROR(-5, 0, 0): No such feature exists.")
2026-02-26 01:12:34.596769 (1816569) lic_core INFO    (3) checking out 'jasper_fao' ...
2026-02-26 01:12:34.608509 (1816569) lic_core INFO    ... (3) checkout succeeded
2026-02-26 01:12:34.623535 (1816569) main____ INFO    Tool inactivity delay is 480000 ms.
2026-02-26 01:12:34.629117 (1816585) stdio___ INFO    Starting STDIN reader (tty: yes, tty name: '/dev/pts/0')
2026-02-26 01:12:34.713792 (1816569) session_ INFO    Starting analysis session with session id 'session_0' (launcher: <local>) ...
2026-02-26 01:12:34.715677 (1816569) session_ INFO    Analysis session with session id 'session_0' started (pid: 1816595)
2026-02-26 01:12:36.221136 (1816569) session_ INFO    Analysis session 'session_0' connected to the console (host: 127.0.0.1:46888)
2026-02-26 01:12:40.754086 (1816569) lic__man INFO    Unclaim everything for 'session_0'.
2026-02-26 01:12:41.091806 (1816569) lic__man INFO    Claim 'fpv' for 'session_0'.
2026-02-26 01:12:41.091849 (1816569) lic__man INFO    Claim 'fpv' for 'session_0/prove-0'.
2026-02-26 01:27:44.435217 (1816569) lic__man INFO    Unclaim everything for 'session_0/prove-0'.
2026-02-26 01:27:44.477928 (1816569) main____ INFO    About to exit: request to exit with status 0 received from analysis session 'session_0'
2026-02-26 01:27:44.600828 (1816569) session_ INFO    Analysis session 'session_0' disconnected.
2026-02-26 01:27:44.601001 (1816569) lic__man INFO    Unclaim everything for 'session_0'.
2026-02-26 01:27:44.601360 (1816569) session_ INFO    Process for analysis session 'session_0' has exited with exit status '0'.
2026-02-26 01:27:46.391579 (1816585) stdio___ INFO    STDIN reader requested to stop.
2026-02-26 01:27:46.391626 (1816585) stdio___ INFO    STDIN reader stopped.
2026-02-26 01:27:46.391864 (1816569) lic_core INFO    (1) checkin jasper_interactive
2026-02-26 01:27:46.392037 (1816569) lic_core INFO    (3) checkin jasper_fao
2026-02-26 01:27:46.392878 (1816569) main____ INFO    Exiting with status 0.
