2026-03-01 23:35:29.845666 (771524) main____ INFO    ----------------------------------------
2026-03-01 23:35:29.845751 (771524) main____ INFO    Jasper version info
2026-03-01 23:35:29.845766 (771524) main____ INFO      tool      : Jasper 2023.12
2026-03-01 23:35:29.845781 (771524) main____ INFO      version   : 2023.12p001 64 bits
2026-03-01 23:35:29.845793 (771524) main____ INFO      build date: 2024.01.23 16:09:24 UTC
2026-03-01 23:35:29.845802 (771524) main____ INFO    ----------------------------------------
2026-03-01 23:35:29.845811 (771524) main____ INFO    Runtime info:
2026-03-01 23:35:29.845821 (771524) main____ INFO      platform  : Linux 4.18.0-553.89.1.el8_10.x86_64 x86_64
2026-03-01 23:35:29.845848 (771524) main____ INFO      hostname  : caddy10.stanford.edu
2026-03-01 23:35:29.845862 (771524) main____ INFO      pid       : 771524
2026-03-01 23:35:29.845874 (771524) main____ INFO      arguments : '-style' 'windows' '-allow_unsupported_OS' '-no_gui' '-fpv' './synthlc/i_MUL_out/xPerfLocSubsetDiv/coverset_22_.tcl' '-proj' './synthlc/i_MUL_out/xPerfLocSubsetDiv/coverset_22_jgsession_26-03-01-23_35_29'
2026-03-01 23:35:29.845890 (771524) main____ INFO      locale    : UTF-8
2026-03-01 23:35:29.845900 (771524) main____ INFO    ----------------------------------------
2026-03-01 23:35:29.845908 (771524) main____ INFO    System resource limits info:
2026-03-01 23:35:29.845920 (771524) main____ INFO      virtual memory: unlimited
2026-03-01 23:35:29.845931 (771524) main____ INFO      cpu time      : unlimited
2026-03-01 23:35:29.845948 (771524) main____ INFO      processes     : 4096
2026-03-01 23:35:29.845966 (771524) main____ INFO      stack size    : 8388608 B
2026-03-01 23:35:29.845979 (771524) main____ INFO      core file size: 0 B
2026-03-01 23:35:29.845991 (771524) main____ INFO      open files    : 4096
2026-03-01 23:35:29.846002 (771524) main____ INFO      file size     : unlimited
2026-03-01 23:35:29.846011 (771524) main____ INFO    ----------------------------------------
2026-03-01 23:35:29.846019 (771524) main____ INFO    Memory statistics:
2026-03-01 23:35:29.846030 (771524) main____ INFO      total physical memory  : 98449096 kB
2026-03-01 23:35:29.846040 (771524) main____ INFO      free physical memory   : 90721864 kB
2026-03-01 23:35:29.846069 (771524) main____ INFO      committed address space: 3690304 kB
2026-03-01 23:35:29.846078 (771524) main____ INFO    ----------------------------------------
2026-03-01 23:35:29.847226 (771524) main____ INFO    Important environment variables:
2026-03-01 23:35:29.847249 (771524) main____ INFO      CDS_LIC_FILE       : '5280@cadlic0'
2026-03-01 23:35:29.847261 (771524) main____ INFO      JASPER_INSTALL_DIR : '/cad/cadence/jasper_2023.12p001'
2026-03-01 23:35:29.847272 (771524) main____ INFO      JASPER_KERNEL_CHECK: '1'
2026-03-01 23:35:29.847284 (771524) main____ INFO      JASPER_OS_CHECK    : '0'
2026-03-01 23:35:29.847295 (771524) main____ INFO      LANG               : 'en_US.UTF-8'
2026-03-01 23:35:29.847304 (771524) main____ INFO    ----------------------------------------
2026-03-01 23:35:29.848370 (771524) lic_core INFO    Initializing license system ...
2026-03-01 23:35:29.851127 (771524) lic_core INFO    ... license system initialized.
2026-03-01 23:35:29.862819 (771524) lic__man INFO    Claim 'main' for <ui>.
2026-03-01 23:35:29.862886 (771524) lic_core INFO    (1) checking out 'jasper_interactive' ...
2026-03-01 23:35:29.879609 (771524) lic_core INFO    ... (1) checkout succeeded
2026-03-01 23:35:29.879695 (771524) lic__man INFO    Claim 'fpv' for <ui>.
2026-03-01 23:35:29.879719 (771524) lic_core INFO    (2) checking out 'jasper_fpv' ...
2026-03-01 23:35:29.883926 (771524) lic_core INFO    ... (2) checkout failed (error: -5) ("FLEXnet ERROR(-5, 0, 0): No such feature exists.")
2026-03-01 23:35:29.883967 (771524) lic_core INFO    (3) checking out 'jasper_fao' ...
2026-03-01 23:35:29.895717 (771524) lic_core INFO    ... (3) checkout succeeded
2026-03-01 23:35:29.897218 (771524) main____ INFO    Tool inactivity delay is 480000 ms.
2026-03-01 23:35:29.898214 (771540) stdio___ INFO    Starting STDIN reader (tty: yes, tty name: '/dev/pts/7')
2026-03-01 23:35:29.939467 (771524) session_ INFO    Starting analysis session with session id 'session_0' (launcher: <local>) ...
2026-03-01 23:35:29.941255 (771524) session_ INFO    Analysis session with session id 'session_0' started (pid: 771541)
2026-03-01 23:35:31.711800 (771524) session_ INFO    Analysis session 'session_0' connected to the console (host: 127.0.0.1:60436)
2026-03-01 23:35:35.853601 (771524) lic__man INFO    Unclaim everything for 'session_0'.
2026-03-01 23:35:36.294617 (771524) lic__man INFO    Claim 'fpv' for 'session_0'.
2026-03-01 23:35:36.294658 (771524) lic__man INFO    Claim 'fpv' for 'session_0/prove-0'.
2026-03-01 23:39:13.285346 (771524) lic__man INFO    Unclaim everything for 'session_0/prove-0'.
2026-03-01 23:39:13.329112 (771524) main____ INFO    About to exit: request to exit with status 0 received from analysis session 'session_0'
2026-03-01 23:39:13.522464 (771524) session_ INFO    Analysis session 'session_0' disconnected.
2026-03-01 23:39:13.522608 (771524) lic__man INFO    Unclaim everything for 'session_0'.
2026-03-01 23:39:13.522814 (771524) session_ INFO    Process for analysis session 'session_0' has exited with exit status '0'.
2026-03-01 23:39:15.380809 (771540) stdio___ INFO    STDIN reader requested to stop.
2026-03-01 23:39:15.380860 (771540) stdio___ INFO    STDIN reader stopped.
2026-03-01 23:39:15.381154 (771524) lic_core INFO    (1) checkin jasper_interactive
2026-03-01 23:39:15.386747 (771524) lic_core INFO    (3) checkin jasper_fao
2026-03-01 23:39:15.410196 (771524) main____ INFO    Exiting with status 0.
