2026-02-28 23:06:02.835277 (1088534) main____ INFO    ----------------------------------------
2026-02-28 23:06:02.835356 (1088534) main____ INFO    Jasper version info
2026-02-28 23:06:02.835371 (1088534) main____ INFO      tool      : Jasper 2023.12
2026-02-28 23:06:02.835386 (1088534) main____ INFO      version   : 2023.12p001 64 bits
2026-02-28 23:06:02.835398 (1088534) main____ INFO      build date: 2024.01.23 16:09:24 UTC
2026-02-28 23:06:02.835408 (1088534) main____ INFO    ----------------------------------------
2026-02-28 23:06:02.835418 (1088534) main____ INFO    Runtime info:
2026-02-28 23:06:02.835428 (1088534) main____ INFO      platform  : Linux 4.18.0-553.89.1.el8_10.x86_64 x86_64
2026-02-28 23:06:02.835445 (1088534) main____ INFO      hostname  : caddy15.stanford.edu
2026-02-28 23:06:02.835460 (1088534) main____ INFO      pid       : 1088534
2026-02-28 23:06:02.835471 (1088534) main____ INFO      arguments : '-style' 'windows' '-allow_unsupported_OS' '-no_gui' '-fpv' './synthlc/i_BEQ_out/xHBPerfG_dfg_v3_div/HB_47_.tcl' '-proj' './synthlc/i_BEQ_out/xHBPerfG_dfg_v3_div/HB_47_jgsession_26-02-28-23_06_02'
2026-02-28 23:06:02.835486 (1088534) main____ INFO      locale    : UTF-8
2026-02-28 23:06:02.835496 (1088534) main____ INFO    ----------------------------------------
2026-02-28 23:06:02.835506 (1088534) main____ INFO    System resource limits info:
2026-02-28 23:06:02.835518 (1088534) main____ INFO      virtual memory: unlimited
2026-02-28 23:06:02.835530 (1088534) main____ INFO      cpu time      : unlimited
2026-02-28 23:06:02.835547 (1088534) main____ INFO      processes     : 4096
2026-02-28 23:06:02.835564 (1088534) main____ INFO      stack size    : 8388608 B
2026-02-28 23:06:02.835578 (1088534) main____ INFO      core file size: 0 B
2026-02-28 23:06:02.835591 (1088534) main____ INFO      open files    : 4096
2026-02-28 23:06:02.835613 (1088534) main____ INFO      file size     : unlimited
2026-02-28 23:06:02.835625 (1088534) main____ INFO    ----------------------------------------
2026-02-28 23:06:02.835636 (1088534) main____ INFO    Memory statistics:
2026-02-28 23:06:02.835650 (1088534) main____ INFO      total physical memory  : 98449092 kB
2026-02-28 23:06:02.835662 (1088534) main____ INFO      free physical memory   : 79839616 kB
2026-02-28 23:06:02.835674 (1088534) main____ INFO      committed address space: 2112740 kB
2026-02-28 23:06:02.835683 (1088534) main____ INFO    ----------------------------------------
2026-02-28 23:06:02.836805 (1088534) main____ INFO    Important environment variables:
2026-02-28 23:06:02.836828 (1088534) main____ INFO      CDS_LIC_FILE       : '5280@cadlic0'
2026-02-28 23:06:02.836841 (1088534) main____ INFO      JASPER_INSTALL_DIR : '/cad/cadence/jasper_2023.12p001'
2026-02-28 23:06:02.836853 (1088534) main____ INFO      JASPER_KERNEL_CHECK: '1'
2026-02-28 23:06:02.836865 (1088534) main____ INFO      JASPER_OS_CHECK    : '0'
2026-02-28 23:06:02.836877 (1088534) main____ INFO      LANG               : 'en_US.UTF-8'
2026-02-28 23:06:02.836887 (1088534) main____ INFO    ----------------------------------------
2026-02-28 23:06:02.838038 (1088534) lic_core INFO    Initializing license system ...
2026-02-28 23:06:02.839765 (1088534) lic_core INFO    ... license system initialized.
2026-02-28 23:06:02.851501 (1088534) lic__man INFO    Claim 'main' for <ui>.
2026-02-28 23:06:02.851548 (1088534) lic_core INFO    (1) checking out 'jasper_interactive' ...
2026-02-28 23:06:02.864836 (1088534) lic_core INFO    ... (1) checkout succeeded
2026-02-28 23:06:02.864905 (1088534) lic__man INFO    Claim 'fpv' for <ui>.
2026-02-28 23:06:02.864928 (1088534) lic_core INFO    (2) checking out 'jasper_fpv' ...
2026-02-28 23:06:02.869399 (1088534) lic_core INFO    ... (2) checkout failed (error: -5) ("FLEXnet ERROR(-5, 0, 0): No such feature exists.")
2026-02-28 23:06:02.869433 (1088534) lic_core INFO    (3) checking out 'jasper_fao' ...
2026-02-28 23:06:02.880972 (1088534) lic_core INFO    ... (3) checkout succeeded
2026-02-28 23:06:02.882130 (1088534) main____ INFO    Tool inactivity delay is 480000 ms.
2026-02-28 23:06:02.882181 (1088547) stdio___ INFO    Starting STDIN reader (tty: yes, tty name: '/dev/pts/0')
2026-02-28 23:06:02.921673 (1088534) session_ INFO    Starting analysis session with session id 'session_0' (launcher: <local>) ...
2026-02-28 23:06:02.923450 (1088534) session_ INFO    Analysis session with session id 'session_0' started (pid: 1088548)
2026-02-28 23:06:04.235077 (1088534) session_ INFO    Analysis session 'session_0' connected to the console (host: 127.0.0.1:58130)
2026-02-28 23:06:07.258855 (1088534) lic__man INFO    Unclaim everything for 'session_0'.
2026-02-28 23:06:07.464359 (1088534) lic__man INFO    Claim 'fpv' for 'session_0'.
2026-02-28 23:06:07.464398 (1088534) lic__man INFO    Claim 'fpv' for 'session_0/prove-0'.
2026-02-28 23:06:08.774432 (1088534) lic__man INFO    Unclaim everything for 'session_0/prove-0'.
2026-02-28 23:06:08.816429 (1088534) main____ INFO    About to exit: request to exit with status 0 received from analysis session 'session_0'
2026-02-28 23:06:08.967059 (1088534) session_ INFO    Analysis session 'session_0' disconnected.
2026-02-28 23:06:08.967199 (1088534) lic__man INFO    Unclaim everything for 'session_0'.
2026-02-28 23:06:08.967465 (1088534) session_ INFO    Process for analysis session 'session_0' has exited with exit status '0'.
2026-02-28 23:06:10.903920 (1088547) stdio___ INFO    STDIN reader requested to stop.
2026-02-28 23:06:10.903960 (1088547) stdio___ INFO    STDIN reader stopped.
2026-02-28 23:06:10.904200 (1088534) lic_core INFO    (1) checkin jasper_interactive
2026-02-28 23:06:10.905845 (1088534) lic_core INFO    (3) checkin jasper_fao
2026-02-28 23:06:10.906871 (1088534) main____ INFO    Exiting with status 0.
