2026-02-26 08:35:37.037881 (3914607) main____ INFO    ----------------------------------------
2026-02-26 08:35:37.037975 (3914607) main____ INFO    Jasper version info
2026-02-26 08:35:37.037991 (3914607) main____ INFO      tool      : Jasper 2023.12
2026-02-26 08:35:37.038007 (3914607) main____ INFO      version   : 2023.12p001 64 bits
2026-02-26 08:35:37.038020 (3914607) main____ INFO      build date: 2024.01.23 16:09:24 UTC
2026-02-26 08:35:37.038030 (3914607) main____ INFO    ----------------------------------------
2026-02-26 08:35:37.038040 (3914607) main____ INFO    Runtime info:
2026-02-26 08:35:37.038050 (3914607) main____ INFO      platform  : Linux 4.18.0-553.89.1.el8_10.x86_64 x86_64
2026-02-26 08:35:37.038070 (3914607) main____ INFO      hostname  : caddy15.stanford.edu
2026-02-26 08:35:37.038086 (3914607) main____ INFO      pid       : 3914607
2026-02-26 08:35:37.038098 (3914607) main____ INFO      arguments : '-style' 'windows' '-allow_unsupported_OS' '-no_gui' '-fpv' './synthlc/i_ADDI_out/xHBPerfG_dfg_v3_div/WHB_43_.tcl' '-proj' './synthlc/i_ADDI_out/xHBPerfG_dfg_v3_div/WHB_43_jgsession_26-02-26-08_35_36'
2026-02-26 08:35:37.038115 (3914607) main____ INFO      locale    : UTF-8
2026-02-26 08:35:37.038138 (3914607) main____ INFO    ----------------------------------------
2026-02-26 08:35:37.038147 (3914607) main____ INFO    System resource limits info:
2026-02-26 08:35:37.038160 (3914607) main____ INFO      virtual memory: unlimited
2026-02-26 08:35:37.038172 (3914607) main____ INFO      cpu time      : unlimited
2026-02-26 08:35:37.038191 (3914607) main____ INFO      processes     : 4096
2026-02-26 08:35:37.038211 (3914607) main____ INFO      stack size    : 8388608 B
2026-02-26 08:35:37.038226 (3914607) main____ INFO      core file size: 0 B
2026-02-26 08:35:37.038238 (3914607) main____ INFO      open files    : 4096
2026-02-26 08:35:37.038250 (3914607) main____ INFO      file size     : unlimited
2026-02-26 08:35:37.038260 (3914607) main____ INFO    ----------------------------------------
2026-02-26 08:35:37.038269 (3914607) main____ INFO    Memory statistics:
2026-02-26 08:35:37.038280 (3914607) main____ INFO      total physical memory  : 98449092 kB
2026-02-26 08:35:37.038291 (3914607) main____ INFO      free physical memory   : 78833228 kB
2026-02-26 08:35:37.038316 (3914607) main____ INFO      committed address space: 3776112 kB
2026-02-26 08:35:37.038326 (3914607) main____ INFO    ----------------------------------------
2026-02-26 08:35:37.039494 (3914607) main____ INFO    Important environment variables:
2026-02-26 08:35:37.039523 (3914607) main____ INFO      CDS_LIC_FILE       : '5280@cadlic0'
2026-02-26 08:35:37.039535 (3914607) main____ INFO      JASPER_INSTALL_DIR : '/cad/cadence/jasper_2023.12p001'
2026-02-26 08:35:37.039547 (3914607) main____ INFO      JASPER_KERNEL_CHECK: '1'
2026-02-26 08:35:37.039559 (3914607) main____ INFO      JASPER_OS_CHECK    : '0'
2026-02-26 08:35:37.039571 (3914607) main____ INFO      LANG               : 'en_US.UTF-8'
2026-02-26 08:35:37.039581 (3914607) main____ INFO    ----------------------------------------
2026-02-26 08:35:37.040690 (3914607) lic_core INFO    Initializing license system ...
2026-02-26 08:35:37.044139 (3914607) lic_core INFO    ... license system initialized.
2026-02-26 08:35:37.055014 (3914607) lic__man INFO    Claim 'main' for <ui>.
2026-02-26 08:35:37.055083 (3914607) lic_core INFO    (1) checking out 'jasper_interactive' ...
2026-02-26 08:35:37.067409 (3914607) lic_core INFO    ... (1) checkout succeeded
2026-02-26 08:35:37.067504 (3914607) lic__man INFO    Claim 'fpv' for <ui>.
2026-02-26 08:35:37.067532 (3914607) lic_core INFO    (2) checking out 'jasper_fpv' ...
2026-02-26 08:35:37.072144 (3914607) lic_core INFO    ... (2) checkout failed (error: -5) ("FLEXnet ERROR(-5, 0, 0): No such feature exists.")
2026-02-26 08:35:37.072190 (3914607) lic_core INFO    (3) checking out 'jasper_fao' ...
2026-02-26 08:35:37.082981 (3914607) lic_core INFO    ... (3) checkout succeeded
2026-02-26 08:35:37.089224 (3914607) main____ INFO    Tool inactivity delay is 480000 ms.
2026-02-26 08:35:37.089534 (3914620) stdio___ INFO    Starting STDIN reader (tty: yes, tty name: '/dev/pts/0')
2026-02-26 08:35:37.229980 (3914607) session_ INFO    Starting analysis session with session id 'session_0' (launcher: <local>) ...
2026-02-26 08:35:37.231907 (3914607) session_ INFO    Analysis session with session id 'session_0' started (pid: 3914621)
2026-02-26 08:35:38.757022 (3914607) session_ INFO    Analysis session 'session_0' connected to the console (host: 127.0.0.1:48580)
2026-02-26 08:35:42.674511 (3914607) lic__man INFO    Unclaim everything for 'session_0'.
2026-02-26 08:35:42.963834 (3914607) lic__man INFO    Claim 'fpv' for 'session_0'.
2026-02-26 08:35:42.963880 (3914607) lic__man INFO    Claim 'fpv' for 'session_0/prove-0'.
2026-02-26 08:35:45.062674 (3914607) lic__man INFO    Unclaim everything for 'session_0/prove-0'.
2026-02-26 08:35:45.117516 (3914607) main____ INFO    About to exit: request to exit with status 0 received from analysis session 'session_0'
2026-02-26 08:35:45.343900 (3914607) session_ INFO    Analysis session 'session_0' disconnected.
2026-02-26 08:35:45.344039 (3914607) lic__man INFO    Unclaim everything for 'session_0'.
2026-02-26 08:35:45.346607 (3914607) session_ INFO    Process for analysis session 'session_0' has exited with exit status '0'.
2026-02-26 08:35:47.024503 (3914620) stdio___ INFO    STDIN reader requested to stop.
2026-02-26 08:35:47.024545 (3914620) stdio___ INFO    STDIN reader stopped.
2026-02-26 08:35:47.024788 (3914607) lic_core INFO    (1) checkin jasper_interactive
2026-02-26 08:35:47.025726 (3914607) lic_core INFO    (3) checkin jasper_fao
2026-02-26 08:35:47.027259 (3914607) main____ INFO    Exiting with status 0.
