2026-02-26 00:55:10.124282 (3573436) main____ INFO    ----------------------------------------
2026-02-26 00:55:10.124387 (3573436) main____ INFO    Jasper version info
2026-02-26 00:55:10.124402 (3573436) main____ INFO      tool      : Jasper 2023.12
2026-02-26 00:55:10.124418 (3573436) main____ INFO      version   : 2023.12p001 64 bits
2026-02-26 00:55:10.124431 (3573436) main____ INFO      build date: 2024.01.23 16:09:24 UTC
2026-02-26 00:55:10.124441 (3573436) main____ INFO    ----------------------------------------
2026-02-26 00:55:10.124450 (3573436) main____ INFO    Runtime info:
2026-02-26 00:55:10.124461 (3573436) main____ INFO      platform  : Linux 4.18.0-553.89.1.el8_10.x86_64 x86_64
2026-02-26 00:55:10.124479 (3573436) main____ INFO      hostname  : caddy15.stanford.edu
2026-02-26 00:55:10.124495 (3573436) main____ INFO      pid       : 3573436
2026-02-26 00:55:10.124507 (3573436) main____ INFO      arguments : '-style' 'windows' '-allow_unsupported_OS' '-no_gui' '-fpv' './synthlc/i_ADDI_out/xPairwiseDepDiv/exclusive_94_.tcl' '-proj' './synthlc/i_ADDI_out/xPairwiseDepDiv/exclusive_94_jgsession_26-02-26-00_55_09'
2026-02-26 00:55:10.124524 (3573436) main____ INFO      locale    : UTF-8
2026-02-26 00:55:10.124533 (3573436) main____ INFO    ----------------------------------------
2026-02-26 00:55:10.124543 (3573436) main____ INFO    System resource limits info:
2026-02-26 00:55:10.124555 (3573436) main____ INFO      virtual memory: unlimited
2026-02-26 00:55:10.124567 (3573436) main____ INFO      cpu time      : unlimited
2026-02-26 00:55:10.124596 (3573436) main____ INFO      processes     : 4096
2026-02-26 00:55:10.124615 (3573436) main____ INFO      stack size    : 8388608 B
2026-02-26 00:55:10.124629 (3573436) main____ INFO      core file size: 0 B
2026-02-26 00:55:10.124643 (3573436) main____ INFO      open files    : 4096
2026-02-26 00:55:10.124655 (3573436) main____ INFO      file size     : unlimited
2026-02-26 00:55:10.124665 (3573436) main____ INFO    ----------------------------------------
2026-02-26 00:55:10.124674 (3573436) main____ INFO    Memory statistics:
2026-02-26 00:55:10.124686 (3573436) main____ INFO      total physical memory  : 98449092 kB
2026-02-26 00:55:10.124697 (3573436) main____ INFO      free physical memory   : 74557236 kB
2026-02-26 00:55:10.124708 (3573436) main____ INFO      committed address space: 9289552 kB
2026-02-26 00:55:10.124717 (3573436) main____ INFO    ----------------------------------------
2026-02-26 00:55:10.125889 (3573436) main____ INFO    Important environment variables:
2026-02-26 00:55:10.125915 (3573436) main____ INFO      CDS_LIC_FILE       : '5280@cadlic0'
2026-02-26 00:55:10.125927 (3573436) main____ INFO      JASPER_INSTALL_DIR : '/cad/cadence/jasper_2023.12p001'
2026-02-26 00:55:10.125939 (3573436) main____ INFO      JASPER_KERNEL_CHECK: '1'
2026-02-26 00:55:10.125951 (3573436) main____ INFO      JASPER_OS_CHECK    : '0'
2026-02-26 00:55:10.125963 (3573436) main____ INFO      LANG               : 'en_US.UTF-8'
2026-02-26 00:55:10.125973 (3573436) main____ INFO    ----------------------------------------
2026-02-26 00:55:10.127087 (3573436) lic_core INFO    Initializing license system ...
2026-02-26 00:55:10.150575 (3573436) lic_core INFO    ... license system initialized.
2026-02-26 00:55:10.280664 (3573436) lic__man INFO    Claim 'main' for <ui>.
2026-02-26 00:55:10.280738 (3573436) lic_core INFO    (1) checking out 'jasper_interactive' ...
2026-02-26 00:55:10.294860 (3573436) lic_core INFO    ... (1) checkout succeeded
2026-02-26 00:55:10.294970 (3573436) lic__man INFO    Claim 'fpv' for <ui>.
2026-02-26 00:55:10.294998 (3573436) lic_core INFO    (2) checking out 'jasper_fpv' ...
2026-02-26 00:55:10.317668 (3573436) lic_core INFO    ... (2) checkout failed (error: -5) ("FLEXnet ERROR(-5, 0, 0): No such feature exists.")
2026-02-26 00:55:10.317726 (3573436) lic_core INFO    (3) checking out 'jasper_fao' ...
2026-02-26 00:55:10.356640 (3573436) lic_core INFO    ... (3) checkout succeeded
2026-02-26 00:55:10.358155 (3573436) main____ INFO    Tool inactivity delay is 480000 ms.
2026-02-26 00:55:10.367545 (3573452) stdio___ INFO    Starting STDIN reader (tty: yes, tty name: '/dev/pts/0')
2026-02-26 00:55:10.651026 (3573436) session_ INFO    Starting analysis session with session id 'session_0' (launcher: <local>) ...
2026-02-26 00:55:10.652960 (3573436) session_ INFO    Analysis session with session id 'session_0' started (pid: 3573455)
2026-02-26 00:55:12.383998 (3573436) session_ INFO    Analysis session 'session_0' connected to the console (host: 127.0.0.1:37672)
2026-02-26 00:55:16.662543 (3573436) lic__man INFO    Unclaim everything for 'session_0'.
2026-02-26 00:55:16.941726 (3573436) lic__man INFO    Claim 'fpv' for 'session_0'.
2026-02-26 00:55:16.941774 (3573436) lic__man INFO    Claim 'fpv' for 'session_0/prove-0'.
2026-02-26 00:55:19.203980 (3573436) lic__man INFO    Unclaim everything for 'session_0/prove-0'.
2026-02-26 00:55:19.244712 (3573436) main____ INFO    About to exit: request to exit with status 0 received from analysis session 'session_0'
2026-02-26 00:55:19.460666 (3573436) session_ INFO    Analysis session 'session_0' disconnected.
2026-02-26 00:55:19.460816 (3573436) lic__man INFO    Unclaim everything for 'session_0'.
2026-02-26 00:55:19.461012 (3573436) session_ INFO    Process for analysis session 'session_0' has exited with exit status '0'.
2026-02-26 00:55:21.360391 (3573452) stdio___ INFO    STDIN reader requested to stop.
2026-02-26 00:55:21.360447 (3573452) stdio___ INFO    STDIN reader stopped.
2026-02-26 00:55:21.360734 (3573436) lic_core INFO    (1) checkin jasper_interactive
2026-02-26 00:55:21.362360 (3573436) lic_core INFO    (3) checkin jasper_fao
2026-02-26 00:55:21.364426 (3573436) main____ INFO    Exiting with status 0.
