2026-02-26 02:49:23.724023 (3660806) main____ INFO    ----------------------------------------
2026-02-26 02:49:23.724124 (3660806) main____ INFO    Jasper version info
2026-02-26 02:49:23.724141 (3660806) main____ INFO      tool      : Jasper 2023.12
2026-02-26 02:49:23.724158 (3660806) main____ INFO      version   : 2023.12p001 64 bits
2026-02-26 02:49:23.724174 (3660806) main____ INFO      build date: 2024.01.23 16:09:24 UTC
2026-02-26 02:49:23.724185 (3660806) main____ INFO    ----------------------------------------
2026-02-26 02:49:23.724195 (3660806) main____ INFO    Runtime info:
2026-02-26 02:49:23.724206 (3660806) main____ INFO      platform  : Linux 4.18.0-553.89.1.el8_10.x86_64 x86_64
2026-02-26 02:49:23.724228 (3660806) main____ INFO      hostname  : caddy15.stanford.edu
2026-02-26 02:49:23.724245 (3660806) main____ INFO      pid       : 3660806
2026-02-26 02:49:23.724257 (3660806) main____ INFO      arguments : '-style' 'windows' '-allow_unsupported_OS' '-no_gui' '-fpv' './synthlc/i_ADDI_out/xPairwiseDepDiv/nunv_anytwo_338_.tcl' '-proj' './synthlc/i_ADDI_out/xPairwiseDepDiv/nunv_anytwo_338_jgsession_26-02-26-02_49_22'
2026-02-26 02:49:23.724276 (3660806) main____ INFO      locale    : UTF-8
2026-02-26 02:49:23.724287 (3660806) main____ INFO    ----------------------------------------
2026-02-26 02:49:23.724297 (3660806) main____ INFO    System resource limits info:
2026-02-26 02:49:23.724329 (3660806) main____ INFO      virtual memory: unlimited
2026-02-26 02:49:23.724343 (3660806) main____ INFO      cpu time      : unlimited
2026-02-26 02:49:23.724364 (3660806) main____ INFO      processes     : 4096
2026-02-26 02:49:23.724387 (3660806) main____ INFO      stack size    : 8388608 B
2026-02-26 02:49:23.724414 (3660806) main____ INFO      core file size: 0 B
2026-02-26 02:49:23.724429 (3660806) main____ INFO      open files    : 4096
2026-02-26 02:49:23.724442 (3660806) main____ INFO      file size     : unlimited
2026-02-26 02:49:23.724453 (3660806) main____ INFO    ----------------------------------------
2026-02-26 02:49:23.724463 (3660806) main____ INFO    Memory statistics:
2026-02-26 02:49:23.724476 (3660806) main____ INFO      total physical memory  : 98449092 kB
2026-02-26 02:49:23.724489 (3660806) main____ INFO      free physical memory   : 78762320 kB
2026-02-26 02:49:23.724502 (3660806) main____ INFO      committed address space: 4395928 kB
2026-02-26 02:49:23.724512 (3660806) main____ INFO    ----------------------------------------
2026-02-26 02:49:23.725701 (3660806) main____ INFO    Important environment variables:
2026-02-26 02:49:23.725728 (3660806) main____ INFO      CDS_LIC_FILE       : '5280@cadlic0'
2026-02-26 02:49:23.725742 (3660806) main____ INFO      JASPER_INSTALL_DIR : '/cad/cadence/jasper_2023.12p001'
2026-02-26 02:49:23.725756 (3660806) main____ INFO      JASPER_KERNEL_CHECK: '1'
2026-02-26 02:49:23.725770 (3660806) main____ INFO      JASPER_OS_CHECK    : '0'
2026-02-26 02:49:23.725783 (3660806) main____ INFO      LANG               : 'en_US.UTF-8'
2026-02-26 02:49:23.725794 (3660806) main____ INFO    ----------------------------------------
2026-02-26 02:49:23.728531 (3660806) lic_core INFO    Initializing license system ...
2026-02-26 02:49:23.751635 (3660806) lic_core INFO    ... license system initialized.
2026-02-26 02:49:23.899663 (3660806) lic__man INFO    Claim 'main' for <ui>.
2026-02-26 02:49:23.899728 (3660806) lic_core INFO    (1) checking out 'jasper_interactive' ...
2026-02-26 02:49:23.980567 (3660806) lic_core INFO    ... (1) checkout succeeded
2026-02-26 02:49:23.980668 (3660806) lic__man INFO    Claim 'fpv' for <ui>.
2026-02-26 02:49:23.980696 (3660806) lic_core INFO    (2) checking out 'jasper_fpv' ...
2026-02-26 02:49:24.050795 (3660806) lic_core INFO    ... (2) checkout failed (error: -5) ("FLEXnet ERROR(-5, 0, 0): No such feature exists.")
2026-02-26 02:49:24.050856 (3660806) lic_core INFO    (3) checking out 'jasper_fao' ...
2026-02-26 02:49:24.145571 (3660806) lic_core INFO    ... (3) checkout succeeded
2026-02-26 02:49:24.158262 (3660806) main____ INFO    Tool inactivity delay is 480000 ms.
2026-02-26 02:49:24.166559 (3660834) stdio___ INFO    Starting STDIN reader (tty: yes, tty name: '/dev/pts/0')
2026-02-26 02:49:24.537506 (3660806) session_ INFO    Starting analysis session with session id 'session_0' (launcher: <local>) ...
2026-02-26 02:49:24.539426 (3660806) session_ INFO    Analysis session with session id 'session_0' started (pid: 3660838)
2026-02-26 02:49:25.954687 (3660806) session_ INFO    Analysis session 'session_0' connected to the console (host: 127.0.0.1:53932)
2026-02-26 02:49:30.906185 (3660806) lic__man INFO    Unclaim everything for 'session_0'.
2026-02-26 02:49:31.548947 (3660806) lic__man INFO    Claim 'fpv' for 'session_0'.
2026-02-26 02:49:31.548988 (3660806) lic__man INFO    Claim 'fpv' for 'session_0/prove-0'.
2026-02-26 02:49:51.990899 (3660806) lic__man INFO    Unclaim everything for 'session_0/prove-0'.
2026-02-26 02:49:52.058828 (3660806) main____ INFO    About to exit: request to exit with status 0 received from analysis session 'session_0'
2026-02-26 02:49:52.572019 (3660806) session_ INFO    Analysis session 'session_0' disconnected.
2026-02-26 02:49:52.572176 (3660806) lic__man INFO    Unclaim everything for 'session_0'.
2026-02-26 02:49:52.582741 (3660806) session_ INFO    Process for analysis session 'session_0' has exited with exit status '0'.
2026-02-26 02:49:53.982012 (3660834) stdio___ INFO    STDIN reader requested to stop.
2026-02-26 02:49:53.982062 (3660834) stdio___ INFO    STDIN reader stopped.
2026-02-26 02:49:53.982413 (3660806) lic_core INFO    (1) checkin jasper_interactive
2026-02-26 02:49:53.983289 (3660806) lic_core INFO    (3) checkin jasper_fao
2026-02-26 02:49:53.984370 (3660806) main____ INFO    Exiting with status 0.
