2026-02-27 17:04:47.271981 (3241350) main____ INFO    ----------------------------------------
2026-02-27 17:04:47.272052 (3241350) main____ INFO    Jasper version info
2026-02-27 17:04:47.272069 (3241350) main____ INFO      tool      : Jasper 2023.12
2026-02-27 17:04:47.272084 (3241350) main____ INFO      version   : 2023.12p001 64 bits
2026-02-27 17:04:47.272097 (3241350) main____ INFO      build date: 2024.01.23 16:09:24 UTC
2026-02-27 17:04:47.272108 (3241350) main____ INFO    ----------------------------------------
2026-02-27 17:04:47.272118 (3241350) main____ INFO    Runtime info:
2026-02-27 17:04:47.272130 (3241350) main____ INFO      platform  : Linux 4.18.0-553.89.1.el8_10.x86_64 x86_64
2026-02-27 17:04:47.272146 (3241350) main____ INFO      hostname  : caddy12.stanford.edu
2026-02-27 17:04:47.272161 (3241350) main____ INFO      pid       : 3241350
2026-02-27 17:04:47.272172 (3241350) main____ INFO      arguments : '-style' 'windows' '-allow_unsupported_OS' '-no_gui' '-fpv' './synthlc/i_DIV_out/xHBPerfG_dfg_v3_div/WHB_122_.tcl' '-proj' './synthlc/i_DIV_out/xHBPerfG_dfg_v3_div/WHB_122_jgsession_26-02-27-17_04_47'
2026-02-27 17:04:47.272188 (3241350) main____ INFO      locale    : UTF-8
2026-02-27 17:04:47.272198 (3241350) main____ INFO    ----------------------------------------
2026-02-27 17:04:47.272208 (3241350) main____ INFO    System resource limits info:
2026-02-27 17:04:47.272221 (3241350) main____ INFO      virtual memory: unlimited
2026-02-27 17:04:47.272234 (3241350) main____ INFO      cpu time      : unlimited
2026-02-27 17:04:47.272250 (3241350) main____ INFO      processes     : 4096
2026-02-27 17:04:47.272268 (3241350) main____ INFO      stack size    : 8388608 B
2026-02-27 17:04:47.280858 (3241350) main____ INFO      core file size: 0 B
2026-02-27 17:04:47.280874 (3241350) main____ INFO      open files    : 4096
2026-02-27 17:04:47.280886 (3241350) main____ INFO      file size     : unlimited
2026-02-27 17:04:47.280897 (3241350) main____ INFO    ----------------------------------------
2026-02-27 17:04:47.280907 (3241350) main____ INFO    Memory statistics:
2026-02-27 17:04:47.280919 (3241350) main____ INFO      total physical memory  : 98449088 kB
2026-02-27 17:04:47.280931 (3241350) main____ INFO      free physical memory   : 78949152 kB
2026-02-27 17:04:47.280943 (3241350) main____ INFO      committed address space: 1746008 kB
2026-02-27 17:04:47.280953 (3241350) main____ INFO    ----------------------------------------
2026-02-27 17:04:47.282102 (3241350) main____ INFO    Important environment variables:
2026-02-27 17:04:47.291108 (3241350) main____ INFO      CDS_LIC_FILE       : '5280@cadlic0'
2026-02-27 17:04:47.291147 (3241350) main____ INFO      DISPLAY            : 'localhost:12.0'
2026-02-27 17:04:47.291181 (3241350) main____ INFO      JASPER_INSTALL_DIR : '/cad/cadence/jasper_2023.12p001'
2026-02-27 17:04:47.291215 (3241350) main____ INFO      JASPER_KERNEL_CHECK: '1'
2026-02-27 17:04:47.291248 (3241350) main____ INFO      JASPER_OS_CHECK    : '0'
2026-02-27 17:04:47.291282 (3241350) main____ INFO      LANG               : 'zh_TW.UTF-8'
2026-02-27 17:04:47.291311 (3241350) main____ INFO    ----------------------------------------
2026-02-27 17:04:47.292559 (3241350) lic_core INFO    Initializing license system ...
2026-02-27 17:04:47.302350 (3241350) lic_core INFO    ... license system initialized.
2026-02-27 17:04:47.372143 (3241350) lic__man INFO    Claim 'main' for <ui>.
2026-02-27 17:04:47.372194 (3241350) lic_core INFO    (1) checking out 'jasper_interactive' ...
2026-02-27 17:04:47.384550 (3241350) lic_core INFO    ... (1) checkout succeeded
2026-02-27 17:04:47.384626 (3241350) lic__man INFO    Claim 'fpv' for <ui>.
2026-02-27 17:04:47.384650 (3241350) lic_core INFO    (2) checking out 'jasper_fpv' ...
2026-02-27 17:04:47.389323 (3241350) lic_core INFO    ... (2) checkout failed (error: -5) ("FLEXnet ERROR(-5, 0, 0): No such feature exists.")
2026-02-27 17:04:47.390741 (3241350) lic_core INFO    (3) checking out 'jasper_fao' ...
2026-02-27 17:04:47.402423 (3241350) lic_core INFO    ... (3) checkout succeeded
2026-02-27 17:04:47.403459 (3241361) stdio___ INFO    Starting STDIN reader (tty: yes, tty name: '/dev/pts/0')
2026-02-27 17:04:47.411344 (3241350) main____ INFO    Tool inactivity delay is 480000 ms.
2026-02-27 17:04:47.527193 (3241350) session_ INFO    Starting analysis session with session id 'session_0' (launcher: <local>) ...
2026-02-27 17:04:47.528994 (3241350) session_ INFO    Analysis session with session id 'session_0' started (pid: 3241369)
2026-02-27 17:04:48.638152 (3241350) session_ INFO    Analysis session 'session_0' connected to the console (host: 127.0.0.1:46028)
2026-02-27 17:04:51.900864 (3241350) lic__man INFO    Unclaim everything for 'session_0'.
2026-02-27 17:04:52.120165 (3241350) lic__man INFO    Claim 'fpv' for 'session_0'.
2026-02-27 17:04:52.120207 (3241350) lic__man INFO    Claim 'fpv' for 'session_0/prove-0'.
2026-02-27 17:04:54.196078 (3241350) lic__man INFO    Unclaim everything for 'session_0/prove-0'.
2026-02-27 17:04:54.266968 (3241350) main____ INFO    About to exit: request to exit with status 0 received from analysis session 'session_0'
2026-02-27 17:04:54.457840 (3241350) session_ INFO    Analysis session 'session_0' disconnected.
2026-02-27 17:04:54.457959 (3241350) lic__man INFO    Unclaim everything for 'session_0'.
2026-02-27 17:04:54.458211 (3241350) session_ INFO    Process for analysis session 'session_0' has exited with exit status '0'.
2026-02-27 17:04:56.374701 (3241361) stdio___ INFO    STDIN reader requested to stop.
2026-02-27 17:04:56.374748 (3241361) stdio___ INFO    STDIN reader stopped.
2026-02-27 17:04:56.374963 (3241350) lic_core INFO    (1) checkin jasper_interactive
2026-02-27 17:04:56.376292 (3241350) lic_core INFO    (3) checkin jasper_fao
2026-02-27 17:04:56.382642 (3241350) main____ INFO    Exiting with status 0.
