2026-02-26 05:43:37.423862 (3788039) main____ INFO    ----------------------------------------
2026-02-26 05:43:37.423964 (3788039) main____ INFO    Jasper version info
2026-02-26 05:43:37.423983 (3788039) main____ INFO      tool      : Jasper 2023.12
2026-02-26 05:43:37.424001 (3788039) main____ INFO      version   : 2023.12p001 64 bits
2026-02-26 05:43:37.424017 (3788039) main____ INFO      build date: 2024.01.23 16:09:24 UTC
2026-02-26 05:43:37.424028 (3788039) main____ INFO    ----------------------------------------
2026-02-26 05:43:37.424039 (3788039) main____ INFO    Runtime info:
2026-02-26 05:43:37.424051 (3788039) main____ INFO      platform  : Linux 4.18.0-553.89.1.el8_10.x86_64 x86_64
2026-02-26 05:43:37.424073 (3788039) main____ INFO      hostname  : caddy15.stanford.edu
2026-02-26 05:43:37.424092 (3788039) main____ INFO      pid       : 3788039
2026-02-26 05:43:37.424105 (3788039) main____ INFO      arguments : '-style' 'windows' '-allow_unsupported_OS' '-no_gui' '-fpv' './synthlc/i_ADDI_out/xPerfLocSubsetDiv/coverset_85_.tcl' '-proj' './synthlc/i_ADDI_out/xPerfLocSubsetDiv/coverset_85_jgsession_26-02-26-05_43_36'
2026-02-26 05:43:37.424125 (3788039) main____ INFO      locale    : UTF-8
2026-02-26 05:43:37.424136 (3788039) main____ INFO    ----------------------------------------
2026-02-26 05:43:37.424147 (3788039) main____ INFO    System resource limits info:
2026-02-26 05:43:37.424161 (3788039) main____ INFO      virtual memory: unlimited
2026-02-26 05:43:37.424176 (3788039) main____ INFO      cpu time      : unlimited
2026-02-26 05:43:37.424198 (3788039) main____ INFO      processes     : 4096
2026-02-26 05:43:37.424222 (3788039) main____ INFO      stack size    : 8388608 B
2026-02-26 05:43:37.424239 (3788039) main____ INFO      core file size: 0 B
2026-02-26 05:43:37.424254 (3788039) main____ INFO      open files    : 4096
2026-02-26 05:43:37.424268 (3788039) main____ INFO      file size     : unlimited
2026-02-26 05:43:37.424280 (3788039) main____ INFO    ----------------------------------------
2026-02-26 05:43:37.424290 (3788039) main____ INFO    Memory statistics:
2026-02-26 05:43:37.424319 (3788039) main____ INFO      total physical memory  : 98449092 kB
2026-02-26 05:43:37.424333 (3788039) main____ INFO      free physical memory   : 72387564 kB
2026-02-26 05:43:37.424347 (3788039) main____ INFO      committed address space: 10800580 kB
2026-02-26 05:43:37.424358 (3788039) main____ INFO    ----------------------------------------
2026-02-26 05:43:37.425722 (3788039) main____ INFO    Important environment variables:
2026-02-26 05:43:37.425757 (3788039) main____ INFO      CDS_LIC_FILE       : '5280@cadlic0'
2026-02-26 05:43:37.425772 (3788039) main____ INFO      JASPER_INSTALL_DIR : '/cad/cadence/jasper_2023.12p001'
2026-02-26 05:43:37.425787 (3788039) main____ INFO      JASPER_KERNEL_CHECK: '1'
2026-02-26 05:43:37.425801 (3788039) main____ INFO      JASPER_OS_CHECK    : '0'
2026-02-26 05:43:37.425823 (3788039) main____ INFO      LANG               : 'en_US.UTF-8'
2026-02-26 05:43:37.425835 (3788039) main____ INFO    ----------------------------------------
2026-02-26 05:43:37.427508 (3788039) lic_core INFO    Initializing license system ...
2026-02-26 05:43:37.440354 (3788039) lic_core INFO    ... license system initialized.
2026-02-26 05:43:37.519705 (3788039) lic__man INFO    Claim 'main' for <ui>.
2026-02-26 05:43:37.519775 (3788039) lic_core INFO    (1) checking out 'jasper_interactive' ...
2026-02-26 05:43:37.562085 (3788039) lic_core INFO    ... (1) checkout succeeded
2026-02-26 05:43:37.562184 (3788039) lic__man INFO    Claim 'fpv' for <ui>.
2026-02-26 05:43:37.562212 (3788039) lic_core INFO    (2) checking out 'jasper_fpv' ...
2026-02-26 05:43:37.580808 (3788039) lic_core INFO    ... (2) checkout failed (error: -5) ("FLEXnet ERROR(-5, 0, 0): No such feature exists.")
2026-02-26 05:43:37.580916 (3788039) lic_core INFO    (3) checking out 'jasper_fao' ...
2026-02-26 05:43:37.640091 (3788039) lic_core INFO    ... (3) checkout succeeded
2026-02-26 05:43:37.641543 (3788039) main____ INFO    Tool inactivity delay is 480000 ms.
2026-02-26 05:43:37.646503 (3788055) stdio___ INFO    Starting STDIN reader (tty: yes, tty name: '/dev/pts/0')
2026-02-26 05:43:37.766631 (3788039) session_ INFO    Starting analysis session with session id 'session_0' (launcher: <local>) ...
2026-02-26 05:43:37.768703 (3788039) session_ INFO    Analysis session with session id 'session_0' started (pid: 3788058)
2026-02-26 05:43:39.979868 (3788039) session_ INFO    Analysis session 'session_0' connected to the console (host: 127.0.0.1:35514)
2026-02-26 05:43:44.259531 (3788039) lic__man INFO    Unclaim everything for 'session_0'.
2026-02-26 05:43:44.533332 (3788039) lic__man INFO    Claim 'fpv' for 'session_0'.
2026-02-26 05:43:44.533379 (3788039) lic__man INFO    Claim 'fpv' for 'session_0/prove-0'.
2026-02-26 05:43:54.577386 (3788039) lic__man INFO    Unclaim everything for 'session_0/prove-0'.
2026-02-26 05:43:54.581006 (3788039) main____ INFO    About to exit: request to exit with status 0 received from analysis session 'session_0'
2026-02-26 05:43:54.745619 (3788039) session_ INFO    Analysis session 'session_0' disconnected.
2026-02-26 05:43:54.745767 (3788039) lic__man INFO    Unclaim everything for 'session_0'.
2026-02-26 05:43:54.745956 (3788039) session_ INFO    Process for analysis session 'session_0' has exited with exit status '0'.
2026-02-26 05:43:56.508437 (3788055) stdio___ INFO    STDIN reader requested to stop.
2026-02-26 05:43:56.508501 (3788055) stdio___ INFO    STDIN reader stopped.
2026-02-26 05:43:56.509174 (3788039) lic_core INFO    (1) checkin jasper_interactive
2026-02-26 05:43:56.513266 (3788039) lic_core INFO    (3) checkin jasper_fao
2026-02-26 05:43:56.521314 (3788039) main____ INFO    Exiting with status 0.
