2026-03-02 00:26:44.070413 (809789) main____ INFO    ----------------------------------------
2026-03-02 00:26:44.070484 (809789) main____ INFO    Jasper version info
2026-03-02 00:26:44.070499 (809789) main____ INFO      tool      : Jasper 2023.12
2026-03-02 00:26:44.070513 (809789) main____ INFO      version   : 2023.12p001 64 bits
2026-03-02 00:26:44.070525 (809789) main____ INFO      build date: 2024.01.23 16:09:24 UTC
2026-03-02 00:26:44.070536 (809789) main____ INFO    ----------------------------------------
2026-03-02 00:26:44.070545 (809789) main____ INFO    Runtime info:
2026-03-02 00:26:44.070555 (809789) main____ INFO      platform  : Linux 4.18.0-553.89.1.el8_10.x86_64 x86_64
2026-03-02 00:26:44.070572 (809789) main____ INFO      hostname  : caddy10.stanford.edu
2026-03-02 00:26:44.070587 (809789) main____ INFO      pid       : 809789
2026-03-02 00:26:44.070598 (809789) main____ INFO      arguments : '-style' 'windows' '-allow_unsupported_OS' '-no_gui' '-fpv' './synthlc/i_MUL_out/xHBPerfG_dfg_v3_div/WHB_112_.tcl' '-proj' './synthlc/i_MUL_out/xHBPerfG_dfg_v3_div/WHB_112_jgsession_26-03-02-00_26_43'
2026-03-02 00:26:44.070614 (809789) main____ INFO      locale    : UTF-8
2026-03-02 00:26:44.070623 (809789) main____ INFO    ----------------------------------------
2026-03-02 00:26:44.070633 (809789) main____ INFO    System resource limits info:
2026-03-02 00:26:44.070645 (809789) main____ INFO      virtual memory: unlimited
2026-03-02 00:26:44.070657 (809789) main____ INFO      cpu time      : unlimited
2026-03-02 00:26:44.070673 (809789) main____ INFO      processes     : 4096
2026-03-02 00:26:44.070692 (809789) main____ INFO      stack size    : 8388608 B
2026-03-02 00:26:44.070706 (809789) main____ INFO      core file size: 0 B
2026-03-02 00:26:44.070719 (809789) main____ INFO      open files    : 4096
2026-03-02 00:26:44.070730 (809789) main____ INFO      file size     : unlimited
2026-03-02 00:26:44.070740 (809789) main____ INFO    ----------------------------------------
2026-03-02 00:26:44.070749 (809789) main____ INFO    Memory statistics:
2026-03-02 00:26:44.070760 (809789) main____ INFO      total physical memory  : 98449096 kB
2026-03-02 00:26:44.070771 (809789) main____ INFO      free physical memory   : 91812460 kB
2026-03-02 00:26:44.070782 (809789) main____ INFO      committed address space: 2278464 kB
2026-03-02 00:26:44.070792 (809789) main____ INFO    ----------------------------------------
2026-03-02 00:26:44.071903 (809789) main____ INFO    Important environment variables:
2026-03-02 00:26:44.071926 (809789) main____ INFO      CDS_LIC_FILE       : '5280@cadlic0'
2026-03-02 00:26:44.071938 (809789) main____ INFO      JASPER_INSTALL_DIR : '/cad/cadence/jasper_2023.12p001'
2026-03-02 00:26:44.071950 (809789) main____ INFO      JASPER_KERNEL_CHECK: '1'
2026-03-02 00:26:44.071962 (809789) main____ INFO      JASPER_OS_CHECK    : '0'
2026-03-02 00:26:44.071974 (809789) main____ INFO      LANG               : 'en_US.UTF-8'
2026-03-02 00:26:44.071983 (809789) main____ INFO    ----------------------------------------
2026-03-02 00:26:44.073075 (809789) lic_core INFO    Initializing license system ...
2026-03-02 00:26:44.074603 (809789) lic_core INFO    ... license system initialized.
2026-03-02 00:26:44.085942 (809789) lic__man INFO    Claim 'main' for <ui>.
2026-03-02 00:26:44.085986 (809789) lic_core INFO    (1) checking out 'jasper_interactive' ...
2026-03-02 00:26:44.098776 (809789) lic_core INFO    ... (1) checkout succeeded
2026-03-02 00:26:44.098834 (809789) lic__man INFO    Claim 'fpv' for <ui>.
2026-03-02 00:26:44.098857 (809789) lic_core INFO    (2) checking out 'jasper_fpv' ...
2026-03-02 00:26:44.102787 (809789) lic_core INFO    ... (2) checkout failed (error: -5) ("FLEXnet ERROR(-5, 0, 0): No such feature exists.")
2026-03-02 00:26:44.102819 (809789) lic_core INFO    (3) checking out 'jasper_fao' ...
2026-03-02 00:26:44.113542 (809789) lic_core INFO    ... (3) checkout succeeded
2026-03-02 00:26:44.114492 (809800) stdio___ INFO    Starting STDIN reader (tty: yes, tty name: '/dev/pts/7')
2026-03-02 00:26:44.114611 (809789) main____ INFO    Tool inactivity delay is 480000 ms.
2026-03-02 00:26:44.156328 (809789) session_ INFO    Starting analysis session with session id 'session_0' (launcher: <local>) ...
2026-03-02 00:26:44.158040 (809789) session_ INFO    Analysis session with session id 'session_0' started (pid: 809801)
2026-03-02 00:26:45.221989 (809789) session_ INFO    Analysis session 'session_0' connected to the console (host: 127.0.0.1:57124)
2026-03-02 00:26:48.777251 (809789) lic__man INFO    Unclaim everything for 'session_0'.
2026-03-02 00:26:49.131704 (809789) lic__man INFO    Claim 'fpv' for 'session_0'.
2026-03-02 00:26:49.131746 (809789) lic__man INFO    Claim 'fpv' for 'session_0/prove-0'.
2026-03-02 00:26:50.810176 (809789) lic__man INFO    Unclaim everything for 'session_0/prove-0'.
2026-03-02 00:26:50.840623 (809789) main____ INFO    About to exit: request to exit with status 0 received from analysis session 'session_0'
2026-03-02 00:26:51.152646 (809789) session_ INFO    Analysis session 'session_0' disconnected.
2026-03-02 00:26:51.152783 (809789) lic__man INFO    Unclaim everything for 'session_0'.
2026-03-02 00:26:51.153064 (809789) session_ INFO    Process for analysis session 'session_0' has exited with exit status '0'.
2026-03-02 00:26:52.883562 (809800) stdio___ INFO    STDIN reader requested to stop.
2026-03-02 00:26:52.883614 (809800) stdio___ INFO    STDIN reader stopped.
2026-03-02 00:26:52.883940 (809789) lic_core INFO    (1) checkin jasper_interactive
2026-03-02 00:26:52.884946 (809789) lic_core INFO    (3) checkin jasper_fao
2026-03-02 00:26:52.886170 (809789) main____ INFO    Exiting with status 0.
