2026-02-28 19:46:09.622002 (979890) main____ INFO    ----------------------------------------
2026-02-28 19:46:09.622082 (979890) main____ INFO    Jasper version info
2026-02-28 19:46:09.622097 (979890) main____ INFO      tool      : Jasper 2023.12
2026-02-28 19:46:09.622111 (979890) main____ INFO      version   : 2023.12p001 64 bits
2026-02-28 19:46:09.622123 (979890) main____ INFO      build date: 2024.01.23 16:09:24 UTC
2026-02-28 19:46:09.622133 (979890) main____ INFO    ----------------------------------------
2026-02-28 19:46:09.622142 (979890) main____ INFO    Runtime info:
2026-02-28 19:46:09.622153 (979890) main____ INFO      platform  : Linux 4.18.0-553.89.1.el8_10.x86_64 x86_64
2026-02-28 19:46:09.622169 (979890) main____ INFO      hostname  : caddy15.stanford.edu
2026-02-28 19:46:09.622184 (979890) main____ INFO      pid       : 979890
2026-02-28 19:46:09.622195 (979890) main____ INFO      arguments : '-style' 'windows' '-allow_unsupported_OS' '-no_gui' '-fpv' './synthlc/i_ADDI_out/xHBPerfG_dfg_v3_div/HB_7_.tcl' '-proj' './synthlc/i_ADDI_out/xHBPerfG_dfg_v3_div/HB_7_jgsession_26-02-28-19_46_09'
2026-02-28 19:46:09.622211 (979890) main____ INFO      locale    : UTF-8
2026-02-28 19:46:09.622221 (979890) main____ INFO    ----------------------------------------
2026-02-28 19:46:09.622230 (979890) main____ INFO    System resource limits info:
2026-02-28 19:46:09.622242 (979890) main____ INFO      virtual memory: unlimited
2026-02-28 19:46:09.622253 (979890) main____ INFO      cpu time      : unlimited
2026-02-28 19:46:09.622270 (979890) main____ INFO      processes     : 4096
2026-02-28 19:46:09.622288 (979890) main____ INFO      stack size    : 8388608 B
2026-02-28 19:46:09.622314 (979890) main____ INFO      core file size: 0 B
2026-02-28 19:46:09.622327 (979890) main____ INFO      open files    : 4096
2026-02-28 19:46:09.622339 (979890) main____ INFO      file size     : unlimited
2026-02-28 19:46:09.622349 (979890) main____ INFO    ----------------------------------------
2026-02-28 19:46:09.622358 (979890) main____ INFO    Memory statistics:
2026-02-28 19:46:09.622370 (979890) main____ INFO      total physical memory  : 98449092 kB
2026-02-28 19:46:09.622381 (979890) main____ INFO      free physical memory   : 79632012 kB
2026-02-28 19:46:09.622392 (979890) main____ INFO      committed address space: 1868960 kB
2026-02-28 19:46:09.622402 (979890) main____ INFO    ----------------------------------------
2026-02-28 19:46:09.623512 (979890) main____ INFO    Important environment variables:
2026-02-28 19:46:09.623535 (979890) main____ INFO      CDS_LIC_FILE       : '5280@cadlic0'
2026-02-28 19:46:09.623547 (979890) main____ INFO      JASPER_INSTALL_DIR : '/cad/cadence/jasper_2023.12p001'
2026-02-28 19:46:09.623559 (979890) main____ INFO      JASPER_KERNEL_CHECK: '1'
2026-02-28 19:46:09.623571 (979890) main____ INFO      JASPER_OS_CHECK    : '0'
2026-02-28 19:46:09.623583 (979890) main____ INFO      LANG               : 'en_US.UTF-8'
2026-02-28 19:46:09.623593 (979890) main____ INFO    ----------------------------------------
2026-02-28 19:46:09.624681 (979890) lic_core INFO    Initializing license system ...
2026-02-28 19:46:09.626113 (979890) lic_core INFO    ... license system initialized.
2026-02-28 19:46:09.638481 (979890) lic__man INFO    Claim 'main' for <ui>.
2026-02-28 19:46:09.638542 (979890) lic_core INFO    (1) checking out 'jasper_interactive' ...
2026-02-28 19:46:09.651500 (979890) lic_core INFO    ... (1) checkout succeeded
2026-02-28 19:46:09.651607 (979890) lic__man INFO    Claim 'fpv' for <ui>.
2026-02-28 19:46:09.651634 (979890) lic_core INFO    (2) checking out 'jasper_fpv' ...
2026-02-28 19:46:09.656454 (979890) lic_core INFO    ... (2) checkout failed (error: -5) ("FLEXnet ERROR(-5, 0, 0): No such feature exists.")
2026-02-28 19:46:09.656490 (979890) lic_core INFO    (3) checking out 'jasper_fao' ...
2026-02-28 19:46:09.668232 (979890) lic_core INFO    ... (3) checkout succeeded
2026-02-28 19:46:09.669363 (979901) stdio___ INFO    Starting STDIN reader (tty: yes, tty name: '/dev/pts/0')
2026-02-28 19:46:09.669464 (979890) main____ INFO    Tool inactivity delay is 480000 ms.
2026-02-28 19:46:09.714299 (979890) session_ INFO    Starting analysis session with session id 'session_0' (launcher: <local>) ...
2026-02-28 19:46:09.716199 (979890) session_ INFO    Analysis session with session id 'session_0' started (pid: 979902)
2026-02-28 19:46:10.820160 (979890) session_ INFO    Analysis session 'session_0' connected to the console (host: 127.0.0.1:50824)
2026-02-28 19:46:13.863129 (979890) lic__man INFO    Unclaim everything for 'session_0'.
2026-02-28 19:46:14.068094 (979890) lic__man INFO    Claim 'fpv' for 'session_0'.
2026-02-28 19:46:14.068131 (979890) lic__man INFO    Claim 'fpv' for 'session_0/prove-0'.
2026-02-28 19:46:15.268961 (979890) lic__man INFO    Unclaim everything for 'session_0/prove-0'.
2026-02-28 19:46:15.310441 (979890) main____ INFO    About to exit: request to exit with status 0 received from analysis session 'session_0'
2026-02-28 19:46:15.480567 (979890) session_ INFO    Analysis session 'session_0' disconnected.
2026-02-28 19:46:15.480774 (979890) lic__man INFO    Unclaim everything for 'session_0'.
2026-02-28 19:46:15.480968 (979890) session_ INFO    Process for analysis session 'session_0' has exited with exit status '0'.
2026-02-28 19:46:17.403927 (979901) stdio___ INFO    STDIN reader requested to stop.
2026-02-28 19:46:17.403971 (979901) stdio___ INFO    STDIN reader stopped.
2026-02-28 19:46:17.404223 (979890) lic_core INFO    (1) checkin jasper_interactive
2026-02-28 19:46:17.405334 (979890) lic_core INFO    (3) checkin jasper_fao
2026-02-28 19:46:17.406394 (979890) main____ INFO    Exiting with status 0.
