2026-02-28 21:40:05.765618 (3704718) main____ INFO    ----------------------------------------
2026-02-28 21:40:05.765746 (3704718) main____ INFO    Jasper version info
2026-02-28 21:40:05.765766 (3704718) main____ INFO      tool      : Jasper 2023.12
2026-02-28 21:40:05.765785 (3704718) main____ INFO      version   : 2023.12p001 64 bits
2026-02-28 21:40:05.765802 (3704718) main____ INFO      build date: 2024.01.23 16:09:24 UTC
2026-02-28 21:40:05.765814 (3704718) main____ INFO    ----------------------------------------
2026-02-28 21:40:05.765826 (3704718) main____ INFO    Runtime info:
2026-02-28 21:40:05.765840 (3704718) main____ INFO      platform  : Linux 4.18.0-553.89.1.el8_10.x86_64 x86_64
2026-02-28 21:40:05.765862 (3704718) main____ INFO      hostname  : caddy12.stanford.edu
2026-02-28 21:40:05.765881 (3704718) main____ INFO      pid       : 3704718
2026-02-28 21:40:05.765894 (3704718) main____ INFO      arguments : '-style' 'windows' '-allow_unsupported_OS' '-no_gui' '-fpv' './synthlc/i_ADDI_out/xPairwiseDepDiv/exclusive_30_.tcl' '-proj' './synthlc/i_ADDI_out/xPairwiseDepDiv/exclusive_30_jgsession_26-02-28-21_40_04'
2026-02-28 21:40:05.765914 (3704718) main____ INFO      locale    : UTF-8
2026-02-28 21:40:05.765926 (3704718) main____ INFO    ----------------------------------------
2026-02-28 21:40:05.765938 (3704718) main____ INFO    System resource limits info:
2026-02-28 21:40:05.765953 (3704718) main____ INFO      virtual memory: unlimited
2026-02-28 21:40:05.765968 (3704718) main____ INFO      cpu time      : unlimited
2026-02-28 21:40:05.765990 (3704718) main____ INFO      processes     : 4096
2026-02-28 21:40:05.766024 (3704718) main____ INFO      stack size    : 8388608 B
2026-02-28 21:40:05.766042 (3704718) main____ INFO      core file size: 0 B
2026-02-28 21:40:05.766057 (3704718) main____ INFO      open files    : 4096
2026-02-28 21:40:05.766072 (3704718) main____ INFO      file size     : unlimited
2026-02-28 21:40:05.766084 (3704718) main____ INFO    ----------------------------------------
2026-02-28 21:40:05.766095 (3704718) main____ INFO    Memory statistics:
2026-02-28 21:40:05.766110 (3704718) main____ INFO      total physical memory  : 98449088 kB
2026-02-28 21:40:05.766124 (3704718) main____ INFO      free physical memory   : 79684580 kB
2026-02-28 21:40:05.766138 (3704718) main____ INFO      committed address space: 16165648 kB
2026-02-28 21:40:05.766150 (3704718) main____ INFO    ----------------------------------------
2026-02-28 21:40:05.767534 (3704718) main____ INFO    Important environment variables:
2026-02-28 21:40:05.767564 (3704718) main____ INFO      CDS_LIC_FILE       : '5280@cadlic0'
2026-02-28 21:40:05.767580 (3704718) main____ INFO      DISPLAY            : 'localhost:12.0'
2026-02-28 21:40:05.767594 (3704718) main____ INFO      JASPER_INSTALL_DIR : '/cad/cadence/jasper_2023.12p001'
2026-02-28 21:40:05.767608 (3704718) main____ INFO      JASPER_KERNEL_CHECK: '1'
2026-02-28 21:40:05.767623 (3704718) main____ INFO      JASPER_OS_CHECK    : '0'
2026-02-28 21:40:05.767637 (3704718) main____ INFO      LANG               : 'zh_TW.UTF-8'
2026-02-28 21:40:05.767649 (3704718) main____ INFO    ----------------------------------------
2026-02-28 21:40:05.779847 (3704718) lic_core INFO    Initializing license system ...
2026-02-28 21:40:05.814083 (3704718) lic_core INFO    ... license system initialized.
2026-02-28 21:40:05.966075 (3704718) lic__man INFO    Claim 'main' for <ui>.
2026-02-28 21:40:05.966159 (3704718) lic_core INFO    (1) checking out 'jasper_interactive' ...
2026-02-28 21:40:06.025321 (3704718) lic_core INFO    ... (1) checkout succeeded
2026-02-28 21:40:06.025452 (3704718) lic__man INFO    Claim 'fpv' for <ui>.
2026-02-28 21:40:06.025486 (3704718) lic_core INFO    (2) checking out 'jasper_fpv' ...
2026-02-28 21:40:06.082172 (3704718) lic_core INFO    ... (2) checkout failed (error: -5) ("FLEXnet ERROR(-5, 0, 0): No such feature exists.")
2026-02-28 21:40:06.082294 (3704718) lic_core INFO    (3) checking out 'jasper_fao' ...
2026-02-28 21:40:06.145163 (3704718) lic_core INFO    ... (3) checkout succeeded
2026-02-28 21:40:06.147597 (3704718) main____ INFO    Tool inactivity delay is 480000 ms.
2026-02-28 21:40:06.165774 (3704734) stdio___ INFO    Starting STDIN reader (tty: yes, tty name: '/dev/pts/0')
2026-02-28 21:40:06.482856 (3704718) session_ INFO    Starting analysis session with session id 'session_0' (launcher: <local>) ...
2026-02-28 21:40:06.484898 (3704718) session_ INFO    Analysis session with session id 'session_0' started (pid: 3704735)
2026-02-28 21:40:10.424572 (3704718) session_ INFO    Analysis session 'session_0' connected to the console (host: 127.0.0.1:41360)
2026-02-28 21:40:19.637522 (3704718) lic__man INFO    Unclaim everything for 'session_0'.
2026-02-28 21:40:20.151929 (3704718) lic__man INFO    Claim 'fpv' for 'session_0'.
2026-02-28 21:40:20.151977 (3704718) lic__man INFO    Claim 'fpv' for 'session_0/prove-0'.
2026-02-28 21:41:53.323448 (3704718) lic__man INFO    Unclaim everything for 'session_0/prove-0'.
2026-02-28 21:41:53.384871 (3704718) main____ INFO    About to exit: request to exit with status 0 received from analysis session 'session_0'
2026-02-28 21:41:53.578967 (3704718) session_ INFO    Analysis session 'session_0' disconnected.
2026-02-28 21:41:53.579146 (3704718) lic__man INFO    Unclaim everything for 'session_0'.
2026-02-28 21:41:53.595999 (3704718) session_ INFO    Process for analysis session 'session_0' has exited with exit status '0'.
2026-02-28 21:41:55.417747 (3704734) stdio___ INFO    STDIN reader requested to stop.
2026-02-28 21:41:55.417824 (3704734) stdio___ INFO    STDIN reader stopped.
2026-02-28 21:41:55.418223 (3704718) lic_core INFO    (1) checkin jasper_interactive
2026-02-28 21:41:55.427600 (3704718) lic_core INFO    (3) checkin jasper_fao
2026-02-28 21:41:55.461365 (3704718) main____ INFO    Exiting with status 0.
