2026-02-25 14:15:14.373897 (3227403) main____ INFO    ----------------------------------------
2026-02-25 14:15:14.373996 (3227403) main____ INFO    Jasper version info
2026-02-25 14:15:14.374011 (3227403) main____ INFO      tool      : Jasper 2023.12
2026-02-25 14:15:14.374026 (3227403) main____ INFO      version   : 2023.12p001 64 bits
2026-02-25 14:15:14.374039 (3227403) main____ INFO      build date: 2024.01.23 16:09:24 UTC
2026-02-25 14:15:14.374049 (3227403) main____ INFO    ----------------------------------------
2026-02-25 14:15:14.374058 (3227403) main____ INFO    Runtime info:
2026-02-25 14:15:14.374068 (3227403) main____ INFO      platform  : Linux 4.18.0-553.89.1.el8_10.x86_64 x86_64
2026-02-25 14:15:14.374088 (3227403) main____ INFO      hostname  : caddy15.stanford.edu
2026-02-25 14:15:14.374103 (3227403) main____ INFO      pid       : 3227403
2026-02-25 14:15:14.374116 (3227403) main____ INFO      arguments : '-style' 'windows' '-allow_unsupported_OS' '-no_gui' '-fpv' './synthlc/i_DIV_out/xPerfLocSubsetDiv/coverset_13_.tcl' '-proj' './synthlc/i_DIV_out/xPerfLocSubsetDiv/coverset_13_jgsession_26-02-25-14_15_13'
2026-02-25 14:15:14.374133 (3227403) main____ INFO      locale    : UTF-8
2026-02-25 14:15:14.374143 (3227403) main____ INFO    ----------------------------------------
2026-02-25 14:15:14.374152 (3227403) main____ INFO    System resource limits info:
2026-02-25 14:15:14.374164 (3227403) main____ INFO      virtual memory: unlimited
2026-02-25 14:15:14.374176 (3227403) main____ INFO      cpu time      : unlimited
2026-02-25 14:15:14.374194 (3227403) main____ INFO      processes     : 4096
2026-02-25 14:15:14.374216 (3227403) main____ INFO      stack size    : 8388608 B
2026-02-25 14:15:14.374230 (3227403) main____ INFO      core file size: 0 B
2026-02-25 14:15:14.374243 (3227403) main____ INFO      open files    : 4096
2026-02-25 14:15:14.374255 (3227403) main____ INFO      file size     : unlimited
2026-02-25 14:15:14.374265 (3227403) main____ INFO    ----------------------------------------
2026-02-25 14:15:14.374274 (3227403) main____ INFO    Memory statistics:
2026-02-25 14:15:14.374285 (3227403) main____ INFO      total physical memory  : 98449092 kB
2026-02-25 14:15:14.374296 (3227403) main____ INFO      free physical memory   : 77299500 kB
2026-02-25 14:15:14.374321 (3227403) main____ INFO      committed address space: 8285544 kB
2026-02-25 14:15:14.374330 (3227403) main____ INFO    ----------------------------------------
2026-02-25 14:15:14.375515 (3227403) main____ INFO    Important environment variables:
2026-02-25 14:15:14.375543 (3227403) main____ INFO      CDS_LIC_FILE       : '5280@cadlic0'
2026-02-25 14:15:14.375555 (3227403) main____ INFO      JASPER_INSTALL_DIR : '/cad/cadence/jasper_2023.12p001'
2026-02-25 14:15:14.375567 (3227403) main____ INFO      JASPER_KERNEL_CHECK: '1'
2026-02-25 14:15:14.375579 (3227403) main____ INFO      JASPER_OS_CHECK    : '0'
2026-02-25 14:15:14.375599 (3227403) main____ INFO      LANG               : 'en_US.UTF-8'
2026-02-25 14:15:14.375609 (3227403) main____ INFO    ----------------------------------------
2026-02-25 14:15:14.378498 (3227403) lic_core INFO    Initializing license system ...
2026-02-25 14:15:14.439659 (3227403) lic_core INFO    ... license system initialized.
2026-02-25 14:15:14.609626 (3227403) lic__man INFO    Claim 'main' for <ui>.
2026-02-25 14:15:14.609698 (3227403) lic_core INFO    (1) checking out 'jasper_interactive' ...
2026-02-25 14:15:14.667618 (3227403) lic_core INFO    ... (1) checkout succeeded
2026-02-25 14:15:14.667721 (3227403) lic__man INFO    Claim 'fpv' for <ui>.
2026-02-25 14:15:14.667750 (3227403) lic_core INFO    (2) checking out 'jasper_fpv' ...
2026-02-25 14:15:14.731829 (3227403) lic_core INFO    ... (2) checkout failed (error: -5) ("FLEXnet ERROR(-5, 0, 0): No such feature exists.")
2026-02-25 14:15:14.731931 (3227403) lic_core INFO    (3) checking out 'jasper_fao' ...
2026-02-25 14:15:14.812626 (3227403) lic_core INFO    ... (3) checkout succeeded
2026-02-25 14:15:14.837266 (3227403) main____ INFO    Tool inactivity delay is 480000 ms.
2026-02-25 14:15:14.846557 (3227414) stdio___ INFO    Starting STDIN reader (tty: yes, tty name: '/dev/pts/0')
2026-02-25 14:15:15.233446 (3227403) session_ INFO    Starting analysis session with session id 'session_0' (launcher: <local>) ...
2026-02-25 14:15:15.235445 (3227403) session_ INFO    Analysis session with session id 'session_0' started (pid: 3227415)
2026-02-25 14:15:19.085894 (3227403) session_ INFO    Analysis session 'session_0' connected to the console (host: 127.0.0.1:51444)
2026-02-25 14:15:22.591566 (3227403) lic__man INFO    Unclaim everything for 'session_0'.
2026-02-25 14:15:22.967966 (3227403) lic__man INFO    Claim 'fpv' for 'session_0'.
2026-02-25 14:15:22.968013 (3227403) lic__man INFO    Claim 'fpv' for 'session_0/prove-0'.
2026-02-25 14:15:29.701814 (3227403) lic__man INFO    Unclaim everything for 'session_0/prove-0'.
2026-02-25 14:15:29.749503 (3227403) main____ INFO    About to exit: request to exit with status 0 received from analysis session 'session_0'
2026-02-25 14:15:30.030578 (3227403) session_ INFO    Analysis session 'session_0' disconnected.
2026-02-25 14:15:30.030751 (3227403) lic__man INFO    Unclaim everything for 'session_0'.
2026-02-25 14:15:30.030952 (3227403) session_ INFO    Process for analysis session 'session_0' has exited with exit status '0'.
2026-02-25 14:15:31.857769 (3227414) stdio___ INFO    STDIN reader requested to stop.
2026-02-25 14:15:31.857823 (3227414) stdio___ INFO    STDIN reader stopped.
2026-02-25 14:15:31.858131 (3227403) lic_core INFO    (1) checkin jasper_interactive
2026-02-25 14:15:31.859505 (3227403) lic_core INFO    (3) checkin jasper_fao
2026-02-25 14:15:31.862087 (3227403) main____ INFO    Exiting with status 0.
