2026-02-28 22:47:42.018837 (1034045) main____ INFO    ----------------------------------------
2026-02-28 22:47:42.018940 (1034045) main____ INFO    Jasper version info
2026-02-28 22:47:42.018956 (1034045) main____ INFO      tool      : Jasper 2023.12
2026-02-28 22:47:42.018972 (1034045) main____ INFO      version   : 2023.12p001 64 bits
2026-02-28 22:47:42.018985 (1034045) main____ INFO      build date: 2024.01.23 16:09:24 UTC
2026-02-28 22:47:42.018995 (1034045) main____ INFO    ----------------------------------------
2026-02-28 22:47:42.019004 (1034045) main____ INFO    Runtime info:
2026-02-28 22:47:42.019015 (1034045) main____ INFO      platform  : Linux 4.18.0-553.89.1.el8_10.x86_64 x86_64
2026-02-28 22:47:42.019034 (1034045) main____ INFO      hostname  : caddy15.stanford.edu
2026-02-28 22:47:42.019050 (1034045) main____ INFO      pid       : 1034045
2026-02-28 22:47:42.019061 (1034045) main____ INFO      arguments : '-style' 'windows' '-allow_unsupported_OS' '-no_gui' '-fpv' './synthlc/i_BEQ_out/xPairwiseDepDiv/nunv_anytwo_15_.tcl' '-proj' './synthlc/i_BEQ_out/xPairwiseDepDiv/nunv_anytwo_15_jgsession_26-02-28-22_47_41'
2026-02-28 22:47:42.019078 (1034045) main____ INFO      locale    : UTF-8
2026-02-28 22:47:42.019088 (1034045) main____ INFO    ----------------------------------------
2026-02-28 22:47:42.019097 (1034045) main____ INFO    System resource limits info:
2026-02-28 22:47:42.019109 (1034045) main____ INFO      virtual memory: unlimited
2026-02-28 22:47:42.019121 (1034045) main____ INFO      cpu time      : unlimited
2026-02-28 22:47:42.019140 (1034045) main____ INFO      processes     : 4096
2026-02-28 22:47:42.019162 (1034045) main____ INFO      stack size    : 8388608 B
2026-02-28 22:47:42.019176 (1034045) main____ INFO      core file size: 0 B
2026-02-28 22:47:42.019190 (1034045) main____ INFO      open files    : 4096
2026-02-28 22:47:42.019202 (1034045) main____ INFO      file size     : unlimited
2026-02-28 22:47:42.019211 (1034045) main____ INFO    ----------------------------------------
2026-02-28 22:47:42.019220 (1034045) main____ INFO    Memory statistics:
2026-02-28 22:47:42.019232 (1034045) main____ INFO      total physical memory  : 98449092 kB
2026-02-28 22:47:42.019244 (1034045) main____ INFO      free physical memory   : 78635736 kB
2026-02-28 22:47:42.019255 (1034045) main____ INFO      committed address space: 3955616 kB
2026-02-28 22:47:42.019265 (1034045) main____ INFO    ----------------------------------------
2026-02-28 22:47:42.020473 (1034045) main____ INFO    Important environment variables:
2026-02-28 22:47:42.020505 (1034045) main____ INFO      CDS_LIC_FILE       : '5280@cadlic0'
2026-02-28 22:47:42.020517 (1034045) main____ INFO      JASPER_INSTALL_DIR : '/cad/cadence/jasper_2023.12p001'
2026-02-28 22:47:42.020529 (1034045) main____ INFO      JASPER_KERNEL_CHECK: '1'
2026-02-28 22:47:42.020542 (1034045) main____ INFO      JASPER_OS_CHECK    : '0'
2026-02-28 22:47:42.020554 (1034045) main____ INFO      LANG               : 'en_US.UTF-8'
2026-02-28 22:47:42.020564 (1034045) main____ INFO    ----------------------------------------
2026-02-28 22:47:42.033467 (1034045) lic_core INFO    Initializing license system ...
2026-02-28 22:47:42.048635 (1034045) lic_core INFO    ... license system initialized.
2026-02-28 22:47:42.217591 (1034045) lic__man INFO    Claim 'main' for <ui>.
2026-02-28 22:47:42.217669 (1034045) lic_core INFO    (1) checking out 'jasper_interactive' ...
2026-02-28 22:47:42.296750 (1034045) lic_core INFO    ... (1) checkout succeeded
2026-02-28 22:47:42.296865 (1034045) lic__man INFO    Claim 'fpv' for <ui>.
2026-02-28 22:47:42.296892 (1034045) lic_core INFO    (2) checking out 'jasper_fpv' ...
2026-02-28 22:47:42.371793 (1034045) lic_core INFO    ... (2) checkout failed (error: -5) ("FLEXnet ERROR(-5, 0, 0): No such feature exists.")
2026-02-28 22:47:42.371852 (1034045) lic_core INFO    (3) checking out 'jasper_fao' ...
2026-02-28 22:47:42.447788 (1034045) lic_core INFO    ... (3) checkout succeeded
2026-02-28 22:47:42.460289 (1034045) main____ INFO    Tool inactivity delay is 480000 ms.
2026-02-28 22:47:42.468546 (1034073) stdio___ INFO    Starting STDIN reader (tty: yes, tty name: '/dev/pts/0')
2026-02-28 22:47:42.871519 (1034045) session_ INFO    Starting analysis session with session id 'session_0' (launcher: <local>) ...
2026-02-28 22:47:42.873446 (1034045) session_ INFO    Analysis session with session id 'session_0' started (pid: 1034074)
2026-02-28 22:47:45.161183 (1034045) session_ INFO    Analysis session 'session_0' connected to the console (host: 127.0.0.1:34482)
2026-02-28 22:47:49.161733 (1034045) lic__man INFO    Unclaim everything for 'session_0'.
2026-02-28 22:47:49.385520 (1034045) lic__man INFO    Claim 'fpv' for 'session_0'.
2026-02-28 22:47:49.385552 (1034045) lic__man INFO    Claim 'fpv' for 'session_0/prove-0'.
2026-02-28 22:47:57.354649 (1034045) lic__man INFO    Unclaim everything for 'session_0/prove-0'.
2026-02-28 22:47:57.396444 (1034045) main____ INFO    About to exit: request to exit with status 0 received from analysis session 'session_0'
2026-02-28 22:47:57.600160 (1034045) session_ INFO    Analysis session 'session_0' disconnected.
2026-02-28 22:47:57.600350 (1034045) lic__man INFO    Unclaim everything for 'session_0'.
2026-02-28 22:47:57.600532 (1034045) session_ INFO    Process for analysis session 'session_0' has exited with exit status '0'.
2026-02-28 22:47:59.402802 (1034073) stdio___ INFO    STDIN reader requested to stop.
2026-02-28 22:47:59.402836 (1034073) stdio___ INFO    STDIN reader stopped.
2026-02-28 22:47:59.403035 (1034045) lic_core INFO    (1) checkin jasper_interactive
2026-02-28 22:47:59.403922 (1034045) lic_core INFO    (3) checkin jasper_fao
2026-02-28 22:47:59.405211 (1034045) main____ INFO    Exiting with status 0.
