2026-03-01 08:02:42.079506 (4113388) main____ INFO    ----------------------------------------
2026-03-01 08:02:42.079584 (4113388) main____ INFO    Jasper version info
2026-03-01 08:02:42.079600 (4113388) main____ INFO      tool      : Jasper 2023.12
2026-03-01 08:02:42.079614 (4113388) main____ INFO      version   : 2023.12p001 64 bits
2026-03-01 08:02:42.079640 (4113388) main____ INFO      build date: 2024.01.23 16:09:24 UTC
2026-03-01 08:02:42.079651 (4113388) main____ INFO    ----------------------------------------
2026-03-01 08:02:42.079680 (4113388) main____ INFO    Runtime info:
2026-03-01 08:02:42.079695 (4113388) main____ INFO      platform  : Linux 4.18.0-553.89.1.el8_10.x86_64 x86_64
2026-03-01 08:02:42.079712 (4113388) main____ INFO      hostname  : caddy12.stanford.edu
2026-03-01 08:02:42.079727 (4113388) main____ INFO      pid       : 4113388
2026-03-01 08:02:42.079738 (4113388) main____ INFO      arguments : '-style' 'windows' '-allow_unsupported_OS' '-no_gui' '-fpv' './synthlc/i_LW_out/xPerfLocSubsetDiv/coverset_222_.tcl' '-proj' './synthlc/i_LW_out/xPerfLocSubsetDiv/coverset_222_jgsession_26-03-01-08_02_41'
2026-03-01 08:02:42.079754 (4113388) main____ INFO      locale    : UTF-8
2026-03-01 08:02:42.079765 (4113388) main____ INFO    ----------------------------------------
2026-03-01 08:02:42.079775 (4113388) main____ INFO    System resource limits info:
2026-03-01 08:02:42.079788 (4113388) main____ INFO      virtual memory: unlimited
2026-03-01 08:02:42.079801 (4113388) main____ INFO      cpu time      : unlimited
2026-03-01 08:02:42.079818 (4113388) main____ INFO      processes     : 4096
2026-03-01 08:02:42.079836 (4113388) main____ INFO      stack size    : 8388608 B
2026-03-01 08:02:42.079851 (4113388) main____ INFO      core file size: 0 B
2026-03-01 08:02:42.079864 (4113388) main____ INFO      open files    : 4096
2026-03-01 08:02:42.079876 (4113388) main____ INFO      file size     : unlimited
2026-03-01 08:02:42.079887 (4113388) main____ INFO    ----------------------------------------
2026-03-01 08:02:42.079897 (4113388) main____ INFO    Memory statistics:
2026-03-01 08:02:42.079909 (4113388) main____ INFO      total physical memory  : 98449088 kB
2026-03-01 08:02:42.079921 (4113388) main____ INFO      free physical memory   : 86517396 kB
2026-03-01 08:02:42.079932 (4113388) main____ INFO      committed address space: 7630672 kB
2026-03-01 08:02:42.079942 (4113388) main____ INFO    ----------------------------------------
2026-03-01 08:02:42.081104 (4113388) main____ INFO    Important environment variables:
2026-03-01 08:02:42.081134 (4113388) main____ INFO      CDS_LIC_FILE       : '5280@cadlic0'
2026-03-01 08:02:42.081148 (4113388) main____ INFO      DISPLAY            : 'localhost:12.0'
2026-03-01 08:02:42.081161 (4113388) main____ INFO      JASPER_INSTALL_DIR : '/cad/cadence/jasper_2023.12p001'
2026-03-01 08:02:42.081173 (4113388) main____ INFO      JASPER_KERNEL_CHECK: '1'
2026-03-01 08:02:42.081186 (4113388) main____ INFO      JASPER_OS_CHECK    : '0'
2026-03-01 08:02:42.081198 (4113388) main____ INFO      LANG               : 'zh_TW.UTF-8'
2026-03-01 08:02:42.081209 (4113388) main____ INFO    ----------------------------------------
2026-03-01 08:02:42.082393 (4113388) lic_core INFO    Initializing license system ...
2026-03-01 08:02:42.083864 (4113388) lic_core INFO    ... license system initialized.
2026-03-01 08:02:42.095775 (4113388) lic__man INFO    Claim 'main' for <ui>.
2026-03-01 08:02:42.095824 (4113388) lic_core INFO    (1) checking out 'jasper_interactive' ...
2026-03-01 08:02:42.107769 (4113388) lic_core INFO    ... (1) checkout succeeded
2026-03-01 08:02:42.107833 (4113388) lic__man INFO    Claim 'fpv' for <ui>.
2026-03-01 08:02:42.107855 (4113388) lic_core INFO    (2) checking out 'jasper_fpv' ...
2026-03-01 08:02:42.111696 (4113388) lic_core INFO    ... (2) checkout failed (error: -5) ("FLEXnet ERROR(-5, 0, 0): No such feature exists.")
2026-03-01 08:02:42.111736 (4113388) lic_core INFO    (3) checking out 'jasper_fao' ...
2026-03-01 08:02:42.122519 (4113388) lic_core INFO    ... (3) checkout succeeded
2026-03-01 08:02:42.123415 (4113401) stdio___ INFO    Starting STDIN reader (tty: yes, tty name: '/dev/pts/0')
2026-03-01 08:02:42.123880 (4113388) main____ INFO    Tool inactivity delay is 480000 ms.
2026-03-01 08:02:42.166136 (4113388) session_ INFO    Starting analysis session with session id 'session_0' (launcher: <local>) ...
2026-03-01 08:02:42.167837 (4113388) session_ INFO    Analysis session with session id 'session_0' started (pid: 4113402)
2026-03-01 08:02:43.416224 (4113388) session_ INFO    Analysis session 'session_0' connected to the console (host: 127.0.0.1:39368)
2026-03-01 08:02:46.931084 (4113388) lic__man INFO    Unclaim everything for 'session_0'.
2026-03-01 08:02:47.135050 (4113388) lic__man INFO    Claim 'fpv' for 'session_0'.
2026-03-01 08:02:47.135091 (4113388) lic__man INFO    Claim 'fpv' for 'session_0/prove-0'.
2026-03-01 08:02:50.855031 (4113388) lic__man INFO    Unclaim everything for 'session_0/prove-0'.
2026-03-01 08:02:50.894946 (4113388) main____ INFO    About to exit: request to exit with status 0 received from analysis session 'session_0'
2026-03-01 08:02:51.216970 (4113388) session_ INFO    Analysis session 'session_0' disconnected.
2026-03-01 08:02:51.217123 (4113388) lic__man INFO    Unclaim everything for 'session_0'.
2026-03-01 08:02:51.217310 (4113388) session_ INFO    Process for analysis session 'session_0' has exited with exit status '0'.
2026-03-01 08:02:52.891630 (4113401) stdio___ INFO    STDIN reader requested to stop.
2026-03-01 08:02:52.891705 (4113401) stdio___ INFO    STDIN reader stopped.
2026-03-01 08:02:52.891899 (4113388) lic_core INFO    (1) checkin jasper_interactive
2026-03-01 08:02:52.893601 (4113388) lic_core INFO    (3) checkin jasper_fao
2026-03-01 08:02:52.894552 (4113388) main____ INFO    Exiting with status 0.
