2026-02-26 13:37:49.256038 (2224294) main____ INFO    ----------------------------------------
2026-02-26 13:37:49.256132 (2224294) main____ INFO    Jasper version info
2026-02-26 13:37:49.256147 (2224294) main____ INFO      tool      : Jasper 2023.12
2026-02-26 13:37:49.256162 (2224294) main____ INFO      version   : 2023.12p001 64 bits
2026-02-26 13:37:49.256176 (2224294) main____ INFO      build date: 2024.01.23 16:09:24 UTC
2026-02-26 13:37:49.256185 (2224294) main____ INFO    ----------------------------------------
2026-02-26 13:37:49.256194 (2224294) main____ INFO    Runtime info:
2026-02-26 13:37:49.256205 (2224294) main____ INFO      platform  : Linux 4.18.0-553.89.1.el8_10.x86_64 x86_64
2026-02-26 13:37:49.256223 (2224294) main____ INFO      hostname  : caddy12.stanford.edu
2026-02-26 13:37:49.256238 (2224294) main____ INFO      pid       : 2224294
2026-02-26 13:37:49.256249 (2224294) main____ INFO      arguments : '-style' 'windows' '-allow_unsupported_OS' '-no_gui' '-fpv' './synthlc/i_DIV_out/xPerfLocCycleCount/cycle_count_div_fsm_s5_.tcl' '-proj' './synthlc/i_DIV_out/xPerfLocCycleCount/cycle_count_div_fsm_s5_jgsession_26-02-26-13_37_49'
2026-02-26 13:37:49.256265 (2224294) main____ INFO      locale    : UTF-8
2026-02-26 13:37:49.256275 (2224294) main____ INFO    ----------------------------------------
2026-02-26 13:37:49.256284 (2224294) main____ INFO    System resource limits info:
2026-02-26 13:37:49.256296 (2224294) main____ INFO      virtual memory: unlimited
2026-02-26 13:37:49.256307 (2224294) main____ INFO      cpu time      : unlimited
2026-02-26 13:37:49.256325 (2224294) main____ INFO      processes     : 4096
2026-02-26 13:37:49.256343 (2224294) main____ INFO      stack size    : 8388608 B
2026-02-26 13:37:49.256357 (2224294) main____ INFO      core file size: 0 B
2026-02-26 13:37:49.256370 (2224294) main____ INFO      open files    : 4096
2026-02-26 13:37:49.256381 (2224294) main____ INFO      file size     : unlimited
2026-02-26 13:37:49.256391 (2224294) main____ INFO    ----------------------------------------
2026-02-26 13:37:49.256400 (2224294) main____ INFO    Memory statistics:
2026-02-26 13:37:49.256411 (2224294) main____ INFO      total physical memory  : 98449088 kB
2026-02-26 13:37:49.256422 (2224294) main____ INFO      free physical memory   : 75759524 kB
2026-02-26 13:37:49.256434 (2224294) main____ INFO      committed address space: 7562188 kB
2026-02-26 13:37:49.256443 (2224294) main____ INFO    ----------------------------------------
2026-02-26 13:37:49.257630 (2224294) main____ INFO    Important environment variables:
2026-02-26 13:37:49.257655 (2224294) main____ INFO      CDS_LIC_FILE       : '5280@cadlic0'
2026-02-26 13:37:49.257677 (2224294) main____ INFO      DISPLAY            : 'localhost:12.0'
2026-02-26 13:37:49.257689 (2224294) main____ INFO      JASPER_INSTALL_DIR : '/cad/cadence/jasper_2023.12p001'
2026-02-26 13:37:49.257701 (2224294) main____ INFO      JASPER_KERNEL_CHECK: '1'
2026-02-26 13:37:49.257713 (2224294) main____ INFO      JASPER_OS_CHECK    : '0'
2026-02-26 13:37:49.257725 (2224294) main____ INFO      LANG               : 'zh_TW.UTF-8'
2026-02-26 13:37:49.257734 (2224294) main____ INFO    ----------------------------------------
2026-02-26 13:37:49.259002 (2224294) lic_core INFO    Initializing license system ...
2026-02-26 13:37:49.262237 (2224294) lic_core INFO    ... license system initialized.
2026-02-26 13:37:49.274058 (2224294) lic__man INFO    Claim 'main' for <ui>.
2026-02-26 13:37:49.274119 (2224294) lic_core INFO    (1) checking out 'jasper_interactive' ...
2026-02-26 13:37:49.288331 (2224294) lic_core INFO    ... (1) checkout succeeded
2026-02-26 13:37:49.288425 (2224294) lic__man INFO    Claim 'fpv' for <ui>.
2026-02-26 13:37:49.288453 (2224294) lic_core INFO    (2) checking out 'jasper_fpv' ...
2026-02-26 13:37:49.293026 (2224294) lic_core INFO    ... (2) checkout failed (error: -5) ("FLEXnet ERROR(-5, 0, 0): No such feature exists.")
2026-02-26 13:37:49.293074 (2224294) lic_core INFO    (3) checking out 'jasper_fao' ...
2026-02-26 13:37:49.304137 (2224294) lic_core INFO    ... (3) checkout succeeded
2026-02-26 13:37:49.308200 (2224305) stdio___ INFO    Starting STDIN reader (tty: yes, tty name: '/dev/pts/0')
2026-02-26 13:37:49.308289 (2224294) main____ INFO    Tool inactivity delay is 480000 ms.
2026-02-26 13:37:49.352883 (2224294) session_ INFO    Starting analysis session with session id 'session_0' (launcher: <local>) ...
2026-02-26 13:37:49.354904 (2224294) session_ INFO    Analysis session with session id 'session_0' started (pid: 2224306)
2026-02-26 13:37:50.547839 (2224294) session_ INFO    Analysis session 'session_0' connected to the console (host: 127.0.0.1:57410)
2026-02-26 13:37:54.254935 (2224294) lic__man INFO    Unclaim everything for 'session_0'.
2026-02-26 13:37:54.498470 (2224294) lic__man INFO    Claim 'fpv' for 'session_0'.
2026-02-26 13:37:54.498514 (2224294) lic__man INFO    Claim 'fpv' for 'session_0/prove-0'.
2026-02-26 13:38:47.974118 (2224294) lic__man INFO    Unclaim everything for 'session_0/prove-0'.
2026-02-26 13:38:48.033944 (2224294) lic__man INFO    Claim 'fpv' for 'session_0'.
2026-02-26 13:38:48.033985 (2224294) lic__man INFO    Claim 'fpv' for 'session_0/prove-1'.
2026-02-26 13:39:46.729981 (2224294) lic__man INFO    Unclaim everything for 'session_0/prove-1'.
2026-02-26 13:39:46.760066 (2224294) lic__man INFO    Claim 'fpv' for 'session_0'.
2026-02-26 13:39:46.760108 (2224294) lic__man INFO    Claim 'fpv' for 'session_0/prove-2'.
2026-02-26 13:41:33.505487 (2224294) lic__man INFO    Unclaim everything for 'session_0/prove-2'.
2026-02-26 13:41:33.536541 (2224294) lic__man INFO    Claim 'fpv' for 'session_0'.
2026-02-26 13:41:33.536578 (2224294) lic__man INFO    Claim 'fpv' for 'session_0/prove-3'.
2026-02-26 13:43:11.299727 (2224294) lic__man INFO    Unclaim everything for 'session_0/prove-3'.
2026-02-26 13:43:11.315619 (2224294) lic__man INFO    Claim 'fpv' for 'session_0'.
2026-02-26 13:43:11.315658 (2224294) lic__man INFO    Claim 'fpv' for 'session_0/prove-4'.
2026-02-26 13:45:23.381955 (2224294) lic__man INFO    Unclaim everything for 'session_0/prove-4'.
2026-02-26 13:45:23.525255 (2224294) lic__man INFO    Claim 'fpv' for 'session_0'.
2026-02-26 13:45:23.525303 (2224294) lic__man INFO    Claim 'fpv' for 'session_0/prove-5'.
2026-02-26 13:46:36.671595 (2224294) lic__man INFO    Unclaim everything for 'session_0/prove-5'.
2026-02-26 13:46:36.705432 (2224294) lic__man INFO    Claim 'fpv' for 'session_0'.
2026-02-26 13:46:36.705478 (2224294) lic__man INFO    Claim 'fpv' for 'session_0/prove-6'.
2026-02-26 13:47:40.829849 (2224294) lic__man INFO    Unclaim everything for 'session_0/prove-6'.
2026-02-26 13:47:40.882933 (2224294) main____ INFO    About to exit: request to exit with status 0 received from analysis session 'session_0'
2026-02-26 13:47:41.033015 (2224294) session_ INFO    Analysis session 'session_0' disconnected.
2026-02-26 13:47:41.033157 (2224294) lic__man INFO    Unclaim everything for 'session_0'.
2026-02-26 13:47:41.035378 (2224294) session_ INFO    Process for analysis session 'session_0' has exited with exit status '0'.
2026-02-26 13:47:42.893618 (2224305) stdio___ INFO    STDIN reader requested to stop.
2026-02-26 13:47:42.893680 (2224305) stdio___ INFO    STDIN reader stopped.
2026-02-26 13:47:42.893970 (2224294) lic_core INFO    (1) checkin jasper_interactive
2026-02-26 13:47:42.894835 (2224294) lic_core INFO    (3) checkin jasper_fao
2026-02-26 13:47:42.897067 (2224294) main____ INFO    Exiting with status 0.
