2026-02-28 23:03:03.748825 (1078810) main____ INFO    ----------------------------------------
2026-02-28 23:03:03.748899 (1078810) main____ INFO    Jasper version info
2026-02-28 23:03:03.748916 (1078810) main____ INFO      tool      : Jasper 2023.12
2026-02-28 23:03:03.748932 (1078810) main____ INFO      version   : 2023.12p001 64 bits
2026-02-28 23:03:03.748947 (1078810) main____ INFO      build date: 2024.01.23 16:09:24 UTC
2026-02-28 23:03:03.748959 (1078810) main____ INFO    ----------------------------------------
2026-02-28 23:03:03.748970 (1078810) main____ INFO    Runtime info:
2026-02-28 23:03:03.748982 (1078810) main____ INFO      platform  : Linux 4.18.0-553.89.1.el8_10.x86_64 x86_64
2026-02-28 23:03:03.749002 (1078810) main____ INFO      hostname  : caddy15.stanford.edu
2026-02-28 23:03:03.749019 (1078810) main____ INFO      pid       : 1078810
2026-02-28 23:03:03.749032 (1078810) main____ INFO      arguments : '-style' 'windows' '-allow_unsupported_OS' '-no_gui' '-fpv' './synthlc/i_BEQ_out/xHBPerfG_dfg_v3_div/HB_109_.tcl' '-proj' './synthlc/i_BEQ_out/xHBPerfG_dfg_v3_div/HB_109_jgsession_26-02-28-23_03_03'
2026-02-28 23:03:03.749049 (1078810) main____ INFO      locale    : UTF-8
2026-02-28 23:03:03.749061 (1078810) main____ INFO    ----------------------------------------
2026-02-28 23:03:03.749072 (1078810) main____ INFO    System resource limits info:
2026-02-28 23:03:03.749086 (1078810) main____ INFO      virtual memory: unlimited
2026-02-28 23:03:03.749100 (1078810) main____ INFO      cpu time      : unlimited
2026-02-28 23:03:03.749119 (1078810) main____ INFO      processes     : 4096
2026-02-28 23:03:03.749139 (1078810) main____ INFO      stack size    : 8388608 B
2026-02-28 23:03:03.749156 (1078810) main____ INFO      core file size: 0 B
2026-02-28 23:03:03.749170 (1078810) main____ INFO      open files    : 4096
2026-02-28 23:03:03.749184 (1078810) main____ INFO      file size     : unlimited
2026-02-28 23:03:03.749196 (1078810) main____ INFO    ----------------------------------------
2026-02-28 23:03:03.749207 (1078810) main____ INFO    Memory statistics:
2026-02-28 23:03:03.749220 (1078810) main____ INFO      total physical memory  : 98449092 kB
2026-02-28 23:03:03.749232 (1078810) main____ INFO      free physical memory   : 79867252 kB
2026-02-28 23:03:03.749245 (1078810) main____ INFO      committed address space: 2097544 kB
2026-02-28 23:03:03.749257 (1078810) main____ INFO    ----------------------------------------
2026-02-28 23:03:03.750585 (1078810) main____ INFO    Important environment variables:
2026-02-28 23:03:03.750617 (1078810) main____ INFO      CDS_LIC_FILE       : '5280@cadlic0'
2026-02-28 23:03:03.750632 (1078810) main____ INFO      JASPER_INSTALL_DIR : '/cad/cadence/jasper_2023.12p001'
2026-02-28 23:03:03.750646 (1078810) main____ INFO      JASPER_KERNEL_CHECK: '1'
2026-02-28 23:03:03.750660 (1078810) main____ INFO      JASPER_OS_CHECK    : '0'
2026-02-28 23:03:03.750674 (1078810) main____ INFO      LANG               : 'en_US.UTF-8'
2026-02-28 23:03:03.750695 (1078810) main____ INFO    ----------------------------------------
2026-02-28 23:03:03.751922 (1078810) lic_core INFO    Initializing license system ...
2026-02-28 23:03:03.753517 (1078810) lic_core INFO    ... license system initialized.
2026-02-28 23:03:03.763727 (1078810) lic__man INFO    Claim 'main' for <ui>.
2026-02-28 23:03:03.763771 (1078810) lic_core INFO    (1) checking out 'jasper_interactive' ...
2026-02-28 23:03:03.776622 (1078810) lic_core INFO    ... (1) checkout succeeded
2026-02-28 23:03:03.776695 (1078810) lic__man INFO    Claim 'fpv' for <ui>.
2026-02-28 23:03:03.776718 (1078810) lic_core INFO    (2) checking out 'jasper_fpv' ...
2026-02-28 23:03:03.780701 (1078810) lic_core INFO    ... (2) checkout failed (error: -5) ("FLEXnet ERROR(-5, 0, 0): No such feature exists.")
2026-02-28 23:03:03.780734 (1078810) lic_core INFO    (3) checking out 'jasper_fao' ...
2026-02-28 23:03:03.791803 (1078810) lic_core INFO    ... (3) checkout succeeded
2026-02-28 23:03:03.792772 (1078823) stdio___ INFO    Starting STDIN reader (tty: yes, tty name: '/dev/pts/0')
2026-02-28 23:03:03.792926 (1078810) main____ INFO    Tool inactivity delay is 480000 ms.
2026-02-28 23:03:03.832200 (1078810) session_ INFO    Starting analysis session with session id 'session_0' (launcher: <local>) ...
2026-02-28 23:03:03.834025 (1078810) session_ INFO    Analysis session with session id 'session_0' started (pid: 1078824)
2026-02-28 23:03:05.080326 (1078810) session_ INFO    Analysis session 'session_0' connected to the console (host: 127.0.0.1:59520)
2026-02-28 23:03:08.086973 (1078810) lic__man INFO    Unclaim everything for 'session_0'.
2026-02-28 23:03:08.290527 (1078810) lic__man INFO    Claim 'fpv' for 'session_0'.
2026-02-28 23:03:08.290563 (1078810) lic__man INFO    Claim 'fpv' for 'session_0/prove-0'.
2026-02-28 23:03:09.253613 (1078810) lic__man INFO    Unclaim everything for 'session_0/prove-0'.
2026-02-28 23:03:09.296471 (1078810) main____ INFO    About to exit: request to exit with status 0 received from analysis session 'session_0'
2026-02-28 23:03:09.444282 (1078810) session_ INFO    Analysis session 'session_0' disconnected.
2026-02-28 23:03:09.444444 (1078810) lic__man INFO    Unclaim everything for 'session_0'.
2026-02-28 23:03:09.444714 (1078810) session_ INFO    Process for analysis session 'session_0' has exited with exit status '0'.
2026-02-28 23:03:11.403825 (1078823) stdio___ INFO    STDIN reader requested to stop.
2026-02-28 23:03:11.403861 (1078823) stdio___ INFO    STDIN reader stopped.
2026-02-28 23:03:11.404092 (1078810) lic_core INFO    (1) checkin jasper_interactive
2026-02-28 23:03:11.405215 (1078810) lic_core INFO    (3) checkin jasper_fao
2026-02-28 23:03:11.406718 (1078810) main____ INFO    Exiting with status 0.
