2026-02-25 12:06:07.178920 (3121271) main____ INFO    ----------------------------------------
2026-02-25 12:06:07.179025 (3121271) main____ INFO    Jasper version info
2026-02-25 12:06:07.179041 (3121271) main____ INFO      tool      : Jasper 2023.12
2026-02-25 12:06:07.179056 (3121271) main____ INFO      version   : 2023.12p001 64 bits
2026-02-25 12:06:07.179070 (3121271) main____ INFO      build date: 2024.01.23 16:09:24 UTC
2026-02-25 12:06:07.179080 (3121271) main____ INFO    ----------------------------------------
2026-02-25 12:06:07.179089 (3121271) main____ INFO    Runtime info:
2026-02-25 12:06:07.179100 (3121271) main____ INFO      platform  : Linux 4.18.0-553.89.1.el8_10.x86_64 x86_64
2026-02-25 12:06:07.179118 (3121271) main____ INFO      hostname  : caddy15.stanford.edu
2026-02-25 12:06:07.179134 (3121271) main____ INFO      pid       : 3121271
2026-02-25 12:06:07.179145 (3121271) main____ INFO      arguments : '-style' 'windows' '-allow_unsupported_OS' '-no_gui' '-fpv' './synthlc/i_DIV_out/xPairwiseDepDiv/nunv_anytwo_120_.tcl' '-proj' './synthlc/i_DIV_out/xPairwiseDepDiv/nunv_anytwo_120_jgsession_26-02-25-12_06_03'
2026-02-25 12:06:07.179175 (3121271) main____ INFO      locale    : UTF-8
2026-02-25 12:06:07.179185 (3121271) main____ INFO    ----------------------------------------
2026-02-25 12:06:07.179195 (3121271) main____ INFO    System resource limits info:
2026-02-25 12:06:07.179207 (3121271) main____ INFO      virtual memory: unlimited
2026-02-25 12:06:07.179219 (3121271) main____ INFO      cpu time      : unlimited
2026-02-25 12:06:07.179237 (3121271) main____ INFO      processes     : 4096
2026-02-25 12:06:07.179258 (3121271) main____ INFO      stack size    : 8388608 B
2026-02-25 12:06:07.179272 (3121271) main____ INFO      core file size: 0 B
2026-02-25 12:06:07.179285 (3121271) main____ INFO      open files    : 4096
2026-02-25 12:06:07.179296 (3121271) main____ INFO      file size     : unlimited
2026-02-25 12:06:07.179321 (3121271) main____ INFO    ----------------------------------------
2026-02-25 12:06:07.179330 (3121271) main____ INFO    Memory statistics:
2026-02-25 12:06:07.179342 (3121271) main____ INFO      total physical memory  : 98449092 kB
2026-02-25 12:06:07.179353 (3121271) main____ INFO      free physical memory   : 74446324 kB
2026-02-25 12:06:07.179365 (3121271) main____ INFO      committed address space: 11760396 kB
2026-02-25 12:06:07.179375 (3121271) main____ INFO    ----------------------------------------
2026-02-25 12:06:07.180551 (3121271) main____ INFO    Important environment variables:
2026-02-25 12:06:07.180577 (3121271) main____ INFO      CDS_LIC_FILE       : '5280@cadlic0'
2026-02-25 12:06:07.180590 (3121271) main____ INFO      JASPER_INSTALL_DIR : '/cad/cadence/jasper_2023.12p001'
2026-02-25 12:06:07.180602 (3121271) main____ INFO      JASPER_KERNEL_CHECK: '1'
2026-02-25 12:06:07.180613 (3121271) main____ INFO      JASPER_OS_CHECK    : '0'
2026-02-25 12:06:07.180625 (3121271) main____ INFO      LANG               : 'en_US.UTF-8'
2026-02-25 12:06:07.180635 (3121271) main____ INFO    ----------------------------------------
2026-02-25 12:06:07.199009 (3121271) lic_core INFO    Initializing license system ...
2026-02-25 12:06:07.302176 (3121271) lic_core INFO    ... license system initialized.
2026-02-25 12:06:08.038660 (3121271) lic__man INFO    Claim 'main' for <ui>.
2026-02-25 12:06:08.038730 (3121271) lic_core INFO    (1) checking out 'jasper_interactive' ...
2026-02-25 12:06:08.125598 (3121271) lic_core INFO    ... (1) checkout succeeded
2026-02-25 12:06:08.125705 (3121271) lic__man INFO    Claim 'fpv' for <ui>.
2026-02-25 12:06:08.125733 (3121271) lic_core INFO    (2) checking out 'jasper_fpv' ...
2026-02-25 12:06:08.180831 (3121271) lic_core INFO    ... (2) checkout failed (error: -5) ("FLEXnet ERROR(-5, 0, 0): No such feature exists.")
2026-02-25 12:06:08.180896 (3121271) lic_core INFO    (3) checking out 'jasper_fao' ...
2026-02-25 12:06:08.253607 (3121271) lic_core INFO    ... (3) checkout succeeded
2026-02-25 12:06:08.292405 (3121271) main____ INFO    Tool inactivity delay is 480000 ms.
2026-02-25 12:06:08.343281 (3121286) stdio___ INFO    Starting STDIN reader (tty: yes, tty name: '/dev/pts/0')
2026-02-25 12:06:08.701476 (3121271) session_ INFO    Starting analysis session with session id 'session_0' (launcher: <local>) ...
2026-02-25 12:06:08.703329 (3121271) session_ INFO    Analysis session with session id 'session_0' started (pid: 3121306)
2026-02-25 12:06:11.686047 (3121271) session_ INFO    Analysis session 'session_0' connected to the console (host: 127.0.0.1:41242)
2026-02-25 12:06:21.409655 (3121271) lic__man INFO    Unclaim everything for 'session_0'.
2026-02-25 12:06:21.820092 (3121271) lic__man INFO    Claim 'fpv' for 'session_0'.
2026-02-25 12:06:21.820138 (3121271) lic__man INFO    Claim 'fpv' for 'session_0/prove-0'.
2026-02-25 12:06:27.091751 (3121271) lic__man INFO    Unclaim everything for 'session_0/prove-0'.
2026-02-25 12:06:27.151312 (3121271) main____ INFO    About to exit: request to exit with status 0 received from analysis session 'session_0'
2026-02-25 12:06:27.609640 (3121271) session_ INFO    Analysis session 'session_0' disconnected.
2026-02-25 12:06:27.609795 (3121271) lic__man INFO    Unclaim everything for 'session_0'.
2026-02-25 12:06:27.609994 (3121271) session_ INFO    Process for analysis session 'session_0' has exited with exit status '0'.
2026-02-25 12:06:29.270377 (3121286) stdio___ INFO    STDIN reader requested to stop.
2026-02-25 12:06:29.270434 (3121286) stdio___ INFO    STDIN reader stopped.
2026-02-25 12:06:29.278620 (3121271) lic_core INFO    (1) checkin jasper_interactive
2026-02-25 12:06:29.280506 (3121271) lic_core INFO    (3) checkin jasper_fao
2026-02-25 12:06:29.313355 (3121271) main____ INFO    Exiting with status 0.
