2026-03-01 13:04:07.264835 (99178) main____ INFO    ----------------------------------------
2026-03-01 13:04:07.264916 (99178) main____ INFO    Jasper version info
2026-03-01 13:04:07.264933 (99178) main____ INFO      tool      : Jasper 2023.12
2026-03-01 13:04:07.264948 (99178) main____ INFO      version   : 2023.12p001 64 bits
2026-03-01 13:04:07.264961 (99178) main____ INFO      build date: 2024.01.23 16:09:24 UTC
2026-03-01 13:04:07.264972 (99178) main____ INFO    ----------------------------------------
2026-03-01 13:04:07.264982 (99178) main____ INFO    Runtime info:
2026-03-01 13:04:07.264993 (99178) main____ INFO      platform  : Linux 4.18.0-553.89.1.el8_10.x86_64 x86_64
2026-03-01 13:04:07.265011 (99178) main____ INFO      hostname  : caddy12.stanford.edu
2026-03-01 13:04:07.265026 (99178) main____ INFO      pid       : 99178
2026-03-01 13:04:07.265037 (99178) main____ INFO      arguments : '-style' 'windows' '-allow_unsupported_OS' '-no_gui' '-fpv' './synthlc/i_LW_out/xHBPerfG_dfg_v3_div/WHB_55_.tcl' '-proj' './synthlc/i_LW_out/xHBPerfG_dfg_v3_div/WHB_55_jgsession_26-03-01-13_04_07'
2026-03-01 13:04:07.265052 (99178) main____ INFO      locale    : UTF-8
2026-03-01 13:04:07.265063 (99178) main____ INFO    ----------------------------------------
2026-03-01 13:04:07.265072 (99178) main____ INFO    System resource limits info:
2026-03-01 13:04:07.265085 (99178) main____ INFO      virtual memory: unlimited
2026-03-01 13:04:07.265097 (99178) main____ INFO      cpu time      : unlimited
2026-03-01 13:04:07.265114 (99178) main____ INFO      processes     : 4096
2026-03-01 13:04:07.265132 (99178) main____ INFO      stack size    : 8388608 B
2026-03-01 13:04:07.265147 (99178) main____ INFO      core file size: 0 B
2026-03-01 13:04:07.265160 (99178) main____ INFO      open files    : 4096
2026-03-01 13:04:07.265172 (99178) main____ INFO      file size     : unlimited
2026-03-01 13:04:07.265183 (99178) main____ INFO    ----------------------------------------
2026-03-01 13:04:07.265192 (99178) main____ INFO    Memory statistics:
2026-03-01 13:04:07.265204 (99178) main____ INFO      total physical memory  : 98449088 kB
2026-03-01 13:04:07.265216 (99178) main____ INFO      free physical memory   : 86502676 kB
2026-03-01 13:04:07.265227 (99178) main____ INFO      committed address space: 7005520 kB
2026-03-01 13:04:07.265237 (99178) main____ INFO    ----------------------------------------
2026-03-01 13:04:07.266399 (99178) main____ INFO    Important environment variables:
2026-03-01 13:04:07.266423 (99178) main____ INFO      CDS_LIC_FILE       : '5280@cadlic0'
2026-03-01 13:04:07.266436 (99178) main____ INFO      DISPLAY            : 'localhost:12.0'
2026-03-01 13:04:07.266448 (99178) main____ INFO      JASPER_INSTALL_DIR : '/cad/cadence/jasper_2023.12p001'
2026-03-01 13:04:07.266460 (99178) main____ INFO      JASPER_KERNEL_CHECK: '1'
2026-03-01 13:04:07.266473 (99178) main____ INFO      JASPER_OS_CHECK    : '0'
2026-03-01 13:04:07.266485 (99178) main____ INFO      LANG               : 'zh_TW.UTF-8'
2026-03-01 13:04:07.266496 (99178) main____ INFO    ----------------------------------------
2026-03-01 13:04:07.267660 (99178) lic_core INFO    Initializing license system ...
2026-03-01 13:04:07.269147 (99178) lic_core INFO    ... license system initialized.
2026-03-01 13:04:07.281049 (99178) lic__man INFO    Claim 'main' for <ui>.
2026-03-01 13:04:07.281102 (99178) lic_core INFO    (1) checking out 'jasper_interactive' ...
2026-03-01 13:04:07.293705 (99178) lic_core INFO    ... (1) checkout succeeded
2026-03-01 13:04:07.293774 (99178) lic__man INFO    Claim 'fpv' for <ui>.
2026-03-01 13:04:07.293798 (99178) lic_core INFO    (2) checking out 'jasper_fpv' ...
2026-03-01 13:04:07.297975 (99178) lic_core INFO    ... (2) checkout failed (error: -5) ("FLEXnet ERROR(-5, 0, 0): No such feature exists.")
2026-03-01 13:04:07.298016 (99178) lic_core INFO    (3) checking out 'jasper_fao' ...
2026-03-01 13:04:07.309269 (99178) lic_core INFO    ... (3) checkout succeeded
2026-03-01 13:04:07.311647 (99178) main____ INFO    Tool inactivity delay is 480000 ms.
2026-03-01 13:04:07.311708 (99194) stdio___ INFO    Starting STDIN reader (tty: yes, tty name: '/dev/pts/0')
2026-03-01 13:04:07.352773 (99178) session_ INFO    Starting analysis session with session id 'session_0' (launcher: <local>) ...
2026-03-01 13:04:07.354587 (99178) session_ INFO    Analysis session with session id 'session_0' started (pid: 99195)
2026-03-01 13:04:08.437737 (99178) session_ INFO    Analysis session 'session_0' connected to the console (host: 127.0.0.1:45100)
2026-03-01 13:04:11.466922 (99178) lic__man INFO    Unclaim everything for 'session_0'.
2026-03-01 13:04:11.666746 (99178) lic__man INFO    Claim 'fpv' for 'session_0'.
2026-03-01 13:04:11.666788 (99178) lic__man INFO    Claim 'fpv' for 'session_0/prove-0'.
2026-03-01 13:04:12.746024 (99178) lic__man INFO    Unclaim everything for 'session_0/prove-0'.
2026-03-01 13:04:12.788783 (99178) main____ INFO    About to exit: request to exit with status 0 received from analysis session 'session_0'
2026-03-01 13:04:12.936212 (99178) session_ INFO    Analysis session 'session_0' disconnected.
2026-03-01 13:04:12.936406 (99178) lic__man INFO    Unclaim everything for 'session_0'.
2026-03-01 13:04:12.936590 (99178) session_ INFO    Process for analysis session 'session_0' has exited with exit status '0'.
2026-03-01 13:04:14.892432 (99194) stdio___ INFO    STDIN reader requested to stop.
2026-03-01 13:04:14.892477 (99194) stdio___ INFO    STDIN reader stopped.
2026-03-01 13:04:14.892719 (99178) lic_core INFO    (1) checkin jasper_interactive
2026-03-01 13:04:14.894982 (99178) lic_core INFO    (3) checkin jasper_fao
2026-03-01 13:04:14.896611 (99178) main____ INFO    Exiting with status 0.
