2026-02-25 11:38:04.641835 (3096118) main____ INFO    ----------------------------------------
2026-02-25 11:38:04.641937 (3096118) main____ INFO    Jasper version info
2026-02-25 11:38:04.641953 (3096118) main____ INFO      tool      : Jasper 2023.12
2026-02-25 11:38:04.641968 (3096118) main____ INFO      version   : 2023.12p001 64 bits
2026-02-25 11:38:04.641982 (3096118) main____ INFO      build date: 2024.01.23 16:09:24 UTC
2026-02-25 11:38:04.641992 (3096118) main____ INFO    ----------------------------------------
2026-02-25 11:38:04.642001 (3096118) main____ INFO    Runtime info:
2026-02-25 11:38:04.642012 (3096118) main____ INFO      platform  : Linux 4.18.0-553.89.1.el8_10.x86_64 x86_64
2026-02-25 11:38:04.642032 (3096118) main____ INFO      hostname  : caddy15.stanford.edu
2026-02-25 11:38:04.642047 (3096118) main____ INFO      pid       : 3096118
2026-02-25 11:38:04.642059 (3096118) main____ INFO      arguments : '-style' 'windows' '-allow_unsupported_OS' '-no_gui' '-fpv' './synthlc/i_DIV_out/xPairwiseDepDiv/nunv_anytwo_238_.tcl' '-proj' './synthlc/i_DIV_out/xPairwiseDepDiv/nunv_anytwo_238_jgsession_26-02-25-11_38_04'
2026-02-25 11:38:04.642077 (3096118) main____ INFO      locale    : UTF-8
2026-02-25 11:38:04.642087 (3096118) main____ INFO    ----------------------------------------
2026-02-25 11:38:04.642096 (3096118) main____ INFO    System resource limits info:
2026-02-25 11:38:04.642109 (3096118) main____ INFO      virtual memory: unlimited
2026-02-25 11:38:04.642121 (3096118) main____ INFO      cpu time      : unlimited
2026-02-25 11:38:04.642140 (3096118) main____ INFO      processes     : 4096
2026-02-25 11:38:04.642161 (3096118) main____ INFO      stack size    : 8388608 B
2026-02-25 11:38:04.642175 (3096118) main____ INFO      core file size: 0 B
2026-02-25 11:38:04.642188 (3096118) main____ INFO      open files    : 4096
2026-02-25 11:38:04.642200 (3096118) main____ INFO      file size     : unlimited
2026-02-25 11:38:04.642209 (3096118) main____ INFO    ----------------------------------------
2026-02-25 11:38:04.642231 (3096118) main____ INFO    Memory statistics:
2026-02-25 11:38:04.642245 (3096118) main____ INFO      total physical memory  : 98449092 kB
2026-02-25 11:38:04.642258 (3096118) main____ INFO      free physical memory   : 79997168 kB
2026-02-25 11:38:04.642270 (3096118) main____ INFO      committed address space: 5770880 kB
2026-02-25 11:38:04.642279 (3096118) main____ INFO    ----------------------------------------
2026-02-25 11:38:04.643487 (3096118) main____ INFO    Important environment variables:
2026-02-25 11:38:04.643516 (3096118) main____ INFO      CDS_LIC_FILE       : '5280@cadlic0'
2026-02-25 11:38:04.643529 (3096118) main____ INFO      JASPER_INSTALL_DIR : '/cad/cadence/jasper_2023.12p001'
2026-02-25 11:38:04.643541 (3096118) main____ INFO      JASPER_KERNEL_CHECK: '1'
2026-02-25 11:38:04.643553 (3096118) main____ INFO      JASPER_OS_CHECK    : '0'
2026-02-25 11:38:04.643565 (3096118) main____ INFO      LANG               : 'en_US.UTF-8'
2026-02-25 11:38:04.643575 (3096118) main____ INFO    ----------------------------------------
2026-02-25 11:38:04.645483 (3096118) lic_core INFO    Initializing license system ...
2026-02-25 11:38:04.659638 (3096118) lic_core INFO    ... license system initialized.
2026-02-25 11:38:04.777190 (3096118) lic__man INFO    Claim 'main' for <ui>.
2026-02-25 11:38:04.777272 (3096118) lic_core INFO    (1) checking out 'jasper_interactive' ...
2026-02-25 11:38:04.790651 (3096118) lic_core INFO    ... (1) checkout succeeded
2026-02-25 11:38:04.790754 (3096118) lic__man INFO    Claim 'fpv' for <ui>.
2026-02-25 11:38:04.790783 (3096118) lic_core INFO    (2) checking out 'jasper_fpv' ...
2026-02-25 11:38:04.795230 (3096118) lic_core INFO    ... (2) checkout failed (error: -5) ("FLEXnet ERROR(-5, 0, 0): No such feature exists.")
2026-02-25 11:38:04.795283 (3096118) lic_core INFO    (3) checking out 'jasper_fao' ...
2026-02-25 11:38:04.806448 (3096118) lic_core INFO    ... (3) checkout succeeded
2026-02-25 11:38:04.820132 (3096118) main____ INFO    Tool inactivity delay is 480000 ms.
2026-02-25 11:38:04.828525 (3096134) stdio___ INFO    Starting STDIN reader (tty: yes, tty name: '/dev/pts/0')
2026-02-25 11:38:05.043481 (3096118) session_ INFO    Starting analysis session with session id 'session_0' (launcher: <local>) ...
2026-02-25 11:38:05.045566 (3096118) session_ INFO    Analysis session with session id 'session_0' started (pid: 3096135)
2026-02-25 11:38:06.808002 (3096118) session_ INFO    Analysis session 'session_0' connected to the console (host: 127.0.0.1:36292)
2026-02-25 11:38:11.269521 (3096118) lic__man INFO    Unclaim everything for 'session_0'.
2026-02-25 11:38:11.481128 (3096118) lic__man INFO    Claim 'fpv' for 'session_0'.
2026-02-25 11:38:11.481173 (3096118) lic__man INFO    Claim 'fpv' for 'session_0/prove-0'.
2026-02-25 11:38:36.562013 (3096118) lic__man INFO    Unclaim everything for 'session_0/prove-0'.
2026-02-25 11:38:36.571733 (3096118) main____ INFO    About to exit: request to exit with status 0 received from analysis session 'session_0'
2026-02-25 11:38:36.901633 (3096118) session_ INFO    Analysis session 'session_0' disconnected.
2026-02-25 11:38:36.901800 (3096118) lic__man INFO    Unclaim everything for 'session_0'.
2026-02-25 11:38:36.913556 (3096118) session_ INFO    Process for analysis session 'session_0' has exited with exit status '0'.
2026-02-25 11:38:38.489918 (3096134) stdio___ INFO    STDIN reader requested to stop.
2026-02-25 11:38:38.489969 (3096134) stdio___ INFO    STDIN reader stopped.
2026-02-25 11:38:38.490317 (3096118) lic_core INFO    (1) checkin jasper_interactive
2026-02-25 11:38:38.493137 (3096118) lic_core INFO    (3) checkin jasper_fao
2026-02-25 11:38:38.508723 (3096118) main____ INFO    Exiting with status 0.
