2026-02-27 12:28:02.792610 (3046774) main____ INFO    ----------------------------------------
2026-02-27 12:28:02.792693 (3046774) main____ INFO    Jasper version info
2026-02-27 12:28:02.792710 (3046774) main____ INFO      tool      : Jasper 2023.12
2026-02-27 12:28:02.792725 (3046774) main____ INFO      version   : 2023.12p001 64 bits
2026-02-27 12:28:02.792738 (3046774) main____ INFO      build date: 2024.01.23 16:09:24 UTC
2026-02-27 12:28:02.792749 (3046774) main____ INFO    ----------------------------------------
2026-02-27 12:28:02.792759 (3046774) main____ INFO    Runtime info:
2026-02-27 12:28:02.792770 (3046774) main____ INFO      platform  : Linux 4.18.0-553.89.1.el8_10.x86_64 x86_64
2026-02-27 12:28:02.792787 (3046774) main____ INFO      hostname  : caddy12.stanford.edu
2026-02-27 12:28:02.792802 (3046774) main____ INFO      pid       : 3046774
2026-02-27 12:28:02.792814 (3046774) main____ INFO      arguments : '-style' 'windows' '-allow_unsupported_OS' '-no_gui' '-fpv' './synthlc/i_MUL_out/xCoverAPerflocDiv/2_.tcl' '-proj' './synthlc/i_MUL_out/xCoverAPerflocDiv/2_jgsession_26-02-27-12_28_02'
2026-02-27 12:28:02.792830 (3046774) main____ INFO      locale    : UTF-8
2026-02-27 12:28:02.792840 (3046774) main____ INFO    ----------------------------------------
2026-02-27 12:28:02.792850 (3046774) main____ INFO    System resource limits info:
2026-02-27 12:28:02.792862 (3046774) main____ INFO      virtual memory: unlimited
2026-02-27 12:28:02.792875 (3046774) main____ INFO      cpu time      : unlimited
2026-02-27 12:28:02.792891 (3046774) main____ INFO      processes     : 4096
2026-02-27 12:28:02.792909 (3046774) main____ INFO      stack size    : 8388608 B
2026-02-27 12:28:02.792924 (3046774) main____ INFO      core file size: 0 B
2026-02-27 12:28:02.794182 (3046774) main____ INFO      open files    : 4096
2026-02-27 12:28:02.794196 (3046774) main____ INFO      file size     : unlimited
2026-02-27 12:28:02.794206 (3046774) main____ INFO    ----------------------------------------
2026-02-27 12:28:02.794216 (3046774) main____ INFO    Memory statistics:
2026-02-27 12:28:02.794229 (3046774) main____ INFO      total physical memory  : 98449088 kB
2026-02-27 12:28:02.794240 (3046774) main____ INFO      free physical memory   : 79401348 kB
2026-02-27 12:28:02.794252 (3046774) main____ INFO      committed address space: 1759600 kB
2026-02-27 12:28:02.794262 (3046774) main____ INFO    ----------------------------------------
2026-02-27 12:28:02.795406 (3046774) main____ INFO    Important environment variables:
2026-02-27 12:28:02.796279 (3046774) main____ INFO      CDS_LIC_FILE       : '5280@cadlic0'
2026-02-27 12:28:02.796294 (3046774) main____ INFO      DISPLAY            : 'localhost:12.0'
2026-02-27 12:28:02.796306 (3046774) main____ INFO      JASPER_INSTALL_DIR : '/cad/cadence/jasper_2023.12p001'
2026-02-27 12:28:02.796319 (3046774) main____ INFO      JASPER_KERNEL_CHECK: '1'
2026-02-27 12:28:02.796331 (3046774) main____ INFO      JASPER_OS_CHECK    : '0'
2026-02-27 12:28:02.796343 (3046774) main____ INFO      LANG               : 'zh_TW.UTF-8'
2026-02-27 12:28:02.796354 (3046774) main____ INFO    ----------------------------------------
2026-02-27 12:28:02.797446 (3046774) lic_core INFO    Initializing license system ...
2026-02-27 12:28:02.800308 (3046774) lic_core INFO    ... license system initialized.
2026-02-27 12:28:02.825333 (3046774) lic__man INFO    Claim 'main' for <ui>.
2026-02-27 12:28:02.825394 (3046774) lic_core INFO    (1) checking out 'jasper_interactive' ...
2026-02-27 12:28:02.838189 (3046774) lic_core INFO    ... (1) checkout succeeded
2026-02-27 12:28:02.838262 (3046774) lic__man INFO    Claim 'fpv' for <ui>.
2026-02-27 12:28:02.838286 (3046774) lic_core INFO    (2) checking out 'jasper_fpv' ...
2026-02-27 12:28:02.842190 (3046774) lic_core INFO    ... (2) checkout failed (error: -5) ("FLEXnet ERROR(-5, 0, 0): No such feature exists.")
2026-02-27 12:28:02.842230 (3046774) lic_core INFO    (3) checking out 'jasper_fao' ...
2026-02-27 12:28:02.853182 (3046774) lic_core INFO    ... (3) checkout succeeded
2026-02-27 12:28:02.854093 (3046805) stdio___ INFO    Starting STDIN reader (tty: yes, tty name: '/dev/pts/0')
2026-02-27 12:28:02.869582 (3046774) main____ INFO    Tool inactivity delay is 480000 ms.
2026-02-27 12:28:02.940915 (3046774) session_ INFO    Starting analysis session with session id 'session_0' (launcher: <local>) ...
2026-02-27 12:28:02.942893 (3046774) session_ INFO    Analysis session with session id 'session_0' started (pid: 3046806)
2026-02-27 12:28:04.041055 (3046774) session_ INFO    Analysis session 'session_0' connected to the console (host: 127.0.0.1:59560)
2026-02-27 12:28:07.257414 (3046774) lic__man INFO    Unclaim everything for 'session_0'.
2026-02-27 12:43:11.865161 (3046774) lic__man INFO    Unclaim everything for 'session_0/prove-0'.
2026-02-27 12:43:11.915979 (3046774) main____ INFO    About to exit: request to exit with status 0 received from analysis session 'session_0'
2026-02-27 12:43:12.027888 (3046774) session_ INFO    Analysis session 'session_0' disconnected.
2026-02-27 12:43:12.028056 (3046774) lic__man INFO    Unclaim everything for 'session_0'.
2026-02-27 12:43:12.082321 (3046774) session_ INFO    Process for analysis session 'session_0' has exited with exit status '0'.
2026-02-27 12:43:13.890713 (3046805) stdio___ INFO    STDIN reader requested to stop.
2026-02-27 12:43:13.890756 (3046805) stdio___ INFO    STDIN reader stopped.
2026-02-27 12:43:13.891312 (3046774) lic_core INFO    (1) checkin jasper_interactive
2026-02-27 12:43:13.893905 (3046774) lic_core INFO    (3) checkin jasper_fao
2026-02-27 12:43:13.894798 (3046774) main____ INFO    Exiting with status 0.
