2026-02-27 23:23:04.566350 (457451) main____ INFO    ----------------------------------------
2026-02-27 23:23:04.566413 (457451) main____ INFO    Jasper version info
2026-02-27 23:23:04.566427 (457451) main____ INFO      tool      : Jasper 2023.12
2026-02-27 23:23:04.566441 (457451) main____ INFO      version   : 2023.12p001 64 bits
2026-02-27 23:23:04.566453 (457451) main____ INFO      build date: 2024.01.23 16:09:24 UTC
2026-02-27 23:23:04.566463 (457451) main____ INFO    ----------------------------------------
2026-02-27 23:23:04.566472 (457451) main____ INFO    Runtime info:
2026-02-27 23:23:04.566485 (457451) main____ INFO      platform  : Linux 4.18.0-553.89.1.el8_10.x86_64 x86_64
2026-02-27 23:23:04.566501 (457451) main____ INFO      hostname  : caddy10.stanford.edu
2026-02-27 23:23:04.566516 (457451) main____ INFO      pid       : 457451
2026-02-27 23:23:04.566528 (457451) main____ INFO      arguments : '-style' 'windows' '-allow_unsupported_OS' '-no_gui' '-fpv' './synthlc/i_DIV_out/xPairwiseDepDiv/exclusive_45_.tcl' '-proj' './synthlc/i_DIV_out/xPairwiseDepDiv/exclusive_45_jgsession_26-02-27-23_23_04'
2026-02-27 23:23:04.566543 (457451) main____ INFO      locale    : UTF-8
2026-02-27 23:23:04.566552 (457451) main____ INFO    ----------------------------------------
2026-02-27 23:23:04.566561 (457451) main____ INFO    System resource limits info:
2026-02-27 23:23:04.566573 (457451) main____ INFO      virtual memory: unlimited
2026-02-27 23:23:04.566585 (457451) main____ INFO      cpu time      : unlimited
2026-02-27 23:23:04.566601 (457451) main____ INFO      processes     : 4096
2026-02-27 23:23:04.566629 (457451) main____ INFO      stack size    : 8388608 B
2026-02-27 23:23:04.566642 (457451) main____ INFO      core file size: 0 B
2026-02-27 23:23:04.566655 (457451) main____ INFO      open files    : 4096
2026-02-27 23:23:04.566666 (457451) main____ INFO      file size     : unlimited
2026-02-27 23:23:04.566676 (457451) main____ INFO    ----------------------------------------
2026-02-27 23:23:04.566685 (457451) main____ INFO    Memory statistics:
2026-02-27 23:23:04.566697 (457451) main____ INFO      total physical memory  : 98449096 kB
2026-02-27 23:23:04.566708 (457451) main____ INFO      free physical memory   : 90831832 kB
2026-02-27 23:23:04.566719 (457451) main____ INFO      committed address space: 1637772 kB
2026-02-27 23:23:04.566728 (457451) main____ INFO    ----------------------------------------
2026-02-27 23:23:04.567845 (457451) main____ INFO    Important environment variables:
2026-02-27 23:23:04.567869 (457451) main____ INFO      CDS_LIC_FILE       : '5280@cadlic0'
2026-02-27 23:23:04.567881 (457451) main____ INFO      JASPER_INSTALL_DIR : '/cad/cadence/jasper_2023.12p001'
2026-02-27 23:23:04.567892 (457451) main____ INFO      JASPER_KERNEL_CHECK: '1'
2026-02-27 23:23:04.567904 (457451) main____ INFO      JASPER_OS_CHECK    : '0'
2026-02-27 23:23:04.567915 (457451) main____ INFO      LANG               : 'en_US.UTF-8'
2026-02-27 23:23:04.567925 (457451) main____ INFO    ----------------------------------------
2026-02-27 23:23:04.569033 (457451) lic_core INFO    Initializing license system ...
2026-02-27 23:23:04.570709 (457451) lic_core INFO    ... license system initialized.
2026-02-27 23:23:04.581857 (457451) lic__man INFO    Claim 'main' for <ui>.
2026-02-27 23:23:04.581899 (457451) lic_core INFO    (1) checking out 'jasper_interactive' ...
2026-02-27 23:23:04.594274 (457451) lic_core INFO    ... (1) checkout succeeded
2026-02-27 23:23:04.594325 (457451) lic__man INFO    Claim 'fpv' for <ui>.
2026-02-27 23:23:04.594344 (457451) lic_core INFO    (2) checking out 'jasper_fpv' ...
2026-02-27 23:23:04.597810 (457451) lic_core INFO    ... (2) checkout failed (error: -5) ("FLEXnet ERROR(-5, 0, 0): No such feature exists.")
2026-02-27 23:23:04.597837 (457451) lic_core INFO    (3) checking out 'jasper_fao' ...
2026-02-27 23:23:04.608365 (457451) lic_core INFO    ... (3) checkout succeeded
2026-02-27 23:23:04.610593 (457481) stdio___ INFO    Starting STDIN reader (tty: yes, tty name: '/dev/pts/5')
2026-02-27 23:23:04.610694 (457451) main____ INFO    Tool inactivity delay is 480000 ms.
2026-02-27 23:23:04.657324 (457451) session_ INFO    Starting analysis session with session id 'session_0' (launcher: <local>) ...
2026-02-27 23:23:04.659170 (457451) session_ INFO    Analysis session with session id 'session_0' started (pid: 457483)
2026-02-27 23:23:05.742629 (457451) session_ INFO    Analysis session 'session_0' connected to the console (host: 127.0.0.1:35564)
2026-02-27 23:23:10.980153 (457451) lic__man INFO    Unclaim everything for 'session_0'.
2026-02-27 23:23:11.471510 (457451) lic__man INFO    Claim 'fpv' for 'session_0'.
2026-02-27 23:23:11.471551 (457451) lic__man INFO    Claim 'fpv' for 'session_0/prove-0'.
2026-02-27 23:23:20.564036 (457451) lic__man INFO    Unclaim everything for 'session_0/prove-0'.
2026-02-27 23:23:20.608304 (457451) main____ INFO    About to exit: request to exit with status 0 received from analysis session 'session_0'
2026-02-27 23:23:20.747613 (457451) session_ INFO    Analysis session 'session_0' disconnected.
2026-02-27 23:23:20.747785 (457451) lic__man INFO    Unclaim everything for 'session_0'.
2026-02-27 23:23:20.747967 (457451) session_ INFO    Process for analysis session 'session_0' has exited with exit status '0'.
2026-02-27 23:23:22.516005 (457481) stdio___ INFO    STDIN reader requested to stop.
2026-02-27 23:23:22.516043 (457481) stdio___ INFO    STDIN reader stopped.
2026-02-27 23:23:22.516280 (457451) lic_core INFO    (1) checkin jasper_interactive
2026-02-27 23:23:22.517089 (457451) lic_core INFO    (3) checkin jasper_fao
2026-02-27 23:23:22.518139 (457451) main____ INFO    Exiting with status 0.
