2026-02-25 11:37:12.277862 (3095383) main____ INFO    ----------------------------------------
2026-02-25 11:37:12.277964 (3095383) main____ INFO    Jasper version info
2026-02-25 11:37:12.277980 (3095383) main____ INFO      tool      : Jasper 2023.12
2026-02-25 11:37:12.277996 (3095383) main____ INFO      version   : 2023.12p001 64 bits
2026-02-25 11:37:12.278009 (3095383) main____ INFO      build date: 2024.01.23 16:09:24 UTC
2026-02-25 11:37:12.278019 (3095383) main____ INFO    ----------------------------------------
2026-02-25 11:37:12.278028 (3095383) main____ INFO    Runtime info:
2026-02-25 11:37:12.278039 (3095383) main____ INFO      platform  : Linux 4.18.0-553.89.1.el8_10.x86_64 x86_64
2026-02-25 11:37:12.278058 (3095383) main____ INFO      hostname  : caddy15.stanford.edu
2026-02-25 11:37:12.278072 (3095383) main____ INFO      pid       : 3095383
2026-02-25 11:37:12.278085 (3095383) main____ INFO      arguments : '-style' 'windows' '-allow_unsupported_OS' '-no_gui' '-fpv' './synthlc/i_DIV_out/xPairwiseDepDiv/exclusive_0_.tcl' '-proj' './synthlc/i_DIV_out/xPairwiseDepDiv/exclusive_0_jgsession_26-02-25-11_37_10'
2026-02-25 11:37:12.278102 (3095383) main____ INFO      locale    : UTF-8
2026-02-25 11:37:12.278111 (3095383) main____ INFO    ----------------------------------------
2026-02-25 11:37:12.278120 (3095383) main____ INFO    System resource limits info:
2026-02-25 11:37:12.278132 (3095383) main____ INFO      virtual memory: unlimited
2026-02-25 11:37:12.278144 (3095383) main____ INFO      cpu time      : unlimited
2026-02-25 11:37:12.278164 (3095383) main____ INFO      processes     : 4096
2026-02-25 11:37:12.278186 (3095383) main____ INFO      stack size    : 8388608 B
2026-02-25 11:37:12.278199 (3095383) main____ INFO      core file size: 0 B
2026-02-25 11:37:12.278223 (3095383) main____ INFO      open files    : 4096
2026-02-25 11:37:12.278235 (3095383) main____ INFO      file size     : unlimited
2026-02-25 11:37:12.278244 (3095383) main____ INFO    ----------------------------------------
2026-02-25 11:37:12.278253 (3095383) main____ INFO    Memory statistics:
2026-02-25 11:37:12.278265 (3095383) main____ INFO      total physical memory  : 98449092 kB
2026-02-25 11:37:12.278276 (3095383) main____ INFO      free physical memory   : 73715084 kB
2026-02-25 11:37:12.278287 (3095383) main____ INFO      committed address space: 12791712 kB
2026-02-25 11:37:12.278297 (3095383) main____ INFO    ----------------------------------------
2026-02-25 11:37:12.279482 (3095383) main____ INFO    Important environment variables:
2026-02-25 11:37:12.279507 (3095383) main____ INFO      CDS_LIC_FILE       : '5280@cadlic0'
2026-02-25 11:37:12.279520 (3095383) main____ INFO      JASPER_INSTALL_DIR : '/cad/cadence/jasper_2023.12p001'
2026-02-25 11:37:12.279532 (3095383) main____ INFO      JASPER_KERNEL_CHECK: '1'
2026-02-25 11:37:12.279544 (3095383) main____ INFO      JASPER_OS_CHECK    : '0'
2026-02-25 11:37:12.279556 (3095383) main____ INFO      LANG               : 'en_US.UTF-8'
2026-02-25 11:37:12.279565 (3095383) main____ INFO    ----------------------------------------
2026-02-25 11:37:12.292480 (3095383) lic_core INFO    Initializing license system ...
2026-02-25 11:37:12.306714 (3095383) lic_core INFO    ... license system initialized.
2026-02-25 11:37:12.430636 (3095383) lic__man INFO    Claim 'main' for <ui>.
2026-02-25 11:37:12.430707 (3095383) lic_core INFO    (1) checking out 'jasper_interactive' ...
2026-02-25 11:37:12.514578 (3095383) lic_core INFO    ... (1) checkout succeeded
2026-02-25 11:37:12.514689 (3095383) lic__man INFO    Claim 'fpv' for <ui>.
2026-02-25 11:37:12.514718 (3095383) lic_core INFO    (2) checking out 'jasper_fpv' ...
2026-02-25 11:37:12.560883 (3095383) lic_core INFO    ... (2) checkout failed (error: -5) ("FLEXnet ERROR(-5, 0, 0): No such feature exists.")
2026-02-25 11:37:12.560942 (3095383) lic_core INFO    (3) checking out 'jasper_fao' ...
2026-02-25 11:37:12.572148 (3095383) lic_core INFO    ... (3) checkout succeeded
2026-02-25 11:37:12.593350 (3095383) main____ INFO    Tool inactivity delay is 480000 ms.
2026-02-25 11:37:12.601546 (3095394) stdio___ INFO    Starting STDIN reader (tty: yes, tty name: '/dev/pts/0')
2026-02-25 11:37:12.946746 (3095383) session_ INFO    Starting analysis session with session id 'session_0' (launcher: <local>) ...
2026-02-25 11:37:12.948765 (3095383) session_ INFO    Analysis session with session id 'session_0' started (pid: 3095395)
2026-02-25 11:37:15.912989 (3095383) session_ INFO    Analysis session 'session_0' connected to the console (host: 127.0.0.1:52626)
2026-02-25 11:37:24.122908 (3095383) lic__man INFO    Unclaim everything for 'session_0'.
2026-02-25 11:37:24.715884 (3095383) lic__man INFO    Claim 'fpv' for 'session_0'.
2026-02-25 11:37:24.715930 (3095383) lic__man INFO    Claim 'fpv' for 'session_0/prove-0'.
2026-02-25 11:37:28.626154 (3095383) lic__man INFO    Unclaim everything for 'session_0/prove-0'.
2026-02-25 11:37:28.652623 (3095383) main____ INFO    About to exit: request to exit with status 0 received from analysis session 'session_0'
2026-02-25 11:37:29.158315 (3095383) session_ INFO    Analysis session 'session_0' disconnected.
2026-02-25 11:37:29.158475 (3095383) lic__man INFO    Unclaim everything for 'session_0'.
2026-02-25 11:37:29.160696 (3095383) session_ INFO    Process for analysis session 'session_0' has exited with exit status '0'.
2026-02-25 11:37:30.779396 (3095394) stdio___ INFO    STDIN reader requested to stop.
2026-02-25 11:37:30.779461 (3095394) stdio___ INFO    STDIN reader stopped.
2026-02-25 11:37:30.782580 (3095383) lic_core INFO    (1) checkin jasper_interactive
2026-02-25 11:37:30.784487 (3095383) lic_core INFO    (3) checkin jasper_fao
2026-02-25 11:37:30.813353 (3095383) main____ INFO    Exiting with status 0.
