2026-02-26 10:13:01.093905 (4016366) main____ INFO    ----------------------------------------
2026-02-26 10:13:01.094008 (4016366) main____ INFO    Jasper version info
2026-02-26 10:13:01.094024 (4016366) main____ INFO      tool      : Jasper 2023.12
2026-02-26 10:13:01.094040 (4016366) main____ INFO      version   : 2023.12p001 64 bits
2026-02-26 10:13:01.094053 (4016366) main____ INFO      build date: 2024.01.23 16:09:24 UTC
2026-02-26 10:13:01.094063 (4016366) main____ INFO    ----------------------------------------
2026-02-26 10:13:01.094073 (4016366) main____ INFO    Runtime info:
2026-02-26 10:13:01.094084 (4016366) main____ INFO      platform  : Linux 4.18.0-553.89.1.el8_10.x86_64 x86_64
2026-02-26 10:13:01.094116 (4016366) main____ INFO      hostname  : caddy15.stanford.edu
2026-02-26 10:13:01.094132 (4016366) main____ INFO      pid       : 4016366
2026-02-26 10:13:01.094143 (4016366) main____ INFO      arguments : '-style' 'windows' '-allow_unsupported_OS' '-no_gui' '-fpv' './synthlc/i_ADDI_out/xPerfLocCycleCount/over1cyc_18_div_fsm_s10_.tcl' '-proj' './synthlc/i_ADDI_out/xPerfLocCycleCount/over1cyc_18_div_fsm_s10_jgsession_26-02-26-10_12_59'
2026-02-26 10:13:01.094159 (4016366) main____ INFO      locale    : UTF-8
2026-02-26 10:13:01.094169 (4016366) main____ INFO    ----------------------------------------
2026-02-26 10:13:01.094179 (4016366) main____ INFO    System resource limits info:
2026-02-26 10:13:01.094191 (4016366) main____ INFO      virtual memory: unlimited
2026-02-26 10:13:01.094204 (4016366) main____ INFO      cpu time      : unlimited
2026-02-26 10:13:01.094223 (4016366) main____ INFO      processes     : 4096
2026-02-26 10:13:01.094246 (4016366) main____ INFO      stack size    : 8388608 B
2026-02-26 10:13:01.094260 (4016366) main____ INFO      core file size: 0 B
2026-02-26 10:13:01.094273 (4016366) main____ INFO      open files    : 4096
2026-02-26 10:13:01.094285 (4016366) main____ INFO      file size     : unlimited
2026-02-26 10:13:01.094295 (4016366) main____ INFO    ----------------------------------------
2026-02-26 10:13:01.094319 (4016366) main____ INFO    Memory statistics:
2026-02-26 10:13:01.094332 (4016366) main____ INFO      total physical memory  : 98449092 kB
2026-02-26 10:13:01.094343 (4016366) main____ INFO      free physical memory   : 75174644 kB
2026-02-26 10:13:01.094355 (4016366) main____ INFO      committed address space: 8070980 kB
2026-02-26 10:13:01.094364 (4016366) main____ INFO    ----------------------------------------
2026-02-26 10:13:01.095558 (4016366) main____ INFO    Important environment variables:
2026-02-26 10:13:01.095585 (4016366) main____ INFO      CDS_LIC_FILE       : '5280@cadlic0'
2026-02-26 10:13:01.095598 (4016366) main____ INFO      JASPER_INSTALL_DIR : '/cad/cadence/jasper_2023.12p001'
2026-02-26 10:13:01.095610 (4016366) main____ INFO      JASPER_KERNEL_CHECK: '1'
2026-02-26 10:13:01.095622 (4016366) main____ INFO      JASPER_OS_CHECK    : '0'
2026-02-26 10:13:01.095634 (4016366) main____ INFO      LANG               : 'en_US.UTF-8'
2026-02-26 10:13:01.095644 (4016366) main____ INFO    ----------------------------------------
2026-02-26 10:13:01.097497 (4016366) lic_core INFO    Initializing license system ...
2026-02-26 10:13:01.128437 (4016366) lic_core INFO    ... license system initialized.
2026-02-26 10:13:01.283436 (4016366) lic__man INFO    Claim 'main' for <ui>.
2026-02-26 10:13:01.283504 (4016366) lic_core INFO    (1) checking out 'jasper_interactive' ...
2026-02-26 10:13:01.351586 (4016366) lic_core INFO    ... (1) checkout succeeded
2026-02-26 10:13:01.351691 (4016366) lic__man INFO    Claim 'fpv' for <ui>.
2026-02-26 10:13:01.351719 (4016366) lic_core INFO    (2) checking out 'jasper_fpv' ...
2026-02-26 10:13:01.415793 (4016366) lic_core INFO    ... (2) checkout failed (error: -5) ("FLEXnet ERROR(-5, 0, 0): No such feature exists.")
2026-02-26 10:13:01.415851 (4016366) lic_core INFO    (3) checking out 'jasper_fao' ...
2026-02-26 10:13:01.510620 (4016366) lic_core INFO    ... (3) checkout succeeded
2026-02-26 10:13:01.524262 (4016366) main____ INFO    Tool inactivity delay is 480000 ms.
2026-02-26 10:13:01.532553 (4016377) stdio___ INFO    Starting STDIN reader (tty: yes, tty name: '/dev/pts/0')
2026-02-26 10:13:01.846459 (4016366) session_ INFO    Starting analysis session with session id 'session_0' (launcher: <local>) ...
2026-02-26 10:13:01.848500 (4016366) session_ INFO    Analysis session with session id 'session_0' started (pid: 4016378)
2026-02-26 10:13:04.625858 (4016366) session_ INFO    Analysis session 'session_0' connected to the console (host: 127.0.0.1:50636)
2026-02-26 10:13:13.072406 (4016366) lic__man INFO    Unclaim everything for 'session_0'.
2026-02-26 10:13:13.550990 (4016366) lic__man INFO    Claim 'fpv' for 'session_0'.
2026-02-26 10:13:13.551042 (4016366) lic__man INFO    Claim 'fpv' for 'session_0/prove-0'.
2026-02-26 10:13:38.246630 (4016366) lic__man INFO    Unclaim everything for 'session_0/prove-0'.
2026-02-26 10:13:38.280606 (4016366) main____ INFO    About to exit: request to exit with status 0 received from analysis session 'session_0'
2026-02-26 10:13:38.732575 (4016366) session_ INFO    Analysis session 'session_0' disconnected.
2026-02-26 10:13:38.732731 (4016366) lic__man INFO    Unclaim everything for 'session_0'.
2026-02-26 10:13:38.742575 (4016366) session_ INFO    Process for analysis session 'session_0' has exited with exit status '0'.
2026-02-26 10:13:40.403401 (4016377) stdio___ INFO    STDIN reader requested to stop.
2026-02-26 10:13:40.403460 (4016377) stdio___ INFO    STDIN reader stopped.
2026-02-26 10:13:40.409586 (4016366) lic_core INFO    (1) checkin jasper_interactive
2026-02-26 10:13:40.415222 (4016366) lic_core INFO    (3) checkin jasper_fao
2026-02-26 10:13:40.419480 (4016366) main____ INFO    Exiting with status 0.
