2026-03-01 12:57:40.376854 (74969) main____ INFO    ----------------------------------------
2026-03-01 12:57:40.376922 (74969) main____ INFO    Jasper version info
2026-03-01 12:57:40.376939 (74969) main____ INFO      tool      : Jasper 2023.12
2026-03-01 12:57:40.377804 (74969) main____ INFO      version   : 2023.12p001 64 bits
2026-03-01 12:57:40.377819 (74969) main____ INFO      build date: 2024.01.23 16:09:24 UTC
2026-03-01 12:57:40.377830 (74969) main____ INFO    ----------------------------------------
2026-03-01 12:57:40.377840 (74969) main____ INFO    Runtime info:
2026-03-01 12:57:40.377851 (74969) main____ INFO      platform  : Linux 4.18.0-553.89.1.el8_10.x86_64 x86_64
2026-03-01 12:57:40.377869 (74969) main____ INFO      hostname  : caddy12.stanford.edu
2026-03-01 12:57:40.377884 (74969) main____ INFO      pid       : 74969
2026-03-01 12:57:40.377895 (74969) main____ INFO      arguments : '-style' 'windows' '-allow_unsupported_OS' '-no_gui' '-fpv' './synthlc/i_LW_out/xHBPerfG_dfg_v3_div/WHB_361_.tcl' '-proj' './synthlc/i_LW_out/xHBPerfG_dfg_v3_div/WHB_361_jgsession_26-03-01-12_57_40'
2026-03-01 12:57:40.377911 (74969) main____ INFO      locale    : UTF-8
2026-03-01 12:57:40.377921 (74969) main____ INFO    ----------------------------------------
2026-03-01 12:57:40.377931 (74969) main____ INFO    System resource limits info:
2026-03-01 12:57:40.377944 (74969) main____ INFO      virtual memory: unlimited
2026-03-01 12:57:40.377957 (74969) main____ INFO      cpu time      : unlimited
2026-03-01 12:57:40.377980 (74969) main____ INFO      processes     : 4096
2026-03-01 12:57:40.377999 (74969) main____ INFO      stack size    : 8388608 B
2026-03-01 12:57:40.378013 (74969) main____ INFO      core file size: 0 B
2026-03-01 12:57:40.378026 (74969) main____ INFO      open files    : 4096
2026-03-01 12:57:40.378039 (74969) main____ INFO      file size     : unlimited
2026-03-01 12:57:40.378049 (74969) main____ INFO    ----------------------------------------
2026-03-01 12:57:40.378059 (74969) main____ INFO    Memory statistics:
2026-03-01 12:57:40.378071 (74969) main____ INFO      total physical memory  : 98449088 kB
2026-03-01 12:57:40.378083 (74969) main____ INFO      free physical memory   : 86419428 kB
2026-03-01 12:57:40.378095 (74969) main____ INFO      committed address space: 7276424 kB
2026-03-01 12:57:40.378105 (74969) main____ INFO    ----------------------------------------
2026-03-01 12:57:40.379272 (74969) main____ INFO    Important environment variables:
2026-03-01 12:57:40.379923 (74969) main____ INFO      CDS_LIC_FILE       : '5280@cadlic0'
2026-03-01 12:57:40.379938 (74969) main____ INFO      DISPLAY            : 'localhost:12.0'
2026-03-01 12:57:40.379950 (74969) main____ INFO      JASPER_INSTALL_DIR : '/cad/cadence/jasper_2023.12p001'
2026-03-01 12:57:40.379969 (74969) main____ INFO      JASPER_KERNEL_CHECK: '1'
2026-03-01 12:57:40.379982 (74969) main____ INFO      JASPER_OS_CHECK    : '0'
2026-03-01 12:57:40.379994 (74969) main____ INFO      LANG               : 'zh_TW.UTF-8'
2026-03-01 12:57:40.380005 (74969) main____ INFO    ----------------------------------------
2026-03-01 12:57:40.381134 (74969) lic_core INFO    Initializing license system ...
2026-03-01 12:57:40.383465 (74969) lic_core INFO    ... license system initialized.
2026-03-01 12:57:40.395082 (74969) lic__man INFO    Claim 'main' for <ui>.
2026-03-01 12:57:40.395142 (74969) lic_core INFO    (1) checking out 'jasper_interactive' ...
2026-03-01 12:57:40.408276 (74969) lic_core INFO    ... (1) checkout succeeded
2026-03-01 12:57:40.408347 (74969) lic__man INFO    Claim 'fpv' for <ui>.
2026-03-01 12:57:40.408369 (74969) lic_core INFO    (2) checking out 'jasper_fpv' ...
2026-03-01 12:57:40.412756 (74969) lic_core INFO    ... (2) checkout failed (error: -5) ("FLEXnet ERROR(-5, 0, 0): No such feature exists.")
2026-03-01 12:57:40.412800 (74969) lic_core INFO    (3) checking out 'jasper_fao' ...
2026-03-01 12:57:40.424134 (74969) lic_core INFO    ... (3) checkout succeeded
2026-03-01 12:57:40.425070 (74984) stdio___ INFO    Starting STDIN reader (tty: yes, tty name: '/dev/pts/0')
2026-03-01 12:57:40.425483 (74969) main____ INFO    Tool inactivity delay is 480000 ms.
2026-03-01 12:57:40.467532 (74969) session_ INFO    Starting analysis session with session id 'session_0' (launcher: <local>) ...
2026-03-01 12:57:40.469263 (74969) session_ INFO    Analysis session with session id 'session_0' started (pid: 74985)
2026-03-01 12:57:41.554438 (74969) session_ INFO    Analysis session 'session_0' connected to the console (host: 127.0.0.1:54476)
2026-03-01 12:57:45.519053 (74969) lic__man INFO    Unclaim everything for 'session_0'.
2026-03-01 12:57:45.773418 (74969) lic__man INFO    Claim 'fpv' for 'session_0'.
2026-03-01 12:57:45.773470 (74969) lic__man INFO    Claim 'fpv' for 'session_0/prove-0'.
2026-03-01 12:57:48.228055 (74969) lic__man INFO    Unclaim everything for 'session_0/prove-0'.
2026-03-01 12:57:48.263940 (74969) main____ INFO    About to exit: request to exit with status 0 received from analysis session 'session_0'
2026-03-01 12:57:48.656143 (74969) session_ INFO    Analysis session 'session_0' disconnected.
2026-03-01 12:57:48.656299 (74969) lic__man INFO    Unclaim everything for 'session_0'.
2026-03-01 12:57:48.656931 (74969) session_ INFO    Process for analysis session 'session_0' has exited with exit status '0'.
2026-03-01 12:57:50.402027 (74984) stdio___ INFO    STDIN reader requested to stop.
2026-03-01 12:57:50.402084 (74984) stdio___ INFO    STDIN reader stopped.
2026-03-01 12:57:50.402528 (74969) lic_core INFO    (1) checkin jasper_interactive
2026-03-01 12:57:50.407012 (74969) lic_core INFO    (3) checkin jasper_fao
2026-03-01 12:57:50.423910 (74969) main____ INFO    Exiting with status 0.
