2026-03-02 00:39:54.081383 (414524) main____ INFO    ----------------------------------------
2026-03-02 00:39:54.081478 (414524) main____ INFO    Jasper version info
2026-03-02 00:39:54.081495 (414524) main____ INFO      tool      : Jasper 2023.12
2026-03-02 00:39:54.081511 (414524) main____ INFO      version   : 2023.12p001 64 bits
2026-03-02 00:39:54.081525 (414524) main____ INFO      build date: 2024.01.23 16:09:24 UTC
2026-03-02 00:39:54.081536 (414524) main____ INFO    ----------------------------------------
2026-03-02 00:39:54.081546 (414524) main____ INFO    Runtime info:
2026-03-02 00:39:54.081557 (414524) main____ INFO      platform  : Linux 4.18.0-553.89.1.el8_10.x86_64 x86_64
2026-03-02 00:39:54.081578 (414524) main____ INFO      hostname  : caddy12.stanford.edu
2026-03-02 00:39:54.081593 (414524) main____ INFO      pid       : 414524
2026-03-02 00:39:54.081614 (414524) main____ INFO      arguments : '-style' 'windows' '-allow_unsupported_OS' '-no_gui' '-fpv' './synthlc/i_MUL_out/xPairwiseDepDiv/nunv_anytwo_27_.tcl' '-proj' './synthlc/i_MUL_out/xPairwiseDepDiv/nunv_anytwo_27_jgsession_26-03-02-00_39_53'
2026-03-02 00:39:54.081632 (414524) main____ INFO      locale    : UTF-8
2026-03-02 00:39:54.081642 (414524) main____ INFO    ----------------------------------------
2026-03-02 00:39:54.081652 (414524) main____ INFO    System resource limits info:
2026-03-02 00:39:54.081678 (414524) main____ INFO      virtual memory: unlimited
2026-03-02 00:39:54.081692 (414524) main____ INFO      cpu time      : unlimited
2026-03-02 00:39:54.081711 (414524) main____ INFO      processes     : 4096
2026-03-02 00:39:54.081733 (414524) main____ INFO      stack size    : 8388608 B
2026-03-02 00:39:54.081748 (414524) main____ INFO      core file size: 0 B
2026-03-02 00:39:54.081761 (414524) main____ INFO      open files    : 4096
2026-03-02 00:39:54.081774 (414524) main____ INFO      file size     : unlimited
2026-03-02 00:39:54.081785 (414524) main____ INFO    ----------------------------------------
2026-03-02 00:39:54.081794 (414524) main____ INFO    Memory statistics:
2026-03-02 00:39:54.081807 (414524) main____ INFO      total physical memory  : 98449088 kB
2026-03-02 00:39:54.081819 (414524) main____ INFO      free physical memory   : 83073332 kB
2026-03-02 00:39:54.081831 (414524) main____ INFO      committed address space: 13015328 kB
2026-03-02 00:39:54.081842 (414524) main____ INFO    ----------------------------------------
2026-03-02 00:39:54.083029 (414524) main____ INFO    Important environment variables:
2026-03-02 00:39:54.083057 (414524) main____ INFO      CDS_LIC_FILE       : '5280@cadlic0'
2026-03-02 00:39:54.083071 (414524) main____ INFO      DISPLAY            : 'localhost:12.0'
2026-03-02 00:39:54.083084 (414524) main____ INFO      JASPER_INSTALL_DIR : '/cad/cadence/jasper_2023.12p001'
2026-03-02 00:39:54.083096 (414524) main____ INFO      JASPER_KERNEL_CHECK: '1'
2026-03-02 00:39:54.083109 (414524) main____ INFO      JASPER_OS_CHECK    : '0'
2026-03-02 00:39:54.083121 (414524) main____ INFO      LANG               : 'zh_TW.UTF-8'
2026-03-02 00:39:54.083132 (414524) main____ INFO    ----------------------------------------
2026-03-02 00:39:54.092040 (414524) lic_core INFO    Initializing license system ...
2026-03-02 00:39:54.125937 (414524) lic_core INFO    ... license system initialized.
2026-03-02 00:39:54.279962 (414524) lic__man INFO    Claim 'main' for <ui>.
2026-03-02 00:39:54.280041 (414524) lic_core INFO    (1) checking out 'jasper_interactive' ...
2026-03-02 00:39:54.330816 (414524) lic_core INFO    ... (1) checkout succeeded
2026-03-02 00:39:54.330928 (414524) lic__man INFO    Claim 'fpv' for <ui>.
2026-03-02 00:39:54.330959 (414524) lic_core INFO    (2) checking out 'jasper_fpv' ...
2026-03-02 00:39:54.387118 (414524) lic_core INFO    ... (2) checkout failed (error: -5) ("FLEXnet ERROR(-5, 0, 0): No such feature exists.")
2026-03-02 00:39:54.387173 (414524) lic_core INFO    (3) checking out 'jasper_fao' ...
2026-03-02 00:39:54.462961 (414524) lic_core INFO    ... (3) checkout succeeded
2026-03-02 00:39:54.480556 (414524) main____ INFO    Tool inactivity delay is 480000 ms.
2026-03-02 00:39:54.489903 (414682) stdio___ INFO    Starting STDIN reader (tty: yes, tty name: '/dev/pts/0')
2026-03-02 00:39:54.794816 (414524) session_ INFO    Starting analysis session with session id 'session_0' (launcher: <local>) ...
2026-03-02 00:39:54.796867 (414524) session_ INFO    Analysis session with session id 'session_0' started (pid: 414693)
2026-03-02 00:39:57.769183 (414524) session_ INFO    Analysis session 'session_0' connected to the console (host: 127.0.0.1:54914)
2026-03-02 00:40:05.190868 (414524) lic__man INFO    Unclaim everything for 'session_0'.
2026-03-02 00:40:05.519639 (414524) lic__man INFO    Claim 'fpv' for 'session_0'.
2026-03-02 00:40:05.519704 (414524) lic__man INFO    Claim 'fpv' for 'session_0/prove-0'.
2026-03-02 00:40:07.466918 (414524) lic__man INFO    Unclaim everything for 'session_0/prove-0'.
2026-03-02 00:40:07.471084 (414524) main____ INFO    About to exit: request to exit with status 0 received from analysis session 'session_0'
2026-03-02 00:40:07.638979 (414524) session_ INFO    Analysis session 'session_0' disconnected.
2026-03-02 00:40:07.639137 (414524) lic__man INFO    Unclaim everything for 'session_0'.
2026-03-02 00:40:07.649054 (414524) session_ INFO    Process for analysis session 'session_0' has exited with exit status '0'.
2026-03-02 00:40:09.414751 (414682) stdio___ INFO    STDIN reader requested to stop.
2026-03-02 00:40:09.414821 (414682) stdio___ INFO    STDIN reader stopped.
2026-03-02 00:40:09.415124 (414524) lic_core INFO    (1) checkin jasper_interactive
2026-03-02 00:40:09.416180 (414524) lic_core INFO    (3) checkin jasper_fao
2026-03-02 00:40:09.437917 (414524) main____ INFO    Exiting with status 0.
