2026-03-01 05:15:21.435198 (3956884) main____ INFO    ----------------------------------------
2026-03-01 05:15:21.435300 (3956884) main____ INFO    Jasper version info
2026-03-01 05:15:21.435316 (3956884) main____ INFO      tool      : Jasper 2023.12
2026-03-01 05:15:21.435332 (3956884) main____ INFO      version   : 2023.12p001 64 bits
2026-03-01 05:15:21.435345 (3956884) main____ INFO      build date: 2024.01.23 16:09:24 UTC
2026-03-01 05:15:21.435356 (3956884) main____ INFO    ----------------------------------------
2026-03-01 05:15:21.435366 (3956884) main____ INFO    Runtime info:
2026-03-01 05:15:21.435377 (3956884) main____ INFO      platform  : Linux 4.18.0-553.89.1.el8_10.x86_64 x86_64
2026-03-01 05:15:21.435396 (3956884) main____ INFO      hostname  : caddy12.stanford.edu
2026-03-01 05:15:21.435411 (3956884) main____ INFO      pid       : 3956884
2026-03-01 05:15:21.435423 (3956884) main____ INFO      arguments : '-style' 'windows' '-allow_unsupported_OS' '-no_gui' '-fpv' './synthlc/i_LW_out/xPairwiseDepDiv/exclusive_13_.tcl' '-proj' './synthlc/i_LW_out/xPairwiseDepDiv/exclusive_13_jgsession_26-03-01-05_15_20'
2026-03-01 05:15:21.435440 (3956884) main____ INFO      locale    : UTF-8
2026-03-01 05:15:21.435450 (3956884) main____ INFO    ----------------------------------------
2026-03-01 05:15:21.435470 (3956884) main____ INFO    System resource limits info:
2026-03-01 05:15:21.435483 (3956884) main____ INFO      virtual memory: unlimited
2026-03-01 05:15:21.435496 (3956884) main____ INFO      cpu time      : unlimited
2026-03-01 05:15:21.435514 (3956884) main____ INFO      processes     : 4096
2026-03-01 05:15:21.435534 (3956884) main____ INFO      stack size    : 8388608 B
2026-03-01 05:15:21.435549 (3956884) main____ INFO      core file size: 0 B
2026-03-01 05:15:21.435563 (3956884) main____ INFO      open files    : 4096
2026-03-01 05:15:21.435575 (3956884) main____ INFO      file size     : unlimited
2026-03-01 05:15:21.435586 (3956884) main____ INFO    ----------------------------------------
2026-03-01 05:15:21.435595 (3956884) main____ INFO    Memory statistics:
2026-03-01 05:15:21.435607 (3956884) main____ INFO      total physical memory  : 98449088 kB
2026-03-01 05:15:21.435619 (3956884) main____ INFO      free physical memory   : 81384824 kB
2026-03-01 05:15:21.435631 (3956884) main____ INFO      committed address space: 14794304 kB
2026-03-01 05:15:21.435641 (3956884) main____ INFO    ----------------------------------------
2026-03-01 05:15:21.436841 (3956884) main____ INFO    Important environment variables:
2026-03-01 05:15:21.436866 (3956884) main____ INFO      CDS_LIC_FILE       : '5280@cadlic0'
2026-03-01 05:15:21.436880 (3956884) main____ INFO      DISPLAY            : 'localhost:12.0'
2026-03-01 05:15:21.436892 (3956884) main____ INFO      JASPER_INSTALL_DIR : '/cad/cadence/jasper_2023.12p001'
2026-03-01 05:15:21.436905 (3956884) main____ INFO      JASPER_KERNEL_CHECK: '1'
2026-03-01 05:15:21.436917 (3956884) main____ INFO      JASPER_OS_CHECK    : '0'
2026-03-01 05:15:21.436930 (3956884) main____ INFO      LANG               : 'zh_TW.UTF-8'
2026-03-01 05:15:21.436940 (3956884) main____ INFO    ----------------------------------------
2026-03-01 05:15:21.438823 (3956884) lic_core INFO    Initializing license system ...
2026-03-01 05:15:21.475976 (3956884) lic_core INFO    ... license system initialized.
2026-03-01 05:15:21.623910 (3956884) lic__man INFO    Claim 'main' for <ui>.
2026-03-01 05:15:21.623990 (3956884) lic_core INFO    (1) checking out 'jasper_interactive' ...
2026-03-01 05:15:21.701967 (3956884) lic_core INFO    ... (1) checkout succeeded
2026-03-01 05:15:21.702089 (3956884) lic__man INFO    Claim 'fpv' for <ui>.
2026-03-01 05:15:21.702120 (3956884) lic_core INFO    (2) checking out 'jasper_fpv' ...
2026-03-01 05:15:21.765139 (3956884) lic_core INFO    ... (2) checkout failed (error: -5) ("FLEXnet ERROR(-5, 0, 0): No such feature exists.")
2026-03-01 05:15:21.765216 (3956884) lic_core INFO    (3) checking out 'jasper_fao' ...
2026-03-01 05:15:21.855961 (3956884) lic_core INFO    ... (3) checkout succeeded
2026-03-01 05:15:21.868570 (3956884) main____ INFO    Tool inactivity delay is 480000 ms.
2026-03-01 05:15:21.892212 (3956900) stdio___ INFO    Starting STDIN reader (tty: yes, tty name: '/dev/pts/0')
2026-03-01 05:15:22.256808 (3956884) session_ INFO    Starting analysis session with session id 'session_0' (launcher: <local>) ...
2026-03-01 05:15:22.258788 (3956884) session_ INFO    Analysis session with session id 'session_0' started (pid: 3956901)
2026-03-01 05:15:24.155148 (3956884) session_ INFO    Analysis session 'session_0' connected to the console (host: 127.0.0.1:39442)
2026-03-01 05:15:33.386284 (3956884) lic__man INFO    Unclaim everything for 'session_0'.
2026-03-01 05:15:33.924892 (3956884) lic__man INFO    Claim 'fpv' for 'session_0'.
2026-03-01 05:15:33.924947 (3956884) lic__man INFO    Claim 'fpv' for 'session_0/prove-0'.
2026-03-01 05:16:04.080962 (3956884) lic__man INFO    Unclaim everything for 'session_0/prove-0'.
2026-03-01 05:16:04.125950 (3956884) main____ INFO    About to exit: request to exit with status 0 received from analysis session 'session_0'
2026-03-01 05:16:04.625130 (3956884) session_ INFO    Analysis session 'session_0' disconnected.
2026-03-01 05:16:04.625299 (3956884) lic__man INFO    Unclaim everything for 'session_0'.
2026-03-01 05:16:04.638012 (3956884) session_ INFO    Process for analysis session 'session_0' has exited with exit status '0'.
2026-03-01 05:16:06.262304 (3956900) stdio___ INFO    STDIN reader requested to stop.
2026-03-01 05:16:06.262378 (3956900) stdio___ INFO    STDIN reader stopped.
2026-03-01 05:16:06.272938 (3956884) lic_core INFO    (1) checkin jasper_interactive
2026-03-01 05:16:06.294856 (3956884) lic_core INFO    (3) checkin jasper_fao
2026-03-01 05:16:06.339049 (3956884) main____ INFO    Exiting with status 0.
