2026-02-28 23:57:49.733528 (3803643) main____ INFO    ----------------------------------------
2026-02-28 23:57:49.733598 (3803643) main____ INFO    Jasper version info
2026-02-28 23:57:49.733615 (3803643) main____ INFO      tool      : Jasper 2023.12
2026-02-28 23:57:49.733630 (3803643) main____ INFO      version   : 2023.12p001 64 bits
2026-02-28 23:57:49.733643 (3803643) main____ INFO      build date: 2024.01.23 16:09:24 UTC
2026-02-28 23:57:49.733654 (3803643) main____ INFO    ----------------------------------------
2026-02-28 23:57:49.733676 (3803643) main____ INFO    Runtime info:
2026-02-28 23:57:49.733689 (3803643) main____ INFO      platform  : Linux 4.18.0-553.89.1.el8_10.x86_64 x86_64
2026-02-28 23:57:49.733705 (3803643) main____ INFO      hostname  : caddy12.stanford.edu
2026-02-28 23:57:49.733720 (3803643) main____ INFO      pid       : 3803643
2026-02-28 23:57:49.733732 (3803643) main____ INFO      arguments : '-style' 'windows' '-allow_unsupported_OS' '-no_gui' '-fpv' './synthlc/i_ADDI_out/xHBPerfG_dfg_v3_div/HB_129_.tcl' '-proj' './synthlc/i_ADDI_out/xHBPerfG_dfg_v3_div/HB_129_jgsession_26-02-28-23_57_49'
2026-02-28 23:57:49.733747 (3803643) main____ INFO      locale    : UTF-8
2026-02-28 23:57:49.733757 (3803643) main____ INFO    ----------------------------------------
2026-02-28 23:57:49.733767 (3803643) main____ INFO    System resource limits info:
2026-02-28 23:57:49.733780 (3803643) main____ INFO      virtual memory: unlimited
2026-02-28 23:57:49.733793 (3803643) main____ INFO      cpu time      : unlimited
2026-02-28 23:57:49.733809 (3803643) main____ INFO      processes     : 4096
2026-02-28 23:57:49.733828 (3803643) main____ INFO      stack size    : 8388608 B
2026-02-28 23:57:49.734745 (3803643) main____ INFO      core file size: 0 B
2026-02-28 23:57:49.734783 (3803643) main____ INFO      open files    : 4096
2026-02-28 23:57:49.734816 (3803643) main____ INFO      file size     : unlimited
2026-02-28 23:57:49.734845 (3803643) main____ INFO    ----------------------------------------
2026-02-28 23:57:49.734872 (3803643) main____ INFO    Memory statistics:
2026-02-28 23:57:49.734904 (3803643) main____ INFO      total physical memory  : 98449088 kB
2026-02-28 23:57:49.734953 (3803643) main____ INFO      free physical memory   : 89817312 kB
2026-02-28 23:57:49.734985 (3803643) main____ INFO      committed address space: 3213044 kB
2026-02-28 23:57:49.735012 (3803643) main____ INFO    ----------------------------------------
2026-02-28 23:57:49.736185 (3803643) main____ INFO    Important environment variables:
2026-02-28 23:57:49.736388 (3803643) main____ INFO      CDS_LIC_FILE       : '5280@cadlic0'
2026-02-28 23:57:49.736403 (3803643) main____ INFO      DISPLAY            : 'localhost:12.0'
2026-02-28 23:57:49.736415 (3803643) main____ INFO      JASPER_INSTALL_DIR : '/cad/cadence/jasper_2023.12p001'
2026-02-28 23:57:49.736427 (3803643) main____ INFO      JASPER_KERNEL_CHECK: '1'
2026-02-28 23:57:49.736440 (3803643) main____ INFO      JASPER_OS_CHECK    : '0'
2026-02-28 23:57:49.736452 (3803643) main____ INFO      LANG               : 'zh_TW.UTF-8'
2026-02-28 23:57:49.736463 (3803643) main____ INFO    ----------------------------------------
2026-02-28 23:57:49.737634 (3803643) lic_core INFO    Initializing license system ...
2026-02-28 23:57:49.739281 (3803643) lic_core INFO    ... license system initialized.
2026-02-28 23:57:49.750812 (3803643) lic__man INFO    Claim 'main' for <ui>.
2026-02-28 23:57:49.750863 (3803643) lic_core INFO    (1) checking out 'jasper_interactive' ...
2026-02-28 23:57:49.763491 (3803643) lic_core INFO    ... (1) checkout succeeded
2026-02-28 23:57:49.763556 (3803643) lic__man INFO    Claim 'fpv' for <ui>.
2026-02-28 23:57:49.763578 (3803643) lic_core INFO    (2) checking out 'jasper_fpv' ...
2026-02-28 23:57:49.768050 (3803643) lic_core INFO    ... (2) checkout failed (error: -5) ("FLEXnet ERROR(-5, 0, 0): No such feature exists.")
2026-02-28 23:57:49.768091 (3803643) lic_core INFO    (3) checking out 'jasper_fao' ...
2026-02-28 23:57:49.779510 (3803643) lic_core INFO    ... (3) checkout succeeded
2026-02-28 23:57:49.781898 (3803654) stdio___ INFO    Starting STDIN reader (tty: yes, tty name: '/dev/pts/0')
2026-02-28 23:57:49.782031 (3803643) main____ INFO    Tool inactivity delay is 480000 ms.
2026-02-28 23:57:49.823807 (3803643) session_ INFO    Starting analysis session with session id 'session_0' (launcher: <local>) ...
2026-02-28 23:57:49.825449 (3803643) session_ INFO    Analysis session with session id 'session_0' started (pid: 3803655)
2026-02-28 23:57:50.902997 (3803643) session_ INFO    Analysis session 'session_0' connected to the console (host: 127.0.0.1:46028)
2026-02-28 23:57:53.952716 (3803643) lic__man INFO    Unclaim everything for 'session_0'.
2026-02-28 23:57:54.153427 (3803643) lic__man INFO    Claim 'fpv' for 'session_0'.
2026-02-28 23:57:54.153469 (3803643) lic__man INFO    Claim 'fpv' for 'session_0/prove-0'.
2026-02-28 23:57:58.945803 (3803643) lic__man INFO    Unclaim everything for 'session_0/prove-0'.
2026-02-28 23:57:58.987799 (3803643) main____ INFO    About to exit: request to exit with status 0 received from analysis session 'session_0'
2026-02-28 23:57:59.132060 (3803643) session_ INFO    Analysis session 'session_0' disconnected.
2026-02-28 23:57:59.132252 (3803643) lic__man INFO    Unclaim everything for 'session_0'.
2026-02-28 23:57:59.132443 (3803643) session_ INFO    Process for analysis session 'session_0' has exited with exit status '0'.
2026-02-28 23:58:00.895099 (3803654) stdio___ INFO    STDIN reader requested to stop.
2026-02-28 23:58:00.895138 (3803654) stdio___ INFO    STDIN reader stopped.
2026-02-28 23:58:00.895347 (3803643) lic_core INFO    (1) checkin jasper_interactive
2026-02-28 23:58:00.896501 (3803643) lic_core INFO    (3) checkin jasper_fao
2026-02-28 23:58:00.898353 (3803643) main____ INFO    Exiting with status 0.
