2026-03-01 21:55:04.183829 (372157) main____ INFO    ----------------------------------------
2026-03-01 21:55:04.183902 (372157) main____ INFO    Jasper version info
2026-03-01 21:55:04.183918 (372157) main____ INFO      tool      : Jasper 2023.12
2026-03-01 21:55:04.183932 (372157) main____ INFO      version   : 2023.12p001 64 bits
2026-03-01 21:55:04.183945 (372157) main____ INFO      build date: 2024.01.23 16:09:24 UTC
2026-03-01 21:55:04.183956 (372157) main____ INFO    ----------------------------------------
2026-03-01 21:55:04.183966 (372157) main____ INFO    Runtime info:
2026-03-01 21:55:04.183977 (372157) main____ INFO      platform  : Linux 4.18.0-553.89.1.el8_10.x86_64 x86_64
2026-03-01 21:55:04.183994 (372157) main____ INFO      hostname  : caddy12.stanford.edu
2026-03-01 21:55:04.184009 (372157) main____ INFO      pid       : 372157
2026-03-01 21:55:04.184020 (372157) main____ INFO      arguments : '-style' 'windows' '-allow_unsupported_OS' '-no_gui' '-fpv' './synthlc/i_BEQ_out/xPerfLocSubsetDiv/coverset_1_.tcl' '-proj' './synthlc/i_BEQ_out/xPerfLocSubsetDiv/coverset_1_jgsession_26-03-01-21_55_04'
2026-03-01 21:55:04.184036 (372157) main____ INFO      locale    : UTF-8
2026-03-01 21:55:04.184049 (372157) main____ INFO    ----------------------------------------
2026-03-01 21:55:04.184058 (372157) main____ INFO    System resource limits info:
2026-03-01 21:55:04.184072 (372157) main____ INFO      virtual memory: unlimited
2026-03-01 21:55:04.184087 (372157) main____ INFO      cpu time      : unlimited
2026-03-01 21:55:04.184104 (372157) main____ INFO      processes     : 4096
2026-03-01 21:55:04.184122 (372157) main____ INFO      stack size    : 8388608 B
2026-03-01 21:55:04.184136 (372157) main____ INFO      core file size: 0 B
2026-03-01 21:55:04.184150 (372157) main____ INFO      open files    : 4096
2026-03-01 21:55:04.185092 (372157) main____ INFO      file size     : unlimited
2026-03-01 21:55:04.185105 (372157) main____ INFO    ----------------------------------------
2026-03-01 21:55:04.185115 (372157) main____ INFO    Memory statistics:
2026-03-01 21:55:04.185127 (372157) main____ INFO      total physical memory  : 98449088 kB
2026-03-01 21:55:04.185139 (372157) main____ INFO      free physical memory   : 86011068 kB
2026-03-01 21:55:04.185151 (372157) main____ INFO      committed address space: 6697676 kB
2026-03-01 21:55:04.185161 (372157) main____ INFO    ----------------------------------------
2026-03-01 21:55:04.186337 (372157) main____ INFO    Important environment variables:
2026-03-01 21:55:04.187057 (372157) main____ INFO      CDS_LIC_FILE       : '5280@cadlic0'
2026-03-01 21:55:04.187073 (372157) main____ INFO      DISPLAY            : 'localhost:12.0'
2026-03-01 21:55:04.187085 (372157) main____ INFO      JASPER_INSTALL_DIR : '/cad/cadence/jasper_2023.12p001'
2026-03-01 21:55:04.187098 (372157) main____ INFO      JASPER_KERNEL_CHECK: '1'
2026-03-01 21:55:04.187112 (372157) main____ INFO      JASPER_OS_CHECK    : '0'
2026-03-01 21:55:04.187124 (372157) main____ INFO      LANG               : 'zh_TW.UTF-8'
2026-03-01 21:55:04.187137 (372157) main____ INFO    ----------------------------------------
2026-03-01 21:55:04.188343 (372157) lic_core INFO    Initializing license system ...
2026-03-01 21:55:04.191641 (372157) lic_core INFO    ... license system initialized.
2026-03-01 21:55:04.203968 (372157) lic__man INFO    Claim 'main' for <ui>.
2026-03-01 21:55:04.204022 (372157) lic_core INFO    (1) checking out 'jasper_interactive' ...
2026-03-01 21:55:04.217124 (372157) lic_core INFO    ... (1) checkout succeeded
2026-03-01 21:55:04.217194 (372157) lic__man INFO    Claim 'fpv' for <ui>.
2026-03-01 21:55:04.217217 (372157) lic_core INFO    (2) checking out 'jasper_fpv' ...
2026-03-01 21:55:04.221677 (372157) lic_core INFO    ... (2) checkout failed (error: -5) ("FLEXnet ERROR(-5, 0, 0): No such feature exists.")
2026-03-01 21:55:04.221720 (372157) lic_core INFO    (3) checking out 'jasper_fao' ...
2026-03-01 21:55:04.232811 (372157) lic_core INFO    ... (3) checkout succeeded
2026-03-01 21:55:04.234604 (372194) stdio___ INFO    Starting STDIN reader (tty: yes, tty name: '/dev/pts/0')
2026-03-01 21:55:04.234737 (372157) main____ INFO    Tool inactivity delay is 480000 ms.
2026-03-01 21:55:04.277998 (372157) session_ INFO    Starting analysis session with session id 'session_0' (launcher: <local>) ...
2026-03-01 21:55:04.279693 (372157) session_ INFO    Analysis session with session id 'session_0' started (pid: 372196)
2026-03-01 21:55:05.358732 (372157) session_ INFO    Analysis session 'session_0' connected to the console (host: 127.0.0.1:60052)
2026-03-01 21:55:08.418846 (372157) lic__man INFO    Unclaim everything for 'session_0'.
2026-03-01 21:55:08.611775 (372157) lic__man INFO    Claim 'fpv' for 'session_0'.
2026-03-01 21:55:08.611817 (372157) lic__man INFO    Claim 'fpv' for 'session_0/prove-0'.
2026-03-01 21:55:09.616911 (372157) lic__man INFO    Unclaim everything for 'session_0/prove-0'.
2026-03-01 21:55:09.659937 (372157) main____ INFO    About to exit: request to exit with status 0 received from analysis session 'session_0'
2026-03-01 21:55:09.806748 (372157) session_ INFO    Analysis session 'session_0' disconnected.
2026-03-01 21:55:09.806952 (372157) lic__man INFO    Unclaim everything for 'session_0'.
2026-03-01 21:55:09.807148 (372157) session_ INFO    Process for analysis session 'session_0' has exited with exit status '0'.
2026-03-01 21:55:11.766764 (372194) stdio___ INFO    STDIN reader requested to stop.
2026-03-01 21:55:11.766804 (372194) stdio___ INFO    STDIN reader stopped.
2026-03-01 21:55:11.767008 (372157) lic_core INFO    (1) checkin jasper_interactive
2026-03-01 21:55:11.767705 (372157) lic_core INFO    (3) checkin jasper_fao
2026-03-01 21:55:11.769605 (372157) main____ INFO    Exiting with status 0.
