2026-02-26 13:15:24.746161 (2212363) main____ INFO    ----------------------------------------
2026-02-26 13:15:24.746224 (2212363) main____ INFO    Jasper version info
2026-02-26 13:15:24.746239 (2212363) main____ INFO      tool      : Jasper 2023.12
2026-02-26 13:15:24.746252 (2212363) main____ INFO      version   : 2023.12p001 64 bits
2026-02-26 13:15:24.746265 (2212363) main____ INFO      build date: 2024.01.23 16:09:24 UTC
2026-02-26 13:15:24.746275 (2212363) main____ INFO    ----------------------------------------
2026-02-26 13:15:24.746284 (2212363) main____ INFO    Runtime info:
2026-02-26 13:15:24.746294 (2212363) main____ INFO      platform  : Linux 4.18.0-553.89.1.el8_10.x86_64 x86_64
2026-02-26 13:15:24.746310 (2212363) main____ INFO      hostname  : caddy12.stanford.edu
2026-02-26 13:15:24.746325 (2212363) main____ INFO      pid       : 2212363
2026-02-26 13:15:24.746335 (2212363) main____ INFO      arguments : '-style' 'windows' '-allow_unsupported_OS' '-no_gui' '-fpv' './synthlc/i_DIV_out/xHBPerfG_dfg_v3_div/WHB_244_.tcl' '-proj' './synthlc/i_DIV_out/xHBPerfG_dfg_v3_div/WHB_244_jgsession_26-02-26-13_15_24'
2026-02-26 13:15:24.746349 (2212363) main____ INFO      locale    : UTF-8
2026-02-26 13:15:24.746359 (2212363) main____ INFO    ----------------------------------------
2026-02-26 13:15:24.746368 (2212363) main____ INFO    System resource limits info:
2026-02-26 13:15:24.746380 (2212363) main____ INFO      virtual memory: unlimited
2026-02-26 13:15:24.746392 (2212363) main____ INFO      cpu time      : unlimited
2026-02-26 13:15:24.746407 (2212363) main____ INFO      processes     : 4096
2026-02-26 13:15:24.746425 (2212363) main____ INFO      stack size    : 8388608 B
2026-02-26 13:15:24.746439 (2212363) main____ INFO      core file size: 0 B
2026-02-26 13:15:24.746451 (2212363) main____ INFO      open files    : 4096
2026-02-26 13:15:24.746462 (2212363) main____ INFO      file size     : unlimited
2026-02-26 13:15:24.746472 (2212363) main____ INFO    ----------------------------------------
2026-02-26 13:15:24.746481 (2212363) main____ INFO    Memory statistics:
2026-02-26 13:15:24.746492 (2212363) main____ INFO      total physical memory  : 98449088 kB
2026-02-26 13:15:24.746503 (2212363) main____ INFO      free physical memory   : 80061688 kB
2026-02-26 13:15:24.746515 (2212363) main____ INFO      committed address space: 2756024 kB
2026-02-26 13:15:24.746524 (2212363) main____ INFO    ----------------------------------------
2026-02-26 13:15:24.747679 (2212363) main____ INFO    Important environment variables:
2026-02-26 13:15:24.747701 (2212363) main____ INFO      CDS_LIC_FILE       : '5280@cadlic0'
2026-02-26 13:15:24.747714 (2212363) main____ INFO      DISPLAY            : 'localhost:12.0'
2026-02-26 13:15:24.747726 (2212363) main____ INFO      JASPER_INSTALL_DIR : '/cad/cadence/jasper_2023.12p001'
2026-02-26 13:15:24.747737 (2212363) main____ INFO      JASPER_KERNEL_CHECK: '1'
2026-02-26 13:15:24.747749 (2212363) main____ INFO      JASPER_OS_CHECK    : '0'
2026-02-26 13:15:24.747760 (2212363) main____ INFO      LANG               : 'zh_TW.UTF-8'
2026-02-26 13:15:24.747770 (2212363) main____ INFO    ----------------------------------------
2026-02-26 13:15:24.748857 (2212363) lic_core INFO    Initializing license system ...
2026-02-26 13:15:24.750942 (2212363) lic_core INFO    ... license system initialized.
2026-02-26 13:15:24.763535 (2212363) lic__man INFO    Claim 'main' for <ui>.
2026-02-26 13:15:24.763572 (2212363) lic_core INFO    (1) checking out 'jasper_interactive' ...
2026-02-26 13:15:24.776268 (2212363) lic_core INFO    ... (1) checkout succeeded
2026-02-26 13:15:24.776321 (2212363) lic__man INFO    Claim 'fpv' for <ui>.
2026-02-26 13:15:24.776341 (2212363) lic_core INFO    (2) checking out 'jasper_fpv' ...
2026-02-26 13:15:24.780259 (2212363) lic_core INFO    ... (2) checkout failed (error: -5) ("FLEXnet ERROR(-5, 0, 0): No such feature exists.")
2026-02-26 13:15:24.780286 (2212363) lic_core INFO    (3) checking out 'jasper_fao' ...
2026-02-26 13:15:24.791693 (2212363) lic_core INFO    ... (3) checkout succeeded
2026-02-26 13:15:24.792567 (2212382) stdio___ INFO    Starting STDIN reader (tty: yes, tty name: '/dev/pts/0')
2026-02-26 13:15:24.792702 (2212363) main____ INFO    Tool inactivity delay is 480000 ms.
2026-02-26 13:15:24.837131 (2212363) session_ INFO    Starting analysis session with session id 'session_0' (launcher: <local>) ...
2026-02-26 13:15:24.838852 (2212363) session_ INFO    Analysis session with session id 'session_0' started (pid: 2212383)
2026-02-26 13:15:25.920320 (2212363) session_ INFO    Analysis session 'session_0' connected to the console (host: 127.0.0.1:45668)
2026-02-26 13:15:28.956702 (2212363) lic__man INFO    Unclaim everything for 'session_0'.
2026-02-26 13:15:29.154439 (2212363) lic__man INFO    Claim 'fpv' for 'session_0'.
2026-02-26 13:15:29.154473 (2212363) lic__man INFO    Claim 'fpv' for 'session_0/prove-0'.
2026-02-26 13:15:31.556549 (2212363) lic__man INFO    Unclaim everything for 'session_0/prove-0'.
2026-02-26 13:15:31.597843 (2212363) main____ INFO    About to exit: request to exit with status 0 received from analysis session 'session_0'
2026-02-26 13:15:31.747203 (2212363) session_ INFO    Analysis session 'session_0' disconnected.
2026-02-26 13:15:31.747396 (2212363) lic__man INFO    Unclaim everything for 'session_0'.
2026-02-26 13:15:31.747585 (2212363) session_ INFO    Process for analysis session 'session_0' has exited with exit status '0'.
2026-02-26 13:15:33.504988 (2212382) stdio___ INFO    STDIN reader requested to stop.
2026-02-26 13:15:33.505023 (2212382) stdio___ INFO    STDIN reader stopped.
2026-02-26 13:15:33.505258 (2212363) lic_core INFO    (1) checkin jasper_interactive
2026-02-26 13:15:33.506183 (2212363) lic_core INFO    (3) checkin jasper_fao
2026-02-26 13:15:33.507650 (2212363) main____ INFO    Exiting with status 0.
