2026-02-26 09:19:32.537250 (3969845) main____ INFO    ----------------------------------------
2026-02-26 09:19:32.537358 (3969845) main____ INFO    Jasper version info
2026-02-26 09:19:32.537374 (3969845) main____ INFO      tool      : Jasper 2023.12
2026-02-26 09:19:32.537390 (3969845) main____ INFO      version   : 2023.12p001 64 bits
2026-02-26 09:19:32.537404 (3969845) main____ INFO      build date: 2024.01.23 16:09:24 UTC
2026-02-26 09:19:32.537413 (3969845) main____ INFO    ----------------------------------------
2026-02-26 09:19:32.537423 (3969845) main____ INFO    Runtime info:
2026-02-26 09:19:32.537434 (3969845) main____ INFO      platform  : Linux 4.18.0-553.89.1.el8_10.x86_64 x86_64
2026-02-26 09:19:32.537454 (3969845) main____ INFO      hostname  : caddy15.stanford.edu
2026-02-26 09:19:32.537470 (3969845) main____ INFO      pid       : 3969845
2026-02-26 09:19:32.537481 (3969845) main____ INFO      arguments : '-style' 'windows' '-allow_unsupported_OS' '-no_gui' '-fpv' './synthlc/i_ADDI_out/xPerfLocCycleCount/over1cyc_15_div_fsm_s10_.tcl' '-proj' './synthlc/i_ADDI_out/xPerfLocCycleCount/over1cyc_15_div_fsm_s10_jgsession_26-02-26-09_19_32'
2026-02-26 09:19:32.537498 (3969845) main____ INFO      locale    : UTF-8
2026-02-26 09:19:32.537508 (3969845) main____ INFO    ----------------------------------------
2026-02-26 09:19:32.537517 (3969845) main____ INFO    System resource limits info:
2026-02-26 09:19:32.537530 (3969845) main____ INFO      virtual memory: unlimited
2026-02-26 09:19:32.537542 (3969845) main____ INFO      cpu time      : unlimited
2026-02-26 09:19:32.537561 (3969845) main____ INFO      processes     : 4096
2026-02-26 09:19:32.537582 (3969845) main____ INFO      stack size    : 8388608 B
2026-02-26 09:19:32.537596 (3969845) main____ INFO      core file size: 0 B
2026-02-26 09:19:32.537609 (3969845) main____ INFO      open files    : 4096
2026-02-26 09:19:32.537621 (3969845) main____ INFO      file size     : unlimited
2026-02-26 09:19:32.537631 (3969845) main____ INFO    ----------------------------------------
2026-02-26 09:19:32.537641 (3969845) main____ INFO    Memory statistics:
2026-02-26 09:19:32.537652 (3969845) main____ INFO      total physical memory  : 98449092 kB
2026-02-26 09:19:32.537664 (3969845) main____ INFO      free physical memory   : 78271284 kB
2026-02-26 09:19:32.537675 (3969845) main____ INFO      committed address space: 3997048 kB
2026-02-26 09:19:32.537685 (3969845) main____ INFO    ----------------------------------------
2026-02-26 09:19:32.538849 (3969845) main____ INFO    Important environment variables:
2026-02-26 09:19:32.538875 (3969845) main____ INFO      CDS_LIC_FILE       : '5280@cadlic0'
2026-02-26 09:19:32.538888 (3969845) main____ INFO      JASPER_INSTALL_DIR : '/cad/cadence/jasper_2023.12p001'
2026-02-26 09:19:32.538900 (3969845) main____ INFO      JASPER_KERNEL_CHECK: '1'
2026-02-26 09:19:32.538912 (3969845) main____ INFO      JASPER_OS_CHECK    : '0'
2026-02-26 09:19:32.538924 (3969845) main____ INFO      LANG               : 'en_US.UTF-8'
2026-02-26 09:19:32.538934 (3969845) main____ INFO    ----------------------------------------
2026-02-26 09:19:32.540450 (3969845) lic_core INFO    Initializing license system ...
2026-02-26 09:19:32.542478 (3969845) lic_core INFO    ... license system initialized.
2026-02-26 09:19:32.582356 (3969845) lic__man INFO    Claim 'main' for <ui>.
2026-02-26 09:19:32.582432 (3969845) lic_core INFO    (1) checking out 'jasper_interactive' ...
2026-02-26 09:19:32.595580 (3969845) lic_core INFO    ... (1) checkout succeeded
2026-02-26 09:19:32.595688 (3969845) lic__man INFO    Claim 'fpv' for <ui>.
2026-02-26 09:19:32.595716 (3969845) lic_core INFO    (2) checking out 'jasper_fpv' ...
2026-02-26 09:19:32.601550 (3969845) lic_core INFO    ... (2) checkout failed (error: -5) ("FLEXnet ERROR(-5, 0, 0): No such feature exists.")
2026-02-26 09:19:32.601604 (3969845) lic_core INFO    (3) checking out 'jasper_fao' ...
2026-02-26 09:19:32.615604 (3969845) lic_core INFO    ... (3) checkout succeeded
2026-02-26 09:19:32.620161 (3969845) main____ INFO    Tool inactivity delay is 480000 ms.
2026-02-26 09:19:32.621484 (3969856) stdio___ INFO    Starting STDIN reader (tty: yes, tty name: '/dev/pts/0')
2026-02-26 09:19:32.818542 (3969845) session_ INFO    Starting analysis session with session id 'session_0' (launcher: <local>) ...
2026-02-26 09:19:32.820547 (3969845) session_ INFO    Analysis session with session id 'session_0' started (pid: 3969872)
2026-02-26 09:19:34.136844 (3969845) session_ INFO    Analysis session 'session_0' connected to the console (host: 127.0.0.1:52580)
2026-02-26 09:19:39.440572 (3969845) lic__man INFO    Unclaim everything for 'session_0'.
2026-02-26 09:19:39.662629 (3969845) lic__man INFO    Claim 'fpv' for 'session_0'.
2026-02-26 09:19:39.662667 (3969845) lic__man INFO    Claim 'fpv' for 'session_0/prove-0'.
2026-02-26 09:26:22.030945 (3969845) lic__man INFO    Unclaim everything for 'session_0/prove-0'.
2026-02-26 09:26:22.115593 (3969845) main____ INFO    About to exit: request to exit with status 0 received from analysis session 'session_0'
2026-02-26 09:26:22.550665 (3969845) session_ INFO    Analysis session 'session_0' disconnected.
2026-02-26 09:26:22.550812 (3969845) lic__man INFO    Unclaim everything for 'session_0'.
2026-02-26 09:26:22.550999 (3969845) session_ INFO    Process for analysis session 'session_0' has exited with exit status '0'.
2026-02-26 09:26:24.041386 (3969856) stdio___ INFO    STDIN reader requested to stop.
2026-02-26 09:26:24.041445 (3969856) stdio___ INFO    STDIN reader stopped.
2026-02-26 09:26:24.041760 (3969845) lic_core INFO    (1) checkin jasper_interactive
2026-02-26 09:26:24.052978 (3969845) lic_core INFO    (3) checkin jasper_fao
2026-02-26 09:26:24.063739 (3969845) main____ INFO    Exiting with status 0.
