2026-02-27 16:51:06.614227 (3239227) main____ INFO    ----------------------------------------
2026-02-27 16:51:06.614333 (3239227) main____ INFO    Jasper version info
2026-02-27 16:51:06.614351 (3239227) main____ INFO      tool      : Jasper 2023.12
2026-02-27 16:51:06.614367 (3239227) main____ INFO      version   : 2023.12p001 64 bits
2026-02-27 16:51:06.614381 (3239227) main____ INFO      build date: 2024.01.23 16:09:24 UTC
2026-02-27 16:51:06.614392 (3239227) main____ INFO    ----------------------------------------
2026-02-27 16:51:06.614402 (3239227) main____ INFO    Runtime info:
2026-02-27 16:51:06.614414 (3239227) main____ INFO      platform  : Linux 4.18.0-553.89.1.el8_10.x86_64 x86_64
2026-02-27 16:51:06.614433 (3239227) main____ INFO      hostname  : caddy12.stanford.edu
2026-02-27 16:51:06.614450 (3239227) main____ INFO      pid       : 3239227
2026-02-27 16:51:06.614462 (3239227) main____ INFO      arguments : '-style' 'windows' '-allow_unsupported_OS' '-no_gui' '-fpv' './synthlc/i_DIV_out/xHBPerfG_dfg_v3_div/WHB_153_.tcl' '-proj' './synthlc/i_DIV_out/xHBPerfG_dfg_v3_div/WHB_153_jgsession_26-02-27-16_51_05'
2026-02-27 16:51:06.614480 (3239227) main____ INFO      locale    : UTF-8
2026-02-27 16:51:06.614491 (3239227) main____ INFO    ----------------------------------------
2026-02-27 16:51:06.614501 (3239227) main____ INFO    System resource limits info:
2026-02-27 16:51:06.614514 (3239227) main____ INFO      virtual memory: unlimited
2026-02-27 16:51:06.614527 (3239227) main____ INFO      cpu time      : unlimited
2026-02-27 16:51:06.614546 (3239227) main____ INFO      processes     : 4096
2026-02-27 16:51:06.614567 (3239227) main____ INFO      stack size    : 8388608 B
2026-02-27 16:51:06.614582 (3239227) main____ INFO      core file size: 0 B
2026-02-27 16:51:06.614596 (3239227) main____ INFO      open files    : 4096
2026-02-27 16:51:06.614608 (3239227) main____ INFO      file size     : unlimited
2026-02-27 16:51:06.614619 (3239227) main____ INFO    ----------------------------------------
2026-02-27 16:51:06.614629 (3239227) main____ INFO    Memory statistics:
2026-02-27 16:51:06.614641 (3239227) main____ INFO      total physical memory  : 98449088 kB
2026-02-27 16:51:06.614653 (3239227) main____ INFO      free physical memory   : 70924820 kB
2026-02-27 16:51:06.614681 (3239227) main____ INFO      committed address space: 12290680 kB
2026-02-27 16:51:06.614691 (3239227) main____ INFO    ----------------------------------------
2026-02-27 16:51:06.615899 (3239227) main____ INFO    Important environment variables:
2026-02-27 16:51:06.615928 (3239227) main____ INFO      CDS_LIC_FILE       : '5280@cadlic0'
2026-02-27 16:51:06.615942 (3239227) main____ INFO      DISPLAY            : 'localhost:12.0'
2026-02-27 16:51:06.615955 (3239227) main____ INFO      JASPER_INSTALL_DIR : '/cad/cadence/jasper_2023.12p001'
2026-02-27 16:51:06.615967 (3239227) main____ INFO      JASPER_KERNEL_CHECK: '1'
2026-02-27 16:51:06.615980 (3239227) main____ INFO      JASPER_OS_CHECK    : '0'
2026-02-27 16:51:06.615992 (3239227) main____ INFO      LANG               : 'zh_TW.UTF-8'
2026-02-27 16:51:06.616003 (3239227) main____ INFO    ----------------------------------------
2026-02-27 16:51:06.617917 (3239227) lic_core INFO    Initializing license system ...
2026-02-27 16:51:06.652029 (3239227) lic_core INFO    ... license system initialized.
2026-02-27 16:51:06.846948 (3239227) lic__man INFO    Claim 'main' for <ui>.
2026-02-27 16:51:06.847033 (3239227) lic_core INFO    (1) checking out 'jasper_interactive' ...
2026-02-27 16:51:06.909968 (3239227) lic_core INFO    ... (1) checkout succeeded
2026-02-27 16:51:06.910089 (3239227) lic__man INFO    Claim 'fpv' for <ui>.
2026-02-27 16:51:06.910119 (3239227) lic_core INFO    (2) checking out 'jasper_fpv' ...
2026-02-27 16:51:06.971149 (3239227) lic_core INFO    ... (2) checkout failed (error: -5) ("FLEXnet ERROR(-5, 0, 0): No such feature exists.")
2026-02-27 16:51:06.971227 (3239227) lic_core INFO    (3) checking out 'jasper_fao' ...
2026-02-27 16:51:07.014012 (3239227) lic_core INFO    ... (3) checkout succeeded
2026-02-27 16:51:07.032558 (3239227) main____ INFO    Tool inactivity delay is 480000 ms.
2026-02-27 16:51:07.041934 (3239248) stdio___ INFO    Starting STDIN reader (tty: yes, tty name: '/dev/pts/0')
2026-02-27 16:51:07.371871 (3239227) session_ INFO    Starting analysis session with session id 'session_0' (launcher: <local>) ...
2026-02-27 16:51:07.373900 (3239227) session_ INFO    Analysis session with session id 'session_0' started (pid: 3239249)
2026-02-27 16:51:10.908503 (3239227) session_ INFO    Analysis session 'session_0' connected to the console (host: 127.0.0.1:59990)
2026-02-27 16:51:20.487907 (3239227) lic__man INFO    Unclaim everything for 'session_0'.
2026-02-27 16:51:20.941429 (3239227) lic__man INFO    Claim 'fpv' for 'session_0'.
2026-02-27 16:51:20.941491 (3239227) lic__man INFO    Claim 'fpv' for 'session_0/prove-0'.
2026-02-27 16:51:34.146192 (3239227) lic__man INFO    Unclaim everything for 'session_0/prove-0'.
2026-02-27 16:51:34.179983 (3239227) main____ INFO    About to exit: request to exit with status 0 received from analysis session 'session_0'
2026-02-27 16:51:34.519961 (3239227) session_ INFO    Analysis session 'session_0' disconnected.
2026-02-27 16:51:34.520138 (3239227) lic__man INFO    Unclaim everything for 'session_0'.
2026-02-27 16:51:34.536934 (3239227) session_ INFO    Process for analysis session 'session_0' has exited with exit status '0'.
2026-02-27 16:51:36.290768 (3239248) stdio___ INFO    STDIN reader requested to stop.
2026-02-27 16:51:36.290859 (3239248) stdio___ INFO    STDIN reader stopped.
2026-02-27 16:51:36.298948 (3239227) lic_core INFO    (1) checkin jasper_interactive
2026-02-27 16:51:36.304594 (3239227) lic_core INFO    (3) checkin jasper_fao
2026-02-27 16:51:36.324982 (3239227) main____ INFO    Exiting with status 0.
