2026-03-01 14:42:50.545299 (193067) main____ INFO    ----------------------------------------
2026-03-01 14:42:50.545396 (193067) main____ INFO    Jasper version info
2026-03-01 14:42:50.545413 (193067) main____ INFO      tool      : Jasper 2023.12
2026-03-01 14:42:50.545429 (193067) main____ INFO      version   : 2023.12p001 64 bits
2026-03-01 14:42:50.545443 (193067) main____ INFO      build date: 2024.01.23 16:09:24 UTC
2026-03-01 14:42:50.545454 (193067) main____ INFO    ----------------------------------------
2026-03-01 14:42:50.545464 (193067) main____ INFO    Runtime info:
2026-03-01 14:42:50.545475 (193067) main____ INFO      platform  : Linux 4.18.0-553.89.1.el8_10.x86_64 x86_64
2026-03-01 14:42:50.545494 (193067) main____ INFO      hostname  : caddy12.stanford.edu
2026-03-01 14:42:50.545509 (193067) main____ INFO      pid       : 193067
2026-03-01 14:42:50.545521 (193067) main____ INFO      arguments : '-style' 'windows' '-allow_unsupported_OS' '-no_gui' '-fpv' './synthlc/i_LW_out/xPerfLocCycleCount/over1cyc_10_div_fsm_s4_.tcl' '-proj' './synthlc/i_LW_out/xPerfLocCycleCount/over1cyc_10_div_fsm_s4_jgsession_26-03-01-14_42_49'
2026-03-01 14:42:50.545538 (193067) main____ INFO      locale    : UTF-8
2026-03-01 14:42:50.545548 (193067) main____ INFO    ----------------------------------------
2026-03-01 14:42:50.545558 (193067) main____ INFO    System resource limits info:
2026-03-01 14:42:50.545572 (193067) main____ INFO      virtual memory: unlimited
2026-03-01 14:42:50.545584 (193067) main____ INFO      cpu time      : unlimited
2026-03-01 14:42:50.545603 (193067) main____ INFO      processes     : 4096
2026-03-01 14:42:50.545623 (193067) main____ INFO      stack size    : 8388608 B
2026-03-01 14:42:50.545638 (193067) main____ INFO      core file size: 0 B
2026-03-01 14:42:50.545653 (193067) main____ INFO      open files    : 4096
2026-03-01 14:42:50.545679 (193067) main____ INFO      file size     : unlimited
2026-03-01 14:42:50.545689 (193067) main____ INFO    ----------------------------------------
2026-03-01 14:42:50.545699 (193067) main____ INFO    Memory statistics:
2026-03-01 14:42:50.545711 (193067) main____ INFO      total physical memory  : 98449088 kB
2026-03-01 14:42:50.545723 (193067) main____ INFO      free physical memory   : 80604192 kB
2026-03-01 14:42:50.545735 (193067) main____ INFO      committed address space: 14209028 kB
2026-03-01 14:42:50.545745 (193067) main____ INFO    ----------------------------------------
2026-03-01 14:42:50.546950 (193067) main____ INFO    Important environment variables:
2026-03-01 14:42:50.546977 (193067) main____ INFO      CDS_LIC_FILE       : '5280@cadlic0'
2026-03-01 14:42:50.546991 (193067) main____ INFO      DISPLAY            : 'localhost:12.0'
2026-03-01 14:42:50.547004 (193067) main____ INFO      JASPER_INSTALL_DIR : '/cad/cadence/jasper_2023.12p001'
2026-03-01 14:42:50.547016 (193067) main____ INFO      JASPER_KERNEL_CHECK: '1'
2026-03-01 14:42:50.547029 (193067) main____ INFO      JASPER_OS_CHECK    : '0'
2026-03-01 14:42:50.547041 (193067) main____ INFO      LANG               : 'zh_TW.UTF-8'
2026-03-01 14:42:50.547052 (193067) main____ INFO    ----------------------------------------
2026-03-01 14:42:50.553852 (193067) lic_core INFO    Initializing license system ...
2026-03-01 14:42:50.618489 (193067) lic_core INFO    ... license system initialized.
2026-03-01 14:42:50.807953 (193067) lic__man INFO    Claim 'main' for <ui>.
2026-03-01 14:42:50.808035 (193067) lic_core INFO    (1) checking out 'jasper_interactive' ...
2026-03-01 14:42:50.871933 (193067) lic_core INFO    ... (1) checkout succeeded
2026-03-01 14:42:50.872050 (193067) lic__man INFO    Claim 'fpv' for <ui>.
2026-03-01 14:42:50.872080 (193067) lic_core INFO    (2) checking out 'jasper_fpv' ...
2026-03-01 14:42:50.932139 (193067) lic_core INFO    ... (2) checkout failed (error: -5) ("FLEXnet ERROR(-5, 0, 0): No such feature exists.")
2026-03-01 14:42:50.932213 (193067) lic_core INFO    (3) checking out 'jasper_fao' ...
2026-03-01 14:42:51.001924 (193067) lic_core INFO    ... (3) checkout succeeded
2026-03-01 14:42:51.046496 (193067) main____ INFO    Tool inactivity delay is 480000 ms.
2026-03-01 14:42:51.054905 (193106) stdio___ INFO    Starting STDIN reader (tty: yes, tty name: '/dev/pts/0')
2026-03-01 14:42:51.341837 (193067) session_ INFO    Starting analysis session with session id 'session_0' (launcher: <local>) ...
2026-03-01 14:42:51.343822 (193067) session_ INFO    Analysis session with session id 'session_0' started (pid: 193107)
2026-03-01 14:42:55.124048 (193067) session_ INFO    Analysis session 'session_0' connected to the console (host: 127.0.0.1:35060)
2026-03-01 14:43:04.404010 (193067) lic__man INFO    Unclaim everything for 'session_0'.
2026-03-01 14:43:04.664131 (193067) lic__man INFO    Claim 'fpv' for 'session_0'.
2026-03-01 14:43:04.664178 (193067) lic__man INFO    Claim 'fpv' for 'session_0/prove-0'.
2026-03-01 14:43:21.461958 (193067) lic__man INFO    Unclaim everything for 'session_0/prove-0'.
2026-03-01 14:43:21.557882 (193067) main____ INFO    About to exit: request to exit with status 0 received from analysis session 'session_0'
2026-03-01 14:43:21.848953 (193067) session_ INFO    Analysis session 'session_0' disconnected.
2026-03-01 14:43:21.849120 (193067) lic__man INFO    Unclaim everything for 'session_0'.
2026-03-01 14:43:21.859864 (193067) session_ INFO    Process for analysis session 'session_0' has exited with exit status '0'.
2026-03-01 14:43:23.473887 (193106) stdio___ INFO    STDIN reader requested to stop.
2026-03-01 14:43:23.473952 (193106) stdio___ INFO    STDIN reader stopped.
2026-03-01 14:43:23.474248 (193067) lic_core INFO    (1) checkin jasper_interactive
2026-03-01 14:43:23.475468 (193067) lic_core INFO    (3) checkin jasper_fao
2026-03-01 14:43:23.507720 (193067) main____ INFO    Exiting with status 0.
