2026-02-27 16:31:43.826900 (3219662) main____ INFO    ----------------------------------------
2026-02-27 16:31:43.827000 (3219662) main____ INFO    Jasper version info
2026-02-27 16:31:43.827018 (3219662) main____ INFO      tool      : Jasper 2023.12
2026-02-27 16:31:43.827034 (3219662) main____ INFO      version   : 2023.12p001 64 bits
2026-02-27 16:31:43.827048 (3219662) main____ INFO      build date: 2024.01.23 16:09:24 UTC
2026-02-27 16:31:43.827059 (3219662) main____ INFO    ----------------------------------------
2026-02-27 16:31:43.827069 (3219662) main____ INFO    Runtime info:
2026-02-27 16:31:43.827081 (3219662) main____ INFO      platform  : Linux 4.18.0-553.89.1.el8_10.x86_64 x86_64
2026-02-27 16:31:43.827101 (3219662) main____ INFO      hostname  : caddy12.stanford.edu
2026-02-27 16:31:43.827117 (3219662) main____ INFO      pid       : 3219662
2026-02-27 16:31:43.827129 (3219662) main____ INFO      arguments : '-style' 'windows' '-allow_unsupported_OS' '-no_gui' '-fpv' './synthlc/i_DIV_out/xHBPerfG_dfg_v3_div/HB_13_.tcl' '-proj' './synthlc/i_DIV_out/xHBPerfG_dfg_v3_div/HB_13_jgsession_26-02-27-16_31_42'
2026-02-27 16:31:43.827147 (3219662) main____ INFO      locale    : UTF-8
2026-02-27 16:31:43.827158 (3219662) main____ INFO    ----------------------------------------
2026-02-27 16:31:43.827168 (3219662) main____ INFO    System resource limits info:
2026-02-27 16:31:43.827182 (3219662) main____ INFO      virtual memory: unlimited
2026-02-27 16:31:43.827194 (3219662) main____ INFO      cpu time      : unlimited
2026-02-27 16:31:43.827213 (3219662) main____ INFO      processes     : 4096
2026-02-27 16:31:43.827235 (3219662) main____ INFO      stack size    : 8388608 B
2026-02-27 16:31:43.827250 (3219662) main____ INFO      core file size: 0 B
2026-02-27 16:31:43.827264 (3219662) main____ INFO      open files    : 4096
2026-02-27 16:31:43.827277 (3219662) main____ INFO      file size     : unlimited
2026-02-27 16:31:43.827287 (3219662) main____ INFO    ----------------------------------------
2026-02-27 16:31:43.827297 (3219662) main____ INFO    Memory statistics:
2026-02-27 16:31:43.827309 (3219662) main____ INFO      total physical memory  : 98449088 kB
2026-02-27 16:31:43.827321 (3219662) main____ INFO      free physical memory   : 71052356 kB
2026-02-27 16:31:43.827333 (3219662) main____ INFO      committed address space: 11807936 kB
2026-02-27 16:31:43.827344 (3219662) main____ INFO    ----------------------------------------
2026-02-27 16:31:43.828538 (3219662) main____ INFO    Important environment variables:
2026-02-27 16:31:43.828564 (3219662) main____ INFO      CDS_LIC_FILE       : '5280@cadlic0'
2026-02-27 16:31:43.828579 (3219662) main____ INFO      DISPLAY            : 'localhost:12.0'
2026-02-27 16:31:43.828591 (3219662) main____ INFO      JASPER_INSTALL_DIR : '/cad/cadence/jasper_2023.12p001'
2026-02-27 16:31:43.828604 (3219662) main____ INFO      JASPER_KERNEL_CHECK: '1'
2026-02-27 16:31:43.828616 (3219662) main____ INFO      JASPER_OS_CHECK    : '0'
2026-02-27 16:31:43.828629 (3219662) main____ INFO      LANG               : 'zh_TW.UTF-8'
2026-02-27 16:31:43.828639 (3219662) main____ INFO    ----------------------------------------
2026-02-27 16:31:43.836952 (3219662) lic_core INFO    Initializing license system ...
2026-02-27 16:31:43.860301 (3219662) lic_core INFO    ... license system initialized.
2026-02-27 16:31:44.012967 (3219662) lic__man INFO    Claim 'main' for <ui>.
2026-02-27 16:31:44.013050 (3219662) lic_core INFO    (1) checking out 'jasper_interactive' ...
2026-02-27 16:31:44.089969 (3219662) lic_core INFO    ... (1) checkout succeeded
2026-02-27 16:31:44.090101 (3219662) lic__man INFO    Claim 'fpv' for <ui>.
2026-02-27 16:31:44.090133 (3219662) lic_core INFO    (2) checking out 'jasper_fpv' ...
2026-02-27 16:31:44.152121 (3219662) lic_core INFO    ... (2) checkout failed (error: -5) ("FLEXnet ERROR(-5, 0, 0): No such feature exists.")
2026-02-27 16:31:44.152189 (3219662) lic_core INFO    (3) checking out 'jasper_fao' ...
2026-02-27 16:31:44.220658 (3219662) lic_core INFO    ... (3) checkout succeeded
2026-02-27 16:31:44.222397 (3219662) main____ INFO    Tool inactivity delay is 480000 ms.
2026-02-27 16:31:44.241683 (3219707) stdio___ INFO    Starting STDIN reader (tty: yes, tty name: '/dev/pts/0')
2026-02-27 16:31:44.506856 (3219662) session_ INFO    Starting analysis session with session id 'session_0' (launcher: <local>) ...
2026-02-27 16:31:44.508797 (3219662) session_ INFO    Analysis session with session id 'session_0' started (pid: 3219708)
2026-02-27 16:31:48.010180 (3219662) session_ INFO    Analysis session 'session_0' connected to the console (host: 127.0.0.1:40806)
2026-02-27 16:31:52.709185 (3219662) lic__man INFO    Unclaim everything for 'session_0'.
2026-02-27 16:31:53.032030 (3219662) lic__man INFO    Claim 'fpv' for 'session_0'.
2026-02-27 16:31:53.032075 (3219662) lic__man INFO    Claim 'fpv' for 'session_0/prove-0'.
2026-02-27 16:31:56.396120 (3219662) lic__man INFO    Unclaim everything for 'session_0/prove-0'.
2026-02-27 16:31:56.451848 (3219662) main____ INFO    About to exit: request to exit with status 0 received from analysis session 'session_0'
2026-02-27 16:31:56.713632 (3219662) session_ INFO    Analysis session 'session_0' disconnected.
2026-02-27 16:31:56.713828 (3219662) lic__man INFO    Unclaim everything for 'session_0'.
2026-02-27 16:31:56.716110 (3219662) session_ INFO    Process for analysis session 'session_0' has exited with exit status '0'.
2026-02-27 16:31:58.397438 (3219707) stdio___ INFO    STDIN reader requested to stop.
2026-02-27 16:31:58.397498 (3219707) stdio___ INFO    STDIN reader stopped.
2026-02-27 16:31:58.401959 (3219662) lic_core INFO    (1) checkin jasper_interactive
2026-02-27 16:31:58.403122 (3219662) lic_core INFO    (3) checkin jasper_fao
2026-02-27 16:31:58.405009 (3219662) main____ INFO    Exiting with status 0.
