2026-03-01 07:52:40.649395 (4083041) main____ INFO    ----------------------------------------
2026-03-01 07:52:40.649490 (4083041) main____ INFO    Jasper version info
2026-03-01 07:52:40.649506 (4083041) main____ INFO      tool      : Jasper 2023.12
2026-03-01 07:52:40.649523 (4083041) main____ INFO      version   : 2023.12p001 64 bits
2026-03-01 07:52:40.649536 (4083041) main____ INFO      build date: 2024.01.23 16:09:24 UTC
2026-03-01 07:52:40.649547 (4083041) main____ INFO    ----------------------------------------
2026-03-01 07:52:40.649557 (4083041) main____ INFO    Runtime info:
2026-03-01 07:52:40.649568 (4083041) main____ INFO      platform  : Linux 4.18.0-553.89.1.el8_10.x86_64 x86_64
2026-03-01 07:52:40.649597 (4083041) main____ INFO      hostname  : caddy12.stanford.edu
2026-03-01 07:52:40.649613 (4083041) main____ INFO      pid       : 4083041
2026-03-01 07:52:40.649624 (4083041) main____ INFO      arguments : '-style' 'windows' '-allow_unsupported_OS' '-no_gui' '-fpv' './synthlc/i_LW_out/xPerfLocSubsetDiv/coverset_279_.tcl' '-proj' './synthlc/i_LW_out/xPerfLocSubsetDiv/coverset_279_jgsession_26-03-01-07_52_39'
2026-03-01 07:52:40.649642 (4083041) main____ INFO      locale    : UTF-8
2026-03-01 07:52:40.649652 (4083041) main____ INFO    ----------------------------------------
2026-03-01 07:52:40.649676 (4083041) main____ INFO    System resource limits info:
2026-03-01 07:52:40.649689 (4083041) main____ INFO      virtual memory: unlimited
2026-03-01 07:52:40.649702 (4083041) main____ INFO      cpu time      : unlimited
2026-03-01 07:52:40.649721 (4083041) main____ INFO      processes     : 4096
2026-03-01 07:52:40.649747 (4083041) main____ INFO      stack size    : 8388608 B
2026-03-01 07:52:40.649762 (4083041) main____ INFO      core file size: 0 B
2026-03-01 07:52:40.649776 (4083041) main____ INFO      open files    : 4096
2026-03-01 07:52:40.649788 (4083041) main____ INFO      file size     : unlimited
2026-03-01 07:52:40.649798 (4083041) main____ INFO    ----------------------------------------
2026-03-01 07:52:40.649808 (4083041) main____ INFO    Memory statistics:
2026-03-01 07:52:40.649820 (4083041) main____ INFO      total physical memory  : 98449088 kB
2026-03-01 07:52:40.649832 (4083041) main____ INFO      free physical memory   : 82838472 kB
2026-03-01 07:52:40.649844 (4083041) main____ INFO      committed address space: 11981072 kB
2026-03-01 07:52:40.649855 (4083041) main____ INFO    ----------------------------------------
2026-03-01 07:52:40.651039 (4083041) main____ INFO    Important environment variables:
2026-03-01 07:52:40.651065 (4083041) main____ INFO      CDS_LIC_FILE       : '5280@cadlic0'
2026-03-01 07:52:40.651079 (4083041) main____ INFO      DISPLAY            : 'localhost:12.0'
2026-03-01 07:52:40.651091 (4083041) main____ INFO      JASPER_INSTALL_DIR : '/cad/cadence/jasper_2023.12p001'
2026-03-01 07:52:40.651104 (4083041) main____ INFO      JASPER_KERNEL_CHECK: '1'
2026-03-01 07:52:40.651116 (4083041) main____ INFO      JASPER_OS_CHECK    : '0'
2026-03-01 07:52:40.651128 (4083041) main____ INFO      LANG               : 'zh_TW.UTF-8'
2026-03-01 07:52:40.651139 (4083041) main____ INFO    ----------------------------------------
2026-03-01 07:52:40.652832 (4083041) lic_core INFO    Initializing license system ...
2026-03-01 07:52:40.713464 (4083041) lic_core INFO    ... license system initialized.
2026-03-01 07:52:40.868913 (4083041) lic__man INFO    Claim 'main' for <ui>.
2026-03-01 07:52:40.868990 (4083041) lic_core INFO    (1) checking out 'jasper_interactive' ...
2026-03-01 07:52:40.936633 (4083041) lic_core INFO    ... (1) checkout succeeded
2026-03-01 07:52:40.936744 (4083041) lic__man INFO    Claim 'fpv' for <ui>.
2026-03-01 07:52:40.936775 (4083041) lic_core INFO    (2) checking out 'jasper_fpv' ...
2026-03-01 07:52:40.965454 (4083041) lic_core INFO    ... (2) checkout failed (error: -5) ("FLEXnet ERROR(-5, 0, 0): No such feature exists.")
2026-03-01 07:52:40.965510 (4083041) lic_core INFO    (3) checking out 'jasper_fao' ...
2026-03-01 07:52:41.023280 (4083041) lic_core INFO    ... (3) checkout succeeded
2026-03-01 07:52:41.038685 (4083041) main____ INFO    Tool inactivity delay is 480000 ms.
2026-03-01 07:52:41.046910 (4083102) stdio___ INFO    Starting STDIN reader (tty: yes, tty name: '/dev/pts/0')
2026-03-01 07:52:41.324526 (4083041) session_ INFO    Starting analysis session with session id 'session_0' (launcher: <local>) ...
2026-03-01 07:52:41.326317 (4083041) session_ INFO    Analysis session with session id 'session_0' started (pid: 4083103)
2026-03-01 07:52:42.743133 (4083041) session_ INFO    Analysis session 'session_0' connected to the console (host: 127.0.0.1:46740)
2026-03-01 07:52:46.289761 (4083041) lic__man INFO    Unclaim everything for 'session_0'.
2026-03-01 07:52:46.546982 (4083041) lic__man INFO    Claim 'fpv' for 'session_0'.
2026-03-01 07:52:46.547030 (4083041) lic__man INFO    Claim 'fpv' for 'session_0/prove-0'.
2026-03-01 07:52:48.534509 (4083041) lic__man INFO    Unclaim everything for 'session_0/prove-0'.
2026-03-01 07:52:48.576784 (4083041) main____ INFO    About to exit: request to exit with status 0 received from analysis session 'session_0'
2026-03-01 07:52:48.724101 (4083041) session_ INFO    Analysis session 'session_0' disconnected.
2026-03-01 07:52:48.724303 (4083041) lic__man INFO    Unclaim everything for 'session_0'.
2026-03-01 07:52:48.724485 (4083041) session_ INFO    Process for analysis session 'session_0' has exited with exit status '0'.
2026-03-01 07:52:50.483240 (4083102) stdio___ INFO    STDIN reader requested to stop.
2026-03-01 07:52:50.483284 (4083102) stdio___ INFO    STDIN reader stopped.
2026-03-01 07:52:50.483498 (4083041) lic_core INFO    (1) checkin jasper_interactive
2026-03-01 07:52:50.485610 (4083041) lic_core INFO    (3) checkin jasper_fao
2026-03-01 07:52:50.487218 (4083041) main____ INFO    Exiting with status 0.
