2026-03-01 21:53:18.749978 (365302) main____ INFO    ----------------------------------------
2026-03-01 21:53:18.750047 (365302) main____ INFO    Jasper version info
2026-03-01 21:53:18.750063 (365302) main____ INFO      tool      : Jasper 2023.12
2026-03-01 21:53:18.750077 (365302) main____ INFO      version   : 2023.12p001 64 bits
2026-03-01 21:53:18.750090 (365302) main____ INFO      build date: 2024.01.23 16:09:24 UTC
2026-03-01 21:53:18.750101 (365302) main____ INFO    ----------------------------------------
2026-03-01 21:53:18.750111 (365302) main____ INFO    Runtime info:
2026-03-01 21:53:18.750122 (365302) main____ INFO      platform  : Linux 4.18.0-553.89.1.el8_10.x86_64 x86_64
2026-03-01 21:53:18.750139 (365302) main____ INFO      hostname  : caddy12.stanford.edu
2026-03-01 21:53:18.750154 (365302) main____ INFO      pid       : 365302
2026-03-01 21:53:18.750165 (365302) main____ INFO      arguments : '-style' 'windows' '-allow_unsupported_OS' '-no_gui' '-fpv' './synthlc/i_BEQ_out/xPairwiseDepDiv/exclusive_6_.tcl' '-proj' './synthlc/i_BEQ_out/xPairwiseDepDiv/exclusive_6_jgsession_26-03-01-21_53_18'
2026-03-01 21:53:18.750180 (365302) main____ INFO      locale    : UTF-8
2026-03-01 21:53:18.750191 (365302) main____ INFO    ----------------------------------------
2026-03-01 21:53:18.750200 (365302) main____ INFO    System resource limits info:
2026-03-01 21:53:18.750213 (365302) main____ INFO      virtual memory: unlimited
2026-03-01 21:53:18.750225 (365302) main____ INFO      cpu time      : unlimited
2026-03-01 21:53:18.750242 (365302) main____ INFO      processes     : 4096
2026-03-01 21:53:18.750260 (365302) main____ INFO      stack size    : 8388608 B
2026-03-01 21:53:18.750274 (365302) main____ INFO      core file size: 0 B
2026-03-01 21:53:18.750288 (365302) main____ INFO      open files    : 4096
2026-03-01 21:53:18.750300 (365302) main____ INFO      file size     : unlimited
2026-03-01 21:53:18.750310 (365302) main____ INFO    ----------------------------------------
2026-03-01 21:53:18.750320 (365302) main____ INFO    Memory statistics:
2026-03-01 21:53:18.750332 (365302) main____ INFO      total physical memory  : 98449088 kB
2026-03-01 21:53:18.750344 (365302) main____ INFO      free physical memory   : 86015176 kB
2026-03-01 21:53:18.750356 (365302) main____ INFO      committed address space: 6759716 kB
2026-03-01 21:53:18.750366 (365302) main____ INFO    ----------------------------------------
2026-03-01 21:53:18.751553 (365302) main____ INFO    Important environment variables:
2026-03-01 21:53:18.752260 (365302) main____ INFO      CDS_LIC_FILE       : '5280@cadlic0'
2026-03-01 21:53:18.752305 (365302) main____ INFO      DISPLAY            : 'localhost:12.0'
2026-03-01 21:53:18.752351 (365302) main____ INFO      JASPER_INSTALL_DIR : '/cad/cadence/jasper_2023.12p001'
2026-03-01 21:53:18.752364 (365302) main____ INFO      JASPER_KERNEL_CHECK: '1'
2026-03-01 21:53:18.752376 (365302) main____ INFO      JASPER_OS_CHECK    : '0'
2026-03-01 21:53:18.752388 (365302) main____ INFO      LANG               : 'zh_TW.UTF-8'
2026-03-01 21:53:18.752399 (365302) main____ INFO    ----------------------------------------
2026-03-01 21:53:18.753523 (365302) lic_core INFO    Initializing license system ...
2026-03-01 21:53:18.755486 (365302) lic_core INFO    ... license system initialized.
2026-03-01 21:53:18.771714 (365302) lic__man INFO    Claim 'main' for <ui>.
2026-03-01 21:53:18.771763 (365302) lic_core INFO    (1) checking out 'jasper_interactive' ...
2026-03-01 21:53:18.783928 (365302) lic_core INFO    ... (1) checkout succeeded
2026-03-01 21:53:18.783987 (365302) lic__man INFO    Claim 'fpv' for <ui>.
2026-03-01 21:53:18.784008 (365302) lic_core INFO    (2) checking out 'jasper_fpv' ...
2026-03-01 21:53:18.787907 (365302) lic_core INFO    ... (2) checkout failed (error: -5) ("FLEXnet ERROR(-5, 0, 0): No such feature exists.")
2026-03-01 21:53:18.787943 (365302) lic_core INFO    (3) checking out 'jasper_fao' ...
2026-03-01 21:53:18.798679 (365302) lic_core INFO    ... (3) checkout succeeded
2026-03-01 21:53:18.799545 (365325) stdio___ INFO    Starting STDIN reader (tty: yes, tty name: '/dev/pts/0')
2026-03-01 21:53:18.799646 (365302) main____ INFO    Tool inactivity delay is 480000 ms.
2026-03-01 21:53:18.842215 (365302) session_ INFO    Starting analysis session with session id 'session_0' (launcher: <local>) ...
2026-03-01 21:53:18.844256 (365302) session_ INFO    Analysis session with session id 'session_0' started (pid: 365327)
2026-03-01 21:53:19.918795 (365302) session_ INFO    Analysis session 'session_0' connected to the console (host: 127.0.0.1:44938)
2026-03-01 21:53:22.944941 (365302) lic__man INFO    Unclaim everything for 'session_0'.
2026-03-01 21:53:23.139749 (365302) lic__man INFO    Claim 'fpv' for 'session_0'.
2026-03-01 21:53:23.139791 (365302) lic__man INFO    Claim 'fpv' for 'session_0/prove-0'.
2026-03-01 21:53:36.933431 (365302) lic__man INFO    Unclaim everything for 'session_0/prove-0'.
2026-03-01 21:53:36.975789 (365302) main____ INFO    About to exit: request to exit with status 0 received from analysis session 'session_0'
2026-03-01 21:53:37.105562 (365302) session_ INFO    Analysis session 'session_0' disconnected.
2026-03-01 21:53:37.105790 (365302) lic__man INFO    Unclaim everything for 'session_0'.
2026-03-01 21:53:37.105985 (365302) session_ INFO    Process for analysis session 'session_0' has exited with exit status '0'.
2026-03-01 21:53:38.892349 (365325) stdio___ INFO    STDIN reader requested to stop.
2026-03-01 21:53:38.892390 (365325) stdio___ INFO    STDIN reader stopped.
2026-03-01 21:53:38.892646 (365302) lic_core INFO    (1) checkin jasper_interactive
2026-03-01 21:53:38.894568 (365302) lic_core INFO    (3) checkin jasper_fao
2026-03-01 21:53:38.895515 (365302) main____ INFO    Exiting with status 0.
