2026-02-26 08:40:21.839868 (3931821) main____ INFO    ----------------------------------------
2026-02-26 08:40:21.839966 (3931821) main____ INFO    Jasper version info
2026-02-26 08:40:21.839981 (3931821) main____ INFO      tool      : Jasper 2023.12
2026-02-26 08:40:21.839997 (3931821) main____ INFO      version   : 2023.12p001 64 bits
2026-02-26 08:40:21.840010 (3931821) main____ INFO      build date: 2024.01.23 16:09:24 UTC
2026-02-26 08:40:21.840020 (3931821) main____ INFO    ----------------------------------------
2026-02-26 08:40:21.840029 (3931821) main____ INFO    Runtime info:
2026-02-26 08:40:21.840040 (3931821) main____ INFO      platform  : Linux 4.18.0-553.89.1.el8_10.x86_64 x86_64
2026-02-26 08:40:21.840060 (3931821) main____ INFO      hostname  : caddy15.stanford.edu
2026-02-26 08:40:21.840076 (3931821) main____ INFO      pid       : 3931821
2026-02-26 08:40:21.840089 (3931821) main____ INFO      arguments : '-style' 'windows' '-allow_unsupported_OS' '-no_gui' '-fpv' './synthlc/i_ADDI_out/xHBPerfG_dfg_v3_div/WHB_303_.tcl' '-proj' './synthlc/i_ADDI_out/xHBPerfG_dfg_v3_div/WHB_303_jgsession_26-02-26-08_40_20'
2026-02-26 08:40:21.840106 (3931821) main____ INFO      locale    : UTF-8
2026-02-26 08:40:21.840116 (3931821) main____ INFO    ----------------------------------------
2026-02-26 08:40:21.840126 (3931821) main____ INFO    System resource limits info:
2026-02-26 08:40:21.840147 (3931821) main____ INFO      virtual memory: unlimited
2026-02-26 08:40:21.840159 (3931821) main____ INFO      cpu time      : unlimited
2026-02-26 08:40:21.840178 (3931821) main____ INFO      processes     : 4096
2026-02-26 08:40:21.840199 (3931821) main____ INFO      stack size    : 8388608 B
2026-02-26 08:40:21.840214 (3931821) main____ INFO      core file size: 0 B
2026-02-26 08:40:21.840227 (3931821) main____ INFO      open files    : 4096
2026-02-26 08:40:21.840239 (3931821) main____ INFO      file size     : unlimited
2026-02-26 08:40:21.840249 (3931821) main____ INFO    ----------------------------------------
2026-02-26 08:40:21.840258 (3931821) main____ INFO    Memory statistics:
2026-02-26 08:40:21.840270 (3931821) main____ INFO      total physical memory  : 98449092 kB
2026-02-26 08:40:21.840282 (3931821) main____ INFO      free physical memory   : 77961020 kB
2026-02-26 08:40:21.840293 (3931821) main____ INFO      committed address space: 4846112 kB
2026-02-26 08:40:21.840316 (3931821) main____ INFO    ----------------------------------------
2026-02-26 08:40:21.841508 (3931821) main____ INFO    Important environment variables:
2026-02-26 08:40:21.841534 (3931821) main____ INFO      CDS_LIC_FILE       : '5280@cadlic0'
2026-02-26 08:40:21.841547 (3931821) main____ INFO      JASPER_INSTALL_DIR : '/cad/cadence/jasper_2023.12p001'
2026-02-26 08:40:21.841559 (3931821) main____ INFO      JASPER_KERNEL_CHECK: '1'
2026-02-26 08:40:21.841571 (3931821) main____ INFO      JASPER_OS_CHECK    : '0'
2026-02-26 08:40:21.841583 (3931821) main____ INFO      LANG               : 'en_US.UTF-8'
2026-02-26 08:40:21.841593 (3931821) main____ INFO    ----------------------------------------
2026-02-26 08:40:21.847576 (3931821) lic_core INFO    Initializing license system ...
2026-02-26 08:40:21.870582 (3931821) lic_core INFO    ... license system initialized.
2026-02-26 08:40:22.033649 (3931821) lic__man INFO    Claim 'main' for <ui>.
2026-02-26 08:40:22.033714 (3931821) lic_core INFO    (1) checking out 'jasper_interactive' ...
2026-02-26 08:40:22.084098 (3931821) lic_core INFO    ... (1) checkout succeeded
2026-02-26 08:40:22.084212 (3931821) lic__man INFO    Claim 'fpv' for <ui>.
2026-02-26 08:40:22.084241 (3931821) lic_core INFO    (2) checking out 'jasper_fpv' ...
2026-02-26 08:40:22.095263 (3931821) lic_core INFO    ... (2) checkout failed (error: -5) ("FLEXnet ERROR(-5, 0, 0): No such feature exists.")
2026-02-26 08:40:22.095325 (3931821) lic_core INFO    (3) checking out 'jasper_fao' ...
2026-02-26 08:40:22.106488 (3931821) lic_core INFO    ... (3) checkout succeeded
2026-02-26 08:40:22.110195 (3931821) main____ INFO    Tool inactivity delay is 480000 ms.
2026-02-26 08:40:22.121546 (3931874) stdio___ INFO    Starting STDIN reader (tty: yes, tty name: '/dev/pts/0')
2026-02-26 08:40:22.337797 (3931821) session_ INFO    Starting analysis session with session id 'session_0' (launcher: <local>) ...
2026-02-26 08:40:22.339651 (3931821) session_ INFO    Analysis session with session id 'session_0' started (pid: 3931875)
2026-02-26 08:40:23.681866 (3931821) session_ INFO    Analysis session 'session_0' connected to the console (host: 127.0.0.1:35002)
2026-02-26 08:40:26.718328 (3931821) lic__man INFO    Unclaim everything for 'session_0'.
2026-02-26 08:40:26.916636 (3931821) lic__man INFO    Claim 'fpv' for 'session_0'.
2026-02-26 08:40:26.916669 (3931821) lic__man INFO    Claim 'fpv' for 'session_0/prove-0'.
2026-02-26 08:40:28.344400 (3931821) lic__man INFO    Unclaim everything for 'session_0/prove-0'.
2026-02-26 08:40:28.386451 (3931821) main____ INFO    About to exit: request to exit with status 0 received from analysis session 'session_0'
2026-02-26 08:40:28.540609 (3931821) session_ INFO    Analysis session 'session_0' disconnected.
2026-02-26 08:40:28.540798 (3931821) lic__man INFO    Unclaim everything for 'session_0'.
2026-02-26 08:40:28.540992 (3931821) session_ INFO    Process for analysis session 'session_0' has exited with exit status '0'.
2026-02-26 08:40:30.427382 (3931874) stdio___ INFO    STDIN reader requested to stop.
2026-02-26 08:40:30.427440 (3931874) stdio___ INFO    STDIN reader stopped.
2026-02-26 08:40:30.438606 (3931821) lic_core INFO    (1) checkin jasper_interactive
2026-02-26 08:40:30.449530 (3931821) lic_core INFO    (3) checkin jasper_fao
2026-02-26 08:40:30.471667 (3931821) main____ INFO    Exiting with status 0.
