2026-02-25 10:08:03.165115 (3032013) main____ INFO    ----------------------------------------
2026-02-25 10:08:03.165212 (3032013) main____ INFO    Jasper version info
2026-02-25 10:08:03.165228 (3032013) main____ INFO      tool      : Jasper 2023.12
2026-02-25 10:08:03.165244 (3032013) main____ INFO      version   : 2023.12p001 64 bits
2026-02-25 10:08:03.165257 (3032013) main____ INFO      build date: 2024.01.23 16:09:24 UTC
2026-02-25 10:08:03.165267 (3032013) main____ INFO    ----------------------------------------
2026-02-25 10:08:03.165277 (3032013) main____ INFO    Runtime info:
2026-02-25 10:08:03.165287 (3032013) main____ INFO      platform  : Linux 4.18.0-553.89.1.el8_10.x86_64 x86_64
2026-02-25 10:08:03.165319 (3032013) main____ INFO      hostname  : caddy15.stanford.edu
2026-02-25 10:08:03.165335 (3032013) main____ INFO      pid       : 3032013
2026-02-25 10:08:03.165346 (3032013) main____ INFO      arguments : '-style' 'windows' '-allow_unsupported_OS' '-no_gui' '-fpv' './synthlc/i_DIV_out/xPairwiseDepDiv/nunv_anytwo_379_.tcl' '-proj' './synthlc/i_DIV_out/xPairwiseDepDiv/nunv_anytwo_379_jgsession_26-02-25-10_08_02'
2026-02-25 10:08:03.165364 (3032013) main____ INFO      locale    : UTF-8
2026-02-25 10:08:03.165373 (3032013) main____ INFO    ----------------------------------------
2026-02-25 10:08:03.165383 (3032013) main____ INFO    System resource limits info:
2026-02-25 10:08:03.165395 (3032013) main____ INFO      virtual memory: unlimited
2026-02-25 10:08:03.165408 (3032013) main____ INFO      cpu time      : unlimited
2026-02-25 10:08:03.165427 (3032013) main____ INFO      processes     : 4096
2026-02-25 10:08:03.165448 (3032013) main____ INFO      stack size    : 8388608 B
2026-02-25 10:08:03.165462 (3032013) main____ INFO      core file size: 0 B
2026-02-25 10:08:03.165475 (3032013) main____ INFO      open files    : 4096
2026-02-25 10:08:03.165488 (3032013) main____ INFO      file size     : unlimited
2026-02-25 10:08:03.165497 (3032013) main____ INFO    ----------------------------------------
2026-02-25 10:08:03.165507 (3032013) main____ INFO    Memory statistics:
2026-02-25 10:08:03.165519 (3032013) main____ INFO      total physical memory  : 98449092 kB
2026-02-25 10:08:03.165530 (3032013) main____ INFO      free physical memory   : 75766508 kB
2026-02-25 10:08:03.165542 (3032013) main____ INFO      committed address space: 9995024 kB
2026-02-25 10:08:03.165551 (3032013) main____ INFO    ----------------------------------------
2026-02-25 10:08:03.166717 (3032013) main____ INFO    Important environment variables:
2026-02-25 10:08:03.166745 (3032013) main____ INFO      CDS_LIC_FILE       : '5280@cadlic0'
2026-02-25 10:08:03.166757 (3032013) main____ INFO      JASPER_INSTALL_DIR : '/cad/cadence/jasper_2023.12p001'
2026-02-25 10:08:03.166770 (3032013) main____ INFO      JASPER_KERNEL_CHECK: '1'
2026-02-25 10:08:03.166782 (3032013) main____ INFO      JASPER_OS_CHECK    : '0'
2026-02-25 10:08:03.166794 (3032013) main____ INFO      LANG               : 'en_US.UTF-8'
2026-02-25 10:08:03.166804 (3032013) main____ INFO    ----------------------------------------
2026-02-25 10:08:03.168455 (3032013) lic_core INFO    Initializing license system ...
2026-02-25 10:08:03.180045 (3032013) lic_core INFO    ... license system initialized.
2026-02-25 10:08:03.314434 (3032013) lic__man INFO    Claim 'main' for <ui>.
2026-02-25 10:08:03.314509 (3032013) lic_core INFO    (1) checking out 'jasper_interactive' ...
2026-02-25 10:08:03.370597 (3032013) lic_core INFO    ... (1) checkout succeeded
2026-02-25 10:08:03.370708 (3032013) lic__man INFO    Claim 'fpv' for <ui>.
2026-02-25 10:08:03.370739 (3032013) lic_core INFO    (2) checking out 'jasper_fpv' ...
2026-02-25 10:08:03.421298 (3032013) lic_core INFO    ... (2) checkout failed (error: -5) ("FLEXnet ERROR(-5, 0, 0): No such feature exists.")
2026-02-25 10:08:03.421385 (3032013) lic_core INFO    (3) checking out 'jasper_fao' ...
2026-02-25 10:08:03.433282 (3032013) lic_core INFO    ... (3) checkout succeeded
2026-02-25 10:08:03.435162 (3032013) main____ INFO    Tool inactivity delay is 480000 ms.
2026-02-25 10:08:03.437648 (3032024) stdio___ INFO    Starting STDIN reader (tty: yes, tty name: '/dev/pts/0')
2026-02-25 10:08:03.583726 (3032013) session_ INFO    Starting analysis session with session id 'session_0' (launcher: <local>) ...
2026-02-25 10:08:03.585996 (3032013) session_ INFO    Analysis session with session id 'session_0' started (pid: 3032025)
2026-02-25 10:08:05.191194 (3032013) session_ INFO    Analysis session 'session_0' connected to the console (host: 127.0.0.1:34838)
2026-02-25 10:08:09.702405 (3032013) lic__man INFO    Unclaim everything for 'session_0'.
2026-02-25 10:08:10.031750 (3032013) lic__man INFO    Claim 'fpv' for 'session_0'.
2026-02-25 10:08:10.031798 (3032013) lic__man INFO    Claim 'fpv' for 'session_0/prove-0'.
2026-02-25 10:08:12.585581 (3032013) lic__man INFO    Unclaim everything for 'session_0/prove-0'.
2026-02-25 10:08:12.619605 (3032013) main____ INFO    About to exit: request to exit with status 0 received from analysis session 'session_0'
2026-02-25 10:08:12.970908 (3032013) session_ INFO    Analysis session 'session_0' disconnected.
2026-02-25 10:08:12.971066 (3032013) lic__man INFO    Unclaim everything for 'session_0'.
2026-02-25 10:08:12.971282 (3032013) session_ INFO    Process for analysis session 'session_0' has exited with exit status '0'.
2026-02-25 10:08:14.536394 (3032024) stdio___ INFO    STDIN reader requested to stop.
2026-02-25 10:08:14.536461 (3032024) stdio___ INFO    STDIN reader stopped.
2026-02-25 10:08:14.536792 (3032013) lic_core INFO    (1) checkin jasper_interactive
2026-02-25 10:08:14.548651 (3032013) lic_core INFO    (3) checkin jasper_fao
2026-02-25 10:08:14.580359 (3032013) main____ INFO    Exiting with status 0.
