2026-02-25 14:53:21.159664 (3254873) main____ INFO    ----------------------------------------
2026-02-25 14:53:21.159760 (3254873) main____ INFO    Jasper version info
2026-02-25 14:53:21.159777 (3254873) main____ INFO      tool      : Jasper 2023.12
2026-02-25 14:53:21.159792 (3254873) main____ INFO      version   : 2023.12p001 64 bits
2026-02-25 14:53:21.159806 (3254873) main____ INFO      build date: 2024.01.23 16:09:24 UTC
2026-02-25 14:53:21.159816 (3254873) main____ INFO    ----------------------------------------
2026-02-25 14:53:21.159825 (3254873) main____ INFO    Runtime info:
2026-02-25 14:53:21.159836 (3254873) main____ INFO      platform  : Linux 4.18.0-553.89.1.el8_10.x86_64 x86_64
2026-02-25 14:53:21.159855 (3254873) main____ INFO      hostname  : caddy15.stanford.edu
2026-02-25 14:53:21.159871 (3254873) main____ INFO      pid       : 3254873
2026-02-25 14:53:21.159893 (3254873) main____ INFO      arguments : '-style' 'windows' '-allow_unsupported_OS' '-no_gui' '-fpv' './synthlc/i_DIV_out/xHBPerfG_dfg_v3_div/HB_386_.tcl' '-proj' './synthlc/i_DIV_out/xHBPerfG_dfg_v3_div/HB_386_jgsession_26-02-25-14_53_20'
2026-02-25 14:53:21.159911 (3254873) main____ INFO      locale    : UTF-8
2026-02-25 14:53:21.159921 (3254873) main____ INFO    ----------------------------------------
2026-02-25 14:53:21.159930 (3254873) main____ INFO    System resource limits info:
2026-02-25 14:53:21.159943 (3254873) main____ INFO      virtual memory: unlimited
2026-02-25 14:53:21.159955 (3254873) main____ INFO      cpu time      : unlimited
2026-02-25 14:53:21.159973 (3254873) main____ INFO      processes     : 4096
2026-02-25 14:53:21.159993 (3254873) main____ INFO      stack size    : 8388608 B
2026-02-25 14:53:21.160007 (3254873) main____ INFO      core file size: 0 B
2026-02-25 14:53:21.160021 (3254873) main____ INFO      open files    : 4096
2026-02-25 14:53:21.160033 (3254873) main____ INFO      file size     : unlimited
2026-02-25 14:53:21.160043 (3254873) main____ INFO    ----------------------------------------
2026-02-25 14:53:21.160052 (3254873) main____ INFO    Memory statistics:
2026-02-25 14:53:21.160064 (3254873) main____ INFO      total physical memory  : 98449092 kB
2026-02-25 14:53:21.160076 (3254873) main____ INFO      free physical memory   : 76942052 kB
2026-02-25 14:53:21.160088 (3254873) main____ INFO      committed address space: 8396696 kB
2026-02-25 14:53:21.160097 (3254873) main____ INFO    ----------------------------------------
2026-02-25 14:53:21.161283 (3254873) main____ INFO    Important environment variables:
2026-02-25 14:53:21.161323 (3254873) main____ INFO      CDS_LIC_FILE       : '5280@cadlic0'
2026-02-25 14:53:21.161336 (3254873) main____ INFO      JASPER_INSTALL_DIR : '/cad/cadence/jasper_2023.12p001'
2026-02-25 14:53:21.161348 (3254873) main____ INFO      JASPER_KERNEL_CHECK: '1'
2026-02-25 14:53:21.161361 (3254873) main____ INFO      JASPER_OS_CHECK    : '0'
2026-02-25 14:53:21.161373 (3254873) main____ INFO      LANG               : 'en_US.UTF-8'
2026-02-25 14:53:21.161383 (3254873) main____ INFO    ----------------------------------------
2026-02-25 14:53:21.163559 (3254873) lic_core INFO    Initializing license system ...
2026-02-25 14:53:21.192713 (3254873) lic_core INFO    ... license system initialized.
2026-02-25 14:53:21.204226 (3254873) lic__man INFO    Claim 'main' for <ui>.
2026-02-25 14:53:21.204325 (3254873) lic_core INFO    (1) checking out 'jasper_interactive' ...
2026-02-25 14:53:21.219385 (3254873) lic_core INFO    ... (1) checkout succeeded
2026-02-25 14:53:21.219493 (3254873) lic__man INFO    Claim 'fpv' for <ui>.
2026-02-25 14:53:21.219524 (3254873) lic_core INFO    (2) checking out 'jasper_fpv' ...
2026-02-25 14:53:21.223894 (3254873) lic_core INFO    ... (2) checkout failed (error: -5) ("FLEXnet ERROR(-5, 0, 0): No such feature exists.")
2026-02-25 14:53:21.223950 (3254873) lic_core INFO    (3) checking out 'jasper_fao' ...
2026-02-25 14:53:21.236284 (3254873) lic_core INFO    ... (3) checkout succeeded
2026-02-25 14:53:21.237825 (3254873) main____ INFO    Tool inactivity delay is 480000 ms.
2026-02-25 14:53:21.246507 (3254884) stdio___ INFO    Starting STDIN reader (tty: yes, tty name: '/dev/pts/0')
2026-02-25 14:53:21.281554 (3254873) session_ INFO    Starting analysis session with session id 'session_0' (launcher: <local>) ...
2026-02-25 14:53:21.283592 (3254873) session_ INFO    Analysis session with session id 'session_0' started (pid: 3254885)
2026-02-25 14:53:22.743969 (3254873) session_ INFO    Analysis session 'session_0' connected to the console (host: 127.0.0.1:49692)
2026-02-25 14:53:29.315648 (3254873) lic__man INFO    Unclaim everything for 'session_0'.
2026-02-25 14:53:29.590739 (3254873) lic__man INFO    Claim 'fpv' for 'session_0'.
2026-02-25 14:53:29.590787 (3254873) lic__man INFO    Claim 'fpv' for 'session_0/prove-0'.
2026-02-25 14:53:31.097109 (3254873) lic__man INFO    Unclaim everything for 'session_0/prove-0'.
2026-02-25 14:53:31.118665 (3254873) main____ INFO    About to exit: request to exit with status 0 received from analysis session 'session_0'
2026-02-25 14:53:31.372017 (3254873) session_ INFO    Analysis session 'session_0' disconnected.
2026-02-25 14:53:31.372184 (3254873) lic__man INFO    Unclaim everything for 'session_0'.
2026-02-25 14:53:31.372520 (3254873) session_ INFO    Process for analysis session 'session_0' has exited with exit status '0'.
2026-02-25 14:53:33.027397 (3254884) stdio___ INFO    STDIN reader requested to stop.
2026-02-25 14:53:33.027462 (3254884) stdio___ INFO    STDIN reader stopped.
2026-02-25 14:53:33.037579 (3254873) lic_core INFO    (1) checkin jasper_interactive
2026-02-25 14:53:33.039515 (3254873) lic_core INFO    (3) checkin jasper_fao
2026-02-25 14:53:33.065345 (3254873) main____ INFO    Exiting with status 0.
