2026-03-01 09:50:13.487872 (38474) main____ INFO    ----------------------------------------
2026-03-01 09:50:13.487965 (38474) main____ INFO    Jasper version info
2026-03-01 09:50:13.487982 (38474) main____ INFO      tool      : Jasper 2023.12
2026-03-01 09:50:13.487998 (38474) main____ INFO      version   : 2023.12p001 64 bits
2026-03-01 09:50:13.488012 (38474) main____ INFO      build date: 2024.01.23 16:09:24 UTC
2026-03-01 09:50:13.488023 (38474) main____ INFO    ----------------------------------------
2026-03-01 09:50:13.488034 (38474) main____ INFO    Runtime info:
2026-03-01 09:50:13.488046 (38474) main____ INFO      platform  : Linux 4.18.0-553.89.1.el8_10.x86_64 x86_64
2026-03-01 09:50:13.488065 (38474) main____ INFO      hostname  : caddy12.stanford.edu
2026-03-01 09:50:13.488081 (38474) main____ INFO      pid       : 38474
2026-03-01 09:50:13.488093 (38474) main____ INFO      arguments : '-style' 'windows' '-allow_unsupported_OS' '-no_gui' '-fpv' './synthlc/i_LW_out/xHBPerfG_dfg_v3_div/HB_261_.tcl' '-proj' './synthlc/i_LW_out/xHBPerfG_dfg_v3_div/HB_261_jgsession_26-03-01-09_50_13'
2026-03-01 09:50:13.488111 (38474) main____ INFO      locale    : UTF-8
2026-03-01 09:50:13.488122 (38474) main____ INFO    ----------------------------------------
2026-03-01 09:50:13.488132 (38474) main____ INFO    System resource limits info:
2026-03-01 09:50:13.488145 (38474) main____ INFO      virtual memory: unlimited
2026-03-01 09:50:13.488158 (38474) main____ INFO      cpu time      : unlimited
2026-03-01 09:50:13.488177 (38474) main____ INFO      processes     : 4096
2026-03-01 09:50:13.488198 (38474) main____ INFO      stack size    : 8388608 B
2026-03-01 09:50:13.488213 (38474) main____ INFO      core file size: 0 B
2026-03-01 09:50:13.488227 (38474) main____ INFO      open files    : 4096
2026-03-01 09:50:13.488240 (38474) main____ INFO      file size     : unlimited
2026-03-01 09:50:13.488250 (38474) main____ INFO    ----------------------------------------
2026-03-01 09:50:13.488261 (38474) main____ INFO    Memory statistics:
2026-03-01 09:50:13.488273 (38474) main____ INFO      total physical memory  : 98449088 kB
2026-03-01 09:50:13.488286 (38474) main____ INFO      free physical memory   : 82578968 kB
2026-03-01 09:50:13.488298 (38474) main____ INFO      committed address space: 11783012 kB
2026-03-01 09:50:13.488309 (38474) main____ INFO    ----------------------------------------
2026-03-01 09:50:13.489504 (38474) main____ INFO    Important environment variables:
2026-03-01 09:50:13.489531 (38474) main____ INFO      CDS_LIC_FILE       : '5280@cadlic0'
2026-03-01 09:50:13.489545 (38474) main____ INFO      DISPLAY            : 'localhost:12.0'
2026-03-01 09:50:13.489558 (38474) main____ INFO      JASPER_INSTALL_DIR : '/cad/cadence/jasper_2023.12p001'
2026-03-01 09:50:13.489571 (38474) main____ INFO      JASPER_KERNEL_CHECK: '1'
2026-03-01 09:50:13.489583 (38474) main____ INFO      JASPER_OS_CHECK    : '0'
2026-03-01 09:50:13.489596 (38474) main____ INFO      LANG               : 'zh_TW.UTF-8'
2026-03-01 09:50:13.489607 (38474) main____ INFO    ----------------------------------------
2026-03-01 09:50:13.491820 (38474) lic_core INFO    Initializing license system ...
2026-03-01 09:50:13.502150 (38474) lic_core INFO    ... license system initialized.
2026-03-01 09:50:13.514565 (38474) lic__man INFO    Claim 'main' for <ui>.
2026-03-01 09:50:13.514643 (38474) lic_core INFO    (1) checking out 'jasper_interactive' ...
2026-03-01 09:50:13.527462 (38474) lic_core INFO    ... (1) checkout succeeded
2026-03-01 09:50:13.527573 (38474) lic__man INFO    Claim 'fpv' for <ui>.
2026-03-01 09:50:13.527602 (38474) lic_core INFO    (2) checking out 'jasper_fpv' ...
2026-03-01 09:50:13.532298 (38474) lic_core INFO    ... (2) checkout failed (error: -5) ("FLEXnet ERROR(-5, 0, 0): No such feature exists.")
2026-03-01 09:50:13.532356 (38474) lic_core INFO    (3) checking out 'jasper_fao' ...
2026-03-01 09:50:13.543260 (38474) lic_core INFO    ... (3) checkout succeeded
2026-03-01 09:50:13.545616 (38474) main____ INFO    Tool inactivity delay is 480000 ms.
2026-03-01 09:50:13.555917 (38485) stdio___ INFO    Starting STDIN reader (tty: yes, tty name: '/dev/pts/0')
2026-03-01 09:50:13.592398 (38474) session_ INFO    Starting analysis session with session id 'session_0' (launcher: <local>) ...
2026-03-01 09:50:13.594483 (38474) session_ INFO    Analysis session with session id 'session_0' started (pid: 38486)
2026-03-01 09:50:15.012893 (38474) session_ INFO    Analysis session 'session_0' connected to the console (host: 127.0.0.1:36336)
2026-03-01 09:50:19.237017 (38474) lic__man INFO    Unclaim everything for 'session_0'.
2026-03-01 09:50:19.492989 (38474) lic__man INFO    Claim 'fpv' for 'session_0'.
2026-03-01 09:50:19.493033 (38474) lic__man INFO    Claim 'fpv' for 'session_0/prove-0'.
2026-03-01 10:02:32.691974 (38474) lic__man INFO    Unclaim everything for 'session_0/prove-0'.
2026-03-01 10:02:32.753988 (38474) main____ INFO    About to exit: request to exit with status 0 received from analysis session 'session_0'
2026-03-01 10:02:32.961911 (38474) session_ INFO    Analysis session 'session_0' disconnected.
2026-03-01 10:02:32.962094 (38474) lic__man INFO    Unclaim everything for 'session_0'.
2026-03-01 10:02:32.972891 (38474) session_ INFO    Process for analysis session 'session_0' has exited with exit status '0'.
2026-03-01 10:02:34.874738 (38485) stdio___ INFO    STDIN reader requested to stop.
2026-03-01 10:02:34.874813 (38485) stdio___ INFO    STDIN reader stopped.
2026-03-01 10:02:34.884941 (38474) lic_core INFO    (1) checkin jasper_interactive
2026-03-01 10:02:34.900975 (38474) lic_core INFO    (3) checkin jasper_fao
2026-03-01 10:02:34.937171 (38474) main____ INFO    Exiting with status 0.
