2026-02-26 11:02:42.797803 (2088437) main____ INFO    ----------------------------------------
2026-02-26 11:02:42.797905 (2088437) main____ INFO    Jasper version info
2026-02-26 11:02:42.797921 (2088437) main____ INFO      tool      : Jasper 2023.12
2026-02-26 11:02:42.797936 (2088437) main____ INFO      version   : 2023.12p001 64 bits
2026-02-26 11:02:42.797949 (2088437) main____ INFO      build date: 2024.01.23 16:09:24 UTC
2026-02-26 11:02:42.797958 (2088437) main____ INFO    ----------------------------------------
2026-02-26 11:02:42.797967 (2088437) main____ INFO    Runtime info:
2026-02-26 11:02:42.797978 (2088437) main____ INFO      platform  : Linux 4.18.0-553.89.1.el8_10.x86_64 x86_64
2026-02-26 11:02:42.797997 (2088437) main____ INFO      hostname  : caddy12.stanford.edu
2026-02-26 11:02:42.798012 (2088437) main____ INFO      pid       : 2088437
2026-02-26 11:02:42.798023 (2088437) main____ INFO      arguments : '-style' 'windows' '-allow_unsupported_OS' '-no_gui' '-fpv' './synthlc/i_DIV_out/xPairwiseDepDiv/nunv_anytwo_41_.tcl' '-proj' './synthlc/i_DIV_out/xPairwiseDepDiv/nunv_anytwo_41_jgsession_26-02-26-11_02_42'
2026-02-26 11:02:42.798040 (2088437) main____ INFO      locale    : UTF-8
2026-02-26 11:02:42.798049 (2088437) main____ INFO    ----------------------------------------
2026-02-26 11:02:42.798058 (2088437) main____ INFO    System resource limits info:
2026-02-26 11:02:42.798069 (2088437) main____ INFO      virtual memory: unlimited
2026-02-26 11:02:42.798081 (2088437) main____ INFO      cpu time      : unlimited
2026-02-26 11:02:42.798099 (2088437) main____ INFO      processes     : 4096
2026-02-26 11:02:42.798128 (2088437) main____ INFO      stack size    : 8388608 B
2026-02-26 11:02:42.798142 (2088437) main____ INFO      core file size: 0 B
2026-02-26 11:02:42.798154 (2088437) main____ INFO      open files    : 4096
2026-02-26 11:02:42.798166 (2088437) main____ INFO      file size     : unlimited
2026-02-26 11:02:42.798175 (2088437) main____ INFO    ----------------------------------------
2026-02-26 11:02:42.798184 (2088437) main____ INFO    Memory statistics:
2026-02-26 11:02:42.798195 (2088437) main____ INFO      total physical memory  : 98449088 kB
2026-02-26 11:02:42.798206 (2088437) main____ INFO      free physical memory   : 73957024 kB
2026-02-26 11:02:42.798218 (2088437) main____ INFO      committed address space: 11265788 kB
2026-02-26 11:02:42.798227 (2088437) main____ INFO    ----------------------------------------
2026-02-26 11:02:42.799417 (2088437) main____ INFO    Important environment variables:
2026-02-26 11:02:42.799444 (2088437) main____ INFO      CDS_LIC_FILE       : '5280@cadlic0'
2026-02-26 11:02:42.799456 (2088437) main____ INFO      DISPLAY            : 'localhost:12.0'
2026-02-26 11:02:42.799468 (2088437) main____ INFO      JASPER_INSTALL_DIR : '/cad/cadence/jasper_2023.12p001'
2026-02-26 11:02:42.799479 (2088437) main____ INFO      JASPER_KERNEL_CHECK: '1'
2026-02-26 11:02:42.799490 (2088437) main____ INFO      JASPER_OS_CHECK    : '0'
2026-02-26 11:02:42.799502 (2088437) main____ INFO      LANG               : 'zh_TW.UTF-8'
2026-02-26 11:02:42.799511 (2088437) main____ INFO    ----------------------------------------
2026-02-26 11:02:42.800897 (2088437) lic_core INFO    Initializing license system ...
2026-02-26 11:02:42.856843 (2088437) lic_core INFO    ... license system initialized.
2026-02-26 11:02:42.898796 (2088437) lic__man INFO    Claim 'main' for <ui>.
2026-02-26 11:02:42.898868 (2088437) lic_core INFO    (1) checking out 'jasper_interactive' ...
2026-02-26 11:02:42.914412 (2088437) lic_core INFO    ... (1) checkout succeeded
2026-02-26 11:02:42.914525 (2088437) lic__man INFO    Claim 'fpv' for <ui>.
2026-02-26 11:02:42.914554 (2088437) lic_core INFO    (2) checking out 'jasper_fpv' ...
2026-02-26 11:02:42.918913 (2088437) lic_core INFO    ... (2) checkout failed (error: -5) ("FLEXnet ERROR(-5, 0, 0): No such feature exists.")
2026-02-26 11:02:42.918960 (2088437) lic_core INFO    (3) checking out 'jasper_fao' ...
2026-02-26 11:02:42.930018 (2088437) lic_core INFO    ... (3) checkout succeeded
2026-02-26 11:02:42.959270 (2088437) main____ INFO    Tool inactivity delay is 480000 ms.
2026-02-26 11:02:42.959549 (2088448) stdio___ INFO    Starting STDIN reader (tty: yes, tty name: '/dev/pts/0')
2026-02-26 11:02:43.100604 (2088437) session_ INFO    Starting analysis session with session id 'session_0' (launcher: <local>) ...
2026-02-26 11:02:43.102582 (2088437) session_ INFO    Analysis session with session id 'session_0' started (pid: 2088454)
2026-02-26 11:02:44.416153 (2088437) session_ INFO    Analysis session 'session_0' connected to the console (host: 127.0.0.1:60352)
2026-02-26 11:02:49.774884 (2088437) lic__man INFO    Unclaim everything for 'session_0'.
2026-02-26 11:02:50.135247 (2088437) lic__man INFO    Claim 'fpv' for 'session_0'.
2026-02-26 11:02:50.135294 (2088437) lic__man INFO    Claim 'fpv' for 'session_0/prove-0'.
2026-02-26 11:02:52.420087 (2088437) lic__man INFO    Unclaim everything for 'session_0/prove-0'.
2026-02-26 11:02:52.464847 (2088437) main____ INFO    About to exit: request to exit with status 0 received from analysis session 'session_0'
2026-02-26 11:02:52.791910 (2088437) session_ INFO    Analysis session 'session_0' disconnected.
2026-02-26 11:02:52.792048 (2088437) lic__man INFO    Unclaim everything for 'session_0'.
2026-02-26 11:02:52.792236 (2088437) session_ INFO    Process for analysis session 'session_0' has exited with exit status '0'.
2026-02-26 11:02:54.392194 (2088448) stdio___ INFO    STDIN reader requested to stop.
2026-02-26 11:02:54.392246 (2088448) stdio___ INFO    STDIN reader stopped.
2026-02-26 11:02:54.402974 (2088437) lic_core INFO    (1) checkin jasper_interactive
2026-02-26 11:02:54.404837 (2088437) lic_core INFO    (3) checkin jasper_fao
2026-02-26 11:02:54.412880 (2088437) main____ INFO    Exiting with status 0.
