2026-03-01 06:44:13.728394 (4035215) main____ INFO    ----------------------------------------
2026-03-01 06:44:13.728491 (4035215) main____ INFO    Jasper version info
2026-03-01 06:44:13.728508 (4035215) main____ INFO      tool      : Jasper 2023.12
2026-03-01 06:44:13.728525 (4035215) main____ INFO      version   : 2023.12p001 64 bits
2026-03-01 06:44:13.728539 (4035215) main____ INFO      build date: 2024.01.23 16:09:24 UTC
2026-03-01 06:44:13.728549 (4035215) main____ INFO    ----------------------------------------
2026-03-01 06:44:13.728559 (4035215) main____ INFO    Runtime info:
2026-03-01 06:44:13.728570 (4035215) main____ INFO      platform  : Linux 4.18.0-553.89.1.el8_10.x86_64 x86_64
2026-03-01 06:44:13.728593 (4035215) main____ INFO      hostname  : caddy12.stanford.edu
2026-03-01 06:44:13.728610 (4035215) main____ INFO      pid       : 4035215
2026-03-01 06:44:13.728624 (4035215) main____ INFO      arguments : '-style' 'windows' '-allow_unsupported_OS' '-no_gui' '-fpv' './synthlc/i_LW_out/xPairwiseDepDiv/nunv_anytwo_75_.tcl' '-proj' './synthlc/i_LW_out/xPairwiseDepDiv/nunv_anytwo_75_jgsession_26-03-01-06_44_12'
2026-03-01 06:44:13.728641 (4035215) main____ INFO      locale    : UTF-8
2026-03-01 06:44:13.728652 (4035215) main____ INFO    ----------------------------------------
2026-03-01 06:44:13.728675 (4035215) main____ INFO    System resource limits info:
2026-03-01 06:44:13.728689 (4035215) main____ INFO      virtual memory: unlimited
2026-03-01 06:44:13.728702 (4035215) main____ INFO      cpu time      : unlimited
2026-03-01 06:44:13.728721 (4035215) main____ INFO      processes     : 4096
2026-03-01 06:44:13.728742 (4035215) main____ INFO      stack size    : 8388608 B
2026-03-01 06:44:13.728757 (4035215) main____ INFO      core file size: 0 B
2026-03-01 06:44:13.728771 (4035215) main____ INFO      open files    : 4096
2026-03-01 06:44:13.728783 (4035215) main____ INFO      file size     : unlimited
2026-03-01 06:44:13.728794 (4035215) main____ INFO    ----------------------------------------
2026-03-01 06:44:13.728803 (4035215) main____ INFO    Memory statistics:
2026-03-01 06:44:13.728816 (4035215) main____ INFO      total physical memory  : 98449088 kB
2026-03-01 06:44:13.728827 (4035215) main____ INFO      free physical memory   : 83968888 kB
2026-03-01 06:44:13.728839 (4035215) main____ INFO      committed address space: 11260692 kB
2026-03-01 06:44:13.728849 (4035215) main____ INFO    ----------------------------------------
2026-03-01 06:44:13.730049 (4035215) main____ INFO    Important environment variables:
2026-03-01 06:44:13.730078 (4035215) main____ INFO      CDS_LIC_FILE       : '5280@cadlic0'
2026-03-01 06:44:13.730092 (4035215) main____ INFO      DISPLAY            : 'localhost:12.0'
2026-03-01 06:44:13.730104 (4035215) main____ INFO      JASPER_INSTALL_DIR : '/cad/cadence/jasper_2023.12p001'
2026-03-01 06:44:13.730116 (4035215) main____ INFO      JASPER_KERNEL_CHECK: '1'
2026-03-01 06:44:13.730129 (4035215) main____ INFO      JASPER_OS_CHECK    : '0'
2026-03-01 06:44:13.730141 (4035215) main____ INFO      LANG               : 'zh_TW.UTF-8'
2026-03-01 06:44:13.730151 (4035215) main____ INFO    ----------------------------------------
2026-03-01 06:44:13.731906 (4035215) lic_core INFO    Initializing license system ...
2026-03-01 06:44:13.744093 (4035215) lic_core INFO    ... license system initialized.
2026-03-01 06:44:13.850092 (4035215) lic__man INFO    Claim 'main' for <ui>.
2026-03-01 06:44:13.850171 (4035215) lic_core INFO    (1) checking out 'jasper_interactive' ...
2026-03-01 06:44:13.881347 (4035215) lic_core INFO    ... (1) checkout succeeded
2026-03-01 06:44:13.881469 (4035215) lic__man INFO    Claim 'fpv' for <ui>.
2026-03-01 06:44:13.881502 (4035215) lic_core INFO    (2) checking out 'jasper_fpv' ...
2026-03-01 06:44:13.928171 (4035215) lic_core INFO    ... (2) checkout failed (error: -5) ("FLEXnet ERROR(-5, 0, 0): No such feature exists.")
2026-03-01 06:44:13.928291 (4035215) lic_core INFO    (3) checking out 'jasper_fao' ...
2026-03-01 06:44:13.968582 (4035215) lic_core INFO    ... (3) checkout succeeded
2026-03-01 06:44:13.969930 (4035244) stdio___ INFO    Starting STDIN reader (tty: yes, tty name: '/dev/pts/0')
2026-03-01 06:44:13.970011 (4035215) main____ INFO    Tool inactivity delay is 480000 ms.
2026-03-01 06:44:14.016384 (4035215) session_ INFO    Starting analysis session with session id 'session_0' (launcher: <local>) ...
2026-03-01 06:44:14.018525 (4035215) session_ INFO    Analysis session with session id 'session_0' started (pid: 4035245)
2026-03-01 06:44:16.007194 (4035215) session_ INFO    Analysis session 'session_0' connected to the console (host: 127.0.0.1:48872)
2026-03-01 06:44:20.011779 (4035215) lic__man INFO    Unclaim everything for 'session_0'.
2026-03-01 06:44:20.456101 (4035215) lic__man INFO    Claim 'fpv' for 'session_0'.
2026-03-01 06:44:20.456157 (4035215) lic__man INFO    Claim 'fpv' for 'session_0/prove-0'.
2026-03-01 06:44:22.229300 (4035215) lic__man INFO    Unclaim everything for 'session_0/prove-0'.
2026-03-01 06:44:22.250923 (4035215) main____ INFO    About to exit: request to exit with status 0 received from analysis session 'session_0'
2026-03-01 06:44:22.521139 (4035215) session_ INFO    Analysis session 'session_0' disconnected.
2026-03-01 06:44:22.521300 (4035215) lic__man INFO    Unclaim everything for 'session_0'.
2026-03-01 06:44:22.535942 (4035215) session_ INFO    Process for analysis session 'session_0' has exited with exit status '0'.
2026-03-01 06:44:24.388831 (4035244) stdio___ INFO    STDIN reader requested to stop.
2026-03-01 06:44:24.388882 (4035244) stdio___ INFO    STDIN reader stopped.
2026-03-01 06:44:24.398946 (4035215) lic_core INFO    (1) checkin jasper_interactive
2026-03-01 06:44:24.422619 (4035215) lic_core INFO    (3) checkin jasper_fao
2026-03-01 06:44:24.424393 (4035215) main____ INFO    Exiting with status 0.
