2026-03-02 11:47:28.862503 (622842) main____ INFO    ----------------------------------------
2026-03-02 11:47:28.862578 (622842) main____ INFO    Jasper version info
2026-03-02 11:47:28.862593 (622842) main____ INFO      tool      : Jasper 2023.12
2026-03-02 11:47:28.862607 (622842) main____ INFO      version   : 2023.12p001 64 bits
2026-03-02 11:47:28.862619 (622842) main____ INFO      build date: 2024.01.23 16:09:24 UTC
2026-03-02 11:47:28.862629 (622842) main____ INFO    ----------------------------------------
2026-03-02 11:47:28.862638 (622842) main____ INFO    Runtime info:
2026-03-02 11:47:28.862648 (622842) main____ INFO      platform  : Linux 4.18.0-553.89.1.el8_10.x86_64 x86_64
2026-03-02 11:47:28.862679 (622842) main____ INFO      hostname  : caddy12.stanford.edu
2026-03-02 11:47:28.862694 (622842) main____ INFO      pid       : 622842
2026-03-02 11:47:28.862704 (622842) main____ INFO      arguments : '-style' 'windows' '-allow_unsupported_OS' '-no_gui' '-fpv' './synthlc/i_ADDI_out/xHBPerfG_dfg_v3_div/WHB_488_.tcl' '-proj' './synthlc/i_ADDI_out/xHBPerfG_dfg_v3_div/WHB_488_jgsession_26-03-02-11_47_28'
2026-03-02 11:47:28.862720 (622842) main____ INFO      locale    : UTF-8
2026-03-02 11:47:28.862730 (622842) main____ INFO    ----------------------------------------
2026-03-02 11:47:28.862739 (622842) main____ INFO    System resource limits info:
2026-03-02 11:47:28.862750 (622842) main____ INFO      virtual memory: unlimited
2026-03-02 11:47:28.862762 (622842) main____ INFO      cpu time      : unlimited
2026-03-02 11:47:28.862778 (622842) main____ INFO      processes     : 4096
2026-03-02 11:47:28.862796 (622842) main____ INFO      stack size    : 8388608 B
2026-03-02 11:47:28.862809 (622842) main____ INFO      core file size: 0 B
2026-03-02 11:47:28.862822 (622842) main____ INFO      open files    : 4096
2026-03-02 11:47:28.862833 (622842) main____ INFO      file size     : unlimited
2026-03-02 11:47:28.862843 (622842) main____ INFO    ----------------------------------------
2026-03-02 11:47:28.862852 (622842) main____ INFO    Memory statistics:
2026-03-02 11:47:28.862863 (622842) main____ INFO      total physical memory  : 98449088 kB
2026-03-02 11:47:28.862874 (622842) main____ INFO      free physical memory   : 87427384 kB
2026-03-02 11:47:28.862885 (622842) main____ INFO      committed address space: 7735428 kB
2026-03-02 11:47:28.862894 (622842) main____ INFO    ----------------------------------------
2026-03-02 11:47:28.864067 (622842) main____ INFO    Important environment variables:
2026-03-02 11:47:28.864091 (622842) main____ INFO      CDS_LIC_FILE       : '5280@cadlic0'
2026-03-02 11:47:28.864112 (622842) main____ INFO      DISPLAY            : 'localhost:12.0'
2026-03-02 11:47:28.864124 (622842) main____ INFO      JASPER_INSTALL_DIR : '/cad/cadence/jasper_2023.12p001'
2026-03-02 11:47:28.864136 (622842) main____ INFO      JASPER_KERNEL_CHECK: '1'
2026-03-02 11:47:28.864147 (622842) main____ INFO      JASPER_OS_CHECK    : '0'
2026-03-02 11:47:28.864159 (622842) main____ INFO      LANG               : 'zh_TW.UTF-8'
2026-03-02 11:47:28.864168 (622842) main____ INFO    ----------------------------------------
2026-03-02 11:47:28.865298 (622842) lic_core INFO    Initializing license system ...
2026-03-02 11:47:28.866782 (622842) lic_core INFO    ... license system initialized.
2026-03-02 11:47:28.877956 (622842) lic__man INFO    Claim 'main' for <ui>.
2026-03-02 11:47:28.877994 (622842) lic_core INFO    (1) checking out 'jasper_interactive' ...
2026-03-02 11:47:28.890416 (622842) lic_core INFO    ... (1) checkout succeeded
2026-03-02 11:47:28.890473 (622842) lic__man INFO    Claim 'fpv' for <ui>.
2026-03-02 11:47:28.890495 (622842) lic_core INFO    (2) checking out 'jasper_fpv' ...
2026-03-02 11:47:28.894765 (622842) lic_core INFO    ... (2) checkout failed (error: -5) ("FLEXnet ERROR(-5, 0, 0): No such feature exists.")
2026-03-02 11:47:28.894801 (622842) lic_core INFO    (3) checking out 'jasper_fao' ...
2026-03-02 11:47:28.905402 (622842) lic_core INFO    ... (3) checkout succeeded
2026-03-02 11:47:28.906382 (622853) stdio___ INFO    Starting STDIN reader (tty: yes, tty name: '/dev/pts/0')
2026-03-02 11:47:28.906521 (622842) main____ INFO    Tool inactivity delay is 480000 ms.
2026-03-02 11:47:28.949864 (622842) session_ INFO    Starting analysis session with session id 'session_0' (launcher: <local>) ...
2026-03-02 11:47:28.951693 (622842) session_ INFO    Analysis session with session id 'session_0' started (pid: 622855)
2026-03-02 11:47:30.481472 (622842) session_ INFO    Analysis session 'session_0' connected to the console (host: 127.0.0.1:33210)
2026-03-02 11:47:34.626545 (622842) lic__man INFO    Unclaim everything for 'session_0'.
2026-03-02 11:47:34.833130 (622842) lic__man INFO    Claim 'fpv' for 'session_0'.
2026-03-02 11:47:34.833173 (622842) lic__man INFO    Claim 'fpv' for 'session_0/prove-0'.
2026-03-02 11:47:37.361011 (622842) lic__man INFO    Unclaim everything for 'session_0/prove-0'.
2026-03-02 11:47:37.403870 (622842) main____ INFO    About to exit: request to exit with status 0 received from analysis session 'session_0'
2026-03-02 11:47:37.552764 (622842) session_ INFO    Analysis session 'session_0' disconnected.
2026-03-02 11:47:37.552950 (622842) lic__man INFO    Unclaim everything for 'session_0'.
2026-03-02 11:47:37.553147 (622842) session_ INFO    Process for analysis session 'session_0' has exited with exit status '0'.
2026-03-02 11:47:39.392375 (622853) stdio___ INFO    STDIN reader requested to stop.
2026-03-02 11:47:39.392407 (622853) stdio___ INFO    STDIN reader stopped.
2026-03-02 11:47:39.392636 (622842) lic_core INFO    (1) checkin jasper_interactive
2026-03-02 11:47:39.393583 (622842) lic_core INFO    (3) checkin jasper_fao
2026-03-02 11:47:39.394563 (622842) main____ INFO    Exiting with status 0.
