2026-03-01 06:41:58.868188 (4033284) main____ INFO    ----------------------------------------
2026-03-01 06:41:58.868287 (4033284) main____ INFO    Jasper version info
2026-03-01 06:41:58.868304 (4033284) main____ INFO      tool      : Jasper 2023.12
2026-03-01 06:41:58.868320 (4033284) main____ INFO      version   : 2023.12p001 64 bits
2026-03-01 06:41:58.868334 (4033284) main____ INFO      build date: 2024.01.23 16:09:24 UTC
2026-03-01 06:41:58.868345 (4033284) main____ INFO    ----------------------------------------
2026-03-01 06:41:58.868354 (4033284) main____ INFO    Runtime info:
2026-03-01 06:41:58.868365 (4033284) main____ INFO      platform  : Linux 4.18.0-553.89.1.el8_10.x86_64 x86_64
2026-03-01 06:41:58.868385 (4033284) main____ INFO      hostname  : caddy12.stanford.edu
2026-03-01 06:41:58.868402 (4033284) main____ INFO      pid       : 4033284
2026-03-01 06:41:58.868414 (4033284) main____ INFO      arguments : '-style' 'windows' '-allow_unsupported_OS' '-no_gui' '-fpv' './synthlc/i_LW_out/xPairwiseDepDiv/nunv_anytwo_267_.tcl' '-proj' './synthlc/i_LW_out/xPairwiseDepDiv/nunv_anytwo_267_jgsession_26-03-01-06_41_58'
2026-03-01 06:41:58.868432 (4033284) main____ INFO      locale    : UTF-8
2026-03-01 06:41:58.868442 (4033284) main____ INFO    ----------------------------------------
2026-03-01 06:41:58.868452 (4033284) main____ INFO    System resource limits info:
2026-03-01 06:41:58.868465 (4033284) main____ INFO      virtual memory: unlimited
2026-03-01 06:41:58.868477 (4033284) main____ INFO      cpu time      : unlimited
2026-03-01 06:41:58.868496 (4033284) main____ INFO      processes     : 4096
2026-03-01 06:41:58.868517 (4033284) main____ INFO      stack size    : 8388608 B
2026-03-01 06:41:58.868532 (4033284) main____ INFO      core file size: 0 B
2026-03-01 06:41:58.868546 (4033284) main____ INFO      open files    : 4096
2026-03-01 06:41:58.868558 (4033284) main____ INFO      file size     : unlimited
2026-03-01 06:41:58.868569 (4033284) main____ INFO    ----------------------------------------
2026-03-01 06:41:58.868578 (4033284) main____ INFO    Memory statistics:
2026-03-01 06:41:58.868591 (4033284) main____ INFO      total physical memory  : 98449088 kB
2026-03-01 06:41:58.868603 (4033284) main____ INFO      free physical memory   : 80056592 kB
2026-03-01 06:41:58.868615 (4033284) main____ INFO      committed address space: 15411600 kB
2026-03-01 06:41:58.868625 (4033284) main____ INFO    ----------------------------------------
2026-03-01 06:41:58.869856 (4033284) main____ INFO    Important environment variables:
2026-03-01 06:41:58.869890 (4033284) main____ INFO      CDS_LIC_FILE       : '5280@cadlic0'
2026-03-01 06:41:58.869904 (4033284) main____ INFO      DISPLAY            : 'localhost:12.0'
2026-03-01 06:41:58.869916 (4033284) main____ INFO      JASPER_INSTALL_DIR : '/cad/cadence/jasper_2023.12p001'
2026-03-01 06:41:58.869929 (4033284) main____ INFO      JASPER_KERNEL_CHECK: '1'
2026-03-01 06:41:58.869942 (4033284) main____ INFO      JASPER_OS_CHECK    : '0'
2026-03-01 06:41:58.869955 (4033284) main____ INFO      LANG               : 'zh_TW.UTF-8'
2026-03-01 06:41:58.869965 (4033284) main____ INFO    ----------------------------------------
2026-03-01 06:41:58.871851 (4033284) lic_core INFO    Initializing license system ...
2026-03-01 06:41:58.895256 (4033284) lic_core INFO    ... license system initialized.
2026-03-01 06:41:59.005264 (4033284) lic__man INFO    Claim 'main' for <ui>.
2026-03-01 06:41:59.005335 (4033284) lic_core INFO    (1) checking out 'jasper_interactive' ...
2026-03-01 06:41:59.071755 (4033284) lic_core INFO    ... (1) checkout succeeded
2026-03-01 06:41:59.071866 (4033284) lic__man INFO    Claim 'fpv' for <ui>.
2026-03-01 06:41:59.071897 (4033284) lic_core INFO    (2) checking out 'jasper_fpv' ...
2026-03-01 06:41:59.122221 (4033284) lic_core INFO    ... (2) checkout failed (error: -5) ("FLEXnet ERROR(-5, 0, 0): No such feature exists.")
2026-03-01 06:41:59.122289 (4033284) lic_core INFO    (3) checking out 'jasper_fao' ...
2026-03-01 06:41:59.192553 (4033284) lic_core INFO    ... (3) checkout succeeded
2026-03-01 06:41:59.210540 (4033284) main____ INFO    Tool inactivity delay is 480000 ms.
2026-03-01 06:41:59.218905 (4033439) stdio___ INFO    Starting STDIN reader (tty: yes, tty name: '/dev/pts/0')
2026-03-01 06:41:59.549815 (4033284) session_ INFO    Starting analysis session with session id 'session_0' (launcher: <local>) ...
2026-03-01 06:41:59.551929 (4033284) session_ INFO    Analysis session with session id 'session_0' started (pid: 4033461)
2026-03-01 06:42:03.676170 (4033284) session_ INFO    Analysis session 'session_0' connected to the console (host: 127.0.0.1:51108)
2026-03-01 06:42:10.468907 (4033284) lic__man INFO    Unclaim everything for 'session_0'.
2026-03-01 06:42:10.888085 (4033284) lic__man INFO    Claim 'fpv' for 'session_0'.
2026-03-01 06:42:10.888143 (4033284) lic__man INFO    Claim 'fpv' for 'session_0/prove-0'.
2026-03-01 06:42:14.267935 (4033284) lic__man INFO    Unclaim everything for 'session_0/prove-0'.
2026-03-01 06:42:14.287686 (4033284) main____ INFO    About to exit: request to exit with status 0 received from analysis session 'session_0'
2026-03-01 06:42:14.655210 (4033284) session_ INFO    Analysis session 'session_0' disconnected.
2026-03-01 06:42:14.655377 (4033284) lic__man INFO    Unclaim everything for 'session_0'.
2026-03-01 06:42:14.676942 (4033284) session_ INFO    Process for analysis session 'session_0' has exited with exit status '0'.
2026-03-01 06:42:16.405183 (4033439) stdio___ INFO    STDIN reader requested to stop.
2026-03-01 06:42:16.405264 (4033439) stdio___ INFO    STDIN reader stopped.
2026-03-01 06:42:16.413955 (4033284) lic_core INFO    (1) checkin jasper_interactive
2026-03-01 06:42:16.422861 (4033284) lic_core INFO    (3) checkin jasper_fao
2026-03-01 06:42:16.445094 (4033284) main____ INFO    Exiting with status 0.
