2026-03-02 10:56:17.650211 (582750) main____ INFO    ----------------------------------------
2026-03-02 10:56:17.650293 (582750) main____ INFO    Jasper version info
2026-03-02 10:56:17.650308 (582750) main____ INFO      tool      : Jasper 2023.12
2026-03-02 10:56:17.650323 (582750) main____ INFO      version   : 2023.12p001 64 bits
2026-03-02 10:56:17.650335 (582750) main____ INFO      build date: 2024.01.23 16:09:24 UTC
2026-03-02 10:56:17.650345 (582750) main____ INFO    ----------------------------------------
2026-03-02 10:56:17.650354 (582750) main____ INFO    Runtime info:
2026-03-02 10:56:17.650364 (582750) main____ INFO      platform  : Linux 4.18.0-553.89.1.el8_10.x86_64 x86_64
2026-03-02 10:56:17.650382 (582750) main____ INFO      hostname  : caddy12.stanford.edu
2026-03-02 10:56:17.650397 (582750) main____ INFO      pid       : 582750
2026-03-02 10:56:17.650407 (582750) main____ INFO      arguments : '-style' 'windows' '-allow_unsupported_OS' '-no_gui' '-fpv' './synthlc/i_ADDI_out/xPairwiseDepDiv/exclusive_36_.tcl' '-proj' './synthlc/i_ADDI_out/xPairwiseDepDiv/exclusive_36_jgsession_26-03-02-10_56_17'
2026-03-02 10:56:17.650423 (582750) main____ INFO      locale    : UTF-8
2026-03-02 10:56:17.650433 (582750) main____ INFO    ----------------------------------------
2026-03-02 10:56:17.650441 (582750) main____ INFO    System resource limits info:
2026-03-02 10:56:17.650453 (582750) main____ INFO      virtual memory: unlimited
2026-03-02 10:56:17.650465 (582750) main____ INFO      cpu time      : unlimited
2026-03-02 10:56:17.650481 (582750) main____ INFO      processes     : 4096
2026-03-02 10:56:17.650500 (582750) main____ INFO      stack size    : 8388608 B
2026-03-02 10:56:17.650513 (582750) main____ INFO      core file size: 0 B
2026-03-02 10:56:17.650526 (582750) main____ INFO      open files    : 4096
2026-03-02 10:56:17.650537 (582750) main____ INFO      file size     : unlimited
2026-03-02 10:56:17.650547 (582750) main____ INFO    ----------------------------------------
2026-03-02 10:56:17.650556 (582750) main____ INFO    Memory statistics:
2026-03-02 10:56:17.650567 (582750) main____ INFO      total physical memory  : 98449088 kB
2026-03-02 10:56:17.650577 (582750) main____ INFO      free physical memory   : 86565628 kB
2026-03-02 10:56:17.650588 (582750) main____ INFO      committed address space: 8750832 kB
2026-03-02 10:56:17.650597 (582750) main____ INFO    ----------------------------------------
2026-03-02 10:56:17.651793 (582750) main____ INFO    Important environment variables:
2026-03-02 10:56:17.651820 (582750) main____ INFO      CDS_LIC_FILE       : '5280@cadlic0'
2026-03-02 10:56:17.651833 (582750) main____ INFO      DISPLAY            : 'localhost:12.0'
2026-03-02 10:56:17.651845 (582750) main____ INFO      JASPER_INSTALL_DIR : '/cad/cadence/jasper_2023.12p001'
2026-03-02 10:56:17.651856 (582750) main____ INFO      JASPER_KERNEL_CHECK: '1'
2026-03-02 10:56:17.651868 (582750) main____ INFO      JASPER_OS_CHECK    : '0'
2026-03-02 10:56:17.651879 (582750) main____ INFO      LANG               : 'zh_TW.UTF-8'
2026-03-02 10:56:17.651888 (582750) main____ INFO    ----------------------------------------
2026-03-02 10:56:17.653815 (582750) lic_core INFO    Initializing license system ...
2026-03-02 10:56:17.666590 (582750) lic_core INFO    ... license system initialized.
2026-03-02 10:56:17.802853 (582750) lic__man INFO    Claim 'main' for <ui>.
2026-03-02 10:56:17.802925 (582750) lic_core INFO    (1) checking out 'jasper_interactive' ...
2026-03-02 10:56:17.860021 (582750) lic_core INFO    ... (1) checkout succeeded
2026-03-02 10:56:17.860111 (582750) lic__man INFO    Claim 'fpv' for <ui>.
2026-03-02 10:56:17.860138 (582750) lic_core INFO    (2) checking out 'jasper_fpv' ...
2026-03-02 10:56:17.913773 (582750) lic_core INFO    ... (2) checkout failed (error: -5) ("FLEXnet ERROR(-5, 0, 0): No such feature exists.")
2026-03-02 10:56:17.913818 (582750) lic_core INFO    (3) checking out 'jasper_fao' ...
2026-03-02 10:56:17.995907 (582750) lic_core INFO    ... (3) checkout succeeded
2026-03-02 10:56:18.007593 (582750) main____ INFO    Tool inactivity delay is 480000 ms.
2026-03-02 10:56:18.015912 (582763) stdio___ INFO    Starting STDIN reader (tty: yes, tty name: '/dev/pts/0')
2026-03-02 10:56:18.357798 (582750) session_ INFO    Starting analysis session with session id 'session_0' (launcher: <local>) ...
2026-03-02 10:56:18.359612 (582750) session_ INFO    Analysis session with session id 'session_0' started (pid: 582772)
2026-03-02 10:56:19.534239 (582750) session_ INFO    Analysis session 'session_0' connected to the console (host: 127.0.0.1:47306)
2026-03-02 10:56:22.576518 (582750) lic__man INFO    Unclaim everything for 'session_0'.
2026-03-02 10:56:22.770809 (582750) lic__man INFO    Claim 'fpv' for 'session_0'.
2026-03-02 10:56:22.770841 (582750) lic__man INFO    Claim 'fpv' for 'session_0/prove-0'.
2026-03-02 10:56:34.627059 (582750) lic__man INFO    Unclaim everything for 'session_0/prove-0'.
2026-03-02 10:56:34.669806 (582750) main____ INFO    About to exit: request to exit with status 0 received from analysis session 'session_0'
2026-03-02 10:56:34.817441 (582750) session_ INFO    Analysis session 'session_0' disconnected.
2026-03-02 10:56:34.817635 (582750) lic__man INFO    Unclaim everything for 'session_0'.
2026-03-02 10:56:34.817836 (582750) session_ INFO    Process for analysis session 'session_0' has exited with exit status '0'.
2026-03-02 10:56:36.776447 (582763) stdio___ INFO    STDIN reader requested to stop.
2026-03-02 10:56:36.776482 (582763) stdio___ INFO    STDIN reader stopped.
2026-03-02 10:56:36.776724 (582750) lic_core INFO    (1) checkin jasper_interactive
2026-03-02 10:56:36.777299 (582750) lic_core INFO    (3) checkin jasper_fao
2026-03-02 10:56:36.778796 (582750) main____ INFO    Exiting with status 0.
