2026-03-02 00:29:40.808206 (818329) main____ INFO    ----------------------------------------
2026-03-02 00:29:40.808277 (818329) main____ INFO    Jasper version info
2026-03-02 00:29:40.808293 (818329) main____ INFO      tool      : Jasper 2023.12
2026-03-02 00:29:40.808307 (818329) main____ INFO      version   : 2023.12p001 64 bits
2026-03-02 00:29:40.808320 (818329) main____ INFO      build date: 2024.01.23 16:09:24 UTC
2026-03-02 00:29:40.808330 (818329) main____ INFO    ----------------------------------------
2026-03-02 00:29:40.808339 (818329) main____ INFO    Runtime info:
2026-03-02 00:29:40.808349 (818329) main____ INFO      platform  : Linux 4.18.0-553.89.1.el8_10.x86_64 x86_64
2026-03-02 00:29:40.808367 (818329) main____ INFO      hostname  : caddy10.stanford.edu
2026-03-02 00:29:40.808382 (818329) main____ INFO      pid       : 818329
2026-03-02 00:29:40.808393 (818329) main____ INFO      arguments : '-style' 'windows' '-allow_unsupported_OS' '-no_gui' '-fpv' './synthlc/i_MUL_out/xPerfLocCycleCount/cycle_count_lsu_fsm_s8_.tcl' '-proj' './synthlc/i_MUL_out/xPerfLocCycleCount/cycle_count_lsu_fsm_s8_jgsession_26-03-02-00_29_40'
2026-03-02 00:29:40.808408 (818329) main____ INFO      locale    : UTF-8
2026-03-02 00:29:40.808418 (818329) main____ INFO    ----------------------------------------
2026-03-02 00:29:40.808436 (818329) main____ INFO    System resource limits info:
2026-03-02 00:29:40.808449 (818329) main____ INFO      virtual memory: unlimited
2026-03-02 00:29:40.808461 (818329) main____ INFO      cpu time      : unlimited
2026-03-02 00:29:40.808477 (818329) main____ INFO      processes     : 4096
2026-03-02 00:29:40.808495 (818329) main____ INFO      stack size    : 8388608 B
2026-03-02 00:29:40.808509 (818329) main____ INFO      core file size: 0 B
2026-03-02 00:29:40.808521 (818329) main____ INFO      open files    : 4096
2026-03-02 00:29:40.808533 (818329) main____ INFO      file size     : unlimited
2026-03-02 00:29:40.808542 (818329) main____ INFO    ----------------------------------------
2026-03-02 00:29:40.808551 (818329) main____ INFO    Memory statistics:
2026-03-02 00:29:40.808563 (818329) main____ INFO      total physical memory  : 98449096 kB
2026-03-02 00:29:40.808573 (818329) main____ INFO      free physical memory   : 92106024 kB
2026-03-02 00:29:40.808585 (818329) main____ INFO      committed address space: 1320600 kB
2026-03-02 00:29:40.808594 (818329) main____ INFO    ----------------------------------------
2026-03-02 00:29:40.809760 (818329) main____ INFO    Important environment variables:
2026-03-02 00:29:40.809787 (818329) main____ INFO      CDS_LIC_FILE       : '5280@cadlic0'
2026-03-02 00:29:40.809802 (818329) main____ INFO      JASPER_INSTALL_DIR : '/cad/cadence/jasper_2023.12p001'
2026-03-02 00:29:40.809815 (818329) main____ INFO      JASPER_KERNEL_CHECK: '1'
2026-03-02 00:29:40.809827 (818329) main____ INFO      JASPER_OS_CHECK    : '0'
2026-03-02 00:29:40.809839 (818329) main____ INFO      LANG               : 'en_US.UTF-8'
2026-03-02 00:29:40.809849 (818329) main____ INFO    ----------------------------------------
2026-03-02 00:29:40.810920 (818329) lic_core INFO    Initializing license system ...
2026-03-02 00:29:40.812381 (818329) lic_core INFO    ... license system initialized.
2026-03-02 00:29:40.825353 (818329) lic__man INFO    Claim 'main' for <ui>.
2026-03-02 00:29:40.825386 (818329) lic_core INFO    (1) checking out 'jasper_interactive' ...
2026-03-02 00:29:40.836820 (818329) lic_core INFO    ... (1) checkout succeeded
2026-03-02 00:29:40.836866 (818329) lic__man INFO    Claim 'fpv' for <ui>.
2026-03-02 00:29:40.836885 (818329) lic_core INFO    (2) checking out 'jasper_fpv' ...
2026-03-02 00:29:40.841018 (818329) lic_core INFO    ... (2) checkout failed (error: -5) ("FLEXnet ERROR(-5, 0, 0): No such feature exists.")
2026-03-02 00:29:40.841044 (818329) lic_core INFO    (3) checking out 'jasper_fao' ...
2026-03-02 00:29:40.851576 (818329) lic_core INFO    ... (3) checkout succeeded
2026-03-02 00:29:40.853025 (818359) stdio___ INFO    Starting STDIN reader (tty: yes, tty name: '/dev/pts/7')
2026-03-02 00:29:40.853181 (818329) main____ INFO    Tool inactivity delay is 480000 ms.
2026-03-02 00:29:40.897148 (818329) session_ INFO    Starting analysis session with session id 'session_0' (launcher: <local>) ...
2026-03-02 00:29:40.898855 (818329) session_ INFO    Analysis session with session id 'session_0' started (pid: 818360)
2026-03-02 00:29:41.968103 (818329) session_ INFO    Analysis session 'session_0' connected to the console (host: 127.0.0.1:48148)
2026-03-02 00:29:45.053678 (818329) lic__man INFO    Unclaim everything for 'session_0'.
2026-03-02 00:29:45.266890 (818329) lic__man INFO    Claim 'fpv' for 'session_0'.
2026-03-02 00:29:45.266922 (818329) lic__man INFO    Claim 'fpv' for 'session_0/prove-0'.
2026-03-02 00:29:47.992765 (818329) lic__man INFO    Unclaim everything for 'session_0/prove-0'.
2026-03-02 00:29:48.007484 (818329) lic__man INFO    Claim 'fpv' for 'session_0'.
2026-03-02 00:29:48.007518 (818329) lic__man INFO    Claim 'fpv' for 'session_0/prove-1'.
2026-03-02 00:29:50.106606 (818329) lic__man INFO    Unclaim everything for 'session_0/prove-1'.
2026-03-02 00:29:50.117361 (818329) lic__man INFO    Claim 'fpv' for 'session_0'.
2026-03-02 00:29:50.117395 (818329) lic__man INFO    Claim 'fpv' for 'session_0/prove-2'.
2026-03-02 00:29:51.814287 (818329) lic__man INFO    Unclaim everything for 'session_0/prove-2'.
2026-03-02 00:29:51.824605 (818329) lic__man INFO    Claim 'fpv' for 'session_0'.
2026-03-02 00:29:51.824641 (818329) lic__man INFO    Claim 'fpv' for 'session_0/prove-3'.
2026-03-02 00:29:53.189966 (818329) lic__man INFO    Unclaim everything for 'session_0/prove-3'.
2026-03-02 00:29:53.198477 (818329) lic__man INFO    Claim 'fpv' for 'session_0'.
2026-03-02 00:29:53.198526 (818329) lic__man INFO    Claim 'fpv' for 'session_0/prove-4'.
2026-03-02 00:29:54.184777 (818329) lic__man INFO    Unclaim everything for 'session_0/prove-4'.
2026-03-02 00:29:54.193412 (818329) lic__man INFO    Claim 'fpv' for 'session_0'.
2026-03-02 00:29:54.193455 (818329) lic__man INFO    Claim 'fpv' for 'session_0/prove-5'.
2026-03-02 00:29:55.548332 (818329) lic__man INFO    Unclaim everything for 'session_0/prove-5'.
2026-03-02 00:29:55.596267 (818329) main____ INFO    About to exit: request to exit with status 0 received from analysis session 'session_0'
2026-03-02 00:29:55.742098 (818329) session_ INFO    Analysis session 'session_0' disconnected.
2026-03-02 00:29:55.742256 (818329) lic__man INFO    Unclaim everything for 'session_0'.
2026-03-02 00:29:55.744262 (818329) session_ INFO    Process for analysis session 'session_0' has exited with exit status '0'.
2026-03-02 00:29:57.503938 (818359) stdio___ INFO    STDIN reader requested to stop.
2026-03-02 00:29:57.503982 (818359) stdio___ INFO    STDIN reader stopped.
2026-03-02 00:29:57.504313 (818329) lic_core INFO    (1) checkin jasper_interactive
2026-03-02 00:29:57.505531 (818329) lic_core INFO    (3) checkin jasper_fao
2026-03-02 00:29:57.507077 (818329) main____ INFO    Exiting with status 0.
