2026-02-26 11:26:38.641242 (2104765) main____ INFO    ----------------------------------------
2026-02-26 11:26:38.641339 (2104765) main____ INFO    Jasper version info
2026-02-26 11:26:38.641355 (2104765) main____ INFO      tool      : Jasper 2023.12
2026-02-26 11:26:38.641371 (2104765) main____ INFO      version   : 2023.12p001 64 bits
2026-02-26 11:26:38.641384 (2104765) main____ INFO      build date: 2024.01.23 16:09:24 UTC
2026-02-26 11:26:38.641394 (2104765) main____ INFO    ----------------------------------------
2026-02-26 11:26:38.641403 (2104765) main____ INFO    Runtime info:
2026-02-26 11:26:38.641413 (2104765) main____ INFO      platform  : Linux 4.18.0-553.89.1.el8_10.x86_64 x86_64
2026-02-26 11:26:38.641433 (2104765) main____ INFO      hostname  : caddy12.stanford.edu
2026-02-26 11:26:38.641448 (2104765) main____ INFO      pid       : 2104765
2026-02-26 11:26:38.641460 (2104765) main____ INFO      arguments : '-style' 'windows' '-allow_unsupported_OS' '-no_gui' '-fpv' './synthlc/i_DIV_out/xPairwiseDepDiv/nunv_anytwo_104_.tcl' '-proj' './synthlc/i_DIV_out/xPairwiseDepDiv/nunv_anytwo_104_jgsession_26-02-26-11_26_37'
2026-02-26 11:26:38.641477 (2104765) main____ INFO      locale    : UTF-8
2026-02-26 11:26:38.641487 (2104765) main____ INFO    ----------------------------------------
2026-02-26 11:26:38.641496 (2104765) main____ INFO    System resource limits info:
2026-02-26 11:26:38.641508 (2104765) main____ INFO      virtual memory: unlimited
2026-02-26 11:26:38.641521 (2104765) main____ INFO      cpu time      : unlimited
2026-02-26 11:26:38.641539 (2104765) main____ INFO      processes     : 4096
2026-02-26 11:26:38.641560 (2104765) main____ INFO      stack size    : 8388608 B
2026-02-26 11:26:38.641574 (2104765) main____ INFO      core file size: 0 B
2026-02-26 11:26:38.641587 (2104765) main____ INFO      open files    : 4096
2026-02-26 11:26:38.641599 (2104765) main____ INFO      file size     : unlimited
2026-02-26 11:26:38.641609 (2104765) main____ INFO    ----------------------------------------
2026-02-26 11:26:38.641618 (2104765) main____ INFO    Memory statistics:
2026-02-26 11:26:38.641630 (2104765) main____ INFO      total physical memory  : 98449088 kB
2026-02-26 11:26:38.641641 (2104765) main____ INFO      free physical memory   : 77553784 kB
2026-02-26 11:26:38.641652 (2104765) main____ INFO      committed address space: 6653896 kB
2026-02-26 11:26:38.641675 (2104765) main____ INFO    ----------------------------------------
2026-02-26 11:26:38.642874 (2104765) main____ INFO    Important environment variables:
2026-02-26 11:26:38.642900 (2104765) main____ INFO      CDS_LIC_FILE       : '5280@cadlic0'
2026-02-26 11:26:38.642913 (2104765) main____ INFO      DISPLAY            : 'localhost:12.0'
2026-02-26 11:26:38.642925 (2104765) main____ INFO      JASPER_INSTALL_DIR : '/cad/cadence/jasper_2023.12p001'
2026-02-26 11:26:38.642936 (2104765) main____ INFO      JASPER_KERNEL_CHECK: '1'
2026-02-26 11:26:38.642948 (2104765) main____ INFO      JASPER_OS_CHECK    : '0'
2026-02-26 11:26:38.642960 (2104765) main____ INFO      LANG               : 'zh_TW.UTF-8'
2026-02-26 11:26:38.642970 (2104765) main____ INFO    ----------------------------------------
2026-02-26 11:26:38.644879 (2104765) lic_core INFO    Initializing license system ...
2026-02-26 11:26:38.666003 (2104765) lic_core INFO    ... license system initialized.
2026-02-26 11:26:38.798199 (2104765) lic__man INFO    Claim 'main' for <ui>.
2026-02-26 11:26:38.798271 (2104765) lic_core INFO    (1) checking out 'jasper_interactive' ...
2026-02-26 11:26:38.883920 (2104765) lic_core INFO    ... (1) checkout succeeded
2026-02-26 11:26:38.884017 (2104765) lic__man INFO    Claim 'fpv' for <ui>.
2026-02-26 11:26:38.884045 (2104765) lic_core INFO    (2) checking out 'jasper_fpv' ...
2026-02-26 11:26:38.942999 (2104765) lic_core INFO    ... (2) checkout failed (error: -5) ("FLEXnet ERROR(-5, 0, 0): No such feature exists.")
2026-02-26 11:26:38.943055 (2104765) lic_core INFO    (3) checking out 'jasper_fao' ...
2026-02-26 11:26:38.996919 (2104765) lic_core INFO    ... (3) checkout succeeded
2026-02-26 11:26:38.998578 (2104765) main____ INFO    Tool inactivity delay is 480000 ms.
2026-02-26 11:26:39.006942 (2104781) stdio___ INFO    Starting STDIN reader (tty: yes, tty name: '/dev/pts/0')
2026-02-26 11:26:39.335821 (2104765) session_ INFO    Starting analysis session with session id 'session_0' (launcher: <local>) ...
2026-02-26 11:26:39.337868 (2104765) session_ INFO    Analysis session with session id 'session_0' started (pid: 2104782)
2026-02-26 11:26:42.441222 (2104765) session_ INFO    Analysis session 'session_0' connected to the console (host: 127.0.0.1:50918)
2026-02-26 11:26:52.367159 (2104765) lic__man INFO    Unclaim everything for 'session_0'.
2026-02-26 11:26:52.800200 (2104765) lic__man INFO    Claim 'fpv' for 'session_0'.
2026-02-26 11:26:52.800255 (2104765) lic__man INFO    Claim 'fpv' for 'session_0/prove-0'.
2026-02-26 11:26:54.815750 (2104765) lic__man INFO    Unclaim everything for 'session_0/prove-0'.
2026-02-26 11:26:54.861869 (2104765) main____ INFO    About to exit: request to exit with status 0 received from analysis session 'session_0'
2026-02-26 11:26:55.068478 (2104765) session_ INFO    Analysis session 'session_0' disconnected.
2026-02-26 11:26:55.068639 (2104765) lic__man INFO    Unclaim everything for 'session_0'.
2026-02-26 11:26:55.068872 (2104765) session_ INFO    Process for analysis session 'session_0' has exited with exit status '0'.
2026-02-26 11:26:56.903771 (2104781) stdio___ INFO    STDIN reader requested to stop.
2026-02-26 11:26:56.903839 (2104781) stdio___ INFO    STDIN reader stopped.
2026-02-26 11:26:56.913953 (2104765) lic_core INFO    (1) checkin jasper_interactive
2026-02-26 11:26:56.915851 (2104765) lic_core INFO    (3) checkin jasper_fao
2026-02-26 11:26:56.928235 (2104765) main____ INFO    Exiting with status 0.
