2026-02-26 11:54:59.397580 (2130577) main____ INFO    ----------------------------------------
2026-02-26 11:54:59.397701 (2130577) main____ INFO    Jasper version info
2026-02-26 11:54:59.397719 (2130577) main____ INFO      tool      : Jasper 2023.12
2026-02-26 11:54:59.397734 (2130577) main____ INFO      version   : 2023.12p001 64 bits
2026-02-26 11:54:59.397748 (2130577) main____ INFO      build date: 2024.01.23 16:09:24 UTC
2026-02-26 11:54:59.397758 (2130577) main____ INFO    ----------------------------------------
2026-02-26 11:54:59.397767 (2130577) main____ INFO    Runtime info:
2026-02-26 11:54:59.397778 (2130577) main____ INFO      platform  : Linux 4.18.0-553.89.1.el8_10.x86_64 x86_64
2026-02-26 11:54:59.397798 (2130577) main____ INFO      hostname  : caddy12.stanford.edu
2026-02-26 11:54:59.397813 (2130577) main____ INFO      pid       : 2130577
2026-02-26 11:54:59.397824 (2130577) main____ INFO      arguments : '-style' 'windows' '-allow_unsupported_OS' '-no_gui' '-fpv' './synthlc/i_DIV_out/xPairwiseDepDiv/nunv_anytwo_80_.tcl' '-proj' './synthlc/i_DIV_out/xPairwiseDepDiv/nunv_anytwo_80_jgsession_26-02-26-11_54_59'
2026-02-26 11:54:59.397841 (2130577) main____ INFO      locale    : UTF-8
2026-02-26 11:54:59.397851 (2130577) main____ INFO    ----------------------------------------
2026-02-26 11:54:59.397860 (2130577) main____ INFO    System resource limits info:
2026-02-26 11:54:59.397873 (2130577) main____ INFO      virtual memory: unlimited
2026-02-26 11:54:59.397885 (2130577) main____ INFO      cpu time      : unlimited
2026-02-26 11:54:59.397903 (2130577) main____ INFO      processes     : 4096
2026-02-26 11:54:59.397923 (2130577) main____ INFO      stack size    : 8388608 B
2026-02-26 11:54:59.397938 (2130577) main____ INFO      core file size: 0 B
2026-02-26 11:54:59.397951 (2130577) main____ INFO      open files    : 4096
2026-02-26 11:54:59.397962 (2130577) main____ INFO      file size     : unlimited
2026-02-26 11:54:59.397972 (2130577) main____ INFO    ----------------------------------------
2026-02-26 11:54:59.397990 (2130577) main____ INFO    Memory statistics:
2026-02-26 11:54:59.398002 (2130577) main____ INFO      total physical memory  : 98449088 kB
2026-02-26 11:54:59.398013 (2130577) main____ INFO      free physical memory   : 77098264 kB
2026-02-26 11:54:59.398025 (2130577) main____ INFO      committed address space: 7207120 kB
2026-02-26 11:54:59.398034 (2130577) main____ INFO    ----------------------------------------
2026-02-26 11:54:59.399236 (2130577) main____ INFO    Important environment variables:
2026-02-26 11:54:59.399266 (2130577) main____ INFO      CDS_LIC_FILE       : '5280@cadlic0'
2026-02-26 11:54:59.399279 (2130577) main____ INFO      DISPLAY            : 'localhost:12.0'
2026-02-26 11:54:59.399291 (2130577) main____ INFO      JASPER_INSTALL_DIR : '/cad/cadence/jasper_2023.12p001'
2026-02-26 11:54:59.399302 (2130577) main____ INFO      JASPER_KERNEL_CHECK: '1'
2026-02-26 11:54:59.399314 (2130577) main____ INFO      JASPER_OS_CHECK    : '0'
2026-02-26 11:54:59.399326 (2130577) main____ INFO      LANG               : 'zh_TW.UTF-8'
2026-02-26 11:54:59.399336 (2130577) main____ INFO    ----------------------------------------
2026-02-26 11:54:59.400862 (2130577) lic_core INFO    Initializing license system ...
2026-02-26 11:54:59.475534 (2130577) lic_core INFO    ... license system initialized.
2026-02-26 11:54:59.603756 (2130577) lic__man INFO    Claim 'main' for <ui>.
2026-02-26 11:54:59.603819 (2130577) lic_core INFO    (1) checking out 'jasper_interactive' ...
2026-02-26 11:54:59.648161 (2130577) lic_core INFO    ... (1) checkout succeeded
2026-02-26 11:54:59.648258 (2130577) lic__man INFO    Claim 'fpv' for <ui>.
2026-02-26 11:54:59.648284 (2130577) lic_core INFO    (2) checking out 'jasper_fpv' ...
2026-02-26 11:54:59.705166 (2130577) lic_core INFO    ... (2) checkout failed (error: -5) ("FLEXnet ERROR(-5, 0, 0): No such feature exists.")
2026-02-26 11:54:59.705224 (2130577) lic_core INFO    (3) checking out 'jasper_fao' ...
2026-02-26 11:54:59.753738 (2130577) lic_core INFO    ... (3) checkout succeeded
2026-02-26 11:54:59.755010 (2130577) main____ INFO    Tool inactivity delay is 480000 ms.
2026-02-26 11:54:59.764909 (2130592) stdio___ INFO    Starting STDIN reader (tty: yes, tty name: '/dev/pts/0')
2026-02-26 11:54:59.920295 (2130577) session_ INFO    Starting analysis session with session id 'session_0' (launcher: <local>) ...
2026-02-26 11:54:59.922256 (2130577) session_ INFO    Analysis session with session id 'session_0' started (pid: 2130606)
2026-02-26 11:55:03.229132 (2130577) session_ INFO    Analysis session 'session_0' connected to the console (host: 127.0.0.1:60964)
2026-02-26 11:55:13.662765 (2130577) lic__man INFO    Unclaim everything for 'session_0'.
2026-02-26 11:55:14.201080 (2130577) lic__man INFO    Claim 'fpv' for 'session_0'.
2026-02-26 11:55:14.201121 (2130577) lic__man INFO    Claim 'fpv' for 'session_0/prove-0'.
2026-02-26 11:55:17.972401 (2130577) lic__man INFO    Unclaim everything for 'session_0/prove-0'.
2026-02-26 11:55:18.020952 (2130577) main____ INFO    About to exit: request to exit with status 0 received from analysis session 'session_0'
2026-02-26 11:55:18.482351 (2130577) session_ INFO    Analysis session 'session_0' disconnected.
2026-02-26 11:55:18.482494 (2130577) lic__man INFO    Unclaim everything for 'session_0'.
2026-02-26 11:55:18.483173 (2130577) session_ INFO    Process for analysis session 'session_0' has exited with exit status '0'.
2026-02-26 11:55:19.948072 (2130592) stdio___ INFO    STDIN reader requested to stop.
2026-02-26 11:55:19.948118 (2130592) stdio___ INFO    STDIN reader stopped.
2026-02-26 11:55:19.948448 (2130577) lic_core INFO    (1) checkin jasper_interactive
2026-02-26 11:55:19.958922 (2130577) lic_core INFO    (3) checkin jasper_fao
2026-02-26 11:55:19.982203 (2130577) main____ INFO    Exiting with status 0.
