2026-02-27 15:48:55.196295 (3144278) main____ INFO    ----------------------------------------
2026-02-27 15:48:55.196403 (3144278) main____ INFO    Jasper version info
2026-02-27 15:48:55.196420 (3144278) main____ INFO      tool      : Jasper 2023.12
2026-02-27 15:48:55.196436 (3144278) main____ INFO      version   : 2023.12p001 64 bits
2026-02-27 15:48:55.196450 (3144278) main____ INFO      build date: 2024.01.23 16:09:24 UTC
2026-02-27 15:48:55.196461 (3144278) main____ INFO    ----------------------------------------
2026-02-27 15:48:55.196471 (3144278) main____ INFO    Runtime info:
2026-02-27 15:48:55.196483 (3144278) main____ INFO      platform  : Linux 4.18.0-553.89.1.el8_10.x86_64 x86_64
2026-02-27 15:48:55.196502 (3144278) main____ INFO      hostname  : caddy12.stanford.edu
2026-02-27 15:48:55.196518 (3144278) main____ INFO      pid       : 3144278
2026-02-27 15:48:55.196530 (3144278) main____ INFO      arguments : '-style' 'windows' '-allow_unsupported_OS' '-no_gui' '-fpv' './synthlc/i_DIV_out/xPairwiseDepDiv/exclusive_3_.tcl' '-proj' './synthlc/i_DIV_out/xPairwiseDepDiv/exclusive_3_jgsession_26-02-27-15_48_54'
2026-02-27 15:48:55.196547 (3144278) main____ INFO      locale    : UTF-8
2026-02-27 15:48:55.196558 (3144278) main____ INFO    ----------------------------------------
2026-02-27 15:48:55.196568 (3144278) main____ INFO    System resource limits info:
2026-02-27 15:48:55.196581 (3144278) main____ INFO      virtual memory: unlimited
2026-02-27 15:48:55.196594 (3144278) main____ INFO      cpu time      : unlimited
2026-02-27 15:48:55.196612 (3144278) main____ INFO      processes     : 4096
2026-02-27 15:48:55.196632 (3144278) main____ INFO      stack size    : 8388608 B
2026-02-27 15:48:55.196647 (3144278) main____ INFO      core file size: 0 B
2026-02-27 15:48:55.196689 (3144278) main____ INFO      open files    : 4096
2026-02-27 15:48:55.196703 (3144278) main____ INFO      file size     : unlimited
2026-02-27 15:48:55.196713 (3144278) main____ INFO    ----------------------------------------
2026-02-27 15:48:55.196728 (3144278) main____ INFO    Memory statistics:
2026-02-27 15:48:55.196748 (3144278) main____ INFO      total physical memory  : 98449088 kB
2026-02-27 15:48:55.196761 (3144278) main____ INFO      free physical memory   : 76604036 kB
2026-02-27 15:48:55.196774 (3144278) main____ INFO      committed address space: 5553092 kB
2026-02-27 15:48:55.196784 (3144278) main____ INFO    ----------------------------------------
2026-02-27 15:48:55.197986 (3144278) main____ INFO    Important environment variables:
2026-02-27 15:48:55.198016 (3144278) main____ INFO      CDS_LIC_FILE       : '5280@cadlic0'
2026-02-27 15:48:55.198030 (3144278) main____ INFO      DISPLAY            : 'localhost:12.0'
2026-02-27 15:48:55.198043 (3144278) main____ INFO      JASPER_INSTALL_DIR : '/cad/cadence/jasper_2023.12p001'
2026-02-27 15:48:55.198055 (3144278) main____ INFO      JASPER_KERNEL_CHECK: '1'
2026-02-27 15:48:55.198068 (3144278) main____ INFO      JASPER_OS_CHECK    : '0'
2026-02-27 15:48:55.198081 (3144278) main____ INFO      LANG               : 'zh_TW.UTF-8'
2026-02-27 15:48:55.198092 (3144278) main____ INFO    ----------------------------------------
2026-02-27 15:48:55.209873 (3144278) lic_core INFO    Initializing license system ...
2026-02-27 15:48:55.227018 (3144278) lic_core INFO    ... license system initialized.
2026-02-27 15:48:55.313017 (3144278) lic__man INFO    Claim 'main' for <ui>.
2026-02-27 15:48:55.313094 (3144278) lic_core INFO    (1) checking out 'jasper_interactive' ...
2026-02-27 15:48:55.350807 (3144278) lic_core INFO    ... (1) checkout succeeded
2026-02-27 15:48:55.350904 (3144278) lic__man INFO    Claim 'fpv' for <ui>.
2026-02-27 15:48:55.350931 (3144278) lic_core INFO    (2) checking out 'jasper_fpv' ...
2026-02-27 15:48:55.367174 (3144278) lic_core INFO    ... (2) checkout failed (error: -5) ("FLEXnet ERROR(-5, 0, 0): No such feature exists.")
2026-02-27 15:48:55.367244 (3144278) lic_core INFO    (3) checking out 'jasper_fao' ...
2026-02-27 15:48:55.413636 (3144278) lic_core INFO    ... (3) checkout succeeded
2026-02-27 15:48:55.428502 (3144278) main____ INFO    Tool inactivity delay is 480000 ms.
2026-02-27 15:48:55.439149 (3144294) stdio___ INFO    Starting STDIN reader (tty: yes, tty name: '/dev/pts/0')
2026-02-27 15:48:55.543676 (3144278) session_ INFO    Starting analysis session with session id 'session_0' (launcher: <local>) ...
2026-02-27 15:48:55.546023 (3144278) session_ INFO    Analysis session with session id 'session_0' started (pid: 3144295)
2026-02-27 15:48:56.968216 (3144278) session_ INFO    Analysis session 'session_0' connected to the console (host: 127.0.0.1:50770)
2026-02-27 15:49:01.242407 (3144278) lic__man INFO    Unclaim everything for 'session_0'.
2026-02-27 15:49:01.555478 (3144278) lic__man INFO    Claim 'fpv' for 'session_0'.
2026-02-27 15:49:01.555524 (3144278) lic__man INFO    Claim 'fpv' for 'session_0/prove-0'.
2026-02-27 15:49:04.540304 (3144278) lic__man INFO    Unclaim everything for 'session_0/prove-0'.
2026-02-27 15:49:04.580948 (3144278) main____ INFO    About to exit: request to exit with status 0 received from analysis session 'session_0'
2026-02-27 15:49:04.873408 (3144278) session_ INFO    Analysis session 'session_0' disconnected.
2026-02-27 15:49:04.873560 (3144278) lic__man INFO    Unclaim everything for 'session_0'.
2026-02-27 15:49:04.873776 (3144278) session_ INFO    Process for analysis session 'session_0' has exited with exit status '0'.
2026-02-27 15:49:06.491754 (3144294) stdio___ INFO    STDIN reader requested to stop.
2026-02-27 15:49:06.491829 (3144294) stdio___ INFO    STDIN reader stopped.
2026-02-27 15:49:06.492115 (3144278) lic_core INFO    (1) checkin jasper_interactive
2026-02-27 15:49:06.503592 (3144278) lic_core INFO    (3) checkin jasper_fao
2026-02-27 15:49:06.535926 (3144278) main____ INFO    Exiting with status 0.
