2026-02-28 22:55:33.088133 (3758013) main____ INFO    ----------------------------------------
2026-02-28 22:55:33.088224 (3758013) main____ INFO    Jasper version info
2026-02-28 22:55:33.088240 (3758013) main____ INFO      tool      : Jasper 2023.12
2026-02-28 22:55:33.088257 (3758013) main____ INFO      version   : 2023.12p001 64 bits
2026-02-28 22:55:33.088271 (3758013) main____ INFO      build date: 2024.01.23 16:09:24 UTC
2026-02-28 22:55:33.088281 (3758013) main____ INFO    ----------------------------------------
2026-02-28 22:55:33.088292 (3758013) main____ INFO    Runtime info:
2026-02-28 22:55:33.088303 (3758013) main____ INFO      platform  : Linux 4.18.0-553.89.1.el8_10.x86_64 x86_64
2026-02-28 22:55:33.088322 (3758013) main____ INFO      hostname  : caddy12.stanford.edu
2026-02-28 22:55:33.088337 (3758013) main____ INFO      pid       : 3758013
2026-02-28 22:55:33.088349 (3758013) main____ INFO      arguments : '-style' 'windows' '-allow_unsupported_OS' '-no_gui' '-fpv' './synthlc/i_ADDI_out/xPerfLocSubsetDiv/coverset_28_.tcl' '-proj' './synthlc/i_ADDI_out/xPerfLocSubsetDiv/coverset_28_jgsession_26-02-28-22_55_32'
2026-02-28 22:55:33.088366 (3758013) main____ INFO      locale    : UTF-8
2026-02-28 22:55:33.088377 (3758013) main____ INFO    ----------------------------------------
2026-02-28 22:55:33.088387 (3758013) main____ INFO    System resource limits info:
2026-02-28 22:55:33.088400 (3758013) main____ INFO      virtual memory: unlimited
2026-02-28 22:55:33.088413 (3758013) main____ INFO      cpu time      : unlimited
2026-02-28 22:55:33.088431 (3758013) main____ INFO      processes     : 4096
2026-02-28 22:55:33.088451 (3758013) main____ INFO      stack size    : 8388608 B
2026-02-28 22:55:33.089440 (3758013) main____ INFO      core file size: 0 B
2026-02-28 22:55:33.089457 (3758013) main____ INFO      open files    : 4096
2026-02-28 22:55:33.089470 (3758013) main____ INFO      file size     : unlimited
2026-02-28 22:55:33.089481 (3758013) main____ INFO    ----------------------------------------
2026-02-28 22:55:33.089491 (3758013) main____ INFO    Memory statistics:
2026-02-28 22:55:33.089504 (3758013) main____ INFO      total physical memory  : 98449088 kB
2026-02-28 22:55:33.089516 (3758013) main____ INFO      free physical memory   : 89609436 kB
2026-02-28 22:55:33.089528 (3758013) main____ INFO      committed address space: 3772376 kB
2026-02-28 22:55:33.089538 (3758013) main____ INFO    ----------------------------------------
2026-02-28 22:55:33.090741 (3758013) main____ INFO    Important environment variables:
2026-02-28 22:55:33.091396 (3758013) main____ INFO      CDS_LIC_FILE       : '5280@cadlic0'
2026-02-28 22:55:33.091415 (3758013) main____ INFO      DISPLAY            : 'localhost:12.0'
2026-02-28 22:55:33.091428 (3758013) main____ INFO      JASPER_INSTALL_DIR : '/cad/cadence/jasper_2023.12p001'
2026-02-28 22:55:33.091441 (3758013) main____ INFO      JASPER_KERNEL_CHECK: '1'
2026-02-28 22:55:33.091455 (3758013) main____ INFO      JASPER_OS_CHECK    : '0'
2026-02-28 22:55:33.091468 (3758013) main____ INFO      LANG               : 'zh_TW.UTF-8'
2026-02-28 22:55:33.091479 (3758013) main____ INFO    ----------------------------------------
2026-02-28 22:55:33.092714 (3758013) lic_core INFO    Initializing license system ...
2026-02-28 22:55:33.095245 (3758013) lic_core INFO    ... license system initialized.
2026-02-28 22:55:33.106869 (3758013) lic__man INFO    Claim 'main' for <ui>.
2026-02-28 22:55:33.106917 (3758013) lic_core INFO    (1) checking out 'jasper_interactive' ...
2026-02-28 22:55:33.118791 (3758013) lic_core INFO    ... (1) checkout succeeded
2026-02-28 22:55:33.118860 (3758013) lic__man INFO    Claim 'fpv' for <ui>.
2026-02-28 22:55:33.118883 (3758013) lic_core INFO    (2) checking out 'jasper_fpv' ...
2026-02-28 22:55:33.123205 (3758013) lic_core INFO    ... (2) checkout failed (error: -5) ("FLEXnet ERROR(-5, 0, 0): No such feature exists.")
2026-02-28 22:55:33.123248 (3758013) lic_core INFO    (3) checking out 'jasper_fao' ...
2026-02-28 22:55:33.134211 (3758013) lic_core INFO    ... (3) checkout succeeded
2026-02-28 22:55:33.135201 (3758026) stdio___ INFO    Starting STDIN reader (tty: yes, tty name: '/dev/pts/0')
2026-02-28 22:55:33.135582 (3758013) main____ INFO    Tool inactivity delay is 480000 ms.
2026-02-28 22:55:33.178001 (3758013) session_ INFO    Starting analysis session with session id 'session_0' (launcher: <local>) ...
2026-02-28 22:55:33.179774 (3758013) session_ INFO    Analysis session with session id 'session_0' started (pid: 3758033)
2026-02-28 22:55:34.244720 (3758013) session_ INFO    Analysis session 'session_0' connected to the console (host: 127.0.0.1:39338)
2026-02-28 22:55:37.264511 (3758013) lic__man INFO    Unclaim everything for 'session_0'.
2026-02-28 22:55:37.461721 (3758013) lic__man INFO    Claim 'fpv' for 'session_0'.
2026-02-28 22:55:37.461773 (3758013) lic__man INFO    Claim 'fpv' for 'session_0/prove-0'.
2026-02-28 22:55:40.186940 (3758013) lic__man INFO    Unclaim everything for 'session_0/prove-0'.
2026-02-28 22:55:40.222917 (3758013) main____ INFO    About to exit: request to exit with status 0 received from analysis session 'session_0'
2026-02-28 22:55:40.543915 (3758013) session_ INFO    Analysis session 'session_0' disconnected.
2026-02-28 22:55:40.544065 (3758013) lic__man INFO    Unclaim everything for 'session_0'.
2026-02-28 22:55:40.554856 (3758013) session_ INFO    Process for analysis session 'session_0' has exited with exit status '0'.
2026-02-28 22:55:42.338345 (3758026) stdio___ INFO    STDIN reader requested to stop.
2026-02-28 22:55:42.338407 (3758026) stdio___ INFO    STDIN reader stopped.
2026-02-28 22:55:42.338778 (3758013) lic_core INFO    (1) checkin jasper_interactive
2026-02-28 22:55:42.343732 (3758013) lic_core INFO    (3) checkin jasper_fao
2026-02-28 22:55:42.351097 (3758013) main____ INFO    Exiting with status 0.
