2026-02-28 19:29:05.388203 (926741) main____ INFO    ----------------------------------------
2026-02-28 19:29:05.388271 (926741) main____ INFO    Jasper version info
2026-02-28 19:29:05.388285 (926741) main____ INFO      tool      : Jasper 2023.12
2026-02-28 19:29:05.388299 (926741) main____ INFO      version   : 2023.12p001 64 bits
2026-02-28 19:29:05.388325 (926741) main____ INFO      build date: 2024.01.23 16:09:24 UTC
2026-02-28 19:29:05.388335 (926741) main____ INFO    ----------------------------------------
2026-02-28 19:29:05.388344 (926741) main____ INFO    Runtime info:
2026-02-28 19:29:05.388355 (926741) main____ INFO      platform  : Linux 4.18.0-553.89.1.el8_10.x86_64 x86_64
2026-02-28 19:29:05.388373 (926741) main____ INFO      hostname  : caddy15.stanford.edu
2026-02-28 19:29:05.388388 (926741) main____ INFO      pid       : 926741
2026-02-28 19:29:05.388399 (926741) main____ INFO      arguments : '-style' 'windows' '-allow_unsupported_OS' '-no_gui' '-fpv' './synthlc/i_ADDI_out/xPairwiseDepDiv/nunv_anytwo_95_.tcl' '-proj' './synthlc/i_ADDI_out/xPairwiseDepDiv/nunv_anytwo_95_jgsession_26-02-28-19_29_05'
2026-02-28 19:29:05.388414 (926741) main____ INFO      locale    : UTF-8
2026-02-28 19:29:05.388424 (926741) main____ INFO    ----------------------------------------
2026-02-28 19:29:05.388433 (926741) main____ INFO    System resource limits info:
2026-02-28 19:29:05.388446 (926741) main____ INFO      virtual memory: unlimited
2026-02-28 19:29:05.388457 (926741) main____ INFO      cpu time      : unlimited
2026-02-28 19:29:05.388473 (926741) main____ INFO      processes     : 4096
2026-02-28 19:29:05.388491 (926741) main____ INFO      stack size    : 8388608 B
2026-02-28 19:29:05.388505 (926741) main____ INFO      core file size: 0 B
2026-02-28 19:29:05.388518 (926741) main____ INFO      open files    : 4096
2026-02-28 19:29:05.388530 (926741) main____ INFO      file size     : unlimited
2026-02-28 19:29:05.388540 (926741) main____ INFO    ----------------------------------------
2026-02-28 19:29:05.388549 (926741) main____ INFO    Memory statistics:
2026-02-28 19:29:05.388560 (926741) main____ INFO      total physical memory  : 98449092 kB
2026-02-28 19:29:05.388571 (926741) main____ INFO      free physical memory   : 79427788 kB
2026-02-28 19:29:05.388583 (926741) main____ INFO      committed address space: 2660948 kB
2026-02-28 19:29:05.388592 (926741) main____ INFO    ----------------------------------------
2026-02-28 19:29:05.389739 (926741) main____ INFO    Important environment variables:
2026-02-28 19:29:05.389765 (926741) main____ INFO      CDS_LIC_FILE       : '5280@cadlic0'
2026-02-28 19:29:05.389777 (926741) main____ INFO      JASPER_INSTALL_DIR : '/cad/cadence/jasper_2023.12p001'
2026-02-28 19:29:05.389789 (926741) main____ INFO      JASPER_KERNEL_CHECK: '1'
2026-02-28 19:29:05.389801 (926741) main____ INFO      JASPER_OS_CHECK    : '0'
2026-02-28 19:29:05.389813 (926741) main____ INFO      LANG               : 'en_US.UTF-8'
2026-02-28 19:29:05.389823 (926741) main____ INFO    ----------------------------------------
2026-02-28 19:29:05.390968 (926741) lic_core INFO    Initializing license system ...
2026-02-28 19:29:05.392581 (926741) lic_core INFO    ... license system initialized.
2026-02-28 19:29:05.403927 (926741) lic__man INFO    Claim 'main' for <ui>.
2026-02-28 19:29:05.403970 (926741) lic_core INFO    (1) checking out 'jasper_interactive' ...
2026-02-28 19:29:05.415885 (926741) lic_core INFO    ... (1) checkout succeeded
2026-02-28 19:29:05.415944 (926741) lic__man INFO    Claim 'fpv' for <ui>.
2026-02-28 19:29:05.415965 (926741) lic_core INFO    (2) checking out 'jasper_fpv' ...
2026-02-28 19:29:05.419956 (926741) lic_core INFO    ... (2) checkout failed (error: -5) ("FLEXnet ERROR(-5, 0, 0): No such feature exists.")
2026-02-28 19:29:05.419988 (926741) lic_core INFO    (3) checking out 'jasper_fao' ...
2026-02-28 19:29:05.430286 (926741) lic_core INFO    ... (3) checkout succeeded
2026-02-28 19:29:05.431247 (926754) stdio___ INFO    Starting STDIN reader (tty: yes, tty name: '/dev/pts/0')
2026-02-28 19:29:05.431406 (926741) main____ INFO    Tool inactivity delay is 480000 ms.
2026-02-28 19:29:05.477495 (926741) session_ INFO    Starting analysis session with session id 'session_0' (launcher: <local>) ...
2026-02-28 19:29:05.479349 (926741) session_ INFO    Analysis session with session id 'session_0' started (pid: 926755)
2026-02-28 19:29:06.698806 (926741) session_ INFO    Analysis session 'session_0' connected to the console (host: 127.0.0.1:38046)
2026-02-28 19:29:11.251471 (926741) lic__man INFO    Unclaim everything for 'session_0'.
2026-02-28 19:29:11.457561 (926741) lic__man INFO    Claim 'fpv' for 'session_0'.
2026-02-28 19:29:11.457599 (926741) lic__man INFO    Claim 'fpv' for 'session_0/prove-0'.
2026-02-28 19:29:19.796232 (926741) lic__man INFO    Unclaim everything for 'session_0/prove-0'.
2026-02-28 19:29:19.839242 (926741) main____ INFO    About to exit: request to exit with status 0 received from analysis session 'session_0'
2026-02-28 19:29:20.193927 (926741) session_ INFO    Analysis session 'session_0' disconnected.
2026-02-28 19:29:20.194080 (926741) lic__man INFO    Unclaim everything for 'session_0'.
2026-02-28 19:29:20.194403 (926741) session_ INFO    Process for analysis session 'session_0' has exited with exit status '0'.
2026-02-28 19:29:21.915148 (926754) stdio___ INFO    STDIN reader requested to stop.
2026-02-28 19:29:21.915197 (926754) stdio___ INFO    STDIN reader stopped.
2026-02-28 19:29:21.925545 (926741) lic_core INFO    (1) checkin jasper_interactive
2026-02-28 19:29:21.928469 (926741) lic_core INFO    (3) checkin jasper_fao
2026-02-28 19:29:21.949697 (926741) main____ INFO    Exiting with status 0.
