2026-03-01 01:37:25.889926 (1178350) main____ INFO    ----------------------------------------
2026-03-01 01:37:25.890037 (1178350) main____ INFO    Jasper version info
2026-03-01 01:37:25.890053 (1178350) main____ INFO      tool      : Jasper 2023.12
2026-03-01 01:37:25.890069 (1178350) main____ INFO      version   : 2023.12p001 64 bits
2026-03-01 01:37:25.890082 (1178350) main____ INFO      build date: 2024.01.23 16:09:24 UTC
2026-03-01 01:37:25.890092 (1178350) main____ INFO    ----------------------------------------
2026-03-01 01:37:25.890102 (1178350) main____ INFO    Runtime info:
2026-03-01 01:37:25.890113 (1178350) main____ INFO      platform  : Linux 4.18.0-553.89.1.el8_10.x86_64 x86_64
2026-03-01 01:37:25.890132 (1178350) main____ INFO      hostname  : caddy15.stanford.edu
2026-03-01 01:37:25.890149 (1178350) main____ INFO      pid       : 1178350
2026-03-01 01:37:25.890161 (1178350) main____ INFO      arguments : '-style' 'windows' '-allow_unsupported_OS' '-no_gui' '-fpv' './synthlc/i_LW_out/xPairwiseDepDiv/nunv_anytwo_76_.tcl' '-proj' './synthlc/i_LW_out/xPairwiseDepDiv/nunv_anytwo_76_jgsession_26-03-01-01_37_25'
2026-03-01 01:37:25.890180 (1178350) main____ INFO      locale    : UTF-8
2026-03-01 01:37:25.890190 (1178350) main____ INFO    ----------------------------------------
2026-03-01 01:37:25.890199 (1178350) main____ INFO    System resource limits info:
2026-03-01 01:37:25.890212 (1178350) main____ INFO      virtual memory: unlimited
2026-03-01 01:37:25.890225 (1178350) main____ INFO      cpu time      : unlimited
2026-03-01 01:37:25.890256 (1178350) main____ INFO      processes     : 4096
2026-03-01 01:37:25.890278 (1178350) main____ INFO      stack size    : 8388608 B
2026-03-01 01:37:25.890293 (1178350) main____ INFO      core file size: 0 B
2026-03-01 01:37:25.890320 (1178350) main____ INFO      open files    : 4096
2026-03-01 01:37:25.890332 (1178350) main____ INFO      file size     : unlimited
2026-03-01 01:37:25.890342 (1178350) main____ INFO    ----------------------------------------
2026-03-01 01:37:25.890351 (1178350) main____ INFO    Memory statistics:
2026-03-01 01:37:25.890363 (1178350) main____ INFO      total physical memory  : 98449092 kB
2026-03-01 01:37:25.890375 (1178350) main____ INFO      free physical memory   : 77015744 kB
2026-03-01 01:37:25.890386 (1178350) main____ INFO      committed address space: 5507448 kB
2026-03-01 01:37:25.890396 (1178350) main____ INFO    ----------------------------------------
2026-03-01 01:37:25.891578 (1178350) main____ INFO    Important environment variables:
2026-03-01 01:37:25.891604 (1178350) main____ INFO      CDS_LIC_FILE       : '5280@cadlic0'
2026-03-01 01:37:25.891617 (1178350) main____ INFO      JASPER_INSTALL_DIR : '/cad/cadence/jasper_2023.12p001'
2026-03-01 01:37:25.891629 (1178350) main____ INFO      JASPER_KERNEL_CHECK: '1'
2026-03-01 01:37:25.891641 (1178350) main____ INFO      JASPER_OS_CHECK    : '0'
2026-03-01 01:37:25.891654 (1178350) main____ INFO      LANG               : 'en_US.UTF-8'
2026-03-01 01:37:25.891664 (1178350) main____ INFO    ----------------------------------------
2026-03-01 01:37:25.894500 (1178350) lic_core INFO    Initializing license system ...
2026-03-01 01:37:25.910112 (1178350) lic_core INFO    ... license system initialized.
2026-03-01 01:37:25.923146 (1178350) lic__man INFO    Claim 'main' for <ui>.
2026-03-01 01:37:25.923218 (1178350) lic_core INFO    (1) checking out 'jasper_interactive' ...
2026-03-01 01:37:25.937626 (1178350) lic_core INFO    ... (1) checkout succeeded
2026-03-01 01:37:25.937748 (1178350) lic__man INFO    Claim 'fpv' for <ui>.
2026-03-01 01:37:25.937782 (1178350) lic_core INFO    (2) checking out 'jasper_fpv' ...
2026-03-01 01:37:25.942312 (1178350) lic_core INFO    ... (2) checkout failed (error: -5) ("FLEXnet ERROR(-5, 0, 0): No such feature exists.")
2026-03-01 01:37:25.942370 (1178350) lic_core INFO    (3) checking out 'jasper_fao' ...
2026-03-01 01:37:25.976658 (1178350) lic_core INFO    ... (3) checkout succeeded
2026-03-01 01:37:25.987106 (1178350) main____ INFO    Tool inactivity delay is 480000 ms.
2026-03-01 01:37:25.987457 (1178361) stdio___ INFO    Starting STDIN reader (tty: yes, tty name: '/dev/pts/0')
2026-03-01 01:37:26.153643 (1178350) session_ INFO    Starting analysis session with session id 'session_0' (launcher: <local>) ...
2026-03-01 01:37:26.155662 (1178350) session_ INFO    Analysis session with session id 'session_0' started (pid: 1178362)
2026-03-01 01:37:27.584774 (1178350) session_ INFO    Analysis session 'session_0' connected to the console (host: 127.0.0.1:56436)
2026-03-01 01:37:31.994826 (1178350) lic__man INFO    Unclaim everything for 'session_0'.
2026-03-01 01:37:32.365765 (1178350) lic__man INFO    Claim 'fpv' for 'session_0'.
2026-03-01 01:37:32.365815 (1178350) lic__man INFO    Claim 'fpv' for 'session_0/prove-0'.
2026-03-01 01:37:49.183684 (1178350) lic__man INFO    Unclaim everything for 'session_0/prove-0'.
2026-03-01 01:37:49.219614 (1178350) main____ INFO    About to exit: request to exit with status 0 received from analysis session 'session_0'
2026-03-01 01:37:49.417067 (1178350) session_ INFO    Analysis session 'session_0' disconnected.
2026-03-01 01:37:49.417247 (1178350) lic__man INFO    Unclaim everything for 'session_0'.
2026-03-01 01:37:49.417477 (1178350) session_ INFO    Process for analysis session 'session_0' has exited with exit status '0'.
2026-03-01 01:37:51.340418 (1178361) stdio___ INFO    STDIN reader requested to stop.
2026-03-01 01:37:51.340476 (1178361) stdio___ INFO    STDIN reader stopped.
2026-03-01 01:37:51.340843 (1178350) lic_core INFO    (1) checkin jasper_interactive
2026-03-01 01:37:51.341875 (1178350) lic_core INFO    (3) checkin jasper_fao
2026-03-01 01:37:51.349472 (1178350) main____ INFO    Exiting with status 0.
