2026-02-28 01:56:29.154111 (600510) main____ INFO    ----------------------------------------
2026-02-28 01:56:29.154177 (600510) main____ INFO    Jasper version info
2026-02-28 01:56:29.154191 (600510) main____ INFO      tool      : Jasper 2023.12
2026-02-28 01:56:29.154205 (600510) main____ INFO      version   : 2023.12p001 64 bits
2026-02-28 01:56:29.154218 (600510) main____ INFO      build date: 2024.01.23 16:09:24 UTC
2026-02-28 01:56:29.154227 (600510) main____ INFO    ----------------------------------------
2026-02-28 01:56:29.154236 (600510) main____ INFO    Runtime info:
2026-02-28 01:56:29.154246 (600510) main____ INFO      platform  : Linux 4.18.0-553.89.1.el8_10.x86_64 x86_64
2026-02-28 01:56:29.154262 (600510) main____ INFO      hostname  : caddy10.stanford.edu
2026-02-28 01:56:29.154277 (600510) main____ INFO      pid       : 600510
2026-02-28 01:56:29.154287 (600510) main____ INFO      arguments : '-style' 'windows' '-allow_unsupported_OS' '-no_gui' '-fpv' './synthlc/i_MUL_out/xPairwiseDepDiv/nunv_anytwo_81_.tcl' '-proj' './synthlc/i_MUL_out/xPairwiseDepDiv/nunv_anytwo_81_jgsession_26-02-28-01_56_28'
2026-02-28 01:56:29.154302 (600510) main____ INFO      locale    : UTF-8
2026-02-28 01:56:29.154311 (600510) main____ INFO    ----------------------------------------
2026-02-28 01:56:29.154320 (600510) main____ INFO    System resource limits info:
2026-02-28 01:56:29.154332 (600510) main____ INFO      virtual memory: unlimited
2026-02-28 01:56:29.154344 (600510) main____ INFO      cpu time      : unlimited
2026-02-28 01:56:29.154360 (600510) main____ INFO      processes     : 4096
2026-02-28 01:56:29.154382 (600510) main____ INFO      stack size    : 8388608 B
2026-02-28 01:56:29.154396 (600510) main____ INFO      core file size: 0 B
2026-02-28 01:56:29.154408 (600510) main____ INFO      open files    : 4096
2026-02-28 01:56:29.154419 (600510) main____ INFO      file size     : unlimited
2026-02-28 01:56:29.154429 (600510) main____ INFO    ----------------------------------------
2026-02-28 01:56:29.154437 (600510) main____ INFO    Memory statistics:
2026-02-28 01:56:29.154449 (600510) main____ INFO      total physical memory  : 98449096 kB
2026-02-28 01:56:29.154459 (600510) main____ INFO      free physical memory   : 90460160 kB
2026-02-28 01:56:29.154470 (600510) main____ INFO      committed address space: 1730688 kB
2026-02-28 01:56:29.154479 (600510) main____ INFO    ----------------------------------------
2026-02-28 01:56:29.155585 (600510) main____ INFO    Important environment variables:
2026-02-28 01:56:29.155607 (600510) main____ INFO      CDS_LIC_FILE       : '5280@cadlic0'
2026-02-28 01:56:29.155619 (600510) main____ INFO      JASPER_INSTALL_DIR : '/cad/cadence/jasper_2023.12p001'
2026-02-28 01:56:29.155631 (600510) main____ INFO      JASPER_KERNEL_CHECK: '1'
2026-02-28 01:56:29.155642 (600510) main____ INFO      JASPER_OS_CHECK    : '0'
2026-02-28 01:56:29.155654 (600510) main____ INFO      LANG               : 'en_US.UTF-8'
2026-02-28 01:56:29.155663 (600510) main____ INFO    ----------------------------------------
2026-02-28 01:56:29.156842 (600510) lic_core INFO    Initializing license system ...
2026-02-28 01:56:29.159017 (600510) lic_core INFO    ... license system initialized.
2026-02-28 01:56:29.170150 (600510) lic__man INFO    Claim 'main' for <ui>.
2026-02-28 01:56:29.170192 (600510) lic_core INFO    (1) checking out 'jasper_interactive' ...
2026-02-28 01:56:29.182682 (600510) lic_core INFO    ... (1) checkout succeeded
2026-02-28 01:56:29.182737 (600510) lic__man INFO    Claim 'fpv' for <ui>.
2026-02-28 01:56:29.182758 (600510) lic_core INFO    (2) checking out 'jasper_fpv' ...
2026-02-28 01:56:29.187254 (600510) lic_core INFO    ... (2) checkout failed (error: -5) ("FLEXnet ERROR(-5, 0, 0): No such feature exists.")
2026-02-28 01:56:29.187283 (600510) lic_core INFO    (3) checking out 'jasper_fao' ...
2026-02-28 01:56:29.198007 (600510) lic_core INFO    ... (3) checkout succeeded
2026-02-28 01:56:29.198955 (600521) stdio___ INFO    Starting STDIN reader (tty: yes, tty name: '/dev/pts/5')
2026-02-28 01:56:29.199089 (600510) main____ INFO    Tool inactivity delay is 480000 ms.
2026-02-28 01:56:29.240863 (600510) session_ INFO    Starting analysis session with session id 'session_0' (launcher: <local>) ...
2026-02-28 01:56:29.242621 (600510) session_ INFO    Analysis session with session id 'session_0' started (pid: 600522)
2026-02-28 01:56:30.371284 (600510) session_ INFO    Analysis session 'session_0' connected to the console (host: 127.0.0.1:33956)
2026-02-28 01:56:33.602217 (600510) lic__man INFO    Unclaim everything for 'session_0'.
2026-02-28 01:56:33.802903 (600510) lic__man INFO    Claim 'fpv' for 'session_0'.
2026-02-28 01:56:33.802937 (600510) lic__man INFO    Claim 'fpv' for 'session_0/prove-0'.
2026-02-28 01:56:34.799997 (600510) lic__man INFO    Unclaim everything for 'session_0/prove-0'.
2026-02-28 01:56:34.843267 (600510) main____ INFO    About to exit: request to exit with status 0 received from analysis session 'session_0'
2026-02-28 01:56:34.985125 (600510) session_ INFO    Analysis session 'session_0' disconnected.
2026-02-28 01:56:34.985316 (600510) lic__man INFO    Unclaim everything for 'session_0'.
2026-02-28 01:56:34.985503 (600510) session_ INFO    Process for analysis session 'session_0' has exited with exit status '0'.
2026-02-28 01:56:36.882263 (600521) stdio___ INFO    STDIN reader requested to stop.
2026-02-28 01:56:36.882308 (600521) stdio___ INFO    STDIN reader stopped.
2026-02-28 01:56:36.882541 (600510) lic_core INFO    (1) checkin jasper_interactive
2026-02-28 01:56:36.883762 (600510) lic_core INFO    (3) checkin jasper_fao
2026-02-28 01:56:36.885264 (600510) main____ INFO    Exiting with status 0.
