2026-02-26 06:22:17.789412 (3856958) main____ INFO    ----------------------------------------
2026-02-26 06:22:17.789521 (3856958) main____ INFO    Jasper version info
2026-02-26 06:22:17.789539 (3856958) main____ INFO      tool      : Jasper 2023.12
2026-02-26 06:22:17.789556 (3856958) main____ INFO      version   : 2023.12p001 64 bits
2026-02-26 06:22:17.789572 (3856958) main____ INFO      build date: 2024.01.23 16:09:24 UTC
2026-02-26 06:22:17.789584 (3856958) main____ INFO    ----------------------------------------
2026-02-26 06:22:17.789595 (3856958) main____ INFO    Runtime info:
2026-02-26 06:22:17.789607 (3856958) main____ INFO      platform  : Linux 4.18.0-553.89.1.el8_10.x86_64 x86_64
2026-02-26 06:22:17.789629 (3856958) main____ INFO      hostname  : caddy15.stanford.edu
2026-02-26 06:22:17.789647 (3856958) main____ INFO      pid       : 3856958
2026-02-26 06:22:17.789661 (3856958) main____ INFO      arguments : '-style' 'windows' '-allow_unsupported_OS' '-no_gui' '-fpv' './synthlc/i_ADDI_out/xHBPerfG_dfg_v3_div/HB_307_.tcl' '-proj' './synthlc/i_ADDI_out/xHBPerfG_dfg_v3_div/HB_307_jgsession_26-02-26-06_22_17'
2026-02-26 06:22:17.789679 (3856958) main____ INFO      locale    : UTF-8
2026-02-26 06:22:17.789691 (3856958) main____ INFO    ----------------------------------------
2026-02-26 06:22:17.789701 (3856958) main____ INFO    System resource limits info:
2026-02-26 06:22:17.789715 (3856958) main____ INFO      virtual memory: unlimited
2026-02-26 06:22:17.789730 (3856958) main____ INFO      cpu time      : unlimited
2026-02-26 06:22:17.789751 (3856958) main____ INFO      processes     : 4096
2026-02-26 06:22:17.789773 (3856958) main____ INFO      stack size    : 8388608 B
2026-02-26 06:22:17.789790 (3856958) main____ INFO      core file size: 0 B
2026-02-26 06:22:17.789804 (3856958) main____ INFO      open files    : 4096
2026-02-26 06:22:17.789818 (3856958) main____ INFO      file size     : unlimited
2026-02-26 06:22:17.789830 (3856958) main____ INFO    ----------------------------------------
2026-02-26 06:22:17.789840 (3856958) main____ INFO    Memory statistics:
2026-02-26 06:22:17.789854 (3856958) main____ INFO      total physical memory  : 98449092 kB
2026-02-26 06:22:17.789867 (3856958) main____ INFO      free physical memory   : 74219312 kB
2026-02-26 06:22:17.789881 (3856958) main____ INFO      committed address space: 8988420 kB
2026-02-26 06:22:17.789892 (3856958) main____ INFO    ----------------------------------------
2026-02-26 06:22:17.791259 (3856958) main____ INFO    Important environment variables:
2026-02-26 06:22:17.791289 (3856958) main____ INFO      CDS_LIC_FILE       : '5280@cadlic0'
2026-02-26 06:22:17.791314 (3856958) main____ INFO      JASPER_INSTALL_DIR : '/cad/cadence/jasper_2023.12p001'
2026-02-26 06:22:17.791328 (3856958) main____ INFO      JASPER_KERNEL_CHECK: '1'
2026-02-26 06:22:17.791342 (3856958) main____ INFO      JASPER_OS_CHECK    : '0'
2026-02-26 06:22:17.791356 (3856958) main____ INFO      LANG               : 'en_US.UTF-8'
2026-02-26 06:22:17.791368 (3856958) main____ INFO    ----------------------------------------
2026-02-26 06:22:17.794474 (3856958) lic_core INFO    Initializing license system ...
2026-02-26 06:22:17.796079 (3856958) lic_core INFO    ... license system initialized.
2026-02-26 06:22:17.808606 (3856958) lic__man INFO    Claim 'main' for <ui>.
2026-02-26 06:22:17.808676 (3856958) lic_core INFO    (1) checking out 'jasper_interactive' ...
2026-02-26 06:22:17.821089 (3856958) lic_core INFO    ... (1) checkout succeeded
2026-02-26 06:22:17.821191 (3856958) lic__man INFO    Claim 'fpv' for <ui>.
2026-02-26 06:22:17.821221 (3856958) lic_core INFO    (2) checking out 'jasper_fpv' ...
2026-02-26 06:22:17.825489 (3856958) lic_core INFO    ... (2) checkout failed (error: -5) ("FLEXnet ERROR(-5, 0, 0): No such feature exists.")
2026-02-26 06:22:17.825541 (3856958) lic_core INFO    (3) checking out 'jasper_fao' ...
2026-02-26 06:22:17.836642 (3856958) lic_core INFO    ... (3) checkout succeeded
2026-02-26 06:22:17.838144 (3856958) main____ INFO    Tool inactivity delay is 480000 ms.
2026-02-26 06:22:17.853579 (3856969) stdio___ INFO    Starting STDIN reader (tty: yes, tty name: '/dev/pts/0')
2026-02-26 06:22:17.925491 (3856958) session_ INFO    Starting analysis session with session id 'session_0' (launcher: <local>) ...
2026-02-26 06:22:17.927550 (3856958) session_ INFO    Analysis session with session id 'session_0' started (pid: 3856971)
2026-02-26 06:22:19.339518 (3856958) session_ INFO    Analysis session 'session_0' connected to the console (host: 127.0.0.1:59806)
2026-02-26 06:22:24.601338 (3856958) lic__man INFO    Unclaim everything for 'session_0'.
2026-02-26 06:22:25.126866 (3856958) lic__man INFO    Claim 'fpv' for 'session_0'.
2026-02-26 06:22:25.126923 (3856958) lic__man INFO    Claim 'fpv' for 'session_0/prove-0'.
2026-02-26 06:22:30.474684 (3856958) lic__man INFO    Unclaim everything for 'session_0/prove-0'.
2026-02-26 06:22:30.517526 (3856958) main____ INFO    About to exit: request to exit with status 0 received from analysis session 'session_0'
2026-02-26 06:22:31.028695 (3856958) session_ INFO    Analysis session 'session_0' disconnected.
2026-02-26 06:22:31.028882 (3856958) lic__man INFO    Unclaim everything for 'session_0'.
2026-02-26 06:22:31.029103 (3856958) session_ INFO    Process for analysis session 'session_0' has exited with exit status '0'.
2026-02-26 06:22:32.438189 (3856969) stdio___ INFO    STDIN reader requested to stop.
2026-02-26 06:22:32.438261 (3856969) stdio___ INFO    STDIN reader stopped.
2026-02-26 06:22:32.440331 (3856958) lic_core INFO    (1) checkin jasper_interactive
2026-02-26 06:22:32.441519 (3856958) lic_core INFO    (3) checkin jasper_fao
2026-02-26 06:22:32.463349 (3856958) main____ INFO    Exiting with status 0.
