2026-03-01 07:17:48.432234 (4062225) main____ INFO    ----------------------------------------
2026-03-01 07:17:48.432333 (4062225) main____ INFO    Jasper version info
2026-03-01 07:17:48.432350 (4062225) main____ INFO      tool      : Jasper 2023.12
2026-03-01 07:17:48.432366 (4062225) main____ INFO      version   : 2023.12p001 64 bits
2026-03-01 07:17:48.432380 (4062225) main____ INFO      build date: 2024.01.23 16:09:24 UTC
2026-03-01 07:17:48.432391 (4062225) main____ INFO    ----------------------------------------
2026-03-01 07:17:48.432401 (4062225) main____ INFO    Runtime info:
2026-03-01 07:17:48.432412 (4062225) main____ INFO      platform  : Linux 4.18.0-553.89.1.el8_10.x86_64 x86_64
2026-03-01 07:17:48.432431 (4062225) main____ INFO      hostname  : caddy12.stanford.edu
2026-03-01 07:17:48.432447 (4062225) main____ INFO      pid       : 4062225
2026-03-01 07:17:48.432459 (4062225) main____ INFO      arguments : '-style' 'windows' '-allow_unsupported_OS' '-no_gui' '-fpv' './synthlc/i_LW_out/xPairwiseDepDiv/nunv_anytwo_135_.tcl' '-proj' './synthlc/i_LW_out/xPairwiseDepDiv/nunv_anytwo_135_jgsession_26-03-01-07_17_47'
2026-03-01 07:17:48.432478 (4062225) main____ INFO      locale    : UTF-8
2026-03-01 07:17:48.432488 (4062225) main____ INFO    ----------------------------------------
2026-03-01 07:17:48.432498 (4062225) main____ INFO    System resource limits info:
2026-03-01 07:17:48.432511 (4062225) main____ INFO      virtual memory: unlimited
2026-03-01 07:17:48.432524 (4062225) main____ INFO      cpu time      : unlimited
2026-03-01 07:17:48.432543 (4062225) main____ INFO      processes     : 4096
2026-03-01 07:17:48.432569 (4062225) main____ INFO      stack size    : 8388608 B
2026-03-01 07:17:48.432583 (4062225) main____ INFO      core file size: 0 B
2026-03-01 07:17:48.432597 (4062225) main____ INFO      open files    : 4096
2026-03-01 07:17:48.432610 (4062225) main____ INFO      file size     : unlimited
2026-03-01 07:17:48.432620 (4062225) main____ INFO    ----------------------------------------
2026-03-01 07:17:48.432630 (4062225) main____ INFO    Memory statistics:
2026-03-01 07:17:48.432642 (4062225) main____ INFO      total physical memory  : 98449088 kB
2026-03-01 07:17:48.432654 (4062225) main____ INFO      free physical memory   : 85415352 kB
2026-03-01 07:17:48.432680 (4062225) main____ INFO      committed address space: 9113880 kB
2026-03-01 07:17:48.432690 (4062225) main____ INFO    ----------------------------------------
2026-03-01 07:17:48.433917 (4062225) main____ INFO    Important environment variables:
2026-03-01 07:17:48.433945 (4062225) main____ INFO      CDS_LIC_FILE       : '5280@cadlic0'
2026-03-01 07:17:48.433959 (4062225) main____ INFO      DISPLAY            : 'localhost:12.0'
2026-03-01 07:17:48.433971 (4062225) main____ INFO      JASPER_INSTALL_DIR : '/cad/cadence/jasper_2023.12p001'
2026-03-01 07:17:48.433983 (4062225) main____ INFO      JASPER_KERNEL_CHECK: '1'
2026-03-01 07:17:48.433996 (4062225) main____ INFO      JASPER_OS_CHECK    : '0'
2026-03-01 07:17:48.434008 (4062225) main____ INFO      LANG               : 'zh_TW.UTF-8'
2026-03-01 07:17:48.434019 (4062225) main____ INFO    ----------------------------------------
2026-03-01 07:17:48.440648 (4062225) lic_core INFO    Initializing license system ...
2026-03-01 07:17:48.460001 (4062225) lic_core INFO    ... license system initialized.
2026-03-01 07:17:48.610984 (4062225) lic__man INFO    Claim 'main' for <ui>.
2026-03-01 07:17:48.611065 (4062225) lic_core INFO    (1) checking out 'jasper_interactive' ...
2026-03-01 07:17:48.641042 (4062225) lic_core INFO    ... (1) checkout succeeded
2026-03-01 07:17:48.641164 (4062225) lic__man INFO    Claim 'fpv' for <ui>.
2026-03-01 07:17:48.641196 (4062225) lic_core INFO    (2) checking out 'jasper_fpv' ...
2026-03-01 07:17:48.708150 (4062225) lic_core INFO    ... (2) checkout failed (error: -5) ("FLEXnet ERROR(-5, 0, 0): No such feature exists.")
2026-03-01 07:17:48.708259 (4062225) lic_core INFO    (3) checking out 'jasper_fao' ...
2026-03-01 07:17:48.774958 (4062225) lic_core INFO    ... (3) checkout succeeded
2026-03-01 07:17:48.776530 (4062225) main____ INFO    Tool inactivity delay is 480000 ms.
2026-03-01 07:17:48.791168 (4062415) stdio___ INFO    Starting STDIN reader (tty: yes, tty name: '/dev/pts/0')
2026-03-01 07:17:49.018353 (4062225) session_ INFO    Starting analysis session with session id 'session_0' (launcher: <local>) ...
2026-03-01 07:17:49.020328 (4062225) session_ INFO    Analysis session with session id 'session_0' started (pid: 4062435)
2026-03-01 07:17:50.311385 (4062225) session_ INFO    Analysis session 'session_0' connected to the console (host: 127.0.0.1:43552)
2026-03-01 07:17:54.666735 (4062225) lic__man INFO    Unclaim everything for 'session_0'.
2026-03-01 07:17:54.910190 (4062225) lic__man INFO    Claim 'fpv' for 'session_0'.
2026-03-01 07:17:54.910259 (4062225) lic__man INFO    Claim 'fpv' for 'session_0/prove-0'.
2026-03-01 07:17:56.734606 (4062225) lic__man INFO    Unclaim everything for 'session_0/prove-0'.
2026-03-01 07:17:56.775835 (4062225) main____ INFO    About to exit: request to exit with status 0 received from analysis session 'session_0'
2026-03-01 07:17:56.918599 (4062225) session_ INFO    Analysis session 'session_0' disconnected.
2026-03-01 07:17:56.918818 (4062225) lic__man INFO    Unclaim everything for 'session_0'.
2026-03-01 07:17:56.919001 (4062225) session_ INFO    Process for analysis session 'session_0' has exited with exit status '0'.
2026-03-01 07:17:58.883847 (4062415) stdio___ INFO    STDIN reader requested to stop.
2026-03-01 07:17:58.883898 (4062415) stdio___ INFO    STDIN reader stopped.
2026-03-01 07:17:58.884136 (4062225) lic_core INFO    (1) checkin jasper_interactive
2026-03-01 07:17:58.885400 (4062225) lic_core INFO    (3) checkin jasper_fao
2026-03-01 07:17:58.886443 (4062225) main____ INFO    Exiting with status 0.
