2026-02-28 19:30:19.223897 (932069) main____ INFO    ----------------------------------------
2026-02-28 19:30:19.223971 (932069) main____ INFO    Jasper version info
2026-02-28 19:30:19.223986 (932069) main____ INFO      tool      : Jasper 2023.12
2026-02-28 19:30:19.224000 (932069) main____ INFO      version   : 2023.12p001 64 bits
2026-02-28 19:30:19.224013 (932069) main____ INFO      build date: 2024.01.23 16:09:24 UTC
2026-02-28 19:30:19.224022 (932069) main____ INFO    ----------------------------------------
2026-02-28 19:30:19.224031 (932069) main____ INFO    Runtime info:
2026-02-28 19:30:19.224042 (932069) main____ INFO      platform  : Linux 4.18.0-553.89.1.el8_10.x86_64 x86_64
2026-02-28 19:30:19.224059 (932069) main____ INFO      hostname  : caddy15.stanford.edu
2026-02-28 19:30:19.224074 (932069) main____ INFO      pid       : 932069
2026-02-28 19:30:19.224085 (932069) main____ INFO      arguments : '-style' 'windows' '-allow_unsupported_OS' '-no_gui' '-fpv' './synthlc/i_ADDI_out/xPairwiseDepDiv/exclusive_33_.tcl' '-proj' './synthlc/i_ADDI_out/xPairwiseDepDiv/exclusive_33_jgsession_26-02-28-19_30_19'
2026-02-28 19:30:19.224113 (932069) main____ INFO      locale    : UTF-8
2026-02-28 19:30:19.224123 (932069) main____ INFO    ----------------------------------------
2026-02-28 19:30:19.224132 (932069) main____ INFO    System resource limits info:
2026-02-28 19:30:19.224144 (932069) main____ INFO      virtual memory: unlimited
2026-02-28 19:30:19.224156 (932069) main____ INFO      cpu time      : unlimited
2026-02-28 19:30:19.224172 (932069) main____ INFO      processes     : 4096
2026-02-28 19:30:19.224191 (932069) main____ INFO      stack size    : 8388608 B
2026-02-28 19:30:19.224205 (932069) main____ INFO      core file size: 0 B
2026-02-28 19:30:19.224218 (932069) main____ INFO      open files    : 4096
2026-02-28 19:30:19.224229 (932069) main____ INFO      file size     : unlimited
2026-02-28 19:30:19.224239 (932069) main____ INFO    ----------------------------------------
2026-02-28 19:30:19.224248 (932069) main____ INFO    Memory statistics:
2026-02-28 19:30:19.224259 (932069) main____ INFO      total physical memory  : 98449092 kB
2026-02-28 19:30:19.224270 (932069) main____ INFO      free physical memory   : 79542724 kB
2026-02-28 19:30:19.224281 (932069) main____ INFO      committed address space: 2428384 kB
2026-02-28 19:30:19.224291 (932069) main____ INFO    ----------------------------------------
2026-02-28 19:30:19.225429 (932069) main____ INFO    Important environment variables:
2026-02-28 19:30:19.225452 (932069) main____ INFO      CDS_LIC_FILE       : '5280@cadlic0'
2026-02-28 19:30:19.225464 (932069) main____ INFO      JASPER_INSTALL_DIR : '/cad/cadence/jasper_2023.12p001'
2026-02-28 19:30:19.225476 (932069) main____ INFO      JASPER_KERNEL_CHECK: '1'
2026-02-28 19:30:19.225488 (932069) main____ INFO      JASPER_OS_CHECK    : '0'
2026-02-28 19:30:19.225500 (932069) main____ INFO      LANG               : 'en_US.UTF-8'
2026-02-28 19:30:19.225509 (932069) main____ INFO    ----------------------------------------
2026-02-28 19:30:19.226714 (932069) lic_core INFO    Initializing license system ...
2026-02-28 19:30:19.228182 (932069) lic_core INFO    ... license system initialized.
2026-02-28 19:30:19.240450 (932069) lic__man INFO    Claim 'main' for <ui>.
2026-02-28 19:30:19.240490 (932069) lic_core INFO    (1) checking out 'jasper_interactive' ...
2026-02-28 19:30:19.252914 (932069) lic_core INFO    ... (1) checkout succeeded
2026-02-28 19:30:19.252972 (932069) lic__man INFO    Claim 'fpv' for <ui>.
2026-02-28 19:30:19.252994 (932069) lic_core INFO    (2) checking out 'jasper_fpv' ...
2026-02-28 19:30:19.256754 (932069) lic_core INFO    ... (2) checkout failed (error: -5) ("FLEXnet ERROR(-5, 0, 0): No such feature exists.")
2026-02-28 19:30:19.256785 (932069) lic_core INFO    (3) checking out 'jasper_fao' ...
2026-02-28 19:30:19.267937 (932069) lic_core INFO    ... (3) checkout succeeded
2026-02-28 19:30:19.268941 (932080) stdio___ INFO    Starting STDIN reader (tty: yes, tty name: '/dev/pts/0')
2026-02-28 19:30:19.269083 (932069) main____ INFO    Tool inactivity delay is 480000 ms.
2026-02-28 19:30:19.312567 (932069) session_ INFO    Starting analysis session with session id 'session_0' (launcher: <local>) ...
2026-02-28 19:30:19.314265 (932069) session_ INFO    Analysis session with session id 'session_0' started (pid: 932081)
2026-02-28 19:30:20.430896 (932069) session_ INFO    Analysis session 'session_0' connected to the console (host: 127.0.0.1:60772)
2026-02-28 19:30:24.253772 (932069) lic__man INFO    Unclaim everything for 'session_0'.
2026-02-28 19:30:24.591843 (932069) lic__man INFO    Claim 'fpv' for 'session_0'.
2026-02-28 19:30:24.591891 (932069) lic__man INFO    Claim 'fpv' for 'session_0/prove-0'.
2026-02-28 19:30:26.894052 (932069) lic__man INFO    Unclaim everything for 'session_0/prove-0'.
2026-02-28 19:30:26.937788 (932069) main____ INFO    About to exit: request to exit with status 0 received from analysis session 'session_0'
2026-02-28 19:30:27.239260 (932069) session_ INFO    Analysis session 'session_0' disconnected.
2026-02-28 19:30:27.239424 (932069) lic__man INFO    Unclaim everything for 'session_0'.
2026-02-28 19:30:27.239604 (932069) session_ INFO    Process for analysis session 'session_0' has exited with exit status '0'.
2026-02-28 19:30:28.923390 (932080) stdio___ INFO    STDIN reader requested to stop.
2026-02-28 19:30:28.923441 (932080) stdio___ INFO    STDIN reader stopped.
2026-02-28 19:30:28.927582 (932069) lic_core INFO    (1) checkin jasper_interactive
2026-02-28 19:30:28.929483 (932069) lic_core INFO    (3) checkin jasper_fao
2026-02-28 19:30:28.953365 (932069) main____ INFO    Exiting with status 0.
