2026-03-01 01:30:29.749051 (1154367) main____ INFO    ----------------------------------------
2026-03-01 01:30:29.749113 (1154367) main____ INFO    Jasper version info
2026-03-01 01:30:29.749129 (1154367) main____ INFO      tool      : Jasper 2023.12
2026-03-01 01:30:29.749142 (1154367) main____ INFO      version   : 2023.12p001 64 bits
2026-03-01 01:30:29.749155 (1154367) main____ INFO      build date: 2024.01.23 16:09:24 UTC
2026-03-01 01:30:29.749165 (1154367) main____ INFO    ----------------------------------------
2026-03-01 01:30:29.749174 (1154367) main____ INFO    Runtime info:
2026-03-01 01:30:29.749184 (1154367) main____ INFO      platform  : Linux 4.18.0-553.89.1.el8_10.x86_64 x86_64
2026-03-01 01:30:29.749200 (1154367) main____ INFO      hostname  : caddy15.stanford.edu
2026-03-01 01:30:29.749215 (1154367) main____ INFO      pid       : 1154367
2026-03-01 01:30:29.749225 (1154367) main____ INFO      arguments : '-style' 'windows' '-allow_unsupported_OS' '-no_gui' '-fpv' './synthlc/i_LW_out/xPairwiseDepDiv/exclusive_58_.tcl' '-proj' './synthlc/i_LW_out/xPairwiseDepDiv/exclusive_58_jgsession_26-03-01-01_30_29'
2026-03-01 01:30:29.749240 (1154367) main____ INFO      locale    : UTF-8
2026-03-01 01:30:29.749250 (1154367) main____ INFO    ----------------------------------------
2026-03-01 01:30:29.749269 (1154367) main____ INFO    System resource limits info:
2026-03-01 01:30:29.749281 (1154367) main____ INFO      virtual memory: unlimited
2026-03-01 01:30:29.749293 (1154367) main____ INFO      cpu time      : unlimited
2026-03-01 01:30:29.749322 (1154367) main____ INFO      processes     : 4096
2026-03-01 01:30:29.749340 (1154367) main____ INFO      stack size    : 8388608 B
2026-03-01 01:30:29.749354 (1154367) main____ INFO      core file size: 0 B
2026-03-01 01:30:29.749366 (1154367) main____ INFO      open files    : 4096
2026-03-01 01:30:29.749378 (1154367) main____ INFO      file size     : unlimited
2026-03-01 01:30:29.749388 (1154367) main____ INFO    ----------------------------------------
2026-03-01 01:30:29.749396 (1154367) main____ INFO    Memory statistics:
2026-03-01 01:30:29.749408 (1154367) main____ INFO      total physical memory  : 98449092 kB
2026-03-01 01:30:29.749419 (1154367) main____ INFO      free physical memory   : 79829668 kB
2026-03-01 01:30:29.749430 (1154367) main____ INFO      committed address space: 1851588 kB
2026-03-01 01:30:29.749439 (1154367) main____ INFO    ----------------------------------------
2026-03-01 01:30:29.750547 (1154367) main____ INFO    Important environment variables:
2026-03-01 01:30:29.750568 (1154367) main____ INFO      CDS_LIC_FILE       : '5280@cadlic0'
2026-03-01 01:30:29.750580 (1154367) main____ INFO      JASPER_INSTALL_DIR : '/cad/cadence/jasper_2023.12p001'
2026-03-01 01:30:29.750592 (1154367) main____ INFO      JASPER_KERNEL_CHECK: '1'
2026-03-01 01:30:29.750604 (1154367) main____ INFO      JASPER_OS_CHECK    : '0'
2026-03-01 01:30:29.750615 (1154367) main____ INFO      LANG               : 'en_US.UTF-8'
2026-03-01 01:30:29.750625 (1154367) main____ INFO    ----------------------------------------
2026-03-01 01:30:29.751777 (1154367) lic_core INFO    Initializing license system ...
2026-03-01 01:30:29.753250 (1154367) lic_core INFO    ... license system initialized.
2026-03-01 01:30:29.765094 (1154367) lic__man INFO    Claim 'main' for <ui>.
2026-03-01 01:30:29.765135 (1154367) lic_core INFO    (1) checking out 'jasper_interactive' ...
2026-03-01 01:30:29.777897 (1154367) lic_core INFO    ... (1) checkout succeeded
2026-03-01 01:30:29.777954 (1154367) lic__man INFO    Claim 'fpv' for <ui>.
2026-03-01 01:30:29.777974 (1154367) lic_core INFO    (2) checking out 'jasper_fpv' ...
2026-03-01 01:30:29.782366 (1154367) lic_core INFO    ... (2) checkout failed (error: -5) ("FLEXnet ERROR(-5, 0, 0): No such feature exists.")
2026-03-01 01:30:29.782397 (1154367) lic_core INFO    (3) checking out 'jasper_fao' ...
2026-03-01 01:30:29.792943 (1154367) lic_core INFO    ... (3) checkout succeeded
2026-03-01 01:30:29.793890 (1154378) stdio___ INFO    Starting STDIN reader (tty: yes, tty name: '/dev/pts/0')
2026-03-01 01:30:29.794027 (1154367) main____ INFO    Tool inactivity delay is 480000 ms.
2026-03-01 01:30:29.834821 (1154367) session_ INFO    Starting analysis session with session id 'session_0' (launcher: <local>) ...
2026-03-01 01:30:29.836616 (1154367) session_ INFO    Analysis session with session id 'session_0' started (pid: 1154379)
2026-03-01 01:30:30.945335 (1154367) session_ INFO    Analysis session 'session_0' connected to the console (host: 127.0.0.1:47240)
2026-03-01 01:30:33.973338 (1154367) lic__man INFO    Unclaim everything for 'session_0'.
2026-03-01 01:30:34.176689 (1154367) lic__man INFO    Claim 'fpv' for 'session_0'.
2026-03-01 01:30:34.176731 (1154367) lic__man INFO    Claim 'fpv' for 'session_0/prove-0'.
2026-03-01 01:30:47.144557 (1154367) lic__man INFO    Unclaim everything for 'session_0/prove-0'.
2026-03-01 01:30:47.179598 (1154367) main____ INFO    About to exit: request to exit with status 0 received from analysis session 'session_0'
2026-03-01 01:30:47.553968 (1154367) session_ INFO    Analysis session 'session_0' disconnected.
2026-03-01 01:30:47.554117 (1154367) lic__man INFO    Unclaim everything for 'session_0'.
2026-03-01 01:30:47.556342 (1154367) session_ INFO    Process for analysis session 'session_0' has exited with exit status '0'.
2026-03-01 01:30:49.286524 (1154378) stdio___ INFO    STDIN reader requested to stop.
2026-03-01 01:30:49.286567 (1154378) stdio___ INFO    STDIN reader stopped.
2026-03-01 01:30:49.286788 (1154367) lic_core INFO    (1) checkin jasper_interactive
2026-03-01 01:30:49.287544 (1154367) lic_core INFO    (3) checkin jasper_fao
2026-03-01 01:30:49.288956 (1154367) main____ INFO    Exiting with status 0.
