2026-02-28 19:48:06.790441 (985797) main____ INFO    ----------------------------------------
2026-02-28 19:48:06.790508 (985797) main____ INFO    Jasper version info
2026-02-28 19:48:06.790523 (985797) main____ INFO      tool      : Jasper 2023.12
2026-02-28 19:48:06.790536 (985797) main____ INFO      version   : 2023.12p001 64 bits
2026-02-28 19:48:06.790549 (985797) main____ INFO      build date: 2024.01.23 16:09:24 UTC
2026-02-28 19:48:06.790559 (985797) main____ INFO    ----------------------------------------
2026-02-28 19:48:06.790568 (985797) main____ INFO    Runtime info:
2026-02-28 19:48:06.790579 (985797) main____ INFO      platform  : Linux 4.18.0-553.89.1.el8_10.x86_64 x86_64
2026-02-28 19:48:06.790595 (985797) main____ INFO      hostname  : caddy15.stanford.edu
2026-02-28 19:48:06.790610 (985797) main____ INFO      pid       : 985797
2026-02-28 19:48:06.790621 (985797) main____ INFO      arguments : '-style' 'windows' '-allow_unsupported_OS' '-no_gui' '-fpv' './synthlc/i_ADDI_out/xHBPerfG_dfg_v3_div/WHB_108_.tcl' '-proj' './synthlc/i_ADDI_out/xHBPerfG_dfg_v3_div/WHB_108_jgsession_26-02-28-19_48_06'
2026-02-28 19:48:06.790637 (985797) main____ INFO      locale    : UTF-8
2026-02-28 19:48:06.790647 (985797) main____ INFO    ----------------------------------------
2026-02-28 19:48:06.790656 (985797) main____ INFO    System resource limits info:
2026-02-28 19:48:06.790668 (985797) main____ INFO      virtual memory: unlimited
2026-02-28 19:48:06.790680 (985797) main____ INFO      cpu time      : unlimited
2026-02-28 19:48:06.790697 (985797) main____ INFO      processes     : 4096
2026-02-28 19:48:06.790716 (985797) main____ INFO      stack size    : 8388608 B
2026-02-28 19:48:06.790730 (985797) main____ INFO      core file size: 0 B
2026-02-28 19:48:06.790743 (985797) main____ INFO      open files    : 4096
2026-02-28 19:48:06.790754 (985797) main____ INFO      file size     : unlimited
2026-02-28 19:48:06.790764 (985797) main____ INFO    ----------------------------------------
2026-02-28 19:48:06.790773 (985797) main____ INFO    Memory statistics:
2026-02-28 19:48:06.790785 (985797) main____ INFO      total physical memory  : 98449092 kB
2026-02-28 19:48:06.790796 (985797) main____ INFO      free physical memory   : 79441996 kB
2026-02-28 19:48:06.790808 (985797) main____ INFO      committed address space: 2447732 kB
2026-02-28 19:48:06.790817 (985797) main____ INFO    ----------------------------------------
2026-02-28 19:48:06.791951 (985797) main____ INFO    Important environment variables:
2026-02-28 19:48:06.791974 (985797) main____ INFO      CDS_LIC_FILE       : '5280@cadlic0'
2026-02-28 19:48:06.791993 (985797) main____ INFO      JASPER_INSTALL_DIR : '/cad/cadence/jasper_2023.12p001'
2026-02-28 19:48:06.792005 (985797) main____ INFO      JASPER_KERNEL_CHECK: '1'
2026-02-28 19:48:06.792017 (985797) main____ INFO      JASPER_OS_CHECK    : '0'
2026-02-28 19:48:06.792029 (985797) main____ INFO      LANG               : 'en_US.UTF-8'
2026-02-28 19:48:06.792039 (985797) main____ INFO    ----------------------------------------
2026-02-28 19:48:06.793213 (985797) lic_core INFO    Initializing license system ...
2026-02-28 19:48:06.795369 (985797) lic_core INFO    ... license system initialized.
2026-02-28 19:48:06.806552 (985797) lic__man INFO    Claim 'main' for <ui>.
2026-02-28 19:48:06.806595 (985797) lic_core INFO    (1) checking out 'jasper_interactive' ...
2026-02-28 19:48:06.819032 (985797) lic_core INFO    ... (1) checkout succeeded
2026-02-28 19:48:06.819092 (985797) lic__man INFO    Claim 'fpv' for <ui>.
2026-02-28 19:48:06.819113 (985797) lic_core INFO    (2) checking out 'jasper_fpv' ...
2026-02-28 19:48:06.823037 (985797) lic_core INFO    ... (2) checkout failed (error: -5) ("FLEXnet ERROR(-5, 0, 0): No such feature exists.")
2026-02-28 19:48:06.823070 (985797) lic_core INFO    (3) checking out 'jasper_fao' ...
2026-02-28 19:48:06.833805 (985797) lic_core INFO    ... (3) checkout succeeded
2026-02-28 19:48:06.834848 (985808) stdio___ INFO    Starting STDIN reader (tty: yes, tty name: '/dev/pts/0')
2026-02-28 19:48:06.834948 (985797) main____ INFO    Tool inactivity delay is 480000 ms.
2026-02-28 19:48:06.874820 (985797) session_ INFO    Starting analysis session with session id 'session_0' (launcher: <local>) ...
2026-02-28 19:48:06.876699 (985797) session_ INFO    Analysis session with session id 'session_0' started (pid: 985809)
2026-02-28 19:48:07.971124 (985797) session_ INFO    Analysis session 'session_0' connected to the console (host: 127.0.0.1:38424)
2026-02-28 19:48:11.014123 (985797) lic__man INFO    Unclaim everything for 'session_0'.
2026-02-28 19:48:11.215267 (985797) lic__man INFO    Claim 'fpv' for 'session_0'.
2026-02-28 19:48:11.215321 (985797) lic__man INFO    Claim 'fpv' for 'session_0/prove-0'.
2026-02-28 19:48:13.947388 (985797) lic__man INFO    Unclaim everything for 'session_0/prove-0'.
2026-02-28 19:48:13.970620 (985797) main____ INFO    About to exit: request to exit with status 0 received from analysis session 'session_0'
2026-02-28 19:48:14.235653 (985797) session_ INFO    Analysis session 'session_0' disconnected.
2026-02-28 19:48:14.235809 (985797) lic__man INFO    Unclaim everything for 'session_0'.
2026-02-28 19:48:14.240536 (985797) session_ INFO    Process for analysis session 'session_0' has exited with exit status '0'.
2026-02-28 19:48:15.905288 (985808) stdio___ INFO    STDIN reader requested to stop.
2026-02-28 19:48:15.905342 (985808) stdio___ INFO    STDIN reader stopped.
2026-02-28 19:48:15.905695 (985797) lic_core INFO    (1) checkin jasper_interactive
2026-02-28 19:48:15.909246 (985797) lic_core INFO    (3) checkin jasper_fao
2026-02-28 19:48:15.942352 (985797) main____ INFO    Exiting with status 0.
