2026-02-28 21:19:47.760992 (3685687) main____ INFO    ----------------------------------------
2026-02-28 21:19:47.761088 (3685687) main____ INFO    Jasper version info
2026-02-28 21:19:47.761104 (3685687) main____ INFO      tool      : Jasper 2023.12
2026-02-28 21:19:47.761121 (3685687) main____ INFO      version   : 2023.12p001 64 bits
2026-02-28 21:19:47.761134 (3685687) main____ INFO      build date: 2024.01.23 16:09:24 UTC
2026-02-28 21:19:47.761145 (3685687) main____ INFO    ----------------------------------------
2026-02-28 21:19:47.761155 (3685687) main____ INFO    Runtime info:
2026-02-28 21:19:47.761166 (3685687) main____ INFO      platform  : Linux 4.18.0-553.89.1.el8_10.x86_64 x86_64
2026-02-28 21:19:47.761185 (3685687) main____ INFO      hostname  : caddy12.stanford.edu
2026-02-28 21:19:47.761201 (3685687) main____ INFO      pid       : 3685687
2026-02-28 21:19:47.761213 (3685687) main____ INFO      arguments : '-style' 'windows' '-allow_unsupported_OS' '-no_gui' '-fpv' './synthlc/i_ADDI_out/xPairwiseDepDiv/nunv_anytwo_34_.tcl' '-proj' './synthlc/i_ADDI_out/xPairwiseDepDiv/nunv_anytwo_34_jgsession_26-02-28-21_19_47'
2026-02-28 21:19:47.761230 (3685687) main____ INFO      locale    : UTF-8
2026-02-28 21:19:47.761240 (3685687) main____ INFO    ----------------------------------------
2026-02-28 21:19:47.761250 (3685687) main____ INFO    System resource limits info:
2026-02-28 21:19:47.761263 (3685687) main____ INFO      virtual memory: unlimited
2026-02-28 21:19:47.761275 (3685687) main____ INFO      cpu time      : unlimited
2026-02-28 21:19:47.761294 (3685687) main____ INFO      processes     : 4096
2026-02-28 21:19:47.761313 (3685687) main____ INFO      stack size    : 8388608 B
2026-02-28 21:19:47.761328 (3685687) main____ INFO      core file size: 0 B
2026-02-28 21:19:47.761353 (3685687) main____ INFO      open files    : 4096
2026-02-28 21:19:47.761365 (3685687) main____ INFO      file size     : unlimited
2026-02-28 21:19:47.761376 (3685687) main____ INFO    ----------------------------------------
2026-02-28 21:19:47.761385 (3685687) main____ INFO    Memory statistics:
2026-02-28 21:19:47.761398 (3685687) main____ INFO      total physical memory  : 98449088 kB
2026-02-28 21:19:47.761410 (3685687) main____ INFO      free physical memory   : 86003680 kB
2026-02-28 21:19:47.761422 (3685687) main____ INFO      committed address space: 8812752 kB
2026-02-28 21:19:47.761432 (3685687) main____ INFO    ----------------------------------------
2026-02-28 21:19:47.762620 (3685687) main____ INFO    Important environment variables:
2026-02-28 21:19:47.762647 (3685687) main____ INFO      CDS_LIC_FILE       : '5280@cadlic0'
2026-02-28 21:19:47.762669 (3685687) main____ INFO      DISPLAY            : 'localhost:12.0'
2026-02-28 21:19:47.762683 (3685687) main____ INFO      JASPER_INSTALL_DIR : '/cad/cadence/jasper_2023.12p001'
2026-02-28 21:19:47.762695 (3685687) main____ INFO      JASPER_KERNEL_CHECK: '1'
2026-02-28 21:19:47.762708 (3685687) main____ INFO      JASPER_OS_CHECK    : '0'
2026-02-28 21:19:47.762720 (3685687) main____ INFO      LANG               : 'zh_TW.UTF-8'
2026-02-28 21:19:47.762730 (3685687) main____ INFO    ----------------------------------------
2026-02-28 21:19:47.765824 (3685687) lic_core INFO    Initializing license system ...
2026-02-28 21:19:47.789925 (3685687) lic_core INFO    ... license system initialized.
2026-02-28 21:19:47.880927 (3685687) lic__man INFO    Claim 'main' for <ui>.
2026-02-28 21:19:47.881000 (3685687) lic_core INFO    (1) checking out 'jasper_interactive' ...
2026-02-28 21:19:47.948990 (3685687) lic_core INFO    ... (1) checkout succeeded
2026-02-28 21:19:47.949099 (3685687) lic__man INFO    Claim 'fpv' for <ui>.
2026-02-28 21:19:47.949129 (3685687) lic_core INFO    (2) checking out 'jasper_fpv' ...
2026-02-28 21:19:48.231808 (3685687) lic_core INFO    ... (2) checkout failed (error: -5) ("FLEXnet ERROR(-5, 0, 0): No such feature exists.")
2026-02-28 21:19:48.231875 (3685687) lic_core INFO    (3) checking out 'jasper_fao' ...
2026-02-28 21:19:48.271088 (3685687) lic_core INFO    ... (3) checkout succeeded
2026-02-28 21:19:48.272370 (3685687) main____ INFO    Tool inactivity delay is 480000 ms.
2026-02-28 21:19:48.288876 (3685725) stdio___ INFO    Starting STDIN reader (tty: yes, tty name: '/dev/pts/0')
2026-02-28 21:19:48.559189 (3685687) session_ INFO    Starting analysis session with session id 'session_0' (launcher: <local>) ...
2026-02-28 21:19:48.561086 (3685687) session_ INFO    Analysis session with session id 'session_0' started (pid: 3685848)
2026-02-28 21:19:50.881387 (3685687) session_ INFO    Analysis session 'session_0' connected to the console (host: 127.0.0.1:56666)
2026-02-28 21:20:00.364477 (3685687) lic__man INFO    Unclaim everything for 'session_0'.
2026-02-28 21:20:00.719386 (3685687) lic__man INFO    Claim 'fpv' for 'session_0'.
2026-02-28 21:20:00.719435 (3685687) lic__man INFO    Claim 'fpv' for 'session_0/prove-0'.
2026-02-28 21:20:10.519035 (3685687) lic__man INFO    Unclaim everything for 'session_0/prove-0'.
2026-02-28 21:20:10.564029 (3685687) main____ INFO    About to exit: request to exit with status 0 received from analysis session 'session_0'
2026-02-28 21:20:11.077043 (3685687) session_ INFO    Analysis session 'session_0' disconnected.
2026-02-28 21:20:11.077192 (3685687) lic__man INFO    Unclaim everything for 'session_0'.
2026-02-28 21:20:11.077780 (3685687) session_ INFO    Process for analysis session 'session_0' has exited with exit status '0'.
2026-02-28 21:20:12.470867 (3685725) stdio___ INFO    STDIN reader requested to stop.
2026-02-28 21:20:12.470945 (3685725) stdio___ INFO    STDIN reader stopped.
2026-02-28 21:20:12.471963 (3685687) lic_core INFO    (1) checkin jasper_interactive
2026-02-28 21:20:12.481544 (3685687) lic_core INFO    (3) checkin jasper_fao
2026-02-28 21:20:12.492057 (3685687) main____ INFO    Exiting with status 0.
