2026-03-01 06:07:38.745860 (4003558) main____ INFO    ----------------------------------------
2026-03-01 06:07:38.745922 (4003558) main____ INFO    Jasper version info
2026-03-01 06:07:38.745938 (4003558) main____ INFO      tool      : Jasper 2023.12
2026-03-01 06:07:38.745952 (4003558) main____ INFO      version   : 2023.12p001 64 bits
2026-03-01 06:07:38.745965 (4003558) main____ INFO      build date: 2024.01.23 16:09:24 UTC
2026-03-01 06:07:38.745976 (4003558) main____ INFO    ----------------------------------------
2026-03-01 06:07:38.745986 (4003558) main____ INFO    Runtime info:
2026-03-01 06:07:38.746998 (4003558) main____ INFO      platform  : Linux 4.18.0-553.89.1.el8_10.x86_64 x86_64
2026-03-01 06:07:38.747015 (4003558) main____ INFO      hostname  : caddy12.stanford.edu
2026-03-01 06:07:38.747031 (4003558) main____ INFO      pid       : 4003558
2026-03-01 06:07:38.747042 (4003558) main____ INFO      arguments : '-style' 'windows' '-allow_unsupported_OS' '-no_gui' '-fpv' './synthlc/i_LW_out/xPairwiseDepDiv/exclusive_46_.tcl' '-proj' './synthlc/i_LW_out/xPairwiseDepDiv/exclusive_46_jgsession_26-03-01-06_07_38'
2026-03-01 06:07:38.747057 (4003558) main____ INFO      locale    : UTF-8
2026-03-01 06:07:38.747067 (4003558) main____ INFO    ----------------------------------------
2026-03-01 06:07:38.747077 (4003558) main____ INFO    System resource limits info:
2026-03-01 06:07:38.747090 (4003558) main____ INFO      virtual memory: unlimited
2026-03-01 06:07:38.747102 (4003558) main____ INFO      cpu time      : unlimited
2026-03-01 06:07:38.747119 (4003558) main____ INFO      processes     : 4096
2026-03-01 06:07:38.747136 (4003558) main____ INFO      stack size    : 8388608 B
2026-03-01 06:07:38.747150 (4003558) main____ INFO      core file size: 0 B
2026-03-01 06:07:38.747163 (4003558) main____ INFO      open files    : 4096
2026-03-01 06:07:38.747176 (4003558) main____ INFO      file size     : unlimited
2026-03-01 06:07:38.747186 (4003558) main____ INFO    ----------------------------------------
2026-03-01 06:07:38.747196 (4003558) main____ INFO    Memory statistics:
2026-03-01 06:07:38.747208 (4003558) main____ INFO      total physical memory  : 98449088 kB
2026-03-01 06:07:38.747219 (4003558) main____ INFO      free physical memory   : 87032740 kB
2026-03-01 06:07:38.747231 (4003558) main____ INFO      committed address space: 6978760 kB
2026-03-01 06:07:38.747241 (4003558) main____ INFO    ----------------------------------------
2026-03-01 06:07:38.748370 (4003558) main____ INFO    Important environment variables:
2026-03-01 06:07:38.749007 (4003558) main____ INFO      CDS_LIC_FILE       : '5280@cadlic0'
2026-03-01 06:07:38.749022 (4003558) main____ INFO      DISPLAY            : 'localhost:12.0'
2026-03-01 06:07:38.749035 (4003558) main____ INFO      JASPER_INSTALL_DIR : '/cad/cadence/jasper_2023.12p001'
2026-03-01 06:07:38.749047 (4003558) main____ INFO      JASPER_KERNEL_CHECK: '1'
2026-03-01 06:07:38.749059 (4003558) main____ INFO      JASPER_OS_CHECK    : '0'
2026-03-01 06:07:38.749072 (4003558) main____ INFO      LANG               : 'zh_TW.UTF-8'
2026-03-01 06:07:38.749082 (4003558) main____ INFO    ----------------------------------------
2026-03-01 06:07:38.750191 (4003558) lic_core INFO    Initializing license system ...
2026-03-01 06:07:38.752163 (4003558) lic_core INFO    ... license system initialized.
2026-03-01 06:07:38.764716 (4003558) lic__man INFO    Claim 'main' for <ui>.
2026-03-01 06:07:38.764778 (4003558) lic_core INFO    (1) checking out 'jasper_interactive' ...
2026-03-01 06:07:38.776915 (4003558) lic_core INFO    ... (1) checkout succeeded
2026-03-01 06:07:38.776981 (4003558) lic__man INFO    Claim 'fpv' for <ui>.
2026-03-01 06:07:38.777003 (4003558) lic_core INFO    (2) checking out 'jasper_fpv' ...
2026-03-01 06:07:38.781099 (4003558) lic_core INFO    ... (2) checkout failed (error: -5) ("FLEXnet ERROR(-5, 0, 0): No such feature exists.")
2026-03-01 06:07:38.781139 (4003558) lic_core INFO    (3) checking out 'jasper_fao' ...
2026-03-01 06:07:38.792124 (4003558) lic_core INFO    ... (3) checkout succeeded
2026-03-01 06:07:38.793069 (4003569) stdio___ INFO    Starting STDIN reader (tty: yes, tty name: '/dev/pts/0')
2026-03-01 06:07:38.793764 (4003558) main____ INFO    Tool inactivity delay is 480000 ms.
2026-03-01 06:07:38.836242 (4003558) session_ INFO    Starting analysis session with session id 'session_0' (launcher: <local>) ...
2026-03-01 06:07:38.837963 (4003558) session_ INFO    Analysis session with session id 'session_0' started (pid: 4003570)
2026-03-01 06:07:39.911808 (4003558) session_ INFO    Analysis session 'session_0' connected to the console (host: 127.0.0.1:52266)
2026-03-01 06:07:43.032014 (4003558) lic__man INFO    Unclaim everything for 'session_0'.
2026-03-01 06:07:43.230600 (4003558) lic__man INFO    Claim 'fpv' for 'session_0'.
2026-03-01 06:07:43.230643 (4003558) lic__man INFO    Claim 'fpv' for 'session_0/prove-0'.
2026-03-01 06:22:46.198264 (4003558) lic__man INFO    Unclaim everything for 'session_0/prove-0'.
2026-03-01 06:22:46.246954 (4003558) main____ INFO    About to exit: request to exit with status 0 received from analysis session 'session_0'
2026-03-01 06:22:46.435951 (4003558) session_ INFO    Analysis session 'session_0' disconnected.
2026-03-01 06:22:46.436132 (4003558) lic__man INFO    Unclaim everything for 'session_0'.
2026-03-01 06:22:46.438894 (4003558) session_ INFO    Process for analysis session 'session_0' has exited with exit status '0'.
2026-03-01 06:22:48.363608 (4003569) stdio___ INFO    STDIN reader requested to stop.
2026-03-01 06:22:48.363685 (4003569) stdio___ INFO    STDIN reader stopped.
2026-03-01 06:22:48.364245 (4003558) lic_core INFO    (1) checkin jasper_interactive
2026-03-01 06:22:48.376815 (4003558) lic_core INFO    (3) checkin jasper_fao
2026-03-01 06:22:48.388108 (4003558) main____ INFO    Exiting with status 0.
