2026-02-26 04:21:04.409114 (3726844) main____ INFO    ----------------------------------------
2026-02-26 04:21:04.409230 (3726844) main____ INFO    Jasper version info
2026-02-26 04:21:04.409252 (3726844) main____ INFO      tool      : Jasper 2023.12
2026-02-26 04:21:04.409270 (3726844) main____ INFO      version   : 2023.12p001 64 bits
2026-02-26 04:21:04.409285 (3726844) main____ INFO      build date: 2024.01.23 16:09:24 UTC
2026-02-26 04:21:04.409295 (3726844) main____ INFO    ----------------------------------------
2026-02-26 04:21:04.409319 (3726844) main____ INFO    Runtime info:
2026-02-26 04:21:04.409330 (3726844) main____ INFO      platform  : Linux 4.18.0-553.89.1.el8_10.x86_64 x86_64
2026-02-26 04:21:04.409350 (3726844) main____ INFO      hostname  : caddy15.stanford.edu
2026-02-26 04:21:04.409366 (3726844) main____ INFO      pid       : 3726844
2026-02-26 04:21:04.409377 (3726844) main____ INFO      arguments : '-style' 'windows' '-allow_unsupported_OS' '-no_gui' '-fpv' './synthlc/i_ADDI_out/xPairwiseDepDiv/exclusive_160_.tcl' '-proj' './synthlc/i_ADDI_out/xPairwiseDepDiv/exclusive_160_jgsession_26-02-26-04_21_03'
2026-02-26 04:21:04.409396 (3726844) main____ INFO      locale    : UTF-8
2026-02-26 04:21:04.409406 (3726844) main____ INFO    ----------------------------------------
2026-02-26 04:21:04.409415 (3726844) main____ INFO    System resource limits info:
2026-02-26 04:21:04.409428 (3726844) main____ INFO      virtual memory: unlimited
2026-02-26 04:21:04.409440 (3726844) main____ INFO      cpu time      : unlimited
2026-02-26 04:21:04.409460 (3726844) main____ INFO      processes     : 4096
2026-02-26 04:21:04.409482 (3726844) main____ INFO      stack size    : 8388608 B
2026-02-26 04:21:04.409497 (3726844) main____ INFO      core file size: 0 B
2026-02-26 04:21:04.409510 (3726844) main____ INFO      open files    : 4096
2026-02-26 04:21:04.409522 (3726844) main____ INFO      file size     : unlimited
2026-02-26 04:21:04.409532 (3726844) main____ INFO    ----------------------------------------
2026-02-26 04:21:04.409542 (3726844) main____ INFO    Memory statistics:
2026-02-26 04:21:04.409554 (3726844) main____ INFO      total physical memory  : 98449092 kB
2026-02-26 04:21:04.409565 (3726844) main____ INFO      free physical memory   : 72420748 kB
2026-02-26 04:21:04.409577 (3726844) main____ INFO      committed address space: 11537644 kB
2026-02-26 04:21:04.409587 (3726844) main____ INFO    ----------------------------------------
2026-02-26 04:21:04.410777 (3726844) main____ INFO    Important environment variables:
2026-02-26 04:21:04.410807 (3726844) main____ INFO      CDS_LIC_FILE       : '5280@cadlic0'
2026-02-26 04:21:04.410820 (3726844) main____ INFO      JASPER_INSTALL_DIR : '/cad/cadence/jasper_2023.12p001'
2026-02-26 04:21:04.410833 (3726844) main____ INFO      JASPER_KERNEL_CHECK: '1'
2026-02-26 04:21:04.410845 (3726844) main____ INFO      JASPER_OS_CHECK    : '0'
2026-02-26 04:21:04.410857 (3726844) main____ INFO      LANG               : 'en_US.UTF-8'
2026-02-26 04:21:04.410867 (3726844) main____ INFO    ----------------------------------------
2026-02-26 04:21:04.413483 (3726844) lic_core INFO    Initializing license system ...
2026-02-26 04:21:04.448393 (3726844) lic_core INFO    ... license system initialized.
2026-02-26 04:21:04.594697 (3726844) lic__man INFO    Claim 'main' for <ui>.
2026-02-26 04:21:04.594764 (3726844) lic_core INFO    (1) checking out 'jasper_interactive' ...
2026-02-26 04:21:04.651552 (3726844) lic_core INFO    ... (1) checkout succeeded
2026-02-26 04:21:04.651663 (3726844) lic__man INFO    Claim 'fpv' for <ui>.
2026-02-26 04:21:04.651690 (3726844) lic_core INFO    (2) checking out 'jasper_fpv' ...
2026-02-26 04:21:04.709822 (3726844) lic_core INFO    ... (2) checkout failed (error: -5) ("FLEXnet ERROR(-5, 0, 0): No such feature exists.")
2026-02-26 04:21:04.709882 (3726844) lic_core INFO    (3) checking out 'jasper_fao' ...
2026-02-26 04:21:04.762569 (3726844) lic_core INFO    ... (3) checkout succeeded
2026-02-26 04:21:04.796262 (3726844) main____ INFO    Tool inactivity delay is 480000 ms.
2026-02-26 04:21:04.804553 (3726864) stdio___ INFO    Starting STDIN reader (tty: yes, tty name: '/dev/pts/0')
2026-02-26 04:21:05.123457 (3726844) session_ INFO    Starting analysis session with session id 'session_0' (launcher: <local>) ...
2026-02-26 04:21:05.125364 (3726844) session_ INFO    Analysis session with session id 'session_0' started (pid: 3726865)
2026-02-26 04:21:09.019024 (3726844) session_ INFO    Analysis session 'session_0' connected to the console (host: 127.0.0.1:40146)
2026-02-26 04:21:19.381163 (3726844) lic__man INFO    Unclaim everything for 'session_0'.
2026-02-26 04:21:19.950939 (3726844) lic__man INFO    Claim 'fpv' for 'session_0'.
2026-02-26 04:21:19.950985 (3726844) lic__man INFO    Claim 'fpv' for 'session_0/prove-0'.
2026-02-26 04:21:23.584572 (3726844) lic__man INFO    Unclaim everything for 'session_0/prove-0'.
2026-02-26 04:21:23.618603 (3726844) main____ INFO    About to exit: request to exit with status 0 received from analysis session 'session_0'
2026-02-26 04:21:24.412966 (3726844) session_ INFO    Analysis session 'session_0' disconnected.
2026-02-26 04:21:24.413120 (3726844) lic__man INFO    Unclaim everything for 'session_0'.
2026-02-26 04:21:24.415245 (3726844) session_ INFO    Process for analysis session 'session_0' has exited with exit status '0'.
2026-02-26 04:21:25.543372 (3726864) stdio___ INFO    STDIN reader requested to stop.
2026-02-26 04:21:25.543419 (3726864) stdio___ INFO    STDIN reader stopped.
2026-02-26 04:21:25.553574 (3726844) lic_core INFO    (1) checkin jasper_interactive
2026-02-26 04:21:25.559519 (3726844) lic_core INFO    (3) checkin jasper_fao
2026-02-26 04:21:25.577397 (3726844) main____ INFO    Exiting with status 0.
