2026-02-28 23:10:12.040975 (1104564) main____ INFO    ----------------------------------------
2026-02-28 23:10:12.041066 (1104564) main____ INFO    Jasper version info
2026-02-28 23:10:12.041082 (1104564) main____ INFO      tool      : Jasper 2023.12
2026-02-28 23:10:12.041096 (1104564) main____ INFO      version   : 2023.12p001 64 bits
2026-02-28 23:10:12.041109 (1104564) main____ INFO      build date: 2024.01.23 16:09:24 UTC
2026-02-28 23:10:12.041119 (1104564) main____ INFO    ----------------------------------------
2026-02-28 23:10:12.041129 (1104564) main____ INFO    Runtime info:
2026-02-28 23:10:12.041139 (1104564) main____ INFO      platform  : Linux 4.18.0-553.89.1.el8_10.x86_64 x86_64
2026-02-28 23:10:12.041157 (1104564) main____ INFO      hostname  : caddy15.stanford.edu
2026-02-28 23:10:12.041173 (1104564) main____ INFO      pid       : 1104564
2026-02-28 23:10:12.041184 (1104564) main____ INFO      arguments : '-style' 'windows' '-allow_unsupported_OS' '-no_gui' '-fpv' './synthlc/i_BEQ_out/xHBPerfG_dfg_v3_div/WHB_38_.tcl' '-proj' './synthlc/i_BEQ_out/xHBPerfG_dfg_v3_div/WHB_38_jgsession_26-02-28-23_10_11'
2026-02-28 23:10:12.041201 (1104564) main____ INFO      locale    : UTF-8
2026-02-28 23:10:12.041211 (1104564) main____ INFO    ----------------------------------------
2026-02-28 23:10:12.041220 (1104564) main____ INFO    System resource limits info:
2026-02-28 23:10:12.041232 (1104564) main____ INFO      virtual memory: unlimited
2026-02-28 23:10:12.041245 (1104564) main____ INFO      cpu time      : unlimited
2026-02-28 23:10:12.041263 (1104564) main____ INFO      processes     : 4096
2026-02-28 23:10:12.041282 (1104564) main____ INFO      stack size    : 8388608 B
2026-02-28 23:10:12.041297 (1104564) main____ INFO      core file size: 0 B
2026-02-28 23:10:12.041326 (1104564) main____ INFO      open files    : 4096
2026-02-28 23:10:12.041339 (1104564) main____ INFO      file size     : unlimited
2026-02-28 23:10:12.041348 (1104564) main____ INFO    ----------------------------------------
2026-02-28 23:10:12.041358 (1104564) main____ INFO    Memory statistics:
2026-02-28 23:10:12.041369 (1104564) main____ INFO      total physical memory  : 98449092 kB
2026-02-28 23:10:12.041380 (1104564) main____ INFO      free physical memory   : 78737796 kB
2026-02-28 23:10:12.041392 (1104564) main____ INFO      committed address space: 3246488 kB
2026-02-28 23:10:12.041401 (1104564) main____ INFO    ----------------------------------------
2026-02-28 23:10:12.042569 (1104564) main____ INFO    Important environment variables:
2026-02-28 23:10:12.042594 (1104564) main____ INFO      CDS_LIC_FILE       : '5280@cadlic0'
2026-02-28 23:10:12.042606 (1104564) main____ INFO      JASPER_INSTALL_DIR : '/cad/cadence/jasper_2023.12p001'
2026-02-28 23:10:12.042618 (1104564) main____ INFO      JASPER_KERNEL_CHECK: '1'
2026-02-28 23:10:12.042630 (1104564) main____ INFO      JASPER_OS_CHECK    : '0'
2026-02-28 23:10:12.042642 (1104564) main____ INFO      LANG               : 'en_US.UTF-8'
2026-02-28 23:10:12.042652 (1104564) main____ INFO    ----------------------------------------
2026-02-28 23:10:12.043895 (1104564) lic_core INFO    Initializing license system ...
2026-02-28 23:10:12.045597 (1104564) lic_core INFO    ... license system initialized.
2026-02-28 23:10:12.057076 (1104564) lic__man INFO    Claim 'main' for <ui>.
2026-02-28 23:10:12.057138 (1104564) lic_core INFO    (1) checking out 'jasper_interactive' ...
2026-02-28 23:10:12.069864 (1104564) lic_core INFO    ... (1) checkout succeeded
2026-02-28 23:10:12.069964 (1104564) lic__man INFO    Claim 'fpv' for <ui>.
2026-02-28 23:10:12.069992 (1104564) lic_core INFO    (2) checking out 'jasper_fpv' ...
2026-02-28 23:10:12.074855 (1104564) lic_core INFO    ... (2) checkout failed (error: -5) ("FLEXnet ERROR(-5, 0, 0): No such feature exists.")
2026-02-28 23:10:12.074904 (1104564) lic_core INFO    (3) checking out 'jasper_fao' ...
2026-02-28 23:10:12.086278 (1104564) lic_core INFO    ... (3) checkout succeeded
2026-02-28 23:10:12.087806 (1104564) main____ INFO    Tool inactivity delay is 480000 ms.
2026-02-28 23:10:12.097573 (1104575) stdio___ INFO    Starting STDIN reader (tty: yes, tty name: '/dev/pts/0')
2026-02-28 23:10:12.130448 (1104564) session_ INFO    Starting analysis session with session id 'session_0' (launcher: <local>) ...
2026-02-28 23:10:12.132399 (1104564) session_ INFO    Analysis session with session id 'session_0' started (pid: 1104576)
2026-02-28 23:10:13.676472 (1104564) session_ INFO    Analysis session 'session_0' connected to the console (host: 127.0.0.1:59196)
2026-02-28 23:10:17.930148 (1104564) lic__man INFO    Unclaim everything for 'session_0'.
2026-02-28 23:10:18.242909 (1104564) lic__man INFO    Claim 'fpv' for 'session_0'.
2026-02-28 23:10:18.242958 (1104564) lic__man INFO    Claim 'fpv' for 'session_0/prove-0'.
2026-02-28 23:10:20.377976 (1104564) lic__man INFO    Unclaim everything for 'session_0/prove-0'.
2026-02-28 23:10:20.463509 (1104564) main____ INFO    About to exit: request to exit with status 0 received from analysis session 'session_0'
2026-02-28 23:10:20.767676 (1104564) session_ INFO    Analysis session 'session_0' disconnected.
2026-02-28 23:10:20.767828 (1104564) lic__man INFO    Unclaim everything for 'session_0'.
2026-02-28 23:10:20.769813 (1104564) session_ INFO    Process for analysis session 'session_0' has exited with exit status '0'.
2026-02-28 23:10:22.403911 (1104575) stdio___ INFO    STDIN reader requested to stop.
2026-02-28 23:10:22.403946 (1104575) stdio___ INFO    STDIN reader stopped.
2026-02-28 23:10:22.404176 (1104564) lic_core INFO    (1) checkin jasper_interactive
2026-02-28 23:10:22.405388 (1104564) lic_core INFO    (3) checkin jasper_fao
2026-02-28 23:10:22.406243 (1104564) main____ INFO    Exiting with status 0.
