2026-03-01 05:18:18.595135 (3959799) main____ INFO    ----------------------------------------
2026-03-01 05:18:18.595231 (3959799) main____ INFO    Jasper version info
2026-03-01 05:18:18.595249 (3959799) main____ INFO      tool      : Jasper 2023.12
2026-03-01 05:18:18.595266 (3959799) main____ INFO      version   : 2023.12p001 64 bits
2026-03-01 05:18:18.595281 (3959799) main____ INFO      build date: 2024.01.23 16:09:24 UTC
2026-03-01 05:18:18.595291 (3959799) main____ INFO    ----------------------------------------
2026-03-01 05:18:18.595302 (3959799) main____ INFO    Runtime info:
2026-03-01 05:18:18.595313 (3959799) main____ INFO      platform  : Linux 4.18.0-553.89.1.el8_10.x86_64 x86_64
2026-03-01 05:18:18.595333 (3959799) main____ INFO      hostname  : caddy12.stanford.edu
2026-03-01 05:18:18.595349 (3959799) main____ INFO      pid       : 3959799
2026-03-01 05:18:18.595361 (3959799) main____ INFO      arguments : '-style' 'windows' '-allow_unsupported_OS' '-no_gui' '-fpv' './synthlc/i_LW_out/xPairwiseDepDiv/exclusive_82_.tcl' '-proj' './synthlc/i_LW_out/xPairwiseDepDiv/exclusive_82_jgsession_26-03-01-05_18_18'
2026-03-01 05:18:18.595378 (3959799) main____ INFO      locale    : UTF-8
2026-03-01 05:18:18.595389 (3959799) main____ INFO    ----------------------------------------
2026-03-01 05:18:18.595399 (3959799) main____ INFO    System resource limits info:
2026-03-01 05:18:18.595412 (3959799) main____ INFO      virtual memory: unlimited
2026-03-01 05:18:18.595425 (3959799) main____ INFO      cpu time      : unlimited
2026-03-01 05:18:18.595444 (3959799) main____ INFO      processes     : 4096
2026-03-01 05:18:18.595472 (3959799) main____ INFO      stack size    : 8388608 B
2026-03-01 05:18:18.595488 (3959799) main____ INFO      core file size: 0 B
2026-03-01 05:18:18.595502 (3959799) main____ INFO      open files    : 4096
2026-03-01 05:18:18.595515 (3959799) main____ INFO      file size     : unlimited
2026-03-01 05:18:18.595525 (3959799) main____ INFO    ----------------------------------------
2026-03-01 05:18:18.595535 (3959799) main____ INFO    Memory statistics:
2026-03-01 05:18:18.595548 (3959799) main____ INFO      total physical memory  : 98449088 kB
2026-03-01 05:18:18.595560 (3959799) main____ INFO      free physical memory   : 83374604 kB
2026-03-01 05:18:18.595572 (3959799) main____ INFO      committed address space: 12008716 kB
2026-03-01 05:18:18.595582 (3959799) main____ INFO    ----------------------------------------
2026-03-01 05:18:18.596814 (3959799) main____ INFO    Important environment variables:
2026-03-01 05:18:18.596845 (3959799) main____ INFO      CDS_LIC_FILE       : '5280@cadlic0'
2026-03-01 05:18:18.596859 (3959799) main____ INFO      DISPLAY            : 'localhost:12.0'
2026-03-01 05:18:18.596872 (3959799) main____ INFO      JASPER_INSTALL_DIR : '/cad/cadence/jasper_2023.12p001'
2026-03-01 05:18:18.596885 (3959799) main____ INFO      JASPER_KERNEL_CHECK: '1'
2026-03-01 05:18:18.596897 (3959799) main____ INFO      JASPER_OS_CHECK    : '0'
2026-03-01 05:18:18.596910 (3959799) main____ INFO      LANG               : 'zh_TW.UTF-8'
2026-03-01 05:18:18.596921 (3959799) main____ INFO    ----------------------------------------
2026-03-01 05:18:18.598089 (3959799) lic_core INFO    Initializing license system ...
2026-03-01 05:18:18.600690 (3959799) lic_core INFO    ... license system initialized.
2026-03-01 05:18:18.630377 (3959799) lic__man INFO    Claim 'main' for <ui>.
2026-03-01 05:18:18.630451 (3959799) lic_core INFO    (1) checking out 'jasper_interactive' ...
2026-03-01 05:18:18.666171 (3959799) lic_core INFO    ... (1) checkout succeeded
2026-03-01 05:18:18.666282 (3959799) lic__man INFO    Claim 'fpv' for <ui>.
2026-03-01 05:18:18.666311 (3959799) lic_core INFO    (2) checking out 'jasper_fpv' ...
2026-03-01 05:18:18.670923 (3959799) lic_core INFO    ... (2) checkout failed (error: -5) ("FLEXnet ERROR(-5, 0, 0): No such feature exists.")
2026-03-01 05:18:18.670979 (3959799) lic_core INFO    (3) checking out 'jasper_fao' ...
2026-03-01 05:18:18.684348 (3959799) lic_core INFO    ... (3) checkout succeeded
2026-03-01 05:18:18.685906 (3959799) main____ INFO    Tool inactivity delay is 480000 ms.
2026-03-01 05:18:18.687211 (3959813) stdio___ INFO    Starting STDIN reader (tty: yes, tty name: '/dev/pts/0')
2026-03-01 05:18:18.743587 (3959799) session_ INFO    Starting analysis session with session id 'session_0' (launcher: <local>) ...
2026-03-01 05:18:18.745614 (3959799) session_ INFO    Analysis session with session id 'session_0' started (pid: 3959819)
2026-03-01 05:18:20.142504 (3959799) session_ INFO    Analysis session 'session_0' connected to the console (host: 127.0.0.1:33442)
2026-03-01 05:18:24.688881 (3959799) lic__man INFO    Unclaim everything for 'session_0'.
2026-03-01 05:18:25.019948 (3959799) lic__man INFO    Claim 'fpv' for 'session_0'.
2026-03-01 05:18:25.020001 (3959799) lic__man INFO    Claim 'fpv' for 'session_0/prove-0'.
2026-03-01 05:18:35.163921 (3959799) lic__man INFO    Unclaim everything for 'session_0/prove-0'.
2026-03-01 05:18:35.201926 (3959799) main____ INFO    About to exit: request to exit with status 0 received from analysis session 'session_0'
2026-03-01 05:18:35.410894 (3959799) session_ INFO    Analysis session 'session_0' disconnected.
2026-03-01 05:18:35.411051 (3959799) lic__man INFO    Unclaim everything for 'session_0'.
2026-03-01 05:18:35.431127 (3959799) session_ INFO    Process for analysis session 'session_0' has exited with exit status '0'.
2026-03-01 05:18:37.311739 (3959813) stdio___ INFO    STDIN reader requested to stop.
2026-03-01 05:18:37.311803 (3959813) stdio___ INFO    STDIN reader stopped.
2026-03-01 05:18:37.321931 (3959799) lic_core INFO    (1) checkin jasper_interactive
2026-03-01 05:18:37.326762 (3959799) lic_core INFO    (3) checkin jasper_fao
2026-03-01 05:18:37.373725 (3959799) main____ INFO    Exiting with status 0.
