2026-02-25 12:45:18.384897 (3135738) main____ INFO    ----------------------------------------
2026-02-25 12:45:18.385000 (3135738) main____ INFO    Jasper version info
2026-02-25 12:45:18.385016 (3135738) main____ INFO      tool      : Jasper 2023.12
2026-02-25 12:45:18.385032 (3135738) main____ INFO      version   : 2023.12p001 64 bits
2026-02-25 12:45:18.385046 (3135738) main____ INFO      build date: 2024.01.23 16:09:24 UTC
2026-02-25 12:45:18.385056 (3135738) main____ INFO    ----------------------------------------
2026-02-25 12:45:18.385065 (3135738) main____ INFO    Runtime info:
2026-02-25 12:45:18.385076 (3135738) main____ INFO      platform  : Linux 4.18.0-553.89.1.el8_10.x86_64 x86_64
2026-02-25 12:45:18.385096 (3135738) main____ INFO      hostname  : caddy15.stanford.edu
2026-02-25 12:45:18.385112 (3135738) main____ INFO      pid       : 3135738
2026-02-25 12:45:18.385123 (3135738) main____ INFO      arguments : '-style' 'windows' '-allow_unsupported_OS' '-no_gui' '-fpv' './synthlc/i_DIV_out/xPairwiseDepDiv/nunv_anytwo_213_.tcl' '-proj' './synthlc/i_DIV_out/xPairwiseDepDiv/nunv_anytwo_213_jgsession_26-02-25-12_45_16'
2026-02-25 12:45:18.385140 (3135738) main____ INFO      locale    : UTF-8
2026-02-25 12:45:18.385150 (3135738) main____ INFO    ----------------------------------------
2026-02-25 12:45:18.385159 (3135738) main____ INFO    System resource limits info:
2026-02-25 12:45:18.385171 (3135738) main____ INFO      virtual memory: unlimited
2026-02-25 12:45:18.385184 (3135738) main____ INFO      cpu time      : unlimited
2026-02-25 12:45:18.385202 (3135738) main____ INFO      processes     : 4096
2026-02-25 12:45:18.385224 (3135738) main____ INFO      stack size    : 8388608 B
2026-02-25 12:45:18.385238 (3135738) main____ INFO      core file size: 0 B
2026-02-25 12:45:18.385251 (3135738) main____ INFO      open files    : 4096
2026-02-25 12:45:18.385263 (3135738) main____ INFO      file size     : unlimited
2026-02-25 12:45:18.385273 (3135738) main____ INFO    ----------------------------------------
2026-02-25 12:45:18.385282 (3135738) main____ INFO    Memory statistics:
2026-02-25 12:45:18.385294 (3135738) main____ INFO      total physical memory  : 98449092 kB
2026-02-25 12:45:18.385329 (3135738) main____ INFO      free physical memory   : 74963028 kB
2026-02-25 12:45:18.385341 (3135738) main____ INFO      committed address space: 11320252 kB
2026-02-25 12:45:18.385351 (3135738) main____ INFO    ----------------------------------------
2026-02-25 12:45:18.386527 (3135738) main____ INFO    Important environment variables:
2026-02-25 12:45:18.386559 (3135738) main____ INFO      CDS_LIC_FILE       : '5280@cadlic0'
2026-02-25 12:45:18.386571 (3135738) main____ INFO      JASPER_INSTALL_DIR : '/cad/cadence/jasper_2023.12p001'
2026-02-25 12:45:18.386583 (3135738) main____ INFO      JASPER_KERNEL_CHECK: '1'
2026-02-25 12:45:18.386596 (3135738) main____ INFO      JASPER_OS_CHECK    : '0'
2026-02-25 12:45:18.386608 (3135738) main____ INFO      LANG               : 'en_US.UTF-8'
2026-02-25 12:45:18.386617 (3135738) main____ INFO    ----------------------------------------
2026-02-25 12:45:18.388512 (3135738) lic_core INFO    Initializing license system ...
2026-02-25 12:45:18.411621 (3135738) lic_core INFO    ... license system initialized.
2026-02-25 12:45:18.544628 (3135738) lic__man INFO    Claim 'main' for <ui>.
2026-02-25 12:45:18.544699 (3135738) lic_core INFO    (1) checking out 'jasper_interactive' ...
2026-02-25 12:45:18.634689 (3135738) lic_core INFO    ... (1) checkout succeeded
2026-02-25 12:45:18.634805 (3135738) lic__man INFO    Claim 'fpv' for <ui>.
2026-02-25 12:45:18.634833 (3135738) lic_core INFO    (2) checking out 'jasper_fpv' ...
2026-02-25 12:45:18.706829 (3135738) lic_core INFO    ... (2) checkout failed (error: -5) ("FLEXnet ERROR(-5, 0, 0): No such feature exists.")
2026-02-25 12:45:18.706890 (3135738) lic_core INFO    (3) checking out 'jasper_fao' ...
2026-02-25 12:45:18.800566 (3135738) lic_core INFO    ... (3) checkout succeeded
2026-02-25 12:45:18.801919 (3135738) main____ INFO    Tool inactivity delay is 480000 ms.
2026-02-25 12:45:18.814548 (3135749) stdio___ INFO    Starting STDIN reader (tty: yes, tty name: '/dev/pts/0')
2026-02-25 12:45:19.085449 (3135738) session_ INFO    Starting analysis session with session id 'session_0' (launcher: <local>) ...
2026-02-25 12:45:19.087459 (3135738) session_ INFO    Analysis session with session id 'session_0' started (pid: 3135750)
2026-02-25 12:45:21.207860 (3135738) session_ INFO    Analysis session 'session_0' connected to the console (host: 127.0.0.1:60668)
2026-02-25 12:45:30.274295 (3135738) lic__man INFO    Unclaim everything for 'session_0'.
2026-02-25 12:45:30.708899 (3135738) lic__man INFO    Claim 'fpv' for 'session_0'.
2026-02-25 12:45:30.708944 (3135738) lic__man INFO    Claim 'fpv' for 'session_0/prove-0'.
2026-02-25 12:45:33.542665 (3135738) lic__man INFO    Unclaim everything for 'session_0/prove-0'.
2026-02-25 12:45:33.615599 (3135738) main____ INFO    About to exit: request to exit with status 0 received from analysis session 'session_0'
2026-02-25 12:45:34.003118 (3135738) session_ INFO    Analysis session 'session_0' disconnected.
2026-02-25 12:45:34.003273 (3135738) lic__man INFO    Unclaim everything for 'session_0'.
2026-02-25 12:45:34.014540 (3135738) session_ INFO    Process for analysis session 'session_0' has exited with exit status '0'.
2026-02-25 12:45:35.542434 (3135749) stdio___ INFO    STDIN reader requested to stop.
2026-02-25 12:45:35.542495 (3135749) stdio___ INFO    STDIN reader stopped.
2026-02-25 12:45:35.542870 (3135738) lic_core INFO    (1) checkin jasper_interactive
2026-02-25 12:45:35.544482 (3135738) lic_core INFO    (3) checkin jasper_fao
2026-02-25 12:45:35.577454 (3135738) main____ INFO    Exiting with status 0.
