2026-03-01 06:59:15.868407 (4041572) main____ INFO    ----------------------------------------
2026-03-01 06:59:15.868507 (4041572) main____ INFO    Jasper version info
2026-03-01 06:59:15.868527 (4041572) main____ INFO      tool      : Jasper 2023.12
2026-03-01 06:59:15.868546 (4041572) main____ INFO      version   : 2023.12p001 64 bits
2026-03-01 06:59:15.868562 (4041572) main____ INFO      build date: 2024.01.23 16:09:24 UTC
2026-03-01 06:59:15.868574 (4041572) main____ INFO    ----------------------------------------
2026-03-01 06:59:15.868585 (4041572) main____ INFO    Runtime info:
2026-03-01 06:59:15.868598 (4041572) main____ INFO      platform  : Linux 4.18.0-553.89.1.el8_10.x86_64 x86_64
2026-03-01 06:59:15.868619 (4041572) main____ INFO      hostname  : caddy12.stanford.edu
2026-03-01 06:59:15.868637 (4041572) main____ INFO      pid       : 4041572
2026-03-01 06:59:15.868676 (4041572) main____ INFO      arguments : '-style' 'windows' '-allow_unsupported_OS' '-no_gui' '-fpv' './synthlc/i_LW_out/xPairwiseDepDiv/nunv_anytwo_67_.tcl' '-proj' './synthlc/i_LW_out/xPairwiseDepDiv/nunv_anytwo_67_jgsession_26-03-01-06_59_15'
2026-03-01 06:59:15.868697 (4041572) main____ INFO      locale    : UTF-8
2026-03-01 06:59:15.868709 (4041572) main____ INFO    ----------------------------------------
2026-03-01 06:59:15.868720 (4041572) main____ INFO    System resource limits info:
2026-03-01 06:59:15.868735 (4041572) main____ INFO      virtual memory: unlimited
2026-03-01 06:59:15.868750 (4041572) main____ INFO      cpu time      : unlimited
2026-03-01 06:59:15.868770 (4041572) main____ INFO      processes     : 4096
2026-03-01 06:59:15.868792 (4041572) main____ INFO      stack size    : 8388608 B
2026-03-01 06:59:15.868808 (4041572) main____ INFO      core file size: 0 B
2026-03-01 06:59:15.868824 (4041572) main____ INFO      open files    : 4096
2026-03-01 06:59:15.868838 (4041572) main____ INFO      file size     : unlimited
2026-03-01 06:59:15.868850 (4041572) main____ INFO    ----------------------------------------
2026-03-01 06:59:15.868861 (4041572) main____ INFO    Memory statistics:
2026-03-01 06:59:15.868875 (4041572) main____ INFO      total physical memory  : 98449088 kB
2026-03-01 06:59:15.868889 (4041572) main____ INFO      free physical memory   : 80026064 kB
2026-03-01 06:59:15.868903 (4041572) main____ INFO      committed address space: 14722984 kB
2026-03-01 06:59:15.868914 (4041572) main____ INFO    ----------------------------------------
2026-03-01 06:59:15.870119 (4041572) main____ INFO    Important environment variables:
2026-03-01 06:59:15.870147 (4041572) main____ INFO      CDS_LIC_FILE       : '5280@cadlic0'
2026-03-01 06:59:15.870163 (4041572) main____ INFO      DISPLAY            : 'localhost:12.0'
2026-03-01 06:59:15.870177 (4041572) main____ INFO      JASPER_INSTALL_DIR : '/cad/cadence/jasper_2023.12p001'
2026-03-01 06:59:15.870191 (4041572) main____ INFO      JASPER_KERNEL_CHECK: '1'
2026-03-01 06:59:15.870205 (4041572) main____ INFO      JASPER_OS_CHECK    : '0'
2026-03-01 06:59:15.870220 (4041572) main____ INFO      LANG               : 'zh_TW.UTF-8'
2026-03-01 06:59:15.870232 (4041572) main____ INFO    ----------------------------------------
2026-03-01 06:59:15.871913 (4041572) lic_core INFO    Initializing license system ...
2026-03-01 06:59:15.894997 (4041572) lic_core INFO    ... license system initialized.
2026-03-01 06:59:15.977931 (4041572) lic__man INFO    Claim 'main' for <ui>.
2026-03-01 06:59:15.978026 (4041572) lic_core INFO    (1) checking out 'jasper_interactive' ...
2026-03-01 06:59:16.004631 (4041572) lic_core INFO    ... (1) checkout succeeded
2026-03-01 06:59:16.004838 (4041572) lic__man INFO    Claim 'fpv' for <ui>.
2026-03-01 06:59:16.004875 (4041572) lic_core INFO    (2) checking out 'jasper_fpv' ...
2026-03-01 06:59:16.009202 (4041572) lic_core INFO    ... (2) checkout failed (error: -5) ("FLEXnet ERROR(-5, 0, 0): No such feature exists.")
2026-03-01 06:59:16.009268 (4041572) lic_core INFO    (3) checking out 'jasper_fao' ...
2026-03-01 06:59:16.024906 (4041572) lic_core INFO    ... (3) checkout succeeded
2026-03-01 06:59:16.026490 (4041572) main____ INFO    Tool inactivity delay is 480000 ms.
2026-03-01 06:59:16.027817 (4041592) stdio___ INFO    Starting STDIN reader (tty: yes, tty name: '/dev/pts/0')
2026-03-01 06:59:16.162820 (4041572) session_ INFO    Starting analysis session with session id 'session_0' (launcher: <local>) ...
2026-03-01 06:59:16.164829 (4041572) session_ INFO    Analysis session with session id 'session_0' started (pid: 4041594)
2026-03-01 06:59:17.435004 (4041572) session_ INFO    Analysis session 'session_0' connected to the console (host: 127.0.0.1:34294)
2026-03-01 06:59:21.768468 (4041572) lic__man INFO    Unclaim everything for 'session_0'.
2026-03-01 06:59:22.047018 (4041572) lic__man INFO    Claim 'fpv' for 'session_0'.
2026-03-01 06:59:22.047066 (4041572) lic__man INFO    Claim 'fpv' for 'session_0/prove-0'.
2026-03-01 06:59:23.867572 (4041572) lic__man INFO    Unclaim everything for 'session_0/prove-0'.
2026-03-01 06:59:23.908065 (4041572) main____ INFO    About to exit: request to exit with status 0 received from analysis session 'session_0'
2026-03-01 06:59:24.192022 (4041572) session_ INFO    Analysis session 'session_0' disconnected.
2026-03-01 06:59:24.192188 (4041572) lic__man INFO    Unclaim everything for 'session_0'.
2026-03-01 06:59:24.192410 (4041572) session_ INFO    Process for analysis session 'session_0' has exited with exit status '0'.
2026-03-01 06:59:25.895435 (4041592) stdio___ INFO    STDIN reader requested to stop.
2026-03-01 06:59:25.895488 (4041592) stdio___ INFO    STDIN reader stopped.
2026-03-01 06:59:25.895846 (4041572) lic_core INFO    (1) checkin jasper_interactive
2026-03-01 06:59:25.899148 (4041572) lic_core INFO    (3) checkin jasper_fao
2026-03-01 06:59:25.900309 (4041572) main____ INFO    Exiting with status 0.
