2026-03-01 05:28:14.576354 (3969888) main____ INFO    ----------------------------------------
2026-03-01 05:28:14.576442 (3969888) main____ INFO    Jasper version info
2026-03-01 05:28:14.576458 (3969888) main____ INFO      tool      : Jasper 2023.12
2026-03-01 05:28:14.576475 (3969888) main____ INFO      version   : 2023.12p001 64 bits
2026-03-01 05:28:14.576488 (3969888) main____ INFO      build date: 2024.01.23 16:09:24 UTC
2026-03-01 05:28:14.576499 (3969888) main____ INFO    ----------------------------------------
2026-03-01 05:28:14.576509 (3969888) main____ INFO    Runtime info:
2026-03-01 05:28:14.576520 (3969888) main____ INFO      platform  : Linux 4.18.0-553.89.1.el8_10.x86_64 x86_64
2026-03-01 05:28:14.576539 (3969888) main____ INFO      hostname  : caddy12.stanford.edu
2026-03-01 05:28:14.576555 (3969888) main____ INFO      pid       : 3969888
2026-03-01 05:28:14.576568 (3969888) main____ INFO      arguments : '-style' 'windows' '-allow_unsupported_OS' '-no_gui' '-fpv' './synthlc/i_LW_out/xPairwiseDepDiv/nunv_anytwo_166_.tcl' '-proj' './synthlc/i_LW_out/xPairwiseDepDiv/nunv_anytwo_166_jgsession_26-03-01-05_28_14'
2026-03-01 05:28:14.576585 (3969888) main____ INFO      locale    : UTF-8
2026-03-01 05:28:14.576595 (3969888) main____ INFO    ----------------------------------------
2026-03-01 05:28:14.576605 (3969888) main____ INFO    System resource limits info:
2026-03-01 05:28:14.576618 (3969888) main____ INFO      virtual memory: unlimited
2026-03-01 05:28:14.576631 (3969888) main____ INFO      cpu time      : unlimited
2026-03-01 05:28:14.576649 (3969888) main____ INFO      processes     : 4096
2026-03-01 05:28:14.576685 (3969888) main____ INFO      stack size    : 8388608 B
2026-03-01 05:28:14.576700 (3969888) main____ INFO      core file size: 0 B
2026-03-01 05:28:14.576713 (3969888) main____ INFO      open files    : 4096
2026-03-01 05:28:14.576725 (3969888) main____ INFO      file size     : unlimited
2026-03-01 05:28:14.576736 (3969888) main____ INFO    ----------------------------------------
2026-03-01 05:28:14.576746 (3969888) main____ INFO    Memory statistics:
2026-03-01 05:28:14.576759 (3969888) main____ INFO      total physical memory  : 98449088 kB
2026-03-01 05:28:14.576771 (3969888) main____ INFO      free physical memory   : 79186820 kB
2026-03-01 05:28:14.576783 (3969888) main____ INFO      committed address space: 16334996 kB
2026-03-01 05:28:14.576803 (3969888) main____ INFO    ----------------------------------------
2026-03-01 05:28:14.577978 (3969888) main____ INFO    Important environment variables:
2026-03-01 05:28:14.578006 (3969888) main____ INFO      CDS_LIC_FILE       : '5280@cadlic0'
2026-03-01 05:28:14.578020 (3969888) main____ INFO      DISPLAY            : 'localhost:12.0'
2026-03-01 05:28:14.578032 (3969888) main____ INFO      JASPER_INSTALL_DIR : '/cad/cadence/jasper_2023.12p001'
2026-03-01 05:28:14.578045 (3969888) main____ INFO      JASPER_KERNEL_CHECK: '1'
2026-03-01 05:28:14.578057 (3969888) main____ INFO      JASPER_OS_CHECK    : '0'
2026-03-01 05:28:14.578069 (3969888) main____ INFO      LANG               : 'zh_TW.UTF-8'
2026-03-01 05:28:14.578080 (3969888) main____ INFO    ----------------------------------------
2026-03-01 05:28:14.580869 (3969888) lic_core INFO    Initializing license system ...
2026-03-01 05:28:14.597920 (3969888) lic_core INFO    ... license system initialized.
2026-03-01 05:28:14.635914 (3969888) lic__man INFO    Claim 'main' for <ui>.
2026-03-01 05:28:14.635987 (3969888) lic_core INFO    (1) checking out 'jasper_interactive' ...
2026-03-01 05:28:14.648221 (3969888) lic_core INFO    ... (1) checkout succeeded
2026-03-01 05:28:14.648316 (3969888) lic__man INFO    Claim 'fpv' for <ui>.
2026-03-01 05:28:14.648344 (3969888) lic_core INFO    (2) checking out 'jasper_fpv' ...
2026-03-01 05:28:14.659188 (3969888) lic_core INFO    ... (2) checkout failed (error: -5) ("FLEXnet ERROR(-5, 0, 0): No such feature exists.")
2026-03-01 05:28:14.659237 (3969888) lic_core INFO    (3) checking out 'jasper_fao' ...
2026-03-01 05:28:14.670312 (3969888) lic_core INFO    ... (3) checkout succeeded
2026-03-01 05:28:14.675522 (3969888) main____ INFO    Tool inactivity delay is 480000 ms.
2026-03-01 05:28:14.677125 (3969908) stdio___ INFO    Starting STDIN reader (tty: yes, tty name: '/dev/pts/0')
2026-03-01 05:28:14.832868 (3969888) session_ INFO    Starting analysis session with session id 'session_0' (launcher: <local>) ...
2026-03-01 05:28:14.834854 (3969888) session_ INFO    Analysis session with session id 'session_0' started (pid: 3969909)
2026-03-01 05:28:16.443369 (3969888) session_ INFO    Analysis session 'session_0' connected to the console (host: 127.0.0.1:60318)
2026-03-01 05:28:21.365654 (3969888) lic__man INFO    Unclaim everything for 'session_0'.
2026-03-01 05:28:21.649187 (3969888) lic__man INFO    Claim 'fpv' for 'session_0'.
2026-03-01 05:28:21.649239 (3969888) lic__man INFO    Claim 'fpv' for 'session_0/prove-0'.
2026-03-01 05:28:45.728041 (3969888) lic__man INFO    Unclaim everything for 'session_0/prove-0'.
2026-03-01 05:28:45.738923 (3969888) main____ INFO    About to exit: request to exit with status 0 received from analysis session 'session_0'
2026-03-01 05:28:46.447625 (3969888) session_ INFO    Analysis session 'session_0' disconnected.
2026-03-01 05:28:46.447804 (3969888) lic__man INFO    Unclaim everything for 'session_0'.
2026-03-01 05:28:46.448446 (3969888) session_ INFO    Process for analysis session 'session_0' has exited with exit status '0'.
2026-03-01 05:28:47.883053 (3969908) stdio___ INFO    STDIN reader requested to stop.
2026-03-01 05:28:47.883120 (3969908) stdio___ INFO    STDIN reader stopped.
2026-03-01 05:28:47.883469 (3969888) lic_core INFO    (1) checkin jasper_interactive
2026-03-01 05:28:47.887503 (3969888) lic_core INFO    (3) checkin jasper_fao
2026-03-01 05:28:47.908929 (3969888) main____ INFO    Exiting with status 0.
