2026-03-01 13:29:43.953914 (123861) main____ INFO    ----------------------------------------
2026-03-01 13:29:43.954000 (123861) main____ INFO    Jasper version info
2026-03-01 13:29:43.954016 (123861) main____ INFO      tool      : Jasper 2023.12
2026-03-01 13:29:43.954032 (123861) main____ INFO      version   : 2023.12p001 64 bits
2026-03-01 13:29:43.954046 (123861) main____ INFO      build date: 2024.01.23 16:09:24 UTC
2026-03-01 13:29:43.954057 (123861) main____ INFO    ----------------------------------------
2026-03-01 13:29:43.954067 (123861) main____ INFO    Runtime info:
2026-03-01 13:29:43.954078 (123861) main____ INFO      platform  : Linux 4.18.0-553.89.1.el8_10.x86_64 x86_64
2026-03-01 13:29:43.954097 (123861) main____ INFO      hostname  : caddy12.stanford.edu
2026-03-01 13:29:43.954112 (123861) main____ INFO      pid       : 123861
2026-03-01 13:29:43.954123 (123861) main____ INFO      arguments : '-style' 'windows' '-allow_unsupported_OS' '-no_gui' '-fpv' './synthlc/i_LW_out/xPerfLocCycleCount/over1cyc_9_div_fsm_s6_.tcl' '-proj' './synthlc/i_LW_out/xPerfLocCycleCount/over1cyc_9_div_fsm_s6_jgsession_26-03-01-13_29_43'
2026-03-01 13:29:43.954141 (123861) main____ INFO      locale    : UTF-8
2026-03-01 13:29:43.954152 (123861) main____ INFO    ----------------------------------------
2026-03-01 13:29:43.954162 (123861) main____ INFO    System resource limits info:
2026-03-01 13:29:43.954175 (123861) main____ INFO      virtual memory: unlimited
2026-03-01 13:29:43.954187 (123861) main____ INFO      cpu time      : unlimited
2026-03-01 13:29:43.954205 (123861) main____ INFO      processes     : 4096
2026-03-01 13:29:43.954225 (123861) main____ INFO      stack size    : 8388608 B
2026-03-01 13:29:43.954239 (123861) main____ INFO      core file size: 0 B
2026-03-01 13:29:43.954253 (123861) main____ INFO      open files    : 4096
2026-03-01 13:29:43.954265 (123861) main____ INFO      file size     : unlimited
2026-03-01 13:29:43.954276 (123861) main____ INFO    ----------------------------------------
2026-03-01 13:29:43.954285 (123861) main____ INFO    Memory statistics:
2026-03-01 13:29:43.954297 (123861) main____ INFO      total physical memory  : 98449088 kB
2026-03-01 13:29:43.954309 (123861) main____ INFO      free physical memory   : 85138512 kB
2026-03-01 13:29:43.954322 (123861) main____ INFO      committed address space: 8651360 kB
2026-03-01 13:29:43.954331 (123861) main____ INFO    ----------------------------------------
2026-03-01 13:29:43.955533 (123861) main____ INFO    Important environment variables:
2026-03-01 13:29:43.955559 (123861) main____ INFO      CDS_LIC_FILE       : '5280@cadlic0'
2026-03-01 13:29:43.955572 (123861) main____ INFO      DISPLAY            : 'localhost:12.0'
2026-03-01 13:29:43.955585 (123861) main____ INFO      JASPER_INSTALL_DIR : '/cad/cadence/jasper_2023.12p001'
2026-03-01 13:29:43.955597 (123861) main____ INFO      JASPER_KERNEL_CHECK: '1'
2026-03-01 13:29:43.955610 (123861) main____ INFO      JASPER_OS_CHECK    : '0'
2026-03-01 13:29:43.955622 (123861) main____ INFO      LANG               : 'zh_TW.UTF-8'
2026-03-01 13:29:43.955632 (123861) main____ INFO    ----------------------------------------
2026-03-01 13:29:43.957803 (123861) lic_core INFO    Initializing license system ...
2026-03-01 13:29:43.987602 (123861) lic_core INFO    ... license system initialized.
2026-03-01 13:29:44.098592 (123861) lic__man INFO    Claim 'main' for <ui>.
2026-03-01 13:29:44.098660 (123861) lic_core INFO    (1) checking out 'jasper_interactive' ...
2026-03-01 13:29:44.112696 (123861) lic_core INFO    ... (1) checkout succeeded
2026-03-01 13:29:44.112804 (123861) lic__man INFO    Claim 'fpv' for <ui>.
2026-03-01 13:29:44.112833 (123861) lic_core INFO    (2) checking out 'jasper_fpv' ...
2026-03-01 13:29:44.129066 (123861) lic_core INFO    ... (2) checkout failed (error: -5) ("FLEXnet ERROR(-5, 0, 0): No such feature exists.")
2026-03-01 13:29:44.129125 (123861) lic_core INFO    (3) checking out 'jasper_fao' ...
2026-03-01 13:29:44.141230 (123861) lic_core INFO    ... (3) checkout succeeded
2026-03-01 13:29:44.143096 (123861) main____ INFO    Tool inactivity delay is 480000 ms.
2026-03-01 13:29:44.151920 (123883) stdio___ INFO    Starting STDIN reader (tty: yes, tty name: '/dev/pts/0')
2026-03-01 13:29:44.225030 (123861) session_ INFO    Starting analysis session with session id 'session_0' (launcher: <local>) ...
2026-03-01 13:29:44.227002 (123861) session_ INFO    Analysis session with session id 'session_0' started (pid: 123886)
2026-03-01 13:29:45.773032 (123861) session_ INFO    Analysis session 'session_0' connected to the console (host: 127.0.0.1:33728)
2026-03-01 13:29:52.110897 (123861) lic__man INFO    Unclaim everything for 'session_0'.
2026-03-01 13:29:52.385561 (123861) lic__man INFO    Claim 'fpv' for 'session_0'.
2026-03-01 13:29:52.385605 (123861) lic__man INFO    Claim 'fpv' for 'session_0/prove-0'.
2026-03-01 13:33:27.291011 (123861) lic__man INFO    Unclaim everything for 'session_0/prove-0'.
2026-03-01 13:33:27.332967 (123861) main____ INFO    About to exit: request to exit with status 0 received from analysis session 'session_0'
2026-03-01 13:33:27.717863 (123861) session_ INFO    Analysis session 'session_0' disconnected.
2026-03-01 13:33:27.718008 (123861) lic__man INFO    Unclaim everything for 'session_0'.
2026-03-01 13:33:27.729881 (123861) session_ INFO    Process for analysis session 'session_0' has exited with exit status '0'.
2026-03-01 13:33:29.409864 (123883) stdio___ INFO    STDIN reader requested to stop.
2026-03-01 13:33:29.409957 (123883) stdio___ INFO    STDIN reader stopped.
2026-03-01 13:33:29.420911 (123861) lic_core INFO    (1) checkin jasper_interactive
2026-03-01 13:33:29.437485 (123861) lic_core INFO    (3) checkin jasper_fao
2026-03-01 13:33:29.469722 (123861) main____ INFO    Exiting with status 0.
