2026-03-02 02:20:21.548003 (498969) main____ INFO    ----------------------------------------
2026-03-02 02:20:21.548068 (498969) main____ INFO    Jasper version info
2026-03-02 02:20:21.548094 (498969) main____ INFO      tool      : Jasper 2023.12
2026-03-02 02:20:21.548109 (498969) main____ INFO      version   : 2023.12p001 64 bits
2026-03-02 02:20:21.548122 (498969) main____ INFO      build date: 2024.01.23 16:09:24 UTC
2026-03-02 02:20:21.548133 (498969) main____ INFO    ----------------------------------------
2026-03-02 02:20:21.548143 (498969) main____ INFO    Runtime info:
2026-03-02 02:20:21.548154 (498969) main____ INFO      platform  : Linux 4.18.0-553.89.1.el8_10.x86_64 x86_64
2026-03-02 02:20:21.548171 (498969) main____ INFO      hostname  : caddy12.stanford.edu
2026-03-02 02:20:21.548187 (498969) main____ INFO      pid       : 498969
2026-03-02 02:20:21.548198 (498969) main____ INFO      arguments : '-style' 'windows' '-allow_unsupported_OS' '-no_gui' '-fpv' './synthlc/i_MUL_out/xEnumCycleCnt/div_fsm_s10_.tcl' '-proj' './synthlc/i_MUL_out/xEnumCycleCnt/div_fsm_s10_jgsession_26-03-02-02_20_21'
2026-03-02 02:20:21.548214 (498969) main____ INFO      locale    : UTF-8
2026-03-02 02:20:21.548225 (498969) main____ INFO    ----------------------------------------
2026-03-02 02:20:21.548234 (498969) main____ INFO    System resource limits info:
2026-03-02 02:20:21.548247 (498969) main____ INFO      virtual memory: unlimited
2026-03-02 02:20:21.548259 (498969) main____ INFO      cpu time      : unlimited
2026-03-02 02:20:21.548276 (498969) main____ INFO      processes     : 4096
2026-03-02 02:20:21.548295 (498969) main____ INFO      stack size    : 8388608 B
2026-03-02 02:20:21.548309 (498969) main____ INFO      core file size: 0 B
2026-03-02 02:20:21.548323 (498969) main____ INFO      open files    : 4096
2026-03-02 02:20:21.548335 (498969) main____ INFO      file size     : unlimited
2026-03-02 02:20:21.548346 (498969) main____ INFO    ----------------------------------------
2026-03-02 02:20:21.548356 (498969) main____ INFO    Memory statistics:
2026-03-02 02:20:21.548368 (498969) main____ INFO      total physical memory  : 98449088 kB
2026-03-02 02:20:21.548380 (498969) main____ INFO      free physical memory   : 87753060 kB
2026-03-02 02:20:21.548392 (498969) main____ INFO      committed address space: 6624592 kB
2026-03-02 02:20:21.548403 (498969) main____ INFO    ----------------------------------------
2026-03-02 02:20:21.549543 (498969) main____ INFO    Important environment variables:
2026-03-02 02:20:21.549565 (498969) main____ INFO      CDS_LIC_FILE       : '5280@cadlic0'
2026-03-02 02:20:21.549578 (498969) main____ INFO      DISPLAY            : 'localhost:12.0'
2026-03-02 02:20:21.549591 (498969) main____ INFO      JASPER_INSTALL_DIR : '/cad/cadence/jasper_2023.12p001'
2026-03-02 02:20:21.549603 (498969) main____ INFO      JASPER_KERNEL_CHECK: '1'
2026-03-02 02:20:21.549616 (498969) main____ INFO      JASPER_OS_CHECK    : '0'
2026-03-02 02:20:21.549628 (498969) main____ INFO      LANG               : 'zh_TW.UTF-8'
2026-03-02 02:20:21.549638 (498969) main____ INFO    ----------------------------------------
2026-03-02 02:20:21.550756 (498969) lic_core INFO    Initializing license system ...
2026-03-02 02:20:21.552114 (498969) lic_core INFO    ... license system initialized.
2026-03-02 02:20:21.567887 (498969) lic__man INFO    Claim 'main' for <ui>.
2026-03-02 02:20:21.567927 (498969) lic_core INFO    (1) checking out 'jasper_interactive' ...
2026-03-02 02:20:21.579575 (498969) lic_core INFO    ... (1) checkout succeeded
2026-03-02 02:20:21.579628 (498969) lic__man INFO    Claim 'fpv' for <ui>.
2026-03-02 02:20:21.579650 (498969) lic_core INFO    (2) checking out 'jasper_fpv' ...
2026-03-02 02:20:21.583353 (498969) lic_core INFO    ... (2) checkout failed (error: -5) ("FLEXnet ERROR(-5, 0, 0): No such feature exists.")
2026-03-02 02:20:21.583387 (498969) lic_core INFO    (3) checking out 'jasper_fao' ...
2026-03-02 02:20:21.594152 (498969) lic_core INFO    ... (3) checkout succeeded
2026-03-02 02:20:21.594941 (499005) stdio___ INFO    Starting STDIN reader (tty: yes, tty name: '/dev/pts/0')
2026-03-02 02:20:21.595614 (498969) main____ INFO    Tool inactivity delay is 480000 ms.
2026-03-02 02:20:21.636963 (498969) session_ INFO    Starting analysis session with session id 'session_0' (launcher: <local>) ...
2026-03-02 02:20:21.638652 (498969) session_ INFO    Analysis session with session id 'session_0' started (pid: 499008)
2026-03-02 02:20:22.782191 (498969) session_ INFO    Analysis session 'session_0' connected to the console (host: 127.0.0.1:38302)
2026-03-02 02:20:25.817314 (498969) lic__man INFO    Unclaim everything for 'session_0'.
2026-03-02 02:20:26.022739 (498969) lic__man INFO    Claim 'fpv' for 'session_0'.
2026-03-02 02:20:26.022780 (498969) lic__man INFO    Claim 'fpv' for 'session_0/prove-0'.
2026-03-02 02:20:27.770848 (498969) lic__man INFO    Unclaim everything for 'session_0/prove-0'.
2026-03-02 02:20:27.780559 (498969) lic__man INFO    Claim 'fpv' for 'session_0'.
2026-03-02 02:20:27.780602 (498969) lic__man INFO    Claim 'fpv' for 'session_0/prove-1'.
2026-03-02 02:20:29.666088 (498969) lic__man INFO    Unclaim everything for 'session_0/prove-1'.
2026-03-02 02:20:29.675551 (498969) lic__man INFO    Claim 'fpv' for 'session_0'.
2026-03-02 02:20:29.675596 (498969) lic__man INFO    Claim 'fpv' for 'session_0/prove-2'.
2026-03-02 02:20:31.603752 (498969) lic__man INFO    Unclaim everything for 'session_0/prove-2'.
2026-03-02 02:20:31.622377 (498969) lic__man INFO    Claim 'fpv' for 'session_0'.
2026-03-02 02:20:31.622432 (498969) lic__man INFO    Claim 'fpv' for 'session_0/prove-3'.
2026-03-02 02:20:33.688576 (498969) lic__man INFO    Unclaim everything for 'session_0/prove-3'.
2026-03-02 02:20:33.693703 (498969) lic__man INFO    Claim 'fpv' for 'session_0'.
2026-03-02 02:20:33.693742 (498969) lic__man INFO    Claim 'fpv' for 'session_0/prove-4'.
2026-03-02 02:20:35.384919 (498969) lic__man INFO    Unclaim everything for 'session_0/prove-4'.
2026-03-02 02:20:35.394899 (498969) lic__man INFO    Claim 'fpv' for 'session_0'.
2026-03-02 02:20:35.394938 (498969) lic__man INFO    Claim 'fpv' for 'session_0/prove-5'.
2026-03-02 02:20:38.007806 (498969) lic__man INFO    Unclaim everything for 'session_0/prove-5'.
2026-03-02 02:20:38.016134 (498969) lic__man INFO    Claim 'fpv' for 'session_0'.
2026-03-02 02:20:38.016184 (498969) lic__man INFO    Claim 'fpv' for 'session_0/prove-6'.
2026-03-02 02:20:41.129819 (498969) lic__man INFO    Unclaim everything for 'session_0/prove-6'.
2026-03-02 02:20:41.141462 (498969) lic__man INFO    Claim 'fpv' for 'session_0'.
2026-03-02 02:20:41.141517 (498969) lic__man INFO    Claim 'fpv' for 'session_0/prove-7'.
2026-03-02 02:20:43.997981 (498969) lic__man INFO    Unclaim everything for 'session_0/prove-7'.
2026-03-02 02:20:44.005303 (498969) lic__man INFO    Claim 'fpv' for 'session_0'.
2026-03-02 02:20:44.005359 (498969) lic__man INFO    Claim 'fpv' for 'session_0/prove-8'.
2026-03-02 02:20:47.935528 (498969) lic__man INFO    Unclaim everything for 'session_0/prove-8'.
2026-03-02 02:20:47.948045 (498969) lic__man INFO    Claim 'fpv' for 'session_0'.
2026-03-02 02:20:47.948112 (498969) lic__man INFO    Claim 'fpv' for 'session_0/prove-9'.
2026-03-02 02:20:51.026992 (498969) lic__man INFO    Unclaim everything for 'session_0/prove-9'.
2026-03-02 02:20:51.039200 (498969) lic__man INFO    Claim 'fpv' for 'session_0'.
2026-03-02 02:20:51.039256 (498969) lic__man INFO    Claim 'fpv' for 'session_0/prove-10'.
2026-03-02 02:20:54.703235 (498969) lic__man INFO    Unclaim everything for 'session_0/prove-10'.
2026-03-02 02:20:54.714605 (498969) lic__man INFO    Claim 'fpv' for 'session_0'.
2026-03-02 02:20:54.714646 (498969) lic__man INFO    Claim 'fpv' for 'session_0/prove-11'.
2026-03-02 02:20:58.989936 (498969) lic__man INFO    Unclaim everything for 'session_0/prove-11'.
2026-03-02 02:20:59.003905 (498969) lic__man INFO    Claim 'fpv' for 'session_0'.
2026-03-02 02:20:59.003959 (498969) lic__man INFO    Claim 'fpv' for 'session_0/prove-12'.
2026-03-02 02:21:03.106855 (498969) lic__man INFO    Unclaim everything for 'session_0/prove-12'.
2026-03-02 02:21:03.117837 (498969) lic__man INFO    Claim 'fpv' for 'session_0'.
2026-03-02 02:21:03.117897 (498969) lic__man INFO    Claim 'fpv' for 'session_0/prove-13'.
2026-03-02 02:21:07.955939 (498969) lic__man INFO    Unclaim everything for 'session_0/prove-13'.
2026-03-02 02:21:07.956471 (498969) lic__man INFO    Claim 'fpv' for 'session_0'.
2026-03-02 02:21:07.957654 (498969) lic__man INFO    Claim 'fpv' for 'session_0/prove-14'.
2026-03-02 02:21:13.333941 (498969) lic__man INFO    Unclaim everything for 'session_0/prove-14'.
2026-03-02 02:21:13.334487 (498969) lic__man INFO    Claim 'fpv' for 'session_0'.
2026-03-02 02:21:13.335394 (498969) lic__man INFO    Claim 'fpv' for 'session_0/prove-15'.
2026-03-02 02:21:17.379064 (498969) lic__man INFO    Unclaim everything for 'session_0/prove-15'.
2026-03-02 02:21:17.394568 (498969) lic__man INFO    Claim 'fpv' for 'session_0'.
2026-03-02 02:21:17.394631 (498969) lic__man INFO    Claim 'fpv' for 'session_0/prove-16'.
2026-03-02 02:21:22.324967 (498969) lic__man INFO    Unclaim everything for 'session_0/prove-16'.
2026-03-02 02:21:22.325486 (498969) lic__man INFO    Claim 'fpv' for 'session_0'.
2026-03-02 02:21:22.326466 (498969) lic__man INFO    Claim 'fpv' for 'session_0/prove-17'.
2026-03-02 02:21:28.036617 (498969) lic__man INFO    Unclaim everything for 'session_0/prove-17'.
2026-03-02 02:21:28.058538 (498969) lic__man INFO    Claim 'fpv' for 'session_0'.
2026-03-02 02:21:28.058592 (498969) lic__man INFO    Claim 'fpv' for 'session_0/prove-18'.
2026-03-02 02:21:33.016973 (498969) lic__man INFO    Unclaim everything for 'session_0/prove-18'.
2026-03-02 02:21:33.032169 (498969) lic__man INFO    Claim 'fpv' for 'session_0'.
2026-03-02 02:21:33.032230 (498969) lic__man INFO    Claim 'fpv' for 'session_0/prove-19'.
2026-03-02 02:21:37.880979 (498969) lic__man INFO    Unclaim everything for 'session_0/prove-19'.
2026-03-02 02:21:37.896340 (498969) lic__man INFO    Claim 'fpv' for 'session_0'.
2026-03-02 02:21:37.896404 (498969) lic__man INFO    Claim 'fpv' for 'session_0/prove-20'.
2026-03-02 02:21:43.799935 (498969) lic__man INFO    Unclaim everything for 'session_0/prove-20'.
2026-03-02 02:21:43.800441 (498969) lic__man INFO    Claim 'fpv' for 'session_0'.
2026-03-02 02:21:43.801402 (498969) lic__man INFO    Claim 'fpv' for 'session_0/prove-21'.
2026-03-02 02:21:49.854967 (498969) lic__man INFO    Unclaim everything for 'session_0/prove-21'.
2026-03-02 02:21:49.871385 (498969) lic__man INFO    Claim 'fpv' for 'session_0'.
2026-03-02 02:21:49.871433 (498969) lic__man INFO    Claim 'fpv' for 'session_0/prove-22'.
2026-03-02 02:21:55.877956 (498969) lic__man INFO    Unclaim everything for 'session_0/prove-22'.
2026-03-02 02:21:55.878497 (498969) lic__man INFO    Claim 'fpv' for 'session_0'.
2026-03-02 02:21:55.879524 (498969) lic__man INFO    Claim 'fpv' for 'session_0/prove-23'.
2026-03-02 02:22:01.465071 (498969) lic__man INFO    Unclaim everything for 'session_0/prove-23'.
2026-03-02 02:22:01.465576 (498969) lic__man INFO    Claim 'fpv' for 'session_0'.
2026-03-02 02:22:01.465603 (498969) lic__man INFO    Claim 'fpv' for 'session_0/prove-24'.
2026-03-02 02:22:06.405903 (498969) lic__man INFO    Unclaim everything for 'session_0/prove-24'.
2026-03-02 02:22:06.406419 (498969) lic__man INFO    Claim 'fpv' for 'session_0'.
2026-03-02 02:22:06.407263 (498969) lic__man INFO    Claim 'fpv' for 'session_0/prove-25'.
2026-03-02 02:22:12.876439 (498969) lic__man INFO    Unclaim everything for 'session_0/prove-25'.
2026-03-02 02:22:12.892733 (498969) lic__man INFO    Claim 'fpv' for 'session_0'.
2026-03-02 02:22:12.892790 (498969) lic__man INFO    Claim 'fpv' for 'session_0/prove-26'.
2026-03-02 02:22:20.535934 (498969) lic__man INFO    Unclaim everything for 'session_0/prove-26'.
2026-03-02 02:22:20.536436 (498969) lic__man INFO    Claim 'fpv' for 'session_0'.
2026-03-02 02:22:20.537473 (498969) lic__man INFO    Claim 'fpv' for 'session_0/prove-27'.
2026-03-02 02:22:27.023940 (498969) lic__man INFO    Unclaim everything for 'session_0/prove-27'.
2026-03-02 02:22:27.024489 (498969) lic__man INFO    Claim 'fpv' for 'session_0'.
2026-03-02 02:22:27.024516 (498969) lic__man INFO    Claim 'fpv' for 'session_0/prove-28'.
2026-03-02 02:22:34.924068 (498969) lic__man INFO    Unclaim everything for 'session_0/prove-28'.
2026-03-02 02:22:34.924570 (498969) lic__man INFO    Claim 'fpv' for 'session_0'.
2026-03-02 02:22:34.925408 (498969) lic__man INFO    Claim 'fpv' for 'session_0/prove-29'.
2026-03-02 02:22:41.828533 (498969) lic__man INFO    Unclaim everything for 'session_0/prove-29'.
2026-03-02 02:22:41.847679 (498969) lic__man INFO    Claim 'fpv' for 'session_0'.
2026-03-02 02:22:41.847731 (498969) lic__man INFO    Claim 'fpv' for 'session_0/prove-30'.
2026-03-02 02:22:49.865019 (498969) lic__man INFO    Unclaim everything for 'session_0/prove-30'.
2026-03-02 02:22:49.884098 (498969) lic__man INFO    Claim 'fpv' for 'session_0'.
2026-03-02 02:22:49.884154 (498969) lic__man INFO    Claim 'fpv' for 'session_0/prove-31'.
2026-03-02 02:22:57.391803 (498969) lic__man INFO    Unclaim everything for 'session_0/prove-31'.
2026-03-02 02:22:57.412577 (498969) lic__man INFO    Claim 'fpv' for 'session_0'.
2026-03-02 02:22:57.412635 (498969) lic__man INFO    Claim 'fpv' for 'session_0/prove-32'.
2026-03-02 02:23:03.561016 (498969) lic__man INFO    Unclaim everything for 'session_0/prove-32'.
2026-03-02 02:23:03.581871 (498969) lic__man INFO    Claim 'fpv' for 'session_0'.
2026-03-02 02:23:03.581936 (498969) lic__man INFO    Claim 'fpv' for 'session_0/prove-33'.
2026-03-02 02:23:10.587917 (498969) lic__man INFO    Unclaim everything for 'session_0/prove-33'.
2026-03-02 02:23:10.588445 (498969) lic__man INFO    Claim 'fpv' for 'session_0'.
2026-03-02 02:23:10.589280 (498969) lic__man INFO    Claim 'fpv' for 'session_0/prove-34'.
2026-03-02 02:23:16.270955 (498969) lic__man INFO    Unclaim everything for 'session_0/prove-34'.
2026-03-02 02:23:16.312129 (498969) lic__man INFO    Claim 'fpv' for 'session_0'.
2026-03-02 02:23:16.312199 (498969) lic__man INFO    Claim 'fpv' for 'session_0/prove-35'.
2026-03-02 02:23:22.706733 (498969) lic__man INFO    Unclaim everything for 'session_0/prove-35'.
2026-03-02 02:23:22.721380 (498969) lic__man INFO    Claim 'fpv' for 'session_0'.
2026-03-02 02:23:22.721423 (498969) lic__man INFO    Claim 'fpv' for 'session_0/prove-36'.
2026-03-02 02:23:29.286873 (498969) lic__man INFO    Unclaim everything for 'session_0/prove-36'.
2026-03-02 02:23:29.309450 (498969) lic__man INFO    Claim 'fpv' for 'session_0'.
2026-03-02 02:23:29.309500 (498969) lic__man INFO    Claim 'fpv' for 'session_0/prove-37'.
2026-03-02 02:23:36.440515 (498969) lic__man INFO    Unclaim everything for 'session_0/prove-37'.
2026-03-02 02:23:36.464066 (498969) lic__man INFO    Claim 'fpv' for 'session_0'.
2026-03-02 02:23:36.464132 (498969) lic__man INFO    Claim 'fpv' for 'session_0/prove-38'.
2026-03-02 02:23:46.065634 (498969) lic__man INFO    Unclaim everything for 'session_0/prove-38'.
2026-03-02 02:23:46.089496 (498969) lic__man INFO    Claim 'fpv' for 'session_0'.
2026-03-02 02:23:46.089562 (498969) lic__man INFO    Claim 'fpv' for 'session_0/prove-39'.
2026-03-02 02:23:54.184983 (498969) lic__man INFO    Unclaim everything for 'session_0/prove-39'.
2026-03-02 02:23:54.185553 (498969) lic__man INFO    Claim 'fpv' for 'session_0'.
2026-03-02 02:23:54.186491 (498969) lic__man INFO    Claim 'fpv' for 'session_0/prove-40'.
2026-03-02 02:24:04.988222 (498969) lic__man INFO    Unclaim everything for 'session_0/prove-40'.
2026-03-02 02:24:05.014262 (498969) lic__man INFO    Claim 'fpv' for 'session_0'.
2026-03-02 02:24:05.014312 (498969) lic__man INFO    Claim 'fpv' for 'session_0/prove-41'.
2026-03-02 02:24:12.628952 (498969) lic__man INFO    Unclaim everything for 'session_0/prove-41'.
2026-03-02 02:24:12.629450 (498969) lic__man INFO    Claim 'fpv' for 'session_0'.
2026-03-02 02:24:12.629477 (498969) lic__man INFO    Claim 'fpv' for 'session_0/prove-42'.
2026-03-02 02:24:22.906592 (498969) lic__man INFO    Unclaim everything for 'session_0/prove-42'.
2026-03-02 02:24:22.933813 (498969) lic__man INFO    Claim 'fpv' for 'session_0'.
2026-03-02 02:24:22.933870 (498969) lic__man INFO    Claim 'fpv' for 'session_0/prove-43'.
2026-03-02 02:24:31.943898 (498969) lic__man INFO    Unclaim everything for 'session_0/prove-43'.
2026-03-02 02:24:31.969848 (498969) lic__man INFO    Claim 'fpv' for 'session_0'.
2026-03-02 02:24:31.969907 (498969) lic__man INFO    Claim 'fpv' for 'session_0/prove-44'.
2026-03-02 02:24:42.053556 (498969) lic__man INFO    Unclaim everything for 'session_0/prove-44'.
2026-03-02 02:24:42.079420 (498969) lic__man INFO    Claim 'fpv' for 'session_0'.
2026-03-02 02:24:42.079479 (498969) lic__man INFO    Claim 'fpv' for 'session_0/prove-45'.
2026-03-02 02:24:50.693733 (498969) lic__man INFO    Unclaim everything for 'session_0/prove-45'.
2026-03-02 02:24:50.721541 (498969) lic__man INFO    Claim 'fpv' for 'session_0'.
2026-03-02 02:24:50.721591 (498969) lic__man INFO    Claim 'fpv' for 'session_0/prove-46'.
2026-03-02 02:24:57.685906 (498969) lic__man INFO    Unclaim everything for 'session_0/prove-46'.
2026-03-02 02:24:57.714448 (498969) lic__man INFO    Claim 'fpv' for 'session_0'.
2026-03-02 02:24:57.714502 (498969) lic__man INFO    Claim 'fpv' for 'session_0/prove-47'.
2026-03-02 02:25:06.670423 (498969) lic__man INFO    Unclaim everything for 'session_0/prove-47'.
2026-03-02 02:25:06.696968 (498969) lic__man INFO    Claim 'fpv' for 'session_0'.
2026-03-02 02:25:06.697021 (498969) lic__man INFO    Claim 'fpv' for 'session_0/prove-48'.
2026-03-02 02:25:15.525196 (498969) lic__man INFO    Unclaim everything for 'session_0/prove-48'.
2026-03-02 02:25:15.552904 (498969) lic__man INFO    Claim 'fpv' for 'session_0'.
2026-03-02 02:25:15.552959 (498969) lic__man INFO    Claim 'fpv' for 'session_0/prove-49'.
2026-03-02 02:25:27.245361 (498969) lic__man INFO    Unclaim everything for 'session_0/prove-49'.
2026-03-02 02:25:27.276207 (498969) lic__man INFO    Claim 'fpv' for 'session_0'.
2026-03-02 02:25:27.276250 (498969) lic__man INFO    Claim 'fpv' for 'session_0/prove-50'.
2026-03-02 02:25:51.046654 (498969) lic__man INFO    Unclaim everything for 'session_0/prove-50'.
2026-03-02 02:25:51.077532 (498969) lic__man INFO    Claim 'fpv' for 'session_0'.
2026-03-02 02:25:51.077599 (498969) lic__man INFO    Claim 'fpv' for 'session_0/prove-51'.
2026-03-02 02:26:04.413369 (498969) lic__man INFO    Unclaim everything for 'session_0/prove-51'.
2026-03-02 02:26:04.443437 (498969) lic__man INFO    Claim 'fpv' for 'session_0'.
2026-03-02 02:26:04.443488 (498969) lic__man INFO    Claim 'fpv' for 'session_0/prove-52'.
2026-03-02 02:26:15.075321 (498969) lic__man INFO    Unclaim everything for 'session_0/prove-52'.
2026-03-02 02:26:15.103702 (498969) lic__man INFO    Claim 'fpv' for 'session_0'.
2026-03-02 02:26:15.103758 (498969) lic__man INFO    Claim 'fpv' for 'session_0/prove-53'.
2026-03-02 02:26:38.839170 (498969) lic__man INFO    Unclaim everything for 'session_0/prove-53'.
2026-03-02 02:26:38.889693 (498969) lic__man INFO    Claim 'fpv' for 'session_0'.
2026-03-02 02:26:38.889744 (498969) lic__man INFO    Claim 'fpv' for 'session_0/prove-54'.
2026-03-02 02:26:48.385129 (498969) lic__man INFO    Unclaim everything for 'session_0/prove-54'.
2026-03-02 02:26:48.413694 (498969) lic__man INFO    Claim 'fpv' for 'session_0'.
2026-03-02 02:26:48.413748 (498969) lic__man INFO    Claim 'fpv' for 'session_0/prove-55'.
2026-03-02 02:27:04.592960 (498969) lic__man INFO    Unclaim everything for 'session_0/prove-55'.
2026-03-02 02:27:04.623186 (498969) lic__man INFO    Claim 'fpv' for 'session_0'.
2026-03-02 02:27:04.623253 (498969) lic__man INFO    Claim 'fpv' for 'session_0/prove-56'.
2026-03-02 02:27:19.869463 (498969) lic__man INFO    Unclaim everything for 'session_0/prove-56'.
2026-03-02 02:27:19.902284 (498969) lic__man INFO    Claim 'fpv' for 'session_0'.
2026-03-02 02:27:19.902351 (498969) lic__man INFO    Claim 'fpv' for 'session_0/prove-57'.
2026-03-02 02:27:30.375731 (498969) lic__man INFO    Unclaim everything for 'session_0/prove-57'.
2026-03-02 02:27:30.407835 (498969) lic__man INFO    Claim 'fpv' for 'session_0'.
2026-03-02 02:27:30.407897 (498969) lic__man INFO    Claim 'fpv' for 'session_0/prove-58'.
2026-03-02 02:27:43.753522 (498969) lic__man INFO    Unclaim everything for 'session_0/prove-58'.
2026-03-02 02:27:43.783357 (498969) lic__man INFO    Claim 'fpv' for 'session_0'.
2026-03-02 02:27:43.783416 (498969) lic__man INFO    Claim 'fpv' for 'session_0/prove-59'.
2026-03-02 02:27:56.291994 (498969) lic__man INFO    Unclaim everything for 'session_0/prove-59'.
2026-03-02 02:27:56.322528 (498969) lic__man INFO    Claim 'fpv' for 'session_0'.
2026-03-02 02:27:56.322590 (498969) lic__man INFO    Claim 'fpv' for 'session_0/prove-60'.
2026-03-02 02:28:05.503364 (498969) lic__man INFO    Unclaim everything for 'session_0/prove-60'.
2026-03-02 02:28:05.535945 (498969) lic__man INFO    Claim 'fpv' for 'session_0'.
2026-03-02 02:28:05.535997 (498969) lic__man INFO    Claim 'fpv' for 'session_0/prove-61'.
2026-03-02 02:28:26.175067 (498969) lic__man INFO    Unclaim everything for 'session_0/prove-61'.
2026-03-02 02:28:26.175624 (498969) lic__man INFO    Claim 'fpv' for 'session_0'.
2026-03-02 02:28:26.175652 (498969) lic__man INFO    Claim 'fpv' for 'session_0/prove-62'.
2026-03-02 02:29:06.313774 (498969) lic__man INFO    Unclaim everything for 'session_0/prove-62'.
2026-03-02 02:29:06.350007 (498969) lic__man INFO    Claim 'fpv' for 'session_0'.
2026-03-02 02:29:06.350070 (498969) lic__man INFO    Claim 'fpv' for 'session_0/prove-63'.
2026-03-02 02:29:16.482472 (498969) lic__man INFO    Unclaim everything for 'session_0/prove-63'.
2026-03-02 02:29:16.515984 (498969) lic__man INFO    Claim 'fpv' for 'session_0'.
2026-03-02 02:29:16.516040 (498969) lic__man INFO    Claim 'fpv' for 'session_0/prove-64'.
2026-03-02 02:29:38.886852 (498969) lic__man INFO    Unclaim everything for 'session_0/prove-64'.
2026-03-02 02:29:38.920334 (498969) lic__man INFO    Claim 'fpv' for 'session_0'.
2026-03-02 02:29:38.920393 (498969) lic__man INFO    Claim 'fpv' for 'session_0/prove-65'.
2026-03-02 02:29:54.630629 (498969) lic__man INFO    Unclaim everything for 'session_0/prove-65'.
2026-03-02 02:29:54.662718 (498969) lic__man INFO    Claim 'fpv' for 'session_0'.
2026-03-02 02:29:54.662789 (498969) lic__man INFO    Claim 'fpv' for 'session_0/prove-66'.
2026-03-02 02:30:07.282948 (498969) lic__man INFO    Unclaim everything for 'session_0/prove-66'.
2026-03-02 02:30:07.314619 (498969) lic__man INFO    Claim 'fpv' for 'session_0'.
2026-03-02 02:30:07.314692 (498969) lic__man INFO    Claim 'fpv' for 'session_0/prove-67'.
2026-03-02 02:30:27.658800 (498969) lic__man INFO    Unclaim everything for 'session_0/prove-67'.
2026-03-02 02:30:27.694902 (498969) lic__man INFO    Claim 'fpv' for 'session_0'.
2026-03-02 02:30:27.694960 (498969) lic__man INFO    Claim 'fpv' for 'session_0/prove-68'.
2026-03-02 02:30:42.848939 (498969) lic__man INFO    Unclaim everything for 'session_0/prove-68'.
2026-03-02 02:30:42.882255 (498969) lic__man INFO    Claim 'fpv' for 'session_0'.
2026-03-02 02:30:42.882314 (498969) lic__man INFO    Claim 'fpv' for 'session_0/prove-69'.
2026-03-02 02:30:54.012094 (498969) lic__man INFO    Unclaim everything for 'session_0/prove-69'.
2026-03-02 02:30:54.062901 (498969) main____ INFO    About to exit: request to exit with status 0 received from analysis session 'session_0'
2026-03-02 02:30:54.244158 (498969) session_ INFO    Analysis session 'session_0' disconnected.
2026-03-02 02:30:54.244354 (498969) lic__man INFO    Unclaim everything for 'session_0'.
2026-03-02 02:30:54.247476 (498969) session_ INFO    Process for analysis session 'session_0' has exited with exit status '0'.
2026-03-02 02:30:55.976100 (499005) stdio___ INFO    STDIN reader requested to stop.
2026-03-02 02:30:55.976168 (499005) stdio___ INFO    STDIN reader stopped.
2026-03-02 02:30:55.976453 (498969) lic_core INFO    (1) checkin jasper_interactive
2026-03-02 02:30:55.978323 (498969) lic_core INFO    (3) checkin jasper_fao
2026-03-02 02:30:55.980026 (498969) main____ INFO    Exiting with status 0.
