2026-02-28 22:49:38.793005 (3749609) main____ INFO    ----------------------------------------
2026-02-28 22:49:38.793074 (3749609) main____ INFO    Jasper version info
2026-02-28 22:49:38.793090 (3749609) main____ INFO      tool      : Jasper 2023.12
2026-02-28 22:49:38.793105 (3749609) main____ INFO      version   : 2023.12p001 64 bits
2026-02-28 22:49:38.793118 (3749609) main____ INFO      build date: 2024.01.23 16:09:24 UTC
2026-02-28 22:49:38.793129 (3749609) main____ INFO    ----------------------------------------
2026-02-28 22:49:38.793139 (3749609) main____ INFO    Runtime info:
2026-02-28 22:49:38.793150 (3749609) main____ INFO      platform  : Linux 4.18.0-553.89.1.el8_10.x86_64 x86_64
2026-02-28 22:49:38.793166 (3749609) main____ INFO      hostname  : caddy12.stanford.edu
2026-02-28 22:49:38.793181 (3749609) main____ INFO      pid       : 3749609
2026-02-28 22:49:38.793192 (3749609) main____ INFO      arguments : '-style' 'windows' '-allow_unsupported_OS' '-no_gui' '-fpv' './synthlc/i_ADDI_out/xPairwiseDepDiv/exclusive_44_.tcl' '-proj' './synthlc/i_ADDI_out/xPairwiseDepDiv/exclusive_44_jgsession_26-02-28-22_49_38'
2026-02-28 22:49:38.793207 (3749609) main____ INFO      locale    : UTF-8
2026-02-28 22:49:38.793217 (3749609) main____ INFO    ----------------------------------------
2026-02-28 22:49:38.793227 (3749609) main____ INFO    System resource limits info:
2026-02-28 22:49:38.793240 (3749609) main____ INFO      virtual memory: unlimited
2026-02-28 22:49:38.793252 (3749609) main____ INFO      cpu time      : unlimited
2026-02-28 22:49:38.793269 (3749609) main____ INFO      processes     : 4096
2026-02-28 22:49:38.793288 (3749609) main____ INFO      stack size    : 8388608 B
2026-02-28 22:49:38.802409 (3749609) main____ INFO      core file size: 0 B
2026-02-28 22:49:38.802447 (3749609) main____ INFO      open files    : 4096
2026-02-28 22:49:38.802481 (3749609) main____ INFO      file size     : unlimited
2026-02-28 22:49:38.802510 (3749609) main____ INFO    ----------------------------------------
2026-02-28 22:49:38.802536 (3749609) main____ INFO    Memory statistics:
2026-02-28 22:49:38.802567 (3749609) main____ INFO      total physical memory  : 98449088 kB
2026-02-28 22:49:38.802598 (3749609) main____ INFO      free physical memory   : 89932500 kB
2026-02-28 22:49:38.802630 (3749609) main____ INFO      committed address space: 3227112 kB
2026-02-28 22:49:38.802681 (3749609) main____ INFO    ----------------------------------------
2026-02-28 22:49:38.803817 (3749609) main____ INFO    Important environment variables:
2026-02-28 22:49:38.812387 (3749609) main____ INFO      CDS_LIC_FILE       : '5280@cadlic0'
2026-02-28 22:49:38.812427 (3749609) main____ INFO      DISPLAY            : 'localhost:12.0'
2026-02-28 22:49:38.812471 (3749609) main____ INFO      JASPER_INSTALL_DIR : '/cad/cadence/jasper_2023.12p001'
2026-02-28 22:49:38.812483 (3749609) main____ INFO      JASPER_KERNEL_CHECK: '1'
2026-02-28 22:49:38.812496 (3749609) main____ INFO      JASPER_OS_CHECK    : '0'
2026-02-28 22:49:38.812508 (3749609) main____ INFO      LANG               : 'zh_TW.UTF-8'
2026-02-28 22:49:38.812518 (3749609) main____ INFO    ----------------------------------------
2026-02-28 22:49:38.813606 (3749609) lic_core INFO    Initializing license system ...
2026-02-28 22:49:38.822880 (3749609) lic_core INFO    ... license system initialized.
2026-02-28 22:49:38.880966 (3749609) lic__man INFO    Claim 'main' for <ui>.
2026-02-28 22:49:38.881014 (3749609) lic_core INFO    (1) checking out 'jasper_interactive' ...
2026-02-28 22:49:38.893888 (3749609) lic_core INFO    ... (1) checkout succeeded
2026-02-28 22:49:38.893950 (3749609) lic__man INFO    Claim 'fpv' for <ui>.
2026-02-28 22:49:38.893970 (3749609) lic_core INFO    (2) checking out 'jasper_fpv' ...
2026-02-28 22:49:38.898401 (3749609) lic_core INFO    ... (2) checkout failed (error: -5) ("FLEXnet ERROR(-5, 0, 0): No such feature exists.")
2026-02-28 22:49:38.899009 (3749609) lic_core INFO    (3) checking out 'jasper_fao' ...
2026-02-28 22:49:38.910196 (3749609) lic_core INFO    ... (3) checkout succeeded
2026-02-28 22:49:38.911028 (3749620) stdio___ INFO    Starting STDIN reader (tty: yes, tty name: '/dev/pts/0')
2026-02-28 22:49:38.917939 (3749609) main____ INFO    Tool inactivity delay is 480000 ms.
2026-02-28 22:49:39.026300 (3749609) session_ INFO    Starting analysis session with session id 'session_0' (launcher: <local>) ...
2026-02-28 22:49:39.028054 (3749609) session_ INFO    Analysis session with session id 'session_0' started (pid: 3749621)
2026-02-28 22:49:40.125547 (3749609) session_ INFO    Analysis session 'session_0' connected to the console (host: 127.0.0.1:33056)
2026-02-28 22:49:43.401692 (3749609) lic__man INFO    Unclaim everything for 'session_0'.
2026-02-28 22:49:43.622813 (3749609) lic__man INFO    Claim 'fpv' for 'session_0'.
2026-02-28 22:49:43.622852 (3749609) lic__man INFO    Claim 'fpv' for 'session_0/prove-0'.
2026-02-28 22:51:09.585750 (3749609) lic__man INFO    Unclaim everything for 'session_0/prove-0'.
2026-02-28 22:51:09.627861 (3749609) main____ INFO    About to exit: request to exit with status 0 received from analysis session 'session_0'
2026-02-28 22:51:09.732706 (3749609) session_ INFO    Analysis session 'session_0' disconnected.
2026-02-28 22:51:09.732886 (3749609) lic__man INFO    Unclaim everything for 'session_0'.
2026-02-28 22:51:09.733054 (3749609) session_ INFO    Process for analysis session 'session_0' has exited with exit status '0'.
2026-02-28 22:51:11.535791 (3749620) stdio___ INFO    STDIN reader requested to stop.
2026-02-28 22:51:11.535831 (3749620) stdio___ INFO    STDIN reader stopped.
2026-02-28 22:51:11.536022 (3749609) lic_core INFO    (1) checkin jasper_interactive
2026-02-28 22:51:11.537314 (3749609) lic_core INFO    (3) checkin jasper_fao
2026-02-28 22:51:11.543163 (3749609) main____ INFO    Exiting with status 0.
