2026-02-28 01:57:32.327197 (603079) main____ INFO    ----------------------------------------
2026-02-28 01:57:32.327261 (603079) main____ INFO    Jasper version info
2026-02-28 01:57:32.327275 (603079) main____ INFO      tool      : Jasper 2023.12
2026-02-28 01:57:32.327289 (603079) main____ INFO      version   : 2023.12p001 64 bits
2026-02-28 01:57:32.327301 (603079) main____ INFO      build date: 2024.01.23 16:09:24 UTC
2026-02-28 01:57:32.327311 (603079) main____ INFO    ----------------------------------------
2026-02-28 01:57:32.327320 (603079) main____ INFO    Runtime info:
2026-02-28 01:57:32.327330 (603079) main____ INFO      platform  : Linux 4.18.0-553.89.1.el8_10.x86_64 x86_64
2026-02-28 01:57:32.327346 (603079) main____ INFO      hostname  : caddy10.stanford.edu
2026-02-28 01:57:32.327360 (603079) main____ INFO      pid       : 603079
2026-02-28 01:57:32.327371 (603079) main____ INFO      arguments : '-style' 'windows' '-allow_unsupported_OS' '-no_gui' '-fpv' './synthlc/i_MUL_out/xPerfLocSubsetDiv/coverset_1_.tcl' '-proj' './synthlc/i_MUL_out/xPerfLocSubsetDiv/coverset_1_jgsession_26-02-28-01_57_32'
2026-02-28 01:57:32.327386 (603079) main____ INFO      locale    : UTF-8
2026-02-28 01:57:32.327396 (603079) main____ INFO    ----------------------------------------
2026-02-28 01:57:32.327405 (603079) main____ INFO    System resource limits info:
2026-02-28 01:57:32.327416 (603079) main____ INFO      virtual memory: unlimited
2026-02-28 01:57:32.327428 (603079) main____ INFO      cpu time      : unlimited
2026-02-28 01:57:32.327444 (603079) main____ INFO      processes     : 4096
2026-02-28 01:57:32.327461 (603079) main____ INFO      stack size    : 8388608 B
2026-02-28 01:57:32.327475 (603079) main____ INFO      core file size: 0 B
2026-02-28 01:57:32.327487 (603079) main____ INFO      open files    : 4096
2026-02-28 01:57:32.327498 (603079) main____ INFO      file size     : unlimited
2026-02-28 01:57:32.327508 (603079) main____ INFO    ----------------------------------------
2026-02-28 01:57:32.327517 (603079) main____ INFO    Memory statistics:
2026-02-28 01:57:32.327528 (603079) main____ INFO      total physical memory  : 98449096 kB
2026-02-28 01:57:32.327539 (603079) main____ INFO      free physical memory   : 90591676 kB
2026-02-28 01:57:32.327550 (603079) main____ INFO      committed address space: 1220020 kB
2026-02-28 01:57:32.327559 (603079) main____ INFO    ----------------------------------------
2026-02-28 01:57:32.328678 (603079) main____ INFO    Important environment variables:
2026-02-28 01:57:32.328701 (603079) main____ INFO      CDS_LIC_FILE       : '5280@cadlic0'
2026-02-28 01:57:32.328713 (603079) main____ INFO      JASPER_INSTALL_DIR : '/cad/cadence/jasper_2023.12p001'
2026-02-28 01:57:32.328724 (603079) main____ INFO      JASPER_KERNEL_CHECK: '1'
2026-02-28 01:57:32.328736 (603079) main____ INFO      JASPER_OS_CHECK    : '0'
2026-02-28 01:57:32.328748 (603079) main____ INFO      LANG               : 'en_US.UTF-8'
2026-02-28 01:57:32.328757 (603079) main____ INFO    ----------------------------------------
2026-02-28 01:57:32.329928 (603079) lic_core INFO    Initializing license system ...
2026-02-28 01:57:32.331360 (603079) lic_core INFO    ... license system initialized.
2026-02-28 01:57:32.350308 (603079) lic__man INFO    Claim 'main' for <ui>.
2026-02-28 01:57:32.350349 (603079) lic_core INFO    (1) checking out 'jasper_interactive' ...
2026-02-28 01:57:32.362348 (603079) lic_core INFO    ... (1) checkout succeeded
2026-02-28 01:57:32.362407 (603079) lic__man INFO    Claim 'fpv' for <ui>.
2026-02-28 01:57:32.362429 (603079) lic_core INFO    (2) checking out 'jasper_fpv' ...
2026-02-28 01:57:32.366179 (603079) lic_core INFO    ... (2) checkout failed (error: -5) ("FLEXnet ERROR(-5, 0, 0): No such feature exists.")
2026-02-28 01:57:32.366212 (603079) lic_core INFO    (3) checking out 'jasper_fao' ...
2026-02-28 01:57:32.376993 (603079) lic_core INFO    ... (3) checkout succeeded
2026-02-28 01:57:32.378134 (603079) main____ INFO    Tool inactivity delay is 480000 ms.
2026-02-28 01:57:32.378563 (603115) stdio___ INFO    Starting STDIN reader (tty: yes, tty name: '/dev/pts/5')
2026-02-28 01:57:32.420711 (603079) session_ INFO    Starting analysis session with session id 'session_0' (launcher: <local>) ...
2026-02-28 01:57:32.422771 (603079) session_ INFO    Analysis session with session id 'session_0' started (pid: 603117)
2026-02-28 01:57:33.520622 (603079) session_ INFO    Analysis session 'session_0' connected to the console (host: 127.0.0.1:40910)
2026-02-28 01:57:36.603958 (603079) lic__man INFO    Unclaim everything for 'session_0'.
2026-02-28 01:57:36.807953 (603079) lic__man INFO    Claim 'fpv' for 'session_0'.
2026-02-28 01:57:36.807995 (603079) lic__man INFO    Claim 'fpv' for 'session_0/prove-0'.
2026-02-28 01:57:37.975048 (603079) lic__man INFO    Unclaim everything for 'session_0/prove-0'.
2026-02-28 01:57:38.017316 (603079) main____ INFO    About to exit: request to exit with status 0 received from analysis session 'session_0'
2026-02-28 01:57:38.156836 (603079) session_ INFO    Analysis session 'session_0' disconnected.
2026-02-28 01:57:38.156968 (603079) lic__man INFO    Unclaim everything for 'session_0'.
2026-02-28 01:57:38.157246 (603079) session_ INFO    Process for analysis session 'session_0' has exited with exit status '0'.
2026-02-28 01:57:39.924884 (603115) stdio___ INFO    STDIN reader requested to stop.
2026-02-28 01:57:39.924919 (603115) stdio___ INFO    STDIN reader stopped.
2026-02-28 01:57:39.925150 (603079) lic_core INFO    (1) checkin jasper_interactive
2026-02-28 01:57:39.926403 (603079) lic_core INFO    (3) checkin jasper_fao
2026-02-28 01:57:39.927445 (603079) main____ INFO    Exiting with status 0.
