2026-03-01 13:02:06.164956 (91567) main____ INFO    ----------------------------------------
2026-03-01 13:02:06.165025 (91567) main____ INFO    Jasper version info
2026-03-01 13:02:06.165041 (91567) main____ INFO      tool      : Jasper 2023.12
2026-03-01 13:02:06.165056 (91567) main____ INFO      version   : 2023.12p001 64 bits
2026-03-01 13:02:06.165069 (91567) main____ INFO      build date: 2024.01.23 16:09:24 UTC
2026-03-01 13:02:06.165080 (91567) main____ INFO    ----------------------------------------
2026-03-01 13:02:06.165090 (91567) main____ INFO    Runtime info:
2026-03-01 13:02:06.165101 (91567) main____ INFO      platform  : Linux 4.18.0-553.89.1.el8_10.x86_64 x86_64
2026-03-01 13:02:06.165118 (91567) main____ INFO      hostname  : caddy12.stanford.edu
2026-03-01 13:02:06.165133 (91567) main____ INFO      pid       : 91567
2026-03-01 13:02:06.165144 (91567) main____ INFO      arguments : '-style' 'windows' '-allow_unsupported_OS' '-no_gui' '-fpv' './synthlc/i_LW_out/xHBPerfG_dfg_v3_div/WHB_235_.tcl' '-proj' './synthlc/i_LW_out/xHBPerfG_dfg_v3_div/WHB_235_jgsession_26-03-01-13_02_06'
2026-03-01 13:02:06.165159 (91567) main____ INFO      locale    : UTF-8
2026-03-01 13:02:06.165169 (91567) main____ INFO    ----------------------------------------
2026-03-01 13:02:06.165179 (91567) main____ INFO    System resource limits info:
2026-03-01 13:02:06.165192 (91567) main____ INFO      virtual memory: unlimited
2026-03-01 13:02:06.165204 (91567) main____ INFO      cpu time      : unlimited
2026-03-01 13:02:06.165221 (91567) main____ INFO      processes     : 4096
2026-03-01 13:02:06.165239 (91567) main____ INFO      stack size    : 8388608 B
2026-03-01 13:02:06.165254 (91567) main____ INFO      core file size: 0 B
2026-03-01 13:02:06.165267 (91567) main____ INFO      open files    : 4096
2026-03-01 13:02:06.165279 (91567) main____ INFO      file size     : unlimited
2026-03-01 13:02:06.166374 (91567) main____ INFO    ----------------------------------------
2026-03-01 13:02:06.166425 (91567) main____ INFO    Memory statistics:
2026-03-01 13:02:06.166463 (91567) main____ INFO      total physical memory  : 98449088 kB
2026-03-01 13:02:06.166495 (91567) main____ INFO      free physical memory   : 86483664 kB
2026-03-01 13:02:06.166527 (91567) main____ INFO      committed address space: 7060984 kB
2026-03-01 13:02:06.166554 (91567) main____ INFO    ----------------------------------------
2026-03-01 13:02:06.167802 (91567) main____ INFO    Important environment variables:
2026-03-01 13:02:06.168189 (91567) main____ INFO      CDS_LIC_FILE       : '5280@cadlic0'
2026-03-01 13:02:06.168204 (91567) main____ INFO      DISPLAY            : 'localhost:12.0'
2026-03-01 13:02:06.168216 (91567) main____ INFO      JASPER_INSTALL_DIR : '/cad/cadence/jasper_2023.12p001'
2026-03-01 13:02:06.168229 (91567) main____ INFO      JASPER_KERNEL_CHECK: '1'
2026-03-01 13:02:06.168241 (91567) main____ INFO      JASPER_OS_CHECK    : '0'
2026-03-01 13:02:06.168254 (91567) main____ INFO      LANG               : 'zh_TW.UTF-8'
2026-03-01 13:02:06.168264 (91567) main____ INFO    ----------------------------------------
2026-03-01 13:02:06.169372 (91567) lic_core INFO    Initializing license system ...
2026-03-01 13:02:06.171678 (91567) lic_core INFO    ... license system initialized.
2026-03-01 13:02:06.184700 (91567) lic__man INFO    Claim 'main' for <ui>.
2026-03-01 13:02:06.184755 (91567) lic_core INFO    (1) checking out 'jasper_interactive' ...
2026-03-01 13:02:06.197712 (91567) lic_core INFO    ... (1) checkout succeeded
2026-03-01 13:02:06.197778 (91567) lic__man INFO    Claim 'fpv' for <ui>.
2026-03-01 13:02:06.197802 (91567) lic_core INFO    (2) checking out 'jasper_fpv' ...
2026-03-01 13:02:06.202004 (91567) lic_core INFO    ... (2) checkout failed (error: -5) ("FLEXnet ERROR(-5, 0, 0): No such feature exists.")
2026-03-01 13:02:06.202045 (91567) lic_core INFO    (3) checking out 'jasper_fao' ...
2026-03-01 13:02:06.212963 (91567) lic_core INFO    ... (3) checkout succeeded
2026-03-01 13:02:06.213875 (91578) stdio___ INFO    Starting STDIN reader (tty: yes, tty name: '/dev/pts/0')
2026-03-01 13:02:06.214395 (91567) main____ INFO    Tool inactivity delay is 480000 ms.
2026-03-01 13:02:06.256574 (91567) session_ INFO    Starting analysis session with session id 'session_0' (launcher: <local>) ...
2026-03-01 13:02:06.258342 (91567) session_ INFO    Analysis session with session id 'session_0' started (pid: 91579)
2026-03-01 13:02:07.331020 (91567) session_ INFO    Analysis session 'session_0' connected to the console (host: 127.0.0.1:49190)
2026-03-01 13:02:10.447803 (91567) lic__man INFO    Unclaim everything for 'session_0'.
2026-03-01 13:02:10.649652 (91567) lic__man INFO    Claim 'fpv' for 'session_0'.
2026-03-01 13:02:10.649706 (91567) lic__man INFO    Claim 'fpv' for 'session_0/prove-0'.
2026-03-01 13:02:12.006349 (91567) lic__man INFO    Unclaim everything for 'session_0/prove-0'.
2026-03-01 13:02:12.048839 (91567) main____ INFO    About to exit: request to exit with status 0 received from analysis session 'session_0'
2026-03-01 13:02:12.207375 (91567) session_ INFO    Analysis session 'session_0' disconnected.
2026-03-01 13:02:12.207527 (91567) lic__man INFO    Unclaim everything for 'session_0'.
2026-03-01 13:02:12.220861 (91567) session_ INFO    Process for analysis session 'session_0' has exited with exit status '0'.
2026-03-01 13:02:13.956755 (91578) stdio___ INFO    STDIN reader requested to stop.
2026-03-01 13:02:13.956823 (91578) stdio___ INFO    STDIN reader stopped.
2026-03-01 13:02:13.957337 (91567) lic_core INFO    (1) checkin jasper_interactive
2026-03-01 13:02:13.959406 (91567) lic_core INFO    (3) checkin jasper_fao
2026-03-01 13:02:13.987713 (91567) main____ INFO    Exiting with status 0.
