2026-03-01 07:12:12.613252 (4056599) main____ INFO    ----------------------------------------
2026-03-01 07:12:12.613352 (4056599) main____ INFO    Jasper version info
2026-03-01 07:12:12.613369 (4056599) main____ INFO      tool      : Jasper 2023.12
2026-03-01 07:12:12.613385 (4056599) main____ INFO      version   : 2023.12p001 64 bits
2026-03-01 07:12:12.613399 (4056599) main____ INFO      build date: 2024.01.23 16:09:24 UTC
2026-03-01 07:12:12.613410 (4056599) main____ INFO    ----------------------------------------
2026-03-01 07:12:12.613420 (4056599) main____ INFO    Runtime info:
2026-03-01 07:12:12.613433 (4056599) main____ INFO      platform  : Linux 4.18.0-553.89.1.el8_10.x86_64 x86_64
2026-03-01 07:12:12.613456 (4056599) main____ INFO      hostname  : caddy12.stanford.edu
2026-03-01 07:12:12.613474 (4056599) main____ INFO      pid       : 4056599
2026-03-01 07:12:12.613487 (4056599) main____ INFO      arguments : '-style' 'windows' '-allow_unsupported_OS' '-no_gui' '-fpv' './synthlc/i_LW_out/xPairwiseDepDiv/exclusive_56_.tcl' '-proj' './synthlc/i_LW_out/xPairwiseDepDiv/exclusive_56_jgsession_26-03-01-07_12_11'
2026-03-01 07:12:12.613505 (4056599) main____ INFO      locale    : UTF-8
2026-03-01 07:12:12.613516 (4056599) main____ INFO    ----------------------------------------
2026-03-01 07:12:12.613526 (4056599) main____ INFO    System resource limits info:
2026-03-01 07:12:12.613539 (4056599) main____ INFO      virtual memory: unlimited
2026-03-01 07:12:12.613551 (4056599) main____ INFO      cpu time      : unlimited
2026-03-01 07:12:12.613571 (4056599) main____ INFO      processes     : 4096
2026-03-01 07:12:12.613593 (4056599) main____ INFO      stack size    : 8388608 B
2026-03-01 07:12:12.613608 (4056599) main____ INFO      core file size: 0 B
2026-03-01 07:12:12.613622 (4056599) main____ INFO      open files    : 4096
2026-03-01 07:12:12.613634 (4056599) main____ INFO      file size     : unlimited
2026-03-01 07:12:12.613644 (4056599) main____ INFO    ----------------------------------------
2026-03-01 07:12:12.613654 (4056599) main____ INFO    Memory statistics:
2026-03-01 07:12:12.613681 (4056599) main____ INFO      total physical memory  : 98449088 kB
2026-03-01 07:12:12.613694 (4056599) main____ INFO      free physical memory   : 74372872 kB
2026-03-01 07:12:12.613716 (4056599) main____ INFO      committed address space: 21278636 kB
2026-03-01 07:12:12.613726 (4056599) main____ INFO    ----------------------------------------
2026-03-01 07:12:12.614952 (4056599) main____ INFO    Important environment variables:
2026-03-01 07:12:12.614983 (4056599) main____ INFO      CDS_LIC_FILE       : '5280@cadlic0'
2026-03-01 07:12:12.614997 (4056599) main____ INFO      DISPLAY            : 'localhost:12.0'
2026-03-01 07:12:12.615010 (4056599) main____ INFO      JASPER_INSTALL_DIR : '/cad/cadence/jasper_2023.12p001'
2026-03-01 07:12:12.615022 (4056599) main____ INFO      JASPER_KERNEL_CHECK: '1'
2026-03-01 07:12:12.615035 (4056599) main____ INFO      JASPER_OS_CHECK    : '0'
2026-03-01 07:12:12.615047 (4056599) main____ INFO      LANG               : 'zh_TW.UTF-8'
2026-03-01 07:12:12.615058 (4056599) main____ INFO    ----------------------------------------
2026-03-01 07:12:12.624878 (4056599) lic_core INFO    Initializing license system ...
2026-03-01 07:12:12.646150 (4056599) lic_core INFO    ... license system initialized.
2026-03-01 07:12:12.793976 (4056599) lic__man INFO    Claim 'main' for <ui>.
2026-03-01 07:12:12.794056 (4056599) lic_core INFO    (1) checking out 'jasper_interactive' ...
2026-03-01 07:12:12.862966 (4056599) lic_core INFO    ... (1) checkout succeeded
2026-03-01 07:12:12.863087 (4056599) lic__man INFO    Claim 'fpv' for <ui>.
2026-03-01 07:12:12.863118 (4056599) lic_core INFO    (2) checking out 'jasper_fpv' ...
2026-03-01 07:12:12.925136 (4056599) lic_core INFO    ... (2) checkout failed (error: -5) ("FLEXnet ERROR(-5, 0, 0): No such feature exists.")
2026-03-01 07:12:12.925210 (4056599) lic_core INFO    (3) checking out 'jasper_fao' ...
2026-03-01 07:12:12.987953 (4056599) lic_core INFO    ... (3) checkout succeeded
2026-03-01 07:12:12.989267 (4056599) main____ INFO    Tool inactivity delay is 480000 ms.
2026-03-01 07:12:13.009682 (4056615) stdio___ INFO    Starting STDIN reader (tty: yes, tty name: '/dev/pts/0')
2026-03-01 07:12:13.330832 (4056599) session_ INFO    Starting analysis session with session id 'session_0' (launcher: <local>) ...
2026-03-01 07:12:13.332764 (4056599) session_ INFO    Analysis session with session id 'session_0' started (pid: 4056616)
2026-03-01 07:12:16.034168 (4056599) session_ INFO    Analysis session 'session_0' connected to the console (host: 127.0.0.1:42162)
2026-03-01 07:12:24.274938 (4056599) lic__man INFO    Unclaim everything for 'session_0'.
2026-03-01 07:12:24.791268 (4056599) lic__man INFO    Claim 'fpv' for 'session_0'.
2026-03-01 07:12:24.791325 (4056599) lic__man INFO    Claim 'fpv' for 'session_0/prove-0'.
2026-03-01 07:12:28.087611 (4056599) lic__man INFO    Unclaim everything for 'session_0/prove-0'.
2026-03-01 07:12:28.118896 (4056599) main____ INFO    About to exit: request to exit with status 0 received from analysis session 'session_0'
2026-03-01 07:12:28.591476 (4056599) session_ INFO    Analysis session 'session_0' disconnected.
2026-03-01 07:12:28.591631 (4056599) lic__man INFO    Unclaim everything for 'session_0'.
2026-03-01 07:12:28.593847 (4056599) session_ INFO    Process for analysis session 'session_0' has exited with exit status '0'.
2026-03-01 07:12:30.045760 (4056615) stdio___ INFO    STDIN reader requested to stop.
2026-03-01 07:12:30.045835 (4056615) stdio___ INFO    STDIN reader stopped.
2026-03-01 07:12:30.049040 (4056599) lic_core INFO    (1) checkin jasper_interactive
2026-03-01 07:12:30.060924 (4056599) lic_core INFO    (3) checkin jasper_fao
2026-03-01 07:12:30.073083 (4056599) main____ INFO    Exiting with status 0.
