2026-03-01 01:33:57.734918 (1169349) main____ INFO    ----------------------------------------
2026-03-01 01:33:57.734983 (1169349) main____ INFO    Jasper version info
2026-03-01 01:33:57.734998 (1169349) main____ INFO      tool      : Jasper 2023.12
2026-03-01 01:33:57.735012 (1169349) main____ INFO      version   : 2023.12p001 64 bits
2026-03-01 01:33:57.735025 (1169349) main____ INFO      build date: 2024.01.23 16:09:24 UTC
2026-03-01 01:33:57.735035 (1169349) main____ INFO    ----------------------------------------
2026-03-01 01:33:57.735044 (1169349) main____ INFO    Runtime info:
2026-03-01 01:33:57.735055 (1169349) main____ INFO      platform  : Linux 4.18.0-553.89.1.el8_10.x86_64 x86_64
2026-03-01 01:33:57.735071 (1169349) main____ INFO      hostname  : caddy15.stanford.edu
2026-03-01 01:33:57.735086 (1169349) main____ INFO      pid       : 1169349
2026-03-01 01:33:57.735097 (1169349) main____ INFO      arguments : '-style' 'windows' '-allow_unsupported_OS' '-no_gui' '-fpv' './synthlc/i_LW_out/xPairwiseDepDiv/nunv_anytwo_95_.tcl' '-proj' './synthlc/i_LW_out/xPairwiseDepDiv/nunv_anytwo_95_jgsession_26-03-01-01_33_57'
2026-03-01 01:33:57.735112 (1169349) main____ INFO      locale    : UTF-8
2026-03-01 01:33:57.735122 (1169349) main____ INFO    ----------------------------------------
2026-03-01 01:33:57.735134 (1169349) main____ INFO    System resource limits info:
2026-03-01 01:33:57.735147 (1169349) main____ INFO      virtual memory: unlimited
2026-03-01 01:33:57.735160 (1169349) main____ INFO      cpu time      : unlimited
2026-03-01 01:33:57.735178 (1169349) main____ INFO      processes     : 4096
2026-03-01 01:33:57.735196 (1169349) main____ INFO      stack size    : 8388608 B
2026-03-01 01:33:57.735210 (1169349) main____ INFO      core file size: 0 B
2026-03-01 01:33:57.735223 (1169349) main____ INFO      open files    : 4096
2026-03-01 01:33:57.735235 (1169349) main____ INFO      file size     : unlimited
2026-03-01 01:33:57.735255 (1169349) main____ INFO    ----------------------------------------
2026-03-01 01:33:57.735265 (1169349) main____ INFO    Memory statistics:
2026-03-01 01:33:57.735276 (1169349) main____ INFO      total physical memory  : 98449092 kB
2026-03-01 01:33:57.735287 (1169349) main____ INFO      free physical memory   : 79820928 kB
2026-03-01 01:33:57.735298 (1169349) main____ INFO      committed address space: 1806880 kB
2026-03-01 01:33:57.735323 (1169349) main____ INFO    ----------------------------------------
2026-03-01 01:33:57.736453 (1169349) main____ INFO    Important environment variables:
2026-03-01 01:33:57.736476 (1169349) main____ INFO      CDS_LIC_FILE       : '5280@cadlic0'
2026-03-01 01:33:57.736489 (1169349) main____ INFO      JASPER_INSTALL_DIR : '/cad/cadence/jasper_2023.12p001'
2026-03-01 01:33:57.736501 (1169349) main____ INFO      JASPER_KERNEL_CHECK: '1'
2026-03-01 01:33:57.736513 (1169349) main____ INFO      JASPER_OS_CHECK    : '0'
2026-03-01 01:33:57.736525 (1169349) main____ INFO      LANG               : 'en_US.UTF-8'
2026-03-01 01:33:57.736535 (1169349) main____ INFO    ----------------------------------------
2026-03-01 01:33:57.737640 (1169349) lic_core INFO    Initializing license system ...
2026-03-01 01:33:57.739627 (1169349) lic_core INFO    ... license system initialized.
2026-03-01 01:33:57.750503 (1169349) lic__man INFO    Claim 'main' for <ui>.
2026-03-01 01:33:57.750546 (1169349) lic_core INFO    (1) checking out 'jasper_interactive' ...
2026-03-01 01:33:57.762556 (1169349) lic_core INFO    ... (1) checkout succeeded
2026-03-01 01:33:57.762618 (1169349) lic__man INFO    Claim 'fpv' for <ui>.
2026-03-01 01:33:57.762639 (1169349) lic_core INFO    (2) checking out 'jasper_fpv' ...
2026-03-01 01:33:57.766315 (1169349) lic_core INFO    ... (2) checkout failed (error: -5) ("FLEXnet ERROR(-5, 0, 0): No such feature exists.")
2026-03-01 01:33:57.766353 (1169349) lic_core INFO    (3) checking out 'jasper_fao' ...
2026-03-01 01:33:57.777230 (1169349) lic_core INFO    ... (3) checkout succeeded
2026-03-01 01:33:57.778184 (1169360) stdio___ INFO    Starting STDIN reader (tty: yes, tty name: '/dev/pts/0')
2026-03-01 01:33:57.778357 (1169349) main____ INFO    Tool inactivity delay is 480000 ms.
2026-03-01 01:33:57.820231 (1169349) session_ INFO    Starting analysis session with session id 'session_0' (launcher: <local>) ...
2026-03-01 01:33:57.822096 (1169349) session_ INFO    Analysis session with session id 'session_0' started (pid: 1169366)
2026-03-01 01:33:58.951902 (1169349) session_ INFO    Analysis session 'session_0' connected to the console (host: 127.0.0.1:35758)
2026-03-01 01:34:02.063425 (1169349) lic__man INFO    Unclaim everything for 'session_0'.
2026-03-01 01:34:02.267619 (1169349) lic__man INFO    Claim 'fpv' for 'session_0'.
2026-03-01 01:34:02.267655 (1169349) lic__man INFO    Claim 'fpv' for 'session_0/prove-0'.
2026-03-01 01:34:10.666623 (1169349) lic__man INFO    Unclaim everything for 'session_0/prove-0'.
2026-03-01 01:34:10.742581 (1169349) main____ INFO    About to exit: request to exit with status 0 received from analysis session 'session_0'
2026-03-01 01:34:11.076652 (1169349) session_ INFO    Analysis session 'session_0' disconnected.
2026-03-01 01:34:11.076869 (1169349) lic__man INFO    Unclaim everything for 'session_0'.
2026-03-01 01:34:11.077065 (1169349) session_ INFO    Process for analysis session 'session_0' has exited with exit status '0'.
2026-03-01 01:34:12.853086 (1169360) stdio___ INFO    STDIN reader requested to stop.
2026-03-01 01:34:12.853144 (1169360) stdio___ INFO    STDIN reader stopped.
2026-03-01 01:34:12.853467 (1169349) lic_core INFO    (1) checkin jasper_interactive
2026-03-01 01:34:12.854512 (1169349) lic_core INFO    (3) checkin jasper_fao
2026-03-01 01:34:12.856204 (1169349) main____ INFO    Exiting with status 0.
