2026-02-26 03:27:48.853302 (1933623) main____ INFO    ----------------------------------------
2026-02-26 03:27:48.853375 (1933623) main____ INFO    Jasper version info
2026-02-26 03:27:48.853390 (1933623) main____ INFO      tool      : Jasper 2023.12
2026-02-26 03:27:48.853405 (1933623) main____ INFO      version   : 2023.12p001 64 bits
2026-02-26 03:27:48.853418 (1933623) main____ INFO      build date: 2024.01.23 16:09:24 UTC
2026-02-26 03:27:48.853428 (1933623) main____ INFO    ----------------------------------------
2026-02-26 03:27:48.853437 (1933623) main____ INFO    Runtime info:
2026-02-26 03:27:48.853447 (1933623) main____ INFO      platform  : Linux 4.18.0-553.89.1.el8_10.x86_64 x86_64
2026-02-26 03:27:48.853465 (1933623) main____ INFO      hostname  : caddy12.stanford.edu
2026-02-26 03:27:48.853479 (1933623) main____ INFO      pid       : 1933623
2026-02-26 03:27:48.853489 (1933623) main____ INFO      arguments : '-style' 'windows' '-allow_unsupported_OS' '-no_gui' '-fpv' './synthlc/i_MUL_out/xPerfLocCycleCount/over1cyc_1_div_fsm_s2_.tcl' '-proj' './synthlc/i_MUL_out/xPerfLocCycleCount/over1cyc_1_div_fsm_s2_jgsession_26-02-26-03_27_48'
2026-02-26 03:27:48.853505 (1933623) main____ INFO      locale    : UTF-8
2026-02-26 03:27:48.853514 (1933623) main____ INFO    ----------------------------------------
2026-02-26 03:27:48.853523 (1933623) main____ INFO    System resource limits info:
2026-02-26 03:27:48.853535 (1933623) main____ INFO      virtual memory: unlimited
2026-02-26 03:27:48.853546 (1933623) main____ INFO      cpu time      : unlimited
2026-02-26 03:27:48.853562 (1933623) main____ INFO      processes     : 4096
2026-02-26 03:27:48.853580 (1933623) main____ INFO      stack size    : 8388608 B
2026-02-26 03:27:48.853593 (1933623) main____ INFO      core file size: 0 B
2026-02-26 03:27:48.853606 (1933623) main____ INFO      open files    : 4096
2026-02-26 03:27:48.853617 (1933623) main____ INFO      file size     : unlimited
2026-02-26 03:27:48.853627 (1933623) main____ INFO    ----------------------------------------
2026-02-26 03:27:48.853635 (1933623) main____ INFO    Memory statistics:
2026-02-26 03:27:48.853646 (1933623) main____ INFO      total physical memory  : 98449088 kB
2026-02-26 03:27:48.853657 (1933623) main____ INFO      free physical memory   : 81195136 kB
2026-02-26 03:27:48.853688 (1933623) main____ INFO      committed address space: 3040036 kB
2026-02-26 03:27:48.853697 (1933623) main____ INFO    ----------------------------------------
2026-02-26 03:27:48.854877 (1933623) main____ INFO    Important environment variables:
2026-02-26 03:27:48.854900 (1933623) main____ INFO      CDS_LIC_FILE       : '5280@cadlic0'
2026-02-26 03:27:48.854912 (1933623) main____ INFO      DISPLAY            : 'localhost:12.0'
2026-02-26 03:27:48.854924 (1933623) main____ INFO      JASPER_INSTALL_DIR : '/cad/cadence/jasper_2023.12p001'
2026-02-26 03:27:48.854935 (1933623) main____ INFO      JASPER_KERNEL_CHECK: '1'
2026-02-26 03:27:48.854947 (1933623) main____ INFO      JASPER_OS_CHECK    : '0'
2026-02-26 03:27:48.854958 (1933623) main____ INFO      LANG               : 'zh_TW.UTF-8'
2026-02-26 03:27:48.854967 (1933623) main____ INFO    ----------------------------------------
2026-02-26 03:27:48.856099 (1933623) lic_core INFO    Initializing license system ...
2026-02-26 03:27:48.857580 (1933623) lic_core INFO    ... license system initialized.
2026-02-26 03:27:48.868867 (1933623) lic__man INFO    Claim 'main' for <ui>.
2026-02-26 03:27:48.868907 (1933623) lic_core INFO    (1) checking out 'jasper_interactive' ...
2026-02-26 03:27:48.881503 (1933623) lic_core INFO    ... (1) checkout succeeded
2026-02-26 03:27:48.881559 (1933623) lic__man INFO    Claim 'fpv' for <ui>.
2026-02-26 03:27:48.881580 (1933623) lic_core INFO    (2) checking out 'jasper_fpv' ...
2026-02-26 03:27:48.885650 (1933623) lic_core INFO    ... (2) checkout failed (error: -5) ("FLEXnet ERROR(-5, 0, 0): No such feature exists.")
2026-02-26 03:27:48.885691 (1933623) lic_core INFO    (3) checking out 'jasper_fao' ...
2026-02-26 03:27:48.896409 (1933623) lic_core INFO    ... (3) checkout succeeded
2026-02-26 03:27:48.897404 (1933654) stdio___ INFO    Starting STDIN reader (tty: yes, tty name: '/dev/pts/0')
2026-02-26 03:27:48.897576 (1933623) main____ INFO    Tool inactivity delay is 480000 ms.
2026-02-26 03:27:48.940886 (1933623) session_ INFO    Starting analysis session with session id 'session_0' (launcher: <local>) ...
2026-02-26 03:27:48.942680 (1933623) session_ INFO    Analysis session with session id 'session_0' started (pid: 1933655)
2026-02-26 03:27:50.087507 (1933623) session_ INFO    Analysis session 'session_0' connected to the console (host: 127.0.0.1:56694)
2026-02-26 03:27:56.863288 (1933623) lic__man INFO    Unclaim everything for 'session_0'.
2026-02-26 03:27:57.515560 (1933623) lic__man INFO    Claim 'fpv' for 'session_0'.
2026-02-26 03:27:57.515612 (1933623) lic__man INFO    Claim 'fpv' for 'session_0/prove-0'.
2026-02-26 03:28:28.949934 (1933623) lic__man INFO    Unclaim everything for 'session_0/prove-0'.
2026-02-26 03:28:28.955847 (1933623) main____ INFO    About to exit: request to exit with status 0 received from analysis session 'session_0'
2026-02-26 03:28:29.138403 (1933623) session_ INFO    Analysis session 'session_0' disconnected.
2026-02-26 03:28:29.138598 (1933623) lic__man INFO    Unclaim everything for 'session_0'.
2026-02-26 03:28:29.138793 (1933623) session_ INFO    Process for analysis session 'session_0' has exited with exit status '0'.
2026-02-26 03:28:30.892047 (1933654) stdio___ INFO    STDIN reader requested to stop.
2026-02-26 03:28:30.892088 (1933654) stdio___ INFO    STDIN reader stopped.
2026-02-26 03:28:30.892280 (1933623) lic_core INFO    (1) checkin jasper_interactive
2026-02-26 03:28:30.893328 (1933623) lic_core INFO    (3) checkin jasper_fao
2026-02-26 03:28:30.894263 (1933623) main____ INFO    Exiting with status 0.
