2026-03-01 14:36:30.325572 (182862) main____ INFO    ----------------------------------------
2026-03-01 14:36:30.325689 (182862) main____ INFO    Jasper version info
2026-03-01 14:36:30.325708 (182862) main____ INFO      tool      : Jasper 2023.12
2026-03-01 14:36:30.325724 (182862) main____ INFO      version   : 2023.12p001 64 bits
2026-03-01 14:36:30.325739 (182862) main____ INFO      build date: 2024.01.23 16:09:24 UTC
2026-03-01 14:36:30.325750 (182862) main____ INFO    ----------------------------------------
2026-03-01 14:36:30.325760 (182862) main____ INFO    Runtime info:
2026-03-01 14:36:30.325772 (182862) main____ INFO      platform  : Linux 4.18.0-553.89.1.el8_10.x86_64 x86_64
2026-03-01 14:36:30.325791 (182862) main____ INFO      hostname  : caddy12.stanford.edu
2026-03-01 14:36:30.325807 (182862) main____ INFO      pid       : 182862
2026-03-01 14:36:30.325819 (182862) main____ INFO      arguments : '-style' 'windows' '-allow_unsupported_OS' '-no_gui' '-fpv' './synthlc/i_LW_out/xPerfLocCycleCount/over1cyc_22_div_fsm_s10_.tcl' '-proj' './synthlc/i_LW_out/xPerfLocCycleCount/over1cyc_22_div_fsm_s10_jgsession_26-03-01-14_36_28'
2026-03-01 14:36:30.325847 (182862) main____ INFO      locale    : UTF-8
2026-03-01 14:36:30.325858 (182862) main____ INFO    ----------------------------------------
2026-03-01 14:36:30.325868 (182862) main____ INFO    System resource limits info:
2026-03-01 14:36:30.325881 (182862) main____ INFO      virtual memory: unlimited
2026-03-01 14:36:30.325894 (182862) main____ INFO      cpu time      : unlimited
2026-03-01 14:36:30.325913 (182862) main____ INFO      processes     : 4096
2026-03-01 14:36:30.325942 (182862) main____ INFO      stack size    : 8388608 B
2026-03-01 14:36:30.325957 (182862) main____ INFO      core file size: 0 B
2026-03-01 14:36:30.325970 (182862) main____ INFO      open files    : 4096
2026-03-01 14:36:30.325983 (182862) main____ INFO      file size     : unlimited
2026-03-01 14:36:30.325993 (182862) main____ INFO    ----------------------------------------
2026-03-01 14:36:30.326003 (182862) main____ INFO    Memory statistics:
2026-03-01 14:36:30.326016 (182862) main____ INFO      total physical memory  : 98449088 kB
2026-03-01 14:36:30.326029 (182862) main____ INFO      free physical memory   : 77521016 kB
2026-03-01 14:36:30.326041 (182862) main____ INFO      committed address space: 17384556 kB
2026-03-01 14:36:30.326051 (182862) main____ INFO    ----------------------------------------
2026-03-01 14:36:30.327246 (182862) main____ INFO    Important environment variables:
2026-03-01 14:36:30.327273 (182862) main____ INFO      CDS_LIC_FILE       : '5280@cadlic0'
2026-03-01 14:36:30.327287 (182862) main____ INFO      DISPLAY            : 'localhost:12.0'
2026-03-01 14:36:30.327300 (182862) main____ INFO      JASPER_INSTALL_DIR : '/cad/cadence/jasper_2023.12p001'
2026-03-01 14:36:30.327312 (182862) main____ INFO      JASPER_KERNEL_CHECK: '1'
2026-03-01 14:36:30.327325 (182862) main____ INFO      JASPER_OS_CHECK    : '0'
2026-03-01 14:36:30.327337 (182862) main____ INFO      LANG               : 'zh_TW.UTF-8'
2026-03-01 14:36:30.327348 (182862) main____ INFO    ----------------------------------------
2026-03-01 14:36:30.328834 (182862) lic_core INFO    Initializing license system ...
2026-03-01 14:36:30.398814 (182862) lic_core INFO    ... license system initialized.
2026-03-01 14:36:30.547007 (182862) lic__man INFO    Claim 'main' for <ui>.
2026-03-01 14:36:30.547092 (182862) lic_core INFO    (1) checking out 'jasper_interactive' ...
2026-03-01 14:36:30.560280 (182862) lic_core INFO    ... (1) checkout succeeded
2026-03-01 14:36:30.560390 (182862) lic__man INFO    Claim 'fpv' for <ui>.
2026-03-01 14:36:30.560419 (182862) lic_core INFO    (2) checking out 'jasper_fpv' ...
2026-03-01 14:36:30.607424 (182862) lic_core INFO    ... (2) checkout failed (error: -5) ("FLEXnet ERROR(-5, 0, 0): No such feature exists.")
2026-03-01 14:36:30.607493 (182862) lic_core INFO    (3) checking out 'jasper_fao' ...
2026-03-01 14:36:30.676916 (182862) lic_core INFO    ... (3) checkout succeeded
2026-03-01 14:36:30.713609 (182862) main____ INFO    Tool inactivity delay is 480000 ms.
2026-03-01 14:36:30.721915 (182879) stdio___ INFO    Starting STDIN reader (tty: yes, tty name: '/dev/pts/0')
2026-03-01 14:36:31.016095 (182862) session_ INFO    Starting analysis session with session id 'session_0' (launcher: <local>) ...
2026-03-01 14:36:31.018151 (182862) session_ INFO    Analysis session with session id 'session_0' started (pid: 182882)
2026-03-01 14:36:32.405106 (182862) session_ INFO    Analysis session 'session_0' connected to the console (host: 127.0.0.1:45074)
2026-03-01 14:36:36.569310 (182862) lic__man INFO    Unclaim everything for 'session_0'.
2026-03-01 14:36:36.971049 (182862) lic__man INFO    Claim 'fpv' for 'session_0'.
2026-03-01 14:36:36.971099 (182862) lic__man INFO    Claim 'fpv' for 'session_0/prove-0'.
2026-03-01 14:37:01.746070 (182862) lic__man INFO    Unclaim everything for 'session_0/prove-0'.
2026-03-01 14:37:01.810870 (182862) main____ INFO    About to exit: request to exit with status 0 received from analysis session 'session_0'
2026-03-01 14:37:02.007926 (182862) session_ INFO    Analysis session 'session_0' disconnected.
2026-03-01 14:37:02.008101 (182862) lic__man INFO    Unclaim everything for 'session_0'.
2026-03-01 14:37:02.018706 (182862) session_ INFO    Process for analysis session 'session_0' has exited with exit status '0'.
2026-03-01 14:37:03.907771 (182879) stdio___ INFO    STDIN reader requested to stop.
2026-03-01 14:37:03.907858 (182879) stdio___ INFO    STDIN reader stopped.
2026-03-01 14:37:03.914965 (182862) lic_core INFO    (1) checkin jasper_interactive
2026-03-01 14:37:03.923729 (182862) lic_core INFO    (3) checkin jasper_fao
2026-03-01 14:37:03.976309 (182862) main____ INFO    Exiting with status 0.
