2026-02-25 14:05:05.398905 (3179742) main____ INFO    ----------------------------------------
2026-02-25 14:05:05.398967 (3179742) main____ INFO    Jasper version info
2026-02-25 14:05:05.398982 (3179742) main____ INFO      tool      : Jasper 2023.12
2026-02-25 14:05:05.398996 (3179742) main____ INFO      version   : 2023.12p001 64 bits
2026-02-25 14:05:05.399008 (3179742) main____ INFO      build date: 2024.01.23 16:09:24 UTC
2026-02-25 14:05:05.399018 (3179742) main____ INFO    ----------------------------------------
2026-02-25 14:05:05.399027 (3179742) main____ INFO    Runtime info:
2026-02-25 14:05:05.399038 (3179742) main____ INFO      platform  : Linux 4.18.0-553.89.1.el8_10.x86_64 x86_64
2026-02-25 14:05:05.399054 (3179742) main____ INFO      hostname  : caddy15.stanford.edu
2026-02-25 14:05:05.399069 (3179742) main____ INFO      pid       : 3179742
2026-02-25 14:05:05.399079 (3179742) main____ INFO      arguments : '-style' 'windows' '-allow_unsupported_OS' '-no_gui' '-fpv' './synthlc/i_DIV_out/xPerfLocSubsetDiv/coverset_103_.tcl' '-proj' './synthlc/i_DIV_out/xPerfLocSubsetDiv/coverset_103_jgsession_26-02-25-14_05_05'
2026-02-25 14:05:05.399094 (3179742) main____ INFO      locale    : UTF-8
2026-02-25 14:05:05.399104 (3179742) main____ INFO    ----------------------------------------
2026-02-25 14:05:05.399114 (3179742) main____ INFO    System resource limits info:
2026-02-25 14:05:05.399125 (3179742) main____ INFO      virtual memory: unlimited
2026-02-25 14:05:05.399137 (3179742) main____ INFO      cpu time      : unlimited
2026-02-25 14:05:05.399153 (3179742) main____ INFO      processes     : 4096
2026-02-25 14:05:05.399171 (3179742) main____ INFO      stack size    : 8388608 B
2026-02-25 14:05:05.399185 (3179742) main____ INFO      core file size: 0 B
2026-02-25 14:05:05.399198 (3179742) main____ INFO      open files    : 4096
2026-02-25 14:05:05.399210 (3179742) main____ INFO      file size     : unlimited
2026-02-25 14:05:05.399220 (3179742) main____ INFO    ----------------------------------------
2026-02-25 14:05:05.399229 (3179742) main____ INFO    Memory statistics:
2026-02-25 14:05:05.399241 (3179742) main____ INFO      total physical memory  : 98449092 kB
2026-02-25 14:05:05.399252 (3179742) main____ INFO      free physical memory   : 82805020 kB
2026-02-25 14:05:05.399263 (3179742) main____ INFO      committed address space: 1242680 kB
2026-02-25 14:05:05.399273 (3179742) main____ INFO    ----------------------------------------
2026-02-25 14:05:05.400399 (3179742) main____ INFO    Important environment variables:
2026-02-25 14:05:05.400421 (3179742) main____ INFO      CDS_LIC_FILE       : '5280@cadlic0'
2026-02-25 14:05:05.400433 (3179742) main____ INFO      JASPER_INSTALL_DIR : '/cad/cadence/jasper_2023.12p001'
2026-02-25 14:05:05.400445 (3179742) main____ INFO      JASPER_KERNEL_CHECK: '1'
2026-02-25 14:05:05.400457 (3179742) main____ INFO      JASPER_OS_CHECK    : '0'
2026-02-25 14:05:05.400469 (3179742) main____ INFO      LANG               : 'en_US.UTF-8'
2026-02-25 14:05:05.400479 (3179742) main____ INFO    ----------------------------------------
2026-02-25 14:05:05.401695 (3179742) lic_core INFO    Initializing license system ...
2026-02-25 14:05:05.403381 (3179742) lic_core INFO    ... license system initialized.
2026-02-25 14:05:05.415702 (3179742) lic__man INFO    Claim 'main' for <ui>.
2026-02-25 14:05:05.415739 (3179742) lic_core INFO    (1) checking out 'jasper_interactive' ...
2026-02-25 14:05:05.428697 (3179742) lic_core INFO    ... (1) checkout succeeded
2026-02-25 14:05:05.428753 (3179742) lic__man INFO    Claim 'fpv' for <ui>.
2026-02-25 14:05:05.428771 (3179742) lic_core INFO    (2) checking out 'jasper_fpv' ...
2026-02-25 14:05:05.432500 (3179742) lic_core INFO    ... (2) checkout failed (error: -5) ("FLEXnet ERROR(-5, 0, 0): No such feature exists.")
2026-02-25 14:05:05.432537 (3179742) lic_core INFO    (3) checking out 'jasper_fao' ...
2026-02-25 14:05:05.444139 (3179742) lic_core INFO    ... (3) checkout succeeded
2026-02-25 14:05:05.446544 (3179742) main____ INFO    Tool inactivity delay is 480000 ms.
2026-02-25 14:05:05.446601 (3179753) stdio___ INFO    Starting STDIN reader (tty: yes, tty name: '/dev/pts/0')
2026-02-25 14:05:05.490472 (3179742) session_ INFO    Starting analysis session with session id 'session_0' (launcher: <local>) ...
2026-02-25 14:05:05.492132 (3179742) session_ INFO    Analysis session with session id 'session_0' started (pid: 3179754)
2026-02-25 14:05:06.590793 (3179742) session_ INFO    Analysis session 'session_0' connected to the console (host: 127.0.0.1:41052)
2026-02-25 14:05:09.671752 (3179742) lic__man INFO    Unclaim everything for 'session_0'.
2026-02-25 14:05:09.898221 (3179742) lic__man INFO    Claim 'fpv' for 'session_0'.
2026-02-25 14:05:09.898256 (3179742) lic__man INFO    Claim 'fpv' for 'session_0/prove-0'.
2026-02-25 14:05:11.251569 (3179742) lic__man INFO    Unclaim everything for 'session_0/prove-0'.
2026-02-25 14:05:11.293425 (3179742) main____ INFO    About to exit: request to exit with status 0 received from analysis session 'session_0'
2026-02-25 14:05:11.474102 (3179742) session_ INFO    Analysis session 'session_0' disconnected.
2026-02-25 14:05:11.474280 (3179742) lic__man INFO    Unclaim everything for 'session_0'.
2026-02-25 14:05:11.474486 (3179742) session_ INFO    Process for analysis session 'session_0' has exited with exit status '0'.
2026-02-25 14:05:13.400634 (3179753) stdio___ INFO    STDIN reader requested to stop.
2026-02-25 14:05:13.400678 (3179753) stdio___ INFO    STDIN reader stopped.
2026-02-25 14:05:13.400892 (3179742) lic_core INFO    (1) checkin jasper_interactive
2026-02-25 14:05:13.402181 (3179742) lic_core INFO    (3) checkin jasper_fao
2026-02-25 14:05:13.403941 (3179742) main____ INFO    Exiting with status 0.
