2026-02-25 12:21:32.424868 (3127774) main____ INFO    ----------------------------------------
2026-02-25 12:21:32.424971 (3127774) main____ INFO    Jasper version info
2026-02-25 12:21:32.424987 (3127774) main____ INFO      tool      : Jasper 2023.12
2026-02-25 12:21:32.425002 (3127774) main____ INFO      version   : 2023.12p001 64 bits
2026-02-25 12:21:32.425015 (3127774) main____ INFO      build date: 2024.01.23 16:09:24 UTC
2026-02-25 12:21:32.425025 (3127774) main____ INFO    ----------------------------------------
2026-02-25 12:21:32.425034 (3127774) main____ INFO    Runtime info:
2026-02-25 12:21:32.425045 (3127774) main____ INFO      platform  : Linux 4.18.0-553.89.1.el8_10.x86_64 x86_64
2026-02-25 12:21:32.425065 (3127774) main____ INFO      hostname  : caddy15.stanford.edu
2026-02-25 12:21:32.425080 (3127774) main____ INFO      pid       : 3127774
2026-02-25 12:21:32.425091 (3127774) main____ INFO      arguments : '-style' 'windows' '-allow_unsupported_OS' '-no_gui' '-fpv' './synthlc/i_DIV_out/xPairwiseDepDiv/nunv_anytwo_153_.tcl' '-proj' './synthlc/i_DIV_out/xPairwiseDepDiv/nunv_anytwo_153_jgsession_26-02-25-12_21_30'
2026-02-25 12:21:32.425108 (3127774) main____ INFO      locale    : UTF-8
2026-02-25 12:21:32.425118 (3127774) main____ INFO    ----------------------------------------
2026-02-25 12:21:32.425127 (3127774) main____ INFO    System resource limits info:
2026-02-25 12:21:32.425140 (3127774) main____ INFO      virtual memory: unlimited
2026-02-25 12:21:32.425152 (3127774) main____ INFO      cpu time      : unlimited
2026-02-25 12:21:32.425171 (3127774) main____ INFO      processes     : 4096
2026-02-25 12:21:32.425203 (3127774) main____ INFO      stack size    : 8388608 B
2026-02-25 12:21:32.425218 (3127774) main____ INFO      core file size: 0 B
2026-02-25 12:21:32.425231 (3127774) main____ INFO      open files    : 4096
2026-02-25 12:21:32.425243 (3127774) main____ INFO      file size     : unlimited
2026-02-25 12:21:32.425252 (3127774) main____ INFO    ----------------------------------------
2026-02-25 12:21:32.425262 (3127774) main____ INFO    Memory statistics:
2026-02-25 12:21:32.425274 (3127774) main____ INFO      total physical memory  : 98449092 kB
2026-02-25 12:21:32.425285 (3127774) main____ INFO      free physical memory   : 75244452 kB
2026-02-25 12:21:32.425296 (3127774) main____ INFO      committed address space: 11377200 kB
2026-02-25 12:21:32.425318 (3127774) main____ INFO    ----------------------------------------
2026-02-25 12:21:32.426503 (3127774) main____ INFO    Important environment variables:
2026-02-25 12:21:32.426528 (3127774) main____ INFO      CDS_LIC_FILE       : '5280@cadlic0'
2026-02-25 12:21:32.426541 (3127774) main____ INFO      JASPER_INSTALL_DIR : '/cad/cadence/jasper_2023.12p001'
2026-02-25 12:21:32.426553 (3127774) main____ INFO      JASPER_KERNEL_CHECK: '1'
2026-02-25 12:21:32.426565 (3127774) main____ INFO      JASPER_OS_CHECK    : '0'
2026-02-25 12:21:32.426577 (3127774) main____ INFO      LANG               : 'en_US.UTF-8'
2026-02-25 12:21:32.426587 (3127774) main____ INFO    ----------------------------------------
2026-02-25 12:21:32.438452 (3127774) lic_core INFO    Initializing license system ...
2026-02-25 12:21:32.449592 (3127774) lic_core INFO    ... license system initialized.
2026-02-25 12:21:33.079658 (3127774) lic__man INFO    Claim 'main' for <ui>.
2026-02-25 12:21:33.079729 (3127774) lic_core INFO    (1) checking out 'jasper_interactive' ...
2026-02-25 12:21:33.161586 (3127774) lic_core INFO    ... (1) checkout succeeded
2026-02-25 12:21:33.161693 (3127774) lic__man INFO    Claim 'fpv' for <ui>.
2026-02-25 12:21:33.161722 (3127774) lic_core INFO    (2) checking out 'jasper_fpv' ...
2026-02-25 12:21:33.184076 (3127774) lic_core INFO    ... (2) checkout failed (error: -5) ("FLEXnet ERROR(-5, 0, 0): No such feature exists.")
2026-02-25 12:21:33.184132 (3127774) lic_core INFO    (3) checking out 'jasper_fao' ...
2026-02-25 12:21:33.215539 (3127774) lic_core INFO    ... (3) checkout succeeded
2026-02-25 12:21:33.260221 (3127774) main____ INFO    Tool inactivity delay is 480000 ms.
2026-02-25 12:21:33.269559 (3127785) stdio___ INFO    Starting STDIN reader (tty: yes, tty name: '/dev/pts/0')
2026-02-25 12:21:33.631434 (3127774) session_ INFO    Starting analysis session with session id 'session_0' (launcher: <local>) ...
2026-02-25 12:21:33.633360 (3127774) session_ INFO    Analysis session with session id 'session_0' started (pid: 3127786)
2026-02-25 12:21:36.640628 (3127774) session_ INFO    Analysis session 'session_0' connected to the console (host: 127.0.0.1:59974)
2026-02-25 12:21:46.071712 (3127774) lic__man INFO    Unclaim everything for 'session_0'.
2026-02-25 12:21:46.422435 (3127774) lic__man INFO    Claim 'fpv' for 'session_0'.
2026-02-25 12:21:46.422481 (3127774) lic__man INFO    Claim 'fpv' for 'session_0/prove-0'.
2026-02-25 12:21:49.155650 (3127774) lic__man INFO    Unclaim everything for 'session_0/prove-0'.
2026-02-25 12:21:49.212645 (3127774) main____ INFO    About to exit: request to exit with status 0 received from analysis session 'session_0'
2026-02-25 12:21:49.678678 (3127774) session_ INFO    Analysis session 'session_0' disconnected.
2026-02-25 12:21:49.678835 (3127774) lic__man INFO    Unclaim everything for 'session_0'.
2026-02-25 12:21:49.679027 (3127774) session_ INFO    Process for analysis session 'session_0' has exited with exit status '0'.
2026-02-25 12:21:51.320880 (3127785) stdio___ INFO    STDIN reader requested to stop.
2026-02-25 12:21:51.320929 (3127785) stdio___ INFO    STDIN reader stopped.
2026-02-25 12:21:51.321193 (3127774) lic_core INFO    (1) checkin jasper_interactive
2026-02-25 12:21:51.322444 (3127774) lic_core INFO    (3) checkin jasper_fao
2026-02-25 12:21:51.324120 (3127774) main____ INFO    Exiting with status 0.
