2026-03-01 07:53:02.825234 (4084427) main____ INFO    ----------------------------------------
2026-03-01 07:53:02.825305 (4084427) main____ INFO    Jasper version info
2026-03-01 07:53:02.825321 (4084427) main____ INFO      tool      : Jasper 2023.12
2026-03-01 07:53:02.825336 (4084427) main____ INFO      version   : 2023.12p001 64 bits
2026-03-01 07:53:02.825349 (4084427) main____ INFO      build date: 2024.01.23 16:09:24 UTC
2026-03-01 07:53:02.825360 (4084427) main____ INFO    ----------------------------------------
2026-03-01 07:53:02.825370 (4084427) main____ INFO    Runtime info:
2026-03-01 07:53:02.825381 (4084427) main____ INFO      platform  : Linux 4.18.0-553.89.1.el8_10.x86_64 x86_64
2026-03-01 07:53:02.825397 (4084427) main____ INFO      hostname  : caddy12.stanford.edu
2026-03-01 07:53:02.825412 (4084427) main____ INFO      pid       : 4084427
2026-03-01 07:53:02.825424 (4084427) main____ INFO      arguments : '-style' 'windows' '-allow_unsupported_OS' '-no_gui' '-fpv' './synthlc/i_LW_out/xPerfLocSubsetDiv/coverset_95_.tcl' '-proj' './synthlc/i_LW_out/xPerfLocSubsetDiv/coverset_95_jgsession_26-03-01-07_53_02'
2026-03-01 07:53:02.825439 (4084427) main____ INFO      locale    : UTF-8
2026-03-01 07:53:02.825449 (4084427) main____ INFO    ----------------------------------------
2026-03-01 07:53:02.825459 (4084427) main____ INFO    System resource limits info:
2026-03-01 07:53:02.825472 (4084427) main____ INFO      virtual memory: unlimited
2026-03-01 07:53:02.825485 (4084427) main____ INFO      cpu time      : unlimited
2026-03-01 07:53:02.825502 (4084427) main____ INFO      processes     : 4096
2026-03-01 07:53:02.825520 (4084427) main____ INFO      stack size    : 8388608 B
2026-03-01 07:53:02.826784 (4084427) main____ INFO      core file size: 0 B
2026-03-01 07:53:02.826823 (4084427) main____ INFO      open files    : 4096
2026-03-01 07:53:02.826857 (4084427) main____ INFO      file size     : unlimited
2026-03-01 07:53:02.826885 (4084427) main____ INFO    ----------------------------------------
2026-03-01 07:53:02.826912 (4084427) main____ INFO    Memory statistics:
2026-03-01 07:53:02.826944 (4084427) main____ INFO      total physical memory  : 98449088 kB
2026-03-01 07:53:02.826980 (4084427) main____ INFO      free physical memory   : 86748176 kB
2026-03-01 07:53:02.826992 (4084427) main____ INFO      committed address space: 7255136 kB
2026-03-01 07:53:02.827002 (4084427) main____ INFO    ----------------------------------------
2026-03-01 07:53:02.828153 (4084427) main____ INFO    Important environment variables:
2026-03-01 07:53:02.828741 (4084427) main____ INFO      CDS_LIC_FILE       : '5280@cadlic0'
2026-03-01 07:53:02.828781 (4084427) main____ INFO      DISPLAY            : 'localhost:12.0'
2026-03-01 07:53:02.828814 (4084427) main____ INFO      JASPER_INSTALL_DIR : '/cad/cadence/jasper_2023.12p001'
2026-03-01 07:53:02.828847 (4084427) main____ INFO      JASPER_KERNEL_CHECK: '1'
2026-03-01 07:53:02.828880 (4084427) main____ INFO      JASPER_OS_CHECK    : '0'
2026-03-01 07:53:02.828914 (4084427) main____ INFO      LANG               : 'zh_TW.UTF-8'
2026-03-01 07:53:02.828942 (4084427) main____ INFO    ----------------------------------------
2026-03-01 07:53:02.830125 (4084427) lic_core INFO    Initializing license system ...
2026-03-01 07:53:02.831922 (4084427) lic_core INFO    ... license system initialized.
2026-03-01 07:53:02.844592 (4084427) lic__man INFO    Claim 'main' for <ui>.
2026-03-01 07:53:02.844641 (4084427) lic_core INFO    (1) checking out 'jasper_interactive' ...
2026-03-01 07:53:02.856707 (4084427) lic_core INFO    ... (1) checkout succeeded
2026-03-01 07:53:02.856771 (4084427) lic__man INFO    Claim 'fpv' for <ui>.
2026-03-01 07:53:02.856792 (4084427) lic_core INFO    (2) checking out 'jasper_fpv' ...
2026-03-01 07:53:02.861000 (4084427) lic_core INFO    ... (2) checkout failed (error: -5) ("FLEXnet ERROR(-5, 0, 0): No such feature exists.")
2026-03-01 07:53:02.861041 (4084427) lic_core INFO    (3) checking out 'jasper_fao' ...
2026-03-01 07:53:02.871751 (4084427) lic_core INFO    ... (3) checkout succeeded
2026-03-01 07:53:02.872603 (4084448) stdio___ INFO    Starting STDIN reader (tty: yes, tty name: '/dev/pts/0')
2026-03-01 07:53:02.872739 (4084427) main____ INFO    Tool inactivity delay is 480000 ms.
2026-03-01 07:53:02.915256 (4084427) session_ INFO    Starting analysis session with session id 'session_0' (launcher: <local>) ...
2026-03-01 07:53:02.917129 (4084427) session_ INFO    Analysis session with session id 'session_0' started (pid: 4084451)
2026-03-01 07:53:04.047197 (4084427) session_ INFO    Analysis session 'session_0' connected to the console (host: 127.0.0.1:53926)
2026-03-01 07:53:07.844617 (4084427) lic__man INFO    Unclaim everything for 'session_0'.
2026-03-01 07:53:08.050976 (4084427) lic__man INFO    Claim 'fpv' for 'session_0'.
2026-03-01 07:53:08.051020 (4084427) lic__man INFO    Claim 'fpv' for 'session_0/prove-0'.
2026-03-01 07:53:11.023853 (4084427) lic__man INFO    Unclaim everything for 'session_0/prove-0'.
2026-03-01 07:53:11.065787 (4084427) main____ INFO    About to exit: request to exit with status 0 received from analysis session 'session_0'
2026-03-01 07:53:11.199820 (4084427) session_ INFO    Analysis session 'session_0' disconnected.
2026-03-01 07:53:11.200036 (4084427) lic__man INFO    Unclaim everything for 'session_0'.
2026-03-01 07:53:11.200221 (4084427) session_ INFO    Process for analysis session 'session_0' has exited with exit status '0'.
2026-03-01 07:53:12.972240 (4084448) stdio___ INFO    STDIN reader requested to stop.
2026-03-01 07:53:12.972276 (4084448) stdio___ INFO    STDIN reader stopped.
2026-03-01 07:53:12.972504 (4084427) lic_core INFO    (1) checkin jasper_interactive
2026-03-01 07:53:12.973538 (4084427) lic_core INFO    (3) checkin jasper_fao
2026-03-01 07:53:12.974922 (4084427) main____ INFO    Exiting with status 0.
