2026-02-25 11:24:23.061927 (3085145) main____ INFO    ----------------------------------------
2026-02-25 11:24:23.062036 (3085145) main____ INFO    Jasper version info
2026-02-25 11:24:23.062052 (3085145) main____ INFO      tool      : Jasper 2023.12
2026-02-25 11:24:23.062068 (3085145) main____ INFO      version   : 2023.12p001 64 bits
2026-02-25 11:24:23.062081 (3085145) main____ INFO      build date: 2024.01.23 16:09:24 UTC
2026-02-25 11:24:23.062091 (3085145) main____ INFO    ----------------------------------------
2026-02-25 11:24:23.062100 (3085145) main____ INFO    Runtime info:
2026-02-25 11:24:23.062111 (3085145) main____ INFO      platform  : Linux 4.18.0-553.89.1.el8_10.x86_64 x86_64
2026-02-25 11:24:23.062131 (3085145) main____ INFO      hostname  : caddy15.stanford.edu
2026-02-25 11:24:23.062146 (3085145) main____ INFO      pid       : 3085145
2026-02-25 11:24:23.062158 (3085145) main____ INFO      arguments : '-style' 'windows' '-allow_unsupported_OS' '-no_gui' '-fpv' './synthlc/i_DIV_out/xPairwiseDepDiv/nunv_anytwo_361_.tcl' '-proj' './synthlc/i_DIV_out/xPairwiseDepDiv/nunv_anytwo_361_jgsession_26-02-25-11_24_21'
2026-02-25 11:24:23.062175 (3085145) main____ INFO      locale    : UTF-8
2026-02-25 11:24:23.062185 (3085145) main____ INFO    ----------------------------------------
2026-02-25 11:24:23.062194 (3085145) main____ INFO    System resource limits info:
2026-02-25 11:24:23.062206 (3085145) main____ INFO      virtual memory: unlimited
2026-02-25 11:24:23.062218 (3085145) main____ INFO      cpu time      : unlimited
2026-02-25 11:24:23.062237 (3085145) main____ INFO      processes     : 4096
2026-02-25 11:24:23.062268 (3085145) main____ INFO      stack size    : 8388608 B
2026-02-25 11:24:23.062282 (3085145) main____ INFO      core file size: 0 B
2026-02-25 11:24:23.062296 (3085145) main____ INFO      open files    : 4096
2026-02-25 11:24:23.062321 (3085145) main____ INFO      file size     : unlimited
2026-02-25 11:24:23.062331 (3085145) main____ INFO    ----------------------------------------
2026-02-25 11:24:23.062340 (3085145) main____ INFO    Memory statistics:
2026-02-25 11:24:23.062352 (3085145) main____ INFO      total physical memory  : 98449092 kB
2026-02-25 11:24:23.062363 (3085145) main____ INFO      free physical memory   : 74383300 kB
2026-02-25 11:24:23.062374 (3085145) main____ INFO      committed address space: 12525676 kB
2026-02-25 11:24:23.062384 (3085145) main____ INFO    ----------------------------------------
2026-02-25 11:24:23.063568 (3085145) main____ INFO    Important environment variables:
2026-02-25 11:24:23.063593 (3085145) main____ INFO      CDS_LIC_FILE       : '5280@cadlic0'
2026-02-25 11:24:23.063605 (3085145) main____ INFO      JASPER_INSTALL_DIR : '/cad/cadence/jasper_2023.12p001'
2026-02-25 11:24:23.063617 (3085145) main____ INFO      JASPER_KERNEL_CHECK: '1'
2026-02-25 11:24:23.063629 (3085145) main____ INFO      JASPER_OS_CHECK    : '0'
2026-02-25 11:24:23.063641 (3085145) main____ INFO      LANG               : 'en_US.UTF-8'
2026-02-25 11:24:23.063650 (3085145) main____ INFO    ----------------------------------------
2026-02-25 11:24:23.065548 (3085145) lic_core INFO    Initializing license system ...
2026-02-25 11:24:23.100615 (3085145) lic_core INFO    ... license system initialized.
2026-02-25 11:24:23.269690 (3085145) lic__man INFO    Claim 'main' for <ui>.
2026-02-25 11:24:23.269770 (3085145) lic_core INFO    (1) checking out 'jasper_interactive' ...
2026-02-25 11:24:23.331593 (3085145) lic_core INFO    ... (1) checkout succeeded
2026-02-25 11:24:23.331707 (3085145) lic__man INFO    Claim 'fpv' for <ui>.
2026-02-25 11:24:23.331734 (3085145) lic_core INFO    (2) checking out 'jasper_fpv' ...
2026-02-25 11:24:23.389832 (3085145) lic_core INFO    ... (2) checkout failed (error: -5) ("FLEXnet ERROR(-5, 0, 0): No such feature exists.")
2026-02-25 11:24:23.389892 (3085145) lic_core INFO    (3) checking out 'jasper_fao' ...
2026-02-25 11:24:23.480536 (3085145) lic_core INFO    ... (3) checkout succeeded
2026-02-25 11:24:23.501178 (3085145) main____ INFO    Tool inactivity delay is 480000 ms.
2026-02-25 11:24:23.510559 (3085156) stdio___ INFO    Starting STDIN reader (tty: yes, tty name: '/dev/pts/0')
2026-02-25 11:24:23.868427 (3085145) session_ INFO    Starting analysis session with session id 'session_0' (launcher: <local>) ...
2026-02-25 11:24:23.870364 (3085145) session_ INFO    Analysis session with session id 'session_0' started (pid: 3085157)
2026-02-25 11:24:27.661927 (3085145) session_ INFO    Analysis session 'session_0' connected to the console (host: 127.0.0.1:37218)
2026-02-25 11:24:35.878426 (3085145) lic__man INFO    Unclaim everything for 'session_0'.
2026-02-25 11:24:36.368819 (3085145) lic__man INFO    Claim 'fpv' for 'session_0'.
2026-02-25 11:24:36.368869 (3085145) lic__man INFO    Claim 'fpv' for 'session_0/prove-0'.
2026-02-25 11:24:41.127100 (3085145) lic__man INFO    Unclaim everything for 'session_0/prove-0'.
2026-02-25 11:24:41.553569 (3085145) main____ INFO    About to exit: request to exit with status 0 received from analysis session 'session_0'
2026-02-25 11:24:43.467867 (3085145) session_ INFO    Analysis session 'session_0' disconnected.
2026-02-25 11:24:43.474380 (3085156) stdio___ INFO    STDIN reader requested to stop.
2026-02-25 11:24:43.474432 (3085156) stdio___ INFO    STDIN reader stopped.
2026-02-25 11:24:43.482218 (3085145) lic_core INFO    (1) checkin jasper_interactive
2026-02-25 11:24:43.491571 (3085145) lic_core INFO    (3) checkin jasper_fao
2026-02-25 11:24:43.503922 (3085145) main____ INFO    Exiting with status 0.
