2026-03-02 11:15:01.380404 (601209) main____ INFO    ----------------------------------------
2026-03-02 11:15:01.380479 (601209) main____ INFO    Jasper version info
2026-03-02 11:15:01.380494 (601209) main____ INFO      tool      : Jasper 2023.12
2026-03-02 11:15:01.380508 (601209) main____ INFO      version   : 2023.12p001 64 bits
2026-03-02 11:15:01.380521 (601209) main____ INFO      build date: 2024.01.23 16:09:24 UTC
2026-03-02 11:15:01.380530 (601209) main____ INFO    ----------------------------------------
2026-03-02 11:15:01.380539 (601209) main____ INFO    Runtime info:
2026-03-02 11:15:01.380550 (601209) main____ INFO      platform  : Linux 4.18.0-553.89.1.el8_10.x86_64 x86_64
2026-03-02 11:15:01.380566 (601209) main____ INFO      hostname  : caddy12.stanford.edu
2026-03-02 11:15:01.380581 (601209) main____ INFO      pid       : 601209
2026-03-02 11:15:01.380591 (601209) main____ INFO      arguments : '-style' 'windows' '-allow_unsupported_OS' '-no_gui' '-fpv' './synthlc/i_ADDI_out/xHBPerfG_dfg_v3_div/HB_88_.tcl' '-proj' './synthlc/i_ADDI_out/xHBPerfG_dfg_v3_div/HB_88_jgsession_26-03-02-11_15_01'
2026-03-02 11:15:01.380608 (601209) main____ INFO      locale    : UTF-8
2026-03-02 11:15:01.380617 (601209) main____ INFO    ----------------------------------------
2026-03-02 11:15:01.380626 (601209) main____ INFO    System resource limits info:
2026-03-02 11:15:01.380638 (601209) main____ INFO      virtual memory: unlimited
2026-03-02 11:15:01.380649 (601209) main____ INFO      cpu time      : unlimited
2026-03-02 11:15:01.380686 (601209) main____ INFO      processes     : 4096
2026-03-02 11:15:01.380704 (601209) main____ INFO      stack size    : 8388608 B
2026-03-02 11:15:01.380718 (601209) main____ INFO      core file size: 0 B
2026-03-02 11:15:01.380731 (601209) main____ INFO      open files    : 4096
2026-03-02 11:15:01.380742 (601209) main____ INFO      file size     : unlimited
2026-03-02 11:15:01.380751 (601209) main____ INFO    ----------------------------------------
2026-03-02 11:15:01.380760 (601209) main____ INFO    Memory statistics:
2026-03-02 11:15:01.380771 (601209) main____ INFO      total physical memory  : 98449088 kB
2026-03-02 11:15:01.380782 (601209) main____ INFO      free physical memory   : 87238224 kB
2026-03-02 11:15:01.380793 (601209) main____ INFO      committed address space: 8000380 kB
2026-03-02 11:15:01.380802 (601209) main____ INFO    ----------------------------------------
2026-03-02 11:15:01.381989 (601209) main____ INFO    Important environment variables:
2026-03-02 11:15:01.382013 (601209) main____ INFO      CDS_LIC_FILE       : '5280@cadlic0'
2026-03-02 11:15:01.382025 (601209) main____ INFO      DISPLAY            : 'localhost:12.0'
2026-03-02 11:15:01.382037 (601209) main____ INFO      JASPER_INSTALL_DIR : '/cad/cadence/jasper_2023.12p001'
2026-03-02 11:15:01.382048 (601209) main____ INFO      JASPER_KERNEL_CHECK: '1'
2026-03-02 11:15:01.382060 (601209) main____ INFO      JASPER_OS_CHECK    : '0'
2026-03-02 11:15:01.382071 (601209) main____ INFO      LANG               : 'zh_TW.UTF-8'
2026-03-02 11:15:01.382081 (601209) main____ INFO    ----------------------------------------
2026-03-02 11:15:01.383174 (601209) lic_core INFO    Initializing license system ...
2026-03-02 11:15:01.384586 (601209) lic_core INFO    ... license system initialized.
2026-03-02 11:15:01.396949 (601209) lic__man INFO    Claim 'main' for <ui>.
2026-03-02 11:15:01.396996 (601209) lic_core INFO    (1) checking out 'jasper_interactive' ...
2026-03-02 11:15:01.409554 (601209) lic_core INFO    ... (1) checkout succeeded
2026-03-02 11:15:01.409633 (601209) lic__man INFO    Claim 'fpv' for <ui>.
2026-03-02 11:15:01.409660 (601209) lic_core INFO    (2) checking out 'jasper_fpv' ...
2026-03-02 11:15:01.413898 (601209) lic_core INFO    ... (2) checkout failed (error: -5) ("FLEXnet ERROR(-5, 0, 0): No such feature exists.")
2026-03-02 11:15:01.413931 (601209) lic_core INFO    (3) checking out 'jasper_fao' ...
2026-03-02 11:15:01.425018 (601209) lic_core INFO    ... (3) checkout succeeded
2026-03-02 11:15:01.427469 (601225) stdio___ INFO    Starting STDIN reader (tty: yes, tty name: '/dev/pts/0')
2026-03-02 11:15:01.427600 (601209) main____ INFO    Tool inactivity delay is 480000 ms.
2026-03-02 11:15:01.469418 (601209) session_ INFO    Starting analysis session with session id 'session_0' (launcher: <local>) ...
2026-03-02 11:15:01.471167 (601209) session_ INFO    Analysis session with session id 'session_0' started (pid: 601226)
2026-03-02 11:15:02.581066 (601209) session_ INFO    Analysis session 'session_0' connected to the console (host: 127.0.0.1:47552)
2026-03-02 11:15:05.640987 (601209) lic__man INFO    Unclaim everything for 'session_0'.
2026-03-02 11:15:05.865122 (601209) lic__man INFO    Claim 'fpv' for 'session_0'.
2026-03-02 11:15:05.865159 (601209) lic__man INFO    Claim 'fpv' for 'session_0/prove-0'.
2026-03-02 11:15:08.442651 (601209) lic__man INFO    Unclaim everything for 'session_0/prove-0'.
2026-03-02 11:15:08.525936 (601209) main____ INFO    About to exit: request to exit with status 0 received from analysis session 'session_0'
2026-03-02 11:15:08.948937 (601209) session_ INFO    Analysis session 'session_0' disconnected.
2026-03-02 11:15:08.949078 (601209) lic__man INFO    Unclaim everything for 'session_0'.
2026-03-02 11:15:08.959849 (601209) session_ INFO    Process for analysis session 'session_0' has exited with exit status '0'.
2026-03-02 11:15:10.443879 (601225) stdio___ INFO    STDIN reader requested to stop.
2026-03-02 11:15:10.443919 (601225) stdio___ INFO    STDIN reader stopped.
2026-03-02 11:15:10.454928 (601209) lic_core INFO    (1) checkin jasper_interactive
2026-03-02 11:15:10.459891 (601209) lic_core INFO    (3) checkin jasper_fao
2026-03-02 11:15:10.482714 (601209) main____ INFO    Exiting with status 0.
