2026-02-27 15:55:40.614006 (3172531) main____ INFO    ----------------------------------------
2026-02-27 15:55:40.614076 (3172531) main____ INFO    Jasper version info
2026-02-27 15:55:40.614091 (3172531) main____ INFO      tool      : Jasper 2023.12
2026-02-27 15:55:40.614106 (3172531) main____ INFO      version   : 2023.12p001 64 bits
2026-02-27 15:55:40.614119 (3172531) main____ INFO      build date: 2024.01.23 16:09:24 UTC
2026-02-27 15:55:40.614129 (3172531) main____ INFO    ----------------------------------------
2026-02-27 15:55:40.614139 (3172531) main____ INFO    Runtime info:
2026-02-27 15:55:40.614150 (3172531) main____ INFO      platform  : Linux 4.18.0-553.89.1.el8_10.x86_64 x86_64
2026-02-27 15:55:40.614166 (3172531) main____ INFO      hostname  : caddy12.stanford.edu
2026-02-27 15:55:40.614181 (3172531) main____ INFO      pid       : 3172531
2026-02-27 15:55:40.614192 (3172531) main____ INFO      arguments : '-style' 'windows' '-allow_unsupported_OS' '-no_gui' '-fpv' './synthlc/i_DIV_out/xPerfLocSubsetDiv/coverset_48_.tcl' '-proj' './synthlc/i_DIV_out/xPerfLocSubsetDiv/coverset_48_jgsession_26-02-27-15_55_40'
2026-02-27 15:55:40.614208 (3172531) main____ INFO      locale    : UTF-8
2026-02-27 15:55:40.614218 (3172531) main____ INFO    ----------------------------------------
2026-02-27 15:55:40.614228 (3172531) main____ INFO    System resource limits info:
2026-02-27 15:55:40.614241 (3172531) main____ INFO      virtual memory: unlimited
2026-02-27 15:55:40.614253 (3172531) main____ INFO      cpu time      : unlimited
2026-02-27 15:55:40.614269 (3172531) main____ INFO      processes     : 4096
2026-02-27 15:55:40.614287 (3172531) main____ INFO      stack size    : 8388608 B
2026-02-27 15:55:40.614301 (3172531) main____ INFO      core file size: 0 B
2026-02-27 15:55:40.614314 (3172531) main____ INFO      open files    : 4096
2026-02-27 15:55:40.614327 (3172531) main____ INFO      file size     : unlimited
2026-02-27 15:55:40.623784 (3172531) main____ INFO    ----------------------------------------
2026-02-27 15:55:40.623814 (3172531) main____ INFO    Memory statistics:
2026-02-27 15:55:40.623846 (3172531) main____ INFO      total physical memory  : 98449088 kB
2026-02-27 15:55:40.623877 (3172531) main____ INFO      free physical memory   : 78902044 kB
2026-02-27 15:55:40.623908 (3172531) main____ INFO      committed address space: 2190068 kB
2026-02-27 15:55:40.623935 (3172531) main____ INFO    ----------------------------------------
2026-02-27 15:55:40.625217 (3172531) main____ INFO    Important environment variables:
2026-02-27 15:55:40.633390 (3172531) main____ INFO      CDS_LIC_FILE       : '5280@cadlic0'
2026-02-27 15:55:40.633405 (3172531) main____ INFO      DISPLAY            : 'localhost:12.0'
2026-02-27 15:55:40.633417 (3172531) main____ INFO      JASPER_INSTALL_DIR : '/cad/cadence/jasper_2023.12p001'
2026-02-27 15:55:40.633429 (3172531) main____ INFO      JASPER_KERNEL_CHECK: '1'
2026-02-27 15:55:40.633441 (3172531) main____ INFO      JASPER_OS_CHECK    : '0'
2026-02-27 15:55:40.633453 (3172531) main____ INFO      LANG               : 'zh_TW.UTF-8'
2026-02-27 15:55:40.633463 (3172531) main____ INFO    ----------------------------------------
2026-02-27 15:55:40.634563 (3172531) lic_core INFO    Initializing license system ...
2026-02-27 15:55:40.645942 (3172531) lic_core INFO    ... license system initialized.
2026-02-27 15:55:40.702964 (3172531) lic__man INFO    Claim 'main' for <ui>.
2026-02-27 15:55:40.703008 (3172531) lic_core INFO    (1) checking out 'jasper_interactive' ...
2026-02-27 15:55:40.715592 (3172531) lic_core INFO    ... (1) checkout succeeded
2026-02-27 15:55:40.715647 (3172531) lic__man INFO    Claim 'fpv' for <ui>.
2026-02-27 15:55:40.715690 (3172531) lic_core INFO    (2) checking out 'jasper_fpv' ...
2026-02-27 15:55:40.720353 (3172531) lic_core INFO    ... (2) checkout failed (error: -5) ("FLEXnet ERROR(-5, 0, 0): No such feature exists.")
2026-02-27 15:55:40.720384 (3172531) lic_core INFO    (3) checking out 'jasper_fao' ...
2026-02-27 15:55:40.731873 (3172531) lic_core INFO    ... (3) checkout succeeded
2026-02-27 15:55:40.732687 (3172543) stdio___ INFO    Starting STDIN reader (tty: yes, tty name: '/dev/pts/0')
2026-02-27 15:55:40.732806 (3172531) main____ INFO    Tool inactivity delay is 480000 ms.
2026-02-27 15:55:40.850140 (3172531) session_ INFO    Starting analysis session with session id 'session_0' (launcher: <local>) ...
2026-02-27 15:55:40.851805 (3172531) session_ INFO    Analysis session with session id 'session_0' started (pid: 3172544)
2026-02-27 15:55:42.256541 (3172531) session_ INFO    Analysis session 'session_0' connected to the console (host: 127.0.0.1:52096)
2026-02-27 15:55:45.554533 (3172531) lic__man INFO    Unclaim everything for 'session_0'.
2026-02-27 15:55:45.766463 (3172531) lic__man INFO    Claim 'fpv' for 'session_0'.
2026-02-27 15:55:45.766505 (3172531) lic__man INFO    Claim 'fpv' for 'session_0/prove-0'.
2026-02-27 15:55:49.047589 (3172531) lic__man INFO    Unclaim everything for 'session_0/prove-0'.
2026-02-27 15:55:49.088844 (3172531) main____ INFO    About to exit: request to exit with status 0 received from analysis session 'session_0'
2026-02-27 15:55:49.257271 (3172531) session_ INFO    Analysis session 'session_0' disconnected.
2026-02-27 15:55:49.257419 (3172531) lic__man INFO    Unclaim everything for 'session_0'.
2026-02-27 15:55:49.257708 (3172531) session_ INFO    Process for analysis session 'session_0' has exited with exit status '0'.
2026-02-27 15:55:50.995590 (3172543) stdio___ INFO    STDIN reader requested to stop.
2026-02-27 15:55:50.995631 (3172543) stdio___ INFO    STDIN reader stopped.
2026-02-27 15:55:50.995937 (3172531) lic_core INFO    (1) checkin jasper_interactive
2026-02-27 15:55:50.998126 (3172531) lic_core INFO    (3) checkin jasper_fao
2026-02-27 15:55:51.007899 (3172531) main____ INFO    Exiting with status 0.
