2026-03-01 06:09:07.610306 (4006488) main____ INFO    ----------------------------------------
2026-03-01 06:09:07.610412 (4006488) main____ INFO    Jasper version info
2026-03-01 06:09:07.610429 (4006488) main____ INFO      tool      : Jasper 2023.12
2026-03-01 06:09:07.610444 (4006488) main____ INFO      version   : 2023.12p001 64 bits
2026-03-01 06:09:07.610458 (4006488) main____ INFO      build date: 2024.01.23 16:09:24 UTC
2026-03-01 06:09:07.610469 (4006488) main____ INFO    ----------------------------------------
2026-03-01 06:09:07.610478 (4006488) main____ INFO    Runtime info:
2026-03-01 06:09:07.610490 (4006488) main____ INFO      platform  : Linux 4.18.0-553.89.1.el8_10.x86_64 x86_64
2026-03-01 06:09:07.610509 (4006488) main____ INFO      hostname  : caddy12.stanford.edu
2026-03-01 06:09:07.610525 (4006488) main____ INFO      pid       : 4006488
2026-03-01 06:09:07.610536 (4006488) main____ INFO      arguments : '-style' 'windows' '-allow_unsupported_OS' '-no_gui' '-fpv' './synthlc/i_LW_out/xPairwiseDepDiv/exclusive_166_.tcl' '-proj' './synthlc/i_LW_out/xPairwiseDepDiv/exclusive_166_jgsession_26-03-01-06_09_06'
2026-03-01 06:09:07.610554 (4006488) main____ INFO      locale    : UTF-8
2026-03-01 06:09:07.610564 (4006488) main____ INFO    ----------------------------------------
2026-03-01 06:09:07.610574 (4006488) main____ INFO    System resource limits info:
2026-03-01 06:09:07.610587 (4006488) main____ INFO      virtual memory: unlimited
2026-03-01 06:09:07.610600 (4006488) main____ INFO      cpu time      : unlimited
2026-03-01 06:09:07.610619 (4006488) main____ INFO      processes     : 4096
2026-03-01 06:09:07.610640 (4006488) main____ INFO      stack size    : 8388608 B
2026-03-01 06:09:07.610654 (4006488) main____ INFO      core file size: 0 B
2026-03-01 06:09:07.610682 (4006488) main____ INFO      open files    : 4096
2026-03-01 06:09:07.610695 (4006488) main____ INFO      file size     : unlimited
2026-03-01 06:09:07.610706 (4006488) main____ INFO    ----------------------------------------
2026-03-01 06:09:07.610715 (4006488) main____ INFO    Memory statistics:
2026-03-01 06:09:07.610739 (4006488) main____ INFO      total physical memory  : 98449088 kB
2026-03-01 06:09:07.610751 (4006488) main____ INFO      free physical memory   : 82733492 kB
2026-03-01 06:09:07.610763 (4006488) main____ INFO      committed address space: 13242716 kB
2026-03-01 06:09:07.610773 (4006488) main____ INFO    ----------------------------------------
2026-03-01 06:09:07.611963 (4006488) main____ INFO    Important environment variables:
2026-03-01 06:09:07.611990 (4006488) main____ INFO      CDS_LIC_FILE       : '5280@cadlic0'
2026-03-01 06:09:07.612004 (4006488) main____ INFO      DISPLAY            : 'localhost:12.0'
2026-03-01 06:09:07.612016 (4006488) main____ INFO      JASPER_INSTALL_DIR : '/cad/cadence/jasper_2023.12p001'
2026-03-01 06:09:07.612028 (4006488) main____ INFO      JASPER_KERNEL_CHECK: '1'
2026-03-01 06:09:07.612041 (4006488) main____ INFO      JASPER_OS_CHECK    : '0'
2026-03-01 06:09:07.612053 (4006488) main____ INFO      LANG               : 'zh_TW.UTF-8'
2026-03-01 06:09:07.612063 (4006488) main____ INFO    ----------------------------------------
2026-03-01 06:09:07.614875 (4006488) lic_core INFO    Initializing license system ...
2026-03-01 06:09:07.685461 (4006488) lic_core INFO    ... license system initialized.
2026-03-01 06:09:07.814886 (4006488) lic__man INFO    Claim 'main' for <ui>.
2026-03-01 06:09:07.814957 (4006488) lic_core INFO    (1) checking out 'jasper_interactive' ...
2026-03-01 06:09:07.886050 (4006488) lic_core INFO    ... (1) checkout succeeded
2026-03-01 06:09:07.886159 (4006488) lic__man INFO    Claim 'fpv' for <ui>.
2026-03-01 06:09:07.886187 (4006488) lic_core INFO    (2) checking out 'jasper_fpv' ...
2026-03-01 06:09:07.951145 (4006488) lic_core INFO    ... (2) checkout failed (error: -5) ("FLEXnet ERROR(-5, 0, 0): No such feature exists.")
2026-03-01 06:09:07.951215 (4006488) lic_core INFO    (3) checking out 'jasper_fao' ...
2026-03-01 06:09:08.021988 (4006488) lic_core INFO    ... (3) checkout succeeded
2026-03-01 06:09:08.035628 (4006488) main____ INFO    Tool inactivity delay is 480000 ms.
2026-03-01 06:09:08.044908 (4006504) stdio___ INFO    Starting STDIN reader (tty: yes, tty name: '/dev/pts/0')
2026-03-01 06:09:08.345806 (4006488) session_ INFO    Starting analysis session with session id 'session_0' (launcher: <local>) ...
2026-03-01 06:09:08.347786 (4006488) session_ INFO    Analysis session with session id 'session_0' started (pid: 4006505)
2026-03-01 06:09:11.553880 (4006488) session_ INFO    Analysis session 'session_0' connected to the console (host: 127.0.0.1:35958)
2026-03-01 06:09:15.701876 (4006488) lic__man INFO    Unclaim everything for 'session_0'.
2026-03-01 06:09:15.998466 (4006488) lic__man INFO    Claim 'fpv' for 'session_0'.
2026-03-01 06:09:15.998518 (4006488) lic__man INFO    Claim 'fpv' for 'session_0/prove-0'.
2026-03-01 06:09:36.533172 (4006488) lic__man INFO    Unclaim everything for 'session_0/prove-0'.
2026-03-01 06:09:36.568118 (4006488) main____ INFO    About to exit: request to exit with status 0 received from analysis session 'session_0'
2026-03-01 06:09:36.873213 (4006488) session_ INFO    Analysis session 'session_0' disconnected.
2026-03-01 06:09:36.873365 (4006488) lic__man INFO    Unclaim everything for 'session_0'.
2026-03-01 06:09:36.873695 (4006488) session_ INFO    Process for analysis session 'session_0' has exited with exit status '0'.
2026-03-01 06:09:38.495766 (4006504) stdio___ INFO    STDIN reader requested to stop.
2026-03-01 06:09:38.495835 (4006504) stdio___ INFO    STDIN reader stopped.
2026-03-01 06:09:38.496949 (4006488) lic_core INFO    (1) checkin jasper_interactive
2026-03-01 06:09:38.498826 (4006488) lic_core INFO    (3) checkin jasper_fao
2026-03-01 06:09:38.531750 (4006488) main____ INFO    Exiting with status 0.
