2026-02-27 15:56:44.305990 (3177048) main____ INFO    ----------------------------------------
2026-02-27 15:56:44.306062 (3177048) main____ INFO    Jasper version info
2026-02-27 15:56:44.306078 (3177048) main____ INFO      tool      : Jasper 2023.12
2026-02-27 15:56:44.306094 (3177048) main____ INFO      version   : 2023.12p001 64 bits
2026-02-27 15:56:44.306107 (3177048) main____ INFO      build date: 2024.01.23 16:09:24 UTC
2026-02-27 15:56:44.306118 (3177048) main____ INFO    ----------------------------------------
2026-02-27 15:56:44.306128 (3177048) main____ INFO    Runtime info:
2026-02-27 15:56:44.306139 (3177048) main____ INFO      platform  : Linux 4.18.0-553.89.1.el8_10.x86_64 x86_64
2026-02-27 15:56:44.306156 (3177048) main____ INFO      hostname  : caddy12.stanford.edu
2026-02-27 15:56:44.306171 (3177048) main____ INFO      pid       : 3177048
2026-02-27 15:56:44.306183 (3177048) main____ INFO      arguments : '-style' 'windows' '-allow_unsupported_OS' '-no_gui' '-fpv' './synthlc/i_DIV_out/xPerfLocSubsetDiv/coverset_7_.tcl' '-proj' './synthlc/i_DIV_out/xPerfLocSubsetDiv/coverset_7_jgsession_26-02-27-15_56_44'
2026-02-27 15:56:44.306199 (3177048) main____ INFO      locale    : UTF-8
2026-02-27 15:56:44.306210 (3177048) main____ INFO    ----------------------------------------
2026-02-27 15:56:44.306220 (3177048) main____ INFO    System resource limits info:
2026-02-27 15:56:44.306232 (3177048) main____ INFO      virtual memory: unlimited
2026-02-27 15:56:44.306245 (3177048) main____ INFO      cpu time      : unlimited
2026-02-27 15:56:44.306262 (3177048) main____ INFO      processes     : 4096
2026-02-27 15:56:44.306281 (3177048) main____ INFO      stack size    : 8388608 B
2026-02-27 15:56:44.306295 (3177048) main____ INFO      core file size: 0 B
2026-02-27 15:56:44.306309 (3177048) main____ INFO      open files    : 4096
2026-02-27 15:56:44.306322 (3177048) main____ INFO      file size     : unlimited
2026-02-27 15:56:44.306332 (3177048) main____ INFO    ----------------------------------------
2026-02-27 15:56:44.306341 (3177048) main____ INFO    Memory statistics:
2026-02-27 15:56:44.306354 (3177048) main____ INFO      total physical memory  : 98449088 kB
2026-02-27 15:56:44.306365 (3177048) main____ INFO      free physical memory   : 78892768 kB
2026-02-27 15:56:44.306377 (3177048) main____ INFO      committed address space: 2175180 kB
2026-02-27 15:56:44.306387 (3177048) main____ INFO    ----------------------------------------
2026-02-27 15:56:44.307554 (3177048) main____ INFO    Important environment variables:
2026-02-27 15:56:44.307582 (3177048) main____ INFO      CDS_LIC_FILE       : '5280@cadlic0'
2026-02-27 15:56:44.307595 (3177048) main____ INFO      DISPLAY            : 'localhost:12.0'
2026-02-27 15:56:44.307608 (3177048) main____ INFO      JASPER_INSTALL_DIR : '/cad/cadence/jasper_2023.12p001'
2026-02-27 15:56:44.307620 (3177048) main____ INFO      JASPER_KERNEL_CHECK: '1'
2026-02-27 15:56:44.307632 (3177048) main____ INFO      JASPER_OS_CHECK    : '0'
2026-02-27 15:56:44.307645 (3177048) main____ INFO      LANG               : 'zh_TW.UTF-8'
2026-02-27 15:56:44.307655 (3177048) main____ INFO    ----------------------------------------
2026-02-27 15:56:44.308804 (3177048) lic_core INFO    Initializing license system ...
2026-02-27 15:56:44.311473 (3177048) lic_core INFO    ... license system initialized.
2026-02-27 15:56:44.370155 (3177048) lic__man INFO    Claim 'main' for <ui>.
2026-02-27 15:56:44.370202 (3177048) lic_core INFO    (1) checking out 'jasper_interactive' ...
2026-02-27 15:56:44.383709 (3177048) lic_core INFO    ... (1) checkout succeeded
2026-02-27 15:56:44.383769 (3177048) lic__man INFO    Claim 'fpv' for <ui>.
2026-02-27 15:56:44.383792 (3177048) lic_core INFO    (2) checking out 'jasper_fpv' ...
2026-02-27 15:56:44.387950 (3177048) lic_core INFO    ... (2) checkout failed (error: -5) ("FLEXnet ERROR(-5, 0, 0): No such feature exists.")
2026-02-27 15:56:44.387984 (3177048) lic_core INFO    (3) checking out 'jasper_fao' ...
2026-02-27 15:56:44.399442 (3177048) lic_core INFO    ... (3) checkout succeeded
2026-02-27 15:56:44.400357 (3177060) stdio___ INFO    Starting STDIN reader (tty: yes, tty name: '/dev/pts/0')
2026-02-27 15:56:44.400485 (3177048) main____ INFO    Tool inactivity delay is 480000 ms.
2026-02-27 15:56:44.516081 (3177048) session_ INFO    Starting analysis session with session id 'session_0' (launcher: <local>) ...
2026-02-27 15:56:44.517911 (3177048) session_ INFO    Analysis session with session id 'session_0' started (pid: 3177061)
2026-02-27 15:56:45.867161 (3177048) session_ INFO    Analysis session 'session_0' connected to the console (host: 127.0.0.1:51832)
2026-02-27 15:56:49.079828 (3177048) lic__man INFO    Unclaim everything for 'session_0'.
2026-02-27 15:56:49.297804 (3177048) lic__man INFO    Claim 'fpv' for 'session_0'.
2026-02-27 15:56:49.297841 (3177048) lic__man INFO    Claim 'fpv' for 'session_0/prove-0'.
2026-02-27 15:56:51.373402 (3177048) lic__man INFO    Unclaim everything for 'session_0/prove-0'.
2026-02-27 15:56:51.424804 (3177048) main____ INFO    About to exit: request to exit with status 0 received from analysis session 'session_0'
2026-02-27 15:56:51.553388 (3177048) session_ INFO    Analysis session 'session_0' disconnected.
2026-02-27 15:56:51.553574 (3177048) lic__man INFO    Unclaim everything for 'session_0'.
2026-02-27 15:56:51.553804 (3177048) session_ INFO    Process for analysis session 'session_0' has exited with exit status '0'.
2026-02-27 15:56:53.404744 (3177060) stdio___ INFO    STDIN reader requested to stop.
2026-02-27 15:56:53.404802 (3177060) stdio___ INFO    STDIN reader stopped.
2026-02-27 15:56:53.414933 (3177048) lic_core INFO    (1) checkin jasper_interactive
2026-02-27 15:56:53.432543 (3177048) lic_core INFO    (3) checkin jasper_fao
2026-02-27 15:56:53.465062 (3177048) main____ INFO    Exiting with status 0.
