2026-02-27 23:34:06.512135 (495890) main____ INFO    ----------------------------------------
2026-02-27 23:34:06.512200 (495890) main____ INFO    Jasper version info
2026-02-27 23:34:06.512215 (495890) main____ INFO      tool      : Jasper 2023.12
2026-02-27 23:34:06.512229 (495890) main____ INFO      version   : 2023.12p001 64 bits
2026-02-27 23:34:06.512241 (495890) main____ INFO      build date: 2024.01.23 16:09:24 UTC
2026-02-27 23:34:06.512251 (495890) main____ INFO    ----------------------------------------
2026-02-27 23:34:06.512260 (495890) main____ INFO    Runtime info:
2026-02-27 23:34:06.512271 (495890) main____ INFO      platform  : Linux 4.18.0-553.89.1.el8_10.x86_64 x86_64
2026-02-27 23:34:06.512287 (495890) main____ INFO      hostname  : caddy10.stanford.edu
2026-02-27 23:34:06.512302 (495890) main____ INFO      pid       : 495890
2026-02-27 23:34:06.512313 (495890) main____ INFO      arguments : '-style' 'windows' '-allow_unsupported_OS' '-no_gui' '-fpv' './synthlc/i_DIV_out/xHBPerfG_dfg_v3_div/HB_49_.tcl' '-proj' './synthlc/i_DIV_out/xHBPerfG_dfg_v3_div/HB_49_jgsession_26-02-27-23_34_06'
2026-02-27 23:34:06.512327 (495890) main____ INFO      locale    : UTF-8
2026-02-27 23:34:06.512337 (495890) main____ INFO    ----------------------------------------
2026-02-27 23:34:06.512346 (495890) main____ INFO    System resource limits info:
2026-02-27 23:34:06.512358 (495890) main____ INFO      virtual memory: unlimited
2026-02-27 23:34:06.512370 (495890) main____ INFO      cpu time      : unlimited
2026-02-27 23:34:06.512386 (495890) main____ INFO      processes     : 4096
2026-02-27 23:34:06.512404 (495890) main____ INFO      stack size    : 8388608 B
2026-02-27 23:34:06.512417 (495890) main____ INFO      core file size: 0 B
2026-02-27 23:34:06.512430 (495890) main____ INFO      open files    : 4096
2026-02-27 23:34:06.512442 (495890) main____ INFO      file size     : unlimited
2026-02-27 23:34:06.512451 (495890) main____ INFO    ----------------------------------------
2026-02-27 23:34:06.512471 (495890) main____ INFO    Memory statistics:
2026-02-27 23:34:06.512482 (495890) main____ INFO      total physical memory  : 98449096 kB
2026-02-27 23:34:06.512493 (495890) main____ INFO      free physical memory   : 90870448 kB
2026-02-27 23:34:06.512504 (495890) main____ INFO      committed address space: 1299484 kB
2026-02-27 23:34:06.512513 (495890) main____ INFO    ----------------------------------------
2026-02-27 23:34:06.513616 (495890) main____ INFO    Important environment variables:
2026-02-27 23:34:06.513637 (495890) main____ INFO      CDS_LIC_FILE       : '5280@cadlic0'
2026-02-27 23:34:06.513649 (495890) main____ INFO      JASPER_INSTALL_DIR : '/cad/cadence/jasper_2023.12p001'
2026-02-27 23:34:06.513661 (495890) main____ INFO      JASPER_KERNEL_CHECK: '1'
2026-02-27 23:34:06.513673 (495890) main____ INFO      JASPER_OS_CHECK    : '0'
2026-02-27 23:34:06.513685 (495890) main____ INFO      LANG               : 'en_US.UTF-8'
2026-02-27 23:34:06.513695 (495890) main____ INFO    ----------------------------------------
2026-02-27 23:34:06.514788 (495890) lic_core INFO    Initializing license system ...
2026-02-27 23:34:06.517700 (495890) lic_core INFO    ... license system initialized.
2026-02-27 23:34:06.533391 (495890) lic__man INFO    Claim 'main' for <ui>.
2026-02-27 23:34:06.533433 (495890) lic_core INFO    (1) checking out 'jasper_interactive' ...
2026-02-27 23:34:06.546029 (495890) lic_core INFO    ... (1) checkout succeeded
2026-02-27 23:34:06.546100 (495890) lic__man INFO    Claim 'fpv' for <ui>.
2026-02-27 23:34:06.546122 (495890) lic_core INFO    (2) checking out 'jasper_fpv' ...
2026-02-27 23:34:06.549817 (495890) lic_core INFO    ... (2) checkout failed (error: -5) ("FLEXnet ERROR(-5, 0, 0): No such feature exists.")
2026-02-27 23:34:06.549849 (495890) lic_core INFO    (3) checking out 'jasper_fao' ...
2026-02-27 23:34:06.560816 (495890) lic_core INFO    ... (3) checkout succeeded
2026-02-27 23:34:06.563648 (495924) stdio___ INFO    Starting STDIN reader (tty: yes, tty name: '/dev/pts/5')
2026-02-27 23:34:06.563761 (495890) main____ INFO    Tool inactivity delay is 480000 ms.
2026-02-27 23:34:06.604961 (495890) session_ INFO    Starting analysis session with session id 'session_0' (launcher: <local>) ...
2026-02-27 23:34:06.606855 (495890) session_ INFO    Analysis session with session id 'session_0' started (pid: 495929)
2026-02-27 23:34:07.699349 (495890) session_ INFO    Analysis session 'session_0' connected to the console (host: 127.0.0.1:44286)
2026-02-27 23:34:10.899044 (495890) lic__man INFO    Unclaim everything for 'session_0'.
2026-02-27 23:34:11.096098 (495890) lic__man INFO    Claim 'fpv' for 'session_0'.
2026-02-27 23:34:11.096132 (495890) lic__man INFO    Claim 'fpv' for 'session_0/prove-0'.
2026-02-27 23:34:13.130948 (495890) lic__man INFO    Unclaim everything for 'session_0/prove-0'.
2026-02-27 23:34:13.195492 (495890) main____ INFO    About to exit: request to exit with status 0 received from analysis session 'session_0'
2026-02-27 23:34:13.589415 (495890) session_ INFO    Analysis session 'session_0' disconnected.
2026-02-27 23:34:13.589613 (495890) lic__man INFO    Unclaim everything for 'session_0'.
2026-02-27 23:34:13.589835 (495890) session_ INFO    Process for analysis session 'session_0' has exited with exit status '0'.
2026-02-27 23:34:15.303397 (495924) stdio___ INFO    STDIN reader requested to stop.
2026-02-27 23:34:15.303434 (495924) stdio___ INFO    STDIN reader stopped.
2026-02-27 23:34:15.303700 (495890) lic_core INFO    (1) checkin jasper_interactive
2026-02-27 23:34:15.305340 (495890) lic_core INFO    (3) checkin jasper_fao
2026-02-27 23:34:15.306687 (495890) main____ INFO    Exiting with status 0.
