2026-02-27 16:48:28.534113 (3236150) main____ INFO    ----------------------------------------
2026-02-27 16:48:28.534218 (3236150) main____ INFO    Jasper version info
2026-02-27 16:48:28.534235 (3236150) main____ INFO      tool      : Jasper 2023.12
2026-02-27 16:48:28.534252 (3236150) main____ INFO      version   : 2023.12p001 64 bits
2026-02-27 16:48:28.534266 (3236150) main____ INFO      build date: 2024.01.23 16:09:24 UTC
2026-02-27 16:48:28.534277 (3236150) main____ INFO    ----------------------------------------
2026-02-27 16:48:28.534287 (3236150) main____ INFO    Runtime info:
2026-02-27 16:48:28.534299 (3236150) main____ INFO      platform  : Linux 4.18.0-553.89.1.el8_10.x86_64 x86_64
2026-02-27 16:48:28.534318 (3236150) main____ INFO      hostname  : caddy12.stanford.edu
2026-02-27 16:48:28.534334 (3236150) main____ INFO      pid       : 3236150
2026-02-27 16:48:28.534346 (3236150) main____ INFO      arguments : '-style' 'windows' '-allow_unsupported_OS' '-no_gui' '-fpv' './synthlc/i_DIV_out/xHBPerfG_dfg_v3_div/WHB_147_.tcl' '-proj' './synthlc/i_DIV_out/xHBPerfG_dfg_v3_div/WHB_147_jgsession_26-02-27-16_48_28'
2026-02-27 16:48:28.534364 (3236150) main____ INFO      locale    : UTF-8
2026-02-27 16:48:28.534374 (3236150) main____ INFO    ----------------------------------------
2026-02-27 16:48:28.534385 (3236150) main____ INFO    System resource limits info:
2026-02-27 16:48:28.534398 (3236150) main____ INFO      virtual memory: unlimited
2026-02-27 16:48:28.534411 (3236150) main____ INFO      cpu time      : unlimited
2026-02-27 16:48:28.534430 (3236150) main____ INFO      processes     : 4096
2026-02-27 16:48:28.534450 (3236150) main____ INFO      stack size    : 8388608 B
2026-02-27 16:48:28.534467 (3236150) main____ INFO      core file size: 0 B
2026-02-27 16:48:28.534482 (3236150) main____ INFO      open files    : 4096
2026-02-27 16:48:28.534495 (3236150) main____ INFO      file size     : unlimited
2026-02-27 16:48:28.534506 (3236150) main____ INFO    ----------------------------------------
2026-02-27 16:48:28.534516 (3236150) main____ INFO    Memory statistics:
2026-02-27 16:48:28.534528 (3236150) main____ INFO      total physical memory  : 98449088 kB
2026-02-27 16:48:28.534540 (3236150) main____ INFO      free physical memory   : 74118696 kB
2026-02-27 16:48:28.534553 (3236150) main____ INFO      committed address space: 8180776 kB
2026-02-27 16:48:28.534563 (3236150) main____ INFO    ----------------------------------------
2026-02-27 16:48:28.535769 (3236150) main____ INFO    Important environment variables:
2026-02-27 16:48:28.535797 (3236150) main____ INFO      CDS_LIC_FILE       : '5280@cadlic0'
2026-02-27 16:48:28.535811 (3236150) main____ INFO      DISPLAY            : 'localhost:12.0'
2026-02-27 16:48:28.535824 (3236150) main____ INFO      JASPER_INSTALL_DIR : '/cad/cadence/jasper_2023.12p001'
2026-02-27 16:48:28.535837 (3236150) main____ INFO      JASPER_KERNEL_CHECK: '1'
2026-02-27 16:48:28.535849 (3236150) main____ INFO      JASPER_OS_CHECK    : '0'
2026-02-27 16:48:28.535862 (3236150) main____ INFO      LANG               : 'zh_TW.UTF-8'
2026-02-27 16:48:28.535873 (3236150) main____ INFO    ----------------------------------------
2026-02-27 16:48:28.548817 (3236150) lic_core INFO    Initializing license system ...
2026-02-27 16:48:28.574008 (3236150) lic_core INFO    ... license system initialized.
2026-02-27 16:48:28.645572 (3236150) lic__man INFO    Claim 'main' for <ui>.
2026-02-27 16:48:28.645639 (3236150) lic_core INFO    (1) checking out 'jasper_interactive' ...
2026-02-27 16:48:28.658552 (3236150) lic_core INFO    ... (1) checkout succeeded
2026-02-27 16:48:28.658655 (3236150) lic__man INFO    Claim 'fpv' for <ui>.
2026-02-27 16:48:28.658694 (3236150) lic_core INFO    (2) checking out 'jasper_fpv' ...
2026-02-27 16:48:28.662787 (3236150) lic_core INFO    ... (2) checkout failed (error: -5) ("FLEXnet ERROR(-5, 0, 0): No such feature exists.")
2026-02-27 16:48:28.662839 (3236150) lic_core INFO    (3) checking out 'jasper_fao' ...
2026-02-27 16:48:28.676752 (3236150) lic_core INFO    ... (3) checkout succeeded
2026-02-27 16:48:28.694967 (3236150) main____ INFO    Tool inactivity delay is 480000 ms.
2026-02-27 16:48:28.703898 (3236166) stdio___ INFO    Starting STDIN reader (tty: yes, tty name: '/dev/pts/0')
2026-02-27 16:48:28.822025 (3236150) session_ INFO    Starting analysis session with session id 'session_0' (launcher: <local>) ...
2026-02-27 16:48:28.823999 (3236150) session_ INFO    Analysis session with session id 'session_0' started (pid: 3236175)
2026-02-27 16:48:30.615655 (3236150) session_ INFO    Analysis session 'session_0' connected to the console (host: 127.0.0.1:39740)
2026-02-27 16:48:37.397285 (3236150) lic__man INFO    Unclaim everything for 'session_0'.
2026-02-27 16:48:37.699165 (3236150) lic__man INFO    Claim 'fpv' for 'session_0'.
2026-02-27 16:48:37.699219 (3236150) lic__man INFO    Claim 'fpv' for 'session_0/prove-0'.
2026-02-27 16:48:45.148815 (3236150) lic__man INFO    Unclaim everything for 'session_0/prove-0'.
2026-02-27 16:48:45.153643 (3236150) main____ INFO    About to exit: request to exit with status 0 received from analysis session 'session_0'
2026-02-27 16:48:45.350801 (3236150) session_ INFO    Analysis session 'session_0' disconnected.
2026-02-27 16:48:45.350971 (3236150) lic__man INFO    Unclaim everything for 'session_0'.
2026-02-27 16:48:45.351255 (3236150) session_ INFO    Process for analysis session 'session_0' has exited with exit status '0'.
2026-02-27 16:48:47.282760 (3236166) stdio___ INFO    STDIN reader requested to stop.
2026-02-27 16:48:47.282828 (3236166) stdio___ INFO    STDIN reader stopped.
2026-02-27 16:48:47.283932 (3236150) lic_core INFO    (1) checkin jasper_interactive
2026-02-27 16:48:47.296877 (3236150) lic_core INFO    (3) checkin jasper_fao
2026-02-27 16:48:47.319716 (3236150) main____ INFO    Exiting with status 0.
