2026-02-28 02:01:21.369613 (617688) main____ INFO    ----------------------------------------
2026-02-28 02:01:21.369713 (617688) main____ INFO    Jasper version info
2026-02-28 02:01:21.369730 (617688) main____ INFO      tool      : Jasper 2023.12
2026-02-28 02:01:21.369747 (617688) main____ INFO      version   : 2023.12p001 64 bits
2026-02-28 02:01:21.369763 (617688) main____ INFO      build date: 2024.01.23 16:09:24 UTC
2026-02-28 02:01:21.369774 (617688) main____ INFO    ----------------------------------------
2026-02-28 02:01:21.369784 (617688) main____ INFO    Runtime info:
2026-02-28 02:01:21.369796 (617688) main____ INFO      platform  : Linux 4.18.0-553.89.1.el8_10.x86_64 x86_64
2026-02-28 02:01:21.369816 (617688) main____ INFO      hostname  : caddy10.stanford.edu
2026-02-28 02:01:21.369833 (617688) main____ INFO      pid       : 617688
2026-02-28 02:01:21.369847 (617688) main____ INFO      arguments : '-style' 'windows' '-allow_unsupported_OS' '-no_gui' '-fpv' './synthlc/i_MUL_out/xHBPerfG_dfg_v3_div/HB_30_.tcl' '-proj' './synthlc/i_MUL_out/xHBPerfG_dfg_v3_div/HB_30_jgsession_26-02-28-02_01_21'
2026-02-28 02:01:21.369866 (617688) main____ INFO      locale    : UTF-8
2026-02-28 02:01:21.369877 (617688) main____ INFO    ----------------------------------------
2026-02-28 02:01:21.369887 (617688) main____ INFO    System resource limits info:
2026-02-28 02:01:21.369901 (617688) main____ INFO      virtual memory: unlimited
2026-02-28 02:01:21.369914 (617688) main____ INFO      cpu time      : unlimited
2026-02-28 02:01:21.369934 (617688) main____ INFO      processes     : 4096
2026-02-28 02:01:21.369958 (617688) main____ INFO      stack size    : 8388608 B
2026-02-28 02:01:21.369974 (617688) main____ INFO      core file size: 0 B
2026-02-28 02:01:21.369988 (617688) main____ INFO      open files    : 4096
2026-02-28 02:01:21.370001 (617688) main____ INFO      file size     : unlimited
2026-02-28 02:01:21.370012 (617688) main____ INFO    ----------------------------------------
2026-02-28 02:01:21.370032 (617688) main____ INFO    Memory statistics:
2026-02-28 02:01:21.370045 (617688) main____ INFO      total physical memory  : 98449096 kB
2026-02-28 02:01:21.370105 (617688) main____ INFO      free physical memory   : 87896760 kB
2026-02-28 02:01:21.370118 (617688) main____ INFO      committed address space: 4685552 kB
2026-02-28 02:01:21.370129 (617688) main____ INFO    ----------------------------------------
2026-02-28 02:01:21.371309 (617688) main____ INFO    Important environment variables:
2026-02-28 02:01:21.371336 (617688) main____ INFO      CDS_LIC_FILE       : '5280@cadlic0'
2026-02-28 02:01:21.371350 (617688) main____ INFO      JASPER_INSTALL_DIR : '/cad/cadence/jasper_2023.12p001'
2026-02-28 02:01:21.371364 (617688) main____ INFO      JASPER_KERNEL_CHECK: '1'
2026-02-28 02:01:21.371378 (617688) main____ INFO      JASPER_OS_CHECK    : '0'
2026-02-28 02:01:21.371391 (617688) main____ INFO      LANG               : 'en_US.UTF-8'
2026-02-28 02:01:21.371402 (617688) main____ INFO    ----------------------------------------
2026-02-28 02:01:21.373231 (617688) lic_core INFO    Initializing license system ...
2026-02-28 02:01:21.405129 (617688) lic_core INFO    ... license system initialized.
2026-02-28 02:01:21.523301 (617688) lic__man INFO    Claim 'main' for <ui>.
2026-02-28 02:01:21.523367 (617688) lic_core INFO    (1) checking out 'jasper_interactive' ...
2026-02-28 02:01:21.595448 (617688) lic_core INFO    ... (1) checkout succeeded
2026-02-28 02:01:21.595545 (617688) lic__man INFO    Claim 'fpv' for <ui>.
2026-02-28 02:01:21.595571 (617688) lic_core INFO    (2) checking out 'jasper_fpv' ...
2026-02-28 02:01:21.655509 (617688) lic_core INFO    ... (2) checkout failed (error: -5) ("FLEXnet ERROR(-5, 0, 0): No such feature exists.")
2026-02-28 02:01:21.655561 (617688) lic_core INFO    (3) checking out 'jasper_fao' ...
2026-02-28 02:01:21.729347 (617688) lic_core INFO    ... (3) checkout succeeded
2026-02-28 02:01:21.730604 (617688) main____ INFO    Tool inactivity delay is 480000 ms.
2026-02-28 02:01:21.740644 (617731) stdio___ INFO    Starting STDIN reader (tty: yes, tty name: '/dev/pts/5')
2026-02-28 02:01:22.038217 (617688) session_ INFO    Starting analysis session with session id 'session_0' (launcher: <local>) ...
2026-02-28 02:01:22.040313 (617688) session_ INFO    Analysis session with session id 'session_0' started (pid: 617735)
2026-02-28 02:01:23.452640 (617688) session_ INFO    Analysis session 'session_0' connected to the console (host: 127.0.0.1:59202)
2026-02-28 02:01:29.787649 (617688) lic__man INFO    Unclaim everything for 'session_0'.
2026-02-28 02:01:29.989641 (617688) lic__man INFO    Claim 'fpv' for 'session_0'.
2026-02-28 02:01:29.989675 (617688) lic__man INFO    Claim 'fpv' for 'session_0/prove-0'.
2026-02-28 02:01:31.046756 (617688) lic__man INFO    Unclaim everything for 'session_0/prove-0'.
2026-02-28 02:01:31.088177 (617688) main____ INFO    About to exit: request to exit with status 0 received from analysis session 'session_0'
2026-02-28 02:01:31.231145 (617688) session_ INFO    Analysis session 'session_0' disconnected.
2026-02-28 02:01:31.231259 (617688) lic__man INFO    Unclaim everything for 'session_0'.
2026-02-28 02:01:31.231501 (617688) session_ INFO    Process for analysis session 'session_0' has exited with exit status '0'.
2026-02-28 02:01:32.994733 (617731) stdio___ INFO    STDIN reader requested to stop.
2026-02-28 02:01:32.994772 (617731) stdio___ INFO    STDIN reader stopped.
2026-02-28 02:01:32.994986 (617688) lic_core INFO    (1) checkin jasper_interactive
2026-02-28 02:01:32.996382 (617688) lic_core INFO    (3) checkin jasper_fao
2026-02-28 02:01:32.997448 (617688) main____ INFO    Exiting with status 0.
