2026-03-01 14:54:30.228371 (209483) main____ INFO    ----------------------------------------
2026-03-01 14:54:30.228430 (209483) main____ INFO    Jasper version info
2026-03-01 14:54:30.228446 (209483) main____ INFO      tool      : Jasper 2023.12
2026-03-01 14:54:30.228460 (209483) main____ INFO      version   : 2023.12p001 64 bits
2026-03-01 14:54:30.228473 (209483) main____ INFO      build date: 2024.01.23 16:09:24 UTC
2026-03-01 14:54:30.228483 (209483) main____ INFO    ----------------------------------------
2026-03-01 14:54:30.228494 (209483) main____ INFO    Runtime info:
2026-03-01 14:54:30.228505 (209483) main____ INFO      platform  : Linux 4.18.0-553.89.1.el8_10.x86_64 x86_64
2026-03-01 14:54:30.228522 (209483) main____ INFO      hostname  : caddy12.stanford.edu
2026-03-01 14:54:30.228537 (209483) main____ INFO      pid       : 209483
2026-03-01 14:54:30.228548 (209483) main____ INFO      arguments : '-style' 'windows' '-allow_unsupported_OS' '-no_gui' '-fpv' './synthlc/i_LW_out/xHBPerfG_leaving/HB_LEAVING_2_.tcl' '-proj' './synthlc/i_LW_out/xHBPerfG_leaving/HB_LEAVING_2_jgsession_26-03-01-14_54_30'
2026-03-01 14:54:30.228564 (209483) main____ INFO      locale    : UTF-8
2026-03-01 14:54:30.228574 (209483) main____ INFO    ----------------------------------------
2026-03-01 14:54:30.228584 (209483) main____ INFO    System resource limits info:
2026-03-01 14:54:30.228597 (209483) main____ INFO      virtual memory: unlimited
2026-03-01 14:54:30.228610 (209483) main____ INFO      cpu time      : unlimited
2026-03-01 14:54:30.228626 (209483) main____ INFO      processes     : 4096
2026-03-01 14:54:30.228643 (209483) main____ INFO      stack size    : 8388608 B
2026-03-01 14:54:30.228658 (209483) main____ INFO      core file size: 0 B
2026-03-01 14:54:30.228684 (209483) main____ INFO      open files    : 4096
2026-03-01 14:54:30.228697 (209483) main____ INFO      file size     : unlimited
2026-03-01 14:54:30.228707 (209483) main____ INFO    ----------------------------------------
2026-03-01 14:54:30.228717 (209483) main____ INFO    Memory statistics:
2026-03-01 14:54:30.228729 (209483) main____ INFO      total physical memory  : 98449088 kB
2026-03-01 14:54:30.228741 (209483) main____ INFO      free physical memory   : 86444376 kB
2026-03-01 14:54:30.228753 (209483) main____ INFO      committed address space: 6661304 kB
2026-03-01 14:54:30.228763 (209483) main____ INFO    ----------------------------------------
2026-03-01 14:54:30.229908 (209483) main____ INFO    Important environment variables:
2026-03-01 14:54:30.230781 (209483) main____ INFO      CDS_LIC_FILE       : '5280@cadlic0'
2026-03-01 14:54:30.230805 (209483) main____ INFO      DISPLAY            : 'localhost:12.0'
2026-03-01 14:54:30.230818 (209483) main____ INFO      JASPER_INSTALL_DIR : '/cad/cadence/jasper_2023.12p001'
2026-03-01 14:54:30.230830 (209483) main____ INFO      JASPER_KERNEL_CHECK: '1'
2026-03-01 14:54:30.230843 (209483) main____ INFO      JASPER_OS_CHECK    : '0'
2026-03-01 14:54:30.230855 (209483) main____ INFO      LANG               : 'zh_TW.UTF-8'
2026-03-01 14:54:30.230866 (209483) main____ INFO    ----------------------------------------
2026-03-01 14:54:30.232070 (209483) lic_core INFO    Initializing license system ...
2026-03-01 14:54:30.234628 (209483) lic_core INFO    ... license system initialized.
2026-03-01 14:54:30.246202 (209483) lic__man INFO    Claim 'main' for <ui>.
2026-03-01 14:54:30.246246 (209483) lic_core INFO    (1) checking out 'jasper_interactive' ...
2026-03-01 14:54:30.258243 (209483) lic_core INFO    ... (1) checkout succeeded
2026-03-01 14:54:30.258301 (209483) lic__man INFO    Claim 'fpv' for <ui>.
2026-03-01 14:54:30.258323 (209483) lic_core INFO    (2) checking out 'jasper_fpv' ...
2026-03-01 14:54:30.262527 (209483) lic_core INFO    ... (2) checkout failed (error: -5) ("FLEXnet ERROR(-5, 0, 0): No such feature exists.")
2026-03-01 14:54:30.262564 (209483) lic_core INFO    (3) checking out 'jasper_fao' ...
2026-03-01 14:54:30.273137 (209483) lic_core INFO    ... (3) checkout succeeded
2026-03-01 14:54:30.274000 (209514) stdio___ INFO    Starting STDIN reader (tty: yes, tty name: '/dev/pts/0')
2026-03-01 14:54:30.274417 (209483) main____ INFO    Tool inactivity delay is 480000 ms.
2026-03-01 14:54:30.314135 (209483) session_ INFO    Starting analysis session with session id 'session_0' (launcher: <local>) ...
2026-03-01 14:54:30.315912 (209483) session_ INFO    Analysis session with session id 'session_0' started (pid: 209518)
2026-03-01 14:54:31.384542 (209483) session_ INFO    Analysis session 'session_0' connected to the console (host: 127.0.0.1:53840)
2026-03-01 14:54:34.430596 (209483) lic__man INFO    Unclaim everything for 'session_0'.
2026-03-01 14:54:34.628757 (209483) lic__man INFO    Claim 'fpv' for 'session_0'.
2026-03-01 14:54:34.628809 (209483) lic__man INFO    Claim 'fpv' for 'session_0/prove-0'.
2026-03-01 14:54:36.117090 (209483) lic__man INFO    Unclaim everything for 'session_0/prove-0'.
2026-03-01 14:54:36.158821 (209483) main____ INFO    About to exit: request to exit with status 0 received from analysis session 'session_0'
2026-03-01 14:54:36.304852 (209483) session_ INFO    Analysis session 'session_0' disconnected.
2026-03-01 14:54:36.305053 (209483) lic__man INFO    Unclaim everything for 'session_0'.
2026-03-01 14:54:36.305236 (209483) session_ INFO    Process for analysis session 'session_0' has exited with exit status '0'.
2026-03-01 14:54:38.265875 (209514) stdio___ INFO    STDIN reader requested to stop.
2026-03-01 14:54:38.265922 (209514) stdio___ INFO    STDIN reader stopped.
2026-03-01 14:54:38.266152 (209483) lic_core INFO    (1) checkin jasper_interactive
2026-03-01 14:54:38.267603 (209483) lic_core INFO    (3) checkin jasper_fao
2026-03-01 14:54:38.268994 (209483) main____ INFO    Exiting with status 0.
