2026-02-26 01:09:03.453858 (3600969) main____ INFO    ----------------------------------------
2026-02-26 01:09:03.453962 (3600969) main____ INFO    Jasper version info
2026-02-26 01:09:03.453989 (3600969) main____ INFO      tool      : Jasper 2023.12
2026-02-26 01:09:03.454005 (3600969) main____ INFO      version   : 2023.12p001 64 bits
2026-02-26 01:09:03.454018 (3600969) main____ INFO      build date: 2024.01.23 16:09:24 UTC
2026-02-26 01:09:03.454028 (3600969) main____ INFO    ----------------------------------------
2026-02-26 01:09:03.454038 (3600969) main____ INFO    Runtime info:
2026-02-26 01:09:03.454049 (3600969) main____ INFO      platform  : Linux 4.18.0-553.89.1.el8_10.x86_64 x86_64
2026-02-26 01:09:03.454068 (3600969) main____ INFO      hostname  : caddy15.stanford.edu
2026-02-26 01:09:03.454084 (3600969) main____ INFO      pid       : 3600969
2026-02-26 01:09:03.454095 (3600969) main____ INFO      arguments : '-style' 'windows' '-allow_unsupported_OS' '-no_gui' '-fpv' './synthlc/i_ADDI_out/xPairwiseDepDiv/exclusive_141_.tcl' '-proj' './synthlc/i_ADDI_out/xPairwiseDepDiv/exclusive_141_jgsession_26-02-26-01_09_02'
2026-02-26 01:09:03.454113 (3600969) main____ INFO      locale    : UTF-8
2026-02-26 01:09:03.454123 (3600969) main____ INFO    ----------------------------------------
2026-02-26 01:09:03.454132 (3600969) main____ INFO    System resource limits info:
2026-02-26 01:09:03.454145 (3600969) main____ INFO      virtual memory: unlimited
2026-02-26 01:09:03.454157 (3600969) main____ INFO      cpu time      : unlimited
2026-02-26 01:09:03.454176 (3600969) main____ INFO      processes     : 4096
2026-02-26 01:09:03.454198 (3600969) main____ INFO      stack size    : 8388608 B
2026-02-26 01:09:03.454213 (3600969) main____ INFO      core file size: 0 B
2026-02-26 01:09:03.454226 (3600969) main____ INFO      open files    : 4096
2026-02-26 01:09:03.454238 (3600969) main____ INFO      file size     : unlimited
2026-02-26 01:09:03.454248 (3600969) main____ INFO    ----------------------------------------
2026-02-26 01:09:03.454257 (3600969) main____ INFO    Memory statistics:
2026-02-26 01:09:03.454269 (3600969) main____ INFO      total physical memory  : 98449092 kB
2026-02-26 01:09:03.454281 (3600969) main____ INFO      free physical memory   : 69962140 kB
2026-02-26 01:09:03.454292 (3600969) main____ INFO      committed address space: 14774520 kB
2026-02-26 01:09:03.454317 (3600969) main____ INFO    ----------------------------------------
2026-02-26 01:09:03.455485 (3600969) main____ INFO    Important environment variables:
2026-02-26 01:09:03.455510 (3600969) main____ INFO      CDS_LIC_FILE       : '5280@cadlic0'
2026-02-26 01:09:03.455523 (3600969) main____ INFO      JASPER_INSTALL_DIR : '/cad/cadence/jasper_2023.12p001'
2026-02-26 01:09:03.455535 (3600969) main____ INFO      JASPER_KERNEL_CHECK: '1'
2026-02-26 01:09:03.455547 (3600969) main____ INFO      JASPER_OS_CHECK    : '0'
2026-02-26 01:09:03.455559 (3600969) main____ INFO      LANG               : 'en_US.UTF-8'
2026-02-26 01:09:03.455569 (3600969) main____ INFO    ----------------------------------------
2026-02-26 01:09:03.466821 (3600969) lic_core INFO    Initializing license system ...
2026-02-26 01:09:03.480622 (3600969) lic_core INFO    ... license system initialized.
2026-02-26 01:09:03.628713 (3600969) lic__man INFO    Claim 'main' for <ui>.
2026-02-26 01:09:03.628781 (3600969) lic_core INFO    (1) checking out 'jasper_interactive' ...
2026-02-26 01:09:03.702223 (3600969) lic_core INFO    ... (1) checkout succeeded
2026-02-26 01:09:03.702345 (3600969) lic__man INFO    Claim 'fpv' for <ui>.
2026-02-26 01:09:03.702373 (3600969) lic_core INFO    (2) checking out 'jasper_fpv' ...
2026-02-26 01:09:03.772795 (3600969) lic_core INFO    ... (2) checkout failed (error: -5) ("FLEXnet ERROR(-5, 0, 0): No such feature exists.")
2026-02-26 01:09:03.772899 (3600969) lic_core INFO    (3) checking out 'jasper_fao' ...
2026-02-26 01:09:03.849559 (3600969) lic_core INFO    ... (3) checkout succeeded
2026-02-26 01:09:03.879284 (3600969) main____ INFO    Tool inactivity delay is 480000 ms.
2026-02-26 01:09:03.887549 (3600980) stdio___ INFO    Starting STDIN reader (tty: yes, tty name: '/dev/pts/0')
2026-02-26 01:09:04.205451 (3600969) session_ INFO    Starting analysis session with session id 'session_0' (launcher: <local>) ...
2026-02-26 01:09:04.207402 (3600969) session_ INFO    Analysis session with session id 'session_0' started (pid: 3600981)
2026-02-26 01:09:09.281666 (3600969) session_ INFO    Analysis session 'session_0' connected to the console (host: 127.0.0.1:40334)
2026-02-26 01:09:18.442499 (3600969) lic__man INFO    Unclaim everything for 'session_0'.
2026-02-26 01:09:18.862692 (3600969) lic__man INFO    Claim 'fpv' for 'session_0'.
2026-02-26 01:09:18.862739 (3600969) lic__man INFO    Claim 'fpv' for 'session_0/prove-0'.
2026-02-26 01:24:22.806968 (3600969) lic__man INFO    Unclaim everything for 'session_0/prove-0'.
2026-02-26 01:24:22.841680 (3600969) main____ INFO    About to exit: request to exit with status 0 received from analysis session 'session_0'
2026-02-26 01:24:23.034604 (3600969) session_ INFO    Analysis session 'session_0' disconnected.
2026-02-26 01:24:23.034801 (3600969) lic__man INFO    Unclaim everything for 'session_0'.
2026-02-26 01:24:23.046542 (3600969) session_ INFO    Process for analysis session 'session_0' has exited with exit status '0'.
2026-02-26 01:24:24.927750 (3600980) stdio___ INFO    STDIN reader requested to stop.
2026-02-26 01:24:24.927805 (3600980) stdio___ INFO    STDIN reader stopped.
2026-02-26 01:24:24.934751 (3600969) lic_core INFO    (1) checkin jasper_interactive
2026-02-26 01:24:24.943503 (3600969) lic_core INFO    (3) checkin jasper_fao
2026-02-26 01:24:24.990772 (3600969) main____ INFO    Exiting with status 0.
