2026-02-26 11:52:42.152282 (2125049) main____ INFO    ----------------------------------------
2026-02-26 11:52:42.152400 (2125049) main____ INFO    Jasper version info
2026-02-26 11:52:42.152418 (2125049) main____ INFO      tool      : Jasper 2023.12
2026-02-26 11:52:42.152436 (2125049) main____ INFO      version   : 2023.12p001 64 bits
2026-02-26 11:52:42.152452 (2125049) main____ INFO      build date: 2024.01.23 16:09:24 UTC
2026-02-26 11:52:42.152464 (2125049) main____ INFO    ----------------------------------------
2026-02-26 11:52:42.152474 (2125049) main____ INFO    Runtime info:
2026-02-26 11:52:42.152487 (2125049) main____ INFO      platform  : Linux 4.18.0-553.89.1.el8_10.x86_64 x86_64
2026-02-26 11:52:42.152509 (2125049) main____ INFO      hostname  : caddy12.stanford.edu
2026-02-26 11:52:42.152527 (2125049) main____ INFO      pid       : 2125049
2026-02-26 11:52:42.152540 (2125049) main____ INFO      arguments : '-style' 'windows' '-allow_unsupported_OS' '-no_gui' '-fpv' './synthlc/i_DIV_out/xPairwiseDepDiv/exclusive_24_.tcl' '-proj' './synthlc/i_DIV_out/xPairwiseDepDiv/exclusive_24_jgsession_26-02-26-11_52_41'
2026-02-26 11:52:42.152560 (2125049) main____ INFO      locale    : UTF-8
2026-02-26 11:52:42.152572 (2125049) main____ INFO    ----------------------------------------
2026-02-26 11:52:42.152582 (2125049) main____ INFO    System resource limits info:
2026-02-26 11:52:42.152597 (2125049) main____ INFO      virtual memory: unlimited
2026-02-26 11:52:42.152611 (2125049) main____ INFO      cpu time      : unlimited
2026-02-26 11:52:42.152631 (2125049) main____ INFO      processes     : 4096
2026-02-26 11:52:42.152655 (2125049) main____ INFO      stack size    : 8388608 B
2026-02-26 11:52:42.152689 (2125049) main____ INFO      core file size: 0 B
2026-02-26 11:52:42.152704 (2125049) main____ INFO      open files    : 4096
2026-02-26 11:52:42.152718 (2125049) main____ INFO      file size     : unlimited
2026-02-26 11:52:42.152729 (2125049) main____ INFO    ----------------------------------------
2026-02-26 11:52:42.152740 (2125049) main____ INFO    Memory statistics:
2026-02-26 11:52:42.152753 (2125049) main____ INFO      total physical memory  : 98449088 kB
2026-02-26 11:52:42.152766 (2125049) main____ INFO      free physical memory   : 73635468 kB
2026-02-26 11:52:42.152779 (2125049) main____ INFO      committed address space: 10418984 kB
2026-02-26 11:52:42.152790 (2125049) main____ INFO    ----------------------------------------
2026-02-26 11:52:42.154219 (2125049) main____ INFO    Important environment variables:
2026-02-26 11:52:42.154251 (2125049) main____ INFO      CDS_LIC_FILE       : '5280@cadlic0'
2026-02-26 11:52:42.154267 (2125049) main____ INFO      DISPLAY            : 'localhost:12.0'
2026-02-26 11:52:42.154280 (2125049) main____ INFO      JASPER_INSTALL_DIR : '/cad/cadence/jasper_2023.12p001'
2026-02-26 11:52:42.154294 (2125049) main____ INFO      JASPER_KERNEL_CHECK: '1'
2026-02-26 11:52:42.154308 (2125049) main____ INFO      JASPER_OS_CHECK    : '0'
2026-02-26 11:52:42.154323 (2125049) main____ INFO      LANG               : 'zh_TW.UTF-8'
2026-02-26 11:52:42.154335 (2125049) main____ INFO    ----------------------------------------
2026-02-26 11:52:42.156865 (2125049) lic_core INFO    Initializing license system ...
2026-02-26 11:52:42.160437 (2125049) lic_core INFO    ... license system initialized.
2026-02-26 11:52:42.172762 (2125049) lic__man INFO    Claim 'main' for <ui>.
2026-02-26 11:52:42.172834 (2125049) lic_core INFO    (1) checking out 'jasper_interactive' ...
2026-02-26 11:52:42.187322 (2125049) lic_core INFO    ... (1) checkout succeeded
2026-02-26 11:52:42.187426 (2125049) lic__man INFO    Claim 'fpv' for <ui>.
2026-02-26 11:52:42.187456 (2125049) lic_core INFO    (2) checking out 'jasper_fpv' ...
2026-02-26 11:52:42.193581 (2125049) lic_core INFO    ... (2) checkout failed (error: -5) ("FLEXnet ERROR(-5, 0, 0): No such feature exists.")
2026-02-26 11:52:42.193639 (2125049) lic_core INFO    (3) checking out 'jasper_fao' ...
2026-02-26 11:52:42.205916 (2125049) lic_core INFO    ... (3) checkout succeeded
2026-02-26 11:52:42.208883 (2125049) main____ INFO    Tool inactivity delay is 480000 ms.
2026-02-26 11:52:42.223902 (2125069) stdio___ INFO    Starting STDIN reader (tty: yes, tty name: '/dev/pts/0')
2026-02-26 11:52:42.265645 (2125049) session_ INFO    Starting analysis session with session id 'session_0' (launcher: <local>) ...
2026-02-26 11:52:42.267964 (2125049) session_ INFO    Analysis session with session id 'session_0' started (pid: 2125070)
2026-02-26 11:52:43.618231 (2125049) session_ INFO    Analysis session 'session_0' connected to the console (host: 127.0.0.1:36522)
2026-02-26 11:52:48.453895 (2125049) lic__man INFO    Unclaim everything for 'session_0'.
2026-02-26 11:52:48.750190 (2125049) lic__man INFO    Claim 'fpv' for 'session_0'.
2026-02-26 11:52:48.750231 (2125049) lic__man INFO    Claim 'fpv' for 'session_0/prove-0'.
2026-02-26 11:53:42.185986 (2125049) lic__man INFO    Unclaim everything for 'session_0/prove-0'.
2026-02-26 11:53:42.228789 (2125049) main____ INFO    About to exit: request to exit with status 0 received from analysis session 'session_0'
2026-02-26 11:53:42.345163 (2125049) session_ INFO    Analysis session 'session_0' disconnected.
2026-02-26 11:53:42.345358 (2125049) lic__man INFO    Unclaim everything for 'session_0'.
2026-02-26 11:53:42.345542 (2125049) session_ INFO    Process for analysis session 'session_0' has exited with exit status '0'.
2026-02-26 11:53:44.335896 (2125069) stdio___ INFO    STDIN reader requested to stop.
2026-02-26 11:53:44.335936 (2125069) stdio___ INFO    STDIN reader stopped.
2026-02-26 11:53:44.336155 (2125049) lic_core INFO    (1) checkin jasper_interactive
2026-02-26 11:53:44.336989 (2125049) lic_core INFO    (3) checkin jasper_fao
2026-02-26 11:53:44.337951 (2125049) main____ INFO    Exiting with status 0.
