2026-02-26 11:49:09.166318 (2120477) main____ INFO    ----------------------------------------
2026-02-26 11:49:09.166425 (2120477) main____ INFO    Jasper version info
2026-02-26 11:49:09.166443 (2120477) main____ INFO      tool      : Jasper 2023.12
2026-02-26 11:49:09.166461 (2120477) main____ INFO      version   : 2023.12p001 64 bits
2026-02-26 11:49:09.166476 (2120477) main____ INFO      build date: 2024.01.23 16:09:24 UTC
2026-02-26 11:49:09.166487 (2120477) main____ INFO    ----------------------------------------
2026-02-26 11:49:09.166498 (2120477) main____ INFO    Runtime info:
2026-02-26 11:49:09.166511 (2120477) main____ INFO      platform  : Linux 4.18.0-553.89.1.el8_10.x86_64 x86_64
2026-02-26 11:49:09.166533 (2120477) main____ INFO      hostname  : caddy12.stanford.edu
2026-02-26 11:49:09.166550 (2120477) main____ INFO      pid       : 2120477
2026-02-26 11:49:09.166563 (2120477) main____ INFO      arguments : '-style' 'windows' '-allow_unsupported_OS' '-no_gui' '-fpv' './synthlc/i_DIV_out/xPairwiseDepDiv/nunv_anytwo_86_.tcl' '-proj' './synthlc/i_DIV_out/xPairwiseDepDiv/nunv_anytwo_86_jgsession_26-02-26-11_49_07'
2026-02-26 11:49:09.166582 (2120477) main____ INFO      locale    : UTF-8
2026-02-26 11:49:09.166594 (2120477) main____ INFO    ----------------------------------------
2026-02-26 11:49:09.166605 (2120477) main____ INFO    System resource limits info:
2026-02-26 11:49:09.166618 (2120477) main____ INFO      virtual memory: unlimited
2026-02-26 11:49:09.166632 (2120477) main____ INFO      cpu time      : unlimited
2026-02-26 11:49:09.166652 (2120477) main____ INFO      processes     : 4096
2026-02-26 11:49:09.166691 (2120477) main____ INFO      stack size    : 8388608 B
2026-02-26 11:49:09.166707 (2120477) main____ INFO      core file size: 0 B
2026-02-26 11:49:09.166722 (2120477) main____ INFO      open files    : 4096
2026-02-26 11:49:09.166736 (2120477) main____ INFO      file size     : unlimited
2026-02-26 11:49:09.166747 (2120477) main____ INFO    ----------------------------------------
2026-02-26 11:49:09.166758 (2120477) main____ INFO    Memory statistics:
2026-02-26 11:49:09.166771 (2120477) main____ INFO      total physical memory  : 98449088 kB
2026-02-26 11:49:09.166784 (2120477) main____ INFO      free physical memory   : 72337008 kB
2026-02-26 11:49:09.166797 (2120477) main____ INFO      committed address space: 12501160 kB
2026-02-26 11:49:09.166808 (2120477) main____ INFO    ----------------------------------------
2026-02-26 11:49:09.168224 (2120477) main____ INFO    Important environment variables:
2026-02-26 11:49:09.168258 (2120477) main____ INFO      CDS_LIC_FILE       : '5280@cadlic0'
2026-02-26 11:49:09.168273 (2120477) main____ INFO      DISPLAY            : 'localhost:12.0'
2026-02-26 11:49:09.168287 (2120477) main____ INFO      JASPER_INSTALL_DIR : '/cad/cadence/jasper_2023.12p001'
2026-02-26 11:49:09.168301 (2120477) main____ INFO      JASPER_KERNEL_CHECK: '1'
2026-02-26 11:49:09.168315 (2120477) main____ INFO      JASPER_OS_CHECK    : '0'
2026-02-26 11:49:09.168328 (2120477) main____ INFO      LANG               : 'zh_TW.UTF-8'
2026-02-26 11:49:09.168340 (2120477) main____ INFO    ----------------------------------------
2026-02-26 11:49:09.178878 (2120477) lic_core INFO    Initializing license system ...
2026-02-26 11:49:09.202204 (2120477) lic_core INFO    ... license system initialized.
2026-02-26 11:49:09.313142 (2120477) lic__man INFO    Claim 'main' for <ui>.
2026-02-26 11:49:09.313211 (2120477) lic_core INFO    (1) checking out 'jasper_interactive' ...
2026-02-26 11:49:09.398736 (2120477) lic_core INFO    ... (1) checkout succeeded
2026-02-26 11:49:09.398838 (2120477) lic__man INFO    Claim 'fpv' for <ui>.
2026-02-26 11:49:09.398865 (2120477) lic_core INFO    (2) checking out 'jasper_fpv' ...
2026-02-26 11:49:09.461323 (2120477) lic_core INFO    ... (2) checkout failed (error: -5) ("FLEXnet ERROR(-5, 0, 0): No such feature exists.")
2026-02-26 11:49:09.461381 (2120477) lic_core INFO    (3) checking out 'jasper_fao' ...
2026-02-26 11:49:09.513172 (2120477) lic_core INFO    ... (3) checkout succeeded
2026-02-26 11:49:09.547688 (2120477) main____ INFO    Tool inactivity delay is 480000 ms.
2026-02-26 11:49:09.555930 (2120488) stdio___ INFO    Starting STDIN reader (tty: yes, tty name: '/dev/pts/0')
2026-02-26 11:49:09.902812 (2120477) session_ INFO    Starting analysis session with session id 'session_0' (launcher: <local>) ...
2026-02-26 11:49:09.904938 (2120477) session_ INFO    Analysis session with session id 'session_0' started (pid: 2120489)
2026-02-26 11:49:14.786243 (2120477) session_ INFO    Analysis session 'session_0' connected to the console (host: 127.0.0.1:51676)
2026-02-26 11:49:24.038776 (2120477) lic__man INFO    Unclaim everything for 'session_0'.
2026-02-26 11:49:24.579504 (2120477) lic__man INFO    Claim 'fpv' for 'session_0'.
2026-02-26 11:49:24.579555 (2120477) lic__man INFO    Claim 'fpv' for 'session_0/prove-0'.
2026-02-26 11:49:37.617949 (2120477) lic__man INFO    Unclaim everything for 'session_0/prove-0'.
2026-02-26 11:49:37.687838 (2120477) main____ INFO    About to exit: request to exit with status 0 received from analysis session 'session_0'
2026-02-26 11:49:38.314817 (2120477) session_ INFO    Analysis session 'session_0' disconnected.
2026-02-26 11:49:38.314984 (2120477) lic__man INFO    Unclaim everything for 'session_0'.
2026-02-26 11:49:38.315182 (2120477) session_ INFO    Process for analysis session 'session_0' has exited with exit status '0'.
2026-02-26 11:49:39.828120 (2120488) stdio___ INFO    STDIN reader requested to stop.
2026-02-26 11:49:39.828177 (2120488) stdio___ INFO    STDIN reader stopped.
2026-02-26 11:49:39.828594 (2120477) lic_core INFO    (1) checkin jasper_interactive
2026-02-26 11:49:39.832225 (2120477) lic_core INFO    (3) checkin jasper_fao
2026-02-26 11:49:39.854853 (2120477) main____ INFO    Exiting with status 0.
