2026-03-01 07:51:36.348149 (4080637) main____ INFO    ----------------------------------------
2026-03-01 07:51:36.348240 (4080637) main____ INFO    Jasper version info
2026-03-01 07:51:36.348257 (4080637) main____ INFO      tool      : Jasper 2023.12
2026-03-01 07:51:36.348273 (4080637) main____ INFO      version   : 2023.12p001 64 bits
2026-03-01 07:51:36.348287 (4080637) main____ INFO      build date: 2024.01.23 16:09:24 UTC
2026-03-01 07:51:36.348297 (4080637) main____ INFO    ----------------------------------------
2026-03-01 07:51:36.348307 (4080637) main____ INFO    Runtime info:
2026-03-01 07:51:36.348319 (4080637) main____ INFO      platform  : Linux 4.18.0-553.89.1.el8_10.x86_64 x86_64
2026-03-01 07:51:36.348338 (4080637) main____ INFO      hostname  : caddy12.stanford.edu
2026-03-01 07:51:36.348354 (4080637) main____ INFO      pid       : 4080637
2026-03-01 07:51:36.348365 (4080637) main____ INFO      arguments : '-style' 'windows' '-allow_unsupported_OS' '-no_gui' '-fpv' './synthlc/i_LW_out/xPerfLocSubsetDiv/coverset_174_.tcl' '-proj' './synthlc/i_LW_out/xPerfLocSubsetDiv/coverset_174_jgsession_26-03-01-07_51_35'
2026-03-01 07:51:36.348383 (4080637) main____ INFO      locale    : UTF-8
2026-03-01 07:51:36.348394 (4080637) main____ INFO    ----------------------------------------
2026-03-01 07:51:36.348403 (4080637) main____ INFO    System resource limits info:
2026-03-01 07:51:36.348416 (4080637) main____ INFO      virtual memory: unlimited
2026-03-01 07:51:36.348428 (4080637) main____ INFO      cpu time      : unlimited
2026-03-01 07:51:36.348447 (4080637) main____ INFO      processes     : 4096
2026-03-01 07:51:36.348467 (4080637) main____ INFO      stack size    : 8388608 B
2026-03-01 07:51:36.348481 (4080637) main____ INFO      core file size: 0 B
2026-03-01 07:51:36.348495 (4080637) main____ INFO      open files    : 4096
2026-03-01 07:51:36.348507 (4080637) main____ INFO      file size     : unlimited
2026-03-01 07:51:36.348517 (4080637) main____ INFO    ----------------------------------------
2026-03-01 07:51:36.348527 (4080637) main____ INFO    Memory statistics:
2026-03-01 07:51:36.348539 (4080637) main____ INFO      total physical memory  : 98449088 kB
2026-03-01 07:51:36.348550 (4080637) main____ INFO      free physical memory   : 84882580 kB
2026-03-01 07:51:36.348562 (4080637) main____ INFO      committed address space: 9878424 kB
2026-03-01 07:51:36.348572 (4080637) main____ INFO    ----------------------------------------
2026-03-01 07:51:36.349789 (4080637) main____ INFO    Important environment variables:
2026-03-01 07:51:36.349817 (4080637) main____ INFO      CDS_LIC_FILE       : '5280@cadlic0'
2026-03-01 07:51:36.349830 (4080637) main____ INFO      DISPLAY            : 'localhost:12.0'
2026-03-01 07:51:36.349843 (4080637) main____ INFO      JASPER_INSTALL_DIR : '/cad/cadence/jasper_2023.12p001'
2026-03-01 07:51:36.349855 (4080637) main____ INFO      JASPER_KERNEL_CHECK: '1'
2026-03-01 07:51:36.349867 (4080637) main____ INFO      JASPER_OS_CHECK    : '0'
2026-03-01 07:51:36.349880 (4080637) main____ INFO      LANG               : 'zh_TW.UTF-8'
2026-03-01 07:51:36.349890 (4080637) main____ INFO    ----------------------------------------
2026-03-01 07:51:36.361812 (4080637) lic_core INFO    Initializing license system ...
2026-03-01 07:51:36.375984 (4080637) lic_core INFO    ... license system initialized.
2026-03-01 07:51:36.527922 (4080637) lic__man INFO    Claim 'main' for <ui>.
2026-03-01 07:51:36.527991 (4080637) lic_core INFO    (1) checking out 'jasper_interactive' ...
2026-03-01 07:51:36.605393 (4080637) lic_core INFO    ... (1) checkout succeeded
2026-03-01 07:51:36.605514 (4080637) lic__man INFO    Claim 'fpv' for <ui>.
2026-03-01 07:51:36.605550 (4080637) lic_core INFO    (2) checking out 'jasper_fpv' ...
2026-03-01 07:51:36.671187 (4080637) lic_core INFO    ... (2) checkout failed (error: -5) ("FLEXnet ERROR(-5, 0, 0): No such feature exists.")
2026-03-01 07:51:36.671247 (4080637) lic_core INFO    (3) checking out 'jasper_fao' ...
2026-03-01 07:51:36.730925 (4080637) lic_core INFO    ... (3) checkout succeeded
2026-03-01 07:51:36.740561 (4080637) main____ INFO    Tool inactivity delay is 480000 ms.
2026-03-01 07:51:36.759683 (4080658) stdio___ INFO    Starting STDIN reader (tty: yes, tty name: '/dev/pts/0')
2026-03-01 07:51:37.031373 (4080637) session_ INFO    Starting analysis session with session id 'session_0' (launcher: <local>) ...
2026-03-01 07:51:37.033287 (4080637) session_ INFO    Analysis session with session id 'session_0' started (pid: 4080669)
2026-03-01 07:51:38.662320 (4080637) session_ INFO    Analysis session 'session_0' connected to the console (host: 127.0.0.1:51264)
2026-03-01 07:51:45.379519 (4080637) lic__man INFO    Unclaim everything for 'session_0'.
2026-03-01 07:51:45.637245 (4080637) lic__man INFO    Claim 'fpv' for 'session_0'.
2026-03-01 07:51:45.637294 (4080637) lic__man INFO    Claim 'fpv' for 'session_0/prove-0'.
2026-03-01 07:51:54.898959 (4080637) lic__man INFO    Unclaim everything for 'session_0/prove-0'.
2026-03-01 07:51:54.931975 (4080637) main____ INFO    About to exit: request to exit with status 0 received from analysis session 'session_0'
2026-03-01 07:51:55.123481 (4080637) session_ INFO    Analysis session 'session_0' disconnected.
2026-03-01 07:51:55.123680 (4080637) lic__man INFO    Unclaim everything for 'session_0'.
2026-03-01 07:51:55.126265 (4080637) session_ INFO    Process for analysis session 'session_0' has exited with exit status '0'.
2026-03-01 07:51:56.908746 (4080658) stdio___ INFO    STDIN reader requested to stop.
2026-03-01 07:51:56.908807 (4080658) stdio___ INFO    STDIN reader stopped.
2026-03-01 07:51:56.910930 (4080637) lic_core INFO    (1) checkin jasper_interactive
2026-03-01 07:51:56.916898 (4080637) lic_core INFO    (3) checkin jasper_fao
2026-03-01 07:51:56.941057 (4080637) main____ INFO    Exiting with status 0.
