2026-02-26 02:30:54.259259 (1887548) main____ INFO    ----------------------------------------
2026-02-26 02:30:54.259356 (1887548) main____ INFO    Jasper version info
2026-02-26 02:30:54.259372 (1887548) main____ INFO      tool      : Jasper 2023.12
2026-02-26 02:30:54.259388 (1887548) main____ INFO      version   : 2023.12p001 64 bits
2026-02-26 02:30:54.259401 (1887548) main____ INFO      build date: 2024.01.23 16:09:24 UTC
2026-02-26 02:30:54.259410 (1887548) main____ INFO    ----------------------------------------
2026-02-26 02:30:54.259419 (1887548) main____ INFO    Runtime info:
2026-02-26 02:30:54.259430 (1887548) main____ INFO      platform  : Linux 4.18.0-553.89.1.el8_10.x86_64 x86_64
2026-02-26 02:30:54.259449 (1887548) main____ INFO      hostname  : caddy12.stanford.edu
2026-02-26 02:30:54.259464 (1887548) main____ INFO      pid       : 1887548
2026-02-26 02:30:54.259477 (1887548) main____ INFO      arguments : '-style' 'windows' '-allow_unsupported_OS' '-no_gui' '-fpv' './synthlc/i_MUL_out/xHBPerfG_dfg_v3_div/HB_318_.tcl' '-proj' './synthlc/i_MUL_out/xHBPerfG_dfg_v3_div/HB_318_jgsession_26-02-26-02_30_53'
2026-02-26 02:30:54.259496 (1887548) main____ INFO      locale    : UTF-8
2026-02-26 02:30:54.259507 (1887548) main____ INFO    ----------------------------------------
2026-02-26 02:30:54.259518 (1887548) main____ INFO    System resource limits info:
2026-02-26 02:30:54.259532 (1887548) main____ INFO      virtual memory: unlimited
2026-02-26 02:30:54.259544 (1887548) main____ INFO      cpu time      : unlimited
2026-02-26 02:30:54.259562 (1887548) main____ INFO      processes     : 4096
2026-02-26 02:30:54.259582 (1887548) main____ INFO      stack size    : 8388608 B
2026-02-26 02:30:54.259596 (1887548) main____ INFO      core file size: 0 B
2026-02-26 02:30:54.259609 (1887548) main____ INFO      open files    : 4096
2026-02-26 02:30:54.259621 (1887548) main____ INFO      file size     : unlimited
2026-02-26 02:30:54.259630 (1887548) main____ INFO    ----------------------------------------
2026-02-26 02:30:54.259639 (1887548) main____ INFO    Memory statistics:
2026-02-26 02:30:54.259651 (1887548) main____ INFO      total physical memory  : 98449088 kB
2026-02-26 02:30:54.259678 (1887548) main____ INFO      free physical memory   : 76935268 kB
2026-02-26 02:30:54.259689 (1887548) main____ INFO      committed address space: 8295008 kB
2026-02-26 02:30:54.259698 (1887548) main____ INFO    ----------------------------------------
2026-02-26 02:30:54.260929 (1887548) main____ INFO    Important environment variables:
2026-02-26 02:30:54.260958 (1887548) main____ INFO      CDS_LIC_FILE       : '5280@cadlic0'
2026-02-26 02:30:54.260972 (1887548) main____ INFO      DISPLAY            : 'localhost:12.0'
2026-02-26 02:30:54.260983 (1887548) main____ INFO      JASPER_INSTALL_DIR : '/cad/cadence/jasper_2023.12p001'
2026-02-26 02:30:54.260995 (1887548) main____ INFO      JASPER_KERNEL_CHECK: '1'
2026-02-26 02:30:54.261006 (1887548) main____ INFO      JASPER_OS_CHECK    : '0'
2026-02-26 02:30:54.261018 (1887548) main____ INFO      LANG               : 'zh_TW.UTF-8'
2026-02-26 02:30:54.261028 (1887548) main____ INFO    ----------------------------------------
2026-02-26 02:30:54.263887 (1887548) lic_core INFO    Initializing license system ...
2026-02-26 02:30:54.286956 (1887548) lic_core INFO    ... license system initialized.
2026-02-26 02:30:54.395952 (1887548) lic__man INFO    Claim 'main' for <ui>.
2026-02-26 02:30:54.396022 (1887548) lic_core INFO    (1) checking out 'jasper_interactive' ...
2026-02-26 02:30:54.446997 (1887548) lic_core INFO    ... (1) checkout succeeded
2026-02-26 02:30:54.447104 (1887548) lic__man INFO    Claim 'fpv' for <ui>.
2026-02-26 02:30:54.447131 (1887548) lic_core INFO    (2) checking out 'jasper_fpv' ...
2026-02-26 02:30:54.490174 (1887548) lic_core INFO    ... (2) checkout failed (error: -5) ("FLEXnet ERROR(-5, 0, 0): No such feature exists.")
2026-02-26 02:30:54.490230 (1887548) lic_core INFO    (3) checking out 'jasper_fao' ...
2026-02-26 02:30:54.565990 (1887548) lic_core INFO    ... (3) checkout succeeded
2026-02-26 02:30:54.577430 (1887573) stdio___ INFO    Starting STDIN reader (tty: yes, tty name: '/dev/pts/0')
2026-02-26 02:30:54.577553 (1887548) main____ INFO    Tool inactivity delay is 480000 ms.
2026-02-26 02:30:54.809799 (1887548) session_ INFO    Starting analysis session with session id 'session_0' (launcher: <local>) ...
2026-02-26 02:30:54.811866 (1887548) session_ INFO    Analysis session with session id 'session_0' started (pid: 1887576)
2026-02-26 02:30:56.709273 (1887548) session_ INFO    Analysis session 'session_0' connected to the console (host: 127.0.0.1:39398)
2026-02-26 02:31:02.919976 (1887548) lic__man INFO    Unclaim everything for 'session_0'.
2026-02-26 02:31:03.346286 (1887548) lic__man INFO    Claim 'fpv' for 'session_0'.
2026-02-26 02:31:03.346328 (1887548) lic__man INFO    Claim 'fpv' for 'session_0/prove-0'.
2026-02-26 02:31:19.491179 (1887548) lic__man INFO    Unclaim everything for 'session_0/prove-0'.
2026-02-26 02:31:19.589843 (1887548) main____ INFO    About to exit: request to exit with status 0 received from analysis session 'session_0'
2026-02-26 02:31:20.257981 (1887548) session_ INFO    Analysis session 'session_0' disconnected.
2026-02-26 02:31:20.258152 (1887548) lic__man INFO    Unclaim everything for 'session_0'.
2026-02-26 02:31:20.258987 (1887548) session_ INFO    Process for analysis session 'session_0' has exited with exit status '0'.
2026-02-26 02:31:21.509644 (1887573) stdio___ INFO    STDIN reader requested to stop.
2026-02-26 02:31:21.509712 (1887573) stdio___ INFO    STDIN reader stopped.
2026-02-26 02:31:21.509993 (1887548) lic_core INFO    (1) checkin jasper_interactive
2026-02-26 02:31:21.510982 (1887548) lic_core INFO    (3) checkin jasper_fao
2026-02-26 02:31:21.517199 (1887548) main____ INFO    Exiting with status 0.
