2026-02-26 11:33:09.618212 (2109484) main____ INFO    ----------------------------------------
2026-02-26 11:33:09.618310 (2109484) main____ INFO    Jasper version info
2026-02-26 11:33:09.618326 (2109484) main____ INFO      tool      : Jasper 2023.12
2026-02-26 11:33:09.618341 (2109484) main____ INFO      version   : 2023.12p001 64 bits
2026-02-26 11:33:09.618354 (2109484) main____ INFO      build date: 2024.01.23 16:09:24 UTC
2026-02-26 11:33:09.618364 (2109484) main____ INFO    ----------------------------------------
2026-02-26 11:33:09.618373 (2109484) main____ INFO    Runtime info:
2026-02-26 11:33:09.618383 (2109484) main____ INFO      platform  : Linux 4.18.0-553.89.1.el8_10.x86_64 x86_64
2026-02-26 11:33:09.618402 (2109484) main____ INFO      hostname  : caddy12.stanford.edu
2026-02-26 11:33:09.618417 (2109484) main____ INFO      pid       : 2109484
2026-02-26 11:33:09.618428 (2109484) main____ INFO      arguments : '-style' 'windows' '-allow_unsupported_OS' '-no_gui' '-fpv' './synthlc/i_DIV_out/xPairwiseDepDiv/exclusive_50_.tcl' '-proj' './synthlc/i_DIV_out/xPairwiseDepDiv/exclusive_50_jgsession_26-02-26-11_33_08'
2026-02-26 11:33:09.618445 (2109484) main____ INFO      locale    : UTF-8
2026-02-26 11:33:09.618455 (2109484) main____ INFO    ----------------------------------------
2026-02-26 11:33:09.618464 (2109484) main____ INFO    System resource limits info:
2026-02-26 11:33:09.618476 (2109484) main____ INFO      virtual memory: unlimited
2026-02-26 11:33:09.618488 (2109484) main____ INFO      cpu time      : unlimited
2026-02-26 11:33:09.618505 (2109484) main____ INFO      processes     : 4096
2026-02-26 11:33:09.618525 (2109484) main____ INFO      stack size    : 8388608 B
2026-02-26 11:33:09.618539 (2109484) main____ INFO      core file size: 0 B
2026-02-26 11:33:09.618552 (2109484) main____ INFO      open files    : 4096
2026-02-26 11:33:09.618564 (2109484) main____ INFO      file size     : unlimited
2026-02-26 11:33:09.618574 (2109484) main____ INFO    ----------------------------------------
2026-02-26 11:33:09.618583 (2109484) main____ INFO    Memory statistics:
2026-02-26 11:33:09.618594 (2109484) main____ INFO      total physical memory  : 98449088 kB
2026-02-26 11:33:09.618605 (2109484) main____ INFO      free physical memory   : 70974528 kB
2026-02-26 11:33:09.618616 (2109484) main____ INFO      committed address space: 14339592 kB
2026-02-26 11:33:09.618625 (2109484) main____ INFO    ----------------------------------------
2026-02-26 11:33:09.619835 (2109484) main____ INFO    Important environment variables:
2026-02-26 11:33:09.619860 (2109484) main____ INFO      CDS_LIC_FILE       : '5280@cadlic0'
2026-02-26 11:33:09.619873 (2109484) main____ INFO      DISPLAY            : 'localhost:12.0'
2026-02-26 11:33:09.619884 (2109484) main____ INFO      JASPER_INSTALL_DIR : '/cad/cadence/jasper_2023.12p001'
2026-02-26 11:33:09.619896 (2109484) main____ INFO      JASPER_KERNEL_CHECK: '1'
2026-02-26 11:33:09.619908 (2109484) main____ INFO      JASPER_OS_CHECK    : '0'
2026-02-26 11:33:09.619919 (2109484) main____ INFO      LANG               : 'zh_TW.UTF-8'
2026-02-26 11:33:09.619929 (2109484) main____ INFO    ----------------------------------------
2026-02-26 11:33:09.621858 (2109484) lic_core INFO    Initializing license system ...
2026-02-26 11:33:09.687008 (2109484) lic_core INFO    ... license system initialized.
2026-02-26 11:33:09.850244 (2109484) lic__man INFO    Claim 'main' for <ui>.
2026-02-26 11:33:09.850314 (2109484) lic_core INFO    (1) checking out 'jasper_interactive' ...
2026-02-26 11:33:09.923928 (2109484) lic_core INFO    ... (1) checkout succeeded
2026-02-26 11:33:09.924027 (2109484) lic__man INFO    Claim 'fpv' for <ui>.
2026-02-26 11:33:09.924055 (2109484) lic_core INFO    (2) checking out 'jasper_fpv' ...
2026-02-26 11:33:09.993784 (2109484) lic_core INFO    ... (2) checkout failed (error: -5) ("FLEXnet ERROR(-5, 0, 0): No such feature exists.")
2026-02-26 11:33:09.993843 (2109484) lic_core INFO    (3) checking out 'jasper_fao' ...
2026-02-26 11:33:10.081921 (2109484) lic_core INFO    ... (3) checkout succeeded
2026-02-26 11:33:10.111552 (2109484) main____ INFO    Tool inactivity delay is 480000 ms.
2026-02-26 11:33:10.120947 (2109502) stdio___ INFO    Starting STDIN reader (tty: yes, tty name: '/dev/pts/0')
2026-02-26 11:33:10.417796 (2109484) session_ INFO    Starting analysis session with session id 'session_0' (launcher: <local>) ...
2026-02-26 11:33:10.419711 (2109484) session_ INFO    Analysis session with session id 'session_0' started (pid: 2109505)
2026-02-26 11:33:14.279285 (2109484) session_ INFO    Analysis session 'session_0' connected to the console (host: 127.0.0.1:35572)
2026-02-26 11:33:24.788889 (2109484) lic__man INFO    Unclaim everything for 'session_0'.
2026-02-26 11:33:25.365317 (2109484) lic__man INFO    Claim 'fpv' for 'session_0'.
2026-02-26 11:33:25.365364 (2109484) lic__man INFO    Claim 'fpv' for 'session_0/prove-0'.
2026-02-26 11:34:07.598159 (2109484) lic__man INFO    Unclaim everything for 'session_0/prove-0'.
2026-02-26 11:34:07.671430 (2109484) main____ INFO    About to exit: request to exit with status 0 received from analysis session 'session_0'
2026-02-26 11:34:07.955465 (2109484) session_ INFO    Analysis session 'session_0' disconnected.
2026-02-26 11:34:07.955642 (2109484) lic__man INFO    Unclaim everything for 'session_0'.
2026-02-26 11:34:07.955996 (2109484) session_ INFO    Process for analysis session 'session_0' has exited with exit status '0'.
2026-02-26 11:34:09.795473 (2109502) stdio___ INFO    STDIN reader requested to stop.
2026-02-26 11:34:09.795528 (2109502) stdio___ INFO    STDIN reader stopped.
2026-02-26 11:34:09.833048 (2109484) lic_core INFO    (1) checkin jasper_interactive
2026-02-26 11:34:09.850722 (2109484) lic_core INFO    (3) checkin jasper_fao
2026-02-26 11:34:09.881749 (2109484) main____ INFO    Exiting with status 0.
