2026-02-26 02:53:00.747289 (1912198) main____ INFO    ----------------------------------------
2026-02-26 02:53:00.747384 (1912198) main____ INFO    Jasper version info
2026-02-26 02:53:00.747400 (1912198) main____ INFO      tool      : Jasper 2023.12
2026-02-26 02:53:00.747416 (1912198) main____ INFO      version   : 2023.12p001 64 bits
2026-02-26 02:53:00.747429 (1912198) main____ INFO      build date: 2024.01.23 16:09:24 UTC
2026-02-26 02:53:00.747439 (1912198) main____ INFO    ----------------------------------------
2026-02-26 02:53:00.747448 (1912198) main____ INFO    Runtime info:
2026-02-26 02:53:00.747458 (1912198) main____ INFO      platform  : Linux 4.18.0-553.89.1.el8_10.x86_64 x86_64
2026-02-26 02:53:00.747478 (1912198) main____ INFO      hostname  : caddy12.stanford.edu
2026-02-26 02:53:00.747493 (1912198) main____ INFO      pid       : 1912198
2026-02-26 02:53:00.747504 (1912198) main____ INFO      arguments : '-style' 'windows' '-allow_unsupported_OS' '-no_gui' '-fpv' './synthlc/i_MUL_out/xHBPerfG_dfg_v3_div/WHB_246_.tcl' '-proj' './synthlc/i_MUL_out/xHBPerfG_dfg_v3_div/WHB_246_jgsession_26-02-26-02_53_00'
2026-02-26 02:53:00.747522 (1912198) main____ INFO      locale    : UTF-8
2026-02-26 02:53:00.747531 (1912198) main____ INFO    ----------------------------------------
2026-02-26 02:53:00.747540 (1912198) main____ INFO    System resource limits info:
2026-02-26 02:53:00.747552 (1912198) main____ INFO      virtual memory: unlimited
2026-02-26 02:53:00.747565 (1912198) main____ INFO      cpu time      : unlimited
2026-02-26 02:53:00.747582 (1912198) main____ INFO      processes     : 4096
2026-02-26 02:53:00.747603 (1912198) main____ INFO      stack size    : 8388608 B
2026-02-26 02:53:00.747617 (1912198) main____ INFO      core file size: 0 B
2026-02-26 02:53:00.747631 (1912198) main____ INFO      open files    : 4096
2026-02-26 02:53:00.747643 (1912198) main____ INFO      file size     : unlimited
2026-02-26 02:53:00.747653 (1912198) main____ INFO    ----------------------------------------
2026-02-26 02:53:00.747678 (1912198) main____ INFO    Memory statistics:
2026-02-26 02:53:00.747691 (1912198) main____ INFO      total physical memory  : 98449088 kB
2026-02-26 02:53:00.747703 (1912198) main____ INFO      free physical memory   : 79215484 kB
2026-02-26 02:53:00.747715 (1912198) main____ INFO      committed address space: 5951752 kB
2026-02-26 02:53:00.747725 (1912198) main____ INFO    ----------------------------------------
2026-02-26 02:53:00.748949 (1912198) main____ INFO    Important environment variables:
2026-02-26 02:53:00.748992 (1912198) main____ INFO      CDS_LIC_FILE       : '5280@cadlic0'
2026-02-26 02:53:00.749006 (1912198) main____ INFO      DISPLAY            : 'localhost:12.0'
2026-02-26 02:53:00.749018 (1912198) main____ INFO      JASPER_INSTALL_DIR : '/cad/cadence/jasper_2023.12p001'
2026-02-26 02:53:00.749030 (1912198) main____ INFO      JASPER_KERNEL_CHECK: '1'
2026-02-26 02:53:00.749041 (1912198) main____ INFO      JASPER_OS_CHECK    : '0'
2026-02-26 02:53:00.749054 (1912198) main____ INFO      LANG               : 'zh_TW.UTF-8'
2026-02-26 02:53:00.749063 (1912198) main____ INFO    ----------------------------------------
2026-02-26 02:53:00.750859 (1912198) lic_core INFO    Initializing license system ...
2026-02-26 02:53:00.775067 (1912198) lic_core INFO    ... license system initialized.
2026-02-26 02:53:00.886436 (1912198) lic__man INFO    Claim 'main' for <ui>.
2026-02-26 02:53:00.886499 (1912198) lic_core INFO    (1) checking out 'jasper_interactive' ...
2026-02-26 02:53:00.920971 (1912198) lic_core INFO    ... (1) checkout succeeded
2026-02-26 02:53:00.921093 (1912198) lic__man INFO    Claim 'fpv' for <ui>.
2026-02-26 02:53:00.921124 (1912198) lic_core INFO    (2) checking out 'jasper_fpv' ...
2026-02-26 02:53:00.943776 (1912198) lic_core INFO    ... (2) checkout failed (error: -5) ("FLEXnet ERROR(-5, 0, 0): No such feature exists.")
2026-02-26 02:53:00.943831 (1912198) lic_core INFO    (3) checking out 'jasper_fao' ...
2026-02-26 02:53:01.022056 (1912198) lic_core INFO    ... (3) checkout succeeded
2026-02-26 02:53:01.025592 (1912198) main____ INFO    Tool inactivity delay is 480000 ms.
2026-02-26 02:53:01.025932 (1912218) stdio___ INFO    Starting STDIN reader (tty: yes, tty name: '/dev/pts/0')
2026-02-26 02:53:01.069643 (1912198) session_ INFO    Starting analysis session with session id 'session_0' (launcher: <local>) ...
2026-02-26 02:53:01.071761 (1912198) session_ INFO    Analysis session with session id 'session_0' started (pid: 1912219)
2026-02-26 02:53:02.486795 (1912198) session_ INFO    Analysis session 'session_0' connected to the console (host: 127.0.0.1:49560)
2026-02-26 02:53:13.888745 (1912198) lic__man INFO    Unclaim everything for 'session_0'.
2026-02-26 02:53:14.260912 (1912198) lic__man INFO    Claim 'fpv' for 'session_0'.
2026-02-26 02:53:14.260961 (1912198) lic__man INFO    Claim 'fpv' for 'session_0/prove-0'.
2026-02-26 02:53:17.050610 (1912198) lic__man INFO    Unclaim everything for 'session_0/prove-0'.
2026-02-26 02:53:17.074014 (1912198) main____ INFO    About to exit: request to exit with status 0 received from analysis session 'session_0'
2026-02-26 02:53:17.357392 (1912198) session_ INFO    Analysis session 'session_0' disconnected.
2026-02-26 02:53:17.357535 (1912198) lic__man INFO    Unclaim everything for 'session_0'.
2026-02-26 02:53:17.357822 (1912198) session_ INFO    Process for analysis session 'session_0' has exited with exit status '0'.
2026-02-26 02:53:18.993059 (1912218) stdio___ INFO    STDIN reader requested to stop.
2026-02-26 02:53:18.993113 (1912218) stdio___ INFO    STDIN reader stopped.
2026-02-26 02:53:18.993431 (1912198) lic_core INFO    (1) checkin jasper_interactive
2026-02-26 02:53:18.994855 (1912198) lic_core INFO    (3) checkin jasper_fao
2026-02-26 02:53:19.021701 (1912198) main____ INFO    Exiting with status 0.
