2026-03-02 11:49:55.751942 (630108) main____ INFO    ----------------------------------------
2026-03-02 11:49:55.752004 (630108) main____ INFO    Jasper version info
2026-03-02 11:49:55.752018 (630108) main____ INFO      tool      : Jasper 2023.12
2026-03-02 11:49:55.752031 (630108) main____ INFO      version   : 2023.12p001 64 bits
2026-03-02 11:49:55.752043 (630108) main____ INFO      build date: 2024.01.23 16:09:24 UTC
2026-03-02 11:49:55.752053 (630108) main____ INFO    ----------------------------------------
2026-03-02 11:49:55.752062 (630108) main____ INFO    Runtime info:
2026-03-02 11:49:55.752083 (630108) main____ INFO      platform  : Linux 4.18.0-553.89.1.el8_10.x86_64 x86_64
2026-03-02 11:49:55.752106 (630108) main____ INFO      hostname  : caddy12.stanford.edu
2026-03-02 11:49:55.752123 (630108) main____ INFO      pid       : 630108
2026-03-02 11:49:55.752133 (630108) main____ INFO      arguments : '-style' 'windows' '-allow_unsupported_OS' '-no_gui' '-fpv' './synthlc/i_ADDI_out/xHBPerfG_dfg_v3_div/WHB_252_.tcl' '-proj' './synthlc/i_ADDI_out/xHBPerfG_dfg_v3_div/WHB_252_jgsession_26-03-02-11_49_55'
2026-03-02 11:49:55.752148 (630108) main____ INFO      locale    : UTF-8
2026-03-02 11:49:55.752158 (630108) main____ INFO    ----------------------------------------
2026-03-02 11:49:55.752167 (630108) main____ INFO    System resource limits info:
2026-03-02 11:49:55.752178 (630108) main____ INFO      virtual memory: unlimited
2026-03-02 11:49:55.752190 (630108) main____ INFO      cpu time      : unlimited
2026-03-02 11:49:55.752206 (630108) main____ INFO      processes     : 4096
2026-03-02 11:49:55.752223 (630108) main____ INFO      stack size    : 8388608 B
2026-03-02 11:49:55.752237 (630108) main____ INFO      core file size: 0 B
2026-03-02 11:49:55.752250 (630108) main____ INFO      open files    : 4096
2026-03-02 11:49:55.752261 (630108) main____ INFO      file size     : unlimited
2026-03-02 11:49:55.752271 (630108) main____ INFO    ----------------------------------------
2026-03-02 11:49:55.752280 (630108) main____ INFO    Memory statistics:
2026-03-02 11:49:55.752291 (630108) main____ INFO      total physical memory  : 98449088 kB
2026-03-02 11:49:55.752301 (630108) main____ INFO      free physical memory   : 87742480 kB
2026-03-02 11:49:55.752312 (630108) main____ INFO      committed address space: 7307012 kB
2026-03-02 11:49:55.752321 (630108) main____ INFO    ----------------------------------------
2026-03-02 11:49:55.753487 (630108) main____ INFO    Important environment variables:
2026-03-02 11:49:55.753510 (630108) main____ INFO      CDS_LIC_FILE       : '5280@cadlic0'
2026-03-02 11:49:55.753522 (630108) main____ INFO      DISPLAY            : 'localhost:12.0'
2026-03-02 11:49:55.753533 (630108) main____ INFO      JASPER_INSTALL_DIR : '/cad/cadence/jasper_2023.12p001'
2026-03-02 11:49:55.753545 (630108) main____ INFO      JASPER_KERNEL_CHECK: '1'
2026-03-02 11:49:55.753556 (630108) main____ INFO      JASPER_OS_CHECK    : '0'
2026-03-02 11:49:55.753567 (630108) main____ INFO      LANG               : 'zh_TW.UTF-8'
2026-03-02 11:49:55.753577 (630108) main____ INFO    ----------------------------------------
2026-03-02 11:49:55.754739 (630108) lic_core INFO    Initializing license system ...
2026-03-02 11:49:55.756169 (630108) lic_core INFO    ... license system initialized.
2026-03-02 11:49:55.767605 (630108) lic__man INFO    Claim 'main' for <ui>.
2026-03-02 11:49:55.767643 (630108) lic_core INFO    (1) checking out 'jasper_interactive' ...
2026-03-02 11:49:55.779987 (630108) lic_core INFO    ... (1) checkout succeeded
2026-03-02 11:49:55.780042 (630108) lic__man INFO    Claim 'fpv' for <ui>.
2026-03-02 11:49:55.780062 (630108) lic_core INFO    (2) checking out 'jasper_fpv' ...
2026-03-02 11:49:55.784796 (630108) lic_core INFO    ... (2) checkout failed (error: -5) ("FLEXnet ERROR(-5, 0, 0): No such feature exists.")
2026-03-02 11:49:55.784837 (630108) lic_core INFO    (3) checking out 'jasper_fao' ...
2026-03-02 11:49:55.796013 (630108) lic_core INFO    ... (3) checkout succeeded
2026-03-02 11:49:55.796993 (630119) stdio___ INFO    Starting STDIN reader (tty: yes, tty name: '/dev/pts/0')
2026-03-02 11:49:55.797131 (630108) main____ INFO    Tool inactivity delay is 480000 ms.
2026-03-02 11:49:55.838242 (630108) session_ INFO    Starting analysis session with session id 'session_0' (launcher: <local>) ...
2026-03-02 11:49:55.840107 (630108) session_ INFO    Analysis session with session id 'session_0' started (pid: 630125)
2026-03-02 11:49:56.932172 (630108) session_ INFO    Analysis session 'session_0' connected to the console (host: 127.0.0.1:35724)
2026-03-02 11:50:00.280501 (630108) lic__man INFO    Unclaim everything for 'session_0'.
2026-03-02 11:50:00.486416 (630108) lic__man INFO    Claim 'fpv' for 'session_0'.
2026-03-02 11:50:00.486457 (630108) lic__man INFO    Claim 'fpv' for 'session_0/prove-0'.
2026-03-02 11:50:08.133216 (630108) lic__man INFO    Unclaim everything for 'session_0/prove-0'.
2026-03-02 11:50:08.173028 (630108) main____ INFO    About to exit: request to exit with status 0 received from analysis session 'session_0'
2026-03-02 11:50:08.499021 (630108) session_ INFO    Analysis session 'session_0' disconnected.
2026-03-02 11:50:08.499241 (630108) lic__man INFO    Unclaim everything for 'session_0'.
2026-03-02 11:50:08.499449 (630108) session_ INFO    Process for analysis session 'session_0' has exited with exit status '0'.
2026-03-02 11:50:10.279869 (630119) stdio___ INFO    STDIN reader requested to stop.
2026-03-02 11:50:10.279903 (630119) stdio___ INFO    STDIN reader stopped.
2026-03-02 11:50:10.280152 (630108) lic_core INFO    (1) checkin jasper_interactive
2026-03-02 11:50:10.281314 (630108) lic_core INFO    (3) checkin jasper_fao
2026-03-02 11:50:10.282554 (630108) main____ INFO    Exiting with status 0.
