2026-02-28 22:59:13.771051 (3772553) main____ INFO    ----------------------------------------
2026-02-28 22:59:13.771131 (3772553) main____ INFO    Jasper version info
2026-02-28 22:59:13.771146 (3772553) main____ INFO      tool      : Jasper 2023.12
2026-02-28 22:59:13.771161 (3772553) main____ INFO      version   : 2023.12p001 64 bits
2026-02-28 22:59:13.771175 (3772553) main____ INFO      build date: 2024.01.23 16:09:24 UTC
2026-02-28 22:59:13.771185 (3772553) main____ INFO    ----------------------------------------
2026-02-28 22:59:13.771195 (3772553) main____ INFO    Runtime info:
2026-02-28 22:59:13.771206 (3772553) main____ INFO      platform  : Linux 4.18.0-553.89.1.el8_10.x86_64 x86_64
2026-02-28 22:59:13.771224 (3772553) main____ INFO      hostname  : caddy12.stanford.edu
2026-02-28 22:59:13.771239 (3772553) main____ INFO      pid       : 3772553
2026-02-28 22:59:13.771250 (3772553) main____ INFO      arguments : '-style' 'windows' '-allow_unsupported_OS' '-no_gui' '-fpv' './synthlc/i_ADDI_out/xHBPerfG_dfg_v3_div/HB_315_.tcl' '-proj' './synthlc/i_ADDI_out/xHBPerfG_dfg_v3_div/HB_315_jgsession_26-02-28-22_59_13'
2026-02-28 22:59:13.771267 (3772553) main____ INFO      locale    : UTF-8
2026-02-28 22:59:13.771277 (3772553) main____ INFO    ----------------------------------------
2026-02-28 22:59:13.771287 (3772553) main____ INFO    System resource limits info:
2026-02-28 22:59:13.771300 (3772553) main____ INFO      virtual memory: unlimited
2026-02-28 22:59:13.771313 (3772553) main____ INFO      cpu time      : unlimited
2026-02-28 22:59:13.771330 (3772553) main____ INFO      processes     : 4096
2026-02-28 22:59:13.771348 (3772553) main____ INFO      stack size    : 8388608 B
2026-02-28 22:59:13.772243 (3772553) main____ INFO      core file size: 0 B
2026-02-28 22:59:13.772280 (3772553) main____ INFO      open files    : 4096
2026-02-28 22:59:13.772313 (3772553) main____ INFO      file size     : unlimited
2026-02-28 22:59:13.772341 (3772553) main____ INFO    ----------------------------------------
2026-02-28 22:59:13.772367 (3772553) main____ INFO    Memory statistics:
2026-02-28 22:59:13.772399 (3772553) main____ INFO      total physical memory  : 98449088 kB
2026-02-28 22:59:13.772430 (3772553) main____ INFO      free physical memory   : 89496360 kB
2026-02-28 22:59:13.772461 (3772553) main____ INFO      committed address space: 4187920 kB
2026-02-28 22:59:13.772488 (3772553) main____ INFO    ----------------------------------------
2026-02-28 22:59:13.773767 (3772553) main____ INFO    Important environment variables:
2026-02-28 22:59:13.773953 (3772553) main____ INFO      CDS_LIC_FILE       : '5280@cadlic0'
2026-02-28 22:59:13.773968 (3772553) main____ INFO      DISPLAY            : 'localhost:12.0'
2026-02-28 22:59:13.773980 (3772553) main____ INFO      JASPER_INSTALL_DIR : '/cad/cadence/jasper_2023.12p001'
2026-02-28 22:59:13.773993 (3772553) main____ INFO      JASPER_KERNEL_CHECK: '1'
2026-02-28 22:59:13.774005 (3772553) main____ INFO      JASPER_OS_CHECK    : '0'
2026-02-28 22:59:13.774017 (3772553) main____ INFO      LANG               : 'zh_TW.UTF-8'
2026-02-28 22:59:13.774028 (3772553) main____ INFO    ----------------------------------------
2026-02-28 22:59:13.775192 (3772553) lic_core INFO    Initializing license system ...
2026-02-28 22:59:13.777648 (3772553) lic_core INFO    ... license system initialized.
2026-02-28 22:59:13.789396 (3772553) lic__man INFO    Claim 'main' for <ui>.
2026-02-28 22:59:13.789446 (3772553) lic_core INFO    (1) checking out 'jasper_interactive' ...
2026-02-28 22:59:13.802089 (3772553) lic_core INFO    ... (1) checkout succeeded
2026-02-28 22:59:13.802161 (3772553) lic__man INFO    Claim 'fpv' for <ui>.
2026-02-28 22:59:13.802187 (3772553) lic_core INFO    (2) checking out 'jasper_fpv' ...
2026-02-28 22:59:13.806239 (3772553) lic_core INFO    ... (2) checkout failed (error: -5) ("FLEXnet ERROR(-5, 0, 0): No such feature exists.")
2026-02-28 22:59:13.806284 (3772553) lic_core INFO    (3) checking out 'jasper_fao' ...
2026-02-28 22:59:13.817041 (3772553) lic_core INFO    ... (3) checkout succeeded
2026-02-28 22:59:13.818019 (3772564) stdio___ INFO    Starting STDIN reader (tty: yes, tty name: '/dev/pts/0')
2026-02-28 22:59:13.818270 (3772553) main____ INFO    Tool inactivity delay is 480000 ms.
2026-02-28 22:59:13.860359 (3772553) session_ INFO    Starting analysis session with session id 'session_0' (launcher: <local>) ...
2026-02-28 22:59:13.862224 (3772553) session_ INFO    Analysis session with session id 'session_0' started (pid: 3772565)
2026-02-28 22:59:14.950493 (3772553) session_ INFO    Analysis session 'session_0' connected to the console (host: 127.0.0.1:57730)
2026-02-28 22:59:20.506196 (3772553) lic__man INFO    Unclaim everything for 'session_0'.
2026-02-28 22:59:20.713575 (3772553) lic__man INFO    Claim 'fpv' for 'session_0'.
2026-02-28 22:59:20.713628 (3772553) lic__man INFO    Claim 'fpv' for 'session_0/prove-0'.
2026-02-28 22:59:21.912029 (3772553) lic__man INFO    Unclaim everything for 'session_0/prove-0'.
2026-02-28 22:59:21.953928 (3772553) main____ INFO    About to exit: request to exit with status 0 received from analysis session 'session_0'
2026-02-28 22:59:22.100227 (3772553) session_ INFO    Analysis session 'session_0' disconnected.
2026-02-28 22:59:22.100423 (3772553) lic__man INFO    Unclaim everything for 'session_0'.
2026-02-28 22:59:22.100620 (3772553) session_ INFO    Process for analysis session 'session_0' has exited with exit status '0'.
2026-02-28 22:59:23.893060 (3772564) stdio___ INFO    STDIN reader requested to stop.
2026-02-28 22:59:23.893098 (3772564) stdio___ INFO    STDIN reader stopped.
2026-02-28 22:59:23.893332 (3772553) lic_core INFO    (1) checkin jasper_interactive
2026-02-28 22:59:23.894243 (3772553) lic_core INFO    (3) checkin jasper_fao
2026-02-28 22:59:23.895924 (3772553) main____ INFO    Exiting with status 0.
