2026-03-01 04:46:27.918277 (3929106) main____ INFO    ----------------------------------------
2026-03-01 04:46:27.918379 (3929106) main____ INFO    Jasper version info
2026-03-01 04:46:27.918397 (3929106) main____ INFO      tool      : Jasper 2023.12
2026-03-01 04:46:27.918414 (3929106) main____ INFO      version   : 2023.12p001 64 bits
2026-03-01 04:46:27.918428 (3929106) main____ INFO      build date: 2024.01.23 16:09:24 UTC
2026-03-01 04:46:27.918438 (3929106) main____ INFO    ----------------------------------------
2026-03-01 04:46:27.918448 (3929106) main____ INFO    Runtime info:
2026-03-01 04:46:27.918460 (3929106) main____ INFO      platform  : Linux 4.18.0-553.89.1.el8_10.x86_64 x86_64
2026-03-01 04:46:27.918480 (3929106) main____ INFO      hostname  : caddy12.stanford.edu
2026-03-01 04:46:27.918508 (3929106) main____ INFO      pid       : 3929106
2026-03-01 04:46:27.918520 (3929106) main____ INFO      arguments : '-style' 'windows' '-allow_unsupported_OS' '-no_gui' '-fpv' './synthlc/i_LW_out/xPairwiseDepDiv/nunv_anytwo_18_.tcl' '-proj' './synthlc/i_LW_out/xPairwiseDepDiv/nunv_anytwo_18_jgsession_26-03-01-04_46_27'
2026-03-01 04:46:27.918537 (3929106) main____ INFO      locale    : UTF-8
2026-03-01 04:46:27.918548 (3929106) main____ INFO    ----------------------------------------
2026-03-01 04:46:27.918558 (3929106) main____ INFO    System resource limits info:
2026-03-01 04:46:27.918571 (3929106) main____ INFO      virtual memory: unlimited
2026-03-01 04:46:27.918583 (3929106) main____ INFO      cpu time      : unlimited
2026-03-01 04:46:27.918603 (3929106) main____ INFO      processes     : 4096
2026-03-01 04:46:27.918625 (3929106) main____ INFO      stack size    : 8388608 B
2026-03-01 04:46:27.918640 (3929106) main____ INFO      core file size: 0 B
2026-03-01 04:46:27.918654 (3929106) main____ INFO      open files    : 4096
2026-03-01 04:46:27.918683 (3929106) main____ INFO      file size     : unlimited
2026-03-01 04:46:27.918694 (3929106) main____ INFO    ----------------------------------------
2026-03-01 04:46:27.918704 (3929106) main____ INFO    Memory statistics:
2026-03-01 04:46:27.918716 (3929106) main____ INFO      total physical memory  : 98449088 kB
2026-03-01 04:46:27.918729 (3929106) main____ INFO      free physical memory   : 82654844 kB
2026-03-01 04:46:27.918741 (3929106) main____ INFO      committed address space: 12647568 kB
2026-03-01 04:46:27.918751 (3929106) main____ INFO    ----------------------------------------
2026-03-01 04:46:27.919952 (3929106) main____ INFO    Important environment variables:
2026-03-01 04:46:27.919980 (3929106) main____ INFO      CDS_LIC_FILE       : '5280@cadlic0'
2026-03-01 04:46:27.919994 (3929106) main____ INFO      DISPLAY            : 'localhost:12.0'
2026-03-01 04:46:27.920006 (3929106) main____ INFO      JASPER_INSTALL_DIR : '/cad/cadence/jasper_2023.12p001'
2026-03-01 04:46:27.920018 (3929106) main____ INFO      JASPER_KERNEL_CHECK: '1'
2026-03-01 04:46:27.920031 (3929106) main____ INFO      JASPER_OS_CHECK    : '0'
2026-03-01 04:46:27.920044 (3929106) main____ INFO      LANG               : 'zh_TW.UTF-8'
2026-03-01 04:46:27.920054 (3929106) main____ INFO    ----------------------------------------
2026-03-01 04:46:27.922008 (3929106) lic_core INFO    Initializing license system ...
2026-03-01 04:46:27.930898 (3929106) lic_core INFO    ... license system initialized.
2026-03-01 04:46:27.950614 (3929106) lic__man INFO    Claim 'main' for <ui>.
2026-03-01 04:46:27.950709 (3929106) lic_core INFO    (1) checking out 'jasper_interactive' ...
2026-03-01 04:46:27.965567 (3929106) lic_core INFO    ... (1) checkout succeeded
2026-03-01 04:46:27.965695 (3929106) lic__man INFO    Claim 'fpv' for <ui>.
2026-03-01 04:46:27.965726 (3929106) lic_core INFO    (2) checking out 'jasper_fpv' ...
2026-03-01 04:46:27.973286 (3929106) lic_core INFO    ... (2) checkout failed (error: -5) ("FLEXnet ERROR(-5, 0, 0): No such feature exists.")
2026-03-01 04:46:27.973353 (3929106) lic_core INFO    (3) checking out 'jasper_fao' ...
2026-03-01 04:46:27.984957 (3929106) lic_core INFO    ... (3) checkout succeeded
2026-03-01 04:46:27.988378 (3929106) main____ INFO    Tool inactivity delay is 480000 ms.
2026-03-01 04:46:27.998938 (3929146) stdio___ INFO    Starting STDIN reader (tty: yes, tty name: '/dev/pts/0')
2026-03-01 04:46:28.091648 (3929106) session_ INFO    Starting analysis session with session id 'session_0' (launcher: <local>) ...
2026-03-01 04:46:28.093755 (3929106) session_ INFO    Analysis session with session id 'session_0' started (pid: 3929149)
2026-03-01 04:46:29.566244 (3929106) session_ INFO    Analysis session 'session_0' connected to the console (host: 127.0.0.1:41608)
2026-03-01 04:46:34.026885 (3929106) lic__man INFO    Unclaim everything for 'session_0'.
2026-03-01 04:46:34.379242 (3929106) lic__man INFO    Claim 'fpv' for 'session_0'.
2026-03-01 04:46:34.379290 (3929106) lic__man INFO    Claim 'fpv' for 'session_0/prove-0'.
2026-03-01 04:46:35.885345 (3929106) lic__man INFO    Unclaim everything for 'session_0/prove-0'.
2026-03-01 04:46:35.948938 (3929106) main____ INFO    About to exit: request to exit with status 0 received from analysis session 'session_0'
2026-03-01 04:46:36.159782 (3929106) session_ INFO    Analysis session 'session_0' disconnected.
2026-03-01 04:46:36.159955 (3929106) lic__man INFO    Unclaim everything for 'session_0'.
2026-03-01 04:46:36.170868 (3929106) session_ INFO    Process for analysis session 'session_0' has exited with exit status '0'.
2026-03-01 04:46:37.904769 (3929146) stdio___ INFO    STDIN reader requested to stop.
2026-03-01 04:46:37.904835 (3929146) stdio___ INFO    STDIN reader stopped.
2026-03-01 04:46:37.905955 (3929106) lic_core INFO    (1) checkin jasper_interactive
2026-03-01 04:46:37.909876 (3929106) lic_core INFO    (3) checkin jasper_fao
2026-03-01 04:46:37.946013 (3929106) main____ INFO    Exiting with status 0.
