2026-02-28 21:57:55.737652 (3724984) main____ INFO    ----------------------------------------
2026-02-28 21:57:55.737769 (3724984) main____ INFO    Jasper version info
2026-02-28 21:57:55.737788 (3724984) main____ INFO      tool      : Jasper 2023.12
2026-02-28 21:57:55.737803 (3724984) main____ INFO      version   : 2023.12p001 64 bits
2026-02-28 21:57:55.737816 (3724984) main____ INFO      build date: 2024.01.23 16:09:24 UTC
2026-02-28 21:57:55.737827 (3724984) main____ INFO    ----------------------------------------
2026-02-28 21:57:55.737837 (3724984) main____ INFO    Runtime info:
2026-02-28 21:57:55.737848 (3724984) main____ INFO      platform  : Linux 4.18.0-553.89.1.el8_10.x86_64 x86_64
2026-02-28 21:57:55.737867 (3724984) main____ INFO      hostname  : caddy12.stanford.edu
2026-02-28 21:57:55.737883 (3724984) main____ INFO      pid       : 3724984
2026-02-28 21:57:55.737894 (3724984) main____ INFO      arguments : '-style' 'windows' '-allow_unsupported_OS' '-no_gui' '-fpv' './synthlc/i_ADDI_out/xPairwiseDepDiv/nunv_anytwo_39_.tcl' '-proj' './synthlc/i_ADDI_out/xPairwiseDepDiv/nunv_anytwo_39_jgsession_26-02-28-21_57_55'
2026-02-28 21:57:55.737912 (3724984) main____ INFO      locale    : UTF-8
2026-02-28 21:57:55.737922 (3724984) main____ INFO    ----------------------------------------
2026-02-28 21:57:55.737932 (3724984) main____ INFO    System resource limits info:
2026-02-28 21:57:55.737945 (3724984) main____ INFO      virtual memory: unlimited
2026-02-28 21:57:55.737957 (3724984) main____ INFO      cpu time      : unlimited
2026-02-28 21:57:55.737975 (3724984) main____ INFO      processes     : 4096
2026-02-28 21:57:55.738006 (3724984) main____ INFO      stack size    : 8388608 B
2026-02-28 21:57:55.738022 (3724984) main____ INFO      core file size: 0 B
2026-02-28 21:57:55.738035 (3724984) main____ INFO      open files    : 4096
2026-02-28 21:57:55.738048 (3724984) main____ INFO      file size     : unlimited
2026-02-28 21:57:55.738058 (3724984) main____ INFO    ----------------------------------------
2026-02-28 21:57:55.738068 (3724984) main____ INFO    Memory statistics:
2026-02-28 21:57:55.738080 (3724984) main____ INFO      total physical memory  : 98449088 kB
2026-02-28 21:57:55.738092 (3724984) main____ INFO      free physical memory   : 85503736 kB
2026-02-28 21:57:55.738104 (3724984) main____ INFO      committed address space: 9002800 kB
2026-02-28 21:57:55.738114 (3724984) main____ INFO    ----------------------------------------
2026-02-28 21:57:55.739310 (3724984) main____ INFO    Important environment variables:
2026-02-28 21:57:55.739337 (3724984) main____ INFO      CDS_LIC_FILE       : '5280@cadlic0'
2026-02-28 21:57:55.739351 (3724984) main____ INFO      DISPLAY            : 'localhost:12.0'
2026-02-28 21:57:55.739363 (3724984) main____ INFO      JASPER_INSTALL_DIR : '/cad/cadence/jasper_2023.12p001'
2026-02-28 21:57:55.739375 (3724984) main____ INFO      JASPER_KERNEL_CHECK: '1'
2026-02-28 21:57:55.739388 (3724984) main____ INFO      JASPER_OS_CHECK    : '0'
2026-02-28 21:57:55.739400 (3724984) main____ INFO      LANG               : 'zh_TW.UTF-8'
2026-02-28 21:57:55.739410 (3724984) main____ INFO    ----------------------------------------
2026-02-28 21:57:55.740903 (3724984) lic_core INFO    Initializing license system ...
2026-02-28 21:57:55.776784 (3724984) lic_core INFO    ... license system initialized.
2026-02-28 21:57:55.872899 (3724984) lic__man INFO    Claim 'main' for <ui>.
2026-02-28 21:57:55.872977 (3724984) lic_core INFO    (1) checking out 'jasper_interactive' ...
2026-02-28 21:57:55.938917 (3724984) lic_core INFO    ... (1) checkout succeeded
2026-02-28 21:57:55.939038 (3724984) lic__man INFO    Claim 'fpv' for <ui>.
2026-02-28 21:57:55.939068 (3724984) lic_core INFO    (2) checking out 'jasper_fpv' ...
2026-02-28 21:57:55.985124 (3724984) lic_core INFO    ... (2) checkout failed (error: -5) ("FLEXnet ERROR(-5, 0, 0): No such feature exists.")
2026-02-28 21:57:55.985193 (3724984) lic_core INFO    (3) checking out 'jasper_fao' ...
2026-02-28 21:57:56.040674 (3724984) lic_core INFO    ... (3) checkout succeeded
2026-02-28 21:57:56.041881 (3724984) main____ INFO    Tool inactivity delay is 480000 ms.
2026-02-28 21:57:56.042479 (3725001) stdio___ INFO    Starting STDIN reader (tty: yes, tty name: '/dev/pts/0')
2026-02-28 21:57:56.129910 (3724984) session_ INFO    Starting analysis session with session id 'session_0' (launcher: <local>) ...
2026-02-28 21:57:56.131893 (3724984) session_ INFO    Analysis session with session id 'session_0' started (pid: 3725004)
2026-02-28 21:57:57.736815 (3724984) session_ INFO    Analysis session 'session_0' connected to the console (host: 127.0.0.1:51156)
2026-02-28 21:58:03.900188 (3724984) lic__man INFO    Unclaim everything for 'session_0'.
2026-02-28 21:58:04.247165 (3724984) lic__man INFO    Claim 'fpv' for 'session_0'.
2026-02-28 21:58:04.247218 (3724984) lic__man INFO    Claim 'fpv' for 'session_0/prove-0'.
2026-02-28 21:58:06.291684 (3724984) lic__man INFO    Unclaim everything for 'session_0/prove-0'.
2026-02-28 21:58:06.353119 (3724984) main____ INFO    About to exit: request to exit with status 0 received from analysis session 'session_0'
2026-02-28 21:58:06.643958 (3724984) session_ INFO    Analysis session 'session_0' disconnected.
2026-02-28 21:58:06.644127 (3724984) lic__man INFO    Unclaim everything for 'session_0'.
2026-02-28 21:58:06.644402 (3724984) session_ INFO    Process for analysis session 'session_0' has exited with exit status '0'.
2026-02-28 21:58:08.392755 (3725001) stdio___ INFO    STDIN reader requested to stop.
2026-02-28 21:58:08.392826 (3725001) stdio___ INFO    STDIN reader stopped.
2026-02-28 21:58:08.393197 (3724984) lic_core INFO    (1) checkin jasper_interactive
2026-02-28 21:58:08.404576 (3724984) lic_core INFO    (3) checkin jasper_fao
2026-02-28 21:58:08.436425 (3724984) main____ INFO    Exiting with status 0.
