2026-02-28 21:45:58.840242 (3705823) main____ INFO    ----------------------------------------
2026-02-28 21:45:58.840347 (3705823) main____ INFO    Jasper version info
2026-02-28 21:45:58.840364 (3705823) main____ INFO      tool      : Jasper 2023.12
2026-02-28 21:45:58.840381 (3705823) main____ INFO      version   : 2023.12p001 64 bits
2026-02-28 21:45:58.840395 (3705823) main____ INFO      build date: 2024.01.23 16:09:24 UTC
2026-02-28 21:45:58.840405 (3705823) main____ INFO    ----------------------------------------
2026-02-28 21:45:58.840415 (3705823) main____ INFO    Runtime info:
2026-02-28 21:45:58.840427 (3705823) main____ INFO      platform  : Linux 4.18.0-553.89.1.el8_10.x86_64 x86_64
2026-02-28 21:45:58.840446 (3705823) main____ INFO      hostname  : caddy12.stanford.edu
2026-02-28 21:45:58.840461 (3705823) main____ INFO      pid       : 3705823
2026-02-28 21:45:58.840473 (3705823) main____ INFO      arguments : '-style' 'windows' '-allow_unsupported_OS' '-no_gui' '-fpv' './synthlc/i_ADDI_out/xPairwiseDepDiv/nunv_anytwo_10_.tcl' '-proj' './synthlc/i_ADDI_out/xPairwiseDepDiv/nunv_anytwo_10_jgsession_26-02-28-21_45_57'
2026-02-28 21:45:58.840490 (3705823) main____ INFO      locale    : UTF-8
2026-02-28 21:45:58.840501 (3705823) main____ INFO    ----------------------------------------
2026-02-28 21:45:58.840510 (3705823) main____ INFO    System resource limits info:
2026-02-28 21:45:58.840523 (3705823) main____ INFO      virtual memory: unlimited
2026-02-28 21:45:58.840536 (3705823) main____ INFO      cpu time      : unlimited
2026-02-28 21:45:58.840554 (3705823) main____ INFO      processes     : 4096
2026-02-28 21:45:58.840581 (3705823) main____ INFO      stack size    : 8388608 B
2026-02-28 21:45:58.840596 (3705823) main____ INFO      core file size: 0 B
2026-02-28 21:45:58.840610 (3705823) main____ INFO      open files    : 4096
2026-02-28 21:45:58.840622 (3705823) main____ INFO      file size     : unlimited
2026-02-28 21:45:58.840633 (3705823) main____ INFO    ----------------------------------------
2026-02-28 21:45:58.840642 (3705823) main____ INFO    Memory statistics:
2026-02-28 21:45:58.840655 (3705823) main____ INFO      total physical memory  : 98449088 kB
2026-02-28 21:45:58.840690 (3705823) main____ INFO      free physical memory   : 76766924 kB
2026-02-28 21:45:58.840703 (3705823) main____ INFO      committed address space: 18767792 kB
2026-02-28 21:45:58.840712 (3705823) main____ INFO    ----------------------------------------
2026-02-28 21:45:58.841963 (3705823) main____ INFO    Important environment variables:
2026-02-28 21:45:58.841996 (3705823) main____ INFO      CDS_LIC_FILE       : '5280@cadlic0'
2026-02-28 21:45:58.842010 (3705823) main____ INFO      DISPLAY            : 'localhost:12.0'
2026-02-28 21:45:58.842023 (3705823) main____ INFO      JASPER_INSTALL_DIR : '/cad/cadence/jasper_2023.12p001'
2026-02-28 21:45:58.842035 (3705823) main____ INFO      JASPER_KERNEL_CHECK: '1'
2026-02-28 21:45:58.842048 (3705823) main____ INFO      JASPER_OS_CHECK    : '0'
2026-02-28 21:45:58.842060 (3705823) main____ INFO      LANG               : 'zh_TW.UTF-8'
2026-02-28 21:45:58.842070 (3705823) main____ INFO    ----------------------------------------
2026-02-28 21:45:58.843502 (3705823) lic_core INFO    Initializing license system ...
2026-02-28 21:45:58.927472 (3705823) lic_core INFO    ... license system initialized.
2026-02-28 21:45:59.075012 (3705823) lic__man INFO    Claim 'main' for <ui>.
2026-02-28 21:45:59.075097 (3705823) lic_core INFO    (1) checking out 'jasper_interactive' ...
2026-02-28 21:45:59.138045 (3705823) lic_core INFO    ... (1) checkout succeeded
2026-02-28 21:45:59.138169 (3705823) lic__man INFO    Claim 'fpv' for <ui>.
2026-02-28 21:45:59.138201 (3705823) lic_core INFO    (2) checking out 'jasper_fpv' ...
2026-02-28 21:45:59.198177 (3705823) lic_core INFO    ... (2) checkout failed (error: -5) ("FLEXnet ERROR(-5, 0, 0): No such feature exists.")
2026-02-28 21:45:59.198296 (3705823) lic_core INFO    (3) checking out 'jasper_fao' ...
2026-02-28 21:45:59.265988 (3705823) lic_core INFO    ... (3) checkout succeeded
2026-02-28 21:45:59.303513 (3705823) main____ INFO    Tool inactivity delay is 480000 ms.
2026-02-28 21:45:59.311910 (3705839) stdio___ INFO    Starting STDIN reader (tty: yes, tty name: '/dev/pts/0')
2026-02-28 21:45:59.688840 (3705823) session_ INFO    Starting analysis session with session id 'session_0' (launcher: <local>) ...
2026-02-28 21:45:59.690827 (3705823) session_ INFO    Analysis session with session id 'session_0' started (pid: 3705840)
2026-02-28 21:46:01.719206 (3705823) session_ INFO    Analysis session 'session_0' connected to the console (host: 127.0.0.1:40066)
2026-02-28 21:46:14.954377 (3705823) lic__man INFO    Unclaim everything for 'session_0'.
2026-02-28 21:46:15.569161 (3705823) lic__man INFO    Claim 'fpv' for 'session_0'.
2026-02-28 21:46:15.569212 (3705823) lic__man INFO    Claim 'fpv' for 'session_0/prove-0'.
2026-02-28 21:46:20.630983 (3705823) lic__man INFO    Unclaim everything for 'session_0/prove-0'.
2026-02-28 21:46:20.646006 (3705823) main____ INFO    About to exit: request to exit with status 0 received from analysis session 'session_0'
2026-02-28 21:46:20.945986 (3705823) session_ INFO    Analysis session 'session_0' disconnected.
2026-02-28 21:46:20.946143 (3705823) lic__man INFO    Unclaim everything for 'session_0'.
2026-02-28 21:46:20.957119 (3705823) session_ INFO    Process for analysis session 'session_0' has exited with exit status '0'.
2026-02-28 21:46:22.754159 (3705839) stdio___ INFO    STDIN reader requested to stop.
2026-02-28 21:46:22.754224 (3705839) stdio___ INFO    STDIN reader stopped.
2026-02-28 21:46:22.765289 (3705823) lic_core INFO    (1) checkin jasper_interactive
2026-02-28 21:46:22.778898 (3705823) lic_core INFO    (3) checkin jasper_fao
2026-02-28 21:46:22.790302 (3705823) main____ INFO    Exiting with status 0.
