2026-02-25 11:32:44.586755 (3091758) main____ INFO    ----------------------------------------
2026-02-25 11:32:44.586849 (3091758) main____ INFO    Jasper version info
2026-02-25 11:32:44.586865 (3091758) main____ INFO      tool      : Jasper 2023.12
2026-02-25 11:32:44.586881 (3091758) main____ INFO      version   : 2023.12p001 64 bits
2026-02-25 11:32:44.586894 (3091758) main____ INFO      build date: 2024.01.23 16:09:24 UTC
2026-02-25 11:32:44.586904 (3091758) main____ INFO    ----------------------------------------
2026-02-25 11:32:44.586914 (3091758) main____ INFO    Runtime info:
2026-02-25 11:32:44.586924 (3091758) main____ INFO      platform  : Linux 4.18.0-553.89.1.el8_10.x86_64 x86_64
2026-02-25 11:32:44.586943 (3091758) main____ INFO      hostname  : caddy15.stanford.edu
2026-02-25 11:32:44.586959 (3091758) main____ INFO      pid       : 3091758
2026-02-25 11:32:44.586972 (3091758) main____ INFO      arguments : '-style' 'windows' '-allow_unsupported_OS' '-no_gui' '-fpv' './synthlc/i_DIV_out/xPairwiseDepDiv/exclusive_204_.tcl' '-proj' './synthlc/i_DIV_out/xPairwiseDepDiv/exclusive_204_jgsession_26-02-25-11_32_44'
2026-02-25 11:32:44.586989 (3091758) main____ INFO      locale    : UTF-8
2026-02-25 11:32:44.586999 (3091758) main____ INFO    ----------------------------------------
2026-02-25 11:32:44.587008 (3091758) main____ INFO    System resource limits info:
2026-02-25 11:32:44.587021 (3091758) main____ INFO      virtual memory: unlimited
2026-02-25 11:32:44.587033 (3091758) main____ INFO      cpu time      : unlimited
2026-02-25 11:32:44.587052 (3091758) main____ INFO      processes     : 4096
2026-02-25 11:32:44.587072 (3091758) main____ INFO      stack size    : 8388608 B
2026-02-25 11:32:44.587086 (3091758) main____ INFO      core file size: 0 B
2026-02-25 11:32:44.587099 (3091758) main____ INFO      open files    : 4096
2026-02-25 11:32:44.587111 (3091758) main____ INFO      file size     : unlimited
2026-02-25 11:32:44.587121 (3091758) main____ INFO    ----------------------------------------
2026-02-25 11:32:44.587130 (3091758) main____ INFO    Memory statistics:
2026-02-25 11:32:44.587142 (3091758) main____ INFO      total physical memory  : 98449092 kB
2026-02-25 11:32:44.587153 (3091758) main____ INFO      free physical memory   : 76396604 kB
2026-02-25 11:32:44.587164 (3091758) main____ INFO      committed address space: 9300336 kB
2026-02-25 11:32:44.587174 (3091758) main____ INFO    ----------------------------------------
2026-02-25 11:32:44.588364 (3091758) main____ INFO    Important environment variables:
2026-02-25 11:32:44.588392 (3091758) main____ INFO      CDS_LIC_FILE       : '5280@cadlic0'
2026-02-25 11:32:44.588404 (3091758) main____ INFO      JASPER_INSTALL_DIR : '/cad/cadence/jasper_2023.12p001'
2026-02-25 11:32:44.588417 (3091758) main____ INFO      JASPER_KERNEL_CHECK: '1'
2026-02-25 11:32:44.588429 (3091758) main____ INFO      JASPER_OS_CHECK    : '0'
2026-02-25 11:32:44.588441 (3091758) main____ INFO      LANG               : 'en_US.UTF-8'
2026-02-25 11:32:44.588451 (3091758) main____ INFO    ----------------------------------------
2026-02-25 11:32:44.589549 (3091758) lic_core INFO    Initializing license system ...
2026-02-25 11:32:44.590912 (3091758) lic_core INFO    ... license system initialized.
2026-02-25 11:32:44.745618 (3091758) lic__man INFO    Claim 'main' for <ui>.
2026-02-25 11:32:44.745687 (3091758) lic_core INFO    (1) checking out 'jasper_interactive' ...
2026-02-25 11:32:44.770534 (3091758) lic_core INFO    ... (1) checkout succeeded
2026-02-25 11:32:44.770643 (3091758) lic__man INFO    Claim 'fpv' for <ui>.
2026-02-25 11:32:44.770671 (3091758) lic_core INFO    (2) checking out 'jasper_fpv' ...
2026-02-25 11:32:44.823856 (3091758) lic_core INFO    ... (2) checkout failed (error: -5) ("FLEXnet ERROR(-5, 0, 0): No such feature exists.")
2026-02-25 11:32:44.823922 (3091758) lic_core INFO    (3) checking out 'jasper_fao' ...
2026-02-25 11:32:44.907901 (3091758) lic_core INFO    ... (3) checkout succeeded
2026-02-25 11:32:44.909372 (3091758) main____ INFO    Tool inactivity delay is 480000 ms.
2026-02-25 11:32:44.919560 (3091769) stdio___ INFO    Starting STDIN reader (tty: yes, tty name: '/dev/pts/0')
2026-02-25 11:32:45.044709 (3091758) session_ INFO    Starting analysis session with session id 'session_0' (launcher: <local>) ...
2026-02-25 11:32:45.046796 (3091758) session_ INFO    Analysis session with session id 'session_0' started (pid: 3091770)
2026-02-25 11:32:46.594651 (3091758) session_ INFO    Analysis session 'session_0' connected to the console (host: 127.0.0.1:52904)
2026-02-25 11:32:54.093423 (3091758) lic__man INFO    Unclaim everything for 'session_0'.
2026-02-25 11:32:54.545753 (3091758) lic__man INFO    Claim 'fpv' for 'session_0'.
2026-02-25 11:32:54.545802 (3091758) lic__man INFO    Claim 'fpv' for 'session_0/prove-0'.
2026-02-25 11:33:27.296190 (3091758) lic__man INFO    Unclaim everything for 'session_0/prove-0'.
2026-02-25 11:33:27.359472 (3091758) main____ INFO    About to exit: request to exit with status 0 received from analysis session 'session_0'
2026-02-25 11:33:27.651049 (3091758) session_ INFO    Analysis session 'session_0' disconnected.
2026-02-25 11:33:27.651228 (3091758) lic__man INFO    Unclaim everything for 'session_0'.
2026-02-25 11:33:27.651993 (3091758) session_ INFO    Process for analysis session 'session_0' has exited with exit status '0'.
2026-02-25 11:33:29.412050 (3091769) stdio___ INFO    STDIN reader requested to stop.
2026-02-25 11:33:29.412099 (3091769) stdio___ INFO    STDIN reader stopped.
2026-02-25 11:33:29.412458 (3091758) lic_core INFO    (1) checkin jasper_interactive
2026-02-25 11:33:29.413495 (3091758) lic_core INFO    (3) checkin jasper_fao
2026-02-25 11:33:29.415427 (3091758) main____ INFO    Exiting with status 0.
