2026-02-26 11:13:50.666426 (4036686) main____ INFO    ----------------------------------------
2026-02-26 11:13:50.666490 (4036686) main____ INFO    Jasper version info
2026-02-26 11:13:50.666504 (4036686) main____ INFO      tool      : Jasper 2023.12
2026-02-26 11:13:50.666518 (4036686) main____ INFO      version   : 2023.12p001 64 bits
2026-02-26 11:13:50.666531 (4036686) main____ INFO      build date: 2024.01.23 16:09:24 UTC
2026-02-26 11:13:50.666540 (4036686) main____ INFO    ----------------------------------------
2026-02-26 11:13:50.666549 (4036686) main____ INFO    Runtime info:
2026-02-26 11:13:50.666560 (4036686) main____ INFO      platform  : Linux 4.18.0-553.89.1.el8_10.x86_64 x86_64
2026-02-26 11:13:50.666576 (4036686) main____ INFO      hostname  : caddy15.stanford.edu
2026-02-26 11:13:50.666591 (4036686) main____ INFO      pid       : 4036686
2026-02-26 11:13:50.666601 (4036686) main____ INFO      arguments : '-style' 'windows' '-allow_unsupported_OS' '-no_gui' '-fpv' './synthlc/i_ADDI_out/xPerfLocCycleCount/over1cyc_10_div_fsm_s5_.tcl' '-proj' './synthlc/i_ADDI_out/xPerfLocCycleCount/over1cyc_10_div_fsm_s5_jgsession_26-02-26-11_13_50'
2026-02-26 11:13:50.666617 (4036686) main____ INFO      locale    : UTF-8
2026-02-26 11:13:50.666626 (4036686) main____ INFO    ----------------------------------------
2026-02-26 11:13:50.666636 (4036686) main____ INFO    System resource limits info:
2026-02-26 11:13:50.666647 (4036686) main____ INFO      virtual memory: unlimited
2026-02-26 11:13:50.666659 (4036686) main____ INFO      cpu time      : unlimited
2026-02-26 11:13:50.666676 (4036686) main____ INFO      processes     : 4096
2026-02-26 11:13:50.666694 (4036686) main____ INFO      stack size    : 8388608 B
2026-02-26 11:13:50.666708 (4036686) main____ INFO      core file size: 0 B
2026-02-26 11:13:50.666728 (4036686) main____ INFO      open files    : 4096
2026-02-26 11:13:50.666740 (4036686) main____ INFO      file size     : unlimited
2026-02-26 11:13:50.666749 (4036686) main____ INFO    ----------------------------------------
2026-02-26 11:13:50.666758 (4036686) main____ INFO    Memory statistics:
2026-02-26 11:13:50.666770 (4036686) main____ INFO      total physical memory  : 98449092 kB
2026-02-26 11:13:50.666781 (4036686) main____ INFO      free physical memory   : 80196688 kB
2026-02-26 11:13:50.666792 (4036686) main____ INFO      committed address space: 1180312 kB
2026-02-26 11:13:50.666801 (4036686) main____ INFO    ----------------------------------------
2026-02-26 11:13:50.667922 (4036686) main____ INFO    Important environment variables:
2026-02-26 11:13:50.667944 (4036686) main____ INFO      CDS_LIC_FILE       : '5280@cadlic0'
2026-02-26 11:13:50.667957 (4036686) main____ INFO      JASPER_INSTALL_DIR : '/cad/cadence/jasper_2023.12p001'
2026-02-26 11:13:50.667968 (4036686) main____ INFO      JASPER_KERNEL_CHECK: '1'
2026-02-26 11:13:50.667980 (4036686) main____ INFO      JASPER_OS_CHECK    : '0'
2026-02-26 11:13:50.667992 (4036686) main____ INFO      LANG               : 'en_US.UTF-8'
2026-02-26 11:13:50.668002 (4036686) main____ INFO    ----------------------------------------
2026-02-26 11:13:50.669107 (4036686) lic_core INFO    Initializing license system ...
2026-02-26 11:13:50.670643 (4036686) lic_core INFO    ... license system initialized.
2026-02-26 11:13:50.682561 (4036686) lic__man INFO    Claim 'main' for <ui>.
2026-02-26 11:13:50.682602 (4036686) lic_core INFO    (1) checking out 'jasper_interactive' ...
2026-02-26 11:13:50.695527 (4036686) lic_core INFO    ... (1) checkout succeeded
2026-02-26 11:13:50.695585 (4036686) lic__man INFO    Claim 'fpv' for <ui>.
2026-02-26 11:13:50.695604 (4036686) lic_core INFO    (2) checking out 'jasper_fpv' ...
2026-02-26 11:13:50.700560 (4036686) lic_core INFO    ... (2) checkout failed (error: -5) ("FLEXnet ERROR(-5, 0, 0): No such feature exists.")
2026-02-26 11:13:50.700590 (4036686) lic_core INFO    (3) checking out 'jasper_fao' ...
2026-02-26 11:13:50.711873 (4036686) lic_core INFO    ... (3) checkout succeeded
2026-02-26 11:13:50.712982 (4036686) main____ INFO    Tool inactivity delay is 480000 ms.
2026-02-26 11:13:50.713022 (4036697) stdio___ INFO    Starting STDIN reader (tty: yes, tty name: '/dev/pts/0')
2026-02-26 11:13:50.754920 (4036686) session_ INFO    Starting analysis session with session id 'session_0' (launcher: <local>) ...
2026-02-26 11:13:50.756842 (4036686) session_ INFO    Analysis session with session id 'session_0' started (pid: 4036698)
2026-02-26 11:13:51.877557 (4036686) session_ INFO    Analysis session 'session_0' connected to the console (host: 127.0.0.1:33012)
2026-02-26 11:13:54.928191 (4036686) lic__man INFO    Unclaim everything for 'session_0'.
2026-02-26 11:13:55.128010 (4036686) lic__man INFO    Claim 'fpv' for 'session_0'.
2026-02-26 11:13:55.128045 (4036686) lic__man INFO    Claim 'fpv' for 'session_0/prove-0'.
2026-02-26 11:14:13.037439 (4036686) lic__man INFO    Unclaim everything for 'session_0/prove-0'.
2026-02-26 11:14:13.079578 (4036686) main____ INFO    About to exit: request to exit with status 0 received from analysis session 'session_0'
2026-02-26 11:14:13.233904 (4036686) session_ INFO    Analysis session 'session_0' disconnected.
2026-02-26 11:14:13.234028 (4036686) lic__man INFO    Unclaim everything for 'session_0'.
2026-02-26 11:14:13.234261 (4036686) session_ INFO    Process for analysis session 'session_0' has exited with exit status '0'.
2026-02-26 11:14:14.986699 (4036697) stdio___ INFO    STDIN reader requested to stop.
2026-02-26 11:14:14.986740 (4036697) stdio___ INFO    STDIN reader stopped.
2026-02-26 11:14:14.986977 (4036686) lic_core INFO    (1) checkin jasper_interactive
2026-02-26 11:14:14.988167 (4036686) lic_core INFO    (3) checkin jasper_fao
2026-02-26 11:14:14.989155 (4036686) main____ INFO    Exiting with status 0.
