2026-02-26 12:11:09.215333 (2153972) main____ INFO    ----------------------------------------
2026-02-26 12:11:09.215399 (2153972) main____ INFO    Jasper version info
2026-02-26 12:11:09.215414 (2153972) main____ INFO      tool      : Jasper 2023.12
2026-02-26 12:11:09.215427 (2153972) main____ INFO      version   : 2023.12p001 64 bits
2026-02-26 12:11:09.215439 (2153972) main____ INFO      build date: 2024.01.23 16:09:24 UTC
2026-02-26 12:11:09.215448 (2153972) main____ INFO    ----------------------------------------
2026-02-26 12:11:09.215457 (2153972) main____ INFO    Runtime info:
2026-02-26 12:11:09.215468 (2153972) main____ INFO      platform  : Linux 4.18.0-553.89.1.el8_10.x86_64 x86_64
2026-02-26 12:11:09.215484 (2153972) main____ INFO      hostname  : caddy12.stanford.edu
2026-02-26 12:11:09.215498 (2153972) main____ INFO      pid       : 2153972
2026-02-26 12:11:09.215508 (2153972) main____ INFO      arguments : '-style' 'windows' '-allow_unsupported_OS' '-no_gui' '-fpv' './synthlc/i_DIV_out/xPerfLocSubsetDiv/coverset_24_.tcl' '-proj' './synthlc/i_DIV_out/xPerfLocSubsetDiv/coverset_24_jgsession_26-02-26-12_11_09'
2026-02-26 12:11:09.215523 (2153972) main____ INFO      locale    : UTF-8
2026-02-26 12:11:09.215532 (2153972) main____ INFO    ----------------------------------------
2026-02-26 12:11:09.215541 (2153972) main____ INFO    System resource limits info:
2026-02-26 12:11:09.215552 (2153972) main____ INFO      virtual memory: unlimited
2026-02-26 12:11:09.215564 (2153972) main____ INFO      cpu time      : unlimited
2026-02-26 12:11:09.215580 (2153972) main____ INFO      processes     : 4096
2026-02-26 12:11:09.215597 (2153972) main____ INFO      stack size    : 8388608 B
2026-02-26 12:11:09.215610 (2153972) main____ INFO      core file size: 0 B
2026-02-26 12:11:09.215622 (2153972) main____ INFO      open files    : 4096
2026-02-26 12:11:09.215634 (2153972) main____ INFO      file size     : unlimited
2026-02-26 12:11:09.215643 (2153972) main____ INFO    ----------------------------------------
2026-02-26 12:11:09.215652 (2153972) main____ INFO    Memory statistics:
2026-02-26 12:11:09.215663 (2153972) main____ INFO      total physical memory  : 98449088 kB
2026-02-26 12:11:09.215674 (2153972) main____ INFO      free physical memory   : 80263796 kB
2026-02-26 12:11:09.215698 (2153972) main____ INFO      committed address space: 2770224 kB
2026-02-26 12:11:09.215707 (2153972) main____ INFO    ----------------------------------------
2026-02-26 12:11:09.216856 (2153972) main____ INFO    Important environment variables:
2026-02-26 12:11:09.216880 (2153972) main____ INFO      CDS_LIC_FILE       : '5280@cadlic0'
2026-02-26 12:11:09.216893 (2153972) main____ INFO      DISPLAY            : 'localhost:12.0'
2026-02-26 12:11:09.216904 (2153972) main____ INFO      JASPER_INSTALL_DIR : '/cad/cadence/jasper_2023.12p001'
2026-02-26 12:11:09.216915 (2153972) main____ INFO      JASPER_KERNEL_CHECK: '1'
2026-02-26 12:11:09.216926 (2153972) main____ INFO      JASPER_OS_CHECK    : '0'
2026-02-26 12:11:09.216938 (2153972) main____ INFO      LANG               : 'zh_TW.UTF-8'
2026-02-26 12:11:09.216955 (2153972) main____ INFO    ----------------------------------------
2026-02-26 12:11:09.218099 (2153972) lic_core INFO    Initializing license system ...
2026-02-26 12:11:09.219635 (2153972) lic_core INFO    ... license system initialized.
2026-02-26 12:11:09.230905 (2153972) lic__man INFO    Claim 'main' for <ui>.
2026-02-26 12:11:09.230955 (2153972) lic_core INFO    (1) checking out 'jasper_interactive' ...
2026-02-26 12:11:09.243589 (2153972) lic_core INFO    ... (1) checkout succeeded
2026-02-26 12:11:09.243645 (2153972) lic__man INFO    Claim 'fpv' for <ui>.
2026-02-26 12:11:09.243680 (2153972) lic_core INFO    (2) checking out 'jasper_fpv' ...
2026-02-26 12:11:09.248463 (2153972) lic_core INFO    ... (2) checkout failed (error: -5) ("FLEXnet ERROR(-5, 0, 0): No such feature exists.")
2026-02-26 12:11:09.248492 (2153972) lic_core INFO    (3) checking out 'jasper_fao' ...
2026-02-26 12:11:09.259654 (2153972) lic_core INFO    ... (3) checkout succeeded
2026-02-26 12:11:09.260547 (2153983) stdio___ INFO    Starting STDIN reader (tty: yes, tty name: '/dev/pts/0')
2026-02-26 12:11:09.260697 (2153972) main____ INFO    Tool inactivity delay is 480000 ms.
2026-02-26 12:11:09.301464 (2153972) session_ INFO    Starting analysis session with session id 'session_0' (launcher: <local>) ...
2026-02-26 12:11:09.303293 (2153972) session_ INFO    Analysis session with session id 'session_0' started (pid: 2153984)
2026-02-26 12:11:10.400746 (2153972) session_ INFO    Analysis session 'session_0' connected to the console (host: 127.0.0.1:60748)
2026-02-26 12:11:14.259450 (2153972) lic__man INFO    Unclaim everything for 'session_0'.
2026-02-26 12:11:14.458535 (2153972) lic__man INFO    Claim 'fpv' for 'session_0'.
2026-02-26 12:11:14.458567 (2153972) lic__man INFO    Claim 'fpv' for 'session_0/prove-0'.
2026-02-26 12:11:58.012753 (2153972) lic__man INFO    Unclaim everything for 'session_0/prove-0'.
2026-02-26 12:11:58.056859 (2153972) main____ INFO    About to exit: request to exit with status 0 received from analysis session 'session_0'
2026-02-26 12:11:58.186790 (2153972) session_ INFO    Analysis session 'session_0' disconnected.
2026-02-26 12:11:58.186980 (2153972) lic__man INFO    Unclaim everything for 'session_0'.
2026-02-26 12:11:58.187157 (2153972) session_ INFO    Process for analysis session 'session_0' has exited with exit status '0'.
2026-02-26 12:11:59.964116 (2153983) stdio___ INFO    STDIN reader requested to stop.
2026-02-26 12:11:59.964156 (2153983) stdio___ INFO    STDIN reader stopped.
2026-02-26 12:11:59.964358 (2153972) lic_core INFO    (1) checkin jasper_interactive
2026-02-26 12:11:59.965300 (2153972) lic_core INFO    (3) checkin jasper_fao
2026-02-26 12:11:59.966212 (2153972) main____ INFO    Exiting with status 0.
