2026-03-01 14:54:47.724197 (210816) main____ INFO    ----------------------------------------
2026-03-01 14:54:47.724255 (210816) main____ INFO    Jasper version info
2026-03-01 14:54:47.724270 (210816) main____ INFO      tool      : Jasper 2023.12
2026-03-01 14:54:47.724285 (210816) main____ INFO      version   : 2023.12p001 64 bits
2026-03-01 14:54:47.724298 (210816) main____ INFO      build date: 2024.01.23 16:09:24 UTC
2026-03-01 14:54:47.724309 (210816) main____ INFO    ----------------------------------------
2026-03-01 14:54:47.724319 (210816) main____ INFO    Runtime info:
2026-03-01 14:54:47.724330 (210816) main____ INFO      platform  : Linux 4.18.0-553.89.1.el8_10.x86_64 x86_64
2026-03-01 14:54:47.724347 (210816) main____ INFO      hostname  : caddy12.stanford.edu
2026-03-01 14:54:47.724362 (210816) main____ INFO      pid       : 210816
2026-03-01 14:54:47.724373 (210816) main____ INFO      arguments : '-style' 'windows' '-allow_unsupported_OS' '-no_gui' '-fpv' './synthlc/i_LW_out/xHBPerfG_leaving/WHB_LEAVING_4_.tcl' '-proj' './synthlc/i_LW_out/xHBPerfG_leaving/WHB_LEAVING_4_jgsession_26-03-01-14_54_47'
2026-03-01 14:54:47.724388 (210816) main____ INFO      locale    : UTF-8
2026-03-01 14:54:47.724398 (210816) main____ INFO    ----------------------------------------
2026-03-01 14:54:47.724408 (210816) main____ INFO    System resource limits info:
2026-03-01 14:54:47.724421 (210816) main____ INFO      virtual memory: unlimited
2026-03-01 14:54:47.724433 (210816) main____ INFO      cpu time      : unlimited
2026-03-01 14:54:47.724449 (210816) main____ INFO      processes     : 4096
2026-03-01 14:54:47.724467 (210816) main____ INFO      stack size    : 8388608 B
2026-03-01 14:54:47.724481 (210816) main____ INFO      core file size: 0 B
2026-03-01 14:54:47.724494 (210816) main____ INFO      open files    : 4096
2026-03-01 14:54:47.724506 (210816) main____ INFO      file size     : unlimited
2026-03-01 14:54:47.724517 (210816) main____ INFO    ----------------------------------------
2026-03-01 14:54:47.724527 (210816) main____ INFO    Memory statistics:
2026-03-01 14:54:47.724538 (210816) main____ INFO      total physical memory  : 98449088 kB
2026-03-01 14:54:47.724550 (210816) main____ INFO      free physical memory   : 86441800 kB
2026-03-01 14:54:47.724562 (210816) main____ INFO      committed address space: 6583460 kB
2026-03-01 14:54:47.724572 (210816) main____ INFO    ----------------------------------------
2026-03-01 14:54:47.725745 (210816) main____ INFO    Important environment variables:
2026-03-01 14:54:47.725766 (210816) main____ INFO      CDS_LIC_FILE       : '5280@cadlic0'
2026-03-01 14:54:47.725780 (210816) main____ INFO      DISPLAY            : 'localhost:12.0'
2026-03-01 14:54:47.725801 (210816) main____ INFO      JASPER_INSTALL_DIR : '/cad/cadence/jasper_2023.12p001'
2026-03-01 14:54:47.725814 (210816) main____ INFO      JASPER_KERNEL_CHECK: '1'
2026-03-01 14:54:47.725826 (210816) main____ INFO      JASPER_OS_CHECK    : '0'
2026-03-01 14:54:47.725838 (210816) main____ INFO      LANG               : 'zh_TW.UTF-8'
2026-03-01 14:54:47.725848 (210816) main____ INFO    ----------------------------------------
2026-03-01 14:54:47.726899 (210816) lic_core INFO    Initializing license system ...
2026-03-01 14:54:47.728255 (210816) lic_core INFO    ... license system initialized.
2026-03-01 14:54:47.744397 (210816) lic__man INFO    Claim 'main' for <ui>.
2026-03-01 14:54:47.744457 (210816) lic_core INFO    (1) checking out 'jasper_interactive' ...
2026-03-01 14:54:47.756052 (210816) lic_core INFO    ... (1) checkout succeeded
2026-03-01 14:54:47.756113 (210816) lic__man INFO    Claim 'fpv' for <ui>.
2026-03-01 14:54:47.756135 (210816) lic_core INFO    (2) checking out 'jasper_fpv' ...
2026-03-01 14:54:47.759853 (210816) lic_core INFO    ... (2) checkout failed (error: -5) ("FLEXnet ERROR(-5, 0, 0): No such feature exists.")
2026-03-01 14:54:47.759896 (210816) lic_core INFO    (3) checking out 'jasper_fao' ...
2026-03-01 14:54:47.770638 (210816) lic_core INFO    ... (3) checkout succeeded
2026-03-01 14:54:47.771530 (210846) stdio___ INFO    Starting STDIN reader (tty: yes, tty name: '/dev/pts/0')
2026-03-01 14:54:47.772309 (210816) main____ INFO    Tool inactivity delay is 480000 ms.
2026-03-01 14:54:47.814518 (210816) session_ INFO    Starting analysis session with session id 'session_0' (launcher: <local>) ...
2026-03-01 14:54:47.816239 (210816) session_ INFO    Analysis session with session id 'session_0' started (pid: 210849)
2026-03-01 14:54:48.885850 (210816) session_ INFO    Analysis session 'session_0' connected to the console (host: 127.0.0.1:60068)
2026-03-01 14:54:51.887022 (210816) lic__man INFO    Unclaim everything for 'session_0'.
2026-03-01 14:54:52.082808 (210816) lic__man INFO    Claim 'fpv' for 'session_0'.
2026-03-01 14:54:52.082852 (210816) lic__man INFO    Claim 'fpv' for 'session_0/prove-0'.
2026-03-01 14:55:06.113877 (210816) lic__man INFO    Unclaim everything for 'session_0/prove-0'.
2026-03-01 14:55:06.152970 (210816) main____ INFO    About to exit: request to exit with status 0 received from analysis session 'session_0'
2026-03-01 14:55:06.477958 (210816) session_ INFO    Analysis session 'session_0' disconnected.
2026-03-01 14:55:06.478192 (210816) lic__man INFO    Unclaim everything for 'session_0'.
2026-03-01 14:55:06.478405 (210816) session_ INFO    Process for analysis session 'session_0' has exited with exit status '0'.
2026-03-01 14:55:08.259966 (210846) stdio___ INFO    STDIN reader requested to stop.
2026-03-01 14:55:08.260010 (210846) stdio___ INFO    STDIN reader stopped.
2026-03-01 14:55:08.260224 (210816) lic_core INFO    (1) checkin jasper_interactive
2026-03-01 14:55:08.261272 (210816) lic_core INFO    (3) checkin jasper_fao
2026-03-01 14:55:08.262600 (210816) main____ INFO    Exiting with status 0.
