2026-02-27 15:52:31.447490 (3158637) main____ INFO    ----------------------------------------
2026-02-27 15:52:31.447558 (3158637) main____ INFO    Jasper version info
2026-02-27 15:52:31.447574 (3158637) main____ INFO      tool      : Jasper 2023.12
2026-02-27 15:52:31.447588 (3158637) main____ INFO      version   : 2023.12p001 64 bits
2026-02-27 15:52:31.447601 (3158637) main____ INFO      build date: 2024.01.23 16:09:24 UTC
2026-02-27 15:52:31.447612 (3158637) main____ INFO    ----------------------------------------
2026-02-27 15:52:31.447622 (3158637) main____ INFO    Runtime info:
2026-02-27 15:52:31.447633 (3158637) main____ INFO      platform  : Linux 4.18.0-553.89.1.el8_10.x86_64 x86_64
2026-02-27 15:52:31.447650 (3158637) main____ INFO      hostname  : caddy12.stanford.edu
2026-02-27 15:52:31.447677 (3158637) main____ INFO      pid       : 3158637
2026-02-27 15:52:31.447689 (3158637) main____ INFO      arguments : '-style' 'windows' '-allow_unsupported_OS' '-no_gui' '-fpv' './synthlc/i_DIV_out/xPairwiseDepDiv/nunv_anytwo_77_.tcl' '-proj' './synthlc/i_DIV_out/xPairwiseDepDiv/nunv_anytwo_77_jgsession_26-02-27-15_52_31'
2026-02-27 15:52:31.447714 (3158637) main____ INFO      locale    : UTF-8
2026-02-27 15:52:31.447725 (3158637) main____ INFO    ----------------------------------------
2026-02-27 15:52:31.447735 (3158637) main____ INFO    System resource limits info:
2026-02-27 15:52:31.447747 (3158637) main____ INFO      virtual memory: unlimited
2026-02-27 15:52:31.447760 (3158637) main____ INFO      cpu time      : unlimited
2026-02-27 15:52:31.447777 (3158637) main____ INFO      processes     : 4096
2026-02-27 15:52:31.447795 (3158637) main____ INFO      stack size    : 8388608 B
2026-02-27 15:52:31.447810 (3158637) main____ INFO      core file size: 0 B
2026-02-27 15:52:31.447823 (3158637) main____ INFO      open files    : 4096
2026-02-27 15:52:31.447835 (3158637) main____ INFO      file size     : unlimited
2026-02-27 15:52:31.447846 (3158637) main____ INFO    ----------------------------------------
2026-02-27 15:52:31.447855 (3158637) main____ INFO    Memory statistics:
2026-02-27 15:52:31.447868 (3158637) main____ INFO      total physical memory  : 98449088 kB
2026-02-27 15:52:31.447880 (3158637) main____ INFO      free physical memory   : 78731640 kB
2026-02-27 15:52:31.448791 (3158637) main____ INFO      committed address space: 2363948 kB
2026-02-27 15:52:31.448820 (3158637) main____ INFO    ----------------------------------------
2026-02-27 15:52:31.450065 (3158637) main____ INFO    Important environment variables:
2026-02-27 15:52:31.450513 (3158637) main____ INFO      CDS_LIC_FILE       : '5280@cadlic0'
2026-02-27 15:52:31.450551 (3158637) main____ INFO      DISPLAY            : 'localhost:12.0'
2026-02-27 15:52:31.450564 (3158637) main____ INFO      JASPER_INSTALL_DIR : '/cad/cadence/jasper_2023.12p001'
2026-02-27 15:52:31.450578 (3158637) main____ INFO      JASPER_KERNEL_CHECK: '1'
2026-02-27 15:52:31.450592 (3158637) main____ INFO      JASPER_OS_CHECK    : '0'
2026-02-27 15:52:31.450605 (3158637) main____ INFO      LANG               : 'zh_TW.UTF-8'
2026-02-27 15:52:31.450615 (3158637) main____ INFO    ----------------------------------------
2026-02-27 15:52:31.451895 (3158637) lic_core INFO    Initializing license system ...
2026-02-27 15:52:31.453711 (3158637) lic_core INFO    ... license system initialized.
2026-02-27 15:52:31.465033 (3158637) lic__man INFO    Claim 'main' for <ui>.
2026-02-27 15:52:31.465088 (3158637) lic_core INFO    (1) checking out 'jasper_interactive' ...
2026-02-27 15:52:31.477502 (3158637) lic_core INFO    ... (1) checkout succeeded
2026-02-27 15:52:31.477583 (3158637) lic__man INFO    Claim 'fpv' for <ui>.
2026-02-27 15:52:31.477608 (3158637) lic_core INFO    (2) checking out 'jasper_fpv' ...
2026-02-27 15:52:31.481542 (3158637) lic_core INFO    ... (2) checkout failed (error: -5) ("FLEXnet ERROR(-5, 0, 0): No such feature exists.")
2026-02-27 15:52:31.481586 (3158637) lic_core INFO    (3) checking out 'jasper_fao' ...
2026-02-27 15:52:31.492459 (3158637) lic_core INFO    ... (3) checkout succeeded
2026-02-27 15:52:31.494150 (3158637) main____ INFO    Tool inactivity delay is 480000 ms.
2026-02-27 15:52:31.494431 (3158707) stdio___ INFO    Starting STDIN reader (tty: yes, tty name: '/dev/pts/0')
2026-02-27 15:52:31.535762 (3158637) session_ INFO    Starting analysis session with session id 'session_0' (launcher: <local>) ...
2026-02-27 15:52:31.537576 (3158637) session_ INFO    Analysis session with session id 'session_0' started (pid: 3158708)
2026-02-27 15:52:32.600742 (3158637) session_ INFO    Analysis session 'session_0' connected to the console (host: 127.0.0.1:38040)
2026-02-27 15:52:35.705880 (3158637) lic__man INFO    Unclaim everything for 'session_0'.
2026-02-27 15:52:35.905307 (3158637) lic__man INFO    Claim 'fpv' for 'session_0'.
2026-02-27 15:52:35.905348 (3158637) lic__man INFO    Claim 'fpv' for 'session_0/prove-0'.
2026-02-27 15:52:40.851493 (3158637) lic__man INFO    Unclaim everything for 'session_0/prove-0'.
2026-02-27 15:52:40.960944 (3158637) main____ INFO    About to exit: request to exit with status 0 received from analysis session 'session_0'
2026-02-27 15:52:41.370458 (3158637) session_ INFO    Analysis session 'session_0' disconnected.
2026-02-27 15:52:41.370681 (3158637) lic__man INFO    Unclaim everything for 'session_0'.
2026-02-27 15:52:41.370886 (3158637) session_ INFO    Process for analysis session 'session_0' has exited with exit status '0'.
2026-02-27 15:52:42.891815 (3158707) stdio___ INFO    STDIN reader requested to stop.
2026-02-27 15:52:42.891855 (3158707) stdio___ INFO    STDIN reader stopped.
2026-02-27 15:52:42.892064 (3158637) lic_core INFO    (1) checkin jasper_interactive
2026-02-27 15:52:42.893237 (3158637) lic_core INFO    (3) checkin jasper_fao
2026-02-27 15:52:42.894591 (3158637) main____ INFO    Exiting with status 0.
