2026-03-01 22:47:26.201601 (738704) main____ INFO    ----------------------------------------
2026-03-01 22:47:26.201700 (738704) main____ INFO    Jasper version info
2026-03-01 22:47:26.201715 (738704) main____ INFO      tool      : Jasper 2023.12
2026-03-01 22:47:26.201730 (738704) main____ INFO      version   : 2023.12p001 64 bits
2026-03-01 22:47:26.201743 (738704) main____ INFO      build date: 2024.01.23 16:09:24 UTC
2026-03-01 22:47:26.201753 (738704) main____ INFO    ----------------------------------------
2026-03-01 22:47:26.201761 (738704) main____ INFO    Runtime info:
2026-03-01 22:47:26.201771 (738704) main____ INFO      platform  : Linux 4.18.0-553.89.1.el8_10.x86_64 x86_64
2026-03-01 22:47:26.201790 (738704) main____ INFO      hostname  : caddy10.stanford.edu
2026-03-01 22:47:26.201804 (738704) main____ INFO      pid       : 738704
2026-03-01 22:47:26.201814 (738704) main____ INFO      arguments : '-style' 'windows' '-allow_unsupported_OS' '-no_gui' '-fpv' './synthlc/i_MUL_out/xPairwiseDepDiv/nunv_anytwo_34_.tcl' '-proj' './synthlc/i_MUL_out/xPairwiseDepDiv/nunv_anytwo_34_jgsession_26-03-01-22_47_25'
2026-03-01 22:47:26.201831 (738704) main____ INFO      locale    : UTF-8
2026-03-01 22:47:26.201840 (738704) main____ INFO    ----------------------------------------
2026-03-01 22:47:26.201849 (738704) main____ INFO    System resource limits info:
2026-03-01 22:47:26.201861 (738704) main____ INFO      virtual memory: unlimited
2026-03-01 22:47:26.201872 (738704) main____ INFO      cpu time      : unlimited
2026-03-01 22:47:26.201889 (738704) main____ INFO      processes     : 4096
2026-03-01 22:47:26.201910 (738704) main____ INFO      stack size    : 8388608 B
2026-03-01 22:47:26.201923 (738704) main____ INFO      core file size: 0 B
2026-03-01 22:47:26.201935 (738704) main____ INFO      open files    : 4096
2026-03-01 22:47:26.201946 (738704) main____ INFO      file size     : unlimited
2026-03-01 22:47:26.201956 (738704) main____ INFO    ----------------------------------------
2026-03-01 22:47:26.201964 (738704) main____ INFO    Memory statistics:
2026-03-01 22:47:26.201976 (738704) main____ INFO      total physical memory  : 98449096 kB
2026-03-01 22:47:26.201986 (738704) main____ INFO      free physical memory   : 84241272 kB
2026-03-01 22:47:26.201997 (738704) main____ INFO      committed address space: 11332168 kB
2026-03-01 22:47:26.202006 (738704) main____ INFO    ----------------------------------------
2026-03-01 22:47:26.203184 (738704) main____ INFO    Important environment variables:
2026-03-01 22:47:26.203218 (738704) main____ INFO      CDS_LIC_FILE       : '5280@cadlic0'
2026-03-01 22:47:26.203230 (738704) main____ INFO      JASPER_INSTALL_DIR : '/cad/cadence/jasper_2023.12p001'
2026-03-01 22:47:26.203242 (738704) main____ INFO      JASPER_KERNEL_CHECK: '1'
2026-03-01 22:47:26.203253 (738704) main____ INFO      JASPER_OS_CHECK    : '0'
2026-03-01 22:47:26.203264 (738704) main____ INFO      LANG               : 'en_US.UTF-8'
2026-03-01 22:47:26.203273 (738704) main____ INFO    ----------------------------------------
2026-03-01 22:47:26.216232 (738704) lic_core INFO    Initializing license system ...
2026-03-01 22:47:26.257849 (738704) lic_core INFO    ... license system initialized.
2026-03-01 22:47:26.383296 (738704) lic__man INFO    Claim 'main' for <ui>.
2026-03-01 22:47:26.383363 (738704) lic_core INFO    (1) checking out 'jasper_interactive' ...
2026-03-01 22:47:26.468305 (738704) lic_core INFO    ... (1) checkout succeeded
2026-03-01 22:47:26.468397 (738704) lic__man INFO    Claim 'fpv' for <ui>.
2026-03-01 22:47:26.468423 (738704) lic_core INFO    (2) checking out 'jasper_fpv' ...
2026-03-01 22:47:26.524511 (738704) lic_core INFO    ... (2) checkout failed (error: -5) ("FLEXnet ERROR(-5, 0, 0): No such feature exists.")
2026-03-01 22:47:26.524566 (738704) lic_core INFO    (3) checking out 'jasper_fao' ...
2026-03-01 22:47:26.607367 (738704) lic_core INFO    ... (3) checkout succeeded
2026-03-01 22:47:26.624164 (738704) main____ INFO    Tool inactivity delay is 480000 ms.
2026-03-01 22:47:26.633306 (738715) stdio___ INFO    Starting STDIN reader (tty: yes, tty name: '/dev/pts/7')
2026-03-01 22:47:26.984180 (738704) session_ INFO    Starting analysis session with session id 'session_0' (launcher: <local>) ...
2026-03-01 22:47:26.986104 (738704) session_ INFO    Analysis session with session id 'session_0' started (pid: 738716)
2026-03-01 22:47:29.782569 (738704) session_ INFO    Analysis session 'session_0' connected to the console (host: 127.0.0.1:34408)
2026-03-01 22:47:41.977271 (738704) lic__man INFO    Unclaim everything for 'session_0'.
2026-03-01 22:47:42.501647 (738704) lic__man INFO    Claim 'fpv' for 'session_0'.
2026-03-01 22:47:42.501688 (738704) lic__man INFO    Claim 'fpv' for 'session_0/prove-0'.
2026-03-01 22:50:58.608421 (738704) lic__man INFO    Unclaim everything for 'session_0/prove-0'.
2026-03-01 22:50:58.685494 (738704) main____ INFO    About to exit: request to exit with status 0 received from analysis session 'session_0'
2026-03-01 22:50:59.170595 (738704) session_ INFO    Analysis session 'session_0' disconnected.
2026-03-01 22:50:59.170822 (738704) lic__man INFO    Unclaim everything for 'session_0'.
2026-03-01 22:50:59.171224 (738704) session_ INFO    Process for analysis session 'session_0' has exited with exit status '0'.
2026-03-01 22:51:00.812770 (738715) stdio___ INFO    STDIN reader requested to stop.
2026-03-01 22:51:00.812820 (738715) stdio___ INFO    STDIN reader stopped.
2026-03-01 22:51:00.823837 (738704) lic_core INFO    (1) checkin jasper_interactive
2026-03-01 22:51:00.825095 (738704) lic_core INFO    (3) checkin jasper_fao
2026-03-01 22:51:00.900357 (738704) main____ INFO    Exiting with status 0.
