2026-02-25 17:43:46.604863 (3384675) main____ INFO    ----------------------------------------
2026-02-25 17:43:46.604957 (3384675) main____ INFO    Jasper version info
2026-02-25 17:43:46.604974 (3384675) main____ INFO      tool      : Jasper 2023.12
2026-02-25 17:43:46.604989 (3384675) main____ INFO      version   : 2023.12p001 64 bits
2026-02-25 17:43:46.605002 (3384675) main____ INFO      build date: 2024.01.23 16:09:24 UTC
2026-02-25 17:43:46.605012 (3384675) main____ INFO    ----------------------------------------
2026-02-25 17:43:46.605021 (3384675) main____ INFO    Runtime info:
2026-02-25 17:43:46.605032 (3384675) main____ INFO      platform  : Linux 4.18.0-553.89.1.el8_10.x86_64 x86_64
2026-02-25 17:43:46.605051 (3384675) main____ INFO      hostname  : caddy15.stanford.edu
2026-02-25 17:43:46.605066 (3384675) main____ INFO      pid       : 3384675
2026-02-25 17:43:46.605077 (3384675) main____ INFO      arguments : '-style' 'windows' '-allow_unsupported_OS' '-no_gui' '-fpv' './synthlc/i_DIV_out/xPerfLocCycleCount/over1cyc_18_div_fsm_s3_.tcl' '-proj' './synthlc/i_DIV_out/xPerfLocCycleCount/over1cyc_18_div_fsm_s3_jgsession_26-02-25-17_43_45'
2026-02-25 17:43:46.605094 (3384675) main____ INFO      locale    : UTF-8
2026-02-25 17:43:46.605104 (3384675) main____ INFO    ----------------------------------------
2026-02-25 17:43:46.605113 (3384675) main____ INFO    System resource limits info:
2026-02-25 17:43:46.605125 (3384675) main____ INFO      virtual memory: unlimited
2026-02-25 17:43:46.605137 (3384675) main____ INFO      cpu time      : unlimited
2026-02-25 17:43:46.605157 (3384675) main____ INFO      processes     : 4096
2026-02-25 17:43:46.605178 (3384675) main____ INFO      stack size    : 8388608 B
2026-02-25 17:43:46.605192 (3384675) main____ INFO      core file size: 0 B
2026-02-25 17:43:46.605205 (3384675) main____ INFO      open files    : 4096
2026-02-25 17:43:46.605216 (3384675) main____ INFO      file size     : unlimited
2026-02-25 17:43:46.605226 (3384675) main____ INFO    ----------------------------------------
2026-02-25 17:43:46.605235 (3384675) main____ INFO    Memory statistics:
2026-02-25 17:43:46.605247 (3384675) main____ INFO      total physical memory  : 98449092 kB
2026-02-25 17:43:46.605258 (3384675) main____ INFO      free physical memory   : 73763200 kB
2026-02-25 17:43:46.605269 (3384675) main____ INFO      committed address space: 11033788 kB
2026-02-25 17:43:46.605279 (3384675) main____ INFO    ----------------------------------------
2026-02-25 17:43:46.606465 (3384675) main____ INFO    Important environment variables:
2026-02-25 17:43:46.606491 (3384675) main____ INFO      CDS_LIC_FILE       : '5280@cadlic0'
2026-02-25 17:43:46.606503 (3384675) main____ INFO      JASPER_INSTALL_DIR : '/cad/cadence/jasper_2023.12p001'
2026-02-25 17:43:46.606515 (3384675) main____ INFO      JASPER_KERNEL_CHECK: '1'
2026-02-25 17:43:46.606528 (3384675) main____ INFO      JASPER_OS_CHECK    : '0'
2026-02-25 17:43:46.606540 (3384675) main____ INFO      LANG               : 'en_US.UTF-8'
2026-02-25 17:43:46.606549 (3384675) main____ INFO    ----------------------------------------
2026-02-25 17:43:46.608610 (3384675) lic_core INFO    Initializing license system ...
2026-02-25 17:43:46.648439 (3384675) lic_core INFO    ... license system initialized.
2026-02-25 17:43:46.762664 (3384675) lic__man INFO    Claim 'main' for <ui>.
2026-02-25 17:43:46.762732 (3384675) lic_core INFO    (1) checking out 'jasper_interactive' ...
2026-02-25 17:43:46.843626 (3384675) lic_core INFO    ... (1) checkout succeeded
2026-02-25 17:43:46.843740 (3384675) lic__man INFO    Claim 'fpv' for <ui>.
2026-02-25 17:43:46.843770 (3384675) lic_core INFO    (2) checking out 'jasper_fpv' ...
2026-02-25 17:43:46.915783 (3384675) lic_core INFO    ... (2) checkout failed (error: -5) ("FLEXnet ERROR(-5, 0, 0): No such feature exists.")
2026-02-25 17:43:46.915879 (3384675) lic_core INFO    (3) checking out 'jasper_fao' ...
2026-02-25 17:43:46.997570 (3384675) lic_core INFO    ... (3) checkout succeeded
2026-02-25 17:43:47.043166 (3384675) main____ INFO    Tool inactivity delay is 480000 ms.
2026-02-25 17:43:47.051571 (3384695) stdio___ INFO    Starting STDIN reader (tty: yes, tty name: '/dev/pts/0')
2026-02-25 17:43:47.410438 (3384675) session_ INFO    Starting analysis session with session id 'session_0' (launcher: <local>) ...
2026-02-25 17:43:47.412429 (3384675) session_ INFO    Analysis session with session id 'session_0' started (pid: 3384696)
2026-02-25 17:43:50.691991 (3384675) session_ INFO    Analysis session 'session_0' connected to the console (host: 127.0.0.1:53590)
2026-02-25 17:43:54.331620 (3384675) lic__man INFO    Unclaim everything for 'session_0'.
2026-02-25 17:43:54.636554 (3384675) lic__man INFO    Claim 'fpv' for 'session_0'.
2026-02-25 17:43:54.636601 (3384675) lic__man INFO    Claim 'fpv' for 'session_0/prove-0'.
2026-02-25 17:45:09.354332 (3384675) lic__man INFO    Unclaim everything for 'session_0/prove-0'.
2026-02-25 17:45:09.408487 (3384675) main____ INFO    About to exit: request to exit with status 0 received from analysis session 'session_0'
2026-02-25 17:45:09.879610 (3384675) session_ INFO    Analysis session 'session_0' disconnected.
2026-02-25 17:45:09.879769 (3384675) lic__man INFO    Unclaim everything for 'session_0'.
2026-02-25 17:45:09.892694 (3384675) session_ INFO    Process for analysis session 'session_0' has exited with exit status '0'.
2026-02-25 17:45:11.405396 (3384695) stdio___ INFO    STDIN reader requested to stop.
2026-02-25 17:45:11.405445 (3384695) stdio___ INFO    STDIN reader stopped.
2026-02-25 17:45:11.411447 (3384675) lic_core INFO    (1) checkin jasper_interactive
2026-02-25 17:45:11.420569 (3384675) lic_core INFO    (3) checkin jasper_fao
2026-02-25 17:45:11.437342 (3384675) main____ INFO    Exiting with status 0.
