2026-03-01 05:29:13.879326 (3971892) main____ INFO    ----------------------------------------
2026-03-01 05:29:13.879422 (3971892) main____ INFO    Jasper version info
2026-03-01 05:29:13.879439 (3971892) main____ INFO      tool      : Jasper 2023.12
2026-03-01 05:29:13.879455 (3971892) main____ INFO      version   : 2023.12p001 64 bits
2026-03-01 05:29:13.879469 (3971892) main____ INFO      build date: 2024.01.23 16:09:24 UTC
2026-03-01 05:29:13.879479 (3971892) main____ INFO    ----------------------------------------
2026-03-01 05:29:13.879489 (3971892) main____ INFO    Runtime info:
2026-03-01 05:29:13.879501 (3971892) main____ INFO      platform  : Linux 4.18.0-553.89.1.el8_10.x86_64 x86_64
2026-03-01 05:29:13.879520 (3971892) main____ INFO      hostname  : caddy12.stanford.edu
2026-03-01 05:29:13.879536 (3971892) main____ INFO      pid       : 3971892
2026-03-01 05:29:13.879548 (3971892) main____ INFO      arguments : '-style' 'windows' '-allow_unsupported_OS' '-no_gui' '-fpv' './synthlc/i_LW_out/xPairwiseDepDiv/nunv_anytwo_355_.tcl' '-proj' './synthlc/i_LW_out/xPairwiseDepDiv/nunv_anytwo_355_jgsession_26-03-01-05_29_12'
2026-03-01 05:29:13.879565 (3971892) main____ INFO      locale    : UTF-8
2026-03-01 05:29:13.879576 (3971892) main____ INFO    ----------------------------------------
2026-03-01 05:29:13.879585 (3971892) main____ INFO    System resource limits info:
2026-03-01 05:29:13.879599 (3971892) main____ INFO      virtual memory: unlimited
2026-03-01 05:29:13.879612 (3971892) main____ INFO      cpu time      : unlimited
2026-03-01 05:29:13.879630 (3971892) main____ INFO      processes     : 4096
2026-03-01 05:29:13.879650 (3971892) main____ INFO      stack size    : 8388608 B
2026-03-01 05:29:13.879678 (3971892) main____ INFO      core file size: 0 B
2026-03-01 05:29:13.879691 (3971892) main____ INFO      open files    : 4096
2026-03-01 05:29:13.879704 (3971892) main____ INFO      file size     : unlimited
2026-03-01 05:29:13.879714 (3971892) main____ INFO    ----------------------------------------
2026-03-01 05:29:13.879724 (3971892) main____ INFO    Memory statistics:
2026-03-01 05:29:13.879736 (3971892) main____ INFO      total physical memory  : 98449088 kB
2026-03-01 05:29:13.879748 (3971892) main____ INFO      free physical memory   : 77880696 kB
2026-03-01 05:29:13.879761 (3971892) main____ INFO      committed address space: 17747212 kB
2026-03-01 05:29:13.879771 (3971892) main____ INFO    ----------------------------------------
2026-03-01 05:29:13.880970 (3971892) main____ INFO    Important environment variables:
2026-03-01 05:29:13.880998 (3971892) main____ INFO      CDS_LIC_FILE       : '5280@cadlic0'
2026-03-01 05:29:13.881011 (3971892) main____ INFO      DISPLAY            : 'localhost:12.0'
2026-03-01 05:29:13.881024 (3971892) main____ INFO      JASPER_INSTALL_DIR : '/cad/cadence/jasper_2023.12p001'
2026-03-01 05:29:13.881036 (3971892) main____ INFO      JASPER_KERNEL_CHECK: '1'
2026-03-01 05:29:13.881048 (3971892) main____ INFO      JASPER_OS_CHECK    : '0'
2026-03-01 05:29:13.881061 (3971892) main____ INFO      LANG               : 'zh_TW.UTF-8'
2026-03-01 05:29:13.881071 (3971892) main____ INFO    ----------------------------------------
2026-03-01 05:29:13.885879 (3971892) lic_core INFO    Initializing license system ...
2026-03-01 05:29:13.903983 (3971892) lic_core INFO    ... license system initialized.
2026-03-01 05:29:14.063165 (3971892) lic__man INFO    Claim 'main' for <ui>.
2026-03-01 05:29:14.063244 (3971892) lic_core INFO    (1) checking out 'jasper_interactive' ...
2026-03-01 05:29:14.132163 (3971892) lic_core INFO    ... (1) checkout succeeded
2026-03-01 05:29:14.132287 (3971892) lic__man INFO    Claim 'fpv' for <ui>.
2026-03-01 05:29:14.132318 (3971892) lic_core INFO    (2) checking out 'jasper_fpv' ...
2026-03-01 05:29:14.190541 (3971892) lic_core INFO    ... (2) checkout failed (error: -5) ("FLEXnet ERROR(-5, 0, 0): No such feature exists.")
2026-03-01 05:29:14.190626 (3971892) lic_core INFO    (3) checking out 'jasper_fao' ...
2026-03-01 05:29:14.253938 (3971892) lic_core INFO    ... (3) checkout succeeded
2026-03-01 05:29:14.255355 (3971892) main____ INFO    Tool inactivity delay is 480000 ms.
2026-03-01 05:29:14.273908 (3971911) stdio___ INFO    Starting STDIN reader (tty: yes, tty name: '/dev/pts/0')
2026-03-01 05:29:14.607793 (3971892) session_ INFO    Starting analysis session with session id 'session_0' (launcher: <local>) ...
2026-03-01 05:29:14.609616 (3971892) session_ INFO    Analysis session with session id 'session_0' started (pid: 3971926)
2026-03-01 05:29:18.550194 (3971892) session_ INFO    Analysis session 'session_0' connected to the console (host: 127.0.0.1:40358)
2026-03-01 05:29:26.305890 (3971892) lic__man INFO    Unclaim everything for 'session_0'.
2026-03-01 05:29:26.904619 (3971892) lic__man INFO    Claim 'fpv' for 'session_0'.
2026-03-01 05:29:26.904686 (3971892) lic__man INFO    Claim 'fpv' for 'session_0/prove-0'.
2026-03-01 05:29:30.956299 (3971892) lic__man INFO    Unclaim everything for 'session_0/prove-0'.
2026-03-01 05:29:31.000295 (3971892) main____ INFO    About to exit: request to exit with status 0 received from analysis session 'session_0'
2026-03-01 05:29:31.474223 (3971892) session_ INFO    Analysis session 'session_0' disconnected.
2026-03-01 05:29:31.474387 (3971892) lic__man INFO    Unclaim everything for 'session_0'.
2026-03-01 05:29:31.474975 (3971892) session_ INFO    Process for analysis session 'session_0' has exited with exit status '0'.
2026-03-01 05:29:32.943748 (3971911) stdio___ INFO    STDIN reader requested to stop.
2026-03-01 05:29:32.943814 (3971911) stdio___ INFO    STDIN reader stopped.
2026-03-01 05:29:32.945221 (3971892) lic_core INFO    (1) checkin jasper_interactive
2026-03-01 05:29:32.957966 (3971892) lic_core INFO    (3) checkin jasper_fao
2026-03-01 05:29:32.959078 (3971892) main____ INFO    Exiting with status 0.
