2026-03-01 13:03:39.822495 (97085) main____ INFO    ----------------------------------------
2026-03-01 13:03:39.822574 (97085) main____ INFO    Jasper version info
2026-03-01 13:03:39.822590 (97085) main____ INFO      tool      : Jasper 2023.12
2026-03-01 13:03:39.822606 (97085) main____ INFO      version   : 2023.12p001 64 bits
2026-03-01 13:03:39.822620 (97085) main____ INFO      build date: 2024.01.23 16:09:24 UTC
2026-03-01 13:03:39.822630 (97085) main____ INFO    ----------------------------------------
2026-03-01 13:03:39.822641 (97085) main____ INFO    Runtime info:
2026-03-01 13:03:39.822652 (97085) main____ INFO      platform  : Linux 4.18.0-553.89.1.el8_10.x86_64 x86_64
2026-03-01 13:03:39.822683 (97085) main____ INFO      hostname  : caddy12.stanford.edu
2026-03-01 13:03:39.822699 (97085) main____ INFO      pid       : 97085
2026-03-01 13:03:39.822711 (97085) main____ INFO      arguments : '-style' 'windows' '-allow_unsupported_OS' '-no_gui' '-fpv' './synthlc/i_LW_out/xHBPerfG_dfg_v3_div/WHB_298_.tcl' '-proj' './synthlc/i_LW_out/xHBPerfG_dfg_v3_div/WHB_298_jgsession_26-03-01-13_03_39'
2026-03-01 13:03:39.822728 (97085) main____ INFO      locale    : UTF-8
2026-03-01 13:03:39.822739 (97085) main____ INFO    ----------------------------------------
2026-03-01 13:03:39.822749 (97085) main____ INFO    System resource limits info:
2026-03-01 13:03:39.822763 (97085) main____ INFO      virtual memory: unlimited
2026-03-01 13:03:39.822776 (97085) main____ INFO      cpu time      : unlimited
2026-03-01 13:03:39.822793 (97085) main____ INFO      processes     : 4096
2026-03-01 13:03:39.822813 (97085) main____ INFO      stack size    : 8388608 B
2026-03-01 13:03:39.822827 (97085) main____ INFO      core file size: 0 B
2026-03-01 13:03:39.822841 (97085) main____ INFO      open files    : 4096
2026-03-01 13:03:39.822854 (97085) main____ INFO      file size     : unlimited
2026-03-01 13:03:39.822864 (97085) main____ INFO    ----------------------------------------
2026-03-01 13:03:39.822875 (97085) main____ INFO    Memory statistics:
2026-03-01 13:03:39.822896 (97085) main____ INFO      total physical memory  : 98449088 kB
2026-03-01 13:03:39.822909 (97085) main____ INFO      free physical memory   : 85902264 kB
2026-03-01 13:03:39.822921 (97085) main____ INFO      committed address space: 7977776 kB
2026-03-01 13:03:39.822932 (97085) main____ INFO    ----------------------------------------
2026-03-01 13:03:39.824100 (97085) main____ INFO    Important environment variables:
2026-03-01 13:03:39.824125 (97085) main____ INFO      CDS_LIC_FILE       : '5280@cadlic0'
2026-03-01 13:03:39.824139 (97085) main____ INFO      DISPLAY            : 'localhost:12.0'
2026-03-01 13:03:39.824152 (97085) main____ INFO      JASPER_INSTALL_DIR : '/cad/cadence/jasper_2023.12p001'
2026-03-01 13:03:39.824164 (97085) main____ INFO      JASPER_KERNEL_CHECK: '1'
2026-03-01 13:03:39.824177 (97085) main____ INFO      JASPER_OS_CHECK    : '0'
2026-03-01 13:03:39.824190 (97085) main____ INFO      LANG               : 'zh_TW.UTF-8'
2026-03-01 13:03:39.824201 (97085) main____ INFO    ----------------------------------------
2026-03-01 13:03:39.825391 (97085) lic_core INFO    Initializing license system ...
2026-03-01 13:03:39.826864 (97085) lic_core INFO    ... license system initialized.
2026-03-01 13:03:39.848731 (97085) lic__man INFO    Claim 'main' for <ui>.
2026-03-01 13:03:39.848795 (97085) lic_core INFO    (1) checking out 'jasper_interactive' ...
2026-03-01 13:03:39.861765 (97085) lic_core INFO    ... (1) checkout succeeded
2026-03-01 13:03:39.861836 (97085) lic__man INFO    Claim 'fpv' for <ui>.
2026-03-01 13:03:39.861860 (97085) lic_core INFO    (2) checking out 'jasper_fpv' ...
2026-03-01 13:03:39.866011 (97085) lic_core INFO    ... (2) checkout failed (error: -5) ("FLEXnet ERROR(-5, 0, 0): No such feature exists.")
2026-03-01 13:03:39.866052 (97085) lic_core INFO    (3) checking out 'jasper_fao' ...
2026-03-01 13:03:39.877330 (97085) lic_core INFO    ... (3) checkout succeeded
2026-03-01 13:03:39.879900 (97097) stdio___ INFO    Starting STDIN reader (tty: yes, tty name: '/dev/pts/0')
2026-03-01 13:03:39.879978 (97085) main____ INFO    Tool inactivity delay is 480000 ms.
2026-03-01 13:03:39.943184 (97085) session_ INFO    Starting analysis session with session id 'session_0' (launcher: <local>) ...
2026-03-01 13:03:39.944995 (97085) session_ INFO    Analysis session with session id 'session_0' started (pid: 97098)
2026-03-01 13:03:41.339454 (97085) session_ INFO    Analysis session 'session_0' connected to the console (host: 127.0.0.1:56782)
2026-03-01 13:03:44.378737 (97085) lic__man INFO    Unclaim everything for 'session_0'.
2026-03-01 13:03:44.579109 (97085) lic__man INFO    Claim 'fpv' for 'session_0'.
2026-03-01 13:03:44.579148 (97085) lic__man INFO    Claim 'fpv' for 'session_0/prove-0'.
2026-03-01 13:03:47.602709 (97085) lic__man INFO    Unclaim everything for 'session_0/prove-0'.
2026-03-01 13:03:47.644792 (97085) main____ INFO    About to exit: request to exit with status 0 received from analysis session 'session_0'
2026-03-01 13:03:47.789265 (97085) session_ INFO    Analysis session 'session_0' disconnected.
2026-03-01 13:03:47.789458 (97085) lic__man INFO    Unclaim everything for 'session_0'.
2026-03-01 13:03:47.789645 (97085) session_ INFO    Process for analysis session 'session_0' has exited with exit status '0'.
2026-03-01 13:03:49.751991 (97097) stdio___ INFO    STDIN reader requested to stop.
2026-03-01 13:03:49.752049 (97097) stdio___ INFO    STDIN reader stopped.
2026-03-01 13:03:49.752285 (97085) lic_core INFO    (1) checkin jasper_interactive
2026-03-01 13:03:49.753455 (97085) lic_core INFO    (3) checkin jasper_fao
2026-03-01 13:03:49.754932 (97085) main____ INFO    Exiting with status 0.
