2026-03-01 14:06:44.772175 (155498) main____ INFO    ----------------------------------------
2026-03-01 14:06:44.772268 (155498) main____ INFO    Jasper version info
2026-03-01 14:06:44.772284 (155498) main____ INFO      tool      : Jasper 2023.12
2026-03-01 14:06:44.772300 (155498) main____ INFO      version   : 2023.12p001 64 bits
2026-03-01 14:06:44.772314 (155498) main____ INFO      build date: 2024.01.23 16:09:24 UTC
2026-03-01 14:06:44.772325 (155498) main____ INFO    ----------------------------------------
2026-03-01 14:06:44.772335 (155498) main____ INFO    Runtime info:
2026-03-01 14:06:44.772346 (155498) main____ INFO      platform  : Linux 4.18.0-553.89.1.el8_10.x86_64 x86_64
2026-03-01 14:06:44.772366 (155498) main____ INFO      hostname  : caddy12.stanford.edu
2026-03-01 14:06:44.772382 (155498) main____ INFO      pid       : 155498
2026-03-01 14:06:44.772393 (155498) main____ INFO      arguments : '-style' 'windows' '-allow_unsupported_OS' '-no_gui' '-fpv' './synthlc/i_LW_out/xPerfLocCycleCount/over1cyc_17_div_fsm_s9_.tcl' '-proj' './synthlc/i_LW_out/xPerfLocCycleCount/over1cyc_17_div_fsm_s9_jgsession_26-03-01-14_06_44'
2026-03-01 14:06:44.772411 (155498) main____ INFO      locale    : UTF-8
2026-03-01 14:06:44.772421 (155498) main____ INFO    ----------------------------------------
2026-03-01 14:06:44.772431 (155498) main____ INFO    System resource limits info:
2026-03-01 14:06:44.772444 (155498) main____ INFO      virtual memory: unlimited
2026-03-01 14:06:44.772457 (155498) main____ INFO      cpu time      : unlimited
2026-03-01 14:06:44.772475 (155498) main____ INFO      processes     : 4096
2026-03-01 14:06:44.772497 (155498) main____ INFO      stack size    : 8388608 B
2026-03-01 14:06:44.772512 (155498) main____ INFO      core file size: 0 B
2026-03-01 14:06:44.772525 (155498) main____ INFO      open files    : 4096
2026-03-01 14:06:44.772537 (155498) main____ INFO      file size     : unlimited
2026-03-01 14:06:44.772548 (155498) main____ INFO    ----------------------------------------
2026-03-01 14:06:44.772558 (155498) main____ INFO    Memory statistics:
2026-03-01 14:06:44.772570 (155498) main____ INFO      total physical memory  : 98449088 kB
2026-03-01 14:06:44.772581 (155498) main____ INFO      free physical memory   : 82398048 kB
2026-03-01 14:06:44.772593 (155498) main____ INFO      committed address space: 12151072 kB
2026-03-01 14:06:44.772603 (155498) main____ INFO    ----------------------------------------
2026-03-01 14:06:44.773811 (155498) main____ INFO    Important environment variables:
2026-03-01 14:06:44.773849 (155498) main____ INFO      CDS_LIC_FILE       : '5280@cadlic0'
2026-03-01 14:06:44.773863 (155498) main____ INFO      DISPLAY            : 'localhost:12.0'
2026-03-01 14:06:44.773875 (155498) main____ INFO      JASPER_INSTALL_DIR : '/cad/cadence/jasper_2023.12p001'
2026-03-01 14:06:44.773888 (155498) main____ INFO      JASPER_KERNEL_CHECK: '1'
2026-03-01 14:06:44.773900 (155498) main____ INFO      JASPER_OS_CHECK    : '0'
2026-03-01 14:06:44.773912 (155498) main____ INFO      LANG               : 'zh_TW.UTF-8'
2026-03-01 14:06:44.773923 (155498) main____ INFO    ----------------------------------------
2026-03-01 14:06:44.781860 (155498) lic_core INFO    Initializing license system ...
2026-03-01 14:06:44.814960 (155498) lic_core INFO    ... license system initialized.
2026-03-01 14:06:44.949435 (155498) lic__man INFO    Claim 'main' for <ui>.
2026-03-01 14:06:44.949506 (155498) lic_core INFO    (1) checking out 'jasper_interactive' ...
2026-03-01 14:06:45.019516 (155498) lic_core INFO    ... (1) checkout succeeded
2026-03-01 14:06:45.019628 (155498) lic__man INFO    Claim 'fpv' for <ui>.
2026-03-01 14:06:45.019660 (155498) lic_core INFO    (2) checking out 'jasper_fpv' ...
2026-03-01 14:06:45.055147 (155498) lic_core INFO    ... (2) checkout failed (error: -5) ("FLEXnet ERROR(-5, 0, 0): No such feature exists.")
2026-03-01 14:06:45.055207 (155498) lic_core INFO    (3) checking out 'jasper_fao' ...
2026-03-01 14:06:45.120392 (155498) lic_core INFO    ... (3) checkout succeeded
2026-03-01 14:06:45.147484 (155498) main____ INFO    Tool inactivity delay is 480000 ms.
2026-03-01 14:06:45.156897 (155658) stdio___ INFO    Starting STDIN reader (tty: yes, tty name: '/dev/pts/0')
2026-03-01 14:06:45.507778 (155498) session_ INFO    Starting analysis session with session id 'session_0' (launcher: <local>) ...
2026-03-01 14:06:45.509792 (155498) session_ INFO    Analysis session with session id 'session_0' started (pid: 155659)
2026-03-01 14:06:49.822097 (155498) session_ INFO    Analysis session 'session_0' connected to the console (host: 127.0.0.1:39182)
2026-03-01 14:06:59.988906 (155498) lic__man INFO    Unclaim everything for 'session_0'.
2026-03-01 14:07:00.465199 (155498) lic__man INFO    Claim 'fpv' for 'session_0'.
2026-03-01 14:07:00.465248 (155498) lic__man INFO    Claim 'fpv' for 'session_0/prove-0'.
2026-03-01 14:07:29.731917 (155498) lic__man INFO    Unclaim everything for 'session_0/prove-0'.
2026-03-01 14:07:29.795832 (155498) main____ INFO    About to exit: request to exit with status 0 received from analysis session 'session_0'
2026-03-01 14:07:30.198058 (155498) session_ INFO    Analysis session 'session_0' disconnected.
2026-03-01 14:07:30.198219 (155498) lic__man INFO    Unclaim everything for 'session_0'.
2026-03-01 14:07:30.198495 (155498) session_ INFO    Process for analysis session 'session_0' has exited with exit status '0'.
2026-03-01 14:07:31.907762 (155658) stdio___ INFO    STDIN reader requested to stop.
2026-03-01 14:07:31.907849 (155658) stdio___ INFO    STDIN reader stopped.
2026-03-01 14:07:31.909925 (155498) lic_core INFO    (1) checkin jasper_interactive
2026-03-01 14:07:31.934603 (155498) lic_core INFO    (3) checkin jasper_fao
2026-03-01 14:07:31.984681 (155498) main____ INFO    Exiting with status 0.
