2026-02-26 10:31:10.601504 (2057224) main____ INFO    ----------------------------------------
2026-02-26 10:31:10.601566 (2057224) main____ INFO    Jasper version info
2026-02-26 10:31:10.601580 (2057224) main____ INFO      tool      : Jasper 2023.12
2026-02-26 10:31:10.601593 (2057224) main____ INFO      version   : 2023.12p001 64 bits
2026-02-26 10:31:10.601605 (2057224) main____ INFO      build date: 2024.01.23 16:09:24 UTC
2026-02-26 10:31:10.601614 (2057224) main____ INFO    ----------------------------------------
2026-02-26 10:31:10.601623 (2057224) main____ INFO    Runtime info:
2026-02-26 10:31:10.601633 (2057224) main____ INFO      platform  : Linux 4.18.0-553.89.1.el8_10.x86_64 x86_64
2026-02-26 10:31:10.601649 (2057224) main____ INFO      hostname  : caddy12.stanford.edu
2026-02-26 10:31:10.601663 (2057224) main____ INFO      pid       : 2057224
2026-02-26 10:31:10.601673 (2057224) main____ INFO      arguments : '-style' 'windows' '-allow_unsupported_OS' '-no_gui' '-fpv' './synthlc/i_DIV_out/xPairwiseDepDiv/exclusive_38_.tcl' '-proj' './synthlc/i_DIV_out/xPairwiseDepDiv/exclusive_38_jgsession_26-02-26-10_31_10'
2026-02-26 10:31:10.601708 (2057224) main____ INFO      locale    : UTF-8
2026-02-26 10:31:10.601717 (2057224) main____ INFO    ----------------------------------------
2026-02-26 10:31:10.601726 (2057224) main____ INFO    System resource limits info:
2026-02-26 10:31:10.601738 (2057224) main____ INFO      virtual memory: unlimited
2026-02-26 10:31:10.601750 (2057224) main____ INFO      cpu time      : unlimited
2026-02-26 10:31:10.601766 (2057224) main____ INFO      processes     : 4096
2026-02-26 10:31:10.601783 (2057224) main____ INFO      stack size    : 8388608 B
2026-02-26 10:31:10.601796 (2057224) main____ INFO      core file size: 0 B
2026-02-26 10:31:10.601808 (2057224) main____ INFO      open files    : 4096
2026-02-26 10:31:10.601819 (2057224) main____ INFO      file size     : unlimited
2026-02-26 10:31:10.601828 (2057224) main____ INFO    ----------------------------------------
2026-02-26 10:31:10.601837 (2057224) main____ INFO    Memory statistics:
2026-02-26 10:31:10.601849 (2057224) main____ INFO      total physical memory  : 98449088 kB
2026-02-26 10:31:10.601869 (2057224) main____ INFO      free physical memory   : 81844056 kB
2026-02-26 10:31:10.601880 (2057224) main____ INFO      committed address space: 2467964 kB
2026-02-26 10:31:10.601889 (2057224) main____ INFO    ----------------------------------------
2026-02-26 10:31:10.603026 (2057224) main____ INFO    Important environment variables:
2026-02-26 10:31:10.603048 (2057224) main____ INFO      CDS_LIC_FILE       : '5280@cadlic0'
2026-02-26 10:31:10.603060 (2057224) main____ INFO      DISPLAY            : 'localhost:12.0'
2026-02-26 10:31:10.603071 (2057224) main____ INFO      JASPER_INSTALL_DIR : '/cad/cadence/jasper_2023.12p001'
2026-02-26 10:31:10.603082 (2057224) main____ INFO      JASPER_KERNEL_CHECK: '1'
2026-02-26 10:31:10.603093 (2057224) main____ INFO      JASPER_OS_CHECK    : '0'
2026-02-26 10:31:10.603104 (2057224) main____ INFO      LANG               : 'zh_TW.UTF-8'
2026-02-26 10:31:10.603114 (2057224) main____ INFO    ----------------------------------------
2026-02-26 10:31:10.604315 (2057224) lic_core INFO    Initializing license system ...
2026-02-26 10:31:10.605706 (2057224) lic_core INFO    ... license system initialized.
2026-02-26 10:31:10.616983 (2057224) lic__man INFO    Claim 'main' for <ui>.
2026-02-26 10:31:10.617020 (2057224) lic_core INFO    (1) checking out 'jasper_interactive' ...
2026-02-26 10:31:10.629325 (2057224) lic_core INFO    ... (1) checkout succeeded
2026-02-26 10:31:10.629377 (2057224) lic__man INFO    Claim 'fpv' for <ui>.
2026-02-26 10:31:10.629399 (2057224) lic_core INFO    (2) checking out 'jasper_fpv' ...
2026-02-26 10:31:10.633503 (2057224) lic_core INFO    ... (2) checkout failed (error: -5) ("FLEXnet ERROR(-5, 0, 0): No such feature exists.")
2026-02-26 10:31:10.633532 (2057224) lic_core INFO    (3) checking out 'jasper_fao' ...
2026-02-26 10:31:10.644115 (2057224) lic_core INFO    ... (3) checkout succeeded
2026-02-26 10:31:10.645170 (2057224) main____ INFO    Tool inactivity delay is 480000 ms.
2026-02-26 10:31:10.645207 (2057255) stdio___ INFO    Starting STDIN reader (tty: yes, tty name: '/dev/pts/0')
2026-02-26 10:31:10.686377 (2057224) session_ INFO    Starting analysis session with session id 'session_0' (launcher: <local>) ...
2026-02-26 10:31:10.688138 (2057224) session_ INFO    Analysis session with session id 'session_0' started (pid: 2057256)
2026-02-26 10:31:11.782066 (2057224) session_ INFO    Analysis session 'session_0' connected to the console (host: 127.0.0.1:44130)
2026-02-26 10:31:15.227995 (2057224) lic__man INFO    Unclaim everything for 'session_0'.
2026-02-26 10:31:15.627305 (2057224) lic__man INFO    Claim 'fpv' for 'session_0'.
2026-02-26 10:31:15.627354 (2057224) lic__man INFO    Claim 'fpv' for 'session_0/prove-0'.
2026-02-26 10:31:17.605119 (2057224) lic__man INFO    Unclaim everything for 'session_0/prove-0'.
2026-02-26 10:31:17.612046 (2057224) main____ INFO    About to exit: request to exit with status 0 received from analysis session 'session_0'
2026-02-26 10:31:17.773391 (2057224) session_ INFO    Analysis session 'session_0' disconnected.
2026-02-26 10:31:17.773521 (2057224) lic__man INFO    Unclaim everything for 'session_0'.
2026-02-26 10:31:17.773711 (2057224) session_ INFO    Process for analysis session 'session_0' has exited with exit status '0'.
2026-02-26 10:31:19.525609 (2057255) stdio___ INFO    STDIN reader requested to stop.
2026-02-26 10:31:19.525674 (2057255) stdio___ INFO    STDIN reader stopped.
2026-02-26 10:31:19.535920 (2057224) lic_core INFO    (1) checkin jasper_interactive
2026-02-26 10:31:19.537839 (2057224) lic_core INFO    (3) checkin jasper_fao
2026-02-26 10:31:19.566922 (2057224) main____ INFO    Exiting with status 0.
