2026-02-27 12:48:22.733616 (3072814) main____ INFO    ----------------------------------------
2026-02-27 12:48:22.733698 (3072814) main____ INFO    Jasper version info
2026-02-27 12:48:22.733714 (3072814) main____ INFO      tool      : Jasper 2023.12
2026-02-27 12:48:22.733729 (3072814) main____ INFO      version   : 2023.12p001 64 bits
2026-02-27 12:48:22.733742 (3072814) main____ INFO      build date: 2024.01.23 16:09:24 UTC
2026-02-27 12:48:22.733753 (3072814) main____ INFO    ----------------------------------------
2026-02-27 12:48:22.733763 (3072814) main____ INFO    Runtime info:
2026-02-27 12:48:22.733774 (3072814) main____ INFO      platform  : Linux 4.18.0-553.89.1.el8_10.x86_64 x86_64
2026-02-27 12:48:22.733791 (3072814) main____ INFO      hostname  : caddy12.stanford.edu
2026-02-27 12:48:22.733806 (3072814) main____ INFO      pid       : 3072814
2026-02-27 12:48:22.733817 (3072814) main____ INFO      arguments : '-style' 'windows' '-allow_unsupported_OS' '-no_gui' '-fpv' './synthlc/i_MUL_out/xHBPerfG_dfg_v3_div/WHB_27_.tcl' '-proj' './synthlc/i_MUL_out/xHBPerfG_dfg_v3_div/WHB_27_jgsession_26-02-27-12_48_22'
2026-02-27 12:48:22.733833 (3072814) main____ INFO      locale    : UTF-8
2026-02-27 12:48:22.733843 (3072814) main____ INFO    ----------------------------------------
2026-02-27 12:48:22.733853 (3072814) main____ INFO    System resource limits info:
2026-02-27 12:48:22.733866 (3072814) main____ INFO      virtual memory: unlimited
2026-02-27 12:48:22.733878 (3072814) main____ INFO      cpu time      : unlimited
2026-02-27 12:48:22.733895 (3072814) main____ INFO      processes     : 4096
2026-02-27 12:48:22.734819 (3072814) main____ INFO      stack size    : 8388608 B
2026-02-27 12:48:22.734835 (3072814) main____ INFO      core file size: 0 B
2026-02-27 12:48:22.734848 (3072814) main____ INFO      open files    : 4096
2026-02-27 12:48:22.734861 (3072814) main____ INFO      file size     : unlimited
2026-02-27 12:48:22.734872 (3072814) main____ INFO    ----------------------------------------
2026-02-27 12:48:22.734882 (3072814) main____ INFO    Memory statistics:
2026-02-27 12:48:22.734894 (3072814) main____ INFO      total physical memory  : 98449088 kB
2026-02-27 12:48:22.734906 (3072814) main____ INFO      free physical memory   : 79155584 kB
2026-02-27 12:48:22.734927 (3072814) main____ INFO      committed address space: 2266480 kB
2026-02-27 12:48:22.734937 (3072814) main____ INFO    ----------------------------------------
2026-02-27 12:48:22.736073 (3072814) main____ INFO    Important environment variables:
2026-02-27 12:48:22.736666 (3072814) main____ INFO      CDS_LIC_FILE       : '5280@cadlic0'
2026-02-27 12:48:22.736695 (3072814) main____ INFO      DISPLAY            : 'localhost:12.0'
2026-02-27 12:48:22.736709 (3072814) main____ INFO      JASPER_INSTALL_DIR : '/cad/cadence/jasper_2023.12p001'
2026-02-27 12:48:22.736721 (3072814) main____ INFO      JASPER_KERNEL_CHECK: '1'
2026-02-27 12:48:22.736734 (3072814) main____ INFO      JASPER_OS_CHECK    : '0'
2026-02-27 12:48:22.736746 (3072814) main____ INFO      LANG               : 'zh_TW.UTF-8'
2026-02-27 12:48:22.736756 (3072814) main____ INFO    ----------------------------------------
2026-02-27 12:48:22.737883 (3072814) lic_core INFO    Initializing license system ...
2026-02-27 12:48:22.739909 (3072814) lic_core INFO    ... license system initialized.
2026-02-27 12:48:22.752270 (3072814) lic__man INFO    Claim 'main' for <ui>.
2026-02-27 12:48:22.752321 (3072814) lic_core INFO    (1) checking out 'jasper_interactive' ...
2026-02-27 12:48:22.764510 (3072814) lic_core INFO    ... (1) checkout succeeded
2026-02-27 12:48:22.764574 (3072814) lic__man INFO    Claim 'fpv' for <ui>.
2026-02-27 12:48:22.764595 (3072814) lic_core INFO    (2) checking out 'jasper_fpv' ...
2026-02-27 12:48:22.768394 (3072814) lic_core INFO    ... (2) checkout failed (error: -5) ("FLEXnet ERROR(-5, 0, 0): No such feature exists.")
2026-02-27 12:48:22.768431 (3072814) lic_core INFO    (3) checking out 'jasper_fao' ...
2026-02-27 12:48:22.779431 (3072814) lic_core INFO    ... (3) checkout succeeded
2026-02-27 12:48:22.782731 (3072825) stdio___ INFO    Starting STDIN reader (tty: yes, tty name: '/dev/pts/0')
2026-02-27 12:48:22.782825 (3072814) main____ INFO    Tool inactivity delay is 480000 ms.
2026-02-27 12:48:22.824475 (3072814) session_ INFO    Starting analysis session with session id 'session_0' (launcher: <local>) ...
2026-02-27 12:48:22.826279 (3072814) session_ INFO    Analysis session with session id 'session_0' started (pid: 3072826)
2026-02-27 12:48:23.915122 (3072814) session_ INFO    Analysis session 'session_0' connected to the console (host: 127.0.0.1:41356)
2026-02-27 12:48:27.055324 (3072814) lic__man INFO    Unclaim everything for 'session_0'.
2026-02-27 12:48:27.257375 (3072814) lic__man INFO    Claim 'fpv' for 'session_0'.
2026-02-27 12:48:27.257416 (3072814) lic__man INFO    Claim 'fpv' for 'session_0/prove-0'.
2026-02-27 12:48:28.392574 (3072814) lic__man INFO    Unclaim everything for 'session_0/prove-0'.
2026-02-27 12:48:28.433815 (3072814) main____ INFO    About to exit: request to exit with status 0 received from analysis session 'session_0'
2026-02-27 12:48:28.599480 (3072814) session_ INFO    Analysis session 'session_0' disconnected.
2026-02-27 12:48:28.599639 (3072814) lic__man INFO    Unclaim everything for 'session_0'.
2026-02-27 12:48:28.600311 (3072814) session_ INFO    Process for analysis session 'session_0' has exited with exit status '0'.
2026-02-27 12:48:30.391767 (3072825) stdio___ INFO    STDIN reader requested to stop.
2026-02-27 12:48:30.391856 (3072825) stdio___ INFO    STDIN reader stopped.
2026-02-27 12:48:30.392136 (3072814) lic_core INFO    (1) checkin jasper_interactive
2026-02-27 12:48:30.394110 (3072814) lic_core INFO    (3) checkin jasper_fao
2026-02-27 12:48:30.395572 (3072814) main____ INFO    Exiting with status 0.
