2026-03-01 01:42:17.244291 (1196363) main____ INFO    ----------------------------------------
2026-03-01 01:42:17.244366 (1196363) main____ INFO    Jasper version info
2026-03-01 01:42:17.244381 (1196363) main____ INFO      tool      : Jasper 2023.12
2026-03-01 01:42:17.244394 (1196363) main____ INFO      version   : 2023.12p001 64 bits
2026-03-01 01:42:17.244407 (1196363) main____ INFO      build date: 2024.01.23 16:09:24 UTC
2026-03-01 01:42:17.244417 (1196363) main____ INFO    ----------------------------------------
2026-03-01 01:42:17.244427 (1196363) main____ INFO    Runtime info:
2026-03-01 01:42:17.244437 (1196363) main____ INFO      platform  : Linux 4.18.0-553.89.1.el8_10.x86_64 x86_64
2026-03-01 01:42:17.244453 (1196363) main____ INFO      hostname  : caddy15.stanford.edu
2026-03-01 01:42:17.244468 (1196363) main____ INFO      pid       : 1196363
2026-03-01 01:42:17.244479 (1196363) main____ INFO      arguments : '-style' 'windows' '-allow_unsupported_OS' '-no_gui' '-fpv' './synthlc/i_LW_out/xHBPerfG_dfg_v3_div/HB_66_.tcl' '-proj' './synthlc/i_LW_out/xHBPerfG_dfg_v3_div/HB_66_jgsession_26-03-01-01_42_17'
2026-03-01 01:42:17.244494 (1196363) main____ INFO      locale    : UTF-8
2026-03-01 01:42:17.244504 (1196363) main____ INFO    ----------------------------------------
2026-03-01 01:42:17.244513 (1196363) main____ INFO    System resource limits info:
2026-03-01 01:42:17.244525 (1196363) main____ INFO      virtual memory: unlimited
2026-03-01 01:42:17.244537 (1196363) main____ INFO      cpu time      : unlimited
2026-03-01 01:42:17.244554 (1196363) main____ INFO      processes     : 4096
2026-03-01 01:42:17.244571 (1196363) main____ INFO      stack size    : 8388608 B
2026-03-01 01:42:17.244585 (1196363) main____ INFO      core file size: 0 B
2026-03-01 01:42:17.244598 (1196363) main____ INFO      open files    : 4096
2026-03-01 01:42:17.244609 (1196363) main____ INFO      file size     : unlimited
2026-03-01 01:42:17.244619 (1196363) main____ INFO    ----------------------------------------
2026-03-01 01:42:17.244628 (1196363) main____ INFO    Memory statistics:
2026-03-01 01:42:17.244640 (1196363) main____ INFO      total physical memory  : 98449092 kB
2026-03-01 01:42:17.244651 (1196363) main____ INFO      free physical memory   : 79757344 kB
2026-03-01 01:42:17.244662 (1196363) main____ INFO      committed address space: 1804644 kB
2026-03-01 01:42:17.244671 (1196363) main____ INFO    ----------------------------------------
2026-03-01 01:42:17.245779 (1196363) main____ INFO    Important environment variables:
2026-03-01 01:42:17.245801 (1196363) main____ INFO      CDS_LIC_FILE       : '5280@cadlic0'
2026-03-01 01:42:17.245813 (1196363) main____ INFO      JASPER_INSTALL_DIR : '/cad/cadence/jasper_2023.12p001'
2026-03-01 01:42:17.245826 (1196363) main____ INFO      JASPER_KERNEL_CHECK: '1'
2026-03-01 01:42:17.245837 (1196363) main____ INFO      JASPER_OS_CHECK    : '0'
2026-03-01 01:42:17.245849 (1196363) main____ INFO      LANG               : 'en_US.UTF-8'
2026-03-01 01:42:17.245859 (1196363) main____ INFO    ----------------------------------------
2026-03-01 01:42:17.247036 (1196363) lic_core INFO    Initializing license system ...
2026-03-01 01:42:17.248542 (1196363) lic_core INFO    ... license system initialized.
2026-03-01 01:42:17.259999 (1196363) lic__man INFO    Claim 'main' for <ui>.
2026-03-01 01:42:17.260041 (1196363) lic_core INFO    (1) checking out 'jasper_interactive' ...
2026-03-01 01:42:17.272982 (1196363) lic_core INFO    ... (1) checkout succeeded
2026-03-01 01:42:17.273040 (1196363) lic__man INFO    Claim 'fpv' for <ui>.
2026-03-01 01:42:17.273061 (1196363) lic_core INFO    (2) checking out 'jasper_fpv' ...
2026-03-01 01:42:17.276768 (1196363) lic_core INFO    ... (2) checkout failed (error: -5) ("FLEXnet ERROR(-5, 0, 0): No such feature exists.")
2026-03-01 01:42:17.276802 (1196363) lic_core INFO    (3) checking out 'jasper_fao' ...
2026-03-01 01:42:17.287654 (1196363) lic_core INFO    ... (3) checkout succeeded
2026-03-01 01:42:17.288717 (1196374) stdio___ INFO    Starting STDIN reader (tty: yes, tty name: '/dev/pts/0')
2026-03-01 01:42:17.288830 (1196363) main____ INFO    Tool inactivity delay is 480000 ms.
2026-03-01 01:42:17.349993 (1196363) session_ INFO    Starting analysis session with session id 'session_0' (launcher: <local>) ...
2026-03-01 01:42:17.351867 (1196363) session_ INFO    Analysis session with session id 'session_0' started (pid: 1196439)
2026-03-01 01:42:18.564549 (1196363) session_ INFO    Analysis session 'session_0' connected to the console (host: 127.0.0.1:55584)
2026-03-01 01:42:21.585123 (1196363) lic__man INFO    Unclaim everything for 'session_0'.
2026-03-01 01:42:21.786453 (1196363) lic__man INFO    Claim 'fpv' for 'session_0'.
2026-03-01 01:42:21.786488 (1196363) lic__man INFO    Claim 'fpv' for 'session_0/prove-0'.
2026-03-01 01:43:11.952665 (1196363) lic__man INFO    Unclaim everything for 'session_0/prove-0'.
2026-03-01 01:43:12.042615 (1196363) main____ INFO    About to exit: request to exit with status 0 received from analysis session 'session_0'
2026-03-01 01:43:12.300102 (1196363) session_ INFO    Analysis session 'session_0' disconnected.
2026-03-01 01:43:12.300237 (1196363) lic__man INFO    Unclaim everything for 'session_0'.
2026-03-01 01:43:12.300531 (1196363) session_ INFO    Process for analysis session 'session_0' has exited with exit status '0'.
2026-03-01 01:43:13.950381 (1196374) stdio___ INFO    STDIN reader requested to stop.
2026-03-01 01:43:13.950433 (1196374) stdio___ INFO    STDIN reader stopped.
2026-03-01 01:43:13.950734 (1196363) lic_core INFO    (1) checkin jasper_interactive
2026-03-01 01:43:13.955587 (1196363) lic_core INFO    (3) checkin jasper_fao
2026-03-01 01:43:13.962468 (1196363) main____ INFO    Exiting with status 0.
