2026-02-26 11:05:23.285318 (2091529) main____ INFO    ----------------------------------------
2026-02-26 11:05:23.285418 (2091529) main____ INFO    Jasper version info
2026-02-26 11:05:23.285434 (2091529) main____ INFO      tool      : Jasper 2023.12
2026-02-26 11:05:23.285449 (2091529) main____ INFO      version   : 2023.12p001 64 bits
2026-02-26 11:05:23.285461 (2091529) main____ INFO      build date: 2024.01.23 16:09:24 UTC
2026-02-26 11:05:23.285471 (2091529) main____ INFO    ----------------------------------------
2026-02-26 11:05:23.285480 (2091529) main____ INFO    Runtime info:
2026-02-26 11:05:23.285490 (2091529) main____ INFO      platform  : Linux 4.18.0-553.89.1.el8_10.x86_64 x86_64
2026-02-26 11:05:23.285509 (2091529) main____ INFO      hostname  : caddy12.stanford.edu
2026-02-26 11:05:23.285524 (2091529) main____ INFO      pid       : 2091529
2026-02-26 11:05:23.285534 (2091529) main____ INFO      arguments : '-style' 'windows' '-allow_unsupported_OS' '-no_gui' '-fpv' './synthlc/i_DIV_out/xPairwiseDepDiv/nunv_anytwo_34_.tcl' '-proj' './synthlc/i_DIV_out/xPairwiseDepDiv/nunv_anytwo_34_jgsession_26-02-26-11_05_21'
2026-02-26 11:05:23.285551 (2091529) main____ INFO      locale    : UTF-8
2026-02-26 11:05:23.285561 (2091529) main____ INFO    ----------------------------------------
2026-02-26 11:05:23.285569 (2091529) main____ INFO    System resource limits info:
2026-02-26 11:05:23.285581 (2091529) main____ INFO      virtual memory: unlimited
2026-02-26 11:05:23.285593 (2091529) main____ INFO      cpu time      : unlimited
2026-02-26 11:05:23.285610 (2091529) main____ INFO      processes     : 4096
2026-02-26 11:05:23.285629 (2091529) main____ INFO      stack size    : 8388608 B
2026-02-26 11:05:23.285643 (2091529) main____ INFO      core file size: 0 B
2026-02-26 11:05:23.285656 (2091529) main____ INFO      open files    : 4096
2026-02-26 11:05:23.285694 (2091529) main____ INFO      file size     : unlimited
2026-02-26 11:05:23.285704 (2091529) main____ INFO    ----------------------------------------
2026-02-26 11:05:23.285713 (2091529) main____ INFO    Memory statistics:
2026-02-26 11:05:23.285724 (2091529) main____ INFO      total physical memory  : 98449088 kB
2026-02-26 11:05:23.285735 (2091529) main____ INFO      free physical memory   : 76620544 kB
2026-02-26 11:05:23.285746 (2091529) main____ INFO      committed address space: 9360556 kB
2026-02-26 11:05:23.285755 (2091529) main____ INFO    ----------------------------------------
2026-02-26 11:05:23.286951 (2091529) main____ INFO    Important environment variables:
2026-02-26 11:05:23.286978 (2091529) main____ INFO      CDS_LIC_FILE       : '5280@cadlic0'
2026-02-26 11:05:23.286991 (2091529) main____ INFO      DISPLAY            : 'localhost:12.0'
2026-02-26 11:05:23.287002 (2091529) main____ INFO      JASPER_INSTALL_DIR : '/cad/cadence/jasper_2023.12p001'
2026-02-26 11:05:23.287013 (2091529) main____ INFO      JASPER_KERNEL_CHECK: '1'
2026-02-26 11:05:23.287025 (2091529) main____ INFO      JASPER_OS_CHECK    : '0'
2026-02-26 11:05:23.287036 (2091529) main____ INFO      LANG               : 'zh_TW.UTF-8'
2026-02-26 11:05:23.287045 (2091529) main____ INFO    ----------------------------------------
2026-02-26 11:05:23.288918 (2091529) lic_core INFO    Initializing license system ...
2026-02-26 11:05:23.346497 (2091529) lic_core INFO    ... license system initialized.
2026-02-26 11:05:23.492098 (2091529) lic__man INFO    Claim 'main' for <ui>.
2026-02-26 11:05:23.492164 (2091529) lic_core INFO    (1) checking out 'jasper_interactive' ...
2026-02-26 11:05:23.561051 (2091529) lic_core INFO    ... (1) checkout succeeded
2026-02-26 11:05:23.561159 (2091529) lic__man INFO    Claim 'fpv' for <ui>.
2026-02-26 11:05:23.561189 (2091529) lic_core INFO    (2) checking out 'jasper_fpv' ...
2026-02-26 11:05:23.628210 (2091529) lic_core INFO    ... (2) checkout failed (error: -5) ("FLEXnet ERROR(-5, 0, 0): No such feature exists.")
2026-02-26 11:05:23.628264 (2091529) lic_core INFO    (3) checking out 'jasper_fao' ...
2026-02-26 11:05:23.646616 (2091529) lic_core INFO    ... (3) checkout succeeded
2026-02-26 11:05:23.651820 (2091529) main____ INFO    Tool inactivity delay is 480000 ms.
2026-02-26 11:05:23.661907 (2091545) stdio___ INFO    Starting STDIN reader (tty: yes, tty name: '/dev/pts/0')
2026-02-26 11:05:23.899797 (2091529) session_ INFO    Starting analysis session with session id 'session_0' (launcher: <local>) ...
2026-02-26 11:05:23.901846 (2091529) session_ INFO    Analysis session with session id 'session_0' started (pid: 2091546)
2026-02-26 11:05:27.390321 (2091529) session_ INFO    Analysis session 'session_0' connected to the console (host: 127.0.0.1:40324)
2026-02-26 11:05:35.829026 (2091529) lic__man INFO    Unclaim everything for 'session_0'.
2026-02-26 11:05:36.235166 (2091529) lic__man INFO    Claim 'fpv' for 'session_0'.
2026-02-26 11:05:36.235216 (2091529) lic__man INFO    Claim 'fpv' for 'session_0/prove-0'.
2026-02-26 11:05:56.154010 (2091529) lic__man INFO    Unclaim everything for 'session_0/prove-0'.
2026-02-26 11:05:56.219959 (2091529) main____ INFO    About to exit: request to exit with status 0 received from analysis session 'session_0'
2026-02-26 11:05:56.492046 (2091529) session_ INFO    Analysis session 'session_0' disconnected.
2026-02-26 11:05:56.492213 (2091529) lic__man INFO    Unclaim everything for 'session_0'.
2026-02-26 11:05:56.492435 (2091529) session_ INFO    Process for analysis session 'session_0' has exited with exit status '0'.
2026-02-26 11:05:58.339621 (2091545) stdio___ INFO    STDIN reader requested to stop.
2026-02-26 11:05:58.339702 (2091545) stdio___ INFO    STDIN reader stopped.
2026-02-26 11:05:58.340111 (2091529) lic_core INFO    (1) checkin jasper_interactive
2026-02-26 11:05:58.344689 (2091529) lic_core INFO    (3) checkin jasper_fao
2026-02-26 11:05:58.355810 (2091529) main____ INFO    Exiting with status 0.
