2026-02-25 14:08:42.235461 (3198282) main____ INFO    ----------------------------------------
2026-02-25 14:08:42.235558 (3198282) main____ INFO    Jasper version info
2026-02-25 14:08:42.235574 (3198282) main____ INFO      tool      : Jasper 2023.12
2026-02-25 14:08:42.235589 (3198282) main____ INFO      version   : 2023.12p001 64 bits
2026-02-25 14:08:42.235602 (3198282) main____ INFO      build date: 2024.01.23 16:09:24 UTC
2026-02-25 14:08:42.235612 (3198282) main____ INFO    ----------------------------------------
2026-02-25 14:08:42.235621 (3198282) main____ INFO    Runtime info:
2026-02-25 14:08:42.235632 (3198282) main____ INFO      platform  : Linux 4.18.0-553.89.1.el8_10.x86_64 x86_64
2026-02-25 14:08:42.235650 (3198282) main____ INFO      hostname  : caddy15.stanford.edu
2026-02-25 14:08:42.235666 (3198282) main____ INFO      pid       : 3198282
2026-02-25 14:08:42.235677 (3198282) main____ INFO      arguments : '-style' 'windows' '-allow_unsupported_OS' '-no_gui' '-fpv' './synthlc/i_DIV_out/xPerfLocSubsetDiv/coverset_208_.tcl' '-proj' './synthlc/i_DIV_out/xPerfLocSubsetDiv/coverset_208_jgsession_26-02-25-14_08_42'
2026-02-25 14:08:42.235692 (3198282) main____ INFO      locale    : UTF-8
2026-02-25 14:08:42.235702 (3198282) main____ INFO    ----------------------------------------
2026-02-25 14:08:42.235712 (3198282) main____ INFO    System resource limits info:
2026-02-25 14:08:42.235724 (3198282) main____ INFO      virtual memory: unlimited
2026-02-25 14:08:42.235737 (3198282) main____ INFO      cpu time      : unlimited
2026-02-25 14:08:42.235753 (3198282) main____ INFO      processes     : 4096
2026-02-25 14:08:42.235772 (3198282) main____ INFO      stack size    : 8388608 B
2026-02-25 14:08:42.235786 (3198282) main____ INFO      core file size: 0 B
2026-02-25 14:08:42.235799 (3198282) main____ INFO      open files    : 4096
2026-02-25 14:08:42.235811 (3198282) main____ INFO      file size     : unlimited
2026-02-25 14:08:42.235821 (3198282) main____ INFO    ----------------------------------------
2026-02-25 14:08:42.235831 (3198282) main____ INFO    Memory statistics:
2026-02-25 14:08:42.235846 (3198282) main____ INFO      total physical memory  : 98449092 kB
2026-02-25 14:08:42.235859 (3198282) main____ INFO      free physical memory   : 82501000 kB
2026-02-25 14:08:42.235871 (3198282) main____ INFO      committed address space: 1909176 kB
2026-02-25 14:08:42.235880 (3198282) main____ INFO    ----------------------------------------
2026-02-25 14:08:42.237047 (3198282) main____ INFO    Important environment variables:
2026-02-25 14:08:42.237089 (3198282) main____ INFO      CDS_LIC_FILE       : '5280@cadlic0'
2026-02-25 14:08:42.237103 (3198282) main____ INFO      JASPER_INSTALL_DIR : '/cad/cadence/jasper_2023.12p001'
2026-02-25 14:08:42.237116 (3198282) main____ INFO      JASPER_KERNEL_CHECK: '1'
2026-02-25 14:08:42.237128 (3198282) main____ INFO      JASPER_OS_CHECK    : '0'
2026-02-25 14:08:42.237140 (3198282) main____ INFO      LANG               : 'en_US.UTF-8'
2026-02-25 14:08:42.237150 (3198282) main____ INFO    ----------------------------------------
2026-02-25 14:08:42.238347 (3198282) lic_core INFO    Initializing license system ...
2026-02-25 14:08:42.239739 (3198282) lic_core INFO    ... license system initialized.
2026-02-25 14:08:42.250210 (3198282) lic__man INFO    Claim 'main' for <ui>.
2026-02-25 14:08:42.250252 (3198282) lic_core INFO    (1) checking out 'jasper_interactive' ...
2026-02-25 14:08:42.262522 (3198282) lic_core INFO    ... (1) checkout succeeded
2026-02-25 14:08:42.262593 (3198282) lic__man INFO    Claim 'fpv' for <ui>.
2026-02-25 14:08:42.262615 (3198282) lic_core INFO    (2) checking out 'jasper_fpv' ...
2026-02-25 14:08:42.266280 (3198282) lic_core INFO    ... (2) checkout failed (error: -5) ("FLEXnet ERROR(-5, 0, 0): No such feature exists.")
2026-02-25 14:08:42.266321 (3198282) lic_core INFO    (3) checking out 'jasper_fao' ...
2026-02-25 14:08:42.277047 (3198282) lic_core INFO    ... (3) checkout succeeded
2026-02-25 14:08:42.278145 (3198305) stdio___ INFO    Starting STDIN reader (tty: yes, tty name: '/dev/pts/0')
2026-02-25 14:08:42.278292 (3198282) main____ INFO    Tool inactivity delay is 480000 ms.
2026-02-25 14:08:42.318460 (3198282) session_ INFO    Starting analysis session with session id 'session_0' (launcher: <local>) ...
2026-02-25 14:08:42.320237 (3198282) session_ INFO    Analysis session with session id 'session_0' started (pid: 3198306)
2026-02-25 14:08:43.801710 (3198282) session_ INFO    Analysis session 'session_0' connected to the console (host: 127.0.0.1:50746)
2026-02-25 14:08:47.081380 (3198282) lic__man INFO    Unclaim everything for 'session_0'.
2026-02-25 14:08:47.282287 (3198282) lic__man INFO    Claim 'fpv' for 'session_0'.
2026-02-25 14:08:47.282335 (3198282) lic__man INFO    Claim 'fpv' for 'session_0/prove-0'.
2026-02-25 14:08:48.432840 (3198282) lic__man INFO    Unclaim everything for 'session_0/prove-0'.
2026-02-25 14:08:48.476579 (3198282) main____ INFO    About to exit: request to exit with status 0 received from analysis session 'session_0'
2026-02-25 14:08:48.611217 (3198282) session_ INFO    Analysis session 'session_0' disconnected.
2026-02-25 14:08:48.611421 (3198282) lic__man INFO    Unclaim everything for 'session_0'.
2026-02-25 14:08:48.611616 (3198282) session_ INFO    Process for analysis session 'session_0' has exited with exit status '0'.
2026-02-25 14:08:50.403890 (3198305) stdio___ INFO    STDIN reader requested to stop.
2026-02-25 14:08:50.403945 (3198305) stdio___ INFO    STDIN reader stopped.
2026-02-25 14:08:50.404188 (3198282) lic_core INFO    (1) checkin jasper_interactive
2026-02-25 14:08:50.405224 (3198282) lic_core INFO    (3) checkin jasper_fao
2026-02-25 14:08:50.406603 (3198282) main____ INFO    Exiting with status 0.
