2026-02-25 12:07:59.425886 (3122076) main____ INFO    ----------------------------------------
2026-02-25 12:07:59.425985 (3122076) main____ INFO    Jasper version info
2026-02-25 12:07:59.426001 (3122076) main____ INFO      tool      : Jasper 2023.12
2026-02-25 12:07:59.426016 (3122076) main____ INFO      version   : 2023.12p001 64 bits
2026-02-25 12:07:59.426029 (3122076) main____ INFO      build date: 2024.01.23 16:09:24 UTC
2026-02-25 12:07:59.426039 (3122076) main____ INFO    ----------------------------------------
2026-02-25 12:07:59.426048 (3122076) main____ INFO    Runtime info:
2026-02-25 12:07:59.426059 (3122076) main____ INFO      platform  : Linux 4.18.0-553.89.1.el8_10.x86_64 x86_64
2026-02-25 12:07:59.426078 (3122076) main____ INFO      hostname  : caddy15.stanford.edu
2026-02-25 12:07:59.426093 (3122076) main____ INFO      pid       : 3122076
2026-02-25 12:07:59.426104 (3122076) main____ INFO      arguments : '-style' 'windows' '-allow_unsupported_OS' '-no_gui' '-fpv' './synthlc/i_DIV_out/xPairwiseDepDiv/nunv_anytwo_201_.tcl' '-proj' './synthlc/i_DIV_out/xPairwiseDepDiv/nunv_anytwo_201_jgsession_26-02-25-12_07_58'
2026-02-25 12:07:59.426121 (3122076) main____ INFO      locale    : UTF-8
2026-02-25 12:07:59.426131 (3122076) main____ INFO    ----------------------------------------
2026-02-25 12:07:59.426140 (3122076) main____ INFO    System resource limits info:
2026-02-25 12:07:59.426162 (3122076) main____ INFO      virtual memory: unlimited
2026-02-25 12:07:59.426174 (3122076) main____ INFO      cpu time      : unlimited
2026-02-25 12:07:59.426193 (3122076) main____ INFO      processes     : 4096
2026-02-25 12:07:59.426216 (3122076) main____ INFO      stack size    : 8388608 B
2026-02-25 12:07:59.426230 (3122076) main____ INFO      core file size: 0 B
2026-02-25 12:07:59.426243 (3122076) main____ INFO      open files    : 4096
2026-02-25 12:07:59.426254 (3122076) main____ INFO      file size     : unlimited
2026-02-25 12:07:59.426264 (3122076) main____ INFO    ----------------------------------------
2026-02-25 12:07:59.426273 (3122076) main____ INFO    Memory statistics:
2026-02-25 12:07:59.426285 (3122076) main____ INFO      total physical memory  : 98449092 kB
2026-02-25 12:07:59.426296 (3122076) main____ INFO      free physical memory   : 72650440 kB
2026-02-25 12:07:59.426322 (3122076) main____ INFO      committed address space: 14555396 kB
2026-02-25 12:07:59.426331 (3122076) main____ INFO    ----------------------------------------
2026-02-25 12:07:59.427502 (3122076) main____ INFO    Important environment variables:
2026-02-25 12:07:59.427530 (3122076) main____ INFO      CDS_LIC_FILE       : '5280@cadlic0'
2026-02-25 12:07:59.427542 (3122076) main____ INFO      JASPER_INSTALL_DIR : '/cad/cadence/jasper_2023.12p001'
2026-02-25 12:07:59.427554 (3122076) main____ INFO      JASPER_KERNEL_CHECK: '1'
2026-02-25 12:07:59.427566 (3122076) main____ INFO      JASPER_OS_CHECK    : '0'
2026-02-25 12:07:59.427578 (3122076) main____ INFO      LANG               : 'en_US.UTF-8'
2026-02-25 12:07:59.427588 (3122076) main____ INFO    ----------------------------------------
2026-02-25 12:07:59.440461 (3122076) lic_core INFO    Initializing license system ...
2026-02-25 12:07:59.452804 (3122076) lic_core INFO    ... license system initialized.
2026-02-25 12:07:59.609613 (3122076) lic__man INFO    Claim 'main' for <ui>.
2026-02-25 12:07:59.609683 (3122076) lic_core INFO    (1) checking out 'jasper_interactive' ...
2026-02-25 12:07:59.699049 (3122076) lic_core INFO    ... (1) checkout succeeded
2026-02-25 12:07:59.699169 (3122076) lic__man INFO    Claim 'fpv' for <ui>.
2026-02-25 12:07:59.699200 (3122076) lic_core INFO    (2) checking out 'jasper_fpv' ...
2026-02-25 12:07:59.773808 (3122076) lic_core INFO    ... (2) checkout failed (error: -5) ("FLEXnet ERROR(-5, 0, 0): No such feature exists.")
2026-02-25 12:07:59.773872 (3122076) lic_core INFO    (3) checking out 'jasper_fao' ...
2026-02-25 12:07:59.814675 (3122076) lic_core INFO    ... (3) checkout succeeded
2026-02-25 12:07:59.851246 (3122076) main____ INFO    Tool inactivity delay is 480000 ms.
2026-02-25 12:07:59.887554 (3122087) stdio___ INFO    Starting STDIN reader (tty: yes, tty name: '/dev/pts/0')
2026-02-25 12:08:00.190430 (3122076) session_ INFO    Starting analysis session with session id 'session_0' (launcher: <local>) ...
2026-02-25 12:08:00.192433 (3122076) session_ INFO    Analysis session with session id 'session_0' started (pid: 3122088)
2026-02-25 12:08:02.957641 (3122076) session_ INFO    Analysis session 'session_0' connected to the console (host: 127.0.0.1:48476)
2026-02-25 12:08:12.668519 (3122076) lic__man INFO    Unclaim everything for 'session_0'.
2026-02-25 12:08:13.238922 (3122076) lic__man INFO    Claim 'fpv' for 'session_0'.
2026-02-25 12:08:13.238966 (3122076) lic__man INFO    Claim 'fpv' for 'session_0/prove-0'.
2026-02-25 12:08:15.681337 (3122076) lic__man INFO    Unclaim everything for 'session_0/prove-0'.
2026-02-25 12:08:15.719651 (3122076) main____ INFO    About to exit: request to exit with status 0 received from analysis session 'session_0'
2026-02-25 12:08:16.317973 (3122076) session_ INFO    Analysis session 'session_0' disconnected.
2026-02-25 12:08:16.318126 (3122076) lic__man INFO    Unclaim everything for 'session_0'.
2026-02-25 12:08:16.318438 (3122076) session_ INFO    Process for analysis session 'session_0' has exited with exit status '0'.
2026-02-25 12:08:17.846409 (3122087) stdio___ INFO    STDIN reader requested to stop.
2026-02-25 12:08:17.846473 (3122087) stdio___ INFO    STDIN reader stopped.
2026-02-25 12:08:17.852590 (3122076) lic_core INFO    (1) checkin jasper_interactive
2026-02-25 12:08:17.854506 (3122076) lic_core INFO    (3) checkin jasper_fao
2026-02-25 12:08:17.877646 (3122076) main____ INFO    Exiting with status 0.
