2026-02-28 19:30:15.745186 (931623) main____ INFO    ----------------------------------------
2026-02-28 19:30:15.745251 (931623) main____ INFO    Jasper version info
2026-02-28 19:30:15.745266 (931623) main____ INFO      tool      : Jasper 2023.12
2026-02-28 19:30:15.745279 (931623) main____ INFO      version   : 2023.12p001 64 bits
2026-02-28 19:30:15.745292 (931623) main____ INFO      build date: 2024.01.23 16:09:24 UTC
2026-02-28 19:30:15.745318 (931623) main____ INFO    ----------------------------------------
2026-02-28 19:30:15.745329 (931623) main____ INFO    Runtime info:
2026-02-28 19:30:15.745341 (931623) main____ INFO      platform  : Linux 4.18.0-553.89.1.el8_10.x86_64 x86_64
2026-02-28 19:30:15.745357 (931623) main____ INFO      hostname  : caddy15.stanford.edu
2026-02-28 19:30:15.745372 (931623) main____ INFO      pid       : 931623
2026-02-28 19:30:15.745383 (931623) main____ INFO      arguments : '-style' 'windows' '-allow_unsupported_OS' '-no_gui' '-fpv' './synthlc/i_ADDI_out/xPairwiseDepDiv/exclusive_36_.tcl' '-proj' './synthlc/i_ADDI_out/xPairwiseDepDiv/exclusive_36_jgsession_26-02-28-19_30_15'
2026-02-28 19:30:15.745398 (931623) main____ INFO      locale    : UTF-8
2026-02-28 19:30:15.745408 (931623) main____ INFO    ----------------------------------------
2026-02-28 19:30:15.745417 (931623) main____ INFO    System resource limits info:
2026-02-28 19:30:15.745429 (931623) main____ INFO      virtual memory: unlimited
2026-02-28 19:30:15.745441 (931623) main____ INFO      cpu time      : unlimited
2026-02-28 19:30:15.745456 (931623) main____ INFO      processes     : 4096
2026-02-28 19:30:15.745474 (931623) main____ INFO      stack size    : 8388608 B
2026-02-28 19:30:15.745487 (931623) main____ INFO      core file size: 0 B
2026-02-28 19:30:15.745500 (931623) main____ INFO      open files    : 4096
2026-02-28 19:30:15.745511 (931623) main____ INFO      file size     : unlimited
2026-02-28 19:30:15.745523 (931623) main____ INFO    ----------------------------------------
2026-02-28 19:30:15.745532 (931623) main____ INFO    Memory statistics:
2026-02-28 19:30:15.745544 (931623) main____ INFO      total physical memory  : 98449092 kB
2026-02-28 19:30:15.745555 (931623) main____ INFO      free physical memory   : 79419840 kB
2026-02-28 19:30:15.745568 (931623) main____ INFO      committed address space: 2626512 kB
2026-02-28 19:30:15.745578 (931623) main____ INFO    ----------------------------------------
2026-02-28 19:30:15.746707 (931623) main____ INFO    Important environment variables:
2026-02-28 19:30:15.746732 (931623) main____ INFO      CDS_LIC_FILE       : '5280@cadlic0'
2026-02-28 19:30:15.746744 (931623) main____ INFO      JASPER_INSTALL_DIR : '/cad/cadence/jasper_2023.12p001'
2026-02-28 19:30:15.746756 (931623) main____ INFO      JASPER_KERNEL_CHECK: '1'
2026-02-28 19:30:15.746768 (931623) main____ INFO      JASPER_OS_CHECK    : '0'
2026-02-28 19:30:15.746780 (931623) main____ INFO      LANG               : 'en_US.UTF-8'
2026-02-28 19:30:15.746790 (931623) main____ INFO    ----------------------------------------
2026-02-28 19:30:15.747931 (931623) lic_core INFO    Initializing license system ...
2026-02-28 19:30:15.749564 (931623) lic_core INFO    ... license system initialized.
2026-02-28 19:30:15.761997 (931623) lic__man INFO    Claim 'main' for <ui>.
2026-02-28 19:30:15.762041 (931623) lic_core INFO    (1) checking out 'jasper_interactive' ...
2026-02-28 19:30:15.774137 (931623) lic_core INFO    ... (1) checkout succeeded
2026-02-28 19:30:15.774207 (931623) lic__man INFO    Claim 'fpv' for <ui>.
2026-02-28 19:30:15.774230 (931623) lic_core INFO    (2) checking out 'jasper_fpv' ...
2026-02-28 19:30:15.778419 (931623) lic_core INFO    ... (2) checkout failed (error: -5) ("FLEXnet ERROR(-5, 0, 0): No such feature exists.")
2026-02-28 19:30:15.778452 (931623) lic_core INFO    (3) checking out 'jasper_fao' ...
2026-02-28 19:30:15.789358 (931623) lic_core INFO    ... (3) checkout succeeded
2026-02-28 19:30:15.790348 (931635) stdio___ INFO    Starting STDIN reader (tty: yes, tty name: '/dev/pts/0')
2026-02-28 19:30:15.790487 (931623) main____ INFO    Tool inactivity delay is 480000 ms.
2026-02-28 19:30:15.834909 (931623) session_ INFO    Starting analysis session with session id 'session_0' (launcher: <local>) ...
2026-02-28 19:30:15.836724 (931623) session_ INFO    Analysis session with session id 'session_0' started (pid: 931636)
2026-02-28 19:30:17.029640 (931623) session_ INFO    Analysis session 'session_0' connected to the console (host: 127.0.0.1:49016)
2026-02-28 19:30:20.118391 (931623) lic__man INFO    Unclaim everything for 'session_0'.
2026-02-28 19:30:20.319554 (931623) lic__man INFO    Claim 'fpv' for 'session_0'.
2026-02-28 19:30:20.319592 (931623) lic__man INFO    Claim 'fpv' for 'session_0/prove-0'.
2026-02-28 19:30:30.777615 (931623) lic__man INFO    Unclaim everything for 'session_0/prove-0'.
2026-02-28 19:30:30.845570 (931623) main____ INFO    About to exit: request to exit with status 0 received from analysis session 'session_0'
2026-02-28 19:30:31.104162 (931623) session_ INFO    Analysis session 'session_0' disconnected.
2026-02-28 19:30:31.104284 (931623) lic__man INFO    Unclaim everything for 'session_0'.
2026-02-28 19:30:31.104476 (931623) session_ INFO    Process for analysis session 'session_0' has exited with exit status '0'.
2026-02-28 19:30:32.903959 (931635) stdio___ INFO    STDIN reader requested to stop.
2026-02-28 19:30:32.903996 (931635) stdio___ INFO    STDIN reader stopped.
2026-02-28 19:30:32.904214 (931623) lic_core INFO    (1) checkin jasper_interactive
2026-02-28 19:30:32.905871 (931623) lic_core INFO    (3) checkin jasper_fao
2026-02-28 19:30:32.907037 (931623) main____ INFO    Exiting with status 0.
