2026-02-25 13:27:23.839688 (3160987) main____ INFO    ----------------------------------------
2026-02-25 13:27:23.839783 (3160987) main____ INFO    Jasper version info
2026-02-25 13:27:23.839800 (3160987) main____ INFO      tool      : Jasper 2023.12
2026-02-25 13:27:23.839827 (3160987) main____ INFO      version   : 2023.12p001 64 bits
2026-02-25 13:27:23.839841 (3160987) main____ INFO      build date: 2024.01.23 16:09:24 UTC
2026-02-25 13:27:23.839851 (3160987) main____ INFO    ----------------------------------------
2026-02-25 13:27:23.839860 (3160987) main____ INFO    Runtime info:
2026-02-25 13:27:23.839873 (3160987) main____ INFO      platform  : Linux 4.18.0-553.89.1.el8_10.x86_64 x86_64
2026-02-25 13:27:23.839895 (3160987) main____ INFO      hostname  : caddy15.stanford.edu
2026-02-25 13:27:23.839912 (3160987) main____ INFO      pid       : 3160987
2026-02-25 13:27:23.839924 (3160987) main____ INFO      arguments : '-style' 'windows' '-allow_unsupported_OS' '-no_gui' '-fpv' './synthlc/i_DIV_out/xPairwiseDepDiv/exclusive_144_.tcl' '-proj' './synthlc/i_DIV_out/xPairwiseDepDiv/exclusive_144_jgsession_26-02-25-13_27_23'
2026-02-25 13:27:23.839941 (3160987) main____ INFO      locale    : UTF-8
2026-02-25 13:27:23.839950 (3160987) main____ INFO    ----------------------------------------
2026-02-25 13:27:23.839960 (3160987) main____ INFO    System resource limits info:
2026-02-25 13:27:23.839972 (3160987) main____ INFO      virtual memory: unlimited
2026-02-25 13:27:23.839985 (3160987) main____ INFO      cpu time      : unlimited
2026-02-25 13:27:23.840003 (3160987) main____ INFO      processes     : 4096
2026-02-25 13:27:23.840023 (3160987) main____ INFO      stack size    : 8388608 B
2026-02-25 13:27:23.840049 (3160987) main____ INFO      core file size: 0 B
2026-02-25 13:27:23.840062 (3160987) main____ INFO      open files    : 4096
2026-02-25 13:27:23.840074 (3160987) main____ INFO      file size     : unlimited
2026-02-25 13:27:23.840084 (3160987) main____ INFO    ----------------------------------------
2026-02-25 13:27:23.840093 (3160987) main____ INFO    Memory statistics:
2026-02-25 13:27:23.840104 (3160987) main____ INFO      total physical memory  : 98449092 kB
2026-02-25 13:27:23.840116 (3160987) main____ INFO      free physical memory   : 76085724 kB
2026-02-25 13:27:23.840128 (3160987) main____ INFO      committed address space: 9086188 kB
2026-02-25 13:27:23.840137 (3160987) main____ INFO    ----------------------------------------
2026-02-25 13:27:23.841325 (3160987) main____ INFO    Important environment variables:
2026-02-25 13:27:23.841353 (3160987) main____ INFO      CDS_LIC_FILE       : '5280@cadlic0'
2026-02-25 13:27:23.841366 (3160987) main____ INFO      JASPER_INSTALL_DIR : '/cad/cadence/jasper_2023.12p001'
2026-02-25 13:27:23.841378 (3160987) main____ INFO      JASPER_KERNEL_CHECK: '1'
2026-02-25 13:27:23.841391 (3160987) main____ INFO      JASPER_OS_CHECK    : '0'
2026-02-25 13:27:23.841403 (3160987) main____ INFO      LANG               : 'en_US.UTF-8'
2026-02-25 13:27:23.841413 (3160987) main____ INFO    ----------------------------------------
2026-02-25 13:27:23.842558 (3160987) lic_core INFO    Initializing license system ...
2026-02-25 13:27:23.844462 (3160987) lic_core INFO    ... license system initialized.
2026-02-25 13:27:23.896621 (3160987) lic__man INFO    Claim 'main' for <ui>.
2026-02-25 13:27:23.896692 (3160987) lic_core INFO    (1) checking out 'jasper_interactive' ...
2026-02-25 13:27:23.975425 (3160987) lic_core INFO    ... (1) checkout succeeded
2026-02-25 13:27:23.975539 (3160987) lic__man INFO    Claim 'fpv' for <ui>.
2026-02-25 13:27:23.975570 (3160987) lic_core INFO    (2) checking out 'jasper_fpv' ...
2026-02-25 13:27:24.008936 (3160987) lic_core INFO    ... (2) checkout failed (error: -5) ("FLEXnet ERROR(-5, 0, 0): No such feature exists.")
2026-02-25 13:27:24.008995 (3160987) lic_core INFO    (3) checking out 'jasper_fao' ...
2026-02-25 13:27:24.044540 (3160987) lic_core INFO    ... (3) checkout succeeded
2026-02-25 13:27:24.047155 (3160987) main____ INFO    Tool inactivity delay is 480000 ms.
2026-02-25 13:27:24.048108 (3160998) stdio___ INFO    Starting STDIN reader (tty: yes, tty name: '/dev/pts/0')
2026-02-25 13:27:24.199442 (3160987) session_ INFO    Starting analysis session with session id 'session_0' (launcher: <local>) ...
2026-02-25 13:27:24.201398 (3160987) session_ INFO    Analysis session with session id 'session_0' started (pid: 3160999)
2026-02-25 13:27:25.634778 (3160987) session_ INFO    Analysis session 'session_0' connected to the console (host: 127.0.0.1:54958)
2026-02-25 13:27:29.753342 (3160987) lic__man INFO    Unclaim everything for 'session_0'.
2026-02-25 13:27:30.194843 (3160987) lic__man INFO    Claim 'fpv' for 'session_0'.
2026-02-25 13:27:30.194893 (3160987) lic__man INFO    Claim 'fpv' for 'session_0/prove-0'.
2026-02-25 13:27:52.028376 (3160987) lic__man INFO    Unclaim everything for 'session_0/prove-0'.
2026-02-25 13:27:52.032709 (3160987) main____ INFO    About to exit: request to exit with status 0 received from analysis session 'session_0'
2026-02-25 13:27:52.247666 (3160987) session_ INFO    Analysis session 'session_0' disconnected.
2026-02-25 13:27:52.247829 (3160987) lic__man INFO    Unclaim everything for 'session_0'.
2026-02-25 13:27:52.248034 (3160987) session_ INFO    Process for analysis session 'session_0' has exited with exit status '0'.
2026-02-25 13:27:53.942150 (3160998) stdio___ INFO    STDIN reader requested to stop.
2026-02-25 13:27:53.942213 (3160998) stdio___ INFO    STDIN reader stopped.
2026-02-25 13:27:53.942537 (3160987) lic_core INFO    (1) checkin jasper_interactive
2026-02-25 13:27:53.943519 (3160987) lic_core INFO    (3) checkin jasper_fao
2026-02-25 13:27:53.945319 (3160987) main____ INFO    Exiting with status 0.
