2026-02-26 08:41:09.750804 (3934458) main____ INFO    ----------------------------------------
2026-02-26 08:41:09.750872 (3934458) main____ INFO    Jasper version info
2026-02-26 08:41:09.750887 (3934458) main____ INFO      tool      : Jasper 2023.12
2026-02-26 08:41:09.750901 (3934458) main____ INFO      version   : 2023.12p001 64 bits
2026-02-26 08:41:09.750914 (3934458) main____ INFO      build date: 2024.01.23 16:09:24 UTC
2026-02-26 08:41:09.750924 (3934458) main____ INFO    ----------------------------------------
2026-02-26 08:41:09.750933 (3934458) main____ INFO    Runtime info:
2026-02-26 08:41:09.750944 (3934458) main____ INFO      platform  : Linux 4.18.0-553.89.1.el8_10.x86_64 x86_64
2026-02-26 08:41:09.750961 (3934458) main____ INFO      hostname  : caddy15.stanford.edu
2026-02-26 08:41:09.750976 (3934458) main____ INFO      pid       : 3934458
2026-02-26 08:41:09.750987 (3934458) main____ INFO      arguments : '-style' 'windows' '-allow_unsupported_OS' '-no_gui' '-fpv' './synthlc/i_ADDI_out/xHBPerfG_dfg_v3_div/WHB_496_.tcl' '-proj' './synthlc/i_ADDI_out/xHBPerfG_dfg_v3_div/WHB_496_jgsession_26-02-26-08_41_09'
2026-02-26 08:41:09.751003 (3934458) main____ INFO      locale    : UTF-8
2026-02-26 08:41:09.751013 (3934458) main____ INFO    ----------------------------------------
2026-02-26 08:41:09.751022 (3934458) main____ INFO    System resource limits info:
2026-02-26 08:41:09.751034 (3934458) main____ INFO      virtual memory: unlimited
2026-02-26 08:41:09.751046 (3934458) main____ INFO      cpu time      : unlimited
2026-02-26 08:41:09.751063 (3934458) main____ INFO      processes     : 4096
2026-02-26 08:41:09.751081 (3934458) main____ INFO      stack size    : 8388608 B
2026-02-26 08:41:09.751095 (3934458) main____ INFO      core file size: 0 B
2026-02-26 08:41:09.751108 (3934458) main____ INFO      open files    : 4096
2026-02-26 08:41:09.751120 (3934458) main____ INFO      file size     : unlimited
2026-02-26 08:41:09.751129 (3934458) main____ INFO    ----------------------------------------
2026-02-26 08:41:09.751150 (3934458) main____ INFO    Memory statistics:
2026-02-26 08:41:09.751162 (3934458) main____ INFO      total physical memory  : 98449092 kB
2026-02-26 08:41:09.751173 (3934458) main____ INFO      free physical memory   : 80024500 kB
2026-02-26 08:41:09.751184 (3934458) main____ INFO      committed address space: 2007440 kB
2026-02-26 08:41:09.751194 (3934458) main____ INFO    ----------------------------------------
2026-02-26 08:41:09.752329 (3934458) main____ INFO    Important environment variables:
2026-02-26 08:41:09.752352 (3934458) main____ INFO      CDS_LIC_FILE       : '5280@cadlic0'
2026-02-26 08:41:09.752364 (3934458) main____ INFO      JASPER_INSTALL_DIR : '/cad/cadence/jasper_2023.12p001'
2026-02-26 08:41:09.752376 (3934458) main____ INFO      JASPER_KERNEL_CHECK: '1'
2026-02-26 08:41:09.752388 (3934458) main____ INFO      JASPER_OS_CHECK    : '0'
2026-02-26 08:41:09.752400 (3934458) main____ INFO      LANG               : 'en_US.UTF-8'
2026-02-26 08:41:09.752410 (3934458) main____ INFO    ----------------------------------------
2026-02-26 08:41:09.753646 (3934458) lic_core INFO    Initializing license system ...
2026-02-26 08:41:09.755148 (3934458) lic_core INFO    ... license system initialized.
2026-02-26 08:41:09.767033 (3934458) lic__man INFO    Claim 'main' for <ui>.
2026-02-26 08:41:09.767074 (3934458) lic_core INFO    (1) checking out 'jasper_interactive' ...
2026-02-26 08:41:09.779564 (3934458) lic_core INFO    ... (1) checkout succeeded
2026-02-26 08:41:09.779624 (3934458) lic__man INFO    Claim 'fpv' for <ui>.
2026-02-26 08:41:09.779645 (3934458) lic_core INFO    (2) checking out 'jasper_fpv' ...
2026-02-26 08:41:09.784317 (3934458) lic_core INFO    ... (2) checkout failed (error: -5) ("FLEXnet ERROR(-5, 0, 0): No such feature exists.")
2026-02-26 08:41:09.784349 (3934458) lic_core INFO    (3) checking out 'jasper_fao' ...
2026-02-26 08:41:09.795279 (3934458) lic_core INFO    ... (3) checkout succeeded
2026-02-26 08:41:09.796277 (3934470) stdio___ INFO    Starting STDIN reader (tty: yes, tty name: '/dev/pts/0')
2026-02-26 08:41:09.796456 (3934458) main____ INFO    Tool inactivity delay is 480000 ms.
2026-02-26 08:41:09.837208 (3934458) session_ INFO    Starting analysis session with session id 'session_0' (launcher: <local>) ...
2026-02-26 08:41:09.839001 (3934458) session_ INFO    Analysis session with session id 'session_0' started (pid: 3934471)
2026-02-26 08:41:11.310862 (3934458) session_ INFO    Analysis session 'session_0' connected to the console (host: 127.0.0.1:38612)
2026-02-26 08:41:15.026452 (3934458) lic__man INFO    Unclaim everything for 'session_0'.
2026-02-26 08:41:15.223735 (3934458) lic__man INFO    Claim 'fpv' for 'session_0'.
2026-02-26 08:41:15.223772 (3934458) lic__man INFO    Claim 'fpv' for 'session_0/prove-0'.
2026-02-26 08:41:17.974771 (3934458) lic__man INFO    Unclaim everything for 'session_0/prove-0'.
2026-02-26 08:41:18.016455 (3934458) main____ INFO    About to exit: request to exit with status 0 received from analysis session 'session_0'
2026-02-26 08:41:18.167690 (3934458) session_ INFO    Analysis session 'session_0' disconnected.
2026-02-26 08:41:18.167892 (3934458) lic__man INFO    Unclaim everything for 'session_0'.
2026-02-26 08:41:18.168084 (3934458) session_ INFO    Process for analysis session 'session_0' has exited with exit status '0'.
2026-02-26 08:41:19.923076 (3934470) stdio___ INFO    STDIN reader requested to stop.
2026-02-26 08:41:19.923108 (3934470) stdio___ INFO    STDIN reader stopped.
2026-02-26 08:41:19.923342 (3934458) lic_core INFO    (1) checkin jasper_interactive
2026-02-26 08:41:19.924564 (3934458) lic_core INFO    (3) checkin jasper_fao
2026-02-26 08:41:19.926199 (3934458) main____ INFO    Exiting with status 0.
