2026-02-28 23:05:14.841919 (1086145) main____ INFO    ----------------------------------------
2026-02-28 23:05:14.842014 (1086145) main____ INFO    Jasper version info
2026-02-28 23:05:14.842029 (1086145) main____ INFO      tool      : Jasper 2023.12
2026-02-28 23:05:14.842045 (1086145) main____ INFO      version   : 2023.12p001 64 bits
2026-02-28 23:05:14.842058 (1086145) main____ INFO      build date: 2024.01.23 16:09:24 UTC
2026-02-28 23:05:14.842068 (1086145) main____ INFO    ----------------------------------------
2026-02-28 23:05:14.842077 (1086145) main____ INFO    Runtime info:
2026-02-28 23:05:14.842087 (1086145) main____ INFO      platform  : Linux 4.18.0-553.89.1.el8_10.x86_64 x86_64
2026-02-28 23:05:14.842106 (1086145) main____ INFO      hostname  : caddy15.stanford.edu
2026-02-28 23:05:14.842122 (1086145) main____ INFO      pid       : 1086145
2026-02-28 23:05:14.842134 (1086145) main____ INFO      arguments : '-style' 'windows' '-allow_unsupported_OS' '-no_gui' '-fpv' './synthlc/i_BEQ_out/xHBPerfG_dfg_v3_div/HB_103_.tcl' '-proj' './synthlc/i_BEQ_out/xHBPerfG_dfg_v3_div/HB_103_jgsession_26-02-28-23_05_14'
2026-02-28 23:05:14.842151 (1086145) main____ INFO      locale    : UTF-8
2026-02-28 23:05:14.842161 (1086145) main____ INFO    ----------------------------------------
2026-02-28 23:05:14.842170 (1086145) main____ INFO    System resource limits info:
2026-02-28 23:05:14.842183 (1086145) main____ INFO      virtual memory: unlimited
2026-02-28 23:05:14.842195 (1086145) main____ INFO      cpu time      : unlimited
2026-02-28 23:05:14.842215 (1086145) main____ INFO      processes     : 4096
2026-02-28 23:05:14.842236 (1086145) main____ INFO      stack size    : 8388608 B
2026-02-28 23:05:14.842250 (1086145) main____ INFO      core file size: 0 B
2026-02-28 23:05:14.842262 (1086145) main____ INFO      open files    : 4096
2026-02-28 23:05:14.842274 (1086145) main____ INFO      file size     : unlimited
2026-02-28 23:05:14.842284 (1086145) main____ INFO    ----------------------------------------
2026-02-28 23:05:14.842293 (1086145) main____ INFO    Memory statistics:
2026-02-28 23:05:14.842319 (1086145) main____ INFO      total physical memory  : 98449092 kB
2026-02-28 23:05:14.842330 (1086145) main____ INFO      free physical memory   : 76875628 kB
2026-02-28 23:05:14.842342 (1086145) main____ INFO      committed address space: 5339044 kB
2026-02-28 23:05:14.842351 (1086145) main____ INFO    ----------------------------------------
2026-02-28 23:05:14.843523 (1086145) main____ INFO    Important environment variables:
2026-02-28 23:05:14.843548 (1086145) main____ INFO      CDS_LIC_FILE       : '5280@cadlic0'
2026-02-28 23:05:14.843560 (1086145) main____ INFO      JASPER_INSTALL_DIR : '/cad/cadence/jasper_2023.12p001'
2026-02-28 23:05:14.843572 (1086145) main____ INFO      JASPER_KERNEL_CHECK: '1'
2026-02-28 23:05:14.843584 (1086145) main____ INFO      JASPER_OS_CHECK    : '0'
2026-02-28 23:05:14.843596 (1086145) main____ INFO      LANG               : 'en_US.UTF-8'
2026-02-28 23:05:14.843606 (1086145) main____ INFO    ----------------------------------------
2026-02-28 23:05:14.845552 (1086145) lic_core INFO    Initializing license system ...
2026-02-28 23:05:14.869710 (1086145) lic_core INFO    ... license system initialized.
2026-02-28 23:05:14.945682 (1086145) lic__man INFO    Claim 'main' for <ui>.
2026-02-28 23:05:14.945755 (1086145) lic_core INFO    (1) checking out 'jasper_interactive' ...
2026-02-28 23:05:14.974639 (1086145) lic_core INFO    ... (1) checkout succeeded
2026-02-28 23:05:14.974749 (1086145) lic__man INFO    Claim 'fpv' for <ui>.
2026-02-28 23:05:14.974777 (1086145) lic_core INFO    (2) checking out 'jasper_fpv' ...
2026-02-28 23:05:15.004742 (1086145) lic_core INFO    ... (2) checkout failed (error: -5) ("FLEXnet ERROR(-5, 0, 0): No such feature exists.")
2026-02-28 23:05:15.004800 (1086145) lic_core INFO    (3) checking out 'jasper_fao' ...
2026-02-28 23:05:15.021700 (1086145) lic_core INFO    ... (3) checkout succeeded
2026-02-28 23:05:15.024822 (1086145) main____ INFO    Tool inactivity delay is 480000 ms.
2026-02-28 23:05:15.034513 (1086156) stdio___ INFO    Starting STDIN reader (tty: yes, tty name: '/dev/pts/0')
2026-02-28 23:05:15.067389 (1086145) session_ INFO    Starting analysis session with session id 'session_0' (launcher: <local>) ...
2026-02-28 23:05:15.069296 (1086145) session_ INFO    Analysis session with session id 'session_0' started (pid: 1086157)
2026-02-28 23:05:16.483899 (1086145) session_ INFO    Analysis session 'session_0' connected to the console (host: 127.0.0.1:51214)
2026-02-28 23:05:20.584651 (1086145) lic__man INFO    Unclaim everything for 'session_0'.
2026-02-28 23:05:20.851255 (1086145) lic__man INFO    Claim 'fpv' for 'session_0'.
2026-02-28 23:05:20.851319 (1086145) lic__man INFO    Claim 'fpv' for 'session_0/prove-0'.
2026-02-28 23:05:25.988140 (1086145) lic__man INFO    Unclaim everything for 'session_0/prove-0'.
2026-02-28 23:05:26.076613 (1086145) main____ INFO    About to exit: request to exit with status 0 received from analysis session 'session_0'
2026-02-28 23:05:26.380953 (1086145) session_ INFO    Analysis session 'session_0' disconnected.
2026-02-28 23:05:26.381104 (1086145) lic__man INFO    Unclaim everything for 'session_0'.
2026-02-28 23:05:26.381293 (1086145) session_ INFO    Process for analysis session 'session_0' has exited with exit status '0'.
2026-02-28 23:05:27.984399 (1086156) stdio___ INFO    STDIN reader requested to stop.
2026-02-28 23:05:27.984455 (1086156) stdio___ INFO    STDIN reader stopped.
2026-02-28 23:05:27.984771 (1086145) lic_core INFO    (1) checkin jasper_interactive
2026-02-28 23:05:27.985699 (1086145) lic_core INFO    (3) checkin jasper_fao
2026-02-28 23:05:27.993822 (1086145) main____ INFO    Exiting with status 0.
