2026-02-26 11:34:13.715595 (2109866) main____ INFO    ----------------------------------------
2026-02-26 11:34:13.715713 (2109866) main____ INFO    Jasper version info
2026-02-26 11:34:13.715732 (2109866) main____ INFO      tool      : Jasper 2023.12
2026-02-26 11:34:13.715749 (2109866) main____ INFO      version   : 2023.12p001 64 bits
2026-02-26 11:34:13.715764 (2109866) main____ INFO      build date: 2024.01.23 16:09:24 UTC
2026-02-26 11:34:13.715776 (2109866) main____ INFO    ----------------------------------------
2026-02-26 11:34:13.715786 (2109866) main____ INFO    Runtime info:
2026-02-26 11:34:13.715799 (2109866) main____ INFO      platform  : Linux 4.18.0-553.89.1.el8_10.x86_64 x86_64
2026-02-26 11:34:13.715820 (2109866) main____ INFO      hostname  : caddy12.stanford.edu
2026-02-26 11:34:13.715838 (2109866) main____ INFO      pid       : 2109866
2026-02-26 11:34:13.715851 (2109866) main____ INFO      arguments : '-style' 'windows' '-allow_unsupported_OS' '-no_gui' '-fpv' './synthlc/i_DIV_out/xPairwiseDepDiv/exclusive_114_.tcl' '-proj' './synthlc/i_DIV_out/xPairwiseDepDiv/exclusive_114_jgsession_26-02-26-11_34_12'
2026-02-26 11:34:13.715870 (2109866) main____ INFO      locale    : UTF-8
2026-02-26 11:34:13.715882 (2109866) main____ INFO    ----------------------------------------
2026-02-26 11:34:13.715892 (2109866) main____ INFO    System resource limits info:
2026-02-26 11:34:13.715906 (2109866) main____ INFO      virtual memory: unlimited
2026-02-26 11:34:13.715920 (2109866) main____ INFO      cpu time      : unlimited
2026-02-26 11:34:13.715940 (2109866) main____ INFO      processes     : 4096
2026-02-26 11:34:13.715962 (2109866) main____ INFO      stack size    : 8388608 B
2026-02-26 11:34:13.715978 (2109866) main____ INFO      core file size: 0 B
2026-02-26 11:34:13.715993 (2109866) main____ INFO      open files    : 4096
2026-02-26 11:34:13.716007 (2109866) main____ INFO      file size     : unlimited
2026-02-26 11:34:13.716018 (2109866) main____ INFO    ----------------------------------------
2026-02-26 11:34:13.716029 (2109866) main____ INFO    Memory statistics:
2026-02-26 11:34:13.716042 (2109866) main____ INFO      total physical memory  : 98449088 kB
2026-02-26 11:34:13.716055 (2109866) main____ INFO      free physical memory   : 70633140 kB
2026-02-26 11:34:13.716068 (2109866) main____ INFO      committed address space: 14516704 kB
2026-02-26 11:34:13.716079 (2109866) main____ INFO    ----------------------------------------
2026-02-26 11:34:13.717475 (2109866) main____ INFO    Important environment variables:
2026-02-26 11:34:13.717502 (2109866) main____ INFO      CDS_LIC_FILE       : '5280@cadlic0'
2026-02-26 11:34:13.717518 (2109866) main____ INFO      DISPLAY            : 'localhost:12.0'
2026-02-26 11:34:13.717531 (2109866) main____ INFO      JASPER_INSTALL_DIR : '/cad/cadence/jasper_2023.12p001'
2026-02-26 11:34:13.717545 (2109866) main____ INFO      JASPER_KERNEL_CHECK: '1'
2026-02-26 11:34:13.717559 (2109866) main____ INFO      JASPER_OS_CHECK    : '0'
2026-02-26 11:34:13.717572 (2109866) main____ INFO      LANG               : 'zh_TW.UTF-8'
2026-02-26 11:34:13.717583 (2109866) main____ INFO    ----------------------------------------
2026-02-26 11:34:13.731196 (2109866) lic_core INFO    Initializing license system ...
2026-02-26 11:34:13.791959 (2109866) lic_core INFO    ... license system initialized.
2026-02-26 11:34:13.954226 (2109866) lic__man INFO    Claim 'main' for <ui>.
2026-02-26 11:34:13.954303 (2109866) lic_core INFO    (1) checking out 'jasper_interactive' ...
2026-02-26 11:34:14.025984 (2109866) lic_core INFO    ... (1) checkout succeeded
2026-02-26 11:34:14.026085 (2109866) lic__man INFO    Claim 'fpv' for <ui>.
2026-02-26 11:34:14.026113 (2109866) lic_core INFO    (2) checking out 'jasper_fpv' ...
2026-02-26 11:34:14.080160 (2109866) lic_core INFO    ... (2) checkout failed (error: -5) ("FLEXnet ERROR(-5, 0, 0): No such feature exists.")
2026-02-26 11:34:14.080270 (2109866) lic_core INFO    (3) checking out 'jasper_fao' ...
2026-02-26 11:34:14.174081 (2109866) lic_core INFO    ... (3) checkout succeeded
2026-02-26 11:34:14.220749 (2109866) main____ INFO    Tool inactivity delay is 480000 ms.
2026-02-26 11:34:14.245959 (2109882) stdio___ INFO    Starting STDIN reader (tty: yes, tty name: '/dev/pts/0')
2026-02-26 11:34:14.577793 (2109866) session_ INFO    Starting analysis session with session id 'session_0' (launcher: <local>) ...
2026-02-26 11:34:14.579882 (2109866) session_ INFO    Analysis session with session id 'session_0' started (pid: 2109883)
2026-02-26 11:34:17.937121 (2109866) session_ INFO    Analysis session 'session_0' connected to the console (host: 127.0.0.1:60988)
2026-02-26 11:34:29.219236 (2109866) lic__man INFO    Unclaim everything for 'session_0'.
2026-02-26 11:34:29.673135 (2109866) lic__man INFO    Claim 'fpv' for 'session_0'.
2026-02-26 11:34:29.673189 (2109866) lic__man INFO    Claim 'fpv' for 'session_0/prove-0'.
2026-02-26 11:35:48.952931 (2109866) lic__man INFO    Unclaim everything for 'session_0/prove-0'.
2026-02-26 11:35:48.998027 (2109866) main____ INFO    About to exit: request to exit with status 0 received from analysis session 'session_0'
2026-02-26 11:35:49.522202 (2109866) session_ INFO    Analysis session 'session_0' disconnected.
2026-02-26 11:35:49.522364 (2109866) lic__man INFO    Unclaim everything for 'session_0'.
2026-02-26 11:35:49.522839 (2109866) session_ INFO    Process for analysis session 'session_0' has exited with exit status '0'.
2026-02-26 11:35:50.915593 (2109882) stdio___ INFO    STDIN reader requested to stop.
2026-02-26 11:35:50.915654 (2109882) stdio___ INFO    STDIN reader stopped.
2026-02-26 11:35:50.926985 (2109866) lic_core INFO    (1) checkin jasper_interactive
2026-02-26 11:35:50.932935 (2109866) lic_core INFO    (3) checkin jasper_fao
2026-02-26 11:35:50.955017 (2109866) main____ INFO    Exiting with status 0.
