2026-02-27 15:51:00.216075 (3151771) main____ INFO    ----------------------------------------
2026-02-27 15:51:00.216141 (3151771) main____ INFO    Jasper version info
2026-02-27 15:51:00.216157 (3151771) main____ INFO      tool      : Jasper 2023.12
2026-02-27 15:51:00.216172 (3151771) main____ INFO      version   : 2023.12p001 64 bits
2026-02-27 15:51:00.216185 (3151771) main____ INFO      build date: 2024.01.23 16:09:24 UTC
2026-02-27 15:51:00.216195 (3151771) main____ INFO    ----------------------------------------
2026-02-27 15:51:00.216205 (3151771) main____ INFO    Runtime info:
2026-02-27 15:51:00.216217 (3151771) main____ INFO      platform  : Linux 4.18.0-553.89.1.el8_10.x86_64 x86_64
2026-02-27 15:51:00.216233 (3151771) main____ INFO      hostname  : caddy12.stanford.edu
2026-02-27 15:51:00.216249 (3151771) main____ INFO      pid       : 3151771
2026-02-27 15:51:00.216260 (3151771) main____ INFO      arguments : '-style' 'windows' '-allow_unsupported_OS' '-no_gui' '-fpv' './synthlc/i_DIV_out/xPairwiseDepDiv/nunv_anytwo_50_.tcl' '-proj' './synthlc/i_DIV_out/xPairwiseDepDiv/nunv_anytwo_50_jgsession_26-02-27-15_51_00'
2026-02-27 15:51:00.216276 (3151771) main____ INFO      locale    : UTF-8
2026-02-27 15:51:00.216287 (3151771) main____ INFO    ----------------------------------------
2026-02-27 15:51:00.216297 (3151771) main____ INFO    System resource limits info:
2026-02-27 15:51:00.216309 (3151771) main____ INFO      virtual memory: unlimited
2026-02-27 15:51:00.216322 (3151771) main____ INFO      cpu time      : unlimited
2026-02-27 15:51:00.216339 (3151771) main____ INFO      processes     : 4096
2026-02-27 15:51:00.216357 (3151771) main____ INFO      stack size    : 8388608 B
2026-02-27 15:51:00.216372 (3151771) main____ INFO      core file size: 0 B
2026-02-27 15:51:00.216385 (3151771) main____ INFO      open files    : 4096
2026-02-27 15:51:00.216397 (3151771) main____ INFO      file size     : unlimited
2026-02-27 15:51:00.216408 (3151771) main____ INFO    ----------------------------------------
2026-02-27 15:51:00.216418 (3151771) main____ INFO    Memory statistics:
2026-02-27 15:51:00.216430 (3151771) main____ INFO      total physical memory  : 98449088 kB
2026-02-27 15:51:00.216442 (3151771) main____ INFO      free physical memory   : 78833020 kB
2026-02-27 15:51:00.216454 (3151771) main____ INFO      committed address space: 2601884 kB
2026-02-27 15:51:00.216464 (3151771) main____ INFO    ----------------------------------------
2026-02-27 15:51:00.217617 (3151771) main____ INFO    Important environment variables:
2026-02-27 15:51:00.217643 (3151771) main____ INFO      CDS_LIC_FILE       : '5280@cadlic0'
2026-02-27 15:51:00.217657 (3151771) main____ INFO      DISPLAY            : 'localhost:12.0'
2026-02-27 15:51:00.217680 (3151771) main____ INFO      JASPER_INSTALL_DIR : '/cad/cadence/jasper_2023.12p001'
2026-02-27 15:51:00.217692 (3151771) main____ INFO      JASPER_KERNEL_CHECK: '1'
2026-02-27 15:51:00.217705 (3151771) main____ INFO      JASPER_OS_CHECK    : '0'
2026-02-27 15:51:00.217725 (3151771) main____ INFO      LANG               : 'zh_TW.UTF-8'
2026-02-27 15:51:00.217735 (3151771) main____ INFO    ----------------------------------------
2026-02-27 15:51:00.218841 (3151771) lic_core INFO    Initializing license system ...
2026-02-27 15:51:00.220703 (3151771) lic_core INFO    ... license system initialized.
2026-02-27 15:51:00.230707 (3151771) lic__man INFO    Claim 'main' for <ui>.
2026-02-27 15:51:00.230774 (3151771) lic_core INFO    (1) checking out 'jasper_interactive' ...
2026-02-27 15:51:00.243123 (3151771) lic_core INFO    ... (1) checkout succeeded
2026-02-27 15:51:00.243192 (3151771) lic__man INFO    Claim 'fpv' for <ui>.
2026-02-27 15:51:00.243216 (3151771) lic_core INFO    (2) checking out 'jasper_fpv' ...
2026-02-27 15:51:00.247538 (3151771) lic_core INFO    ... (2) checkout failed (error: -5) ("FLEXnet ERROR(-5, 0, 0): No such feature exists.")
2026-02-27 15:51:00.247589 (3151771) lic_core INFO    (3) checking out 'jasper_fao' ...
2026-02-27 15:51:00.258569 (3151771) lic_core INFO    ... (3) checkout succeeded
2026-02-27 15:51:00.260760 (3151789) stdio___ INFO    Starting STDIN reader (tty: yes, tty name: '/dev/pts/0')
2026-02-27 15:51:00.260860 (3151771) main____ INFO    Tool inactivity delay is 480000 ms.
2026-02-27 15:51:00.299460 (3151771) session_ INFO    Starting analysis session with session id 'session_0' (launcher: <local>) ...
2026-02-27 15:51:00.301185 (3151771) session_ INFO    Analysis session with session id 'session_0' started (pid: 3151790)
2026-02-27 15:51:01.441079 (3151771) session_ INFO    Analysis session 'session_0' connected to the console (host: 127.0.0.1:60774)
2026-02-27 15:51:05.798327 (3151771) lic__man INFO    Unclaim everything for 'session_0'.
2026-02-27 15:51:05.995347 (3151771) lic__man INFO    Claim 'fpv' for 'session_0'.
2026-02-27 15:51:05.995390 (3151771) lic__man INFO    Claim 'fpv' for 'session_0/prove-0'.
2026-02-27 15:51:28.945332 (3151771) lic__man INFO    Unclaim everything for 'session_0/prove-0'.
2026-02-27 15:51:29.007831 (3151771) main____ INFO    About to exit: request to exit with status 0 received from analysis session 'session_0'
2026-02-27 15:51:29.246947 (3151771) session_ INFO    Analysis session 'session_0' disconnected.
2026-02-27 15:51:29.247102 (3151771) lic__man INFO    Unclaim everything for 'session_0'.
2026-02-27 15:51:29.257907 (3151771) session_ INFO    Process for analysis session 'session_0' has exited with exit status '0'.
2026-02-27 15:51:30.921748 (3151789) stdio___ INFO    STDIN reader requested to stop.
2026-02-27 15:51:30.921807 (3151789) stdio___ INFO    STDIN reader stopped.
2026-02-27 15:51:30.922133 (3151771) lic_core INFO    (1) checkin jasper_interactive
2026-02-27 15:51:30.923533 (3151771) lic_core INFO    (3) checkin jasper_fao
2026-02-27 15:51:30.929820 (3151771) main____ INFO    Exiting with status 0.
