2026-03-02 11:00:15.406929 (592682) main____ INFO    ----------------------------------------
2026-03-02 11:00:15.407011 (592682) main____ INFO    Jasper version info
2026-03-02 11:00:15.407026 (592682) main____ INFO      tool      : Jasper 2023.12
2026-03-02 11:00:15.407042 (592682) main____ INFO      version   : 2023.12p001 64 bits
2026-03-02 11:00:15.407055 (592682) main____ INFO      build date: 2024.01.23 16:09:24 UTC
2026-03-02 11:00:15.407064 (592682) main____ INFO    ----------------------------------------
2026-03-02 11:00:15.407073 (592682) main____ INFO    Runtime info:
2026-03-02 11:00:15.407084 (592682) main____ INFO      platform  : Linux 4.18.0-553.89.1.el8_10.x86_64 x86_64
2026-03-02 11:00:15.407103 (592682) main____ INFO      hostname  : caddy12.stanford.edu
2026-03-02 11:00:15.407118 (592682) main____ INFO      pid       : 592682
2026-03-02 11:00:15.407128 (592682) main____ INFO      arguments : '-style' 'windows' '-allow_unsupported_OS' '-no_gui' '-fpv' './synthlc/i_ADDI_out/xPairwiseDepDiv/nunv_anytwo_20_.tcl' '-proj' './synthlc/i_ADDI_out/xPairwiseDepDiv/nunv_anytwo_20_jgsession_26-03-02-11_00_15'
2026-03-02 11:00:15.407146 (592682) main____ INFO      locale    : UTF-8
2026-03-02 11:00:15.407156 (592682) main____ INFO    ----------------------------------------
2026-03-02 11:00:15.407164 (592682) main____ INFO    System resource limits info:
2026-03-02 11:00:15.407177 (592682) main____ INFO      virtual memory: unlimited
2026-03-02 11:00:15.407188 (592682) main____ INFO      cpu time      : unlimited
2026-03-02 11:00:15.407206 (592682) main____ INFO      processes     : 4096
2026-03-02 11:00:15.407224 (592682) main____ INFO      stack size    : 8388608 B
2026-03-02 11:00:15.407239 (592682) main____ INFO      core file size: 0 B
2026-03-02 11:00:15.407251 (592682) main____ INFO      open files    : 4096
2026-03-02 11:00:15.407262 (592682) main____ INFO      file size     : unlimited
2026-03-02 11:00:15.407272 (592682) main____ INFO    ----------------------------------------
2026-03-02 11:00:15.407281 (592682) main____ INFO    Memory statistics:
2026-03-02 11:00:15.407292 (592682) main____ INFO      total physical memory  : 98449088 kB
2026-03-02 11:00:15.407303 (592682) main____ INFO      free physical memory   : 85046320 kB
2026-03-02 11:00:15.407314 (592682) main____ INFO      committed address space: 10462232 kB
2026-03-02 11:00:15.407323 (592682) main____ INFO    ----------------------------------------
2026-03-02 11:00:15.408515 (592682) main____ INFO    Important environment variables:
2026-03-02 11:00:15.408543 (592682) main____ INFO      CDS_LIC_FILE       : '5280@cadlic0'
2026-03-02 11:00:15.408556 (592682) main____ INFO      DISPLAY            : 'localhost:12.0'
2026-03-02 11:00:15.408567 (592682) main____ INFO      JASPER_INSTALL_DIR : '/cad/cadence/jasper_2023.12p001'
2026-03-02 11:00:15.408579 (592682) main____ INFO      JASPER_KERNEL_CHECK: '1'
2026-03-02 11:00:15.408590 (592682) main____ INFO      JASPER_OS_CHECK    : '0'
2026-03-02 11:00:15.408601 (592682) main____ INFO      LANG               : 'zh_TW.UTF-8'
2026-03-02 11:00:15.408611 (592682) main____ INFO    ----------------------------------------
2026-03-02 11:00:15.409798 (592682) lic_core INFO    Initializing license system ...
2026-03-02 11:00:15.422360 (592682) lic_core INFO    ... license system initialized.
2026-03-02 11:00:15.445639 (592682) lic__man INFO    Claim 'main' for <ui>.
2026-03-02 11:00:15.445732 (592682) lic_core INFO    (1) checking out 'jasper_interactive' ...
2026-03-02 11:00:15.464982 (592682) lic_core INFO    ... (1) checkout succeeded
2026-03-02 11:00:15.465070 (592682) lic__man INFO    Claim 'fpv' for <ui>.
2026-03-02 11:00:15.465099 (592682) lic_core INFO    (2) checking out 'jasper_fpv' ...
2026-03-02 11:00:15.495103 (592682) lic_core INFO    ... (2) checkout failed (error: -5) ("FLEXnet ERROR(-5, 0, 0): No such feature exists.")
2026-03-02 11:00:15.495151 (592682) lic_core INFO    (3) checking out 'jasper_fao' ...
2026-03-02 11:00:15.557058 (592682) lic_core INFO    ... (3) checkout succeeded
2026-03-02 11:00:15.567629 (592702) stdio___ INFO    Starting STDIN reader (tty: yes, tty name: '/dev/pts/0')
2026-03-02 11:00:15.577687 (592682) main____ INFO    Tool inactivity delay is 480000 ms.
2026-03-02 11:00:15.695825 (592682) session_ INFO    Starting analysis session with session id 'session_0' (launcher: <local>) ...
2026-03-02 11:00:15.697775 (592682) session_ INFO    Analysis session with session id 'session_0' started (pid: 592703)
2026-03-02 11:00:17.089152 (592682) session_ INFO    Analysis session 'session_0' connected to the console (host: 127.0.0.1:40884)
2026-03-02 11:00:21.778524 (592682) lic__man INFO    Unclaim everything for 'session_0'.
2026-03-02 11:00:22.090455 (592682) lic__man INFO    Claim 'fpv' for 'session_0'.
2026-03-02 11:00:22.090502 (592682) lic__man INFO    Claim 'fpv' for 'session_0/prove-0'.
2026-03-02 11:03:15.176217 (592682) lic__man INFO    Unclaim everything for 'session_0/prove-0'.
2026-03-02 11:03:15.218967 (592682) main____ INFO    About to exit: request to exit with status 0 received from analysis session 'session_0'
2026-03-02 11:03:15.350581 (592682) session_ INFO    Analysis session 'session_0' disconnected.
2026-03-02 11:03:15.350828 (592682) lic__man INFO    Unclaim everything for 'session_0'.
2026-03-02 11:03:15.351071 (592682) session_ INFO    Process for analysis session 'session_0' has exited with exit status '0'.
2026-03-02 11:03:17.329361 (592702) stdio___ INFO    STDIN reader requested to stop.
2026-03-02 11:03:17.329396 (592702) stdio___ INFO    STDIN reader stopped.
2026-03-02 11:03:17.329701 (592682) lic_core INFO    (1) checkin jasper_interactive
2026-03-02 11:03:17.330614 (592682) lic_core INFO    (3) checkin jasper_fao
2026-03-02 11:03:17.332007 (592682) main____ INFO    Exiting with status 0.
