2026-03-01 13:33:33.295260 (125735) main____ INFO    ----------------------------------------
2026-03-01 13:33:33.295359 (125735) main____ INFO    Jasper version info
2026-03-01 13:33:33.295376 (125735) main____ INFO      tool      : Jasper 2023.12
2026-03-01 13:33:33.295392 (125735) main____ INFO      version   : 2023.12p001 64 bits
2026-03-01 13:33:33.295406 (125735) main____ INFO      build date: 2024.01.23 16:09:24 UTC
2026-03-01 13:33:33.295417 (125735) main____ INFO    ----------------------------------------
2026-03-01 13:33:33.295427 (125735) main____ INFO    Runtime info:
2026-03-01 13:33:33.295438 (125735) main____ INFO      platform  : Linux 4.18.0-553.89.1.el8_10.x86_64 x86_64
2026-03-01 13:33:33.295458 (125735) main____ INFO      hostname  : caddy12.stanford.edu
2026-03-01 13:33:33.295474 (125735) main____ INFO      pid       : 125735
2026-03-01 13:33:33.295485 (125735) main____ INFO      arguments : '-style' 'windows' '-allow_unsupported_OS' '-no_gui' '-fpv' './synthlc/i_LW_out/xPerfLocCycleCount/over1cyc_21_div_fsm_s10_.tcl' '-proj' './synthlc/i_LW_out/xPerfLocCycleCount/over1cyc_21_div_fsm_s10_jgsession_26-03-01-13_33_31'
2026-03-01 13:33:33.295502 (125735) main____ INFO      locale    : UTF-8
2026-03-01 13:33:33.295513 (125735) main____ INFO    ----------------------------------------
2026-03-01 13:33:33.295522 (125735) main____ INFO    System resource limits info:
2026-03-01 13:33:33.295535 (125735) main____ INFO      virtual memory: unlimited
2026-03-01 13:33:33.295547 (125735) main____ INFO      cpu time      : unlimited
2026-03-01 13:33:33.295566 (125735) main____ INFO      processes     : 4096
2026-03-01 13:33:33.295586 (125735) main____ INFO      stack size    : 8388608 B
2026-03-01 13:33:33.295601 (125735) main____ INFO      core file size: 0 B
2026-03-01 13:33:33.295615 (125735) main____ INFO      open files    : 4096
2026-03-01 13:33:33.295627 (125735) main____ INFO      file size     : unlimited
2026-03-01 13:33:33.295637 (125735) main____ INFO    ----------------------------------------
2026-03-01 13:33:33.295647 (125735) main____ INFO    Memory statistics:
2026-03-01 13:33:33.295659 (125735) main____ INFO      total physical memory  : 98449088 kB
2026-03-01 13:33:33.295687 (125735) main____ INFO      free physical memory   : 79926856 kB
2026-03-01 13:33:33.295709 (125735) main____ INFO      committed address space: 15036648 kB
2026-03-01 13:33:33.295719 (125735) main____ INFO    ----------------------------------------
2026-03-01 13:33:33.296907 (125735) main____ INFO    Important environment variables:
2026-03-01 13:33:33.296932 (125735) main____ INFO      CDS_LIC_FILE       : '5280@cadlic0'
2026-03-01 13:33:33.296946 (125735) main____ INFO      DISPLAY            : 'localhost:12.0'
2026-03-01 13:33:33.296958 (125735) main____ INFO      JASPER_INSTALL_DIR : '/cad/cadence/jasper_2023.12p001'
2026-03-01 13:33:33.296971 (125735) main____ INFO      JASPER_KERNEL_CHECK: '1'
2026-03-01 13:33:33.296983 (125735) main____ INFO      JASPER_OS_CHECK    : '0'
2026-03-01 13:33:33.296995 (125735) main____ INFO      LANG               : 'zh_TW.UTF-8'
2026-03-01 13:33:33.297005 (125735) main____ INFO    ----------------------------------------
2026-03-01 13:33:33.298880 (125735) lic_core INFO    Initializing license system ...
2026-03-01 13:33:33.375468 (125735) lic_core INFO    ... license system initialized.
2026-03-01 13:33:33.528079 (125735) lic__man INFO    Claim 'main' for <ui>.
2026-03-01 13:33:33.528161 (125735) lic_core INFO    (1) checking out 'jasper_interactive' ...
2026-03-01 13:33:33.618108 (125735) lic_core INFO    ... (1) checkout succeeded
2026-03-01 13:33:33.618233 (125735) lic__man INFO    Claim 'fpv' for <ui>.
2026-03-01 13:33:33.618263 (125735) lic_core INFO    (2) checking out 'jasper_fpv' ...
2026-03-01 13:33:33.696165 (125735) lic_core INFO    ... (2) checkout failed (error: -5) ("FLEXnet ERROR(-5, 0, 0): No such feature exists.")
2026-03-01 13:33:33.696239 (125735) lic_core INFO    (3) checking out 'jasper_fao' ...
2026-03-01 13:33:33.779944 (125735) lic_core INFO    ... (3) checkout succeeded
2026-03-01 13:33:33.815569 (125735) main____ INFO    Tool inactivity delay is 480000 ms.
2026-03-01 13:33:33.843712 (125751) stdio___ INFO    Starting STDIN reader (tty: yes, tty name: '/dev/pts/0')
2026-03-01 13:33:34.068837 (125735) session_ INFO    Starting analysis session with session id 'session_0' (launcher: <local>) ...
2026-03-01 13:33:34.070906 (125735) session_ INFO    Analysis session with session id 'session_0' started (pid: 125752)
2026-03-01 13:33:39.071005 (125735) session_ INFO    Analysis session 'session_0' connected to the console (host: 127.0.0.1:55746)
2026-03-01 13:33:51.742781 (125735) lic__man INFO    Unclaim everything for 'session_0'.
2026-03-01 13:33:52.222186 (125735) lic__man INFO    Claim 'fpv' for 'session_0'.
2026-03-01 13:33:52.222241 (125735) lic__man INFO    Claim 'fpv' for 'session_0/prove-0'.
2026-03-01 13:34:46.740947 (125735) lic__man INFO    Unclaim everything for 'session_0/prove-0'.
2026-03-01 13:34:46.774149 (125735) main____ INFO    About to exit: request to exit with status 0 received from analysis session 'session_0'
2026-03-01 13:34:47.191914 (125735) session_ INFO    Analysis session 'session_0' disconnected.
2026-03-01 13:34:47.192075 (125735) lic__man INFO    Unclaim everything for 'session_0'.
2026-03-01 13:34:47.235954 (125735) session_ INFO    Process for analysis session 'session_0' has exited with exit status '0'.
2026-03-01 13:34:48.882182 (125751) stdio___ INFO    STDIN reader requested to stop.
2026-03-01 13:34:48.882250 (125751) stdio___ INFO    STDIN reader stopped.
2026-03-01 13:34:48.882577 (125735) lic_core INFO    (1) checkin jasper_interactive
2026-03-01 13:34:48.889629 (125735) lic_core INFO    (3) checkin jasper_fao
2026-03-01 13:34:48.920597 (125735) main____ INFO    Exiting with status 0.
