2026-02-27 12:45:08.041906 (3057717) main____ INFO    ----------------------------------------
2026-02-27 12:45:08.041992 (3057717) main____ INFO    Jasper version info
2026-02-27 12:45:08.042008 (3057717) main____ INFO      tool      : Jasper 2023.12
2026-02-27 12:45:08.042023 (3057717) main____ INFO      version   : 2023.12p001 64 bits
2026-02-27 12:45:08.042036 (3057717) main____ INFO      build date: 2024.01.23 16:09:24 UTC
2026-02-27 12:45:08.042047 (3057717) main____ INFO    ----------------------------------------
2026-02-27 12:45:08.042057 (3057717) main____ INFO    Runtime info:
2026-02-27 12:45:08.042068 (3057717) main____ INFO      platform  : Linux 4.18.0-553.89.1.el8_10.x86_64 x86_64
2026-02-27 12:45:08.042085 (3057717) main____ INFO      hostname  : caddy12.stanford.edu
2026-02-27 12:45:08.042101 (3057717) main____ INFO      pid       : 3057717
2026-02-27 12:45:08.042112 (3057717) main____ INFO      arguments : '-style' 'windows' '-allow_unsupported_OS' '-no_gui' '-fpv' './synthlc/i_MUL_out/xPairwiseDepDiv/exclusive_4_.tcl' '-proj' './synthlc/i_MUL_out/xPairwiseDepDiv/exclusive_4_jgsession_26-02-27-12_45_07'
2026-02-27 12:45:08.042129 (3057717) main____ INFO      locale    : UTF-8
2026-02-27 12:45:08.042139 (3057717) main____ INFO    ----------------------------------------
2026-02-27 12:45:08.042149 (3057717) main____ INFO    System resource limits info:
2026-02-27 12:45:08.042162 (3057717) main____ INFO      virtual memory: unlimited
2026-02-27 12:45:08.042175 (3057717) main____ INFO      cpu time      : unlimited
2026-02-27 12:45:08.042192 (3057717) main____ INFO      processes     : 4096
2026-02-27 12:45:08.042211 (3057717) main____ INFO      stack size    : 8388608 B
2026-02-27 12:45:08.043196 (3057717) main____ INFO      core file size: 0 B
2026-02-27 12:45:08.043210 (3057717) main____ INFO      open files    : 4096
2026-02-27 12:45:08.043223 (3057717) main____ INFO      file size     : unlimited
2026-02-27 12:45:08.043233 (3057717) main____ INFO    ----------------------------------------
2026-02-27 12:45:08.043243 (3057717) main____ INFO    Memory statistics:
2026-02-27 12:45:08.043256 (3057717) main____ INFO      total physical memory  : 98449088 kB
2026-02-27 12:45:08.043268 (3057717) main____ INFO      free physical memory   : 79353668 kB
2026-02-27 12:45:08.043280 (3057717) main____ INFO      committed address space: 1808036 kB
2026-02-27 12:45:08.043290 (3057717) main____ INFO    ----------------------------------------
2026-02-27 12:45:08.044435 (3057717) main____ INFO    Important environment variables:
2026-02-27 12:45:08.045178 (3057717) main____ INFO      CDS_LIC_FILE       : '5280@cadlic0'
2026-02-27 12:45:08.045218 (3057717) main____ INFO      DISPLAY            : 'localhost:12.0'
2026-02-27 12:45:08.045251 (3057717) main____ INFO      JASPER_INSTALL_DIR : '/cad/cadence/jasper_2023.12p001'
2026-02-27 12:45:08.045285 (3057717) main____ INFO      JASPER_KERNEL_CHECK: '1'
2026-02-27 12:45:08.045317 (3057717) main____ INFO      JASPER_OS_CHECK    : '0'
2026-02-27 12:45:08.045351 (3057717) main____ INFO      LANG               : 'zh_TW.UTF-8'
2026-02-27 12:45:08.045379 (3057717) main____ INFO    ----------------------------------------
2026-02-27 12:45:08.046545 (3057717) lic_core INFO    Initializing license system ...
2026-02-27 12:45:08.048518 (3057717) lic_core INFO    ... license system initialized.
2026-02-27 12:45:08.062748 (3057717) lic__man INFO    Claim 'main' for <ui>.
2026-02-27 12:45:08.062800 (3057717) lic_core INFO    (1) checking out 'jasper_interactive' ...
2026-02-27 12:45:08.074854 (3057717) lic_core INFO    ... (1) checkout succeeded
2026-02-27 12:45:08.074927 (3057717) lic__man INFO    Claim 'fpv' for <ui>.
2026-02-27 12:45:08.074950 (3057717) lic_core INFO    (2) checking out 'jasper_fpv' ...
2026-02-27 12:45:08.079031 (3057717) lic_core INFO    ... (2) checkout failed (error: -5) ("FLEXnet ERROR(-5, 0, 0): No such feature exists.")
2026-02-27 12:45:08.079070 (3057717) lic_core INFO    (3) checking out 'jasper_fao' ...
2026-02-27 12:45:08.090044 (3057717) lic_core INFO    ... (3) checkout succeeded
2026-02-27 12:45:08.090957 (3057728) stdio___ INFO    Starting STDIN reader (tty: yes, tty name: '/dev/pts/0')
2026-02-27 12:45:08.091468 (3057717) main____ INFO    Tool inactivity delay is 480000 ms.
2026-02-27 12:45:08.135057 (3057717) session_ INFO    Starting analysis session with session id 'session_0' (launcher: <local>) ...
2026-02-27 12:45:08.136797 (3057717) session_ INFO    Analysis session with session id 'session_0' started (pid: 3057729)
2026-02-27 12:45:09.203905 (3057717) session_ INFO    Analysis session 'session_0' connected to the console (host: 127.0.0.1:54604)
2026-02-27 12:45:12.235793 (3057717) lic__man INFO    Unclaim everything for 'session_0'.
2026-02-27 12:45:12.442528 (3057717) lic__man INFO    Claim 'fpv' for 'session_0'.
2026-02-27 12:45:12.442568 (3057717) lic__man INFO    Claim 'fpv' for 'session_0/prove-0'.
2026-02-27 12:45:13.425837 (3057717) lic__man INFO    Unclaim everything for 'session_0/prove-0'.
2026-02-27 12:45:13.468761 (3057717) main____ INFO    About to exit: request to exit with status 0 received from analysis session 'session_0'
2026-02-27 12:45:13.610716 (3057717) session_ INFO    Analysis session 'session_0' disconnected.
2026-02-27 12:45:13.610886 (3057717) lic__man INFO    Unclaim everything for 'session_0'.
2026-02-27 12:45:13.611080 (3057717) session_ INFO    Process for analysis session 'session_0' has exited with exit status '0'.
2026-02-27 12:45:15.393855 (3057728) stdio___ INFO    STDIN reader requested to stop.
2026-02-27 12:45:15.393900 (3057728) stdio___ INFO    STDIN reader stopped.
2026-02-27 12:45:15.394177 (3057717) lic_core INFO    (1) checkin jasper_interactive
2026-02-27 12:45:15.396681 (3057717) lic_core INFO    (3) checkin jasper_fao
2026-02-27 12:45:15.398231 (3057717) main____ INFO    Exiting with status 0.
