2026-02-26 00:46:02.798819 (3565306) main____ INFO    ----------------------------------------
2026-02-26 00:46:02.798916 (3565306) main____ INFO    Jasper version info
2026-02-26 00:46:02.798932 (3565306) main____ INFO      tool      : Jasper 2023.12
2026-02-26 00:46:02.798947 (3565306) main____ INFO      version   : 2023.12p001 64 bits
2026-02-26 00:46:02.798960 (3565306) main____ INFO      build date: 2024.01.23 16:09:24 UTC
2026-02-26 00:46:02.798970 (3565306) main____ INFO    ----------------------------------------
2026-02-26 00:46:02.798979 (3565306) main____ INFO    Runtime info:
2026-02-26 00:46:02.798990 (3565306) main____ INFO      platform  : Linux 4.18.0-553.89.1.el8_10.x86_64 x86_64
2026-02-26 00:46:02.799009 (3565306) main____ INFO      hostname  : caddy15.stanford.edu
2026-02-26 00:46:02.799024 (3565306) main____ INFO      pid       : 3565306
2026-02-26 00:46:02.799037 (3565306) main____ INFO      arguments : '-style' 'windows' '-allow_unsupported_OS' '-no_gui' '-fpv' './synthlc/i_ADDI_out/xPairwiseDepDiv/exclusive_5_.tcl' '-proj' './synthlc/i_ADDI_out/xPairwiseDepDiv/exclusive_5_jgsession_26-02-26-00_46_02'
2026-02-26 00:46:02.799054 (3565306) main____ INFO      locale    : UTF-8
2026-02-26 00:46:02.799064 (3565306) main____ INFO    ----------------------------------------
2026-02-26 00:46:02.799073 (3565306) main____ INFO    System resource limits info:
2026-02-26 00:46:02.799086 (3565306) main____ INFO      virtual memory: unlimited
2026-02-26 00:46:02.799098 (3565306) main____ INFO      cpu time      : unlimited
2026-02-26 00:46:02.799117 (3565306) main____ INFO      processes     : 4096
2026-02-26 00:46:02.799138 (3565306) main____ INFO      stack size    : 8388608 B
2026-02-26 00:46:02.799152 (3565306) main____ INFO      core file size: 0 B
2026-02-26 00:46:02.799166 (3565306) main____ INFO      open files    : 4096
2026-02-26 00:46:02.799178 (3565306) main____ INFO      file size     : unlimited
2026-02-26 00:46:02.799187 (3565306) main____ INFO    ----------------------------------------
2026-02-26 00:46:02.799196 (3565306) main____ INFO    Memory statistics:
2026-02-26 00:46:02.799208 (3565306) main____ INFO      total physical memory  : 98449092 kB
2026-02-26 00:46:02.799219 (3565306) main____ INFO      free physical memory   : 77371420 kB
2026-02-26 00:46:02.799231 (3565306) main____ INFO      committed address space: 6547136 kB
2026-02-26 00:46:02.799240 (3565306) main____ INFO    ----------------------------------------
2026-02-26 00:46:02.800421 (3565306) main____ INFO    Important environment variables:
2026-02-26 00:46:02.800449 (3565306) main____ INFO      CDS_LIC_FILE       : '5280@cadlic0'
2026-02-26 00:46:02.800461 (3565306) main____ INFO      JASPER_INSTALL_DIR : '/cad/cadence/jasper_2023.12p001'
2026-02-26 00:46:02.800473 (3565306) main____ INFO      JASPER_KERNEL_CHECK: '1'
2026-02-26 00:46:02.800485 (3565306) main____ INFO      JASPER_OS_CHECK    : '0'
2026-02-26 00:46:02.800497 (3565306) main____ INFO      LANG               : 'en_US.UTF-8'
2026-02-26 00:46:02.800506 (3565306) main____ INFO    ----------------------------------------
2026-02-26 00:46:02.808500 (3565306) lic_core INFO    Initializing license system ...
2026-02-26 00:46:02.842635 (3565306) lic_core INFO    ... license system initialized.
2026-02-26 00:46:02.969633 (3565306) lic__man INFO    Claim 'main' for <ui>.
2026-02-26 00:46:02.969697 (3565306) lic_core INFO    (1) checking out 'jasper_interactive' ...
2026-02-26 00:46:03.058647 (3565306) lic_core INFO    ... (1) checkout succeeded
2026-02-26 00:46:03.058755 (3565306) lic__man INFO    Claim 'fpv' for <ui>.
2026-02-26 00:46:03.058785 (3565306) lic_core INFO    (2) checking out 'jasper_fpv' ...
2026-02-26 00:46:03.114794 (3565306) lic_core INFO    ... (2) checkout failed (error: -5) ("FLEXnet ERROR(-5, 0, 0): No such feature exists.")
2026-02-26 00:46:03.114850 (3565306) lic_core INFO    (3) checking out 'jasper_fao' ...
2026-02-26 00:46:03.188592 (3565306) lic_core INFO    ... (3) checkout succeeded
2026-02-26 00:46:03.202268 (3565306) main____ INFO    Tool inactivity delay is 480000 ms.
2026-02-26 00:46:03.215685 (3565468) stdio___ INFO    Starting STDIN reader (tty: yes, tty name: '/dev/pts/0')
2026-02-26 00:46:03.568464 (3565306) session_ INFO    Starting analysis session with session id 'session_0' (launcher: <local>) ...
2026-02-26 00:46:03.570469 (3565306) session_ INFO    Analysis session with session id 'session_0' started (pid: 3565489)
2026-02-26 00:46:06.733011 (3565306) session_ INFO    Analysis session 'session_0' connected to the console (host: 127.0.0.1:42918)
2026-02-26 00:46:15.422541 (3565306) lic__man INFO    Unclaim everything for 'session_0'.
2026-02-26 00:46:15.712387 (3565306) lic__man INFO    Claim 'fpv' for 'session_0'.
2026-02-26 00:46:15.712430 (3565306) lic__man INFO    Claim 'fpv' for 'session_0/prove-0'.
2026-02-26 00:46:17.308924 (3565306) lic__man INFO    Unclaim everything for 'session_0/prove-0'.
2026-02-26 00:46:17.312521 (3565306) main____ INFO    About to exit: request to exit with status 0 received from analysis session 'session_0'
2026-02-26 00:46:17.523997 (3565306) session_ INFO    Analysis session 'session_0' disconnected.
2026-02-26 00:46:17.524150 (3565306) lic__man INFO    Unclaim everything for 'session_0'.
2026-02-26 00:46:17.524470 (3565306) session_ INFO    Process for analysis session 'session_0' has exited with exit status '0'.
2026-02-26 00:46:19.413051 (3565468) stdio___ INFO    STDIN reader requested to stop.
2026-02-26 00:46:19.413115 (3565468) stdio___ INFO    STDIN reader stopped.
2026-02-26 00:46:19.414537 (3565306) lic_core INFO    (1) checkin jasper_interactive
2026-02-26 00:46:19.418529 (3565306) lic_core INFO    (3) checkin jasper_fao
2026-02-26 00:46:19.455342 (3565306) main____ INFO    Exiting with status 0.
