2026-02-26 03:20:10.426850 (3674469) main____ INFO    ----------------------------------------
2026-02-26 03:20:10.426934 (3674469) main____ INFO    Jasper version info
2026-02-26 03:20:10.426951 (3674469) main____ INFO      tool      : Jasper 2023.12
2026-02-26 03:20:10.426968 (3674469) main____ INFO      version   : 2023.12p001 64 bits
2026-02-26 03:20:10.426983 (3674469) main____ INFO      build date: 2024.01.23 16:09:24 UTC
2026-02-26 03:20:10.426994 (3674469) main____ INFO    ----------------------------------------
2026-02-26 03:20:10.427004 (3674469) main____ INFO    Runtime info:
2026-02-26 03:20:10.427016 (3674469) main____ INFO      platform  : Linux 4.18.0-553.89.1.el8_10.x86_64 x86_64
2026-02-26 03:20:10.427035 (3674469) main____ INFO      hostname  : caddy15.stanford.edu
2026-02-26 03:20:10.427055 (3674469) main____ INFO      pid       : 3674469
2026-02-26 03:20:10.427068 (3674469) main____ INFO      arguments : '-style' 'windows' '-allow_unsupported_OS' '-no_gui' '-fpv' './synthlc/i_ADDI_out/xPairwiseDepDiv/exclusive_301_.tcl' '-proj' './synthlc/i_ADDI_out/xPairwiseDepDiv/exclusive_301_jgsession_26-02-26-03_20_10'
2026-02-26 03:20:10.427090 (3674469) main____ INFO      locale    : UTF-8
2026-02-26 03:20:10.427102 (3674469) main____ INFO    ----------------------------------------
2026-02-26 03:20:10.427112 (3674469) main____ INFO    System resource limits info:
2026-02-26 03:20:10.427125 (3674469) main____ INFO      virtual memory: unlimited
2026-02-26 03:20:10.427139 (3674469) main____ INFO      cpu time      : unlimited
2026-02-26 03:20:10.427158 (3674469) main____ INFO      processes     : 4096
2026-02-26 03:20:10.427178 (3674469) main____ INFO      stack size    : 8388608 B
2026-02-26 03:20:10.427194 (3674469) main____ INFO      core file size: 0 B
2026-02-26 03:20:10.427209 (3674469) main____ INFO      open files    : 4096
2026-02-26 03:20:10.427222 (3674469) main____ INFO      file size     : unlimited
2026-02-26 03:20:10.427233 (3674469) main____ INFO    ----------------------------------------
2026-02-26 03:20:10.427243 (3674469) main____ INFO    Memory statistics:
2026-02-26 03:20:10.427255 (3674469) main____ INFO      total physical memory  : 98449092 kB
2026-02-26 03:20:10.427268 (3674469) main____ INFO      free physical memory   : 80271508 kB
2026-02-26 03:20:10.427281 (3674469) main____ INFO      committed address space: 2331332 kB
2026-02-26 03:20:10.427291 (3674469) main____ INFO    ----------------------------------------
2026-02-26 03:20:10.428489 (3674469) main____ INFO    Important environment variables:
2026-02-26 03:20:10.428520 (3674469) main____ INFO      CDS_LIC_FILE       : '5280@cadlic0'
2026-02-26 03:20:10.428535 (3674469) main____ INFO      JASPER_INSTALL_DIR : '/cad/cadence/jasper_2023.12p001'
2026-02-26 03:20:10.428548 (3674469) main____ INFO      JASPER_KERNEL_CHECK: '1'
2026-02-26 03:20:10.428562 (3674469) main____ INFO      JASPER_OS_CHECK    : '0'
2026-02-26 03:20:10.428575 (3674469) main____ INFO      LANG               : 'en_US.UTF-8'
2026-02-26 03:20:10.428587 (3674469) main____ INFO    ----------------------------------------
2026-02-26 03:20:10.429794 (3674469) lic_core INFO    Initializing license system ...
2026-02-26 03:20:10.431494 (3674469) lic_core INFO    ... license system initialized.
2026-02-26 03:20:10.442666 (3674469) lic__man INFO    Claim 'main' for <ui>.
2026-02-26 03:20:10.442727 (3674469) lic_core INFO    (1) checking out 'jasper_interactive' ...
2026-02-26 03:20:10.455317 (3674469) lic_core INFO    ... (1) checkout succeeded
2026-02-26 03:20:10.455399 (3674469) lic__man INFO    Claim 'fpv' for <ui>.
2026-02-26 03:20:10.455426 (3674469) lic_core INFO    (2) checking out 'jasper_fpv' ...
2026-02-26 03:20:10.459297 (3674469) lic_core INFO    ... (2) checkout failed (error: -5) ("FLEXnet ERROR(-5, 0, 0): No such feature exists.")
2026-02-26 03:20:10.459349 (3674469) lic_core INFO    (3) checking out 'jasper_fao' ...
2026-02-26 03:20:10.469843 (3674469) lic_core INFO    ... (3) checkout succeeded
2026-02-26 03:20:10.470981 (3674494) stdio___ INFO    Starting STDIN reader (tty: yes, tty name: '/dev/pts/0')
2026-02-26 03:20:10.471148 (3674469) main____ INFO    Tool inactivity delay is 480000 ms.
2026-02-26 03:20:10.512413 (3674469) session_ INFO    Starting analysis session with session id 'session_0' (launcher: <local>) ...
2026-02-26 03:20:10.514203 (3674469) session_ INFO    Analysis session with session id 'session_0' started (pid: 3674495)
2026-02-26 03:20:11.645728 (3674469) session_ INFO    Analysis session 'session_0' connected to the console (host: 127.0.0.1:46500)
2026-02-26 03:20:14.791968 (3674469) lic__man INFO    Unclaim everything for 'session_0'.
2026-02-26 03:20:15.207511 (3674469) lic__man INFO    Claim 'fpv' for 'session_0'.
2026-02-26 03:20:15.207556 (3674469) lic__man INFO    Claim 'fpv' for 'session_0/prove-0'.
2026-02-26 03:21:03.693650 (3674469) lic__man INFO    Unclaim everything for 'session_0/prove-0'.
2026-02-26 03:21:03.764466 (3674469) main____ INFO    About to exit: request to exit with status 0 received from analysis session 'session_0'
2026-02-26 03:21:04.144646 (3674469) session_ INFO    Analysis session 'session_0' disconnected.
2026-02-26 03:21:04.144782 (3674469) lic__man INFO    Unclaim everything for 'session_0'.
2026-02-26 03:21:04.144961 (3674469) session_ INFO    Process for analysis session 'session_0' has exited with exit status '0'.
2026-02-26 03:21:05.871950 (3674494) stdio___ INFO    STDIN reader requested to stop.
2026-02-26 03:21:05.872001 (3674494) stdio___ INFO    STDIN reader stopped.
2026-02-26 03:21:05.872275 (3674469) lic_core INFO    (1) checkin jasper_interactive
2026-02-26 03:21:05.890802 (3674469) lic_core INFO    (3) checkin jasper_fao
2026-02-26 03:21:05.898811 (3674469) main____ INFO    Exiting with status 0.
