2026-02-27 15:56:49.084536 (3177448) main____ INFO    ----------------------------------------
2026-02-27 15:56:49.084608 (3177448) main____ INFO    Jasper version info
2026-02-27 15:56:49.084624 (3177448) main____ INFO      tool      : Jasper 2023.12
2026-02-27 15:56:49.084640 (3177448) main____ INFO      version   : 2023.12p001 64 bits
2026-02-27 15:56:49.084653 (3177448) main____ INFO      build date: 2024.01.23 16:09:24 UTC
2026-02-27 15:56:49.084688 (3177448) main____ INFO    ----------------------------------------
2026-02-27 15:56:49.084698 (3177448) main____ INFO    Runtime info:
2026-02-27 15:56:49.084710 (3177448) main____ INFO      platform  : Linux 4.18.0-553.89.1.el8_10.x86_64 x86_64
2026-02-27 15:56:49.084728 (3177448) main____ INFO      hostname  : caddy12.stanford.edu
2026-02-27 15:56:49.084743 (3177448) main____ INFO      pid       : 3177448
2026-02-27 15:56:49.084755 (3177448) main____ INFO      arguments : '-style' 'windows' '-allow_unsupported_OS' '-no_gui' '-fpv' './synthlc/i_DIV_out/xPerfLocSubsetDiv/coverset_23_.tcl' '-proj' './synthlc/i_DIV_out/xPerfLocSubsetDiv/coverset_23_jgsession_26-02-27-15_56_48'
2026-02-27 15:56:49.084771 (3177448) main____ INFO      locale    : UTF-8
2026-02-27 15:56:49.084781 (3177448) main____ INFO    ----------------------------------------
2026-02-27 15:56:49.084791 (3177448) main____ INFO    System resource limits info:
2026-02-27 15:56:49.084803 (3177448) main____ INFO      virtual memory: unlimited
2026-02-27 15:56:49.084816 (3177448) main____ INFO      cpu time      : unlimited
2026-02-27 15:56:49.084833 (3177448) main____ INFO      processes     : 4096
2026-02-27 15:56:49.084851 (3177448) main____ INFO      stack size    : 8388608 B
2026-02-27 15:56:49.084866 (3177448) main____ INFO      core file size: 0 B
2026-02-27 15:56:49.084879 (3177448) main____ INFO      open files    : 4096
2026-02-27 15:56:49.084891 (3177448) main____ INFO      file size     : unlimited
2026-02-27 15:56:49.084902 (3177448) main____ INFO    ----------------------------------------
2026-02-27 15:56:49.084911 (3177448) main____ INFO    Memory statistics:
2026-02-27 15:56:49.084923 (3177448) main____ INFO      total physical memory  : 98449088 kB
2026-02-27 15:56:49.084935 (3177448) main____ INFO      free physical memory   : 78758368 kB
2026-02-27 15:56:49.084947 (3177448) main____ INFO      committed address space: 2539600 kB
2026-02-27 15:56:49.084957 (3177448) main____ INFO    ----------------------------------------
2026-02-27 15:56:49.086130 (3177448) main____ INFO    Important environment variables:
2026-02-27 15:56:49.094139 (3177448) main____ INFO      CDS_LIC_FILE       : '5280@cadlic0'
2026-02-27 15:56:49.094158 (3177448) main____ INFO      DISPLAY            : 'localhost:12.0'
2026-02-27 15:56:49.094170 (3177448) main____ INFO      JASPER_INSTALL_DIR : '/cad/cadence/jasper_2023.12p001'
2026-02-27 15:56:49.094183 (3177448) main____ INFO      JASPER_KERNEL_CHECK: '1'
2026-02-27 15:56:49.094195 (3177448) main____ INFO      JASPER_OS_CHECK    : '0'
2026-02-27 15:56:49.094208 (3177448) main____ INFO      LANG               : 'zh_TW.UTF-8'
2026-02-27 15:56:49.094218 (3177448) main____ INFO    ----------------------------------------
2026-02-27 15:56:49.095353 (3177448) lic_core INFO    Initializing license system ...
2026-02-27 15:56:49.097915 (3177448) lic_core INFO    ... license system initialized.
2026-02-27 15:56:49.160406 (3177448) lic__man INFO    Claim 'main' for <ui>.
2026-02-27 15:56:49.160455 (3177448) lic_core INFO    (1) checking out 'jasper_interactive' ...
2026-02-27 15:56:49.172701 (3177448) lic_core INFO    ... (1) checkout succeeded
2026-02-27 15:56:49.172764 (3177448) lic__man INFO    Claim 'fpv' for <ui>.
2026-02-27 15:56:49.172787 (3177448) lic_core INFO    (2) checking out 'jasper_fpv' ...
2026-02-27 15:56:49.176811 (3177448) lic_core INFO    ... (2) checkout failed (error: -5) ("FLEXnet ERROR(-5, 0, 0): No such feature exists.")
2026-02-27 15:56:49.176843 (3177448) lic_core INFO    (3) checking out 'jasper_fao' ...
2026-02-27 15:56:49.187950 (3177448) lic_core INFO    ... (3) checkout succeeded
2026-02-27 15:56:49.189221 (3177464) stdio___ INFO    Starting STDIN reader (tty: yes, tty name: '/dev/pts/0')
2026-02-27 15:56:49.198186 (3177448) main____ INFO    Tool inactivity delay is 480000 ms.
2026-02-27 15:56:49.316023 (3177448) session_ INFO    Starting analysis session with session id 'session_0' (launcher: <local>) ...
2026-02-27 15:56:49.317826 (3177448) session_ INFO    Analysis session with session id 'session_0' started (pid: 3177467)
2026-02-27 15:56:50.598771 (3177448) session_ INFO    Analysis session 'session_0' connected to the console (host: 127.0.0.1:56242)
2026-02-27 15:56:54.407885 (3177448) lic__man INFO    Unclaim everything for 'session_0'.
2026-02-27 15:56:54.676588 (3177448) lic__man INFO    Claim 'fpv' for 'session_0'.
2026-02-27 15:56:54.676630 (3177448) lic__man INFO    Claim 'fpv' for 'session_0/prove-0'.
2026-02-27 15:56:57.680891 (3177448) lic__man INFO    Unclaim everything for 'session_0/prove-0'.
2026-02-27 15:56:57.721846 (3177448) main____ INFO    About to exit: request to exit with status 0 received from analysis session 'session_0'
2026-02-27 15:56:57.856469 (3177448) session_ INFO    Analysis session 'session_0' disconnected.
2026-02-27 15:56:57.856685 (3177448) lic__man INFO    Unclaim everything for 'session_0'.
2026-02-27 15:56:57.856891 (3177448) session_ INFO    Process for analysis session 'session_0' has exited with exit status '0'.
2026-02-27 15:56:59.829601 (3177464) stdio___ INFO    STDIN reader requested to stop.
2026-02-27 15:56:59.829652 (3177464) stdio___ INFO    STDIN reader stopped.
2026-02-27 15:56:59.829893 (3177448) lic_core INFO    (1) checkin jasper_interactive
2026-02-27 15:56:59.830898 (3177448) lic_core INFO    (3) checkin jasper_fao
2026-02-27 15:56:59.832926 (3177448) main____ INFO    Exiting with status 0.
