2026-02-25 17:11:20.563771 (3359140) main____ INFO    ----------------------------------------
2026-02-25 17:11:20.563861 (3359140) main____ INFO    Jasper version info
2026-02-25 17:11:20.563877 (3359140) main____ INFO      tool      : Jasper 2023.12
2026-02-25 17:11:20.563893 (3359140) main____ INFO      version   : 2023.12p001 64 bits
2026-02-25 17:11:20.563907 (3359140) main____ INFO      build date: 2024.01.23 16:09:24 UTC
2026-02-25 17:11:20.563917 (3359140) main____ INFO    ----------------------------------------
2026-02-25 17:11:20.563926 (3359140) main____ INFO    Runtime info:
2026-02-25 17:11:20.563937 (3359140) main____ INFO      platform  : Linux 4.18.0-553.89.1.el8_10.x86_64 x86_64
2026-02-25 17:11:20.563957 (3359140) main____ INFO      hostname  : caddy15.stanford.edu
2026-02-25 17:11:20.563972 (3359140) main____ INFO      pid       : 3359140
2026-02-25 17:11:20.563984 (3359140) main____ INFO      arguments : '-style' 'windows' '-allow_unsupported_OS' '-no_gui' '-fpv' './synthlc/i_DIV_out/xPerfLocCycleCount/cycle_count_wb_stage_s1_.tcl' '-proj' './synthlc/i_DIV_out/xPerfLocCycleCount/cycle_count_wb_stage_s1_jgsession_26-02-25-17_11_20'
2026-02-25 17:11:20.564001 (3359140) main____ INFO      locale    : UTF-8
2026-02-25 17:11:20.564011 (3359140) main____ INFO    ----------------------------------------
2026-02-25 17:11:20.564021 (3359140) main____ INFO    System resource limits info:
2026-02-25 17:11:20.564034 (3359140) main____ INFO      virtual memory: unlimited
2026-02-25 17:11:20.564046 (3359140) main____ INFO      cpu time      : unlimited
2026-02-25 17:11:20.564064 (3359140) main____ INFO      processes     : 4096
2026-02-25 17:11:20.564084 (3359140) main____ INFO      stack size    : 8388608 B
2026-02-25 17:11:20.564099 (3359140) main____ INFO      core file size: 0 B
2026-02-25 17:11:20.564112 (3359140) main____ INFO      open files    : 4096
2026-02-25 17:11:20.564124 (3359140) main____ INFO      file size     : unlimited
2026-02-25 17:11:20.564134 (3359140) main____ INFO    ----------------------------------------
2026-02-25 17:11:20.564144 (3359140) main____ INFO    Memory statistics:
2026-02-25 17:11:20.564156 (3359140) main____ INFO      total physical memory  : 98449092 kB
2026-02-25 17:11:20.564167 (3359140) main____ INFO      free physical memory   : 74968596 kB
2026-02-25 17:11:20.564179 (3359140) main____ INFO      committed address space: 8704644 kB
2026-02-25 17:11:20.564189 (3359140) main____ INFO    ----------------------------------------
2026-02-25 17:11:20.565399 (3359140) main____ INFO    Important environment variables:
2026-02-25 17:11:20.565434 (3359140) main____ INFO      CDS_LIC_FILE       : '5280@cadlic0'
2026-02-25 17:11:20.565447 (3359140) main____ INFO      JASPER_INSTALL_DIR : '/cad/cadence/jasper_2023.12p001'
2026-02-25 17:11:20.565460 (3359140) main____ INFO      JASPER_KERNEL_CHECK: '1'
2026-02-25 17:11:20.565472 (3359140) main____ INFO      JASPER_OS_CHECK    : '0'
2026-02-25 17:11:20.565484 (3359140) main____ INFO      LANG               : 'en_US.UTF-8'
2026-02-25 17:11:20.565494 (3359140) main____ INFO    ----------------------------------------
2026-02-25 17:11:20.566671 (3359140) lic_core INFO    Initializing license system ...
2026-02-25 17:11:20.570228 (3359140) lic_core INFO    ... license system initialized.
2026-02-25 17:11:20.580489 (3359140) lic__man INFO    Claim 'main' for <ui>.
2026-02-25 17:11:20.580558 (3359140) lic_core INFO    (1) checking out 'jasper_interactive' ...
2026-02-25 17:11:20.593058 (3359140) lic_core INFO    ... (1) checkout succeeded
2026-02-25 17:11:20.593163 (3359140) lic__man INFO    Claim 'fpv' for <ui>.
2026-02-25 17:11:20.593193 (3359140) lic_core INFO    (2) checking out 'jasper_fpv' ...
2026-02-25 17:11:20.597249 (3359140) lic_core INFO    ... (2) checkout failed (error: -5) ("FLEXnet ERROR(-5, 0, 0): No such feature exists.")
2026-02-25 17:11:20.597319 (3359140) lic_core INFO    (3) checking out 'jasper_fao' ...
2026-02-25 17:11:20.608570 (3359140) lic_core INFO    ... (3) checkout succeeded
2026-02-25 17:11:20.611968 (3359151) stdio___ INFO    Starting STDIN reader (tty: yes, tty name: '/dev/pts/0')
2026-02-25 17:11:20.612106 (3359140) main____ INFO    Tool inactivity delay is 480000 ms.
2026-02-25 17:11:20.652201 (3359140) session_ INFO    Starting analysis session with session id 'session_0' (launcher: <local>) ...
2026-02-25 17:11:20.654368 (3359140) session_ INFO    Analysis session with session id 'session_0' started (pid: 3359152)
2026-02-25 17:11:21.888980 (3359140) session_ INFO    Analysis session 'session_0' connected to the console (host: 127.0.0.1:41790)
2026-02-25 17:11:25.294426 (3359140) lic__man INFO    Unclaim everything for 'session_0'.
2026-02-25 17:11:25.528008 (3359140) lic__man INFO    Claim 'fpv' for 'session_0'.
2026-02-25 17:11:25.528051 (3359140) lic__man INFO    Claim 'fpv' for 'session_0/prove-0'.
2026-02-25 17:14:35.029594 (3359140) lic__man INFO    Unclaim everything for 'session_0/prove-0'.
2026-02-25 17:14:35.047011 (3359140) lic__man INFO    Claim 'fpv' for 'session_0'.
2026-02-25 17:14:35.047048 (3359140) lic__man INFO    Claim 'fpv' for 'session_0/prove-1'.
2026-02-25 17:17:45.356560 (3359140) lic__man INFO    Unclaim everything for 'session_0/prove-1'.
2026-02-25 17:17:45.367738 (3359140) lic__man INFO    Claim 'fpv' for 'session_0'.
2026-02-25 17:17:45.367775 (3359140) lic__man INFO    Claim 'fpv' for 'session_0/prove-2'.
2026-02-25 17:20:51.562236 (3359140) lic__man INFO    Unclaim everything for 'session_0/prove-2'.
2026-02-25 17:20:51.571775 (3359140) lic__man INFO    Claim 'fpv' for 'session_0'.
2026-02-25 17:20:51.571806 (3359140) lic__man INFO    Claim 'fpv' for 'session_0/prove-3'.
2026-02-25 17:24:02.492057 (3359140) lic__man INFO    Unclaim everything for 'session_0/prove-3'.
2026-02-25 17:24:02.502610 (3359140) lic__man INFO    Claim 'fpv' for 'session_0'.
2026-02-25 17:24:02.502666 (3359140) lic__man INFO    Claim 'fpv' for 'session_0/prove-4'.
2026-02-25 17:24:03.340898 (3359140) lic__man INFO    Unclaim everything for 'session_0/prove-4'.
2026-02-25 17:24:03.341425 (3359140) lic__man INFO    Claim 'fpv' for 'session_0'.
2026-02-25 17:24:03.341450 (3359140) lic__man INFO    Claim 'fpv' for 'session_0/prove-5'.
2026-02-25 17:27:11.252024 (3359140) lic__man INFO    Unclaim everything for 'session_0/prove-5'.
2026-02-25 17:27:11.303476 (3359140) main____ INFO    About to exit: request to exit with status 0 received from analysis session 'session_0'
2026-02-25 17:27:11.446447 (3359140) session_ INFO    Analysis session 'session_0' disconnected.
2026-02-25 17:27:11.446614 (3359140) lic__man INFO    Unclaim everything for 'session_0'.
2026-02-25 17:27:11.447762 (3359140) session_ INFO    Process for analysis session 'session_0' has exited with exit status '0'.
2026-02-25 17:27:13.405228 (3359151) stdio___ INFO    STDIN reader requested to stop.
2026-02-25 17:27:13.405290 (3359151) stdio___ INFO    STDIN reader stopped.
2026-02-25 17:27:13.405573 (3359140) lic_core INFO    (1) checkin jasper_interactive
2026-02-25 17:27:13.406733 (3359140) lic_core INFO    (3) checkin jasper_fao
2026-02-25 17:27:13.407811 (3359140) main____ INFO    Exiting with status 0.
