2026-03-02 01:59:13.858877 (485901) main____ INFO    ----------------------------------------
2026-03-02 01:59:13.858971 (485901) main____ INFO    Jasper version info
2026-03-02 01:59:13.858989 (485901) main____ INFO      tool      : Jasper 2023.12
2026-03-02 01:59:13.859006 (485901) main____ INFO      version   : 2023.12p001 64 bits
2026-03-02 01:59:13.859029 (485901) main____ INFO      build date: 2024.01.23 16:09:24 UTC
2026-03-02 01:59:13.859040 (485901) main____ INFO    ----------------------------------------
2026-03-02 01:59:13.859050 (485901) main____ INFO    Runtime info:
2026-03-02 01:59:13.859062 (485901) main____ INFO      platform  : Linux 4.18.0-553.89.1.el8_10.x86_64 x86_64
2026-03-02 01:59:13.859081 (485901) main____ INFO      hostname  : caddy12.stanford.edu
2026-03-02 01:59:13.859097 (485901) main____ INFO      pid       : 485901
2026-03-02 01:59:13.859108 (485901) main____ INFO      arguments : '-style' 'windows' '-allow_unsupported_OS' '-no_gui' '-fpv' './synthlc/i_MUL_out/xPerfLocCycleCount/cycle_count_div_fsm_s10_.tcl' '-proj' './synthlc/i_MUL_out/xPerfLocCycleCount/cycle_count_div_fsm_s10_jgsession_26-03-02-01_59_13'
2026-03-02 01:59:13.859126 (485901) main____ INFO      locale    : UTF-8
2026-03-02 01:59:13.859137 (485901) main____ INFO    ----------------------------------------
2026-03-02 01:59:13.859147 (485901) main____ INFO    System resource limits info:
2026-03-02 01:59:13.859160 (485901) main____ INFO      virtual memory: unlimited
2026-03-02 01:59:13.859172 (485901) main____ INFO      cpu time      : unlimited
2026-03-02 01:59:13.859191 (485901) main____ INFO      processes     : 4096
2026-03-02 01:59:13.859211 (485901) main____ INFO      stack size    : 8388608 B
2026-03-02 01:59:13.860228 (485901) main____ INFO      core file size: 0 B
2026-03-02 01:59:13.860247 (485901) main____ INFO      open files    : 4096
2026-03-02 01:59:13.860259 (485901) main____ INFO      file size     : unlimited
2026-03-02 01:59:13.860270 (485901) main____ INFO    ----------------------------------------
2026-03-02 01:59:13.860280 (485901) main____ INFO    Memory statistics:
2026-03-02 01:59:13.860292 (485901) main____ INFO      total physical memory  : 98449088 kB
2026-03-02 01:59:13.860304 (485901) main____ INFO      free physical memory   : 81703240 kB
2026-03-02 01:59:13.860316 (485901) main____ INFO      committed address space: 13629600 kB
2026-03-02 01:59:13.860326 (485901) main____ INFO    ----------------------------------------
2026-03-02 01:59:13.861535 (485901) main____ INFO    Important environment variables:
2026-03-02 01:59:13.862064 (485901) main____ INFO      CDS_LIC_FILE       : '5280@cadlic0'
2026-03-02 01:59:13.862081 (485901) main____ INFO      DISPLAY            : 'localhost:12.0'
2026-03-02 01:59:13.862094 (485901) main____ INFO      JASPER_INSTALL_DIR : '/cad/cadence/jasper_2023.12p001'
2026-03-02 01:59:13.862108 (485901) main____ INFO      JASPER_KERNEL_CHECK: '1'
2026-03-02 01:59:13.862120 (485901) main____ INFO      JASPER_OS_CHECK    : '0'
2026-03-02 01:59:13.862133 (485901) main____ INFO      LANG               : 'zh_TW.UTF-8'
2026-03-02 01:59:13.862143 (485901) main____ INFO    ----------------------------------------
2026-03-02 01:59:13.863285 (485901) lic_core INFO    Initializing license system ...
2026-03-02 01:59:13.865837 (485901) lic_core INFO    ... license system initialized.
2026-03-02 01:59:13.877285 (485901) lic__man INFO    Claim 'main' for <ui>.
2026-03-02 01:59:13.877351 (485901) lic_core INFO    (1) checking out 'jasper_interactive' ...
2026-03-02 01:59:13.894558 (485901) lic_core INFO    ... (1) checkout succeeded
2026-03-02 01:59:13.894696 (485901) lic__man INFO    Claim 'fpv' for <ui>.
2026-03-02 01:59:13.894728 (485901) lic_core INFO    (2) checking out 'jasper_fpv' ...
2026-03-02 01:59:13.899002 (485901) lic_core INFO    ... (2) checkout failed (error: -5) ("FLEXnet ERROR(-5, 0, 0): No such feature exists.")
2026-03-02 01:59:13.899071 (485901) lic_core INFO    (3) checking out 'jasper_fao' ...
2026-03-02 01:59:13.910102 (485901) lic_core INFO    ... (3) checkout succeeded
2026-03-02 01:59:13.912645 (485912) stdio___ INFO    Starting STDIN reader (tty: yes, tty name: '/dev/pts/0')
2026-03-02 01:59:13.912797 (485901) main____ INFO    Tool inactivity delay is 480000 ms.
2026-03-02 01:59:13.959863 (485901) session_ INFO    Starting analysis session with session id 'session_0' (launcher: <local>) ...
2026-03-02 01:59:13.961963 (485901) session_ INFO    Analysis session with session id 'session_0' started (pid: 485913)
2026-03-02 01:59:15.101194 (485901) session_ INFO    Analysis session 'session_0' connected to the console (host: 127.0.0.1:56756)
2026-03-02 01:59:18.476357 (485901) lic__man INFO    Unclaim everything for 'session_0'.
2026-03-02 01:59:18.704949 (485901) lic__man INFO    Claim 'fpv' for 'session_0'.
2026-03-02 01:59:18.705013 (485901) lic__man INFO    Claim 'fpv' for 'session_0/prove-0'.
2026-03-02 01:59:26.103070 (485901) lic__man INFO    Unclaim everything for 'session_0/prove-0'.
2026-03-02 01:59:26.130368 (485901) lic__man INFO    Claim 'fpv' for 'session_0'.
2026-03-02 01:59:26.130411 (485901) lic__man INFO    Claim 'fpv' for 'session_0/prove-1'.
2026-03-02 01:59:33.867464 (485901) lic__man INFO    Unclaim everything for 'session_0/prove-1'.
2026-03-02 01:59:33.899877 (485901) lic__man INFO    Claim 'fpv' for 'session_0'.
2026-03-02 01:59:33.899920 (485901) lic__man INFO    Claim 'fpv' for 'session_0/prove-2'.
2026-03-02 01:59:43.279786 (485901) lic__man INFO    Unclaim everything for 'session_0/prove-2'.
2026-03-02 01:59:43.310560 (485901) lic__man INFO    Claim 'fpv' for 'session_0'.
2026-03-02 01:59:43.310610 (485901) lic__man INFO    Claim 'fpv' for 'session_0/prove-3'.
2026-03-02 01:59:54.289468 (485901) lic__man INFO    Unclaim everything for 'session_0/prove-3'.
2026-03-02 01:59:54.325054 (485901) lic__man INFO    Claim 'fpv' for 'session_0'.
2026-03-02 01:59:54.325095 (485901) lic__man INFO    Claim 'fpv' for 'session_0/prove-4'.
2026-03-02 02:00:05.654618 (485901) lic__man INFO    Unclaim everything for 'session_0/prove-4'.
2026-03-02 02:00:05.692205 (485901) lic__man INFO    Claim 'fpv' for 'session_0'.
2026-03-02 02:00:05.692251 (485901) lic__man INFO    Claim 'fpv' for 'session_0/prove-5'.
2026-03-02 02:00:23.620716 (485901) lic__man INFO    Unclaim everything for 'session_0/prove-5'.
2026-03-02 02:00:23.654347 (485901) lic__man INFO    Claim 'fpv' for 'session_0'.
2026-03-02 02:00:23.654396 (485901) lic__man INFO    Claim 'fpv' for 'session_0/prove-6'.
2026-03-02 02:00:41.893856 (485901) lic__man INFO    Unclaim everything for 'session_0/prove-6'.
2026-03-02 02:00:41.907884 (485901) main____ INFO    About to exit: request to exit with status 0 received from analysis session 'session_0'
2026-03-02 02:00:42.059902 (485901) session_ INFO    Analysis session 'session_0' disconnected.
2026-03-02 02:00:42.060071 (485901) lic__man INFO    Unclaim everything for 'session_0'.
2026-03-02 02:00:42.060364 (485901) session_ INFO    Process for analysis session 'session_0' has exited with exit status '0'.
2026-03-02 02:00:43.894222 (485912) stdio___ INFO    STDIN reader requested to stop.
2026-03-02 02:00:43.894284 (485912) stdio___ INFO    STDIN reader stopped.
2026-03-02 02:00:43.894589 (485901) lic_core INFO    (1) checkin jasper_interactive
2026-03-02 02:00:43.897309 (485901) lic_core INFO    (3) checkin jasper_fao
2026-03-02 02:00:43.898916 (485901) main____ INFO    Exiting with status 0.
