2026-02-26 05:31:07.712286 (3761926) main____ INFO    ----------------------------------------
2026-02-26 05:31:07.712367 (3761926) main____ INFO    Jasper version info
2026-02-26 05:31:07.712381 (3761926) main____ INFO      tool      : Jasper 2023.12
2026-02-26 05:31:07.712396 (3761926) main____ INFO      version   : 2023.12p001 64 bits
2026-02-26 05:31:07.712408 (3761926) main____ INFO      build date: 2024.01.23 16:09:24 UTC
2026-02-26 05:31:07.712418 (3761926) main____ INFO    ----------------------------------------
2026-02-26 05:31:07.712427 (3761926) main____ INFO    Runtime info:
2026-02-26 05:31:07.712438 (3761926) main____ INFO      platform  : Linux 4.18.0-553.89.1.el8_10.x86_64 x86_64
2026-02-26 05:31:07.712454 (3761926) main____ INFO      hostname  : caddy15.stanford.edu
2026-02-26 05:31:07.712468 (3761926) main____ INFO      pid       : 3761926
2026-02-26 05:31:07.712479 (3761926) main____ INFO      arguments : '-style' 'windows' '-allow_unsupported_OS' '-no_gui' '-fpv' './synthlc/i_ADDI_out/xPerfLocSubsetDiv/coverset_181_.tcl' '-proj' './synthlc/i_ADDI_out/xPerfLocSubsetDiv/coverset_181_jgsession_26-02-26-05_31_07'
2026-02-26 05:31:07.712493 (3761926) main____ INFO      locale    : UTF-8
2026-02-26 05:31:07.712503 (3761926) main____ INFO    ----------------------------------------
2026-02-26 05:31:07.712512 (3761926) main____ INFO    System resource limits info:
2026-02-26 05:31:07.712524 (3761926) main____ INFO      virtual memory: unlimited
2026-02-26 05:31:07.712536 (3761926) main____ INFO      cpu time      : unlimited
2026-02-26 05:31:07.712552 (3761926) main____ INFO      processes     : 4096
2026-02-26 05:31:07.712569 (3761926) main____ INFO      stack size    : 8388608 B
2026-02-26 05:31:07.712583 (3761926) main____ INFO      core file size: 0 B
2026-02-26 05:31:07.712596 (3761926) main____ INFO      open files    : 4096
2026-02-26 05:31:07.712608 (3761926) main____ INFO      file size     : unlimited
2026-02-26 05:31:07.712617 (3761926) main____ INFO    ----------------------------------------
2026-02-26 05:31:07.712626 (3761926) main____ INFO    Memory statistics:
2026-02-26 05:31:07.712638 (3761926) main____ INFO      total physical memory  : 98449092 kB
2026-02-26 05:31:07.712649 (3761926) main____ INFO      free physical memory   : 80356988 kB
2026-02-26 05:31:07.712660 (3761926) main____ INFO      committed address space: 2015276 kB
2026-02-26 05:31:07.712669 (3761926) main____ INFO    ----------------------------------------
2026-02-26 05:31:07.713792 (3761926) main____ INFO    Important environment variables:
2026-02-26 05:31:07.713815 (3761926) main____ INFO      CDS_LIC_FILE       : '5280@cadlic0'
2026-02-26 05:31:07.713827 (3761926) main____ INFO      JASPER_INSTALL_DIR : '/cad/cadence/jasper_2023.12p001'
2026-02-26 05:31:07.713838 (3761926) main____ INFO      JASPER_KERNEL_CHECK: '1'
2026-02-26 05:31:07.713850 (3761926) main____ INFO      JASPER_OS_CHECK    : '0'
2026-02-26 05:31:07.713862 (3761926) main____ INFO      LANG               : 'en_US.UTF-8'
2026-02-26 05:31:07.713871 (3761926) main____ INFO    ----------------------------------------
2026-02-26 05:31:07.714970 (3761926) lic_core INFO    Initializing license system ...
2026-02-26 05:31:07.716412 (3761926) lic_core INFO    ... license system initialized.
2026-02-26 05:31:07.728108 (3761926) lic__man INFO    Claim 'main' for <ui>.
2026-02-26 05:31:07.728149 (3761926) lic_core INFO    (1) checking out 'jasper_interactive' ...
2026-02-26 05:31:07.740280 (3761926) lic_core INFO    ... (1) checkout succeeded
2026-02-26 05:31:07.740359 (3761926) lic__man INFO    Claim 'fpv' for <ui>.
2026-02-26 05:31:07.740382 (3761926) lic_core INFO    (2) checking out 'jasper_fpv' ...
2026-02-26 05:31:07.744436 (3761926) lic_core INFO    ... (2) checkout failed (error: -5) ("FLEXnet ERROR(-5, 0, 0): No such feature exists.")
2026-02-26 05:31:07.744465 (3761926) lic_core INFO    (3) checking out 'jasper_fao' ...
2026-02-26 05:31:07.755390 (3761926) lic_core INFO    ... (3) checkout succeeded
2026-02-26 05:31:07.756283 (3761937) stdio___ INFO    Starting STDIN reader (tty: yes, tty name: '/dev/pts/0')
2026-02-26 05:31:07.756465 (3761926) main____ INFO    Tool inactivity delay is 480000 ms.
2026-02-26 05:31:07.796928 (3761926) session_ INFO    Starting analysis session with session id 'session_0' (launcher: <local>) ...
2026-02-26 05:31:07.798702 (3761926) session_ INFO    Analysis session with session id 'session_0' started (pid: 3761939)
2026-02-26 05:31:09.026534 (3761926) session_ INFO    Analysis session 'session_0' connected to the console (host: 127.0.0.1:57254)
2026-02-26 05:31:12.240688 (3761926) lic__man INFO    Unclaim everything for 'session_0'.
2026-02-26 05:31:12.448197 (3761926) lic__man INFO    Claim 'fpv' for 'session_0'.
2026-02-26 05:31:12.448232 (3761926) lic__man INFO    Claim 'fpv' for 'session_0/prove-0'.
2026-02-26 05:31:15.542943 (3761926) lic__man INFO    Unclaim everything for 'session_0/prove-0'.
2026-02-26 05:31:15.586515 (3761926) main____ INFO    About to exit: request to exit with status 0 received from analysis session 'session_0'
2026-02-26 05:31:15.718304 (3761926) session_ INFO    Analysis session 'session_0' disconnected.
2026-02-26 05:31:15.718480 (3761926) lic__man INFO    Unclaim everything for 'session_0'.
2026-02-26 05:31:15.718655 (3761926) session_ INFO    Process for analysis session 'session_0' has exited with exit status '0'.
2026-02-26 05:31:17.494223 (3761937) stdio___ INFO    STDIN reader requested to stop.
2026-02-26 05:31:17.494264 (3761937) stdio___ INFO    STDIN reader stopped.
2026-02-26 05:31:17.494526 (3761926) lic_core INFO    (1) checkin jasper_interactive
2026-02-26 05:31:17.495582 (3761926) lic_core INFO    (3) checkin jasper_fao
2026-02-26 05:31:17.496597 (3761926) main____ INFO    Exiting with status 0.
