2026-02-25 14:53:34.466001 (3255413) main____ INFO    ----------------------------------------
2026-02-25 14:53:34.466104 (3255413) main____ INFO    Jasper version info
2026-02-25 14:53:34.466121 (3255413) main____ INFO      tool      : Jasper 2023.12
2026-02-25 14:53:34.466136 (3255413) main____ INFO      version   : 2023.12p001 64 bits
2026-02-25 14:53:34.466148 (3255413) main____ INFO      build date: 2024.01.23 16:09:24 UTC
2026-02-25 14:53:34.466158 (3255413) main____ INFO    ----------------------------------------
2026-02-25 14:53:34.466168 (3255413) main____ INFO    Runtime info:
2026-02-25 14:53:34.466178 (3255413) main____ INFO      platform  : Linux 4.18.0-553.89.1.el8_10.x86_64 x86_64
2026-02-25 14:53:34.466198 (3255413) main____ INFO      hostname  : caddy15.stanford.edu
2026-02-25 14:53:34.466214 (3255413) main____ INFO      pid       : 3255413
2026-02-25 14:53:34.466226 (3255413) main____ INFO      arguments : '-style' 'windows' '-allow_unsupported_OS' '-no_gui' '-fpv' './synthlc/i_DIV_out/xHBPerfG_dfg_v3_div/HB_213_.tcl' '-proj' './synthlc/i_DIV_out/xHBPerfG_dfg_v3_div/HB_213_jgsession_26-02-25-14_53_33'
2026-02-25 14:53:34.466244 (3255413) main____ INFO      locale    : UTF-8
2026-02-25 14:53:34.466254 (3255413) main____ INFO    ----------------------------------------
2026-02-25 14:53:34.466263 (3255413) main____ INFO    System resource limits info:
2026-02-25 14:53:34.466276 (3255413) main____ INFO      virtual memory: unlimited
2026-02-25 14:53:34.466288 (3255413) main____ INFO      cpu time      : unlimited
2026-02-25 14:53:34.466326 (3255413) main____ INFO      processes     : 4096
2026-02-25 14:53:34.466348 (3255413) main____ INFO      stack size    : 8388608 B
2026-02-25 14:53:34.466362 (3255413) main____ INFO      core file size: 0 B
2026-02-25 14:53:34.466375 (3255413) main____ INFO      open files    : 4096
2026-02-25 14:53:34.466387 (3255413) main____ INFO      file size     : unlimited
2026-02-25 14:53:34.466397 (3255413) main____ INFO    ----------------------------------------
2026-02-25 14:53:34.466406 (3255413) main____ INFO    Memory statistics:
2026-02-25 14:53:34.466418 (3255413) main____ INFO      total physical memory  : 98449092 kB
2026-02-25 14:53:34.466429 (3255413) main____ INFO      free physical memory   : 76836988 kB
2026-02-25 14:53:34.466441 (3255413) main____ INFO      committed address space: 8248944 kB
2026-02-25 14:53:34.466450 (3255413) main____ INFO    ----------------------------------------
2026-02-25 14:53:34.467616 (3255413) main____ INFO    Important environment variables:
2026-02-25 14:53:34.467642 (3255413) main____ INFO      CDS_LIC_FILE       : '5280@cadlic0'
2026-02-25 14:53:34.467654 (3255413) main____ INFO      JASPER_INSTALL_DIR : '/cad/cadence/jasper_2023.12p001'
2026-02-25 14:53:34.467666 (3255413) main____ INFO      JASPER_KERNEL_CHECK: '1'
2026-02-25 14:53:34.467678 (3255413) main____ INFO      JASPER_OS_CHECK    : '0'
2026-02-25 14:53:34.467690 (3255413) main____ INFO      LANG               : 'en_US.UTF-8'
2026-02-25 14:53:34.467700 (3255413) main____ INFO    ----------------------------------------
2026-02-25 14:53:34.468807 (3255413) lic_core INFO    Initializing license system ...
2026-02-25 14:53:34.470348 (3255413) lic_core INFO    ... license system initialized.
2026-02-25 14:53:34.491950 (3255413) lic__man INFO    Claim 'main' for <ui>.
2026-02-25 14:53:34.492016 (3255413) lic_core INFO    (1) checking out 'jasper_interactive' ...
2026-02-25 14:53:34.516149 (3255413) lic_core INFO    ... (1) checkout succeeded
2026-02-25 14:53:34.516268 (3255413) lic__man INFO    Claim 'fpv' for <ui>.
2026-02-25 14:53:34.516336 (3255413) lic_core INFO    (2) checking out 'jasper_fpv' ...
2026-02-25 14:53:34.538195 (3255413) lic_core INFO    ... (2) checkout failed (error: -5) ("FLEXnet ERROR(-5, 0, 0): No such feature exists.")
2026-02-25 14:53:34.538256 (3255413) lic_core INFO    (3) checking out 'jasper_fao' ...
2026-02-25 14:53:34.576009 (3255413) lic_core INFO    ... (3) checkout succeeded
2026-02-25 14:53:34.577376 (3255430) stdio___ INFO    Starting STDIN reader (tty: yes, tty name: '/dev/pts/0')
2026-02-25 14:53:34.577556 (3255413) main____ INFO    Tool inactivity delay is 480000 ms.
2026-02-25 14:53:34.673616 (3255413) session_ INFO    Starting analysis session with session id 'session_0' (launcher: <local>) ...
2026-02-25 14:53:34.675653 (3255413) session_ INFO    Analysis session with session id 'session_0' started (pid: 3255435)
2026-02-25 14:53:36.219842 (3255413) session_ INFO    Analysis session 'session_0' connected to the console (host: 127.0.0.1:57496)
2026-02-25 14:53:40.429339 (3255413) lic__man INFO    Unclaim everything for 'session_0'.
2026-02-25 14:53:40.805965 (3255413) lic__man INFO    Claim 'fpv' for 'session_0'.
2026-02-25 14:53:40.806012 (3255413) lic__man INFO    Claim 'fpv' for 'session_0/prove-0'.
2026-02-25 14:54:08.102710 (3255413) lic__man INFO    Unclaim everything for 'session_0/prove-0'.
2026-02-25 14:54:08.147664 (3255413) main____ INFO    About to exit: request to exit with status 0 received from analysis session 'session_0'
2026-02-25 14:54:08.435024 (3255413) session_ INFO    Analysis session 'session_0' disconnected.
2026-02-25 14:54:08.435209 (3255413) lic__man INFO    Unclaim everything for 'session_0'.
2026-02-25 14:54:08.438006 (3255413) session_ INFO    Process for analysis session 'session_0' has exited with exit status '0'.
2026-02-25 14:54:10.270675 (3255430) stdio___ INFO    STDIN reader requested to stop.
2026-02-25 14:54:10.270757 (3255430) stdio___ INFO    STDIN reader stopped.
2026-02-25 14:54:10.281613 (3255413) lic_core INFO    (1) checkin jasper_interactive
2026-02-25 14:54:10.286581 (3255413) lic_core INFO    (3) checkin jasper_fao
2026-02-25 14:54:10.293446 (3255413) main____ INFO    Exiting with status 0.
