2026-03-01 02:01:28.770248 (3883103) main____ INFO    ----------------------------------------
2026-03-01 02:01:28.770323 (3883103) main____ INFO    Jasper version info
2026-03-01 02:01:28.770338 (3883103) main____ INFO      tool      : Jasper 2023.12
2026-03-01 02:01:28.770353 (3883103) main____ INFO      version   : 2023.12p001 64 bits
2026-03-01 02:01:28.770366 (3883103) main____ INFO      build date: 2024.01.23 16:09:24 UTC
2026-03-01 02:01:28.770377 (3883103) main____ INFO    ----------------------------------------
2026-03-01 02:01:28.770387 (3883103) main____ INFO    Runtime info:
2026-03-01 02:01:28.770398 (3883103) main____ INFO      platform  : Linux 4.18.0-553.89.1.el8_10.x86_64 x86_64
2026-03-01 02:01:28.770414 (3883103) main____ INFO      hostname  : caddy12.stanford.edu
2026-03-01 02:01:28.770430 (3883103) main____ INFO      pid       : 3883103
2026-03-01 02:01:28.770441 (3883103) main____ INFO      arguments : '-style' 'windows' '-allow_unsupported_OS' '-no_gui' '-fpv' './synthlc/i_LW_out/xCoverAPerflocDiv/10_.tcl' '-proj' './synthlc/i_LW_out/xCoverAPerflocDiv/10_jgsession_26-03-01-02_01_28'
2026-03-01 02:01:28.770457 (3883103) main____ INFO      locale    : UTF-8
2026-03-01 02:01:28.770467 (3883103) main____ INFO    ----------------------------------------
2026-03-01 02:01:28.770477 (3883103) main____ INFO    System resource limits info:
2026-03-01 02:01:28.770490 (3883103) main____ INFO      virtual memory: unlimited
2026-03-01 02:01:28.770502 (3883103) main____ INFO      cpu time      : unlimited
2026-03-01 02:01:28.770518 (3883103) main____ INFO      processes     : 4096
2026-03-01 02:01:28.770537 (3883103) main____ INFO      stack size    : 8388608 B
2026-03-01 02:01:28.770551 (3883103) main____ INFO      core file size: 0 B
2026-03-01 02:01:28.770565 (3883103) main____ INFO      open files    : 4096
2026-03-01 02:01:28.770577 (3883103) main____ INFO      file size     : unlimited
2026-03-01 02:01:28.770587 (3883103) main____ INFO    ----------------------------------------
2026-03-01 02:01:28.770597 (3883103) main____ INFO    Memory statistics:
2026-03-01 02:01:28.770609 (3883103) main____ INFO      total physical memory  : 98449088 kB
2026-03-01 02:01:28.770620 (3883103) main____ INFO      free physical memory   : 87412560 kB
2026-03-01 02:01:28.770632 (3883103) main____ INFO      committed address space: 6783144 kB
2026-03-01 02:01:28.770642 (3883103) main____ INFO    ----------------------------------------
2026-03-01 02:01:28.771809 (3883103) main____ INFO    Important environment variables:
2026-03-01 02:01:28.772170 (3883103) main____ INFO      CDS_LIC_FILE       : '5280@cadlic0'
2026-03-01 02:01:28.772209 (3883103) main____ INFO      DISPLAY            : 'localhost:12.0'
2026-03-01 02:01:28.772241 (3883103) main____ INFO      JASPER_INSTALL_DIR : '/cad/cadence/jasper_2023.12p001'
2026-03-01 02:01:28.772275 (3883103) main____ INFO      JASPER_KERNEL_CHECK: '1'
2026-03-01 02:01:28.772308 (3883103) main____ INFO      JASPER_OS_CHECK    : '0'
2026-03-01 02:01:28.772341 (3883103) main____ INFO      LANG               : 'zh_TW.UTF-8'
2026-03-01 02:01:28.772369 (3883103) main____ INFO    ----------------------------------------
2026-03-01 02:01:28.773606 (3883103) lic_core INFO    Initializing license system ...
2026-03-01 02:01:28.776485 (3883103) lic_core INFO    ... license system initialized.
2026-03-01 02:01:28.790543 (3883103) lic__man INFO    Claim 'main' for <ui>.
2026-03-01 02:01:28.790593 (3883103) lic_core INFO    (1) checking out 'jasper_interactive' ...
2026-03-01 02:01:28.802708 (3883103) lic_core INFO    ... (1) checkout succeeded
2026-03-01 02:01:28.802795 (3883103) lic__man INFO    Claim 'fpv' for <ui>.
2026-03-01 02:01:28.802822 (3883103) lic_core INFO    (2) checking out 'jasper_fpv' ...
2026-03-01 02:01:28.807220 (3883103) lic_core INFO    ... (2) checkout failed (error: -5) ("FLEXnet ERROR(-5, 0, 0): No such feature exists.")
2026-03-01 02:01:28.807273 (3883103) lic_core INFO    (3) checking out 'jasper_fao' ...
2026-03-01 02:01:28.820961 (3883103) lic_core INFO    ... (3) checkout succeeded
2026-03-01 02:01:28.821953 (3883127) stdio___ INFO    Starting STDIN reader (tty: yes, tty name: '/dev/pts/0')
2026-03-01 02:01:28.822116 (3883103) main____ INFO    Tool inactivity delay is 480000 ms.
2026-03-01 02:01:28.863328 (3883103) session_ INFO    Starting analysis session with session id 'session_0' (launcher: <local>) ...
2026-03-01 02:01:28.865561 (3883103) session_ INFO    Analysis session with session id 'session_0' started (pid: 3883129)
2026-03-01 02:01:29.961267 (3883103) session_ INFO    Analysis session 'session_0' connected to the console (host: 127.0.0.1:54116)
2026-03-01 02:01:33.027368 (3883103) lic__man INFO    Unclaim everything for 'session_0'.
2026-03-01 02:16:37.417442 (3883103) lic__man INFO    Unclaim everything for 'session_0/prove-0'.
2026-03-01 02:16:37.462776 (3883103) main____ INFO    About to exit: request to exit with status 0 received from analysis session 'session_0'
2026-03-01 02:16:37.604484 (3883103) session_ INFO    Analysis session 'session_0' disconnected.
2026-03-01 02:16:37.604639 (3883103) lic__man INFO    Unclaim everything for 'session_0'.
2026-03-01 02:16:37.604870 (3883103) session_ INFO    Process for analysis session 'session_0' has exited with exit status '0'.
2026-03-01 02:16:39.393161 (3883127) stdio___ INFO    STDIN reader requested to stop.
2026-03-01 02:16:39.393206 (3883127) stdio___ INFO    STDIN reader stopped.
2026-03-01 02:16:39.393957 (3883103) lic_core INFO    (1) checkin jasper_interactive
2026-03-01 02:16:39.395035 (3883103) lic_core INFO    (3) checkin jasper_fao
2026-03-01 02:16:39.396040 (3883103) main____ INFO    Exiting with status 0.
