2026-02-28 01:53:18.749088 (590354) main____ INFO    ----------------------------------------
2026-02-28 01:53:18.749170 (590354) main____ INFO    Jasper version info
2026-02-28 01:53:18.749185 (590354) main____ INFO      tool      : Jasper 2023.12
2026-02-28 01:53:18.749200 (590354) main____ INFO      version   : 2023.12p001 64 bits
2026-02-28 01:53:18.749213 (590354) main____ INFO      build date: 2024.01.23 16:09:24 UTC
2026-02-28 01:53:18.749222 (590354) main____ INFO    ----------------------------------------
2026-02-28 01:53:18.749231 (590354) main____ INFO    Runtime info:
2026-02-28 01:53:18.749242 (590354) main____ INFO      platform  : Linux 4.18.0-553.89.1.el8_10.x86_64 x86_64
2026-02-28 01:53:18.749261 (590354) main____ INFO      hostname  : caddy10.stanford.edu
2026-02-28 01:53:18.749276 (590354) main____ INFO      pid       : 590354
2026-02-28 01:53:18.749286 (590354) main____ INFO      arguments : '-style' 'windows' '-allow_unsupported_OS' '-no_gui' '-fpv' './synthlc/i_MUL_out/xPairwiseDepDiv/nunv_anytwo_12_.tcl' '-proj' './synthlc/i_MUL_out/xPairwiseDepDiv/nunv_anytwo_12_jgsession_26-02-28-01_53_18'
2026-02-28 01:53:18.749303 (590354) main____ INFO      locale    : UTF-8
2026-02-28 01:53:18.749312 (590354) main____ INFO    ----------------------------------------
2026-02-28 01:53:18.749321 (590354) main____ INFO    System resource limits info:
2026-02-28 01:53:18.749333 (590354) main____ INFO      virtual memory: unlimited
2026-02-28 01:53:18.749345 (590354) main____ INFO      cpu time      : unlimited
2026-02-28 01:53:18.749362 (590354) main____ INFO      processes     : 4096
2026-02-28 01:53:18.749381 (590354) main____ INFO      stack size    : 8388608 B
2026-02-28 01:53:18.749395 (590354) main____ INFO      core file size: 0 B
2026-02-28 01:53:18.749407 (590354) main____ INFO      open files    : 4096
2026-02-28 01:53:18.749419 (590354) main____ INFO      file size     : unlimited
2026-02-28 01:53:18.749429 (590354) main____ INFO    ----------------------------------------
2026-02-28 01:53:18.749438 (590354) main____ INFO    Memory statistics:
2026-02-28 01:53:18.749450 (590354) main____ INFO      total physical memory  : 98449096 kB
2026-02-28 01:53:18.749461 (590354) main____ INFO      free physical memory   : 90080192 kB
2026-02-28 01:53:18.749472 (590354) main____ INFO      committed address space: 2505208 kB
2026-02-28 01:53:18.749482 (590354) main____ INFO    ----------------------------------------
2026-02-28 01:53:18.750639 (590354) main____ INFO    Important environment variables:
2026-02-28 01:53:18.750670 (590354) main____ INFO      CDS_LIC_FILE       : '5280@cadlic0'
2026-02-28 01:53:18.750683 (590354) main____ INFO      JASPER_INSTALL_DIR : '/cad/cadence/jasper_2023.12p001'
2026-02-28 01:53:18.750695 (590354) main____ INFO      JASPER_KERNEL_CHECK: '1'
2026-02-28 01:53:18.750707 (590354) main____ INFO      JASPER_OS_CHECK    : '0'
2026-02-28 01:53:18.750719 (590354) main____ INFO      LANG               : 'en_US.UTF-8'
2026-02-28 01:53:18.750728 (590354) main____ INFO    ----------------------------------------
2026-02-28 01:53:18.751843 (590354) lic_core INFO    Initializing license system ...
2026-02-28 01:53:18.753338 (590354) lic_core INFO    ... license system initialized.
2026-02-28 01:53:18.765424 (590354) lic__man INFO    Claim 'main' for <ui>.
2026-02-28 01:53:18.765478 (590354) lic_core INFO    (1) checking out 'jasper_interactive' ...
2026-02-28 01:53:18.778240 (590354) lic_core INFO    ... (1) checkout succeeded
2026-02-28 01:53:18.778323 (590354) lic__man INFO    Claim 'fpv' for <ui>.
2026-02-28 01:53:18.778347 (590354) lic_core INFO    (2) checking out 'jasper_fpv' ...
2026-02-28 01:53:18.782887 (590354) lic_core INFO    ... (2) checkout failed (error: -5) ("FLEXnet ERROR(-5, 0, 0): No such feature exists.")
2026-02-28 01:53:18.782927 (590354) lic_core INFO    (3) checking out 'jasper_fao' ...
2026-02-28 01:53:18.794337 (590354) lic_core INFO    ... (3) checkout succeeded
2026-02-28 01:53:18.804927 (590354) main____ INFO    Tool inactivity delay is 480000 ms.
2026-02-28 01:53:18.813279 (590430) stdio___ INFO    Starting STDIN reader (tty: yes, tty name: '/dev/pts/5')
2026-02-28 01:53:18.890352 (590354) session_ INFO    Starting analysis session with session id 'session_0' (launcher: <local>) ...
2026-02-28 01:53:18.892172 (590354) session_ INFO    Analysis session with session id 'session_0' started (pid: 590439)
2026-02-28 01:53:19.965877 (590354) session_ INFO    Analysis session 'session_0' connected to the console (host: 127.0.0.1:41938)
2026-02-28 01:53:23.144147 (590354) lic__man INFO    Unclaim everything for 'session_0'.
2026-02-28 01:53:23.534627 (590354) lic__man INFO    Claim 'fpv' for 'session_0'.
2026-02-28 01:53:23.534670 (590354) lic__man INFO    Claim 'fpv' for 'session_0/prove-0'.
2026-02-28 01:53:25.962604 (590354) lic__man INFO    Unclaim everything for 'session_0/prove-0'.
2026-02-28 01:53:26.005333 (590354) main____ INFO    About to exit: request to exit with status 0 received from analysis session 'session_0'
2026-02-28 01:53:26.493407 (590354) session_ INFO    Analysis session 'session_0' disconnected.
2026-02-28 01:53:26.493545 (590354) lic__man INFO    Unclaim everything for 'session_0'.
2026-02-28 01:53:26.493734 (590354) session_ INFO    Process for analysis session 'session_0' has exited with exit status '0'.
2026-02-28 01:53:27.930582 (590430) stdio___ INFO    STDIN reader requested to stop.
2026-02-28 01:53:27.930624 (590430) stdio___ INFO    STDIN reader stopped.
2026-02-28 01:53:27.934115 (590354) lic_core INFO    (1) checkin jasper_interactive
2026-02-28 01:53:27.946287 (590354) lic_core INFO    (3) checkin jasper_fao
2026-02-28 01:53:27.968390 (590354) main____ INFO    Exiting with status 0.
