2026-02-27 23:28:01.145871 (475886) main____ INFO    ----------------------------------------
2026-02-27 23:28:01.145940 (475886) main____ INFO    Jasper version info
2026-02-27 23:28:01.145955 (475886) main____ INFO      tool      : Jasper 2023.12
2026-02-27 23:28:01.145969 (475886) main____ INFO      version   : 2023.12p001 64 bits
2026-02-27 23:28:01.145981 (475886) main____ INFO      build date: 2024.01.23 16:09:24 UTC
2026-02-27 23:28:01.145991 (475886) main____ INFO    ----------------------------------------
2026-02-27 23:28:01.146000 (475886) main____ INFO    Runtime info:
2026-02-27 23:28:01.146011 (475886) main____ INFO      platform  : Linux 4.18.0-553.89.1.el8_10.x86_64 x86_64
2026-02-27 23:28:01.146027 (475886) main____ INFO      hostname  : caddy10.stanford.edu
2026-02-27 23:28:01.146041 (475886) main____ INFO      pid       : 475886
2026-02-27 23:28:01.146066 (475886) main____ INFO      arguments : '-style' 'windows' '-allow_unsupported_OS' '-no_gui' '-fpv' './synthlc/i_DIV_out/xPairwiseDepDiv/nunv_anytwo_84_.tcl' '-proj' './synthlc/i_DIV_out/xPairwiseDepDiv/nunv_anytwo_84_jgsession_26-02-27-23_28_00'
2026-02-27 23:28:01.146081 (475886) main____ INFO      locale    : UTF-8
2026-02-27 23:28:01.146091 (475886) main____ INFO    ----------------------------------------
2026-02-27 23:28:01.146100 (475886) main____ INFO    System resource limits info:
2026-02-27 23:28:01.146112 (475886) main____ INFO      virtual memory: unlimited
2026-02-27 23:28:01.146124 (475886) main____ INFO      cpu time      : unlimited
2026-02-27 23:28:01.146140 (475886) main____ INFO      processes     : 4096
2026-02-27 23:28:01.146158 (475886) main____ INFO      stack size    : 8388608 B
2026-02-27 23:28:01.146173 (475886) main____ INFO      core file size: 0 B
2026-02-27 23:28:01.146185 (475886) main____ INFO      open files    : 4096
2026-02-27 23:28:01.146197 (475886) main____ INFO      file size     : unlimited
2026-02-27 23:28:01.146207 (475886) main____ INFO    ----------------------------------------
2026-02-27 23:28:01.146216 (475886) main____ INFO    Memory statistics:
2026-02-27 23:28:01.146228 (475886) main____ INFO      total physical memory  : 98449096 kB
2026-02-27 23:28:01.146238 (475886) main____ INFO      free physical memory   : 90776784 kB
2026-02-27 23:28:01.146250 (475886) main____ INFO      committed address space: 1735536 kB
2026-02-27 23:28:01.146259 (475886) main____ INFO    ----------------------------------------
2026-02-27 23:28:01.147410 (475886) main____ INFO    Important environment variables:
2026-02-27 23:28:01.147435 (475886) main____ INFO      CDS_LIC_FILE       : '5280@cadlic0'
2026-02-27 23:28:01.147448 (475886) main____ INFO      JASPER_INSTALL_DIR : '/cad/cadence/jasper_2023.12p001'
2026-02-27 23:28:01.147460 (475886) main____ INFO      JASPER_KERNEL_CHECK: '1'
2026-02-27 23:28:01.147472 (475886) main____ INFO      JASPER_OS_CHECK    : '0'
2026-02-27 23:28:01.147484 (475886) main____ INFO      LANG               : 'en_US.UTF-8'
2026-02-27 23:28:01.147494 (475886) main____ INFO    ----------------------------------------
2026-02-27 23:28:01.148608 (475886) lic_core INFO    Initializing license system ...
2026-02-27 23:28:01.150462 (475886) lic_core INFO    ... license system initialized.
2026-02-27 23:28:01.160899 (475886) lic__man INFO    Claim 'main' for <ui>.
2026-02-27 23:28:01.160942 (475886) lic_core INFO    (1) checking out 'jasper_interactive' ...
2026-02-27 23:28:01.173313 (475886) lic_core INFO    ... (1) checkout succeeded
2026-02-27 23:28:01.173371 (475886) lic__man INFO    Claim 'fpv' for <ui>.
2026-02-27 23:28:01.173392 (475886) lic_core INFO    (2) checking out 'jasper_fpv' ...
2026-02-27 23:28:01.177286 (475886) lic_core INFO    ... (2) checkout failed (error: -5) ("FLEXnet ERROR(-5, 0, 0): No such feature exists.")
2026-02-27 23:28:01.177327 (475886) lic_core INFO    (3) checking out 'jasper_fao' ...
2026-02-27 23:28:01.188257 (475886) lic_core INFO    ... (3) checkout succeeded
2026-02-27 23:28:01.189219 (475897) stdio___ INFO    Starting STDIN reader (tty: yes, tty name: '/dev/pts/5')
2026-02-27 23:28:01.189354 (475886) main____ INFO    Tool inactivity delay is 480000 ms.
2026-02-27 23:28:01.229282 (475886) session_ INFO    Starting analysis session with session id 'session_0' (launcher: <local>) ...
2026-02-27 23:28:01.231025 (475886) session_ INFO    Analysis session with session id 'session_0' started (pid: 475898)
2026-02-27 23:28:02.300246 (475886) session_ INFO    Analysis session 'session_0' connected to the console (host: 127.0.0.1:42226)
2026-02-27 23:28:05.581014 (475886) lic__man INFO    Unclaim everything for 'session_0'.
2026-02-27 23:28:05.779506 (475886) lic__man INFO    Claim 'fpv' for 'session_0'.
2026-02-27 23:28:05.779553 (475886) lic__man INFO    Claim 'fpv' for 'session_0/prove-0'.
2026-02-27 23:28:06.896149 (475886) lic__man INFO    Unclaim everything for 'session_0/prove-0'.
2026-02-27 23:28:06.938180 (475886) main____ INFO    About to exit: request to exit with status 0 received from analysis session 'session_0'
2026-02-27 23:28:07.080687 (475886) session_ INFO    Analysis session 'session_0' disconnected.
2026-02-27 23:28:07.080875 (475886) lic__man INFO    Unclaim everything for 'session_0'.
2026-02-27 23:28:07.081076 (475886) session_ INFO    Process for analysis session 'session_0' has exited with exit status '0'.
2026-02-27 23:28:08.881127 (475897) stdio___ INFO    STDIN reader requested to stop.
2026-02-27 23:28:08.881164 (475897) stdio___ INFO    STDIN reader stopped.
2026-02-27 23:28:08.881378 (475886) lic_core INFO    (1) checkin jasper_interactive
2026-02-27 23:28:08.882872 (475886) lic_core INFO    (3) checkin jasper_fao
2026-02-27 23:28:08.884066 (475886) main____ INFO    Exiting with status 0.
