2026-03-01 22:41:35.131728 (732849) main____ INFO    ----------------------------------------
2026-03-01 22:41:35.132683 (732849) main____ INFO    Jasper version info
2026-03-01 22:41:35.132711 (732849) main____ INFO      tool      : Jasper 2023.12
2026-03-01 22:41:35.132728 (732849) main____ INFO      version   : 2023.12p001 64 bits
2026-03-01 22:41:35.132742 (732849) main____ INFO      build date: 2024.01.23 16:09:24 UTC
2026-03-01 22:41:35.132751 (732849) main____ INFO    ----------------------------------------
2026-03-01 22:41:35.132760 (732849) main____ INFO    Runtime info:
2026-03-01 22:41:35.132771 (732849) main____ INFO      platform  : Linux 4.18.0-553.89.1.el8_10.x86_64 x86_64
2026-03-01 22:41:35.132793 (732849) main____ INFO      hostname  : caddy10.stanford.edu
2026-03-01 22:41:35.132808 (732849) main____ INFO      pid       : 732849
2026-03-01 22:41:35.132818 (732849) main____ INFO      arguments : '-style' 'windows' '-allow_unsupported_OS' '-no_gui' '-fpv' './synthlc/i_MUL_out/xPairwiseDepDiv/nunv_anytwo_51_.tcl' '-proj' './synthlc/i_MUL_out/xPairwiseDepDiv/nunv_anytwo_51_jgsession_26-03-01-22_41_34'
2026-03-01 22:41:35.132837 (732849) main____ INFO      locale    : UTF-8
2026-03-01 22:41:35.132846 (732849) main____ INFO    ----------------------------------------
2026-03-01 22:41:35.132855 (732849) main____ INFO    System resource limits info:
2026-03-01 22:41:35.132866 (732849) main____ INFO      virtual memory: unlimited
2026-03-01 22:41:35.132878 (732849) main____ INFO      cpu time      : unlimited
2026-03-01 22:41:35.132896 (732849) main____ INFO      processes     : 4096
2026-03-01 22:41:35.132916 (732849) main____ INFO      stack size    : 8388608 B
2026-03-01 22:41:35.132929 (732849) main____ INFO      core file size: 0 B
2026-03-01 22:41:35.132942 (732849) main____ INFO      open files    : 4096
2026-03-01 22:41:35.132954 (732849) main____ INFO      file size     : unlimited
2026-03-01 22:41:35.132963 (732849) main____ INFO    ----------------------------------------
2026-03-01 22:41:35.132972 (732849) main____ INFO    Memory statistics:
2026-03-01 22:41:35.132983 (732849) main____ INFO      total physical memory  : 98449096 kB
2026-03-01 22:41:35.132993 (732849) main____ INFO      free physical memory   : 88855096 kB
2026-03-01 22:41:35.133004 (732849) main____ INFO      committed address space: 6288088 kB
2026-03-01 22:41:35.133013 (732849) main____ INFO    ----------------------------------------
2026-03-01 22:41:35.134184 (732849) main____ INFO    Important environment variables:
2026-03-01 22:41:35.134219 (732849) main____ INFO      CDS_LIC_FILE       : '5280@cadlic0'
2026-03-01 22:41:35.134232 (732849) main____ INFO      JASPER_INSTALL_DIR : '/cad/cadence/jasper_2023.12p001'
2026-03-01 22:41:35.134243 (732849) main____ INFO      JASPER_KERNEL_CHECK: '1'
2026-03-01 22:41:35.134254 (732849) main____ INFO      JASPER_OS_CHECK    : '0'
2026-03-01 22:41:35.134265 (732849) main____ INFO      LANG               : 'en_US.UTF-8'
2026-03-01 22:41:35.134275 (732849) main____ INFO    ----------------------------------------
2026-03-01 22:41:35.135482 (732849) lic_core INFO    Initializing license system ...
2026-03-01 22:41:35.138594 (732849) lic_core INFO    ... license system initialized.
2026-03-01 22:41:35.237426 (732849) lic__man INFO    Claim 'main' for <ui>.
2026-03-01 22:41:35.237497 (732849) lic_core INFO    (1) checking out 'jasper_interactive' ...
2026-03-01 22:41:35.291485 (732849) lic_core INFO    ... (1) checkout succeeded
2026-03-01 22:41:35.291585 (732849) lic__man INFO    Claim 'fpv' for <ui>.
2026-03-01 22:41:35.291612 (732849) lic_core INFO    (2) checking out 'jasper_fpv' ...
2026-03-01 22:41:35.334897 (732849) lic_core INFO    ... (2) checkout failed (error: -5) ("FLEXnet ERROR(-5, 0, 0): No such feature exists.")
2026-03-01 22:41:35.334951 (732849) lic_core INFO    (3) checking out 'jasper_fao' ...
2026-03-01 22:41:35.346428 (732849) lic_core INFO    ... (3) checkout succeeded
2026-03-01 22:41:35.347674 (732849) main____ INFO    Tool inactivity delay is 480000 ms.
2026-03-01 22:41:35.347947 (732860) stdio___ INFO    Starting STDIN reader (tty: yes, tty name: '/dev/pts/7')
2026-03-01 22:41:35.508169 (732849) session_ INFO    Starting analysis session with session id 'session_0' (launcher: <local>) ...
2026-03-01 22:41:35.510039 (732849) session_ INFO    Analysis session with session id 'session_0' started (pid: 732861)
2026-03-01 22:41:36.774543 (732849) session_ INFO    Analysis session 'session_0' connected to the console (host: 127.0.0.1:50754)
2026-03-01 22:41:40.898622 (732849) lic__man INFO    Unclaim everything for 'session_0'.
2026-03-01 22:41:41.187528 (732849) lic__man INFO    Claim 'fpv' for 'session_0'.
2026-03-01 22:41:41.187571 (732849) lic__man INFO    Claim 'fpv' for 'session_0/prove-0'.
2026-03-01 22:41:43.095703 (732849) lic__man INFO    Unclaim everything for 'session_0/prove-0'.
2026-03-01 22:41:43.099793 (732849) main____ INFO    About to exit: request to exit with status 0 received from analysis session 'session_0'
2026-03-01 22:41:43.491757 (732849) session_ INFO    Analysis session 'session_0' disconnected.
2026-03-01 22:41:43.491906 (732849) lic__man INFO    Unclaim everything for 'session_0'.
2026-03-01 22:41:43.492213 (732849) session_ INFO    Process for analysis session 'session_0' has exited with exit status '0'.
2026-03-01 22:41:45.006219 (732860) stdio___ INFO    STDIN reader requested to stop.
2026-03-01 22:41:45.006270 (732860) stdio___ INFO    STDIN reader stopped.
2026-03-01 22:41:45.006565 (732849) lic_core INFO    (1) checkin jasper_interactive
2026-03-01 22:41:45.017273 (732849) lic_core INFO    (3) checkin jasper_fao
2026-03-01 22:41:45.033342 (732849) main____ INFO    Exiting with status 0.
