2026-02-25 09:59:43.883980 (3024791) main____ INFO    ----------------------------------------
2026-02-25 09:59:43.884100 (3024791) main____ INFO    Jasper version info
2026-02-25 09:59:43.884121 (3024791) main____ INFO      tool      : Jasper 2023.12
2026-02-25 09:59:43.884142 (3024791) main____ INFO      version   : 2023.12p001 64 bits
2026-02-25 09:59:43.884159 (3024791) main____ INFO      build date: 2024.01.23 16:09:24 UTC
2026-02-25 09:59:43.884173 (3024791) main____ INFO    ----------------------------------------
2026-02-25 09:59:43.884185 (3024791) main____ INFO    Runtime info:
2026-02-25 09:59:43.884199 (3024791) main____ INFO      platform  : Linux 4.18.0-553.89.1.el8_10.x86_64 x86_64
2026-02-25 09:59:43.884223 (3024791) main____ INFO      hostname  : caddy15.stanford.edu
2026-02-25 09:59:43.884243 (3024791) main____ INFO      pid       : 3024791
2026-02-25 09:59:43.884258 (3024791) main____ INFO      arguments : '-style' 'windows' '-allow_unsupported_OS' '-no_gui' '-fpv' './synthlc/i_DIV_out/xPairwiseDepDiv/nunv_anytwo_87_.tcl' '-proj' './synthlc/i_DIV_out/xPairwiseDepDiv/nunv_anytwo_87_jgsession_26-02-25-09_59_42'
2026-02-25 09:59:43.884280 (3024791) main____ INFO      locale    : UTF-8
2026-02-25 09:59:43.884293 (3024791) main____ INFO    ----------------------------------------
2026-02-25 09:59:43.884321 (3024791) main____ INFO    System resource limits info:
2026-02-25 09:59:43.884338 (3024791) main____ INFO      virtual memory: unlimited
2026-02-25 09:59:43.884354 (3024791) main____ INFO      cpu time      : unlimited
2026-02-25 09:59:43.884378 (3024791) main____ INFO      processes     : 4096
2026-02-25 09:59:43.884405 (3024791) main____ INFO      stack size    : 8388608 B
2026-02-25 09:59:43.884424 (3024791) main____ INFO      core file size: 0 B
2026-02-25 09:59:43.884441 (3024791) main____ INFO      open files    : 4096
2026-02-25 09:59:43.884456 (3024791) main____ INFO      file size     : unlimited
2026-02-25 09:59:43.884470 (3024791) main____ INFO    ----------------------------------------
2026-02-25 09:59:43.884482 (3024791) main____ INFO    Memory statistics:
2026-02-25 09:59:43.884497 (3024791) main____ INFO      total physical memory  : 98449092 kB
2026-02-25 09:59:43.884512 (3024791) main____ INFO      free physical memory   : 72523428 kB
2026-02-25 09:59:43.884528 (3024791) main____ INFO      committed address space: 14358804 kB
2026-02-25 09:59:43.884540 (3024791) main____ INFO    ----------------------------------------
2026-02-25 09:59:43.885907 (3024791) main____ INFO    Important environment variables:
2026-02-25 09:59:43.885938 (3024791) main____ INFO      CDS_LIC_FILE       : '5280@cadlic0'
2026-02-25 09:59:43.885955 (3024791) main____ INFO      JASPER_INSTALL_DIR : '/cad/cadence/jasper_2023.12p001'
2026-02-25 09:59:43.885971 (3024791) main____ INFO      JASPER_KERNEL_CHECK: '1'
2026-02-25 09:59:43.885987 (3024791) main____ INFO      JASPER_OS_CHECK    : '0'
2026-02-25 09:59:43.886003 (3024791) main____ INFO      LANG               : 'en_US.UTF-8'
2026-02-25 09:59:43.886016 (3024791) main____ INFO    ----------------------------------------
2026-02-25 09:59:43.888494 (3024791) lic_core INFO    Initializing license system ...
2026-02-25 09:59:43.921858 (3024791) lic_core INFO    ... license system initialized.
2026-02-25 09:59:44.079643 (3024791) lic__man INFO    Claim 'main' for <ui>.
2026-02-25 09:59:44.079718 (3024791) lic_core INFO    (1) checking out 'jasper_interactive' ...
2026-02-25 09:59:44.159640 (3024791) lic_core INFO    ... (1) checkout succeeded
2026-02-25 09:59:44.159755 (3024791) lic__man INFO    Claim 'fpv' for <ui>.
2026-02-25 09:59:44.159784 (3024791) lic_core INFO    (2) checking out 'jasper_fpv' ...
2026-02-25 09:59:44.216800 (3024791) lic_core INFO    ... (2) checkout failed (error: -5) ("FLEXnet ERROR(-5, 0, 0): No such feature exists.")
2026-02-25 09:59:44.216917 (3024791) lic_core INFO    (3) checking out 'jasper_fao' ...
2026-02-25 09:59:44.288695 (3024791) lic_core INFO    ... (3) checkout succeeded
2026-02-25 09:59:44.290377 (3024791) main____ INFO    Tool inactivity delay is 480000 ms.
2026-02-25 09:59:44.298546 (3024802) stdio___ INFO    Starting STDIN reader (tty: yes, tty name: '/dev/pts/0')
2026-02-25 09:59:44.608425 (3024791) session_ INFO    Starting analysis session with session id 'session_0' (launcher: <local>) ...
2026-02-25 09:59:44.610396 (3024791) session_ INFO    Analysis session with session id 'session_0' started (pid: 3024803)
2026-02-25 09:59:48.093942 (3024791) session_ INFO    Analysis session 'session_0' connected to the console (host: 127.0.0.1:42734)
2026-02-25 09:59:57.077496 (3024791) lic__man INFO    Unclaim everything for 'session_0'.
2026-02-25 09:59:57.576021 (3024791) lic__man INFO    Claim 'fpv' for 'session_0'.
2026-02-25 09:59:57.576072 (3024791) lic__man INFO    Claim 'fpv' for 'session_0/prove-0'.
2026-02-25 10:00:00.446609 (3024791) lic__man INFO    Unclaim everything for 'session_0/prove-0'.
2026-02-25 10:00:00.515662 (3024791) main____ INFO    About to exit: request to exit with status 0 received from analysis session 'session_0'
2026-02-25 10:00:00.993655 (3024791) session_ INFO    Analysis session 'session_0' disconnected.
2026-02-25 10:00:00.993803 (3024791) lic__man INFO    Unclaim everything for 'session_0'.
2026-02-25 10:00:00.994013 (3024791) session_ INFO    Process for analysis session 'session_0' has exited with exit status '0'.
2026-02-25 10:00:02.440156 (3024802) stdio___ INFO    STDIN reader requested to stop.
2026-02-25 10:00:02.440211 (3024802) stdio___ INFO    STDIN reader stopped.
2026-02-25 10:00:02.450178 (3024791) lic_core INFO    (1) checkin jasper_interactive
2026-02-25 10:00:02.451321 (3024791) lic_core INFO    (3) checkin jasper_fao
2026-02-25 10:00:02.483596 (3024791) main____ INFO    Exiting with status 0.
