2026-03-01 01:33:42.404187 (1168201) main____ INFO    ----------------------------------------
2026-03-01 01:33:42.404256 (1168201) main____ INFO    Jasper version info
2026-03-01 01:33:42.404271 (1168201) main____ INFO      tool      : Jasper 2023.12
2026-03-01 01:33:42.404286 (1168201) main____ INFO      version   : 2023.12p001 64 bits
2026-03-01 01:33:42.404298 (1168201) main____ INFO      build date: 2024.01.23 16:09:24 UTC
2026-03-01 01:33:42.404323 (1168201) main____ INFO    ----------------------------------------
2026-03-01 01:33:42.404333 (1168201) main____ INFO    Runtime info:
2026-03-01 01:33:42.404344 (1168201) main____ INFO      platform  : Linux 4.18.0-553.89.1.el8_10.x86_64 x86_64
2026-03-01 01:33:42.404360 (1168201) main____ INFO      hostname  : caddy15.stanford.edu
2026-03-01 01:33:42.404375 (1168201) main____ INFO      pid       : 1168201
2026-03-01 01:33:42.404386 (1168201) main____ INFO      arguments : '-style' 'windows' '-allow_unsupported_OS' '-no_gui' '-fpv' './synthlc/i_LW_out/xPairwiseDepDiv/nunv_anytwo_75_.tcl' '-proj' './synthlc/i_LW_out/xPairwiseDepDiv/nunv_anytwo_75_jgsession_26-03-01-01_33_42'
2026-03-01 01:33:42.404401 (1168201) main____ INFO      locale    : UTF-8
2026-03-01 01:33:42.404411 (1168201) main____ INFO    ----------------------------------------
2026-03-01 01:33:42.404420 (1168201) main____ INFO    System resource limits info:
2026-03-01 01:33:42.404433 (1168201) main____ INFO      virtual memory: unlimited
2026-03-01 01:33:42.404445 (1168201) main____ INFO      cpu time      : unlimited
2026-03-01 01:33:42.404462 (1168201) main____ INFO      processes     : 4096
2026-03-01 01:33:42.404480 (1168201) main____ INFO      stack size    : 8388608 B
2026-03-01 01:33:42.404494 (1168201) main____ INFO      core file size: 0 B
2026-03-01 01:33:42.404507 (1168201) main____ INFO      open files    : 4096
2026-03-01 01:33:42.404519 (1168201) main____ INFO      file size     : unlimited
2026-03-01 01:33:42.404529 (1168201) main____ INFO    ----------------------------------------
2026-03-01 01:33:42.404538 (1168201) main____ INFO    Memory statistics:
2026-03-01 01:33:42.404549 (1168201) main____ INFO      total physical memory  : 98449092 kB
2026-03-01 01:33:42.404561 (1168201) main____ INFO      free physical memory   : 79699820 kB
2026-03-01 01:33:42.404572 (1168201) main____ INFO      committed address space: 2090740 kB
2026-03-01 01:33:42.404582 (1168201) main____ INFO    ----------------------------------------
2026-03-01 01:33:42.405707 (1168201) main____ INFO    Important environment variables:
2026-03-01 01:33:42.405733 (1168201) main____ INFO      CDS_LIC_FILE       : '5280@cadlic0'
2026-03-01 01:33:42.405746 (1168201) main____ INFO      JASPER_INSTALL_DIR : '/cad/cadence/jasper_2023.12p001'
2026-03-01 01:33:42.405758 (1168201) main____ INFO      JASPER_KERNEL_CHECK: '1'
2026-03-01 01:33:42.405769 (1168201) main____ INFO      JASPER_OS_CHECK    : '0'
2026-03-01 01:33:42.405781 (1168201) main____ INFO      LANG               : 'en_US.UTF-8'
2026-03-01 01:33:42.405791 (1168201) main____ INFO    ----------------------------------------
2026-03-01 01:33:42.406928 (1168201) lic_core INFO    Initializing license system ...
2026-03-01 01:33:42.408553 (1168201) lic_core INFO    ... license system initialized.
2026-03-01 01:33:42.419991 (1168201) lic__man INFO    Claim 'main' for <ui>.
2026-03-01 01:33:42.420034 (1168201) lic_core INFO    (1) checking out 'jasper_interactive' ...
2026-03-01 01:33:42.432530 (1168201) lic_core INFO    ... (1) checkout succeeded
2026-03-01 01:33:42.432592 (1168201) lic__man INFO    Claim 'fpv' for <ui>.
2026-03-01 01:33:42.432616 (1168201) lic_core INFO    (2) checking out 'jasper_fpv' ...
2026-03-01 01:33:42.436677 (1168201) lic_core INFO    ... (2) checkout failed (error: -5) ("FLEXnet ERROR(-5, 0, 0): No such feature exists.")
2026-03-01 01:33:42.436716 (1168201) lic_core INFO    (3) checking out 'jasper_fao' ...
2026-03-01 01:33:42.447594 (1168201) lic_core INFO    ... (3) checkout succeeded
2026-03-01 01:33:42.448574 (1168217) stdio___ INFO    Starting STDIN reader (tty: yes, tty name: '/dev/pts/0')
2026-03-01 01:33:42.448706 (1168201) main____ INFO    Tool inactivity delay is 480000 ms.
2026-03-01 01:33:42.488694 (1168201) session_ INFO    Starting analysis session with session id 'session_0' (launcher: <local>) ...
2026-03-01 01:33:42.490439 (1168201) session_ INFO    Analysis session with session id 'session_0' started (pid: 1168218)
2026-03-01 01:33:43.597112 (1168201) session_ INFO    Analysis session 'session_0' connected to the console (host: 127.0.0.1:55330)
2026-03-01 01:33:46.801668 (1168201) lic__man INFO    Unclaim everything for 'session_0'.
2026-03-01 01:33:47.257778 (1168201) lic__man INFO    Claim 'fpv' for 'session_0'.
2026-03-01 01:33:47.257821 (1168201) lic__man INFO    Claim 'fpv' for 'session_0/prove-0'.
2026-03-01 01:33:54.893632 (1168201) lic__man INFO    Unclaim everything for 'session_0/prove-0'.
2026-03-01 01:33:54.936467 (1168201) main____ INFO    About to exit: request to exit with status 0 received from analysis session 'session_0'
2026-03-01 01:33:55.107906 (1168201) session_ INFO    Analysis session 'session_0' disconnected.
2026-03-01 01:33:55.108038 (1168201) lic__man INFO    Unclaim everything for 'session_0'.
2026-03-01 01:33:55.110341 (1168201) session_ INFO    Process for analysis session 'session_0' has exited with exit status '0'.
2026-03-01 01:33:56.903998 (1168217) stdio___ INFO    STDIN reader requested to stop.
2026-03-01 01:33:56.904035 (1168217) stdio___ INFO    STDIN reader stopped.
2026-03-01 01:33:56.904252 (1168201) lic_core INFO    (1) checkin jasper_interactive
2026-03-01 01:33:56.905628 (1168201) lic_core INFO    (3) checkin jasper_fao
2026-03-01 01:33:56.906991 (1168201) main____ INFO    Exiting with status 0.
