2026-03-01 01:48:40.257288 (1218245) main____ INFO    ----------------------------------------
2026-03-01 01:48:40.257375 (1218245) main____ INFO    Jasper version info
2026-03-01 01:48:40.257390 (1218245) main____ INFO      tool      : Jasper 2023.12
2026-03-01 01:48:40.257404 (1218245) main____ INFO      version   : 2023.12p001 64 bits
2026-03-01 01:48:40.257417 (1218245) main____ INFO      build date: 2024.01.23 16:09:24 UTC
2026-03-01 01:48:40.257427 (1218245) main____ INFO    ----------------------------------------
2026-03-01 01:48:40.257436 (1218245) main____ INFO    Runtime info:
2026-03-01 01:48:40.257447 (1218245) main____ INFO      platform  : Linux 4.18.0-553.89.1.el8_10.x86_64 x86_64
2026-03-01 01:48:40.257464 (1218245) main____ INFO      hostname  : caddy15.stanford.edu
2026-03-01 01:48:40.257479 (1218245) main____ INFO      pid       : 1218245
2026-03-01 01:48:40.257490 (1218245) main____ INFO      arguments : '-style' 'windows' '-allow_unsupported_OS' '-no_gui' '-fpv' './synthlc/i_LW_out/xHBPerfG_dfg_v3_div/WHB_75_.tcl' '-proj' './synthlc/i_LW_out/xHBPerfG_dfg_v3_div/WHB_75_jgsession_26-03-01-01_48_40'
2026-03-01 01:48:40.257505 (1218245) main____ INFO      locale    : UTF-8
2026-03-01 01:48:40.257515 (1218245) main____ INFO    ----------------------------------------
2026-03-01 01:48:40.257525 (1218245) main____ INFO    System resource limits info:
2026-03-01 01:48:40.257537 (1218245) main____ INFO      virtual memory: unlimited
2026-03-01 01:48:40.257548 (1218245) main____ INFO      cpu time      : unlimited
2026-03-01 01:48:40.257565 (1218245) main____ INFO      processes     : 4096
2026-03-01 01:48:40.257584 (1218245) main____ INFO      stack size    : 8388608 B
2026-03-01 01:48:40.257598 (1218245) main____ INFO      core file size: 0 B
2026-03-01 01:48:40.257611 (1218245) main____ INFO      open files    : 4096
2026-03-01 01:48:40.257623 (1218245) main____ INFO      file size     : unlimited
2026-03-01 01:48:40.257633 (1218245) main____ INFO    ----------------------------------------
2026-03-01 01:48:40.257642 (1218245) main____ INFO    Memory statistics:
2026-03-01 01:48:40.257654 (1218245) main____ INFO      total physical memory  : 98449092 kB
2026-03-01 01:48:40.257665 (1218245) main____ INFO      free physical memory   : 79557740 kB
2026-03-01 01:48:40.257676 (1218245) main____ INFO      committed address space: 2226252 kB
2026-03-01 01:48:40.257686 (1218245) main____ INFO    ----------------------------------------
2026-03-01 01:48:40.258813 (1218245) main____ INFO    Important environment variables:
2026-03-01 01:48:40.258836 (1218245) main____ INFO      CDS_LIC_FILE       : '5280@cadlic0'
2026-03-01 01:48:40.258849 (1218245) main____ INFO      JASPER_INSTALL_DIR : '/cad/cadence/jasper_2023.12p001'
2026-03-01 01:48:40.258861 (1218245) main____ INFO      JASPER_KERNEL_CHECK: '1'
2026-03-01 01:48:40.258873 (1218245) main____ INFO      JASPER_OS_CHECK    : '0'
2026-03-01 01:48:40.258885 (1218245) main____ INFO      LANG               : 'en_US.UTF-8'
2026-03-01 01:48:40.258895 (1218245) main____ INFO    ----------------------------------------
2026-03-01 01:48:40.260004 (1218245) lic_core INFO    Initializing license system ...
2026-03-01 01:48:40.261625 (1218245) lic_core INFO    ... license system initialized.
2026-03-01 01:48:40.272536 (1218245) lic__man INFO    Claim 'main' for <ui>.
2026-03-01 01:48:40.272605 (1218245) lic_core INFO    (1) checking out 'jasper_interactive' ...
2026-03-01 01:48:40.284760 (1218245) lic_core INFO    ... (1) checkout succeeded
2026-03-01 01:48:40.284832 (1218245) lic__man INFO    Claim 'fpv' for <ui>.
2026-03-01 01:48:40.284856 (1218245) lic_core INFO    (2) checking out 'jasper_fpv' ...
2026-03-01 01:48:40.289124 (1218245) lic_core INFO    ... (2) checkout failed (error: -5) ("FLEXnet ERROR(-5, 0, 0): No such feature exists.")
2026-03-01 01:48:40.289160 (1218245) lic_core INFO    (3) checking out 'jasper_fao' ...
2026-03-01 01:48:40.300359 (1218245) lic_core INFO    ... (3) checkout succeeded
2026-03-01 01:48:40.301458 (1218256) stdio___ INFO    Starting STDIN reader (tty: yes, tty name: '/dev/pts/0')
2026-03-01 01:48:40.301611 (1218245) main____ INFO    Tool inactivity delay is 480000 ms.
2026-03-01 01:48:40.341748 (1218245) session_ INFO    Starting analysis session with session id 'session_0' (launcher: <local>) ...
2026-03-01 01:48:40.343621 (1218245) session_ INFO    Analysis session with session id 'session_0' started (pid: 1218257)
2026-03-01 01:48:41.453258 (1218245) session_ INFO    Analysis session 'session_0' connected to the console (host: 127.0.0.1:59722)
2026-03-01 01:48:44.764639 (1218245) lic__man INFO    Unclaim everything for 'session_0'.
2026-03-01 01:48:45.157872 (1218245) lic__man INFO    Claim 'fpv' for 'session_0'.
2026-03-01 01:48:45.157917 (1218245) lic__man INFO    Claim 'fpv' for 'session_0/prove-0'.
2026-03-01 01:49:01.723292 (1218245) lic__man INFO    Unclaim everything for 'session_0/prove-0'.
2026-03-01 01:49:01.767436 (1218245) main____ INFO    About to exit: request to exit with status 0 received from analysis session 'session_0'
2026-03-01 01:49:01.918662 (1218245) session_ INFO    Analysis session 'session_0' disconnected.
2026-03-01 01:49:01.918842 (1218245) lic__man INFO    Unclaim everything for 'session_0'.
2026-03-01 01:49:01.919035 (1218245) session_ INFO    Process for analysis session 'session_0' has exited with exit status '0'.
2026-03-01 01:49:03.874751 (1218256) stdio___ INFO    STDIN reader requested to stop.
2026-03-01 01:49:03.874787 (1218256) stdio___ INFO    STDIN reader stopped.
2026-03-01 01:49:03.875014 (1218245) lic_core INFO    (1) checkin jasper_interactive
2026-03-01 01:49:03.875869 (1218245) lic_core INFO    (3) checkin jasper_fao
2026-03-01 01:49:03.876918 (1218245) main____ INFO    Exiting with status 0.
