2026-02-27 17:20:08.829754 (3253171) main____ INFO    ----------------------------------------
2026-02-27 17:20:08.829868 (3253171) main____ INFO    Jasper version info
2026-02-27 17:20:08.829887 (3253171) main____ INFO      tool      : Jasper 2023.12
2026-02-27 17:20:08.829905 (3253171) main____ INFO      version   : 2023.12p001 64 bits
2026-02-27 17:20:08.829921 (3253171) main____ INFO      build date: 2024.01.23 16:09:24 UTC
2026-02-27 17:20:08.829934 (3253171) main____ INFO    ----------------------------------------
2026-02-27 17:20:08.829945 (3253171) main____ INFO    Runtime info:
2026-02-27 17:20:08.829957 (3253171) main____ INFO      platform  : Linux 4.18.0-553.89.1.el8_10.x86_64 x86_64
2026-02-27 17:20:08.829979 (3253171) main____ INFO      hostname  : caddy12.stanford.edu
2026-02-27 17:20:08.829997 (3253171) main____ INFO      pid       : 3253171
2026-02-27 17:20:08.830010 (3253171) main____ INFO      arguments : '-style' 'windows' '-allow_unsupported_OS' '-no_gui' '-fpv' './synthlc/i_DIV_out/xPerfLocCycleCount/over1cyc_1_div_fsm_s4_.tcl' '-proj' './synthlc/i_DIV_out/xPerfLocCycleCount/over1cyc_1_div_fsm_s4_jgsession_26-02-27-17_20_08'
2026-02-27 17:20:08.830030 (3253171) main____ INFO      locale    : UTF-8
2026-02-27 17:20:08.830042 (3253171) main____ INFO    ----------------------------------------
2026-02-27 17:20:08.830053 (3253171) main____ INFO    System resource limits info:
2026-02-27 17:20:08.830067 (3253171) main____ INFO      virtual memory: unlimited
2026-02-27 17:20:08.830081 (3253171) main____ INFO      cpu time      : unlimited
2026-02-27 17:20:08.830101 (3253171) main____ INFO      processes     : 4096
2026-02-27 17:20:08.830123 (3253171) main____ INFO      stack size    : 8388608 B
2026-02-27 17:20:08.830140 (3253171) main____ INFO      core file size: 0 B
2026-02-27 17:20:08.830156 (3253171) main____ INFO      open files    : 4096
2026-02-27 17:20:08.830170 (3253171) main____ INFO      file size     : unlimited
2026-02-27 17:20:08.830182 (3253171) main____ INFO    ----------------------------------------
2026-02-27 17:20:08.830193 (3253171) main____ INFO    Memory statistics:
2026-02-27 17:20:08.830207 (3253171) main____ INFO      total physical memory  : 98449088 kB
2026-02-27 17:20:08.830220 (3253171) main____ INFO      free physical memory   : 77021140 kB
2026-02-27 17:20:08.830234 (3253171) main____ INFO      committed address space: 4542568 kB
2026-02-27 17:20:08.830245 (3253171) main____ INFO    ----------------------------------------
2026-02-27 17:20:08.831463 (3253171) main____ INFO    Important environment variables:
2026-02-27 17:20:08.832649 (3253171) main____ INFO      CDS_LIC_FILE       : '5280@cadlic0'
2026-02-27 17:20:08.832688 (3253171) main____ INFO      DISPLAY            : 'localhost:12.0'
2026-02-27 17:20:08.832704 (3253171) main____ INFO      JASPER_INSTALL_DIR : '/cad/cadence/jasper_2023.12p001'
2026-02-27 17:20:08.832719 (3253171) main____ INFO      JASPER_KERNEL_CHECK: '1'
2026-02-27 17:20:08.832734 (3253171) main____ INFO      JASPER_OS_CHECK    : '0'
2026-02-27 17:20:08.832748 (3253171) main____ INFO      LANG               : 'zh_TW.UTF-8'
2026-02-27 17:20:08.832771 (3253171) main____ INFO    ----------------------------------------
2026-02-27 17:20:08.834901 (3253171) lic_core INFO    Initializing license system ...
2026-02-27 17:20:08.863757 (3253171) lic_core INFO    ... license system initialized.
2026-02-27 17:20:08.981101 (3253171) lic__man INFO    Claim 'main' for <ui>.
2026-02-27 17:20:08.981194 (3253171) lic_core INFO    (1) checking out 'jasper_interactive' ...
2026-02-27 17:20:09.013172 (3253171) lic_core INFO    ... (1) checkout succeeded
2026-02-27 17:20:09.013286 (3253171) lic__man INFO    Claim 'fpv' for <ui>.
2026-02-27 17:20:09.013318 (3253171) lic_core INFO    (2) checking out 'jasper_fpv' ...
2026-02-27 17:20:09.062984 (3253171) lic_core INFO    ... (2) checkout failed (error: -5) ("FLEXnet ERROR(-5, 0, 0): No such feature exists.")
2026-02-27 17:20:09.063046 (3253171) lic_core INFO    (3) checking out 'jasper_fao' ...
2026-02-27 17:20:09.146255 (3253171) lic_core INFO    ... (3) checkout succeeded
2026-02-27 17:20:09.157711 (3253171) main____ INFO    Tool inactivity delay is 480000 ms.
2026-02-27 17:20:09.175899 (3253199) stdio___ INFO    Starting STDIN reader (tty: yes, tty name: '/dev/pts/0')
2026-02-27 17:20:09.244475 (3253171) session_ INFO    Starting analysis session with session id 'session_0' (launcher: <local>) ...
2026-02-27 17:20:09.246481 (3253171) session_ INFO    Analysis session with session id 'session_0' started (pid: 3253206)
2026-02-27 17:20:10.728186 (3253171) session_ INFO    Analysis session 'session_0' connected to the console (host: 127.0.0.1:52054)
2026-02-27 17:20:13.924373 (3253171) lic__man INFO    Unclaim everything for 'session_0'.
2026-02-27 17:20:14.127548 (3253171) lic__man INFO    Claim 'fpv' for 'session_0'.
2026-02-27 17:20:14.127591 (3253171) lic__man INFO    Claim 'fpv' for 'session_0/prove-0'.
2026-02-27 17:20:56.647965 (3253171) lic__man INFO    Unclaim everything for 'session_0/prove-0'.
2026-02-27 17:20:56.662109 (3253171) main____ INFO    About to exit: request to exit with status 0 received from analysis session 'session_0'
2026-02-27 17:20:56.910907 (3253171) session_ INFO    Analysis session 'session_0' disconnected.
2026-02-27 17:20:56.911059 (3253171) lic__man INFO    Unclaim everything for 'session_0'.
2026-02-27 17:20:56.911847 (3253171) session_ INFO    Process for analysis session 'session_0' has exited with exit status '0'.
2026-02-27 17:20:58.793854 (3253199) stdio___ INFO    STDIN reader requested to stop.
2026-02-27 17:20:58.793925 (3253199) stdio___ INFO    STDIN reader stopped.
2026-02-27 17:20:58.794221 (3253171) lic_core INFO    (1) checkin jasper_interactive
2026-02-27 17:20:58.796413 (3253171) lic_core INFO    (3) checkin jasper_fao
2026-02-27 17:20:58.818037 (3253171) main____ INFO    Exiting with status 0.
