2026-02-28 23:06:54.625823 (1092681) main____ INFO    ----------------------------------------
2026-02-28 23:06:54.625890 (1092681) main____ INFO    Jasper version info
2026-02-28 23:06:54.625905 (1092681) main____ INFO      tool      : Jasper 2023.12
2026-02-28 23:06:54.625919 (1092681) main____ INFO      version   : 2023.12p001 64 bits
2026-02-28 23:06:54.625932 (1092681) main____ INFO      build date: 2024.01.23 16:09:24 UTC
2026-02-28 23:06:54.625942 (1092681) main____ INFO    ----------------------------------------
2026-02-28 23:06:54.625951 (1092681) main____ INFO    Runtime info:
2026-02-28 23:06:54.625962 (1092681) main____ INFO      platform  : Linux 4.18.0-553.89.1.el8_10.x86_64 x86_64
2026-02-28 23:06:54.625978 (1092681) main____ INFO      hostname  : caddy15.stanford.edu
2026-02-28 23:06:54.625993 (1092681) main____ INFO      pid       : 1092681
2026-02-28 23:06:54.626004 (1092681) main____ INFO      arguments : '-style' 'windows' '-allow_unsupported_OS' '-no_gui' '-fpv' './synthlc/i_BEQ_out/xHBPerfG_dfg_v3_div/HB_21_.tcl' '-proj' './synthlc/i_BEQ_out/xHBPerfG_dfg_v3_div/HB_21_jgsession_26-02-28-23_06_54'
2026-02-28 23:06:54.626019 (1092681) main____ INFO      locale    : UTF-8
2026-02-28 23:06:54.626029 (1092681) main____ INFO    ----------------------------------------
2026-02-28 23:06:54.626038 (1092681) main____ INFO    System resource limits info:
2026-02-28 23:06:54.626050 (1092681) main____ INFO      virtual memory: unlimited
2026-02-28 23:06:54.626063 (1092681) main____ INFO      cpu time      : unlimited
2026-02-28 23:06:54.626079 (1092681) main____ INFO      processes     : 4096
2026-02-28 23:06:54.626097 (1092681) main____ INFO      stack size    : 8388608 B
2026-02-28 23:06:54.626111 (1092681) main____ INFO      core file size: 0 B
2026-02-28 23:06:54.626124 (1092681) main____ INFO      open files    : 4096
2026-02-28 23:06:54.626136 (1092681) main____ INFO      file size     : unlimited
2026-02-28 23:06:54.626146 (1092681) main____ INFO    ----------------------------------------
2026-02-28 23:06:54.626155 (1092681) main____ INFO    Memory statistics:
2026-02-28 23:06:54.626167 (1092681) main____ INFO      total physical memory  : 98449092 kB
2026-02-28 23:06:54.626178 (1092681) main____ INFO      free physical memory   : 79943520 kB
2026-02-28 23:06:54.626189 (1092681) main____ INFO      committed address space: 1928384 kB
2026-02-28 23:06:54.626198 (1092681) main____ INFO    ----------------------------------------
2026-02-28 23:06:54.627351 (1092681) main____ INFO    Important environment variables:
2026-02-28 23:06:54.627376 (1092681) main____ INFO      CDS_LIC_FILE       : '5280@cadlic0'
2026-02-28 23:06:54.627388 (1092681) main____ INFO      JASPER_INSTALL_DIR : '/cad/cadence/jasper_2023.12p001'
2026-02-28 23:06:54.627400 (1092681) main____ INFO      JASPER_KERNEL_CHECK: '1'
2026-02-28 23:06:54.627412 (1092681) main____ INFO      JASPER_OS_CHECK    : '0'
2026-02-28 23:06:54.627424 (1092681) main____ INFO      LANG               : 'en_US.UTF-8'
2026-02-28 23:06:54.627434 (1092681) main____ INFO    ----------------------------------------
2026-02-28 23:06:54.628631 (1092681) lic_core INFO    Initializing license system ...
2026-02-28 23:06:54.630962 (1092681) lic_core INFO    ... license system initialized.
2026-02-28 23:06:54.641845 (1092681) lic__man INFO    Claim 'main' for <ui>.
2026-02-28 23:06:54.641892 (1092681) lic_core INFO    (1) checking out 'jasper_interactive' ...
2026-02-28 23:06:54.654056 (1092681) lic_core INFO    ... (1) checkout succeeded
2026-02-28 23:06:54.654123 (1092681) lic__man INFO    Claim 'fpv' for <ui>.
2026-02-28 23:06:54.654146 (1092681) lic_core INFO    (2) checking out 'jasper_fpv' ...
2026-02-28 23:06:54.658027 (1092681) lic_core INFO    ... (2) checkout failed (error: -5) ("FLEXnet ERROR(-5, 0, 0): No such feature exists.")
2026-02-28 23:06:54.658061 (1092681) lic_core INFO    (3) checking out 'jasper_fao' ...
2026-02-28 23:06:54.668600 (1092681) lic_core INFO    ... (3) checkout succeeded
2026-02-28 23:06:54.669564 (1092692) stdio___ INFO    Starting STDIN reader (tty: yes, tty name: '/dev/pts/0')
2026-02-28 23:06:54.669742 (1092681) main____ INFO    Tool inactivity delay is 480000 ms.
2026-02-28 23:06:54.710017 (1092681) session_ INFO    Starting analysis session with session id 'session_0' (launcher: <local>) ...
2026-02-28 23:06:54.711889 (1092681) session_ INFO    Analysis session with session id 'session_0' started (pid: 1092693)
2026-02-28 23:06:55.825372 (1092681) session_ INFO    Analysis session 'session_0' connected to the console (host: 127.0.0.1:43900)
2026-02-28 23:06:58.952006 (1092681) lic__man INFO    Unclaim everything for 'session_0'.
2026-02-28 23:06:59.155183 (1092681) lic__man INFO    Claim 'fpv' for 'session_0'.
2026-02-28 23:06:59.155221 (1092681) lic__man INFO    Claim 'fpv' for 'session_0/prove-0'.
2026-02-28 23:07:01.116615 (1092681) lic__man INFO    Unclaim everything for 'session_0/prove-0'.
2026-02-28 23:07:01.172215 (1092681) main____ INFO    About to exit: request to exit with status 0 received from analysis session 'session_0'
2026-02-28 23:07:01.623013 (1092681) session_ INFO    Analysis session 'session_0' disconnected.
2026-02-28 23:07:01.623190 (1092681) lic__man INFO    Unclaim everything for 'session_0'.
2026-02-28 23:07:01.625901 (1092681) session_ INFO    Process for analysis session 'session_0' has exited with exit status '0'.
2026-02-28 23:07:03.294904 (1092692) stdio___ INFO    STDIN reader requested to stop.
2026-02-28 23:07:03.294954 (1092692) stdio___ INFO    STDIN reader stopped.
2026-02-28 23:07:03.295289 (1092681) lic_core INFO    (1) checkin jasper_interactive
2026-02-28 23:07:03.307216 (1092681) lic_core INFO    (3) checkin jasper_fao
2026-02-28 23:07:03.322336 (1092681) main____ INFO    Exiting with status 0.
