imp,id_stage_s1,mult_fsm_s1,0
excl,id_stage_s1,mult_fsm_s1,0
imp,id_stage_s1,mult_fsm_s2,1
excl,id_stage_s1,mult_fsm_s2,1
imp,id_stage_s1,mult_fsm_s3,2
excl,id_stage_s1,mult_fsm_s3,2
imp,id_stage_s1,mult_fsm_s5,3
excl,id_stage_s1,mult_fsm_s5,3
imp,id_stage_s1,wb_stage_s1,4
excl,id_stage_s1,wb_stage_s1,4
imp,mult_fsm_s1,id_stage_s1,5
imp,mult_fsm_s1,mult_fsm_s2,6
excl,mult_fsm_s1,mult_fsm_s2,6
imp,mult_fsm_s1,mult_fsm_s3,7
excl,mult_fsm_s1,mult_fsm_s3,7
imp,mult_fsm_s1,mult_fsm_s5,8
excl,mult_fsm_s1,mult_fsm_s5,8
imp,mult_fsm_s1,wb_stage_s1,9
excl,mult_fsm_s1,wb_stage_s1,9
imp,mult_fsm_s2,id_stage_s1,10
imp,mult_fsm_s2,mult_fsm_s1,11
imp,mult_fsm_s2,mult_fsm_s3,12
excl,mult_fsm_s2,mult_fsm_s3,12
imp,mult_fsm_s2,mult_fsm_s5,13
excl,mult_fsm_s2,mult_fsm_s5,13
imp,mult_fsm_s2,wb_stage_s1,14
excl,mult_fsm_s2,wb_stage_s1,14
imp,mult_fsm_s3,id_stage_s1,15
imp,mult_fsm_s3,mult_fsm_s1,16
imp,mult_fsm_s3,mult_fsm_s2,17
imp,mult_fsm_s3,mult_fsm_s5,18
excl,mult_fsm_s3,mult_fsm_s5,18
imp,mult_fsm_s3,wb_stage_s1,19
excl,mult_fsm_s3,wb_stage_s1,19
imp,mult_fsm_s5,id_stage_s1,20
imp,mult_fsm_s5,mult_fsm_s1,21
imp,mult_fsm_s5,mult_fsm_s2,22
imp,mult_fsm_s5,mult_fsm_s3,23
imp,mult_fsm_s5,wb_stage_s1,24
excl,mult_fsm_s5,wb_stage_s1,24
imp,wb_stage_s1,id_stage_s1,25
imp,wb_stage_s1,mult_fsm_s1,26
imp,wb_stage_s1,mult_fsm_s2,27
imp,wb_stage_s1,mult_fsm_s3,28
imp,wb_stage_s1,mult_fsm_s5,29
