2026-03-01 09:42:50.122373 (34316) main____ INFO    ----------------------------------------
2026-03-01 09:42:50.122477 (34316) main____ INFO    Jasper version info
2026-03-01 09:42:50.122495 (34316) main____ INFO      tool      : Jasper 2023.12
2026-03-01 09:42:50.122524 (34316) main____ INFO      version   : 2023.12p001 64 bits
2026-03-01 09:42:50.122539 (34316) main____ INFO      build date: 2024.01.23 16:09:24 UTC
2026-03-01 09:42:50.122550 (34316) main____ INFO    ----------------------------------------
2026-03-01 09:42:50.122560 (34316) main____ INFO    Runtime info:
2026-03-01 09:42:50.122571 (34316) main____ INFO      platform  : Linux 4.18.0-553.89.1.el8_10.x86_64 x86_64
2026-03-01 09:42:50.122591 (34316) main____ INFO      hostname  : caddy12.stanford.edu
2026-03-01 09:42:50.122607 (34316) main____ INFO      pid       : 34316
2026-03-01 09:42:50.122618 (34316) main____ INFO      arguments : '-style' 'windows' '-allow_unsupported_OS' '-no_gui' '-fpv' './synthlc/i_LW_out/xHBPerfG_dfg_v3_div/HB_199_.tcl' '-proj' './synthlc/i_LW_out/xHBPerfG_dfg_v3_div/HB_199_jgsession_26-03-01-09_42_49'
2026-03-01 09:42:50.122637 (34316) main____ INFO      locale    : UTF-8
2026-03-01 09:42:50.122647 (34316) main____ INFO    ----------------------------------------
2026-03-01 09:42:50.122657 (34316) main____ INFO    System resource limits info:
2026-03-01 09:42:50.122684 (34316) main____ INFO      virtual memory: unlimited
2026-03-01 09:42:50.122697 (34316) main____ INFO      cpu time      : unlimited
2026-03-01 09:42:50.122716 (34316) main____ INFO      processes     : 4096
2026-03-01 09:42:50.122737 (34316) main____ INFO      stack size    : 8388608 B
2026-03-01 09:42:50.122751 (34316) main____ INFO      core file size: 0 B
2026-03-01 09:42:50.122765 (34316) main____ INFO      open files    : 4096
2026-03-01 09:42:50.122778 (34316) main____ INFO      file size     : unlimited
2026-03-01 09:42:50.122789 (34316) main____ INFO    ----------------------------------------
2026-03-01 09:42:50.122799 (34316) main____ INFO    Memory statistics:
2026-03-01 09:42:50.122811 (34316) main____ INFO      total physical memory  : 98449088 kB
2026-03-01 09:42:50.122823 (34316) main____ INFO      free physical memory   : 81592892 kB
2026-03-01 09:42:50.122836 (34316) main____ INFO      committed address space: 13138484 kB
2026-03-01 09:42:50.122846 (34316) main____ INFO    ----------------------------------------
2026-03-01 09:42:50.124022 (34316) main____ INFO    Important environment variables:
2026-03-01 09:42:50.124049 (34316) main____ INFO      CDS_LIC_FILE       : '5280@cadlic0'
2026-03-01 09:42:50.124063 (34316) main____ INFO      DISPLAY            : 'localhost:12.0'
2026-03-01 09:42:50.124075 (34316) main____ INFO      JASPER_INSTALL_DIR : '/cad/cadence/jasper_2023.12p001'
2026-03-01 09:42:50.124087 (34316) main____ INFO      JASPER_KERNEL_CHECK: '1'
2026-03-01 09:42:50.124100 (34316) main____ INFO      JASPER_OS_CHECK    : '0'
2026-03-01 09:42:50.124112 (34316) main____ INFO      LANG               : 'zh_TW.UTF-8'
2026-03-01 09:42:50.124123 (34316) main____ INFO    ----------------------------------------
2026-03-01 09:42:50.126815 (34316) lic_core INFO    Initializing license system ...
2026-03-01 09:42:50.163474 (34316) lic_core INFO    ... license system initialized.
2026-03-01 09:42:50.185573 (34316) lic__man INFO    Claim 'main' for <ui>.
2026-03-01 09:42:50.185677 (34316) lic_core INFO    (1) checking out 'jasper_interactive' ...
2026-03-01 09:42:50.198708 (34316) lic_core INFO    ... (1) checkout succeeded
2026-03-01 09:42:50.198825 (34316) lic__man INFO    Claim 'fpv' for <ui>.
2026-03-01 09:42:50.198856 (34316) lic_core INFO    (2) checking out 'jasper_fpv' ...
2026-03-01 09:42:50.207299 (34316) lic_core INFO    ... (2) checkout failed (error: -5) ("FLEXnet ERROR(-5, 0, 0): No such feature exists.")
2026-03-01 09:42:50.207370 (34316) lic_core INFO    (3) checking out 'jasper_fao' ...
2026-03-01 09:42:50.218380 (34316) lic_core INFO    ... (3) checkout succeeded
2026-03-01 09:42:50.264879 (34316) main____ INFO    Tool inactivity delay is 480000 ms.
2026-03-01 09:42:50.272909 (34327) stdio___ INFO    Starting STDIN reader (tty: yes, tty name: '/dev/pts/0')
2026-03-01 09:42:50.499834 (34316) session_ INFO    Starting analysis session with session id 'session_0' (launcher: <local>) ...
2026-03-01 09:42:50.501780 (34316) session_ INFO    Analysis session with session id 'session_0' started (pid: 34337)
2026-03-01 09:42:51.909150 (34316) session_ INFO    Analysis session 'session_0' connected to the console (host: 127.0.0.1:44768)
2026-03-01 09:42:56.822761 (34316) lic__man INFO    Unclaim everything for 'session_0'.
2026-03-01 09:42:57.145815 (34316) lic__man INFO    Claim 'fpv' for 'session_0'.
2026-03-01 09:42:57.145863 (34316) lic__man INFO    Claim 'fpv' for 'session_0/prove-0'.
2026-03-01 09:43:10.128246 (34316) lic__man INFO    Unclaim everything for 'session_0/prove-0'.
2026-03-01 09:43:10.163057 (34316) main____ INFO    About to exit: request to exit with status 0 received from analysis session 'session_0'
2026-03-01 09:43:10.390413 (34316) session_ INFO    Analysis session 'session_0' disconnected.
2026-03-01 09:43:10.390581 (34316) lic__man INFO    Unclaim everything for 'session_0'.
2026-03-01 09:43:10.393131 (34316) session_ INFO    Process for analysis session 'session_0' has exited with exit status '0'.
2026-03-01 09:43:12.281748 (34327) stdio___ INFO    STDIN reader requested to stop.
2026-03-01 09:43:12.281819 (34327) stdio___ INFO    STDIN reader stopped.
2026-03-01 09:43:12.283941 (34316) lic_core INFO    (1) checkin jasper_interactive
2026-03-01 09:43:12.302979 (34316) lic_core INFO    (3) checkin jasper_fao
2026-03-01 09:43:12.305062 (34316) main____ INFO    Exiting with status 0.
