2026-02-26 06:14:53.174897 (3848678) main____ INFO    ----------------------------------------
2026-02-26 06:14:53.175006 (3848678) main____ INFO    Jasper version info
2026-02-26 06:14:53.175024 (3848678) main____ INFO      tool      : Jasper 2023.12
2026-02-26 06:14:53.175041 (3848678) main____ INFO      version   : 2023.12p001 64 bits
2026-02-26 06:14:53.175056 (3848678) main____ INFO      build date: 2024.01.23 16:09:24 UTC
2026-02-26 06:14:53.175068 (3848678) main____ INFO    ----------------------------------------
2026-02-26 06:14:53.175078 (3848678) main____ INFO    Runtime info:
2026-02-26 06:14:53.175091 (3848678) main____ INFO      platform  : Linux 4.18.0-553.89.1.el8_10.x86_64 x86_64
2026-02-26 06:14:53.175112 (3848678) main____ INFO      hostname  : caddy15.stanford.edu
2026-02-26 06:14:53.175130 (3848678) main____ INFO      pid       : 3848678
2026-02-26 06:14:53.175144 (3848678) main____ INFO      arguments : '-style' 'windows' '-allow_unsupported_OS' '-no_gui' '-fpv' './synthlc/i_ADDI_out/xHBPerfG_dfg_v3_div/HB_281_.tcl' '-proj' './synthlc/i_ADDI_out/xHBPerfG_dfg_v3_div/HB_281_jgsession_26-02-26-06_14_52'
2026-02-26 06:14:53.175163 (3848678) main____ INFO      locale    : UTF-8
2026-02-26 06:14:53.175175 (3848678) main____ INFO    ----------------------------------------
2026-02-26 06:14:53.175186 (3848678) main____ INFO    System resource limits info:
2026-02-26 06:14:53.175200 (3848678) main____ INFO      virtual memory: unlimited
2026-02-26 06:14:53.175214 (3848678) main____ INFO      cpu time      : unlimited
2026-02-26 06:14:53.175235 (3848678) main____ INFO      processes     : 4096
2026-02-26 06:14:53.175260 (3848678) main____ INFO      stack size    : 8388608 B
2026-02-26 06:14:53.175276 (3848678) main____ INFO      core file size: 0 B
2026-02-26 06:14:53.175291 (3848678) main____ INFO      open files    : 4096
2026-02-26 06:14:53.175320 (3848678) main____ INFO      file size     : unlimited
2026-02-26 06:14:53.175332 (3848678) main____ INFO    ----------------------------------------
2026-02-26 06:14:53.175342 (3848678) main____ INFO    Memory statistics:
2026-02-26 06:14:53.175355 (3848678) main____ INFO      total physical memory  : 98449092 kB
2026-02-26 06:14:53.175368 (3848678) main____ INFO      free physical memory   : 71398248 kB
2026-02-26 06:14:53.175381 (3848678) main____ INFO      committed address space: 12721732 kB
2026-02-26 06:14:53.175392 (3848678) main____ INFO    ----------------------------------------
2026-02-26 06:14:53.176747 (3848678) main____ INFO    Important environment variables:
2026-02-26 06:14:53.176774 (3848678) main____ INFO      CDS_LIC_FILE       : '5280@cadlic0'
2026-02-26 06:14:53.176789 (3848678) main____ INFO      JASPER_INSTALL_DIR : '/cad/cadence/jasper_2023.12p001'
2026-02-26 06:14:53.176803 (3848678) main____ INFO      JASPER_KERNEL_CHECK: '1'
2026-02-26 06:14:53.176817 (3848678) main____ INFO      JASPER_OS_CHECK    : '0'
2026-02-26 06:14:53.176830 (3848678) main____ INFO      LANG               : 'en_US.UTF-8'
2026-02-26 06:14:53.176841 (3848678) main____ INFO    ----------------------------------------
2026-02-26 06:14:53.188468 (3848678) lic_core INFO    Initializing license system ...
2026-02-26 06:14:53.223542 (3848678) lic_core INFO    ... license system initialized.
2026-02-26 06:14:53.358889 (3848678) lic__man INFO    Claim 'main' for <ui>.
2026-02-26 06:14:53.358969 (3848678) lic_core INFO    (1) checking out 'jasper_interactive' ...
2026-02-26 06:14:53.429654 (3848678) lic_core INFO    ... (1) checkout succeeded
2026-02-26 06:14:53.429768 (3848678) lic__man INFO    Claim 'fpv' for <ui>.
2026-02-26 06:14:53.429798 (3848678) lic_core INFO    (2) checking out 'jasper_fpv' ...
2026-02-26 06:14:53.492859 (3848678) lic_core INFO    ... (2) checkout failed (error: -5) ("FLEXnet ERROR(-5, 0, 0): No such feature exists.")
2026-02-26 06:14:53.492931 (3848678) lic_core INFO    (3) checking out 'jasper_fao' ...
2026-02-26 06:14:53.578569 (3848678) lic_core INFO    ... (3) checkout succeeded
2026-02-26 06:14:53.580373 (3848678) main____ INFO    Tool inactivity delay is 480000 ms.
2026-02-26 06:14:53.663601 (3848689) stdio___ INFO    Starting STDIN reader (tty: yes, tty name: '/dev/pts/0')
2026-02-26 06:14:53.904441 (3848678) session_ INFO    Starting analysis session with session id 'session_0' (launcher: <local>) ...
2026-02-26 06:14:53.906432 (3848678) session_ INFO    Analysis session with session id 'session_0' started (pid: 3848690)
2026-02-26 06:14:57.237028 (3848678) session_ INFO    Analysis session 'session_0' connected to the console (host: 127.0.0.1:40720)
2026-02-26 06:15:02.077419 (3848678) lic__man INFO    Unclaim everything for 'session_0'.
2026-02-26 06:15:02.401458 (3848678) lic__man INFO    Claim 'fpv' for 'session_0'.
2026-02-26 06:15:02.401510 (3848678) lic__man INFO    Claim 'fpv' for 'session_0/prove-0'.
2026-02-26 06:15:21.943358 (3848678) lic__man INFO    Unclaim everything for 'session_0/prove-0'.
2026-02-26 06:15:21.959107 (3848678) main____ INFO    About to exit: request to exit with status 0 received from analysis session 'session_0'
2026-02-26 06:15:22.175617 (3848678) session_ INFO    Analysis session 'session_0' disconnected.
2026-02-26 06:15:22.175778 (3848678) lic__man INFO    Unclaim everything for 'session_0'.
2026-02-26 06:15:22.177188 (3848678) session_ INFO    Process for analysis session 'session_0' has exited with exit status '0'.
2026-02-26 06:15:23.915619 (3848689) stdio___ INFO    STDIN reader requested to stop.
2026-02-26 06:15:23.915672 (3848689) stdio___ INFO    STDIN reader stopped.
2026-02-26 06:15:23.925159 (3848678) lic_core INFO    (1) checkin jasper_interactive
2026-02-26 06:15:23.926686 (3848678) lic_core INFO    (3) checkin jasper_fao
2026-02-26 06:15:23.947740 (3848678) main____ INFO    Exiting with status 0.
