2026-03-02 00:24:55.547527 (804329) main____ INFO    ----------------------------------------
2026-03-02 00:24:55.547610 (804329) main____ INFO    Jasper version info
2026-03-02 00:24:55.547626 (804329) main____ INFO      tool      : Jasper 2023.12
2026-03-02 00:24:55.547641 (804329) main____ INFO      version   : 2023.12p001 64 bits
2026-03-02 00:24:55.547654 (804329) main____ INFO      build date: 2024.01.23 16:09:24 UTC
2026-03-02 00:24:55.547663 (804329) main____ INFO    ----------------------------------------
2026-03-02 00:24:55.547672 (804329) main____ INFO    Runtime info:
2026-03-02 00:24:55.547683 (804329) main____ INFO      platform  : Linux 4.18.0-553.89.1.el8_10.x86_64 x86_64
2026-03-02 00:24:55.547701 (804329) main____ INFO      hostname  : caddy10.stanford.edu
2026-03-02 00:24:55.547715 (804329) main____ INFO      pid       : 804329
2026-03-02 00:24:55.547727 (804329) main____ INFO      arguments : '-style' 'windows' '-allow_unsupported_OS' '-no_gui' '-fpv' './synthlc/i_MUL_out/xHBPerfG_dfg_v3_div/WHB_93_.tcl' '-proj' './synthlc/i_MUL_out/xHBPerfG_dfg_v3_div/WHB_93_jgsession_26-03-02-00_24_55'
2026-03-02 00:24:55.547744 (804329) main____ INFO      locale    : UTF-8
2026-03-02 00:24:55.547753 (804329) main____ INFO    ----------------------------------------
2026-03-02 00:24:55.547763 (804329) main____ INFO    System resource limits info:
2026-03-02 00:24:55.547774 (804329) main____ INFO      virtual memory: unlimited
2026-03-02 00:24:55.547785 (804329) main____ INFO      cpu time      : unlimited
2026-03-02 00:24:55.547803 (804329) main____ INFO      processes     : 4096
2026-03-02 00:24:55.547823 (804329) main____ INFO      stack size    : 8388608 B
2026-03-02 00:24:55.547837 (804329) main____ INFO      core file size: 0 B
2026-03-02 00:24:55.547850 (804329) main____ INFO      open files    : 4096
2026-03-02 00:24:55.547862 (804329) main____ INFO      file size     : unlimited
2026-03-02 00:24:55.547871 (804329) main____ INFO    ----------------------------------------
2026-03-02 00:24:55.547880 (804329) main____ INFO    Memory statistics:
2026-03-02 00:24:55.547891 (804329) main____ INFO      total physical memory  : 98449096 kB
2026-03-02 00:24:55.547902 (804329) main____ INFO      free physical memory   : 90949812 kB
2026-03-02 00:24:55.547914 (804329) main____ INFO      committed address space: 3131876 kB
2026-03-02 00:24:55.547923 (804329) main____ INFO    ----------------------------------------
2026-03-02 00:24:55.549087 (804329) main____ INFO    Important environment variables:
2026-03-02 00:24:55.549113 (804329) main____ INFO      CDS_LIC_FILE       : '5280@cadlic0'
2026-03-02 00:24:55.549125 (804329) main____ INFO      JASPER_INSTALL_DIR : '/cad/cadence/jasper_2023.12p001'
2026-03-02 00:24:55.549137 (804329) main____ INFO      JASPER_KERNEL_CHECK: '1'
2026-03-02 00:24:55.549149 (804329) main____ INFO      JASPER_OS_CHECK    : '0'
2026-03-02 00:24:55.549160 (804329) main____ INFO      LANG               : 'en_US.UTF-8'
2026-03-02 00:24:55.549170 (804329) main____ INFO    ----------------------------------------
2026-03-02 00:24:55.569188 (804329) lic_core INFO    Initializing license system ...
2026-03-02 00:24:55.576983 (804329) lic_core INFO    ... license system initialized.
2026-03-02 00:24:55.616468 (804329) lic__man INFO    Claim 'main' for <ui>.
2026-03-02 00:24:55.616531 (804329) lic_core INFO    (1) checking out 'jasper_interactive' ...
2026-03-02 00:24:55.638300 (804329) lic_core INFO    ... (1) checkout succeeded
2026-03-02 00:24:55.638398 (804329) lic__man INFO    Claim 'fpv' for <ui>.
2026-03-02 00:24:55.638425 (804329) lic_core INFO    (2) checking out 'jasper_fpv' ...
2026-03-02 00:24:55.642175 (804329) lic_core INFO    ... (2) checkout failed (error: -5) ("FLEXnet ERROR(-5, 0, 0): No such feature exists.")
2026-03-02 00:24:55.642213 (804329) lic_core INFO    (3) checking out 'jasper_fao' ...
2026-03-02 00:24:55.652907 (804329) lic_core INFO    ... (3) checkout succeeded
2026-03-02 00:24:55.653910 (804342) stdio___ INFO    Starting STDIN reader (tty: yes, tty name: '/dev/pts/7')
2026-03-02 00:24:55.654023 (804329) main____ INFO    Tool inactivity delay is 480000 ms.
2026-03-02 00:24:55.696099 (804329) session_ INFO    Starting analysis session with session id 'session_0' (launcher: <local>) ...
2026-03-02 00:24:55.697937 (804329) session_ INFO    Analysis session with session id 'session_0' started (pid: 804349)
2026-03-02 00:24:57.226524 (804329) session_ INFO    Analysis session 'session_0' connected to the console (host: 127.0.0.1:59384)
2026-03-02 00:25:01.117955 (804329) lic__man INFO    Unclaim everything for 'session_0'.
2026-03-02 00:25:01.319270 (804329) lic__man INFO    Claim 'fpv' for 'session_0'.
2026-03-02 00:25:01.319304 (804329) lic__man INFO    Claim 'fpv' for 'session_0/prove-0'.
2026-03-02 00:25:08.387549 (804329) lic__man INFO    Unclaim everything for 'session_0/prove-0'.
2026-03-02 00:25:08.428438 (804329) main____ INFO    About to exit: request to exit with status 0 received from analysis session 'session_0'
2026-03-02 00:25:08.741764 (804329) session_ INFO    Analysis session 'session_0' disconnected.
2026-03-02 00:25:08.741906 (804329) lic__man INFO    Unclaim everything for 'session_0'.
2026-03-02 00:25:08.753227 (804329) session_ INFO    Process for analysis session 'session_0' has exited with exit status '0'.
2026-03-02 00:25:10.393145 (804342) stdio___ INFO    STDIN reader requested to stop.
2026-03-02 00:25:10.393208 (804342) stdio___ INFO    STDIN reader stopped.
2026-03-02 00:25:10.403311 (804329) lic_core INFO    (1) checkin jasper_interactive
2026-03-02 00:25:10.408263 (804329) lic_core INFO    (3) checkin jasper_fao
2026-03-02 00:25:10.441127 (804329) main____ INFO    Exiting with status 0.
