2026-02-25 13:28:19.310691 (3161823) main____ INFO    ----------------------------------------
2026-02-25 13:28:19.310784 (3161823) main____ INFO    Jasper version info
2026-02-25 13:28:19.310800 (3161823) main____ INFO      tool      : Jasper 2023.12
2026-02-25 13:28:19.310815 (3161823) main____ INFO      version   : 2023.12p001 64 bits
2026-02-25 13:28:19.310828 (3161823) main____ INFO      build date: 2024.01.23 16:09:24 UTC
2026-02-25 13:28:19.310837 (3161823) main____ INFO    ----------------------------------------
2026-02-25 13:28:19.310847 (3161823) main____ INFO    Runtime info:
2026-02-25 13:28:19.310857 (3161823) main____ INFO      platform  : Linux 4.18.0-553.89.1.el8_10.x86_64 x86_64
2026-02-25 13:28:19.310876 (3161823) main____ INFO      hostname  : caddy15.stanford.edu
2026-02-25 13:28:19.310891 (3161823) main____ INFO      pid       : 3161823
2026-02-25 13:28:19.310902 (3161823) main____ INFO      arguments : '-style' 'windows' '-allow_unsupported_OS' '-no_gui' '-fpv' './synthlc/i_DIV_out/xPairwiseDepDiv/nunv_anytwo_274_.tcl' '-proj' './synthlc/i_DIV_out/xPairwiseDepDiv/nunv_anytwo_274_jgsession_26-02-25-13_28_19'
2026-02-25 13:28:19.310919 (3161823) main____ INFO      locale    : UTF-8
2026-02-25 13:28:19.310928 (3161823) main____ INFO    ----------------------------------------
2026-02-25 13:28:19.310937 (3161823) main____ INFO    System resource limits info:
2026-02-25 13:28:19.310950 (3161823) main____ INFO      virtual memory: unlimited
2026-02-25 13:28:19.310962 (3161823) main____ INFO      cpu time      : unlimited
2026-02-25 13:28:19.310981 (3161823) main____ INFO      processes     : 4096
2026-02-25 13:28:19.311002 (3161823) main____ INFO      stack size    : 8388608 B
2026-02-25 13:28:19.311028 (3161823) main____ INFO      core file size: 0 B
2026-02-25 13:28:19.311041 (3161823) main____ INFO      open files    : 4096
2026-02-25 13:28:19.311052 (3161823) main____ INFO      file size     : unlimited
2026-02-25 13:28:19.311062 (3161823) main____ INFO    ----------------------------------------
2026-02-25 13:28:19.311071 (3161823) main____ INFO    Memory statistics:
2026-02-25 13:28:19.311083 (3161823) main____ INFO      total physical memory  : 98449092 kB
2026-02-25 13:28:19.311094 (3161823) main____ INFO      free physical memory   : 75737976 kB
2026-02-25 13:28:19.311105 (3161823) main____ INFO      committed address space: 9582308 kB
2026-02-25 13:28:19.311115 (3161823) main____ INFO    ----------------------------------------
2026-02-25 13:28:19.312294 (3161823) main____ INFO    Important environment variables:
2026-02-25 13:28:19.312328 (3161823) main____ INFO      CDS_LIC_FILE       : '5280@cadlic0'
2026-02-25 13:28:19.312341 (3161823) main____ INFO      JASPER_INSTALL_DIR : '/cad/cadence/jasper_2023.12p001'
2026-02-25 13:28:19.312353 (3161823) main____ INFO      JASPER_KERNEL_CHECK: '1'
2026-02-25 13:28:19.312365 (3161823) main____ INFO      JASPER_OS_CHECK    : '0'
2026-02-25 13:28:19.312376 (3161823) main____ INFO      LANG               : 'en_US.UTF-8'
2026-02-25 13:28:19.312386 (3161823) main____ INFO    ----------------------------------------
2026-02-25 13:28:19.313504 (3161823) lic_core INFO    Initializing license system ...
2026-02-25 13:28:19.314918 (3161823) lic_core INFO    ... license system initialized.
2026-02-25 13:28:19.331053 (3161823) lic__man INFO    Claim 'main' for <ui>.
2026-02-25 13:28:19.331118 (3161823) lic_core INFO    (1) checking out 'jasper_interactive' ...
2026-02-25 13:28:19.343640 (3161823) lic_core INFO    ... (1) checkout succeeded
2026-02-25 13:28:19.343742 (3161823) lic__man INFO    Claim 'fpv' for <ui>.
2026-02-25 13:28:19.343770 (3161823) lic_core INFO    (2) checking out 'jasper_fpv' ...
2026-02-25 13:28:19.348404 (3161823) lic_core INFO    ... (2) checkout failed (error: -5) ("FLEXnet ERROR(-5, 0, 0): No such feature exists.")
2026-02-25 13:28:19.348456 (3161823) lic_core INFO    (3) checking out 'jasper_fao' ...
2026-02-25 13:28:19.359207 (3161823) lic_core INFO    ... (3) checkout succeeded
2026-02-25 13:28:19.360609 (3161823) main____ INFO    Tool inactivity delay is 480000 ms.
2026-02-25 13:28:19.370524 (3161834) stdio___ INFO    Starting STDIN reader (tty: yes, tty name: '/dev/pts/0')
2026-02-25 13:28:19.462813 (3161823) session_ INFO    Starting analysis session with session id 'session_0' (launcher: <local>) ...
2026-02-25 13:28:19.464870 (3161823) session_ INFO    Analysis session with session id 'session_0' started (pid: 3161835)
2026-02-25 13:28:20.845761 (3161823) session_ INFO    Analysis session 'session_0' connected to the console (host: 127.0.0.1:41132)
2026-02-25 13:28:24.478416 (3161823) lic__man INFO    Unclaim everything for 'session_0'.
2026-02-25 13:28:24.796338 (3161823) lic__man INFO    Claim 'fpv' for 'session_0'.
2026-02-25 13:28:24.796383 (3161823) lic__man INFO    Claim 'fpv' for 'session_0/prove-0'.
2026-02-25 13:28:26.744126 (3161823) lic__man INFO    Unclaim everything for 'session_0/prove-0'.
2026-02-25 13:28:26.766673 (3161823) main____ INFO    About to exit: request to exit with status 0 received from analysis session 'session_0'
2026-02-25 13:28:26.952582 (3161823) session_ INFO    Analysis session 'session_0' disconnected.
2026-02-25 13:28:26.952731 (3161823) lic__man INFO    Unclaim everything for 'session_0'.
2026-02-25 13:28:26.963518 (3161823) session_ INFO    Process for analysis session 'session_0' has exited with exit status '0'.
2026-02-25 13:28:28.891478 (3161834) stdio___ INFO    STDIN reader requested to stop.
2026-02-25 13:28:28.891533 (3161834) stdio___ INFO    STDIN reader stopped.
2026-02-25 13:28:28.900553 (3161823) lic_core INFO    (1) checkin jasper_interactive
2026-02-25 13:28:28.906523 (3161823) lic_core INFO    (3) checkin jasper_fao
2026-02-25 13:28:28.933371 (3161823) main____ INFO    Exiting with status 0.
