2026-02-25 14:29:31.426891 (3242323) main____ INFO    ----------------------------------------
2026-02-25 14:29:31.426992 (3242323) main____ INFO    Jasper version info
2026-02-25 14:29:31.427011 (3242323) main____ INFO      tool      : Jasper 2023.12
2026-02-25 14:29:31.427028 (3242323) main____ INFO      version   : 2023.12p001 64 bits
2026-02-25 14:29:31.427043 (3242323) main____ INFO      build date: 2024.01.23 16:09:24 UTC
2026-02-25 14:29:31.427054 (3242323) main____ INFO    ----------------------------------------
2026-02-25 14:29:31.427065 (3242323) main____ INFO    Runtime info:
2026-02-25 14:29:31.427077 (3242323) main____ INFO      platform  : Linux 4.18.0-553.89.1.el8_10.x86_64 x86_64
2026-02-25 14:29:31.427098 (3242323) main____ INFO      hostname  : caddy15.stanford.edu
2026-02-25 14:29:31.427115 (3242323) main____ INFO      pid       : 3242323
2026-02-25 14:29:31.427129 (3242323) main____ INFO      arguments : '-style' 'windows' '-allow_unsupported_OS' '-no_gui' '-fpv' './synthlc/i_DIV_out/xHBPerfG_dfg_v3_div/HB_259_.tcl' '-proj' './synthlc/i_DIV_out/xHBPerfG_dfg_v3_div/HB_259_jgsession_26-02-25-14_29_30'
2026-02-25 14:29:31.427149 (3242323) main____ INFO      locale    : UTF-8
2026-02-25 14:29:31.427160 (3242323) main____ INFO    ----------------------------------------
2026-02-25 14:29:31.427171 (3242323) main____ INFO    System resource limits info:
2026-02-25 14:29:31.427185 (3242323) main____ INFO      virtual memory: unlimited
2026-02-25 14:29:31.427199 (3242323) main____ INFO      cpu time      : unlimited
2026-02-25 14:29:31.427220 (3242323) main____ INFO      processes     : 4096
2026-02-25 14:29:31.427244 (3242323) main____ INFO      stack size    : 8388608 B
2026-02-25 14:29:31.427261 (3242323) main____ INFO      core file size: 0 B
2026-02-25 14:29:31.427276 (3242323) main____ INFO      open files    : 4096
2026-02-25 14:29:31.427289 (3242323) main____ INFO      file size     : unlimited
2026-02-25 14:29:31.427300 (3242323) main____ INFO    ----------------------------------------
2026-02-25 14:29:31.427327 (3242323) main____ INFO    Memory statistics:
2026-02-25 14:29:31.427341 (3242323) main____ INFO      total physical memory  : 98449092 kB
2026-02-25 14:29:31.427353 (3242323) main____ INFO      free physical memory   : 80872316 kB
2026-02-25 14:29:31.427366 (3242323) main____ INFO      committed address space: 3323400 kB
2026-02-25 14:29:31.427377 (3242323) main____ INFO    ----------------------------------------
2026-02-25 14:29:31.428739 (3242323) main____ INFO    Important environment variables:
2026-02-25 14:29:31.428775 (3242323) main____ INFO      CDS_LIC_FILE       : '5280@cadlic0'
2026-02-25 14:29:31.428790 (3242323) main____ INFO      JASPER_INSTALL_DIR : '/cad/cadence/jasper_2023.12p001'
2026-02-25 14:29:31.428805 (3242323) main____ INFO      JASPER_KERNEL_CHECK: '1'
2026-02-25 14:29:31.428818 (3242323) main____ INFO      JASPER_OS_CHECK    : '0'
2026-02-25 14:29:31.428832 (3242323) main____ INFO      LANG               : 'en_US.UTF-8'
2026-02-25 14:29:31.428843 (3242323) main____ INFO    ----------------------------------------
2026-02-25 14:29:31.438492 (3242323) lic_core INFO    Initializing license system ...
2026-02-25 14:29:31.454909 (3242323) lic_core INFO    ... license system initialized.
2026-02-25 14:29:31.620865 (3242323) lic__man INFO    Claim 'main' for <ui>.
2026-02-25 14:29:31.620943 (3242323) lic_core INFO    (1) checking out 'jasper_interactive' ...
2026-02-25 14:29:31.683797 (3242323) lic_core INFO    ... (1) checkout succeeded
2026-02-25 14:29:31.683899 (3242323) lic__man INFO    Claim 'fpv' for <ui>.
2026-02-25 14:29:31.683930 (3242323) lic_core INFO    (2) checking out 'jasper_fpv' ...
2026-02-25 14:29:31.738869 (3242323) lic_core INFO    ... (2) checkout failed (error: -5) ("FLEXnet ERROR(-5, 0, 0): No such feature exists.")
2026-02-25 14:29:31.738928 (3242323) lic_core INFO    (3) checking out 'jasper_fao' ...
2026-02-25 14:29:31.812928 (3242323) lic_core INFO    ... (3) checkout succeeded
2026-02-25 14:29:31.814348 (3242323) main____ INFO    Tool inactivity delay is 480000 ms.
2026-02-25 14:29:31.822556 (3242345) stdio___ INFO    Starting STDIN reader (tty: yes, tty name: '/dev/pts/0')
2026-02-25 14:29:32.072477 (3242323) session_ INFO    Starting analysis session with session id 'session_0' (launcher: <local>) ...
2026-02-25 14:29:32.074584 (3242323) session_ INFO    Analysis session with session id 'session_0' started (pid: 3242351)
2026-02-25 14:29:35.784875 (3242323) session_ INFO    Analysis session 'session_0' connected to the console (host: 127.0.0.1:54892)
2026-02-25 14:29:40.214965 (3242323) lic__man INFO    Unclaim everything for 'session_0'.
2026-02-25 14:29:40.652923 (3242323) lic__man INFO    Claim 'fpv' for 'session_0'.
2026-02-25 14:29:40.652968 (3242323) lic__man INFO    Claim 'fpv' for 'session_0/prove-0'.
2026-02-25 14:29:59.741739 (3242323) lic__man INFO    Unclaim everything for 'session_0/prove-0'.
2026-02-25 14:29:59.828660 (3242323) main____ INFO    About to exit: request to exit with status 0 received from analysis session 'session_0'
2026-02-25 14:30:00.410291 (3242323) session_ INFO    Analysis session 'session_0' disconnected.
2026-02-25 14:30:00.410481 (3242323) lic__man INFO    Unclaim everything for 'session_0'.
2026-02-25 14:30:00.413494 (3242323) session_ INFO    Process for analysis session 'session_0' has exited with exit status '0'.
2026-02-25 14:30:01.918605 (3242345) stdio___ INFO    STDIN reader requested to stop.
2026-02-25 14:30:01.918659 (3242345) stdio___ INFO    STDIN reader stopped.
2026-02-25 14:30:01.919036 (3242323) lic_core INFO    (1) checkin jasper_interactive
2026-02-25 14:30:01.927421 (3242323) lic_core INFO    (3) checkin jasper_fao
2026-02-25 14:30:01.942810 (3242323) main____ INFO    Exiting with status 0.
