2026-02-27 12:44:53.732115 (3056153) main____ INFO    ----------------------------------------
2026-02-27 12:44:53.732186 (3056153) main____ INFO    Jasper version info
2026-02-27 12:44:53.732201 (3056153) main____ INFO      tool      : Jasper 2023.12
2026-02-27 12:44:53.732216 (3056153) main____ INFO      version   : 2023.12p001 64 bits
2026-02-27 12:44:53.732230 (3056153) main____ INFO      build date: 2024.01.23 16:09:24 UTC
2026-02-27 12:44:53.732240 (3056153) main____ INFO    ----------------------------------------
2026-02-27 12:44:53.732250 (3056153) main____ INFO    Runtime info:
2026-02-27 12:44:53.732261 (3056153) main____ INFO      platform  : Linux 4.18.0-553.89.1.el8_10.x86_64 x86_64
2026-02-27 12:44:53.732279 (3056153) main____ INFO      hostname  : caddy12.stanford.edu
2026-02-27 12:44:53.732294 (3056153) main____ INFO      pid       : 3056153
2026-02-27 12:44:53.732305 (3056153) main____ INFO      arguments : '-style' 'windows' '-allow_unsupported_OS' '-no_gui' '-fpv' './synthlc/i_MUL_out/xPairwiseDepDiv/nunv_anytwo_29_.tcl' '-proj' './synthlc/i_MUL_out/xPairwiseDepDiv/nunv_anytwo_29_jgsession_26-02-27-12_44_53'
2026-02-27 12:44:53.732321 (3056153) main____ INFO      locale    : UTF-8
2026-02-27 12:44:53.732331 (3056153) main____ INFO    ----------------------------------------
2026-02-27 12:44:53.732341 (3056153) main____ INFO    System resource limits info:
2026-02-27 12:44:53.732353 (3056153) main____ INFO      virtual memory: unlimited
2026-02-27 12:44:53.732367 (3056153) main____ INFO      cpu time      : unlimited
2026-02-27 12:44:53.732384 (3056153) main____ INFO      processes     : 4096
2026-02-27 12:44:53.732403 (3056153) main____ INFO      stack size    : 8388608 B
2026-02-27 12:44:53.732418 (3056153) main____ INFO      core file size: 0 B
2026-02-27 12:44:53.732431 (3056153) main____ INFO      open files    : 4096
2026-02-27 12:44:53.732444 (3056153) main____ INFO      file size     : unlimited
2026-02-27 12:44:53.732454 (3056153) main____ INFO    ----------------------------------------
2026-02-27 12:44:53.732464 (3056153) main____ INFO    Memory statistics:
2026-02-27 12:44:53.732476 (3056153) main____ INFO      total physical memory  : 98449088 kB
2026-02-27 12:44:53.732488 (3056153) main____ INFO      free physical memory   : 79157296 kB
2026-02-27 12:44:53.732500 (3056153) main____ INFO      committed address space: 2519888 kB
2026-02-27 12:44:53.732510 (3056153) main____ INFO    ----------------------------------------
2026-02-27 12:44:53.733680 (3056153) main____ INFO    Important environment variables:
2026-02-27 12:44:53.733704 (3056153) main____ INFO      CDS_LIC_FILE       : '5280@cadlic0'
2026-02-27 12:44:53.733718 (3056153) main____ INFO      DISPLAY            : 'localhost:12.0'
2026-02-27 12:44:53.733730 (3056153) main____ INFO      JASPER_INSTALL_DIR : '/cad/cadence/jasper_2023.12p001'
2026-02-27 12:44:53.733742 (3056153) main____ INFO      JASPER_KERNEL_CHECK: '1'
2026-02-27 12:44:53.733754 (3056153) main____ INFO      JASPER_OS_CHECK    : '0'
2026-02-27 12:44:53.733767 (3056153) main____ INFO      LANG               : 'zh_TW.UTF-8'
2026-02-27 12:44:53.733777 (3056153) main____ INFO    ----------------------------------------
2026-02-27 12:44:53.734912 (3056153) lic_core INFO    Initializing license system ...
2026-02-27 12:44:53.736451 (3056153) lic_core INFO    ... license system initialized.
2026-02-27 12:44:53.747553 (3056153) lic__man INFO    Claim 'main' for <ui>.
2026-02-27 12:44:53.747607 (3056153) lic_core INFO    (1) checking out 'jasper_interactive' ...
2026-02-27 12:44:53.760043 (3056153) lic_core INFO    ... (1) checkout succeeded
2026-02-27 12:44:53.760122 (3056153) lic__man INFO    Claim 'fpv' for <ui>.
2026-02-27 12:44:53.760149 (3056153) lic_core INFO    (2) checking out 'jasper_fpv' ...
2026-02-27 12:44:53.764178 (3056153) lic_core INFO    ... (2) checkout failed (error: -5) ("FLEXnet ERROR(-5, 0, 0): No such feature exists.")
2026-02-27 12:44:53.764216 (3056153) lic_core INFO    (3) checking out 'jasper_fao' ...
2026-02-27 12:44:53.775069 (3056153) lic_core INFO    ... (3) checkout succeeded
2026-02-27 12:44:53.776023 (3056171) stdio___ INFO    Starting STDIN reader (tty: yes, tty name: '/dev/pts/0')
2026-02-27 12:44:53.776343 (3056153) main____ INFO    Tool inactivity delay is 480000 ms.
2026-02-27 12:44:53.816518 (3056153) session_ INFO    Starting analysis session with session id 'session_0' (launcher: <local>) ...
2026-02-27 12:44:53.818127 (3056153) session_ INFO    Analysis session with session id 'session_0' started (pid: 3056174)
2026-02-27 12:44:54.903560 (3056153) session_ INFO    Analysis session 'session_0' connected to the console (host: 127.0.0.1:56618)
2026-02-27 12:44:58.000349 (3056153) lic__man INFO    Unclaim everything for 'session_0'.
2026-02-27 12:44:58.208680 (3056153) lic__man INFO    Claim 'fpv' for 'session_0'.
2026-02-27 12:44:58.208721 (3056153) lic__man INFO    Claim 'fpv' for 'session_0/prove-0'.
2026-02-27 12:44:59.815422 (3056153) lic__man INFO    Unclaim everything for 'session_0/prove-0'.
2026-02-27 12:44:59.858872 (3056153) main____ INFO    About to exit: request to exit with status 0 received from analysis session 'session_0'
2026-02-27 12:44:59.986989 (3056153) session_ INFO    Analysis session 'session_0' disconnected.
2026-02-27 12:44:59.987134 (3056153) lic__man INFO    Unclaim everything for 'session_0'.
2026-02-27 12:44:59.987328 (3056153) session_ INFO    Process for analysis session 'session_0' has exited with exit status '0'.
2026-02-27 12:45:01.891715 (3056171) stdio___ INFO    STDIN reader requested to stop.
2026-02-27 12:45:01.891761 (3056171) stdio___ INFO    STDIN reader stopped.
2026-02-27 12:45:01.891994 (3056153) lic_core INFO    (1) checkin jasper_interactive
2026-02-27 12:45:01.893009 (3056153) lic_core INFO    (3) checkin jasper_fao
2026-02-27 12:45:01.894377 (3056153) main____ INFO    Exiting with status 0.
