2026-03-01 05:11:55.646494 (3950584) main____ INFO    ----------------------------------------
2026-03-01 05:11:55.646591 (3950584) main____ INFO    Jasper version info
2026-03-01 05:11:55.646607 (3950584) main____ INFO      tool      : Jasper 2023.12
2026-03-01 05:11:55.646624 (3950584) main____ INFO      version   : 2023.12p001 64 bits
2026-03-01 05:11:55.646638 (3950584) main____ INFO      build date: 2024.01.23 16:09:24 UTC
2026-03-01 05:11:55.646648 (3950584) main____ INFO    ----------------------------------------
2026-03-01 05:11:55.646658 (3950584) main____ INFO    Runtime info:
2026-03-01 05:11:55.646684 (3950584) main____ INFO      platform  : Linux 4.18.0-553.89.1.el8_10.x86_64 x86_64
2026-03-01 05:11:55.646704 (3950584) main____ INFO      hostname  : caddy12.stanford.edu
2026-03-01 05:11:55.646720 (3950584) main____ INFO      pid       : 3950584
2026-03-01 05:11:55.646731 (3950584) main____ INFO      arguments : '-style' 'windows' '-allow_unsupported_OS' '-no_gui' '-fpv' './synthlc/i_LW_out/xPairwiseDepDiv/nunv_anytwo_43_.tcl' '-proj' './synthlc/i_LW_out/xPairwiseDepDiv/nunv_anytwo_43_jgsession_26-03-01-05_11_54'
2026-03-01 05:11:55.646750 (3950584) main____ INFO      locale    : UTF-8
2026-03-01 05:11:55.646761 (3950584) main____ INFO    ----------------------------------------
2026-03-01 05:11:55.646770 (3950584) main____ INFO    System resource limits info:
2026-03-01 05:11:55.646783 (3950584) main____ INFO      virtual memory: unlimited
2026-03-01 05:11:55.646796 (3950584) main____ INFO      cpu time      : unlimited
2026-03-01 05:11:55.646815 (3950584) main____ INFO      processes     : 4096
2026-03-01 05:11:55.646835 (3950584) main____ INFO      stack size    : 8388608 B
2026-03-01 05:11:55.646850 (3950584) main____ INFO      core file size: 0 B
2026-03-01 05:11:55.646864 (3950584) main____ INFO      open files    : 4096
2026-03-01 05:11:55.646877 (3950584) main____ INFO      file size     : unlimited
2026-03-01 05:11:55.646887 (3950584) main____ INFO    ----------------------------------------
2026-03-01 05:11:55.646897 (3950584) main____ INFO    Memory statistics:
2026-03-01 05:11:55.646909 (3950584) main____ INFO      total physical memory  : 98449088 kB
2026-03-01 05:11:55.646921 (3950584) main____ INFO      free physical memory   : 75056008 kB
2026-03-01 05:11:55.646933 (3950584) main____ INFO      committed address space: 20824204 kB
2026-03-01 05:11:55.646943 (3950584) main____ INFO    ----------------------------------------
2026-03-01 05:11:55.648173 (3950584) main____ INFO    Important environment variables:
2026-03-01 05:11:55.648207 (3950584) main____ INFO      CDS_LIC_FILE       : '5280@cadlic0'
2026-03-01 05:11:55.648221 (3950584) main____ INFO      DISPLAY            : 'localhost:12.0'
2026-03-01 05:11:55.648233 (3950584) main____ INFO      JASPER_INSTALL_DIR : '/cad/cadence/jasper_2023.12p001'
2026-03-01 05:11:55.648246 (3950584) main____ INFO      JASPER_KERNEL_CHECK: '1'
2026-03-01 05:11:55.648258 (3950584) main____ INFO      JASPER_OS_CHECK    : '0'
2026-03-01 05:11:55.648271 (3950584) main____ INFO      LANG               : 'zh_TW.UTF-8'
2026-03-01 05:11:55.648281 (3950584) main____ INFO    ----------------------------------------
2026-03-01 05:11:55.650861 (3950584) lic_core INFO    Initializing license system ...
2026-03-01 05:11:55.699514 (3950584) lic_core INFO    ... license system initialized.
2026-03-01 05:11:55.865027 (3950584) lic__man INFO    Claim 'main' for <ui>.
2026-03-01 05:11:55.865124 (3950584) lic_core INFO    (1) checking out 'jasper_interactive' ...
2026-03-01 05:11:55.954936 (3950584) lic_core INFO    ... (1) checkout succeeded
2026-03-01 05:11:55.955065 (3950584) lic__man INFO    Claim 'fpv' for <ui>.
2026-03-01 05:11:55.955096 (3950584) lic_core INFO    (2) checking out 'jasper_fpv' ...
2026-03-01 05:11:56.024143 (3950584) lic_core INFO    ... (2) checkout failed (error: -5) ("FLEXnet ERROR(-5, 0, 0): No such feature exists.")
2026-03-01 05:11:56.024218 (3950584) lic_core INFO    (3) checking out 'jasper_fao' ...
2026-03-01 05:11:56.098898 (3950584) lic_core INFO    ... (3) checkout succeeded
2026-03-01 05:11:56.122607 (3950584) main____ INFO    Tool inactivity delay is 480000 ms.
2026-03-01 05:11:56.130921 (3950600) stdio___ INFO    Starting STDIN reader (tty: yes, tty name: '/dev/pts/0')
2026-03-01 05:11:56.485807 (3950584) session_ INFO    Starting analysis session with session id 'session_0' (launcher: <local>) ...
2026-03-01 05:11:56.487919 (3950584) session_ INFO    Analysis session with session id 'session_0' started (pid: 3950601)
2026-03-01 05:12:00.523190 (3950584) session_ INFO    Analysis session 'session_0' connected to the console (host: 127.0.0.1:52332)
2026-03-01 05:12:09.787905 (3950584) lic__man INFO    Unclaim everything for 'session_0'.
2026-03-01 05:12:10.443625 (3950584) lic__man INFO    Claim 'fpv' for 'session_0'.
2026-03-01 05:12:10.443687 (3950584) lic__man INFO    Claim 'fpv' for 'session_0/prove-0'.
2026-03-01 05:12:14.977977 (3950584) lic__man INFO    Unclaim everything for 'session_0/prove-0'.
2026-03-01 05:12:15.027977 (3950584) main____ INFO    About to exit: request to exit with status 0 received from analysis session 'session_0'
2026-03-01 05:12:15.486937 (3950584) session_ INFO    Analysis session 'session_0' disconnected.
2026-03-01 05:12:15.487093 (3950584) lic__man INFO    Unclaim everything for 'session_0'.
2026-03-01 05:12:15.497867 (3950584) session_ INFO    Process for analysis session 'session_0' has exited with exit status '0'.
2026-03-01 05:12:16.940756 (3950600) stdio___ INFO    STDIN reader requested to stop.
2026-03-01 05:12:16.940831 (3950600) stdio___ INFO    STDIN reader stopped.
2026-03-01 05:12:16.941167 (3950584) lic_core INFO    (1) checkin jasper_interactive
2026-03-01 05:12:16.942841 (3950584) lic_core INFO    (3) checkin jasper_fao
2026-03-01 05:12:16.968473 (3950584) main____ INFO    Exiting with status 0.
