2026-02-27 23:18:41.777534 (445811) main____ INFO    ----------------------------------------
2026-02-27 23:18:41.777622 (445811) main____ INFO    Jasper version info
2026-02-27 23:18:41.777636 (445811) main____ INFO      tool      : Jasper 2023.12
2026-02-27 23:18:41.777651 (445811) main____ INFO      version   : 2023.12p001 64 bits
2026-02-27 23:18:41.777664 (445811) main____ INFO      build date: 2024.01.23 16:09:24 UTC
2026-02-27 23:18:41.777674 (445811) main____ INFO    ----------------------------------------
2026-02-27 23:18:41.777683 (445811) main____ INFO    Runtime info:
2026-02-27 23:18:41.777693 (445811) main____ INFO      platform  : Linux 4.18.0-553.89.1.el8_10.x86_64 x86_64
2026-02-27 23:18:41.777723 (445811) main____ INFO      hostname  : caddy10.stanford.edu
2026-02-27 23:18:41.777738 (445811) main____ INFO      pid       : 445811
2026-02-27 23:18:41.777749 (445811) main____ INFO      arguments : '-style' 'windows' '-allow_unsupported_OS' '-no_gui' '-fpv' './synthlc/i_DIV_out/xPairwiseDepDiv/nunv_anytwo_79_.tcl' '-proj' './synthlc/i_DIV_out/xPairwiseDepDiv/nunv_anytwo_79_jgsession_26-02-27-23_18_41'
2026-02-27 23:18:41.777765 (445811) main____ INFO      locale    : UTF-8
2026-02-27 23:18:41.777774 (445811) main____ INFO    ----------------------------------------
2026-02-27 23:18:41.777783 (445811) main____ INFO    System resource limits info:
2026-02-27 23:18:41.777795 (445811) main____ INFO      virtual memory: unlimited
2026-02-27 23:18:41.777807 (445811) main____ INFO      cpu time      : unlimited
2026-02-27 23:18:41.777824 (445811) main____ INFO      processes     : 4096
2026-02-27 23:18:41.777844 (445811) main____ INFO      stack size    : 8388608 B
2026-02-27 23:18:41.777857 (445811) main____ INFO      core file size: 0 B
2026-02-27 23:18:41.777870 (445811) main____ INFO      open files    : 4096
2026-02-27 23:18:41.777881 (445811) main____ INFO      file size     : unlimited
2026-02-27 23:18:41.777890 (445811) main____ INFO    ----------------------------------------
2026-02-27 23:18:41.777899 (445811) main____ INFO    Memory statistics:
2026-02-27 23:18:41.777910 (445811) main____ INFO      total physical memory  : 98449096 kB
2026-02-27 23:18:41.777920 (445811) main____ INFO      free physical memory   : 86931792 kB
2026-02-27 23:18:41.777932 (445811) main____ INFO      committed address space: 6308868 kB
2026-02-27 23:18:41.777941 (445811) main____ INFO    ----------------------------------------
2026-02-27 23:18:41.779105 (445811) main____ INFO    Important environment variables:
2026-02-27 23:18:41.779130 (445811) main____ INFO      CDS_LIC_FILE       : '5280@cadlic0'
2026-02-27 23:18:41.779141 (445811) main____ INFO      JASPER_INSTALL_DIR : '/cad/cadence/jasper_2023.12p001'
2026-02-27 23:18:41.779153 (445811) main____ INFO      JASPER_KERNEL_CHECK: '1'
2026-02-27 23:18:41.779165 (445811) main____ INFO      JASPER_OS_CHECK    : '0'
2026-02-27 23:18:41.779176 (445811) main____ INFO      LANG               : 'en_US.UTF-8'
2026-02-27 23:18:41.779186 (445811) main____ INFO    ----------------------------------------
2026-02-27 23:18:41.782259 (445811) lic_core INFO    Initializing license system ...
2026-02-27 23:18:41.803381 (445811) lic_core INFO    ... license system initialized.
2026-02-27 23:18:41.904291 (445811) lic__man INFO    Claim 'main' for <ui>.
2026-02-27 23:18:41.904355 (445811) lic_core INFO    (1) checking out 'jasper_interactive' ...
2026-02-27 23:18:41.966282 (445811) lic_core INFO    ... (1) checkout succeeded
2026-02-27 23:18:41.966372 (445811) lic__man INFO    Claim 'fpv' for <ui>.
2026-02-27 23:18:41.966399 (445811) lic_core INFO    (2) checking out 'jasper_fpv' ...
2026-02-27 23:18:41.988278 (445811) lic_core INFO    ... (2) checkout failed (error: -5) ("FLEXnet ERROR(-5, 0, 0): No such feature exists.")
2026-02-27 23:18:41.988330 (445811) lic_core INFO    (3) checking out 'jasper_fao' ...
2026-02-27 23:18:41.998950 (445811) lic_core INFO    ... (3) checkout succeeded
2026-02-27 23:18:42.000681 (445827) stdio___ INFO    Starting STDIN reader (tty: yes, tty name: '/dev/pts/5')
2026-02-27 23:18:42.000806 (445811) main____ INFO    Tool inactivity delay is 480000 ms.
2026-02-27 23:18:42.227196 (445811) session_ INFO    Starting analysis session with session id 'session_0' (launcher: <local>) ...
2026-02-27 23:18:42.228890 (445811) session_ INFO    Analysis session with session id 'session_0' started (pid: 445830)
2026-02-27 23:18:43.748696 (445811) session_ INFO    Analysis session 'session_0' connected to the console (host: 127.0.0.1:49810)
2026-02-27 23:18:47.621262 (445811) lic__man INFO    Unclaim everything for 'session_0'.
2026-02-27 23:18:47.997723 (445811) lic__man INFO    Claim 'fpv' for 'session_0'.
2026-02-27 23:18:47.997768 (445811) lic__man INFO    Claim 'fpv' for 'session_0/prove-0'.
2026-02-27 23:18:49.990944 (445811) lic__man INFO    Unclaim everything for 'session_0/prove-0'.
2026-02-27 23:18:50.040253 (445811) main____ INFO    About to exit: request to exit with status 0 received from analysis session 'session_0'
2026-02-27 23:18:50.223494 (445811) session_ INFO    Analysis session 'session_0' disconnected.
2026-02-27 23:18:50.223698 (445811) lic__man INFO    Unclaim everything for 'session_0'.
2026-02-27 23:18:50.223900 (445811) session_ INFO    Process for analysis session 'session_0' has exited with exit status '0'.
2026-02-27 23:18:51.947191 (445827) stdio___ INFO    STDIN reader requested to stop.
2026-02-27 23:18:51.947229 (445827) stdio___ INFO    STDIN reader stopped.
2026-02-27 23:18:51.947446 (445811) lic_core INFO    (1) checkin jasper_interactive
2026-02-27 23:18:51.948396 (445811) lic_core INFO    (3) checkin jasper_fao
2026-02-27 23:18:51.949315 (445811) main____ INFO    Exiting with status 0.
