2026-02-28 01:46:33.574168 (566453) main____ INFO    ----------------------------------------
2026-02-28 01:46:33.574233 (566453) main____ INFO    Jasper version info
2026-02-28 01:46:33.574247 (566453) main____ INFO      tool      : Jasper 2023.12
2026-02-28 01:46:33.574260 (566453) main____ INFO      version   : 2023.12p001 64 bits
2026-02-28 01:46:33.574272 (566453) main____ INFO      build date: 2024.01.23 16:09:24 UTC
2026-02-28 01:46:33.574282 (566453) main____ INFO    ----------------------------------------
2026-02-28 01:46:33.574291 (566453) main____ INFO    Runtime info:
2026-02-28 01:46:33.574301 (566453) main____ INFO      platform  : Linux 4.18.0-553.89.1.el8_10.x86_64 x86_64
2026-02-28 01:46:33.574317 (566453) main____ INFO      hostname  : caddy10.stanford.edu
2026-02-28 01:46:33.574331 (566453) main____ INFO      pid       : 566453
2026-02-28 01:46:33.574342 (566453) main____ INFO      arguments : '-style' 'windows' '-allow_unsupported_OS' '-no_gui' '-fpv' './synthlc/i_MUL_out/xPairwiseDepDiv/nunv_anytwo_5_.tcl' '-proj' './synthlc/i_MUL_out/xPairwiseDepDiv/nunv_anytwo_5_jgsession_26-02-28-01_46_33'
2026-02-28 01:46:33.574356 (566453) main____ INFO      locale    : UTF-8
2026-02-28 01:46:33.574366 (566453) main____ INFO    ----------------------------------------
2026-02-28 01:46:33.574375 (566453) main____ INFO    System resource limits info:
2026-02-28 01:46:33.574386 (566453) main____ INFO      virtual memory: unlimited
2026-02-28 01:46:33.574398 (566453) main____ INFO      cpu time      : unlimited
2026-02-28 01:46:33.574413 (566453) main____ INFO      processes     : 4096
2026-02-28 01:46:33.574431 (566453) main____ INFO      stack size    : 8388608 B
2026-02-28 01:46:33.574444 (566453) main____ INFO      core file size: 0 B
2026-02-28 01:46:33.574456 (566453) main____ INFO      open files    : 4096
2026-02-28 01:46:33.574468 (566453) main____ INFO      file size     : unlimited
2026-02-28 01:46:33.574477 (566453) main____ INFO    ----------------------------------------
2026-02-28 01:46:33.574486 (566453) main____ INFO    Memory statistics:
2026-02-28 01:46:33.574498 (566453) main____ INFO      total physical memory  : 98449096 kB
2026-02-28 01:46:33.574508 (566453) main____ INFO      free physical memory   : 90489368 kB
2026-02-28 01:46:33.574519 (566453) main____ INFO      committed address space: 1896920 kB
2026-02-28 01:46:33.574528 (566453) main____ INFO    ----------------------------------------
2026-02-28 01:46:33.575650 (566453) main____ INFO    Important environment variables:
2026-02-28 01:46:33.575673 (566453) main____ INFO      CDS_LIC_FILE       : '5280@cadlic0'
2026-02-28 01:46:33.575685 (566453) main____ INFO      JASPER_INSTALL_DIR : '/cad/cadence/jasper_2023.12p001'
2026-02-28 01:46:33.575697 (566453) main____ INFO      JASPER_KERNEL_CHECK: '1'
2026-02-28 01:46:33.575708 (566453) main____ INFO      JASPER_OS_CHECK    : '0'
2026-02-28 01:46:33.575720 (566453) main____ INFO      LANG               : 'en_US.UTF-8'
2026-02-28 01:46:33.575729 (566453) main____ INFO    ----------------------------------------
2026-02-28 01:46:33.577043 (566453) lic_core INFO    Initializing license system ...
2026-02-28 01:46:33.578514 (566453) lic_core INFO    ... license system initialized.
2026-02-28 01:46:33.590777 (566453) lic__man INFO    Claim 'main' for <ui>.
2026-02-28 01:46:33.590818 (566453) lic_core INFO    (1) checking out 'jasper_interactive' ...
2026-02-28 01:46:33.603859 (566453) lic_core INFO    ... (1) checkout succeeded
2026-02-28 01:46:33.603913 (566453) lic__man INFO    Claim 'fpv' for <ui>.
2026-02-28 01:46:33.603949 (566453) lic_core INFO    (2) checking out 'jasper_fpv' ...
2026-02-28 01:46:33.608654 (566453) lic_core INFO    ... (2) checkout failed (error: -5) ("FLEXnet ERROR(-5, 0, 0): No such feature exists.")
2026-02-28 01:46:33.608682 (566453) lic_core INFO    (3) checking out 'jasper_fao' ...
2026-02-28 01:46:33.620334 (566453) lic_core INFO    ... (3) checkout succeeded
2026-02-28 01:46:33.622637 (566464) stdio___ INFO    Starting STDIN reader (tty: yes, tty name: '/dev/pts/5')
2026-02-28 01:46:33.622726 (566453) main____ INFO    Tool inactivity delay is 480000 ms.
2026-02-28 01:46:33.665897 (566453) session_ INFO    Starting analysis session with session id 'session_0' (launcher: <local>) ...
2026-02-28 01:46:33.667689 (566453) session_ INFO    Analysis session with session id 'session_0' started (pid: 566465)
2026-02-28 01:46:34.726828 (566453) session_ INFO    Analysis session 'session_0' connected to the console (host: 127.0.0.1:60702)
2026-02-28 01:46:37.753099 (566453) lic__man INFO    Unclaim everything for 'session_0'.
2026-02-28 01:46:37.950566 (566453) lic__man INFO    Claim 'fpv' for 'session_0'.
2026-02-28 01:46:37.950597 (566453) lic__man INFO    Claim 'fpv' for 'session_0/prove-0'.
2026-02-28 01:47:09.760371 (566453) lic__man INFO    Unclaim everything for 'session_0/prove-0'.
2026-02-28 01:47:09.802185 (566453) main____ INFO    About to exit: request to exit with status 0 received from analysis session 'session_0'
2026-02-28 01:47:09.935002 (566453) session_ INFO    Analysis session 'session_0' disconnected.
2026-02-28 01:47:09.935192 (566453) lic__man INFO    Unclaim everything for 'session_0'.
2026-02-28 01:47:09.935386 (566453) session_ INFO    Process for analysis session 'session_0' has exited with exit status '0'.
2026-02-28 01:47:11.881798 (566464) stdio___ INFO    STDIN reader requested to stop.
2026-02-28 01:47:11.881828 (566464) stdio___ INFO    STDIN reader stopped.
2026-02-28 01:47:11.882031 (566453) lic_core INFO    (1) checkin jasper_interactive
2026-02-28 01:47:11.882870 (566453) lic_core INFO    (3) checkin jasper_fao
2026-02-28 01:47:11.884215 (566453) main____ INFO    Exiting with status 0.
