2026-02-26 10:45:40.117895 (4030197) main____ INFO    ----------------------------------------
2026-02-26 10:45:40.117993 (4030197) main____ INFO    Jasper version info
2026-02-26 10:45:40.118009 (4030197) main____ INFO      tool      : Jasper 2023.12
2026-02-26 10:45:40.118024 (4030197) main____ INFO      version   : 2023.12p001 64 bits
2026-02-26 10:45:40.118037 (4030197) main____ INFO      build date: 2024.01.23 16:09:24 UTC
2026-02-26 10:45:40.118047 (4030197) main____ INFO    ----------------------------------------
2026-02-26 10:45:40.118057 (4030197) main____ INFO    Runtime info:
2026-02-26 10:45:40.118068 (4030197) main____ INFO      platform  : Linux 4.18.0-553.89.1.el8_10.x86_64 x86_64
2026-02-26 10:45:40.118087 (4030197) main____ INFO      hostname  : caddy15.stanford.edu
2026-02-26 10:45:40.118103 (4030197) main____ INFO      pid       : 4030197
2026-02-26 10:45:40.118113 (4030197) main____ INFO      arguments : '-style' 'windows' '-allow_unsupported_OS' '-no_gui' '-fpv' './synthlc/i_ADDI_out/xPerfLocCycleCount/over1cyc_8_div_fsm_s3_.tcl' '-proj' './synthlc/i_ADDI_out/xPerfLocCycleCount/over1cyc_8_div_fsm_s3_jgsession_26-02-26-10_45_38'
2026-02-26 10:45:40.118131 (4030197) main____ INFO      locale    : UTF-8
2026-02-26 10:45:40.118141 (4030197) main____ INFO    ----------------------------------------
2026-02-26 10:45:40.118150 (4030197) main____ INFO    System resource limits info:
2026-02-26 10:45:40.118163 (4030197) main____ INFO      virtual memory: unlimited
2026-02-26 10:45:40.118175 (4030197) main____ INFO      cpu time      : unlimited
2026-02-26 10:45:40.118205 (4030197) main____ INFO      processes     : 4096
2026-02-26 10:45:40.118226 (4030197) main____ INFO      stack size    : 8388608 B
2026-02-26 10:45:40.118240 (4030197) main____ INFO      core file size: 0 B
2026-02-26 10:45:40.118253 (4030197) main____ INFO      open files    : 4096
2026-02-26 10:45:40.118265 (4030197) main____ INFO      file size     : unlimited
2026-02-26 10:45:40.118275 (4030197) main____ INFO    ----------------------------------------
2026-02-26 10:45:40.118284 (4030197) main____ INFO    Memory statistics:
2026-02-26 10:45:40.118297 (4030197) main____ INFO      total physical memory  : 98449092 kB
2026-02-26 10:45:40.118320 (4030197) main____ INFO      free physical memory   : 75617708 kB
2026-02-26 10:45:40.118332 (4030197) main____ INFO      committed address space: 7492748 kB
2026-02-26 10:45:40.118342 (4030197) main____ INFO    ----------------------------------------
2026-02-26 10:45:40.119529 (4030197) main____ INFO    Important environment variables:
2026-02-26 10:45:40.119554 (4030197) main____ INFO      CDS_LIC_FILE       : '5280@cadlic0'
2026-02-26 10:45:40.119566 (4030197) main____ INFO      JASPER_INSTALL_DIR : '/cad/cadence/jasper_2023.12p001'
2026-02-26 10:45:40.119578 (4030197) main____ INFO      JASPER_KERNEL_CHECK: '1'
2026-02-26 10:45:40.119590 (4030197) main____ INFO      JASPER_OS_CHECK    : '0'
2026-02-26 10:45:40.119602 (4030197) main____ INFO      LANG               : 'en_US.UTF-8'
2026-02-26 10:45:40.119612 (4030197) main____ INFO    ----------------------------------------
2026-02-26 10:45:40.121496 (4030197) lic_core INFO    Initializing license system ...
2026-02-26 10:45:40.190135 (4030197) lic_core INFO    ... license system initialized.
2026-02-26 10:45:40.353162 (4030197) lic__man INFO    Claim 'main' for <ui>.
2026-02-26 10:45:40.353240 (4030197) lic_core INFO    (1) checking out 'jasper_interactive' ...
2026-02-26 10:45:40.425677 (4030197) lic_core INFO    ... (1) checkout succeeded
2026-02-26 10:45:40.425794 (4030197) lic__man INFO    Claim 'fpv' for <ui>.
2026-02-26 10:45:40.425826 (4030197) lic_core INFO    (2) checking out 'jasper_fpv' ...
2026-02-26 10:45:40.486088 (4030197) lic_core INFO    ... (2) checkout failed (error: -5) ("FLEXnet ERROR(-5, 0, 0): No such feature exists.")
2026-02-26 10:45:40.497401 (4030197) lic_core INFO    (3) checking out 'jasper_fao' ...
2026-02-26 10:45:40.560594 (4030197) lic_core INFO    ... (3) checkout succeeded
2026-02-26 10:45:40.608219 (4030197) main____ INFO    Tool inactivity delay is 480000 ms.
2026-02-26 10:45:40.638686 (4030208) stdio___ INFO    Starting STDIN reader (tty: yes, tty name: '/dev/pts/0')
2026-02-26 10:45:40.993430 (4030197) session_ INFO    Starting analysis session with session id 'session_0' (launcher: <local>) ...
2026-02-26 10:45:40.995468 (4030197) session_ INFO    Analysis session with session id 'session_0' started (pid: 4030209)
2026-02-26 10:45:45.266082 (4030197) session_ INFO    Analysis session 'session_0' connected to the console (host: 127.0.0.1:46522)
2026-02-26 10:45:56.612671 (4030197) lic__man INFO    Unclaim everything for 'session_0'.
2026-02-26 10:45:57.149899 (4030197) lic__man INFO    Claim 'fpv' for 'session_0'.
2026-02-26 10:45:57.149947 (4030197) lic__man INFO    Claim 'fpv' for 'session_0/prove-0'.
2026-02-26 10:46:24.811629 (4030197) lic__man INFO    Unclaim everything for 'session_0/prove-0'.
2026-02-26 10:46:24.877618 (4030197) main____ INFO    About to exit: request to exit with status 0 received from analysis session 'session_0'
2026-02-26 10:46:25.270968 (4030197) session_ INFO    Analysis session 'session_0' disconnected.
2026-02-26 10:46:25.271130 (4030197) lic__man INFO    Unclaim everything for 'session_0'.
2026-02-26 10:46:25.271451 (4030197) session_ INFO    Process for analysis session 'session_0' has exited with exit status '0'.
2026-02-26 10:46:26.924898 (4030208) stdio___ INFO    STDIN reader requested to stop.
2026-02-26 10:46:26.924956 (4030208) stdio___ INFO    STDIN reader stopped.
2026-02-26 10:46:26.927577 (4030197) lic_core INFO    (1) checkin jasper_interactive
2026-02-26 10:46:26.933552 (4030197) lic_core INFO    (3) checkin jasper_fao
2026-02-26 10:46:26.941472 (4030197) main____ INFO    Exiting with status 0.
