2026-03-01 06:11:40.484359 (4011298) main____ INFO    ----------------------------------------
2026-03-01 06:11:40.484455 (4011298) main____ INFO    Jasper version info
2026-03-01 06:11:40.484472 (4011298) main____ INFO      tool      : Jasper 2023.12
2026-03-01 06:11:40.484488 (4011298) main____ INFO      version   : 2023.12p001 64 bits
2026-03-01 06:11:40.484503 (4011298) main____ INFO      build date: 2024.01.23 16:09:24 UTC
2026-03-01 06:11:40.484513 (4011298) main____ INFO    ----------------------------------------
2026-03-01 06:11:40.484523 (4011298) main____ INFO    Runtime info:
2026-03-01 06:11:40.484535 (4011298) main____ INFO      platform  : Linux 4.18.0-553.89.1.el8_10.x86_64 x86_64
2026-03-01 06:11:40.484554 (4011298) main____ INFO      hostname  : caddy12.stanford.edu
2026-03-01 06:11:40.484571 (4011298) main____ INFO      pid       : 4011298
2026-03-01 06:11:40.484583 (4011298) main____ INFO      arguments : '-style' 'windows' '-allow_unsupported_OS' '-no_gui' '-fpv' './synthlc/i_LW_out/xPairwiseDepDiv/nunv_anytwo_372_.tcl' '-proj' './synthlc/i_LW_out/xPairwiseDepDiv/nunv_anytwo_372_jgsession_26-03-01-06_11_40'
2026-03-01 06:11:40.484600 (4011298) main____ INFO      locale    : UTF-8
2026-03-01 06:11:40.484610 (4011298) main____ INFO    ----------------------------------------
2026-03-01 06:11:40.484620 (4011298) main____ INFO    System resource limits info:
2026-03-01 06:11:40.484633 (4011298) main____ INFO      virtual memory: unlimited
2026-03-01 06:11:40.484646 (4011298) main____ INFO      cpu time      : unlimited
2026-03-01 06:11:40.484682 (4011298) main____ INFO      processes     : 4096
2026-03-01 06:11:40.484703 (4011298) main____ INFO      stack size    : 8388608 B
2026-03-01 06:11:40.484718 (4011298) main____ INFO      core file size: 0 B
2026-03-01 06:11:40.484731 (4011298) main____ INFO      open files    : 4096
2026-03-01 06:11:40.484744 (4011298) main____ INFO      file size     : unlimited
2026-03-01 06:11:40.484754 (4011298) main____ INFO    ----------------------------------------
2026-03-01 06:11:40.484764 (4011298) main____ INFO    Memory statistics:
2026-03-01 06:11:40.484776 (4011298) main____ INFO      total physical memory  : 98449088 kB
2026-03-01 06:11:40.484789 (4011298) main____ INFO      free physical memory   : 82101176 kB
2026-03-01 06:11:40.484814 (4011298) main____ INFO      committed address space: 13030176 kB
2026-03-01 06:11:40.484825 (4011298) main____ INFO    ----------------------------------------
2026-03-01 06:11:40.486040 (4011298) main____ INFO    Important environment variables:
2026-03-01 06:11:40.486070 (4011298) main____ INFO      CDS_LIC_FILE       : '5280@cadlic0'
2026-03-01 06:11:40.486084 (4011298) main____ INFO      DISPLAY            : 'localhost:12.0'
2026-03-01 06:11:40.486097 (4011298) main____ INFO      JASPER_INSTALL_DIR : '/cad/cadence/jasper_2023.12p001'
2026-03-01 06:11:40.486110 (4011298) main____ INFO      JASPER_KERNEL_CHECK: '1'
2026-03-01 06:11:40.486122 (4011298) main____ INFO      JASPER_OS_CHECK    : '0'
2026-03-01 06:11:40.486135 (4011298) main____ INFO      LANG               : 'zh_TW.UTF-8'
2026-03-01 06:11:40.486146 (4011298) main____ INFO    ----------------------------------------
2026-03-01 06:11:40.487832 (4011298) lic_core INFO    Initializing license system ...
2026-03-01 06:11:40.489541 (4011298) lic_core INFO    ... license system initialized.
2026-03-01 06:11:40.576579 (4011298) lic__man INFO    Claim 'main' for <ui>.
2026-03-01 06:11:40.576643 (4011298) lic_core INFO    (1) checking out 'jasper_interactive' ...
2026-03-01 06:11:40.588933 (4011298) lic_core INFO    ... (1) checkout succeeded
2026-03-01 06:11:40.589032 (4011298) lic__man INFO    Claim 'fpv' for <ui>.
2026-03-01 06:11:40.589060 (4011298) lic_core INFO    (2) checking out 'jasper_fpv' ...
2026-03-01 06:11:40.593466 (4011298) lic_core INFO    ... (2) checkout failed (error: -5) ("FLEXnet ERROR(-5, 0, 0): No such feature exists.")
2026-03-01 06:11:40.593522 (4011298) lic_core INFO    (3) checking out 'jasper_fao' ...
2026-03-01 06:11:40.604846 (4011298) lic_core INFO    ... (3) checkout succeeded
2026-03-01 06:11:40.606163 (4011298) main____ INFO    Tool inactivity delay is 480000 ms.
2026-03-01 06:11:40.606828 (4011310) stdio___ INFO    Starting STDIN reader (tty: yes, tty name: '/dev/pts/0')
2026-03-01 06:11:40.671850 (4011298) session_ INFO    Starting analysis session with session id 'session_0' (launcher: <local>) ...
2026-03-01 06:11:40.673856 (4011298) session_ INFO    Analysis session with session id 'session_0' started (pid: 4011314)
2026-03-01 06:11:41.974406 (4011298) session_ INFO    Analysis session 'session_0' connected to the console (host: 127.0.0.1:55320)
2026-03-01 06:11:46.239899 (4011298) lic__man INFO    Unclaim everything for 'session_0'.
2026-03-01 06:11:46.512169 (4011298) lic__man INFO    Claim 'fpv' for 'session_0'.
2026-03-01 06:11:46.512216 (4011298) lic__man INFO    Claim 'fpv' for 'session_0/prove-0'.
2026-03-01 06:11:48.720351 (4011298) lic__man INFO    Unclaim everything for 'session_0/prove-0'.
2026-03-01 06:11:48.755015 (4011298) main____ INFO    About to exit: request to exit with status 0 received from analysis session 'session_0'
2026-03-01 06:11:48.952497 (4011298) session_ INFO    Analysis session 'session_0' disconnected.
2026-03-01 06:11:48.952648 (4011298) lic__man INFO    Unclaim everything for 'session_0'.
2026-03-01 06:11:48.953296 (4011298) session_ INFO    Process for analysis session 'session_0' has exited with exit status '0'.
2026-03-01 06:11:50.880757 (4011310) stdio___ INFO    STDIN reader requested to stop.
2026-03-01 06:11:50.880842 (4011310) stdio___ INFO    STDIN reader stopped.
2026-03-01 06:11:50.884950 (4011298) lic_core INFO    (1) checkin jasper_interactive
2026-03-01 06:11:50.911928 (4011298) lic_core INFO    (3) checkin jasper_fao
2026-03-01 06:11:50.956719 (4011298) main____ INFO    Exiting with status 0.
