2026-02-25 14:54:59.225230 (3259113) main____ INFO    ----------------------------------------
2026-02-25 14:54:59.225299 (3259113) main____ INFO    Jasper version info
2026-02-25 14:54:59.225336 (3259113) main____ INFO      tool      : Jasper 2023.12
2026-02-25 14:54:59.225352 (3259113) main____ INFO      version   : 2023.12p001 64 bits
2026-02-25 14:54:59.225366 (3259113) main____ INFO      build date: 2024.01.23 16:09:24 UTC
2026-02-25 14:54:59.225377 (3259113) main____ INFO    ----------------------------------------
2026-02-25 14:54:59.225388 (3259113) main____ INFO    Runtime info:
2026-02-25 14:54:59.225400 (3259113) main____ INFO      platform  : Linux 4.18.0-553.89.1.el8_10.x86_64 x86_64
2026-02-25 14:54:59.225418 (3259113) main____ INFO      hostname  : caddy15.stanford.edu
2026-02-25 14:54:59.225435 (3259113) main____ INFO      pid       : 3259113
2026-02-25 14:54:59.225448 (3259113) main____ INFO      arguments : '-style' 'windows' '-allow_unsupported_OS' '-no_gui' '-fpv' './synthlc/i_DIV_out/xHBPerfG_dfg_v3_div/HB_16_.tcl' '-proj' './synthlc/i_DIV_out/xHBPerfG_dfg_v3_div/HB_16_jgsession_26-02-25-14_54_59'
2026-02-25 14:54:59.225465 (3259113) main____ INFO      locale    : UTF-8
2026-02-25 14:54:59.225476 (3259113) main____ INFO    ----------------------------------------
2026-02-25 14:54:59.225487 (3259113) main____ INFO    System resource limits info:
2026-02-25 14:54:59.225501 (3259113) main____ INFO      virtual memory: unlimited
2026-02-25 14:54:59.225514 (3259113) main____ INFO      cpu time      : unlimited
2026-02-25 14:54:59.225534 (3259113) main____ INFO      processes     : 4096
2026-02-25 14:54:59.225554 (3259113) main____ INFO      stack size    : 8388608 B
2026-02-25 14:54:59.225570 (3259113) main____ INFO      core file size: 0 B
2026-02-25 14:54:59.225584 (3259113) main____ INFO      open files    : 4096
2026-02-25 14:54:59.225598 (3259113) main____ INFO      file size     : unlimited
2026-02-25 14:54:59.225609 (3259113) main____ INFO    ----------------------------------------
2026-02-25 14:54:59.225620 (3259113) main____ INFO    Memory statistics:
2026-02-25 14:54:59.225633 (3259113) main____ INFO      total physical memory  : 98449092 kB
2026-02-25 14:54:59.225646 (3259113) main____ INFO      free physical memory   : 82521372 kB
2026-02-25 14:54:59.225659 (3259113) main____ INFO      committed address space: 1438228 kB
2026-02-25 14:54:59.225670 (3259113) main____ INFO    ----------------------------------------
2026-02-25 14:54:59.226825 (3259113) main____ INFO    Important environment variables:
2026-02-25 14:54:59.226851 (3259113) main____ INFO      CDS_LIC_FILE       : '5280@cadlic0'
2026-02-25 14:54:59.226865 (3259113) main____ INFO      JASPER_INSTALL_DIR : '/cad/cadence/jasper_2023.12p001'
2026-02-25 14:54:59.226879 (3259113) main____ INFO      JASPER_KERNEL_CHECK: '1'
2026-02-25 14:54:59.226902 (3259113) main____ INFO      JASPER_OS_CHECK    : '0'
2026-02-25 14:54:59.226915 (3259113) main____ INFO      LANG               : 'en_US.UTF-8'
2026-02-25 14:54:59.226926 (3259113) main____ INFO    ----------------------------------------
2026-02-25 14:54:59.228046 (3259113) lic_core INFO    Initializing license system ...
2026-02-25 14:54:59.229733 (3259113) lic_core INFO    ... license system initialized.
2026-02-25 14:54:59.239374 (3259113) lic__man INFO    Claim 'main' for <ui>.
2026-02-25 14:54:59.239419 (3259113) lic_core INFO    (1) checking out 'jasper_interactive' ...
2026-02-25 14:54:59.252492 (3259113) lic_core INFO    ... (1) checkout succeeded
2026-02-25 14:54:59.252557 (3259113) lic__man INFO    Claim 'fpv' for <ui>.
2026-02-25 14:54:59.252580 (3259113) lic_core INFO    (2) checking out 'jasper_fpv' ...
2026-02-25 14:54:59.256750 (3259113) lic_core INFO    ... (2) checkout failed (error: -5) ("FLEXnet ERROR(-5, 0, 0): No such feature exists.")
2026-02-25 14:54:59.256784 (3259113) lic_core INFO    (3) checking out 'jasper_fao' ...
2026-02-25 14:54:59.268076 (3259113) lic_core INFO    ... (3) checkout succeeded
2026-02-25 14:54:59.270277 (3259124) stdio___ INFO    Starting STDIN reader (tty: yes, tty name: '/dev/pts/0')
2026-02-25 14:54:59.270450 (3259113) main____ INFO    Tool inactivity delay is 480000 ms.
2026-02-25 14:54:59.309060 (3259113) session_ INFO    Starting analysis session with session id 'session_0' (launcher: <local>) ...
2026-02-25 14:54:59.310809 (3259113) session_ INFO    Analysis session with session id 'session_0' started (pid: 3259125)
2026-02-25 14:55:00.432201 (3259113) session_ INFO    Analysis session 'session_0' connected to the console (host: 127.0.0.1:54948)
2026-02-25 14:55:05.117545 (3259113) lic__man INFO    Unclaim everything for 'session_0'.
2026-02-25 14:55:05.455076 (3259113) lic__man INFO    Claim 'fpv' for 'session_0'.
2026-02-25 14:55:05.455129 (3259113) lic__man INFO    Claim 'fpv' for 'session_0/prove-0'.
2026-02-25 14:55:08.791581 (3259113) lic__man INFO    Unclaim everything for 'session_0/prove-0'.
2026-02-25 14:55:08.841608 (3259113) main____ INFO    About to exit: request to exit with status 0 received from analysis session 'session_0'
2026-02-25 14:55:09.210968 (3259113) session_ INFO    Analysis session 'session_0' disconnected.
2026-02-25 14:55:09.211123 (3259113) lic__man INFO    Unclaim everything for 'session_0'.
2026-02-25 14:55:09.211436 (3259113) session_ INFO    Process for analysis session 'session_0' has exited with exit status '0'.
2026-02-25 14:55:10.903903 (3259124) stdio___ INFO    STDIN reader requested to stop.
2026-02-25 14:55:10.903950 (3259124) stdio___ INFO    STDIN reader stopped.
2026-02-25 14:55:10.904209 (3259113) lic_core INFO    (1) checkin jasper_interactive
2026-02-25 14:55:10.905414 (3259113) lic_core INFO    (3) checkin jasper_fao
2026-02-25 14:55:10.907118 (3259113) main____ INFO    Exiting with status 0.
