2026-02-26 00:04:41.119194 (1765295) main____ INFO    ----------------------------------------
2026-02-26 00:04:41.119293 (1765295) main____ INFO    Jasper version info
2026-02-26 00:04:41.119310 (1765295) main____ INFO      tool      : Jasper 2023.12
2026-02-26 00:04:41.119327 (1765295) main____ INFO      version   : 2023.12p001 64 bits
2026-02-26 00:04:41.119341 (1765295) main____ INFO      build date: 2024.01.23 16:09:24 UTC
2026-02-26 00:04:41.119352 (1765295) main____ INFO    ----------------------------------------
2026-02-26 00:04:41.119362 (1765295) main____ INFO    Runtime info:
2026-02-26 00:04:41.119373 (1765295) main____ INFO      platform  : Linux 4.18.0-553.89.1.el8_10.x86_64 x86_64
2026-02-26 00:04:41.119403 (1765295) main____ INFO      hostname  : caddy12.stanford.edu
2026-02-26 00:04:41.119419 (1765295) main____ INFO      pid       : 1765295
2026-02-26 00:04:41.119431 (1765295) main____ INFO      arguments : '-style' 'windows' '-allow_unsupported_OS' '-no_gui' '-fpv' './synthlc/i_MUL_out/xPairwiseDepDiv/exclusive_100_.tcl' '-proj' './synthlc/i_MUL_out/xPairwiseDepDiv/exclusive_100_jgsession_26-02-26-00_04_40'
2026-02-26 00:04:41.119450 (1765295) main____ INFO      locale    : UTF-8
2026-02-26 00:04:41.119460 (1765295) main____ INFO    ----------------------------------------
2026-02-26 00:04:41.119471 (1765295) main____ INFO    System resource limits info:
2026-02-26 00:04:41.119484 (1765295) main____ INFO      virtual memory: unlimited
2026-02-26 00:04:41.119497 (1765295) main____ INFO      cpu time      : unlimited
2026-02-26 00:04:41.119516 (1765295) main____ INFO      processes     : 4096
2026-02-26 00:04:41.119536 (1765295) main____ INFO      stack size    : 8388608 B
2026-02-26 00:04:41.119551 (1765295) main____ INFO      core file size: 0 B
2026-02-26 00:04:41.119565 (1765295) main____ INFO      open files    : 4096
2026-02-26 00:04:41.119577 (1765295) main____ INFO      file size     : unlimited
2026-02-26 00:04:41.119588 (1765295) main____ INFO    ----------------------------------------
2026-02-26 00:04:41.119598 (1765295) main____ INFO    Memory statistics:
2026-02-26 00:04:41.119611 (1765295) main____ INFO      total physical memory  : 98449088 kB
2026-02-26 00:04:41.119623 (1765295) main____ INFO      free physical memory   : 78624040 kB
2026-02-26 00:04:41.119635 (1765295) main____ INFO      committed address space: 6591020 kB
2026-02-26 00:04:41.119646 (1765295) main____ INFO    ----------------------------------------
2026-02-26 00:04:41.120847 (1765295) main____ INFO    Important environment variables:
2026-02-26 00:04:41.120876 (1765295) main____ INFO      CDS_LIC_FILE       : '5280@cadlic0'
2026-02-26 00:04:41.120890 (1765295) main____ INFO      DISPLAY            : 'localhost:12.0'
2026-02-26 00:04:41.120902 (1765295) main____ INFO      JASPER_INSTALL_DIR : '/cad/cadence/jasper_2023.12p001'
2026-02-26 00:04:41.120915 (1765295) main____ INFO      JASPER_KERNEL_CHECK: '1'
2026-02-26 00:04:41.120928 (1765295) main____ INFO      JASPER_OS_CHECK    : '0'
2026-02-26 00:04:41.120940 (1765295) main____ INFO      LANG               : 'zh_TW.UTF-8'
2026-02-26 00:04:41.120951 (1765295) main____ INFO    ----------------------------------------
2026-02-26 00:04:41.122839 (1765295) lic_core INFO    Initializing license system ...
2026-02-26 00:04:41.136130 (1765295) lic_core INFO    ... license system initialized.
2026-02-26 00:04:41.150685 (1765295) lic__man INFO    Claim 'main' for <ui>.
2026-02-26 00:04:41.150763 (1765295) lic_core INFO    (1) checking out 'jasper_interactive' ...
2026-02-26 00:04:41.164171 (1765295) lic_core INFO    ... (1) checkout succeeded
2026-02-26 00:04:41.164291 (1765295) lic__man INFO    Claim 'fpv' for <ui>.
2026-02-26 00:04:41.164320 (1765295) lic_core INFO    (2) checking out 'jasper_fpv' ...
2026-02-26 00:04:41.208137 (1765295) lic_core INFO    ... (2) checkout failed (error: -5) ("FLEXnet ERROR(-5, 0, 0): No such feature exists.")
2026-02-26 00:04:41.208207 (1765295) lic_core INFO    (3) checking out 'jasper_fao' ...
2026-02-26 00:04:41.280649 (1765295) lic_core INFO    ... (3) checkout succeeded
2026-02-26 00:04:41.282106 (1765295) main____ INFO    Tool inactivity delay is 480000 ms.
2026-02-26 00:04:41.291867 (1765312) stdio___ INFO    Starting STDIN reader (tty: yes, tty name: '/dev/pts/0')
2026-02-26 00:04:41.480227 (1765295) session_ INFO    Starting analysis session with session id 'session_0' (launcher: <local>) ...
2026-02-26 00:04:41.482143 (1765295) session_ INFO    Analysis session with session id 'session_0' started (pid: 1765328)
2026-02-26 00:04:44.042172 (1765295) session_ INFO    Analysis session 'session_0' connected to the console (host: 127.0.0.1:34928)
2026-02-26 00:04:53.090786 (1765295) lic__man INFO    Unclaim everything for 'session_0'.
2026-02-26 00:04:53.573107 (1765295) lic__man INFO    Claim 'fpv' for 'session_0'.
2026-02-26 00:04:53.573153 (1765295) lic__man INFO    Claim 'fpv' for 'session_0/prove-0'.
2026-02-26 00:05:26.004904 (1765295) lic__man INFO    Unclaim everything for 'session_0/prove-0'.
2026-02-26 00:05:26.062830 (1765295) main____ INFO    About to exit: request to exit with status 0 received from analysis session 'session_0'
2026-02-26 00:05:26.441607 (1765295) session_ INFO    Analysis session 'session_0' disconnected.
2026-02-26 00:05:26.441777 (1765295) lic__man INFO    Unclaim everything for 'session_0'.
2026-02-26 00:05:26.442387 (1765295) session_ INFO    Process for analysis session 'session_0' has exited with exit status '0'.
2026-02-26 00:05:27.974775 (1765312) stdio___ INFO    STDIN reader requested to stop.
2026-02-26 00:05:27.974849 (1765312) stdio___ INFO    STDIN reader stopped.
2026-02-26 00:05:27.980929 (1765295) lic_core INFO    (1) checkin jasper_interactive
2026-02-26 00:05:27.985870 (1765295) lic_core INFO    (3) checkin jasper_fao
2026-02-26 00:05:27.997441 (1765295) main____ INFO    Exiting with status 0.
