2026-02-28 23:04:45.618660 (1084664) main____ INFO    ----------------------------------------
2026-02-28 23:04:45.618727 (1084664) main____ INFO    Jasper version info
2026-02-28 23:04:45.618742 (1084664) main____ INFO      tool      : Jasper 2023.12
2026-02-28 23:04:45.618757 (1084664) main____ INFO      version   : 2023.12p001 64 bits
2026-02-28 23:04:45.618770 (1084664) main____ INFO      build date: 2024.01.23 16:09:24 UTC
2026-02-28 23:04:45.618780 (1084664) main____ INFO    ----------------------------------------
2026-02-28 23:04:45.618789 (1084664) main____ INFO    Runtime info:
2026-02-28 23:04:45.618800 (1084664) main____ INFO      platform  : Linux 4.18.0-553.89.1.el8_10.x86_64 x86_64
2026-02-28 23:04:45.618817 (1084664) main____ INFO      hostname  : caddy15.stanford.edu
2026-02-28 23:04:45.618832 (1084664) main____ INFO      pid       : 1084664
2026-02-28 23:04:45.618844 (1084664) main____ INFO      arguments : '-style' 'windows' '-allow_unsupported_OS' '-no_gui' '-fpv' './synthlc/i_BEQ_out/xHBPerfG_dfg_v3_div/HB_7_.tcl' '-proj' './synthlc/i_BEQ_out/xHBPerfG_dfg_v3_div/HB_7_jgsession_26-02-28-23_04_45'
2026-02-28 23:04:45.618859 (1084664) main____ INFO      locale    : UTF-8
2026-02-28 23:04:45.618869 (1084664) main____ INFO    ----------------------------------------
2026-02-28 23:04:45.618879 (1084664) main____ INFO    System resource limits info:
2026-02-28 23:04:45.618891 (1084664) main____ INFO      virtual memory: unlimited
2026-02-28 23:04:45.618903 (1084664) main____ INFO      cpu time      : unlimited
2026-02-28 23:04:45.618919 (1084664) main____ INFO      processes     : 4096
2026-02-28 23:04:45.618937 (1084664) main____ INFO      stack size    : 8388608 B
2026-02-28 23:04:45.618951 (1084664) main____ INFO      core file size: 0 B
2026-02-28 23:04:45.618963 (1084664) main____ INFO      open files    : 4096
2026-02-28 23:04:45.618975 (1084664) main____ INFO      file size     : unlimited
2026-02-28 23:04:45.618985 (1084664) main____ INFO    ----------------------------------------
2026-02-28 23:04:45.618994 (1084664) main____ INFO    Memory statistics:
2026-02-28 23:04:45.619006 (1084664) main____ INFO      total physical memory  : 98449092 kB
2026-02-28 23:04:45.619017 (1084664) main____ INFO      free physical memory   : 79983368 kB
2026-02-28 23:04:45.619029 (1084664) main____ INFO      committed address space: 1889548 kB
2026-02-28 23:04:45.619038 (1084664) main____ INFO    ----------------------------------------
2026-02-28 23:04:45.620179 (1084664) main____ INFO    Important environment variables:
2026-02-28 23:04:45.620201 (1084664) main____ INFO      CDS_LIC_FILE       : '5280@cadlic0'
2026-02-28 23:04:45.620214 (1084664) main____ INFO      JASPER_INSTALL_DIR : '/cad/cadence/jasper_2023.12p001'
2026-02-28 23:04:45.620226 (1084664) main____ INFO      JASPER_KERNEL_CHECK: '1'
2026-02-28 23:04:45.620238 (1084664) main____ INFO      JASPER_OS_CHECK    : '0'
2026-02-28 23:04:45.620250 (1084664) main____ INFO      LANG               : 'en_US.UTF-8'
2026-02-28 23:04:45.620260 (1084664) main____ INFO    ----------------------------------------
2026-02-28 23:04:45.621469 (1084664) lic_core INFO    Initializing license system ...
2026-02-28 23:04:45.623881 (1084664) lic_core INFO    ... license system initialized.
2026-02-28 23:04:45.634796 (1084664) lic__man INFO    Claim 'main' for <ui>.
2026-02-28 23:04:45.634841 (1084664) lic_core INFO    (1) checking out 'jasper_interactive' ...
2026-02-28 23:04:45.647600 (1084664) lic_core INFO    ... (1) checkout succeeded
2026-02-28 23:04:45.647670 (1084664) lic__man INFO    Claim 'fpv' for <ui>.
2026-02-28 23:04:45.647692 (1084664) lic_core INFO    (2) checking out 'jasper_fpv' ...
2026-02-28 23:04:45.651792 (1084664) lic_core INFO    ... (2) checkout failed (error: -5) ("FLEXnet ERROR(-5, 0, 0): No such feature exists.")
2026-02-28 23:04:45.651824 (1084664) lic_core INFO    (3) checking out 'jasper_fao' ...
2026-02-28 23:04:45.662770 (1084664) lic_core INFO    ... (3) checkout succeeded
2026-02-28 23:04:45.663815 (1084675) stdio___ INFO    Starting STDIN reader (tty: yes, tty name: '/dev/pts/0')
2026-02-28 23:04:45.663946 (1084664) main____ INFO    Tool inactivity delay is 480000 ms.
2026-02-28 23:04:45.707614 (1084664) session_ INFO    Starting analysis session with session id 'session_0' (launcher: <local>) ...
2026-02-28 23:04:45.709486 (1084664) session_ INFO    Analysis session with session id 'session_0' started (pid: 1084676)
2026-02-28 23:04:46.804674 (1084664) session_ INFO    Analysis session 'session_0' connected to the console (host: 127.0.0.1:43348)
2026-02-28 23:04:49.994522 (1084664) lic__man INFO    Unclaim everything for 'session_0'.
2026-02-28 23:04:50.345276 (1084664) lic__man INFO    Claim 'fpv' for 'session_0'.
2026-02-28 23:04:50.345329 (1084664) lic__man INFO    Claim 'fpv' for 'session_0/prove-0'.
2026-02-28 23:04:54.941665 (1084664) lic__man INFO    Unclaim everything for 'session_0/prove-0'.
2026-02-28 23:04:54.974610 (1084664) main____ INFO    About to exit: request to exit with status 0 received from analysis session 'session_0'
2026-02-28 23:04:55.404949 (1084664) session_ INFO    Analysis session 'session_0' disconnected.
2026-02-28 23:04:55.405081 (1084664) lic__man INFO    Unclaim everything for 'session_0'.
2026-02-28 23:04:55.405361 (1084664) session_ INFO    Process for analysis session 'session_0' has exited with exit status '0'.
2026-02-28 23:04:56.916422 (1084675) stdio___ INFO    STDIN reader requested to stop.
2026-02-28 23:04:56.916492 (1084675) stdio___ INFO    STDIN reader stopped.
2026-02-28 23:04:56.924582 (1084664) lic_core INFO    (1) checkin jasper_interactive
2026-02-28 23:04:56.926519 (1084664) lic_core INFO    (3) checkin jasper_fao
2026-02-28 23:04:56.959458 (1084664) main____ INFO    Exiting with status 0.
