2026-02-27 17:19:10.956376 (3251581) main____ INFO    ----------------------------------------
2026-02-27 17:19:10.956440 (3251581) main____ INFO    Jasper version info
2026-02-27 17:19:10.956456 (3251581) main____ INFO      tool      : Jasper 2023.12
2026-02-27 17:19:10.956470 (3251581) main____ INFO      version   : 2023.12p001 64 bits
2026-02-27 17:19:10.956483 (3251581) main____ INFO      build date: 2024.01.23 16:09:24 UTC
2026-02-27 17:19:10.956494 (3251581) main____ INFO    ----------------------------------------
2026-02-27 17:19:10.956503 (3251581) main____ INFO    Runtime info:
2026-02-27 17:19:10.956514 (3251581) main____ INFO      platform  : Linux 4.18.0-553.89.1.el8_10.x86_64 x86_64
2026-02-27 17:19:10.956531 (3251581) main____ INFO      hostname  : caddy12.stanford.edu
2026-02-27 17:19:10.956546 (3251581) main____ INFO      pid       : 3251581
2026-02-27 17:19:10.956557 (3251581) main____ INFO      arguments : '-style' 'windows' '-allow_unsupported_OS' '-no_gui' '-fpv' './synthlc/i_DIV_out/xPerfLocCycleCount/over1cyc_4_div_fsm_s5_.tcl' '-proj' './synthlc/i_DIV_out/xPerfLocCycleCount/over1cyc_4_div_fsm_s5_jgsession_26-02-27-17_19_10'
2026-02-27 17:19:10.956572 (3251581) main____ INFO      locale    : UTF-8
2026-02-27 17:19:10.956582 (3251581) main____ INFO    ----------------------------------------
2026-02-27 17:19:10.956592 (3251581) main____ INFO    System resource limits info:
2026-02-27 17:19:10.956605 (3251581) main____ INFO      virtual memory: unlimited
2026-02-27 17:19:10.956627 (3251581) main____ INFO      cpu time      : unlimited
2026-02-27 17:19:10.956650 (3251581) main____ INFO      processes     : 4096
2026-02-27 17:19:10.956696 (3251581) main____ INFO      stack size    : 8388608 B
2026-02-27 17:19:10.956711 (3251581) main____ INFO      core file size: 0 B
2026-02-27 17:19:10.956724 (3251581) main____ INFO      open files    : 4096
2026-02-27 17:19:10.956736 (3251581) main____ INFO      file size     : unlimited
2026-02-27 17:19:10.956747 (3251581) main____ INFO    ----------------------------------------
2026-02-27 17:19:10.956767 (3251581) main____ INFO    Memory statistics:
2026-02-27 17:19:10.956782 (3251581) main____ INFO      total physical memory  : 98449088 kB
2026-02-27 17:19:10.956795 (3251581) main____ INFO      free physical memory   : 78892800 kB
2026-02-27 17:19:10.956816 (3251581) main____ INFO      committed address space: 1709676 kB
2026-02-27 17:19:10.956828 (3251581) main____ INFO    ----------------------------------------
2026-02-27 17:19:10.958039 (3251581) main____ INFO    Important environment variables:
2026-02-27 17:19:10.958070 (3251581) main____ INFO      CDS_LIC_FILE       : '5280@cadlic0'
2026-02-27 17:19:10.958084 (3251581) main____ INFO      DISPLAY            : 'localhost:12.0'
2026-02-27 17:19:10.958101 (3251581) main____ INFO      JASPER_INSTALL_DIR : '/cad/cadence/jasper_2023.12p001'
2026-02-27 17:19:10.958113 (3251581) main____ INFO      JASPER_KERNEL_CHECK: '1'
2026-02-27 17:19:10.958126 (3251581) main____ INFO      JASPER_OS_CHECK    : '0'
2026-02-27 17:19:10.958138 (3251581) main____ INFO      LANG               : 'zh_TW.UTF-8'
2026-02-27 17:19:10.958148 (3251581) main____ INFO    ----------------------------------------
2026-02-27 17:19:10.959413 (3251581) lic_core INFO    Initializing license system ...
2026-02-27 17:19:10.962829 (3251581) lic_core INFO    ... license system initialized.
2026-02-27 17:19:10.976562 (3251581) lic__man INFO    Claim 'main' for <ui>.
2026-02-27 17:19:10.976626 (3251581) lic_core INFO    (1) checking out 'jasper_interactive' ...
2026-02-27 17:19:10.989973 (3251581) lic_core INFO    ... (1) checkout succeeded
2026-02-27 17:19:10.990046 (3251581) lic__man INFO    Claim 'fpv' for <ui>.
2026-02-27 17:19:10.990068 (3251581) lic_core INFO    (2) checking out 'jasper_fpv' ...
2026-02-27 17:19:10.993642 (3251581) lic_core INFO    ... (2) checkout failed (error: -5) ("FLEXnet ERROR(-5, 0, 0): No such feature exists.")
2026-02-27 17:19:10.993691 (3251581) lic_core INFO    (3) checking out 'jasper_fao' ...
2026-02-27 17:19:11.004588 (3251581) lic_core INFO    ... (3) checkout succeeded
2026-02-27 17:19:11.008473 (3251612) stdio___ INFO    Starting STDIN reader (tty: yes, tty name: '/dev/pts/0')
2026-02-27 17:19:11.008570 (3251581) main____ INFO    Tool inactivity delay is 480000 ms.
2026-02-27 17:19:11.050887 (3251581) session_ INFO    Starting analysis session with session id 'session_0' (launcher: <local>) ...
2026-02-27 17:19:11.052716 (3251581) session_ INFO    Analysis session with session id 'session_0' started (pid: 3251614)
2026-02-27 17:19:12.257067 (3251581) session_ INFO    Analysis session 'session_0' connected to the console (host: 127.0.0.1:49000)
2026-02-27 17:19:15.436494 (3251581) lic__man INFO    Unclaim everything for 'session_0'.
2026-02-27 17:19:15.632803 (3251581) lic__man INFO    Claim 'fpv' for 'session_0'.
2026-02-27 17:19:15.632844 (3251581) lic__man INFO    Claim 'fpv' for 'session_0/prove-0'.
2026-02-27 17:20:06.299060 (3251581) lic__man INFO    Unclaim everything for 'session_0/prove-0'.
2026-02-27 17:20:06.340888 (3251581) main____ INFO    About to exit: request to exit with status 0 received from analysis session 'session_0'
2026-02-27 17:20:06.674798 (3251581) session_ INFO    Analysis session 'session_0' disconnected.
2026-02-27 17:20:06.674972 (3251581) lic__man INFO    Unclaim everything for 'session_0'.
2026-02-27 17:20:06.675293 (3251581) session_ INFO    Process for analysis session 'session_0' has exited with exit status '0'.
2026-02-27 17:20:08.391746 (3251612) stdio___ INFO    STDIN reader requested to stop.
2026-02-27 17:20:08.391820 (3251612) stdio___ INFO    STDIN reader stopped.
2026-02-27 17:20:08.392272 (3251581) lic_core INFO    (1) checkin jasper_interactive
2026-02-27 17:20:08.394311 (3251581) lic_core INFO    (3) checkin jasper_fao
2026-02-27 17:20:08.397259 (3251581) main____ INFO    Exiting with status 0.
