2026-02-27 15:54:23.441247 (3167885) main____ INFO    ----------------------------------------
2026-02-27 15:54:23.441348 (3167885) main____ INFO    Jasper version info
2026-02-27 15:54:23.441365 (3167885) main____ INFO      tool      : Jasper 2023.12
2026-02-27 15:54:23.441381 (3167885) main____ INFO      version   : 2023.12p001 64 bits
2026-02-27 15:54:23.441395 (3167885) main____ INFO      build date: 2024.01.23 16:09:24 UTC
2026-02-27 15:54:23.441406 (3167885) main____ INFO    ----------------------------------------
2026-02-27 15:54:23.441416 (3167885) main____ INFO    Runtime info:
2026-02-27 15:54:23.441427 (3167885) main____ INFO      platform  : Linux 4.18.0-553.89.1.el8_10.x86_64 x86_64
2026-02-27 15:54:23.441448 (3167885) main____ INFO      hostname  : caddy12.stanford.edu
2026-02-27 15:54:23.441464 (3167885) main____ INFO      pid       : 3167885
2026-02-27 15:54:23.441476 (3167885) main____ INFO      arguments : '-style' 'windows' '-allow_unsupported_OS' '-no_gui' '-fpv' './synthlc/i_DIV_out/xPairwiseDepDiv/nunv_anytwo_84_.tcl' '-proj' './synthlc/i_DIV_out/xPairwiseDepDiv/nunv_anytwo_84_jgsession_26-02-27-15_54_23'
2026-02-27 15:54:23.441494 (3167885) main____ INFO      locale    : UTF-8
2026-02-27 15:54:23.441504 (3167885) main____ INFO    ----------------------------------------
2026-02-27 15:54:23.441514 (3167885) main____ INFO    System resource limits info:
2026-02-27 15:54:23.441527 (3167885) main____ INFO      virtual memory: unlimited
2026-02-27 15:54:23.441540 (3167885) main____ INFO      cpu time      : unlimited
2026-02-27 15:54:23.441560 (3167885) main____ INFO      processes     : 4096
2026-02-27 15:54:23.441581 (3167885) main____ INFO      stack size    : 8388608 B
2026-02-27 15:54:23.441596 (3167885) main____ INFO      core file size: 0 B
2026-02-27 15:54:23.441609 (3167885) main____ INFO      open files    : 4096
2026-02-27 15:54:23.441622 (3167885) main____ INFO      file size     : unlimited
2026-02-27 15:54:23.441632 (3167885) main____ INFO    ----------------------------------------
2026-02-27 15:54:23.441642 (3167885) main____ INFO    Memory statistics:
2026-02-27 15:54:23.441680 (3167885) main____ INFO      total physical memory  : 98449088 kB
2026-02-27 15:54:23.441693 (3167885) main____ INFO      free physical memory   : 77743844 kB
2026-02-27 15:54:23.441705 (3167885) main____ INFO      committed address space: 3561340 kB
2026-02-27 15:54:23.441715 (3167885) main____ INFO    ----------------------------------------
2026-02-27 15:54:23.442905 (3167885) main____ INFO    Important environment variables:
2026-02-27 15:54:23.442932 (3167885) main____ INFO      CDS_LIC_FILE       : '5280@cadlic0'
2026-02-27 15:54:23.442946 (3167885) main____ INFO      DISPLAY            : 'localhost:12.0'
2026-02-27 15:54:23.442959 (3167885) main____ INFO      JASPER_INSTALL_DIR : '/cad/cadence/jasper_2023.12p001'
2026-02-27 15:54:23.442972 (3167885) main____ INFO      JASPER_KERNEL_CHECK: '1'
2026-02-27 15:54:23.442984 (3167885) main____ INFO      JASPER_OS_CHECK    : '0'
2026-02-27 15:54:23.442997 (3167885) main____ INFO      LANG               : 'zh_TW.UTF-8'
2026-02-27 15:54:23.443008 (3167885) main____ INFO    ----------------------------------------
2026-02-27 15:54:23.444846 (3167885) lic_core INFO    Initializing license system ...
2026-02-27 15:54:23.455915 (3167885) lic_core INFO    ... license system initialized.
2026-02-27 15:54:23.492614 (3167885) lic__man INFO    Claim 'main' for <ui>.
2026-02-27 15:54:23.492738 (3167885) lic_core INFO    (1) checking out 'jasper_interactive' ...
2026-02-27 15:54:23.515266 (3167885) lic_core INFO    ... (1) checkout succeeded
2026-02-27 15:54:23.515380 (3167885) lic__man INFO    Claim 'fpv' for <ui>.
2026-02-27 15:54:23.515410 (3167885) lic_core INFO    (2) checking out 'jasper_fpv' ...
2026-02-27 15:54:23.519861 (3167885) lic_core INFO    ... (2) checkout failed (error: -5) ("FLEXnet ERROR(-5, 0, 0): No such feature exists.")
2026-02-27 15:54:23.521814 (3167885) lic_core INFO    (3) checking out 'jasper_fao' ...
2026-02-27 15:54:23.532994 (3167885) lic_core INFO    ... (3) checkout succeeded
2026-02-27 15:54:23.534621 (3167885) main____ INFO    Tool inactivity delay is 480000 ms.
2026-02-27 15:54:23.542854 (3167911) stdio___ INFO    Starting STDIN reader (tty: yes, tty name: '/dev/pts/0')
2026-02-27 15:54:23.685879 (3167885) session_ INFO    Starting analysis session with session id 'session_0' (launcher: <local>) ...
2026-02-27 15:54:23.687784 (3167885) session_ INFO    Analysis session with session id 'session_0' started (pid: 3167918)
2026-02-27 15:54:25.012329 (3167885) session_ INFO    Analysis session 'session_0' connected to the console (host: 127.0.0.1:45616)
2026-02-27 15:54:28.740760 (3167885) lic__man INFO    Unclaim everything for 'session_0'.
2026-02-27 15:54:29.078949 (3167885) lic__man INFO    Claim 'fpv' for 'session_0'.
2026-02-27 15:54:29.079003 (3167885) lic__man INFO    Claim 'fpv' for 'session_0/prove-0'.
2026-02-27 15:54:32.913889 (3167885) lic__man INFO    Unclaim everything for 'session_0/prove-0'.
2026-02-27 15:54:32.959832 (3167885) main____ INFO    About to exit: request to exit with status 0 received from analysis session 'session_0'
2026-02-27 15:54:33.162399 (3167885) session_ INFO    Analysis session 'session_0' disconnected.
2026-02-27 15:54:33.162661 (3167885) lic__man INFO    Unclaim everything for 'session_0'.
2026-02-27 15:54:33.162895 (3167885) session_ INFO    Process for analysis session 'session_0' has exited with exit status '0'.
2026-02-27 15:54:34.897756 (3167911) stdio___ INFO    STDIN reader requested to stop.
2026-02-27 15:54:34.897837 (3167911) stdio___ INFO    STDIN reader stopped.
2026-02-27 15:54:34.898218 (3167885) lic_core INFO    (1) checkin jasper_interactive
2026-02-27 15:54:34.899846 (3167885) lic_core INFO    (3) checkin jasper_fao
2026-02-27 15:54:34.935056 (3167885) main____ INFO    Exiting with status 0.
