2026-02-25 11:00:32.774891 (3077300) main____ INFO    ----------------------------------------
2026-02-25 11:00:32.774990 (3077300) main____ INFO    Jasper version info
2026-02-25 11:00:32.775006 (3077300) main____ INFO      tool      : Jasper 2023.12
2026-02-25 11:00:32.775022 (3077300) main____ INFO      version   : 2023.12p001 64 bits
2026-02-25 11:00:32.775035 (3077300) main____ INFO      build date: 2024.01.23 16:09:24 UTC
2026-02-25 11:00:32.775045 (3077300) main____ INFO    ----------------------------------------
2026-02-25 11:00:32.775054 (3077300) main____ INFO    Runtime info:
2026-02-25 11:00:32.775065 (3077300) main____ INFO      platform  : Linux 4.18.0-553.89.1.el8_10.x86_64 x86_64
2026-02-25 11:00:32.775085 (3077300) main____ INFO      hostname  : caddy15.stanford.edu
2026-02-25 11:00:32.775100 (3077300) main____ INFO      pid       : 3077300
2026-02-25 11:00:32.775111 (3077300) main____ INFO      arguments : '-style' 'windows' '-allow_unsupported_OS' '-no_gui' '-fpv' './synthlc/i_DIV_out/xPairwiseDepDiv/nunv_anytwo_97_.tcl' '-proj' './synthlc/i_DIV_out/xPairwiseDepDiv/nunv_anytwo_97_jgsession_26-02-25-11_00_31'
2026-02-25 11:00:32.775129 (3077300) main____ INFO      locale    : UTF-8
2026-02-25 11:00:32.775138 (3077300) main____ INFO    ----------------------------------------
2026-02-25 11:00:32.775147 (3077300) main____ INFO    System resource limits info:
2026-02-25 11:00:32.775159 (3077300) main____ INFO      virtual memory: unlimited
2026-02-25 11:00:32.775171 (3077300) main____ INFO      cpu time      : unlimited
2026-02-25 11:00:32.775190 (3077300) main____ INFO      processes     : 4096
2026-02-25 11:00:32.775211 (3077300) main____ INFO      stack size    : 8388608 B
2026-02-25 11:00:32.775226 (3077300) main____ INFO      core file size: 0 B
2026-02-25 11:00:32.775239 (3077300) main____ INFO      open files    : 4096
2026-02-25 11:00:32.775251 (3077300) main____ INFO      file size     : unlimited
2026-02-25 11:00:32.775261 (3077300) main____ INFO    ----------------------------------------
2026-02-25 11:00:32.775270 (3077300) main____ INFO    Memory statistics:
2026-02-25 11:00:32.775281 (3077300) main____ INFO      total physical memory  : 98449092 kB
2026-02-25 11:00:32.775293 (3077300) main____ INFO      free physical memory   : 72485916 kB
2026-02-25 11:00:32.775319 (3077300) main____ INFO      committed address space: 13832216 kB
2026-02-25 11:00:32.775329 (3077300) main____ INFO    ----------------------------------------
2026-02-25 11:00:32.776538 (3077300) main____ INFO    Important environment variables:
2026-02-25 11:00:32.776570 (3077300) main____ INFO      CDS_LIC_FILE       : '5280@cadlic0'
2026-02-25 11:00:32.776583 (3077300) main____ INFO      JASPER_INSTALL_DIR : '/cad/cadence/jasper_2023.12p001'
2026-02-25 11:00:32.776595 (3077300) main____ INFO      JASPER_KERNEL_CHECK: '1'
2026-02-25 11:00:32.776607 (3077300) main____ INFO      JASPER_OS_CHECK    : '0'
2026-02-25 11:00:32.776619 (3077300) main____ INFO      LANG               : 'en_US.UTF-8'
2026-02-25 11:00:32.776629 (3077300) main____ INFO    ----------------------------------------
2026-02-25 11:00:32.778495 (3077300) lic_core INFO    Initializing license system ...
2026-02-25 11:00:32.819145 (3077300) lic_core INFO    ... license system initialized.
2026-02-25 11:00:32.971600 (3077300) lic__man INFO    Claim 'main' for <ui>.
2026-02-25 11:00:32.971672 (3077300) lic_core INFO    (1) checking out 'jasper_interactive' ...
2026-02-25 11:00:33.040696 (3077300) lic_core INFO    ... (1) checkout succeeded
2026-02-25 11:00:33.040801 (3077300) lic__man INFO    Claim 'fpv' for <ui>.
2026-02-25 11:00:33.040829 (3077300) lic_core INFO    (2) checking out 'jasper_fpv' ...
2026-02-25 11:00:33.107806 (3077300) lic_core INFO    ... (2) checkout failed (error: -5) ("FLEXnet ERROR(-5, 0, 0): No such feature exists.")
2026-02-25 11:00:33.107866 (3077300) lic_core INFO    (3) checking out 'jasper_fao' ...
2026-02-25 11:00:33.183695 (3077300) lic_core INFO    ... (3) checkout succeeded
2026-02-25 11:00:33.208280 (3077300) main____ INFO    Tool inactivity delay is 480000 ms.
2026-02-25 11:00:33.219832 (3077311) stdio___ INFO    Starting STDIN reader (tty: yes, tty name: '/dev/pts/0')
2026-02-25 11:00:33.514428 (3077300) session_ INFO    Starting analysis session with session id 'session_0' (launcher: <local>) ...
2026-02-25 11:00:33.516298 (3077300) session_ INFO    Analysis session with session id 'session_0' started (pid: 3077312)
2026-02-25 11:00:37.221863 (3077300) session_ INFO    Analysis session 'session_0' connected to the console (host: 127.0.0.1:50770)
2026-02-25 11:00:47.246433 (3077300) lic__man INFO    Unclaim everything for 'session_0'.
2026-02-25 11:00:47.810539 (3077300) lic__man INFO    Claim 'fpv' for 'session_0'.
2026-02-25 11:00:47.810584 (3077300) lic__man INFO    Claim 'fpv' for 'session_0/prove-0'.
2026-02-25 11:00:50.858675 (3077300) lic__man INFO    Unclaim everything for 'session_0/prove-0'.
2026-02-25 11:00:50.891646 (3077300) main____ INFO    About to exit: request to exit with status 0 received from analysis session 'session_0'
2026-02-25 11:00:51.389544 (3077300) session_ INFO    Analysis session 'session_0' disconnected.
2026-02-25 11:00:51.389704 (3077300) lic__man INFO    Unclaim everything for 'session_0'.
2026-02-25 11:00:51.390137 (3077300) session_ INFO    Process for analysis session 'session_0' has exited with exit status '0'.
2026-02-25 11:00:52.923377 (3077311) stdio___ INFO    STDIN reader requested to stop.
2026-02-25 11:00:52.923432 (3077311) stdio___ INFO    STDIN reader stopped.
2026-02-25 11:00:52.923767 (3077300) lic_core INFO    (1) checkin jasper_interactive
2026-02-25 11:00:52.925468 (3077300) lic_core INFO    (3) checkin jasper_fao
2026-02-25 11:00:52.949607 (3077300) main____ INFO    Exiting with status 0.
