2026-03-02 00:26:20.844964 (808482) main____ INFO    ----------------------------------------
2026-03-02 00:26:20.845033 (808482) main____ INFO    Jasper version info
2026-03-02 00:26:20.845062 (808482) main____ INFO      tool      : Jasper 2023.12
2026-03-02 00:26:20.845076 (808482) main____ INFO      version   : 2023.12p001 64 bits
2026-03-02 00:26:20.845089 (808482) main____ INFO      build date: 2024.01.23 16:09:24 UTC
2026-03-02 00:26:20.845099 (808482) main____ INFO    ----------------------------------------
2026-03-02 00:26:20.845108 (808482) main____ INFO    Runtime info:
2026-03-02 00:26:20.845118 (808482) main____ INFO      platform  : Linux 4.18.0-553.89.1.el8_10.x86_64 x86_64
2026-03-02 00:26:20.845134 (808482) main____ INFO      hostname  : caddy10.stanford.edu
2026-03-02 00:26:20.845149 (808482) main____ INFO      pid       : 808482
2026-03-02 00:26:20.845159 (808482) main____ INFO      arguments : '-style' 'windows' '-allow_unsupported_OS' '-no_gui' '-fpv' './synthlc/i_MUL_out/xHBPerfG_dfg_v3_div/WHB_208_.tcl' '-proj' './synthlc/i_MUL_out/xHBPerfG_dfg_v3_div/WHB_208_jgsession_26-03-02-00_26_20'
2026-03-02 00:26:20.845174 (808482) main____ INFO      locale    : UTF-8
2026-03-02 00:26:20.845184 (808482) main____ INFO    ----------------------------------------
2026-03-02 00:26:20.845193 (808482) main____ INFO    System resource limits info:
2026-03-02 00:26:20.845204 (808482) main____ INFO      virtual memory: unlimited
2026-03-02 00:26:20.845216 (808482) main____ INFO      cpu time      : unlimited
2026-03-02 00:26:20.845232 (808482) main____ INFO      processes     : 4096
2026-03-02 00:26:20.845249 (808482) main____ INFO      stack size    : 8388608 B
2026-03-02 00:26:20.845266 (808482) main____ INFO      core file size: 0 B
2026-03-02 00:26:20.845278 (808482) main____ INFO      open files    : 4096
2026-03-02 00:26:20.845291 (808482) main____ INFO      file size     : unlimited
2026-03-02 00:26:20.845302 (808482) main____ INFO    ----------------------------------------
2026-03-02 00:26:20.845311 (808482) main____ INFO    Memory statistics:
2026-03-02 00:26:20.845322 (808482) main____ INFO      total physical memory  : 98449096 kB
2026-03-02 00:26:20.845333 (808482) main____ INFO      free physical memory   : 91854904 kB
2026-03-02 00:26:20.845344 (808482) main____ INFO      committed address space: 2077112 kB
2026-03-02 00:26:20.845353 (808482) main____ INFO    ----------------------------------------
2026-03-02 00:26:20.846475 (808482) main____ INFO    Important environment variables:
2026-03-02 00:26:20.846498 (808482) main____ INFO      CDS_LIC_FILE       : '5280@cadlic0'
2026-03-02 00:26:20.846510 (808482) main____ INFO      JASPER_INSTALL_DIR : '/cad/cadence/jasper_2023.12p001'
2026-03-02 00:26:20.846522 (808482) main____ INFO      JASPER_KERNEL_CHECK: '1'
2026-03-02 00:26:20.846534 (808482) main____ INFO      JASPER_OS_CHECK    : '0'
2026-03-02 00:26:20.846545 (808482) main____ INFO      LANG               : 'en_US.UTF-8'
2026-03-02 00:26:20.846555 (808482) main____ INFO    ----------------------------------------
2026-03-02 00:26:20.847751 (808482) lic_core INFO    Initializing license system ...
2026-03-02 00:26:20.849292 (808482) lic_core INFO    ... license system initialized.
2026-03-02 00:26:20.860972 (808482) lic__man INFO    Claim 'main' for <ui>.
2026-03-02 00:26:20.861012 (808482) lic_core INFO    (1) checking out 'jasper_interactive' ...
2026-03-02 00:26:20.873030 (808482) lic_core INFO    ... (1) checkout succeeded
2026-03-02 00:26:20.873095 (808482) lic__man INFO    Claim 'fpv' for <ui>.
2026-03-02 00:26:20.873114 (808482) lic_core INFO    (2) checking out 'jasper_fpv' ...
2026-03-02 00:26:20.877440 (808482) lic_core INFO    ... (2) checkout failed (error: -5) ("FLEXnet ERROR(-5, 0, 0): No such feature exists.")
2026-03-02 00:26:20.877477 (808482) lic_core INFO    (3) checking out 'jasper_fao' ...
2026-03-02 00:26:20.888210 (808482) lic_core INFO    ... (3) checkout succeeded
2026-03-02 00:26:20.889168 (808496) stdio___ INFO    Starting STDIN reader (tty: yes, tty name: '/dev/pts/7')
2026-03-02 00:26:20.889309 (808482) main____ INFO    Tool inactivity delay is 480000 ms.
2026-03-02 00:26:20.930937 (808482) session_ INFO    Starting analysis session with session id 'session_0' (launcher: <local>) ...
2026-03-02 00:26:20.932648 (808482) session_ INFO    Analysis session with session id 'session_0' started (pid: 808497)
2026-03-02 00:26:22.010485 (808482) session_ INFO    Analysis session 'session_0' connected to the console (host: 127.0.0.1:42210)
2026-03-02 00:26:25.027656 (808482) lic__man INFO    Unclaim everything for 'session_0'.
2026-03-02 00:26:25.225412 (808482) lic__man INFO    Claim 'fpv' for 'session_0'.
2026-03-02 00:26:25.225454 (808482) lic__man INFO    Claim 'fpv' for 'session_0/prove-0'.
2026-03-02 00:26:35.088443 (808482) lic__man INFO    Unclaim everything for 'session_0/prove-0'.
2026-03-02 00:26:35.119332 (808482) main____ INFO    About to exit: request to exit with status 0 received from analysis session 'session_0'
2026-03-02 00:26:35.516313 (808482) session_ INFO    Analysis session 'session_0' disconnected.
2026-03-02 00:26:35.516459 (808482) lic__man INFO    Unclaim everything for 'session_0'.
2026-03-02 00:26:35.517590 (808482) session_ INFO    Process for analysis session 'session_0' has exited with exit status '0'.
2026-03-02 00:26:37.036310 (808496) stdio___ INFO    STDIN reader requested to stop.
2026-03-02 00:26:37.036366 (808496) stdio___ INFO    STDIN reader stopped.
2026-03-02 00:26:37.047283 (808482) lic_core INFO    (1) checkin jasper_interactive
2026-03-02 00:26:37.049203 (808482) lic_core INFO    (3) checkin jasper_fao
2026-03-02 00:26:37.082094 (808482) main____ INFO    Exiting with status 0.
