2026-02-26 11:58:27.668213 (2135487) main____ INFO    ----------------------------------------
2026-02-26 11:58:27.668310 (2135487) main____ INFO    Jasper version info
2026-02-26 11:58:27.668326 (2135487) main____ INFO      tool      : Jasper 2023.12
2026-02-26 11:58:27.668341 (2135487) main____ INFO      version   : 2023.12p001 64 bits
2026-02-26 11:58:27.668353 (2135487) main____ INFO      build date: 2024.01.23 16:09:24 UTC
2026-02-26 11:58:27.668363 (2135487) main____ INFO    ----------------------------------------
2026-02-26 11:58:27.668372 (2135487) main____ INFO    Runtime info:
2026-02-26 11:58:27.668382 (2135487) main____ INFO      platform  : Linux 4.18.0-553.89.1.el8_10.x86_64 x86_64
2026-02-26 11:58:27.668400 (2135487) main____ INFO      hostname  : caddy12.stanford.edu
2026-02-26 11:58:27.668416 (2135487) main____ INFO      pid       : 2135487
2026-02-26 11:58:27.668427 (2135487) main____ INFO      arguments : '-style' 'windows' '-allow_unsupported_OS' '-no_gui' '-fpv' './synthlc/i_DIV_out/xPairwiseDepDiv/nunv_anytwo_28_.tcl' '-proj' './synthlc/i_DIV_out/xPairwiseDepDiv/nunv_anytwo_28_jgsession_26-02-26-11_58_27'
2026-02-26 11:58:27.668444 (2135487) main____ INFO      locale    : UTF-8
2026-02-26 11:58:27.668453 (2135487) main____ INFO    ----------------------------------------
2026-02-26 11:58:27.668462 (2135487) main____ INFO    System resource limits info:
2026-02-26 11:58:27.668475 (2135487) main____ INFO      virtual memory: unlimited
2026-02-26 11:58:27.668486 (2135487) main____ INFO      cpu time      : unlimited
2026-02-26 11:58:27.668504 (2135487) main____ INFO      processes     : 4096
2026-02-26 11:58:27.668522 (2135487) main____ INFO      stack size    : 8388608 B
2026-02-26 11:58:27.668536 (2135487) main____ INFO      core file size: 0 B
2026-02-26 11:58:27.668549 (2135487) main____ INFO      open files    : 4096
2026-02-26 11:58:27.668560 (2135487) main____ INFO      file size     : unlimited
2026-02-26 11:58:27.668569 (2135487) main____ INFO    ----------------------------------------
2026-02-26 11:58:27.668578 (2135487) main____ INFO    Memory statistics:
2026-02-26 11:58:27.668590 (2135487) main____ INFO      total physical memory  : 98449088 kB
2026-02-26 11:58:27.668600 (2135487) main____ INFO      free physical memory   : 75687132 kB
2026-02-26 11:58:27.668611 (2135487) main____ INFO      committed address space: 8409836 kB
2026-02-26 11:58:27.668620 (2135487) main____ INFO    ----------------------------------------
2026-02-26 11:58:27.669831 (2135487) main____ INFO    Important environment variables:
2026-02-26 11:58:27.669857 (2135487) main____ INFO      CDS_LIC_FILE       : '5280@cadlic0'
2026-02-26 11:58:27.669869 (2135487) main____ INFO      DISPLAY            : 'localhost:12.0'
2026-02-26 11:58:27.669881 (2135487) main____ INFO      JASPER_INSTALL_DIR : '/cad/cadence/jasper_2023.12p001'
2026-02-26 11:58:27.669892 (2135487) main____ INFO      JASPER_KERNEL_CHECK: '1'
2026-02-26 11:58:27.669904 (2135487) main____ INFO      JASPER_OS_CHECK    : '0'
2026-02-26 11:58:27.669916 (2135487) main____ INFO      LANG               : 'zh_TW.UTF-8'
2026-02-26 11:58:27.669925 (2135487) main____ INFO    ----------------------------------------
2026-02-26 11:58:27.672823 (2135487) lic_core INFO    Initializing license system ...
2026-02-26 11:58:27.685109 (2135487) lic_core INFO    ... license system initialized.
2026-02-26 11:58:27.699882 (2135487) lic__man INFO    Claim 'main' for <ui>.
2026-02-26 11:58:27.699943 (2135487) lic_core INFO    (1) checking out 'jasper_interactive' ...
2026-02-26 11:58:27.712592 (2135487) lic_core INFO    ... (1) checkout succeeded
2026-02-26 11:58:27.712697 (2135487) lic__man INFO    Claim 'fpv' for <ui>.
2026-02-26 11:58:27.712725 (2135487) lic_core INFO    (2) checking out 'jasper_fpv' ...
2026-02-26 11:58:27.716845 (2135487) lic_core INFO    ... (2) checkout failed (error: -5) ("FLEXnet ERROR(-5, 0, 0): No such feature exists.")
2026-02-26 11:58:27.716893 (2135487) lic_core INFO    (3) checking out 'jasper_fao' ...
2026-02-26 11:58:27.750144 (2135487) lic_core INFO    ... (3) checkout succeeded
2026-02-26 11:58:27.754385 (2135487) main____ INFO    Tool inactivity delay is 480000 ms.
2026-02-26 11:58:27.764944 (2135498) stdio___ INFO    Starting STDIN reader (tty: yes, tty name: '/dev/pts/0')
2026-02-26 11:58:27.959840 (2135487) session_ INFO    Starting analysis session with session id 'session_0' (launcher: <local>) ...
2026-02-26 11:58:27.961848 (2135487) session_ INFO    Analysis session with session id 'session_0' started (pid: 2135503)
2026-02-26 11:58:29.353497 (2135487) session_ INFO    Analysis session 'session_0' connected to the console (host: 127.0.0.1:44292)
2026-02-26 11:58:34.251785 (2135487) lic__man INFO    Unclaim everything for 'session_0'.
2026-02-26 11:58:34.594137 (2135487) lic__man INFO    Claim 'fpv' for 'session_0'.
2026-02-26 11:58:34.594179 (2135487) lic__man INFO    Claim 'fpv' for 'session_0/prove-0'.
2026-02-26 11:58:36.372318 (2135487) lic__man INFO    Unclaim everything for 'session_0/prove-0'.
2026-02-26 11:58:36.431855 (2135487) main____ INFO    About to exit: request to exit with status 0 received from analysis session 'session_0'
2026-02-26 11:58:36.668037 (2135487) session_ INFO    Analysis session 'session_0' disconnected.
2026-02-26 11:58:36.668180 (2135487) lic__man INFO    Unclaim everything for 'session_0'.
2026-02-26 11:58:36.668367 (2135487) session_ INFO    Process for analysis session 'session_0' has exited with exit status '0'.
2026-02-26 11:58:38.401290 (2135498) stdio___ INFO    STDIN reader requested to stop.
2026-02-26 11:58:38.401340 (2135498) stdio___ INFO    STDIN reader stopped.
2026-02-26 11:58:38.401687 (2135487) lic_core INFO    (1) checkin jasper_interactive
2026-02-26 11:58:38.412877 (2135487) lic_core INFO    (3) checkin jasper_fao
2026-02-26 11:58:38.428066 (2135487) main____ INFO    Exiting with status 0.
