2026-02-26 05:51:20.974896 (3809004) main____ INFO    ----------------------------------------
2026-02-26 05:51:20.975002 (3809004) main____ INFO    Jasper version info
2026-02-26 05:51:20.975021 (3809004) main____ INFO      tool      : Jasper 2023.12
2026-02-26 05:51:20.975037 (3809004) main____ INFO      version   : 2023.12p001 64 bits
2026-02-26 05:51:20.975052 (3809004) main____ INFO      build date: 2024.01.23 16:09:24 UTC
2026-02-26 05:51:20.975064 (3809004) main____ INFO    ----------------------------------------
2026-02-26 05:51:20.975075 (3809004) main____ INFO    Runtime info:
2026-02-26 05:51:20.975087 (3809004) main____ INFO      platform  : Linux 4.18.0-553.89.1.el8_10.x86_64 x86_64
2026-02-26 05:51:20.975109 (3809004) main____ INFO      hostname  : caddy15.stanford.edu
2026-02-26 05:51:20.975127 (3809004) main____ INFO      pid       : 3809004
2026-02-26 05:51:20.975139 (3809004) main____ INFO      arguments : '-style' 'windows' '-allow_unsupported_OS' '-no_gui' '-fpv' './synthlc/i_ADDI_out/xPerfLocSubsetDiv/coverset_280_.tcl' '-proj' './synthlc/i_ADDI_out/xPerfLocSubsetDiv/coverset_280_jgsession_26-02-26-05_51_18'
2026-02-26 05:51:20.975159 (3809004) main____ INFO      locale    : UTF-8
2026-02-26 05:51:20.975170 (3809004) main____ INFO    ----------------------------------------
2026-02-26 05:51:20.975181 (3809004) main____ INFO    System resource limits info:
2026-02-26 05:51:20.975195 (3809004) main____ INFO      virtual memory: unlimited
2026-02-26 05:51:20.975209 (3809004) main____ INFO      cpu time      : unlimited
2026-02-26 05:51:20.975230 (3809004) main____ INFO      processes     : 4096
2026-02-26 05:51:20.975253 (3809004) main____ INFO      stack size    : 8388608 B
2026-02-26 05:51:20.975269 (3809004) main____ INFO      core file size: 0 B
2026-02-26 05:51:20.975284 (3809004) main____ INFO      open files    : 4096
2026-02-26 05:51:20.975298 (3809004) main____ INFO      file size     : unlimited
2026-02-26 05:51:20.975324 (3809004) main____ INFO    ----------------------------------------
2026-02-26 05:51:20.975334 (3809004) main____ INFO    Memory statistics:
2026-02-26 05:51:20.975347 (3809004) main____ INFO      total physical memory  : 98449092 kB
2026-02-26 05:51:20.975360 (3809004) main____ INFO      free physical memory   : 77024012 kB
2026-02-26 05:51:20.975372 (3809004) main____ INFO      committed address space: 5916696 kB
2026-02-26 05:51:20.975383 (3809004) main____ INFO    ----------------------------------------
2026-02-26 05:51:20.976746 (3809004) main____ INFO    Important environment variables:
2026-02-26 05:51:20.976778 (3809004) main____ INFO      CDS_LIC_FILE       : '5280@cadlic0'
2026-02-26 05:51:20.976792 (3809004) main____ INFO      JASPER_INSTALL_DIR : '/cad/cadence/jasper_2023.12p001'
2026-02-26 05:51:20.976806 (3809004) main____ INFO      JASPER_KERNEL_CHECK: '1'
2026-02-26 05:51:20.976820 (3809004) main____ INFO      JASPER_OS_CHECK    : '0'
2026-02-26 05:51:20.976842 (3809004) main____ INFO      LANG               : 'en_US.UTF-8'
2026-02-26 05:51:20.976854 (3809004) main____ INFO    ----------------------------------------
2026-02-26 05:51:20.988482 (3809004) lic_core INFO    Initializing license system ...
2026-02-26 05:51:21.012780 (3809004) lic_core INFO    ... license system initialized.
2026-02-26 05:51:21.187673 (3809004) lic__man INFO    Claim 'main' for <ui>.
2026-02-26 05:51:21.187744 (3809004) lic_core INFO    (1) checking out 'jasper_interactive' ...
2026-02-26 05:51:21.255625 (3809004) lic_core INFO    ... (1) checkout succeeded
2026-02-26 05:51:21.255733 (3809004) lic__man INFO    Claim 'fpv' for <ui>.
2026-02-26 05:51:21.255764 (3809004) lic_core INFO    (2) checking out 'jasper_fpv' ...
2026-02-26 05:51:21.314785 (3809004) lic_core INFO    ... (2) checkout failed (error: -5) ("FLEXnet ERROR(-5, 0, 0): No such feature exists.")
2026-02-26 05:51:21.314853 (3809004) lic_core INFO    (3) checking out 'jasper_fao' ...
2026-02-26 05:51:21.409564 (3809004) lic_core INFO    ... (3) checkout succeeded
2026-02-26 05:51:21.421240 (3809004) main____ INFO    Tool inactivity delay is 480000 ms.
2026-02-26 05:51:21.429576 (3809032) stdio___ INFO    Starting STDIN reader (tty: yes, tty name: '/dev/pts/0')
2026-02-26 05:51:21.601674 (3809004) session_ INFO    Starting analysis session with session id 'session_0' (launcher: <local>) ...
2026-02-26 05:51:21.603751 (3809004) session_ INFO    Analysis session with session id 'session_0' started (pid: 3809033)
2026-02-26 05:51:23.120060 (3809004) session_ INFO    Analysis session 'session_0' connected to the console (host: 127.0.0.1:52472)
2026-02-26 05:51:29.346558 (3809004) lic__man INFO    Unclaim everything for 'session_0'.
2026-02-26 05:51:29.650980 (3809004) lic__man INFO    Claim 'fpv' for 'session_0'.
2026-02-26 05:51:29.651029 (3809004) lic__man INFO    Claim 'fpv' for 'session_0/prove-0'.
2026-02-26 05:51:32.861710 (3809004) lic__man INFO    Unclaim everything for 'session_0/prove-0'.
2026-02-26 05:51:32.906760 (3809004) main____ INFO    About to exit: request to exit with status 0 received from analysis session 'session_0'
2026-02-26 05:51:33.137656 (3809004) session_ INFO    Analysis session 'session_0' disconnected.
2026-02-26 05:51:33.137817 (3809004) lic__man INFO    Unclaim everything for 'session_0'.
2026-02-26 05:51:33.138053 (3809004) session_ INFO    Process for analysis session 'session_0' has exited with exit status '0'.
2026-02-26 05:51:34.916400 (3809032) stdio___ INFO    STDIN reader requested to stop.
2026-02-26 05:51:34.916461 (3809032) stdio___ INFO    STDIN reader stopped.
2026-02-26 05:51:34.926608 (3809004) lic_core INFO    (1) checkin jasper_interactive
2026-02-26 05:51:34.931535 (3809004) lic_core INFO    (3) checkin jasper_fao
2026-02-26 05:51:34.948696 (3809004) main____ INFO    Exiting with status 0.
