2026-02-28 22:11:55.798411 (1014596) main____ INFO    ----------------------------------------
2026-02-28 22:11:55.798473 (1014596) main____ INFO    Jasper version info
2026-02-28 22:11:55.798490 (1014596) main____ INFO      tool      : Jasper 2023.12
2026-02-28 22:11:55.798504 (1014596) main____ INFO      version   : 2023.12p001 64 bits
2026-02-28 22:11:55.798518 (1014596) main____ INFO      build date: 2024.01.23 16:09:24 UTC
2026-02-28 22:11:55.798528 (1014596) main____ INFO    ----------------------------------------
2026-02-28 22:11:55.798537 (1014596) main____ INFO    Runtime info:
2026-02-28 22:11:55.798548 (1014596) main____ INFO      platform  : Linux 4.18.0-553.89.1.el8_10.x86_64 x86_64
2026-02-28 22:11:55.798564 (1014596) main____ INFO      hostname  : caddy15.stanford.edu
2026-02-28 22:11:55.798577 (1014596) main____ INFO      pid       : 1014596
2026-02-28 22:11:55.798588 (1014596) main____ INFO      arguments : '-style' 'windows' '-allow_unsupported_OS' '-no_gui' '-fpv' './synthlc/i_BEQ_out/xCoverAPerflocDiv/4_.tcl' '-proj' './synthlc/i_BEQ_out/xCoverAPerflocDiv/4_jgsession_26-02-28-22_11_55'
2026-02-28 22:11:55.798602 (1014596) main____ INFO      locale    : UTF-8
2026-02-28 22:11:55.798612 (1014596) main____ INFO    ----------------------------------------
2026-02-28 22:11:55.798621 (1014596) main____ INFO    System resource limits info:
2026-02-28 22:11:55.798633 (1014596) main____ INFO      virtual memory: unlimited
2026-02-28 22:11:55.798644 (1014596) main____ INFO      cpu time      : unlimited
2026-02-28 22:11:55.798660 (1014596) main____ INFO      processes     : 4096
2026-02-28 22:11:55.798678 (1014596) main____ INFO      stack size    : 8388608 B
2026-02-28 22:11:55.798691 (1014596) main____ INFO      core file size: 0 B
2026-02-28 22:11:55.798703 (1014596) main____ INFO      open files    : 4096
2026-02-28 22:11:55.798715 (1014596) main____ INFO      file size     : unlimited
2026-02-28 22:11:55.798724 (1014596) main____ INFO    ----------------------------------------
2026-02-28 22:11:55.798733 (1014596) main____ INFO    Memory statistics:
2026-02-28 22:11:55.798744 (1014596) main____ INFO      total physical memory  : 98449092 kB
2026-02-28 22:11:55.798755 (1014596) main____ INFO      free physical memory   : 80305820 kB
2026-02-28 22:11:55.798766 (1014596) main____ INFO      committed address space: 1379240 kB
2026-02-28 22:11:55.798775 (1014596) main____ INFO    ----------------------------------------
2026-02-28 22:11:55.799907 (1014596) main____ INFO    Important environment variables:
2026-02-28 22:11:55.799930 (1014596) main____ INFO      CDS_LIC_FILE       : '5280@cadlic0'
2026-02-28 22:11:55.799942 (1014596) main____ INFO      JASPER_INSTALL_DIR : '/cad/cadence/jasper_2023.12p001'
2026-02-28 22:11:55.799954 (1014596) main____ INFO      JASPER_KERNEL_CHECK: '1'
2026-02-28 22:11:55.799965 (1014596) main____ INFO      JASPER_OS_CHECK    : '0'
2026-02-28 22:11:55.799976 (1014596) main____ INFO      LANG               : 'en_US.UTF-8'
2026-02-28 22:11:55.799986 (1014596) main____ INFO    ----------------------------------------
2026-02-28 22:11:55.801089 (1014596) lic_core INFO    Initializing license system ...
2026-02-28 22:11:55.802698 (1014596) lic_core INFO    ... license system initialized.
2026-02-28 22:11:55.817657 (1014596) lic__man INFO    Claim 'main' for <ui>.
2026-02-28 22:11:55.817697 (1014596) lic_core INFO    (1) checking out 'jasper_interactive' ...
2026-02-28 22:11:55.830363 (1014596) lic_core INFO    ... (1) checkout succeeded
2026-02-28 22:11:55.830420 (1014596) lic__man INFO    Claim 'fpv' for <ui>.
2026-02-28 22:11:55.830441 (1014596) lic_core INFO    (2) checking out 'jasper_fpv' ...
2026-02-28 22:11:55.834414 (1014596) lic_core INFO    ... (2) checkout failed (error: -5) ("FLEXnet ERROR(-5, 0, 0): No such feature exists.")
2026-02-28 22:11:55.834444 (1014596) lic_core INFO    (3) checking out 'jasper_fao' ...
2026-02-28 22:11:55.845233 (1014596) lic_core INFO    ... (3) checkout succeeded
2026-02-28 22:11:55.847517 (1014620) stdio___ INFO    Starting STDIN reader (tty: yes, tty name: '/dev/pts/0')
2026-02-28 22:11:55.847644 (1014596) main____ INFO    Tool inactivity delay is 480000 ms.
2026-02-28 22:11:55.890004 (1014596) session_ INFO    Starting analysis session with session id 'session_0' (launcher: <local>) ...
2026-02-28 22:11:55.892018 (1014596) session_ INFO    Analysis session with session id 'session_0' started (pid: 1014622)
2026-02-28 22:11:57.158223 (1014596) session_ INFO    Analysis session 'session_0' connected to the console (host: 127.0.0.1:55252)
2026-02-28 22:12:00.472378 (1014596) lic__man INFO    Unclaim everything for 'session_0'.
2026-02-28 22:27:04.826427 (1014596) lic__man INFO    Unclaim everything for 'session_0/prove-0'.
2026-02-28 22:27:04.867524 (1014596) main____ INFO    About to exit: request to exit with status 0 received from analysis session 'session_0'
2026-02-28 22:27:05.004255 (1014596) session_ INFO    Analysis session 'session_0' disconnected.
2026-02-28 22:27:05.004398 (1014596) lic__man INFO    Unclaim everything for 'session_0'.
2026-02-28 22:27:05.058282 (1014596) session_ INFO    Process for analysis session 'session_0' has exited with exit status '0'.
2026-02-28 22:27:06.903158 (1014620) stdio___ INFO    STDIN reader requested to stop.
2026-02-28 22:27:06.903191 (1014620) stdio___ INFO    STDIN reader stopped.
2026-02-28 22:27:06.903733 (1014596) lic_core INFO    (1) checkin jasper_interactive
2026-02-28 22:27:06.904552 (1014596) lic_core INFO    (3) checkin jasper_fao
2026-02-28 22:27:06.905481 (1014596) main____ INFO    Exiting with status 0.
