2026-02-28 22:55:02.340048 (3755699) main____ INFO    ----------------------------------------
2026-02-28 22:55:02.340113 (3755699) main____ INFO    Jasper version info
2026-02-28 22:55:02.340128 (3755699) main____ INFO      tool      : Jasper 2023.12
2026-02-28 22:55:02.340143 (3755699) main____ INFO      version   : 2023.12p001 64 bits
2026-02-28 22:55:02.340156 (3755699) main____ INFO      build date: 2024.01.23 16:09:24 UTC
2026-02-28 22:55:02.340167 (3755699) main____ INFO    ----------------------------------------
2026-02-28 22:55:02.340177 (3755699) main____ INFO    Runtime info:
2026-02-28 22:55:02.340188 (3755699) main____ INFO      platform  : Linux 4.18.0-553.89.1.el8_10.x86_64 x86_64
2026-02-28 22:55:02.340205 (3755699) main____ INFO      hostname  : caddy12.stanford.edu
2026-02-28 22:55:02.340220 (3755699) main____ INFO      pid       : 3755699
2026-02-28 22:55:02.340231 (3755699) main____ INFO      arguments : '-style' 'windows' '-allow_unsupported_OS' '-no_gui' '-fpv' './synthlc/i_ADDI_out/xPerfLocSubsetDiv/coverset_23_.tcl' '-proj' './synthlc/i_ADDI_out/xPerfLocSubsetDiv/coverset_23_jgsession_26-02-28-22_55_02'
2026-02-28 22:55:02.340247 (3755699) main____ INFO      locale    : UTF-8
2026-02-28 22:55:02.340257 (3755699) main____ INFO    ----------------------------------------
2026-02-28 22:55:02.340267 (3755699) main____ INFO    System resource limits info:
2026-02-28 22:55:02.340280 (3755699) main____ INFO      virtual memory: unlimited
2026-02-28 22:55:02.340292 (3755699) main____ INFO      cpu time      : unlimited
2026-02-28 22:55:02.340309 (3755699) main____ INFO      processes     : 4096
2026-02-28 22:55:02.340327 (3755699) main____ INFO      stack size    : 8388608 B
2026-02-28 22:55:02.340342 (3755699) main____ INFO      core file size: 0 B
2026-02-28 22:55:02.340355 (3755699) main____ INFO      open files    : 4096
2026-02-28 22:55:02.340367 (3755699) main____ INFO      file size     : unlimited
2026-02-28 22:55:02.340378 (3755699) main____ INFO    ----------------------------------------
2026-02-28 22:55:02.340387 (3755699) main____ INFO    Memory statistics:
2026-02-28 22:55:02.340400 (3755699) main____ INFO      total physical memory  : 98449088 kB
2026-02-28 22:55:02.340412 (3755699) main____ INFO      free physical memory   : 89579796 kB
2026-02-28 22:55:02.340423 (3755699) main____ INFO      committed address space: 4158768 kB
2026-02-28 22:55:02.340434 (3755699) main____ INFO    ----------------------------------------
2026-02-28 22:55:02.341581 (3755699) main____ INFO    Important environment variables:
2026-02-28 22:55:02.341604 (3755699) main____ INFO      CDS_LIC_FILE       : '5280@cadlic0'
2026-02-28 22:55:02.341625 (3755699) main____ INFO      DISPLAY            : 'localhost:12.0'
2026-02-28 22:55:02.341637 (3755699) main____ INFO      JASPER_INSTALL_DIR : '/cad/cadence/jasper_2023.12p001'
2026-02-28 22:55:02.341649 (3755699) main____ INFO      JASPER_KERNEL_CHECK: '1'
2026-02-28 22:55:02.341672 (3755699) main____ INFO      JASPER_OS_CHECK    : '0'
2026-02-28 22:55:02.341685 (3755699) main____ INFO      LANG               : 'zh_TW.UTF-8'
2026-02-28 22:55:02.341695 (3755699) main____ INFO    ----------------------------------------
2026-02-28 22:55:02.342809 (3755699) lic_core INFO    Initializing license system ...
2026-02-28 22:55:02.344373 (3755699) lic_core INFO    ... license system initialized.
2026-02-28 22:55:02.355852 (3755699) lic__man INFO    Claim 'main' for <ui>.
2026-02-28 22:55:02.355904 (3755699) lic_core INFO    (1) checking out 'jasper_interactive' ...
2026-02-28 22:55:02.368300 (3755699) lic_core INFO    ... (1) checkout succeeded
2026-02-28 22:55:02.368363 (3755699) lic__man INFO    Claim 'fpv' for <ui>.
2026-02-28 22:55:02.368387 (3755699) lic_core INFO    (2) checking out 'jasper_fpv' ...
2026-02-28 22:55:02.372198 (3755699) lic_core INFO    ... (2) checkout failed (error: -5) ("FLEXnet ERROR(-5, 0, 0): No such feature exists.")
2026-02-28 22:55:02.372257 (3755699) lic_core INFO    (3) checking out 'jasper_fao' ...
2026-02-28 22:55:02.383285 (3755699) lic_core INFO    ... (3) checkout succeeded
2026-02-28 22:55:02.384213 (3755710) stdio___ INFO    Starting STDIN reader (tty: yes, tty name: '/dev/pts/0')
2026-02-28 22:55:02.384596 (3755699) main____ INFO    Tool inactivity delay is 480000 ms.
2026-02-28 22:55:02.426698 (3755699) session_ INFO    Starting analysis session with session id 'session_0' (launcher: <local>) ...
2026-02-28 22:55:02.428581 (3755699) session_ INFO    Analysis session with session id 'session_0' started (pid: 3755711)
2026-02-28 22:55:03.540940 (3755699) session_ INFO    Analysis session 'session_0' connected to the console (host: 127.0.0.1:35616)
2026-02-28 22:55:07.294688 (3755699) lic__man INFO    Unclaim everything for 'session_0'.
2026-02-28 22:55:07.886676 (3755699) lic__man INFO    Claim 'fpv' for 'session_0'.
2026-02-28 22:55:07.886723 (3755699) lic__man INFO    Claim 'fpv' for 'session_0/prove-0'.
2026-02-28 22:55:13.927717 (3755699) lic__man INFO    Unclaim everything for 'session_0/prove-0'.
2026-02-28 22:55:13.968767 (3755699) main____ INFO    About to exit: request to exit with status 0 received from analysis session 'session_0'
2026-02-28 22:55:14.104877 (3755699) session_ INFO    Analysis session 'session_0' disconnected.
2026-02-28 22:55:14.105056 (3755699) lic__man INFO    Unclaim everything for 'session_0'.
2026-02-28 22:55:14.105250 (3755699) session_ INFO    Process for analysis session 'session_0' has exited with exit status '0'.
2026-02-28 22:55:15.892351 (3755710) stdio___ INFO    STDIN reader requested to stop.
2026-02-28 22:55:15.892398 (3755710) stdio___ INFO    STDIN reader stopped.
2026-02-28 22:55:15.892631 (3755699) lic_core INFO    (1) checkin jasper_interactive
2026-02-28 22:55:15.894683 (3755699) lic_core INFO    (3) checkin jasper_fao
2026-02-28 22:55:15.896139 (3755699) main____ INFO    Exiting with status 0.
