2026-02-26 00:07:56.812701 (1767634) main____ INFO    ----------------------------------------
2026-02-26 00:07:56.812811 (1767634) main____ INFO    Jasper version info
2026-02-26 00:07:56.812829 (1767634) main____ INFO      tool      : Jasper 2023.12
2026-02-26 00:07:56.812845 (1767634) main____ INFO      version   : 2023.12p001 64 bits
2026-02-26 00:07:56.812859 (1767634) main____ INFO      build date: 2024.01.23 16:09:24 UTC
2026-02-26 00:07:56.812870 (1767634) main____ INFO    ----------------------------------------
2026-02-26 00:07:56.812880 (1767634) main____ INFO    Runtime info:
2026-02-26 00:07:56.812891 (1767634) main____ INFO      platform  : Linux 4.18.0-553.89.1.el8_10.x86_64 x86_64
2026-02-26 00:07:56.812911 (1767634) main____ INFO      hostname  : caddy12.stanford.edu
2026-02-26 00:07:56.812928 (1767634) main____ INFO      pid       : 1767634
2026-02-26 00:07:56.812939 (1767634) main____ INFO      arguments : '-style' 'windows' '-allow_unsupported_OS' '-no_gui' '-fpv' './synthlc/i_MUL_out/xPairwiseDepDiv/exclusive_84_.tcl' '-proj' './synthlc/i_MUL_out/xPairwiseDepDiv/exclusive_84_jgsession_26-02-26-00_07_55'
2026-02-26 00:07:56.812960 (1767634) main____ INFO      locale    : UTF-8
2026-02-26 00:07:56.812970 (1767634) main____ INFO    ----------------------------------------
2026-02-26 00:07:56.812980 (1767634) main____ INFO    System resource limits info:
2026-02-26 00:07:56.812994 (1767634) main____ INFO      virtual memory: unlimited
2026-02-26 00:07:56.813007 (1767634) main____ INFO      cpu time      : unlimited
2026-02-26 00:07:56.813026 (1767634) main____ INFO      processes     : 4096
2026-02-26 00:07:56.813048 (1767634) main____ INFO      stack size    : 8388608 B
2026-02-26 00:07:56.813063 (1767634) main____ INFO      core file size: 0 B
2026-02-26 00:07:56.813077 (1767634) main____ INFO      open files    : 4096
2026-02-26 00:07:56.813090 (1767634) main____ INFO      file size     : unlimited
2026-02-26 00:07:56.813101 (1767634) main____ INFO    ----------------------------------------
2026-02-26 00:07:56.813110 (1767634) main____ INFO    Memory statistics:
2026-02-26 00:07:56.813123 (1767634) main____ INFO      total physical memory  : 98449088 kB
2026-02-26 00:07:56.813135 (1767634) main____ INFO      free physical memory   : 73238564 kB
2026-02-26 00:07:56.813148 (1767634) main____ INFO      committed address space: 13401872 kB
2026-02-26 00:07:56.813158 (1767634) main____ INFO    ----------------------------------------
2026-02-26 00:07:56.814364 (1767634) main____ INFO    Important environment variables:
2026-02-26 00:07:56.833788 (1767634) main____ INFO      CDS_LIC_FILE       : '5280@cadlic0'
2026-02-26 00:07:56.833834 (1767634) main____ INFO      DISPLAY            : 'localhost:12.0'
2026-02-26 00:07:56.833848 (1767634) main____ INFO      JASPER_INSTALL_DIR : '/cad/cadence/jasper_2023.12p001'
2026-02-26 00:07:56.833862 (1767634) main____ INFO      JASPER_KERNEL_CHECK: '1'
2026-02-26 00:07:56.833875 (1767634) main____ INFO      JASPER_OS_CHECK    : '0'
2026-02-26 00:07:56.833888 (1767634) main____ INFO      LANG               : 'zh_TW.UTF-8'
2026-02-26 00:07:56.833899 (1767634) main____ INFO    ----------------------------------------
2026-02-26 00:07:56.846834 (1767634) lic_core INFO    Initializing license system ...
2026-02-26 00:07:56.892216 (1767634) lic_core INFO    ... license system initialized.
2026-02-26 00:07:57.027091 (1767634) lic__man INFO    Claim 'main' for <ui>.
2026-02-26 00:07:57.027177 (1767634) lic_core INFO    (1) checking out 'jasper_interactive' ...
2026-02-26 00:07:57.047073 (1767634) lic_core INFO    ... (1) checkout succeeded
2026-02-26 00:07:57.047191 (1767634) lic__man INFO    Claim 'fpv' for <ui>.
2026-02-26 00:07:57.047223 (1767634) lic_core INFO    (2) checking out 'jasper_fpv' ...
2026-02-26 00:07:57.101140 (1767634) lic_core INFO    ... (2) checkout failed (error: -5) ("FLEXnet ERROR(-5, 0, 0): No such feature exists.")
2026-02-26 00:07:57.101214 (1767634) lic_core INFO    (3) checking out 'jasper_fao' ...
2026-02-26 00:07:57.184880 (1767634) lic_core INFO    ... (3) checkout succeeded
2026-02-26 00:07:57.207687 (1767634) main____ INFO    Tool inactivity delay is 480000 ms.
2026-02-26 00:07:57.222922 (1767650) stdio___ INFO    Starting STDIN reader (tty: yes, tty name: '/dev/pts/0')
2026-02-26 00:07:57.455816 (1767634) session_ INFO    Starting analysis session with session id 'session_0' (launcher: <local>) ...
2026-02-26 00:07:57.457679 (1767634) session_ INFO    Analysis session with session id 'session_0' started (pid: 1767651)
2026-02-26 00:07:59.579657 (1767634) session_ INFO    Analysis session 'session_0' connected to the console (host: 127.0.0.1:39682)
2026-02-26 00:08:09.013103 (1767634) lic__man INFO    Unclaim everything for 'session_0'.
2026-02-26 00:08:09.590286 (1767634) lic__man INFO    Claim 'fpv' for 'session_0'.
2026-02-26 00:08:09.590338 (1767634) lic__man INFO    Claim 'fpv' for 'session_0/prove-0'.
2026-02-26 00:08:44.294979 (1767634) lic__man INFO    Unclaim everything for 'session_0/prove-0'.
2026-02-26 00:08:44.360862 (1767634) main____ INFO    About to exit: request to exit with status 0 received from analysis session 'session_0'
2026-02-26 00:08:44.656022 (1767634) session_ INFO    Analysis session 'session_0' disconnected.
2026-02-26 00:08:44.656184 (1767634) lic__man INFO    Unclaim everything for 'session_0'.
2026-02-26 00:08:44.656373 (1767634) session_ INFO    Process for analysis session 'session_0' has exited with exit status '0'.
2026-02-26 00:08:46.393753 (1767650) stdio___ INFO    STDIN reader requested to stop.
2026-02-26 00:08:46.393822 (1767650) stdio___ INFO    STDIN reader stopped.
2026-02-26 00:08:46.394480 (1767634) lic_core INFO    (1) checkin jasper_interactive
2026-02-26 00:08:46.413889 (1767634) lic_core INFO    (3) checkin jasper_fao
2026-02-26 00:08:46.463020 (1767634) main____ INFO    Exiting with status 0.
