2026-03-02 10:03:49.265717 (555677) main____ INFO    ----------------------------------------
2026-03-02 10:03:49.265774 (555677) main____ INFO    Jasper version info
2026-03-02 10:03:49.265789 (555677) main____ INFO      tool      : Jasper 2023.12
2026-03-02 10:03:49.265802 (555677) main____ INFO      version   : 2023.12p001 64 bits
2026-03-02 10:03:49.265815 (555677) main____ INFO      build date: 2024.01.23 16:09:24 UTC
2026-03-02 10:03:49.265824 (555677) main____ INFO    ----------------------------------------
2026-03-02 10:03:49.265833 (555677) main____ INFO    Runtime info:
2026-03-02 10:03:49.265844 (555677) main____ INFO      platform  : Linux 4.18.0-553.89.1.el8_10.x86_64 x86_64
2026-03-02 10:03:49.265859 (555677) main____ INFO      hostname  : caddy12.stanford.edu
2026-03-02 10:03:49.265873 (555677) main____ INFO      pid       : 555677
2026-03-02 10:03:49.265884 (555677) main____ INFO      arguments : '-style' 'windows' '-allow_unsupported_OS' '-no_gui' '-fpv' './synthlc/i_ADDI_out/xCoverAPerflocDiv/10_.tcl' '-proj' './synthlc/i_ADDI_out/xCoverAPerflocDiv/10_jgsession_26-03-02-10_03_49'
2026-03-02 10:03:49.265899 (555677) main____ INFO      locale    : UTF-8
2026-03-02 10:03:49.265908 (555677) main____ INFO    ----------------------------------------
2026-03-02 10:03:49.265917 (555677) main____ INFO    System resource limits info:
2026-03-02 10:03:49.265928 (555677) main____ INFO      virtual memory: unlimited
2026-03-02 10:03:49.265947 (555677) main____ INFO      cpu time      : unlimited
2026-03-02 10:03:49.265962 (555677) main____ INFO      processes     : 4096
2026-03-02 10:03:49.265978 (555677) main____ INFO      stack size    : 8388608 B
2026-03-02 10:03:49.265992 (555677) main____ INFO      core file size: 0 B
2026-03-02 10:03:49.266004 (555677) main____ INFO      open files    : 4096
2026-03-02 10:03:49.266015 (555677) main____ INFO      file size     : unlimited
2026-03-02 10:03:49.266025 (555677) main____ INFO    ----------------------------------------
2026-03-02 10:03:49.266034 (555677) main____ INFO    Memory statistics:
2026-03-02 10:03:49.266044 (555677) main____ INFO      total physical memory  : 98449088 kB
2026-03-02 10:03:49.266055 (555677) main____ INFO      free physical memory   : 87649336 kB
2026-03-02 10:03:49.266066 (555677) main____ INFO      committed address space: 6651256 kB
2026-03-02 10:03:49.266075 (555677) main____ INFO    ----------------------------------------
2026-03-02 10:03:49.267227 (555677) main____ INFO    Important environment variables:
2026-03-02 10:03:49.267247 (555677) main____ INFO      CDS_LIC_FILE       : '5280@cadlic0'
2026-03-02 10:03:49.267259 (555677) main____ INFO      DISPLAY            : 'localhost:12.0'
2026-03-02 10:03:49.267270 (555677) main____ INFO      JASPER_INSTALL_DIR : '/cad/cadence/jasper_2023.12p001'
2026-03-02 10:03:49.267282 (555677) main____ INFO      JASPER_KERNEL_CHECK: '1'
2026-03-02 10:03:49.267293 (555677) main____ INFO      JASPER_OS_CHECK    : '0'
2026-03-02 10:03:49.267304 (555677) main____ INFO      LANG               : 'zh_TW.UTF-8'
2026-03-02 10:03:49.267314 (555677) main____ INFO    ----------------------------------------
2026-03-02 10:03:49.268427 (555677) lic_core INFO    Initializing license system ...
2026-03-02 10:03:49.269850 (555677) lic_core INFO    ... license system initialized.
2026-03-02 10:03:49.285067 (555677) lic__man INFO    Claim 'main' for <ui>.
2026-03-02 10:03:49.285104 (555677) lic_core INFO    (1) checking out 'jasper_interactive' ...
2026-03-02 10:03:49.297331 (555677) lic_core INFO    ... (1) checkout succeeded
2026-03-02 10:03:49.297384 (555677) lic__man INFO    Claim 'fpv' for <ui>.
2026-03-02 10:03:49.297406 (555677) lic_core INFO    (2) checking out 'jasper_fpv' ...
2026-03-02 10:03:49.301098 (555677) lic_core INFO    ... (2) checkout failed (error: -5) ("FLEXnet ERROR(-5, 0, 0): No such feature exists.")
2026-03-02 10:03:49.301133 (555677) lic_core INFO    (3) checking out 'jasper_fao' ...
2026-03-02 10:03:49.312230 (555677) lic_core INFO    ... (3) checkout succeeded
2026-03-02 10:03:49.313094 (555711) stdio___ INFO    Starting STDIN reader (tty: yes, tty name: '/dev/pts/0')
2026-03-02 10:03:49.313234 (555677) main____ INFO    Tool inactivity delay is 480000 ms.
2026-03-02 10:03:49.356447 (555677) session_ INFO    Starting analysis session with session id 'session_0' (launcher: <local>) ...
2026-03-02 10:03:49.358546 (555677) session_ INFO    Analysis session with session id 'session_0' started (pid: 555713)
2026-03-02 10:03:50.432747 (555677) session_ INFO    Analysis session 'session_0' connected to the console (host: 127.0.0.1:50666)
2026-03-02 10:03:53.668202 (555677) lic__man INFO    Unclaim everything for 'session_0'.
2026-03-02 10:18:59.226521 (555677) lic__man INFO    Unclaim everything for 'session_0/prove-0'.
2026-03-02 10:18:59.272804 (555677) main____ INFO    About to exit: request to exit with status 0 received from analysis session 'session_0'
2026-03-02 10:18:59.401983 (555677) session_ INFO    Analysis session 'session_0' disconnected.
2026-03-02 10:18:59.402209 (555677) lic__man INFO    Unclaim everything for 'session_0'.
2026-03-02 10:18:59.402462 (555677) session_ INFO    Process for analysis session 'session_0' has exited with exit status '0'.
2026-03-02 10:19:01.381261 (555711) stdio___ INFO    STDIN reader requested to stop.
2026-03-02 10:19:01.381297 (555711) stdio___ INFO    STDIN reader stopped.
2026-03-02 10:19:01.381556 (555677) lic_core INFO    (1) checkin jasper_interactive
2026-03-02 10:19:01.383119 (555677) lic_core INFO    (3) checkin jasper_fao
2026-03-02 10:19:01.386090 (555677) main____ INFO    Exiting with status 0.
