2026-02-25 11:33:46.710714 (3092866) main____ INFO    ----------------------------------------
2026-02-25 11:33:46.710822 (3092866) main____ INFO    Jasper version info
2026-02-25 11:33:46.710838 (3092866) main____ INFO      tool      : Jasper 2023.12
2026-02-25 11:33:46.710853 (3092866) main____ INFO      version   : 2023.12p001 64 bits
2026-02-25 11:33:46.710866 (3092866) main____ INFO      build date: 2024.01.23 16:09:24 UTC
2026-02-25 11:33:46.710876 (3092866) main____ INFO    ----------------------------------------
2026-02-25 11:33:46.710885 (3092866) main____ INFO    Runtime info:
2026-02-25 11:33:46.710896 (3092866) main____ INFO      platform  : Linux 4.18.0-553.89.1.el8_10.x86_64 x86_64
2026-02-25 11:33:46.710915 (3092866) main____ INFO      hostname  : caddy15.stanford.edu
2026-02-25 11:33:46.710931 (3092866) main____ INFO      pid       : 3092866
2026-02-25 11:33:46.710942 (3092866) main____ INFO      arguments : '-style' 'windows' '-allow_unsupported_OS' '-no_gui' '-fpv' './synthlc/i_DIV_out/xPairwiseDepDiv/nunv_anytwo_162_.tcl' '-proj' './synthlc/i_DIV_out/xPairwiseDepDiv/nunv_anytwo_162_jgsession_26-02-25-11_33_46'
2026-02-25 11:33:46.710960 (3092866) main____ INFO      locale    : UTF-8
2026-02-25 11:33:46.710970 (3092866) main____ INFO    ----------------------------------------
2026-02-25 11:33:46.710979 (3092866) main____ INFO    System resource limits info:
2026-02-25 11:33:46.710991 (3092866) main____ INFO      virtual memory: unlimited
2026-02-25 11:33:46.711003 (3092866) main____ INFO      cpu time      : unlimited
2026-02-25 11:33:46.711022 (3092866) main____ INFO      processes     : 4096
2026-02-25 11:33:46.711043 (3092866) main____ INFO      stack size    : 8388608 B
2026-02-25 11:33:46.711057 (3092866) main____ INFO      core file size: 0 B
2026-02-25 11:33:46.711070 (3092866) main____ INFO      open files    : 4096
2026-02-25 11:33:46.711082 (3092866) main____ INFO      file size     : unlimited
2026-02-25 11:33:46.711091 (3092866) main____ INFO    ----------------------------------------
2026-02-25 11:33:46.711101 (3092866) main____ INFO    Memory statistics:
2026-02-25 11:33:46.711113 (3092866) main____ INFO      total physical memory  : 98449092 kB
2026-02-25 11:33:46.711124 (3092866) main____ INFO      free physical memory   : 76146364 kB
2026-02-25 11:33:46.711135 (3092866) main____ INFO      committed address space: 9202332 kB
2026-02-25 11:33:46.711144 (3092866) main____ INFO    ----------------------------------------
2026-02-25 11:33:46.712327 (3092866) main____ INFO    Important environment variables:
2026-02-25 11:33:46.712353 (3092866) main____ INFO      CDS_LIC_FILE       : '5280@cadlic0'
2026-02-25 11:33:46.712365 (3092866) main____ INFO      JASPER_INSTALL_DIR : '/cad/cadence/jasper_2023.12p001'
2026-02-25 11:33:46.712378 (3092866) main____ INFO      JASPER_KERNEL_CHECK: '1'
2026-02-25 11:33:46.712390 (3092866) main____ INFO      JASPER_OS_CHECK    : '0'
2026-02-25 11:33:46.712402 (3092866) main____ INFO      LANG               : 'en_US.UTF-8'
2026-02-25 11:33:46.712412 (3092866) main____ INFO    ----------------------------------------
2026-02-25 11:33:46.715477 (3092866) lic_core INFO    Initializing license system ...
2026-02-25 11:33:46.742634 (3092866) lic_core INFO    ... license system initialized.
2026-02-25 11:33:46.801200 (3092866) lic__man INFO    Claim 'main' for <ui>.
2026-02-25 11:33:46.801279 (3092866) lic_core INFO    (1) checking out 'jasper_interactive' ...
2026-02-25 11:33:46.815141 (3092866) lic_core INFO    ... (1) checkout succeeded
2026-02-25 11:33:46.815254 (3092866) lic__man INFO    Claim 'fpv' for <ui>.
2026-02-25 11:33:46.815284 (3092866) lic_core INFO    (2) checking out 'jasper_fpv' ...
2026-02-25 11:33:46.821124 (3092866) lic_core INFO    ... (2) checkout failed (error: -5) ("FLEXnet ERROR(-5, 0, 0): No such feature exists.")
2026-02-25 11:33:46.821182 (3092866) lic_core INFO    (3) checking out 'jasper_fao' ...
2026-02-25 11:33:46.832420 (3092866) lic_core INFO    ... (3) checkout succeeded
2026-02-25 11:33:46.833741 (3092866) main____ INFO    Tool inactivity delay is 480000 ms.
2026-02-25 11:33:46.834022 (3092877) stdio___ INFO    Starting STDIN reader (tty: yes, tty name: '/dev/pts/0')
2026-02-25 11:33:46.873976 (3092866) session_ INFO    Starting analysis session with session id 'session_0' (launcher: <local>) ...
2026-02-25 11:33:46.876024 (3092866) session_ INFO    Analysis session with session id 'session_0' started (pid: 3092878)
2026-02-25 11:33:48.237853 (3092866) session_ INFO    Analysis session 'session_0' connected to the console (host: 127.0.0.1:58446)
2026-02-25 11:33:52.607535 (3092866) lic__man INFO    Unclaim everything for 'session_0'.
2026-02-25 11:33:52.935999 (3092866) lic__man INFO    Claim 'fpv' for 'session_0'.
2026-02-25 11:33:52.936043 (3092866) lic__man INFO    Claim 'fpv' for 'session_0/prove-0'.
2026-02-25 11:37:06.410652 (3092866) lic__man INFO    Unclaim everything for 'session_0/prove-0'.
2026-02-25 11:37:06.477571 (3092866) main____ INFO    About to exit: request to exit with status 0 received from analysis session 'session_0'
2026-02-25 11:37:06.849065 (3092866) session_ INFO    Analysis session 'session_0' disconnected.
2026-02-25 11:37:06.849240 (3092866) lic__man INFO    Unclaim everything for 'session_0'.
2026-02-25 11:37:06.851515 (3092866) session_ INFO    Process for analysis session 'session_0' has exited with exit status '0'.
2026-02-25 11:37:08.414639 (3092877) stdio___ INFO    STDIN reader requested to stop.
2026-02-25 11:37:08.414699 (3092877) stdio___ INFO    STDIN reader stopped.
2026-02-25 11:37:08.415002 (3092866) lic_core INFO    (1) checkin jasper_interactive
2026-02-25 11:37:08.425562 (3092866) lic_core INFO    (3) checkin jasper_fao
2026-02-25 11:37:08.440518 (3092866) main____ INFO    Exiting with status 0.
