2026-02-26 06:18:28.645186 (3854240) main____ INFO    ----------------------------------------
2026-02-26 06:18:28.645286 (3854240) main____ INFO    Jasper version info
2026-02-26 06:18:28.645321 (3854240) main____ INFO      tool      : Jasper 2023.12
2026-02-26 06:18:28.645338 (3854240) main____ INFO      version   : 2023.12p001 64 bits
2026-02-26 06:18:28.645353 (3854240) main____ INFO      build date: 2024.01.23 16:09:24 UTC
2026-02-26 06:18:28.645365 (3854240) main____ INFO    ----------------------------------------
2026-02-26 06:18:28.645376 (3854240) main____ INFO    Runtime info:
2026-02-26 06:18:28.645388 (3854240) main____ INFO      platform  : Linux 4.18.0-553.89.1.el8_10.x86_64 x86_64
2026-02-26 06:18:28.645410 (3854240) main____ INFO      hostname  : caddy15.stanford.edu
2026-02-26 06:18:28.645428 (3854240) main____ INFO      pid       : 3854240
2026-02-26 06:18:28.645443 (3854240) main____ INFO      arguments : '-style' 'windows' '-allow_unsupported_OS' '-no_gui' '-fpv' './synthlc/i_ADDI_out/xHBPerfG_dfg_v3_div/HB_409_.tcl' '-proj' './synthlc/i_ADDI_out/xHBPerfG_dfg_v3_div/HB_409_jgsession_26-02-26-06_18_28'
2026-02-26 06:18:28.645462 (3854240) main____ INFO      locale    : UTF-8
2026-02-26 06:18:28.645474 (3854240) main____ INFO    ----------------------------------------
2026-02-26 06:18:28.645485 (3854240) main____ INFO    System resource limits info:
2026-02-26 06:18:28.645499 (3854240) main____ INFO      virtual memory: unlimited
2026-02-26 06:18:28.645513 (3854240) main____ INFO      cpu time      : unlimited
2026-02-26 06:18:28.645534 (3854240) main____ INFO      processes     : 4096
2026-02-26 06:18:28.645557 (3854240) main____ INFO      stack size    : 8388608 B
2026-02-26 06:18:28.645573 (3854240) main____ INFO      core file size: 0 B
2026-02-26 06:18:28.645588 (3854240) main____ INFO      open files    : 4096
2026-02-26 06:18:28.645601 (3854240) main____ INFO      file size     : unlimited
2026-02-26 06:18:28.645613 (3854240) main____ INFO    ----------------------------------------
2026-02-26 06:18:28.645623 (3854240) main____ INFO    Memory statistics:
2026-02-26 06:18:28.645637 (3854240) main____ INFO      total physical memory  : 98449092 kB
2026-02-26 06:18:28.645650 (3854240) main____ INFO      free physical memory   : 76398468 kB
2026-02-26 06:18:28.645664 (3854240) main____ INFO      committed address space: 6971472 kB
2026-02-26 06:18:28.645675 (3854240) main____ INFO    ----------------------------------------
2026-02-26 06:18:28.647048 (3854240) main____ INFO    Important environment variables:
2026-02-26 06:18:28.647081 (3854240) main____ INFO      CDS_LIC_FILE       : '5280@cadlic0'
2026-02-26 06:18:28.647096 (3854240) main____ INFO      JASPER_INSTALL_DIR : '/cad/cadence/jasper_2023.12p001'
2026-02-26 06:18:28.647110 (3854240) main____ INFO      JASPER_KERNEL_CHECK: '1'
2026-02-26 06:18:28.647125 (3854240) main____ INFO      JASPER_OS_CHECK    : '0'
2026-02-26 06:18:28.647138 (3854240) main____ INFO      LANG               : 'en_US.UTF-8'
2026-02-26 06:18:28.647150 (3854240) main____ INFO    ----------------------------------------
2026-02-26 06:18:28.658614 (3854240) lic_core INFO    Initializing license system ...
2026-02-26 06:18:28.674773 (3854240) lic_core INFO    ... license system initialized.
2026-02-26 06:18:28.696705 (3854240) lic__man INFO    Claim 'main' for <ui>.
2026-02-26 06:18:28.696775 (3854240) lic_core INFO    (1) checking out 'jasper_interactive' ...
2026-02-26 06:18:28.709208 (3854240) lic_core INFO    ... (1) checkout succeeded
2026-02-26 06:18:28.709322 (3854240) lic__man INFO    Claim 'fpv' for <ui>.
2026-02-26 06:18:28.709350 (3854240) lic_core INFO    (2) checking out 'jasper_fpv' ...
2026-02-26 06:18:28.713430 (3854240) lic_core INFO    ... (2) checkout failed (error: -5) ("FLEXnet ERROR(-5, 0, 0): No such feature exists.")
2026-02-26 06:18:28.713483 (3854240) lic_core INFO    (3) checking out 'jasper_fao' ...
2026-02-26 06:18:28.724451 (3854240) lic_core INFO    ... (3) checkout succeeded
2026-02-26 06:18:28.725894 (3854240) main____ INFO    Tool inactivity delay is 480000 ms.
2026-02-26 06:18:28.735571 (3854251) stdio___ INFO    Starting STDIN reader (tty: yes, tty name: '/dev/pts/0')
2026-02-26 06:18:28.857786 (3854240) session_ INFO    Starting analysis session with session id 'session_0' (launcher: <local>) ...
2026-02-26 06:18:28.859730 (3854240) session_ INFO    Analysis session with session id 'session_0' started (pid: 3854253)
2026-02-26 06:18:30.298746 (3854240) session_ INFO    Analysis session 'session_0' connected to the console (host: 127.0.0.1:54224)
2026-02-26 06:18:34.913600 (3854240) lic__man INFO    Unclaim everything for 'session_0'.
2026-02-26 06:18:35.231797 (3854240) lic__man INFO    Claim 'fpv' for 'session_0'.
2026-02-26 06:18:35.231843 (3854240) lic__man INFO    Claim 'fpv' for 'session_0/prove-0'.
2026-02-26 06:22:08.247824 (3854240) lic__man INFO    Unclaim everything for 'session_0/prove-0'.
2026-02-26 06:22:08.269634 (3854240) main____ INFO    About to exit: request to exit with status 0 received from analysis session 'session_0'
2026-02-26 06:22:08.701593 (3854240) session_ INFO    Analysis session 'session_0' disconnected.
2026-02-26 06:22:08.701771 (3854240) lic__man INFO    Unclaim everything for 'session_0'.
2026-02-26 06:22:08.702953 (3854240) session_ INFO    Process for analysis session 'session_0' has exited with exit status '0'.
2026-02-26 06:22:10.377391 (3854251) stdio___ INFO    STDIN reader requested to stop.
2026-02-26 06:22:10.377453 (3854251) stdio___ INFO    STDIN reader stopped.
2026-02-26 06:22:10.381140 (3854240) lic_core INFO    (1) checkin jasper_interactive
2026-02-26 06:22:10.382497 (3854240) lic_core INFO    (3) checkin jasper_fao
2026-02-26 06:22:10.415364 (3854240) main____ INFO    Exiting with status 0.
