2026-02-28 01:47:57.522617 (570678) main____ INFO    ----------------------------------------
2026-02-28 01:47:57.522710 (570678) main____ INFO    Jasper version info
2026-02-28 01:47:57.522725 (570678) main____ INFO      tool      : Jasper 2023.12
2026-02-28 01:47:57.522739 (570678) main____ INFO      version   : 2023.12p001 64 bits
2026-02-28 01:47:57.522751 (570678) main____ INFO      build date: 2024.01.23 16:09:24 UTC
2026-02-28 01:47:57.522761 (570678) main____ INFO    ----------------------------------------
2026-02-28 01:47:57.522770 (570678) main____ INFO    Runtime info:
2026-02-28 01:47:57.522780 (570678) main____ INFO      platform  : Linux 4.18.0-553.89.1.el8_10.x86_64 x86_64
2026-02-28 01:47:57.522798 (570678) main____ INFO      hostname  : caddy10.stanford.edu
2026-02-28 01:47:57.522812 (570678) main____ INFO      pid       : 570678
2026-02-28 01:47:57.522823 (570678) main____ INFO      arguments : '-style' 'windows' '-allow_unsupported_OS' '-no_gui' '-fpv' './synthlc/i_MUL_out/xPairwiseDepDiv/nunv_anytwo_101_.tcl' '-proj' './synthlc/i_MUL_out/xPairwiseDepDiv/nunv_anytwo_101_jgsession_26-02-28-01_47_56'
2026-02-28 01:47:57.522839 (570678) main____ INFO      locale    : UTF-8
2026-02-28 01:47:57.522848 (570678) main____ INFO    ----------------------------------------
2026-02-28 01:47:57.522857 (570678) main____ INFO    System resource limits info:
2026-02-28 01:47:57.522869 (570678) main____ INFO      virtual memory: unlimited
2026-02-28 01:47:57.522881 (570678) main____ INFO      cpu time      : unlimited
2026-02-28 01:47:57.522898 (570678) main____ INFO      processes     : 4096
2026-02-28 01:47:57.522930 (570678) main____ INFO      stack size    : 8388608 B
2026-02-28 01:47:57.522944 (570678) main____ INFO      core file size: 0 B
2026-02-28 01:47:57.522956 (570678) main____ INFO      open files    : 4096
2026-02-28 01:47:57.522968 (570678) main____ INFO      file size     : unlimited
2026-02-28 01:47:57.522978 (570678) main____ INFO    ----------------------------------------
2026-02-28 01:47:57.522987 (570678) main____ INFO    Memory statistics:
2026-02-28 01:47:57.522997 (570678) main____ INFO      total physical memory  : 98449096 kB
2026-02-28 01:47:57.523008 (570678) main____ INFO      free physical memory   : 87078588 kB
2026-02-28 01:47:57.523019 (570678) main____ INFO      committed address space: 6057748 kB
2026-02-28 01:47:57.523028 (570678) main____ INFO    ----------------------------------------
2026-02-28 01:47:57.524212 (570678) main____ INFO    Important environment variables:
2026-02-28 01:47:57.524241 (570678) main____ INFO      CDS_LIC_FILE       : '5280@cadlic0'
2026-02-28 01:47:57.524253 (570678) main____ INFO      JASPER_INSTALL_DIR : '/cad/cadence/jasper_2023.12p001'
2026-02-28 01:47:57.524265 (570678) main____ INFO      JASPER_KERNEL_CHECK: '1'
2026-02-28 01:47:57.524276 (570678) main____ INFO      JASPER_OS_CHECK    : '0'
2026-02-28 01:47:57.524288 (570678) main____ INFO      LANG               : 'en_US.UTF-8'
2026-02-28 01:47:57.524297 (570678) main____ INFO    ----------------------------------------
2026-02-28 01:47:57.533245 (570678) lic_core INFO    Initializing license system ...
2026-02-28 01:47:57.567345 (570678) lic_core INFO    ... license system initialized.
2026-02-28 01:47:57.737361 (570678) lic__man INFO    Claim 'main' for <ui>.
2026-02-28 01:47:57.737426 (570678) lic_core INFO    (1) checking out 'jasper_interactive' ...
2026-02-28 01:47:57.799430 (570678) lic_core INFO    ... (1) checkout succeeded
2026-02-28 01:47:57.799528 (570678) lic__man INFO    Claim 'fpv' for <ui>.
2026-02-28 01:47:57.799555 (570678) lic_core INFO    (2) checking out 'jasper_fpv' ...
2026-02-28 01:47:57.877502 (570678) lic_core INFO    ... (2) checkout failed (error: -5) ("FLEXnet ERROR(-5, 0, 0): No such feature exists.")
2026-02-28 01:47:57.877556 (570678) lic_core INFO    (3) checking out 'jasper_fao' ...
2026-02-28 01:47:57.963790 (570678) lic_core INFO    ... (3) checkout succeeded
2026-02-28 01:47:57.975945 (570678) main____ INFO    Tool inactivity delay is 480000 ms.
2026-02-28 01:47:57.985330 (570689) stdio___ INFO    Starting STDIN reader (tty: yes, tty name: '/dev/pts/5')
2026-02-28 01:47:58.393206 (570678) session_ INFO    Starting analysis session with session id 'session_0' (launcher: <local>) ...
2026-02-28 01:47:58.395012 (570678) session_ INFO    Analysis session with session id 'session_0' started (pid: 570691)
2026-02-28 01:48:00.021534 (570678) session_ INFO    Analysis session 'session_0' connected to the console (host: 127.0.0.1:57426)
2026-02-28 01:48:04.467766 (570678) lic__man INFO    Unclaim everything for 'session_0'.
2026-02-28 01:48:04.771226 (570678) lic__man INFO    Claim 'fpv' for 'session_0'.
2026-02-28 01:48:04.771270 (570678) lic__man INFO    Claim 'fpv' for 'session_0/prove-0'.
2026-02-28 01:48:07.482145 (570678) lic__man INFO    Unclaim everything for 'session_0/prove-0'.
2026-02-28 01:48:07.532347 (570678) main____ INFO    About to exit: request to exit with status 0 received from analysis session 'session_0'
2026-02-28 01:48:07.756357 (570678) session_ INFO    Analysis session 'session_0' disconnected.
2026-02-28 01:48:07.756517 (570678) lic__man INFO    Unclaim everything for 'session_0'.
2026-02-28 01:48:07.756708 (570678) session_ INFO    Process for analysis session 'session_0' has exited with exit status '0'.
2026-02-28 01:48:09.438544 (570689) stdio___ INFO    STDIN reader requested to stop.
2026-02-28 01:48:09.438582 (570689) stdio___ INFO    STDIN reader stopped.
2026-02-28 01:48:09.438854 (570678) lic_core INFO    (1) checkin jasper_interactive
2026-02-28 01:48:09.439734 (570678) lic_core INFO    (3) checkin jasper_fao
2026-02-28 01:48:09.441385 (570678) main____ INFO    Exiting with status 0.
