2026-03-01 07:13:12.512250 (4057245) main____ INFO    ----------------------------------------
2026-03-01 07:13:12.512352 (4057245) main____ INFO    Jasper version info
2026-03-01 07:13:12.512369 (4057245) main____ INFO      tool      : Jasper 2023.12
2026-03-01 07:13:12.512385 (4057245) main____ INFO      version   : 2023.12p001 64 bits
2026-03-01 07:13:12.512399 (4057245) main____ INFO      build date: 2024.01.23 16:09:24 UTC
2026-03-01 07:13:12.512410 (4057245) main____ INFO    ----------------------------------------
2026-03-01 07:13:12.512420 (4057245) main____ INFO    Runtime info:
2026-03-01 07:13:12.512431 (4057245) main____ INFO      platform  : Linux 4.18.0-553.89.1.el8_10.x86_64 x86_64
2026-03-01 07:13:12.512450 (4057245) main____ INFO      hostname  : caddy12.stanford.edu
2026-03-01 07:13:12.512466 (4057245) main____ INFO      pid       : 4057245
2026-03-01 07:13:12.512478 (4057245) main____ INFO      arguments : '-style' 'windows' '-allow_unsupported_OS' '-no_gui' '-fpv' './synthlc/i_LW_out/xPairwiseDepDiv/nunv_anytwo_10_.tcl' '-proj' './synthlc/i_LW_out/xPairwiseDepDiv/nunv_anytwo_10_jgsession_26-03-01-07_13_11'
2026-03-01 07:13:12.512496 (4057245) main____ INFO      locale    : UTF-8
2026-03-01 07:13:12.512506 (4057245) main____ INFO    ----------------------------------------
2026-03-01 07:13:12.512516 (4057245) main____ INFO    System resource limits info:
2026-03-01 07:13:12.512529 (4057245) main____ INFO      virtual memory: unlimited
2026-03-01 07:13:12.512542 (4057245) main____ INFO      cpu time      : unlimited
2026-03-01 07:13:12.512560 (4057245) main____ INFO      processes     : 4096
2026-03-01 07:13:12.512581 (4057245) main____ INFO      stack size    : 8388608 B
2026-03-01 07:13:12.512596 (4057245) main____ INFO      core file size: 0 B
2026-03-01 07:13:12.512609 (4057245) main____ INFO      open files    : 4096
2026-03-01 07:13:12.512622 (4057245) main____ INFO      file size     : unlimited
2026-03-01 07:13:12.512632 (4057245) main____ INFO    ----------------------------------------
2026-03-01 07:13:12.512642 (4057245) main____ INFO    Memory statistics:
2026-03-01 07:13:12.512654 (4057245) main____ INFO      total physical memory  : 98449088 kB
2026-03-01 07:13:12.512679 (4057245) main____ INFO      free physical memory   : 73660568 kB
2026-03-01 07:13:12.512692 (4057245) main____ INFO      committed address space: 22168320 kB
2026-03-01 07:13:12.512702 (4057245) main____ INFO    ----------------------------------------
2026-03-01 07:13:12.513892 (4057245) main____ INFO    Important environment variables:
2026-03-01 07:13:12.513919 (4057245) main____ INFO      CDS_LIC_FILE       : '5280@cadlic0'
2026-03-01 07:13:12.513932 (4057245) main____ INFO      DISPLAY            : 'localhost:12.0'
2026-03-01 07:13:12.513945 (4057245) main____ INFO      JASPER_INSTALL_DIR : '/cad/cadence/jasper_2023.12p001'
2026-03-01 07:13:12.513957 (4057245) main____ INFO      JASPER_KERNEL_CHECK: '1'
2026-03-01 07:13:12.513969 (4057245) main____ INFO      JASPER_OS_CHECK    : '0'
2026-03-01 07:13:12.513981 (4057245) main____ INFO      LANG               : 'zh_TW.UTF-8'
2026-03-01 07:13:12.513992 (4057245) main____ INFO    ----------------------------------------
2026-03-01 07:13:12.515910 (4057245) lic_core INFO    Initializing license system ...
2026-03-01 07:13:12.582442 (4057245) lic_core INFO    ... license system initialized.
2026-03-01 07:13:12.753976 (4057245) lic__man INFO    Claim 'main' for <ui>.
2026-03-01 07:13:12.754057 (4057245) lic_core INFO    (1) checking out 'jasper_interactive' ...
2026-03-01 07:13:12.813014 (4057245) lic_core INFO    ... (1) checkout succeeded
2026-03-01 07:13:12.813128 (4057245) lic__man INFO    Claim 'fpv' for <ui>.
2026-03-01 07:13:12.813158 (4057245) lic_core INFO    (2) checking out 'jasper_fpv' ...
2026-03-01 07:13:12.880153 (4057245) lic_core INFO    ... (2) checkout failed (error: -5) ("FLEXnet ERROR(-5, 0, 0): No such feature exists.")
2026-03-01 07:13:12.880231 (4057245) lic_core INFO    (3) checking out 'jasper_fao' ...
2026-03-01 07:13:12.948312 (4057245) lic_core INFO    ... (3) checkout succeeded
2026-03-01 07:13:12.982613 (4057245) main____ INFO    Tool inactivity delay is 480000 ms.
2026-03-01 07:13:12.995899 (4057261) stdio___ INFO    Starting STDIN reader (tty: yes, tty name: '/dev/pts/0')
2026-03-01 07:13:13.308901 (4057245) session_ INFO    Starting analysis session with session id 'session_0' (launcher: <local>) ...
2026-03-01 07:13:13.310908 (4057245) session_ INFO    Analysis session with session id 'session_0' started (pid: 4057262)
2026-03-01 07:13:18.168282 (4057245) session_ INFO    Analysis session 'session_0' connected to the console (host: 127.0.0.1:43554)
2026-03-01 07:13:28.592031 (4057245) lic__man INFO    Unclaim everything for 'session_0'.
2026-03-01 07:13:29.075067 (4057245) lic__man INFO    Claim 'fpv' for 'session_0'.
2026-03-01 07:13:29.075118 (4057245) lic__man INFO    Claim 'fpv' for 'session_0/prove-0'.
2026-03-01 07:13:33.598520 (4057245) lic__man INFO    Unclaim everything for 'session_0/prove-0'.
2026-03-01 07:13:33.620497 (4057245) main____ INFO    About to exit: request to exit with status 0 received from analysis session 'session_0'
2026-03-01 07:13:33.941941 (4057245) session_ INFO    Analysis session 'session_0' disconnected.
2026-03-01 07:13:33.942105 (4057245) lic__man INFO    Unclaim everything for 'session_0'.
2026-03-01 07:13:33.963930 (4057245) session_ INFO    Process for analysis session 'session_0' has exited with exit status '0'.
2026-03-01 07:13:35.743749 (4057261) stdio___ INFO    STDIN reader requested to stop.
2026-03-01 07:13:35.743815 (4057261) stdio___ INFO    STDIN reader stopped.
2026-03-01 07:13:35.744439 (4057245) lic_core INFO    (1) checkin jasper_interactive
2026-03-01 07:13:35.755853 (4057245) lic_core INFO    (3) checkin jasper_fao
2026-03-01 07:13:35.768140 (4057245) main____ INFO    Exiting with status 0.
