2026-02-25 10:47:37.581868 (3062402) main____ INFO    ----------------------------------------
2026-02-25 10:47:37.581967 (3062402) main____ INFO    Jasper version info
2026-02-25 10:47:37.581983 (3062402) main____ INFO      tool      : Jasper 2023.12
2026-02-25 10:47:37.581998 (3062402) main____ INFO      version   : 2023.12p001 64 bits
2026-02-25 10:47:37.582011 (3062402) main____ INFO      build date: 2024.01.23 16:09:24 UTC
2026-02-25 10:47:37.582021 (3062402) main____ INFO    ----------------------------------------
2026-02-25 10:47:37.582030 (3062402) main____ INFO    Runtime info:
2026-02-25 10:47:37.582040 (3062402) main____ INFO      platform  : Linux 4.18.0-553.89.1.el8_10.x86_64 x86_64
2026-02-25 10:47:37.582059 (3062402) main____ INFO      hostname  : caddy15.stanford.edu
2026-02-25 10:47:37.582075 (3062402) main____ INFO      pid       : 3062402
2026-02-25 10:47:37.582087 (3062402) main____ INFO      arguments : '-style' 'windows' '-allow_unsupported_OS' '-no_gui' '-fpv' './synthlc/i_DIV_out/xPairwiseDepDiv/exclusive_1_.tcl' '-proj' './synthlc/i_DIV_out/xPairwiseDepDiv/exclusive_1_jgsession_26-02-25-10_47_37'
2026-02-25 10:47:37.582105 (3062402) main____ INFO      locale    : UTF-8
2026-02-25 10:47:37.582115 (3062402) main____ INFO    ----------------------------------------
2026-02-25 10:47:37.582124 (3062402) main____ INFO    System resource limits info:
2026-02-25 10:47:37.582136 (3062402) main____ INFO      virtual memory: unlimited
2026-02-25 10:47:37.582148 (3062402) main____ INFO      cpu time      : unlimited
2026-02-25 10:47:37.582167 (3062402) main____ INFO      processes     : 4096
2026-02-25 10:47:37.582188 (3062402) main____ INFO      stack size    : 8388608 B
2026-02-25 10:47:37.582202 (3062402) main____ INFO      core file size: 0 B
2026-02-25 10:47:37.582215 (3062402) main____ INFO      open files    : 4096
2026-02-25 10:47:37.582227 (3062402) main____ INFO      file size     : unlimited
2026-02-25 10:47:37.582237 (3062402) main____ INFO    ----------------------------------------
2026-02-25 10:47:37.582246 (3062402) main____ INFO    Memory statistics:
2026-02-25 10:47:37.582257 (3062402) main____ INFO      total physical memory  : 98449092 kB
2026-02-25 10:47:37.582269 (3062402) main____ INFO      free physical memory   : 76119824 kB
2026-02-25 10:47:37.582280 (3062402) main____ INFO      committed address space: 9240700 kB
2026-02-25 10:47:37.582289 (3062402) main____ INFO    ----------------------------------------
2026-02-25 10:47:37.583477 (3062402) main____ INFO    Important environment variables:
2026-02-25 10:47:37.583503 (3062402) main____ INFO      CDS_LIC_FILE       : '5280@cadlic0'
2026-02-25 10:47:37.583515 (3062402) main____ INFO      JASPER_INSTALL_DIR : '/cad/cadence/jasper_2023.12p001'
2026-02-25 10:47:37.583527 (3062402) main____ INFO      JASPER_KERNEL_CHECK: '1'
2026-02-25 10:47:37.583539 (3062402) main____ INFO      JASPER_OS_CHECK    : '0'
2026-02-25 10:47:37.583551 (3062402) main____ INFO      LANG               : 'en_US.UTF-8'
2026-02-25 10:47:37.583561 (3062402) main____ INFO    ----------------------------------------
2026-02-25 10:47:37.596458 (3062402) lic_core INFO    Initializing license system ...
2026-02-25 10:47:37.618484 (3062402) lic_core INFO    ... license system initialized.
2026-02-25 10:47:37.717645 (3062402) lic__man INFO    Claim 'main' for <ui>.
2026-02-25 10:47:37.717723 (3062402) lic_core INFO    (1) checking out 'jasper_interactive' ...
2026-02-25 10:47:37.771242 (3062402) lic_core INFO    ... (1) checkout succeeded
2026-02-25 10:47:37.771366 (3062402) lic__man INFO    Claim 'fpv' for <ui>.
2026-02-25 10:47:37.771399 (3062402) lic_core INFO    (2) checking out 'jasper_fpv' ...
2026-02-25 10:47:37.775846 (3062402) lic_core INFO    ... (2) checkout failed (error: -5) ("FLEXnet ERROR(-5, 0, 0): No such feature exists.")
2026-02-25 10:47:37.775899 (3062402) lic_core INFO    (3) checking out 'jasper_fao' ...
2026-02-25 10:47:37.788481 (3062402) lic_core INFO    ... (3) checkout succeeded
2026-02-25 10:47:37.790194 (3062402) main____ INFO    Tool inactivity delay is 480000 ms.
2026-02-25 10:47:37.800516 (3062423) stdio___ INFO    Starting STDIN reader (tty: yes, tty name: '/dev/pts/0')
2026-02-25 10:47:37.964876 (3062402) session_ INFO    Starting analysis session with session id 'session_0' (launcher: <local>) ...
2026-02-25 10:47:37.966950 (3062402) session_ INFO    Analysis session with session id 'session_0' started (pid: 3062424)
2026-02-25 10:47:39.414883 (3062402) session_ INFO    Analysis session 'session_0' connected to the console (host: 127.0.0.1:33270)
2026-02-25 10:47:45.515163 (3062402) lic__man INFO    Unclaim everything for 'session_0'.
2026-02-25 10:47:46.200967 (3062402) lic__man INFO    Claim 'fpv' for 'session_0'.
2026-02-25 10:47:46.201014 (3062402) lic__man INFO    Claim 'fpv' for 'session_0/prove-0'.
2026-02-25 10:47:48.588558 (3062402) lic__man INFO    Unclaim everything for 'session_0/prove-0'.
2026-02-25 10:47:48.630675 (3062402) main____ INFO    About to exit: request to exit with status 0 received from analysis session 'session_0'
2026-02-25 10:47:48.887466 (3062402) session_ INFO    Analysis session 'session_0' disconnected.
2026-02-25 10:47:48.887627 (3062402) lic__man INFO    Unclaim everything for 'session_0'.
2026-02-25 10:47:48.887965 (3062402) session_ INFO    Process for analysis session 'session_0' has exited with exit status '0'.
2026-02-25 10:47:50.543398 (3062423) stdio___ INFO    STDIN reader requested to stop.
2026-02-25 10:47:50.543459 (3062423) stdio___ INFO    STDIN reader stopped.
2026-02-25 10:47:50.543845 (3062402) lic_core INFO    (1) checkin jasper_interactive
2026-02-25 10:47:50.554552 (3062402) lic_core INFO    (3) checkin jasper_fao
2026-02-25 10:47:50.574358 (3062402) main____ INFO    Exiting with status 0.
