2026-03-01 08:05:03.985756 (4123825) main____ INFO    ----------------------------------------
2026-03-01 08:05:03.985867 (4123825) main____ INFO    Jasper version info
2026-03-01 08:05:03.985884 (4123825) main____ INFO      tool      : Jasper 2023.12
2026-03-01 08:05:03.985901 (4123825) main____ INFO      version   : 2023.12p001 64 bits
2026-03-01 08:05:03.985915 (4123825) main____ INFO      build date: 2024.01.23 16:09:24 UTC
2026-03-01 08:05:03.985925 (4123825) main____ INFO    ----------------------------------------
2026-03-01 08:05:03.985935 (4123825) main____ INFO    Runtime info:
2026-03-01 08:05:03.985947 (4123825) main____ INFO      platform  : Linux 4.18.0-553.89.1.el8_10.x86_64 x86_64
2026-03-01 08:05:03.985966 (4123825) main____ INFO      hostname  : caddy12.stanford.edu
2026-03-01 08:05:03.985982 (4123825) main____ INFO      pid       : 4123825
2026-03-01 08:05:03.985994 (4123825) main____ INFO      arguments : '-style' 'windows' '-allow_unsupported_OS' '-no_gui' '-fpv' './synthlc/i_LW_out/xPerfLocSubsetDiv/coverset_190_.tcl' '-proj' './synthlc/i_LW_out/xPerfLocSubsetDiv/coverset_190_jgsession_26-03-01-08_05_02'
2026-03-01 08:05:03.986012 (4123825) main____ INFO      locale    : UTF-8
2026-03-01 08:05:03.986022 (4123825) main____ INFO    ----------------------------------------
2026-03-01 08:05:03.986032 (4123825) main____ INFO    System resource limits info:
2026-03-01 08:05:03.986045 (4123825) main____ INFO      virtual memory: unlimited
2026-03-01 08:05:03.986058 (4123825) main____ INFO      cpu time      : unlimited
2026-03-01 08:05:03.986077 (4123825) main____ INFO      processes     : 4096
2026-03-01 08:05:03.986097 (4123825) main____ INFO      stack size    : 8388608 B
2026-03-01 08:05:03.986112 (4123825) main____ INFO      core file size: 0 B
2026-03-01 08:05:03.986126 (4123825) main____ INFO      open files    : 4096
2026-03-01 08:05:03.986139 (4123825) main____ INFO      file size     : unlimited
2026-03-01 08:05:03.986149 (4123825) main____ INFO    ----------------------------------------
2026-03-01 08:05:03.986159 (4123825) main____ INFO    Memory statistics:
2026-03-01 08:05:03.986171 (4123825) main____ INFO      total physical memory  : 98449088 kB
2026-03-01 08:05:03.986183 (4123825) main____ INFO      free physical memory   : 83778972 kB
2026-03-01 08:05:03.986196 (4123825) main____ INFO      committed address space: 11221648 kB
2026-03-01 08:05:03.986206 (4123825) main____ INFO    ----------------------------------------
2026-03-01 08:05:03.987421 (4123825) main____ INFO    Important environment variables:
2026-03-01 08:05:03.987455 (4123825) main____ INFO      CDS_LIC_FILE       : '5280@cadlic0'
2026-03-01 08:05:03.987469 (4123825) main____ INFO      DISPLAY            : 'localhost:12.0'
2026-03-01 08:05:03.987482 (4123825) main____ INFO      JASPER_INSTALL_DIR : '/cad/cadence/jasper_2023.12p001'
2026-03-01 08:05:03.987494 (4123825) main____ INFO      JASPER_KERNEL_CHECK: '1'
2026-03-01 08:05:03.987507 (4123825) main____ INFO      JASPER_OS_CHECK    : '0'
2026-03-01 08:05:03.987519 (4123825) main____ INFO      LANG               : 'zh_TW.UTF-8'
2026-03-01 08:05:03.987530 (4123825) main____ INFO    ----------------------------------------
2026-03-01 08:05:03.988896 (4123825) lic_core INFO    Initializing license system ...
2026-03-01 08:05:04.020077 (4123825) lic_core INFO    ... license system initialized.
2026-03-01 08:05:04.183924 (4123825) lic__man INFO    Claim 'main' for <ui>.
2026-03-01 08:05:04.184008 (4123825) lic_core INFO    (1) checking out 'jasper_interactive' ...
2026-03-01 08:05:04.254999 (4123825) lic_core INFO    ... (1) checkout succeeded
2026-03-01 08:05:04.255128 (4123825) lic__man INFO    Claim 'fpv' for <ui>.
2026-03-01 08:05:04.255158 (4123825) lic_core INFO    (2) checking out 'jasper_fpv' ...
2026-03-01 08:05:04.305239 (4123825) lic_core INFO    ... (2) checkout failed (error: -5) ("FLEXnet ERROR(-5, 0, 0): No such feature exists.")
2026-03-01 08:05:04.305350 (4123825) lic_core INFO    (3) checking out 'jasper_fao' ...
2026-03-01 08:05:04.390967 (4123825) lic_core INFO    ... (3) checkout succeeded
2026-03-01 08:05:04.402531 (4123825) main____ INFO    Tool inactivity delay is 480000 ms.
2026-03-01 08:05:04.410898 (4123857) stdio___ INFO    Starting STDIN reader (tty: yes, tty name: '/dev/pts/0')
2026-03-01 08:05:04.761789 (4123825) session_ INFO    Starting analysis session with session id 'session_0' (launcher: <local>) ...
2026-03-01 08:05:04.763651 (4123825) session_ INFO    Analysis session with session id 'session_0' started (pid: 4123861)
2026-03-01 08:05:08.495215 (4123825) session_ INFO    Analysis session 'session_0' connected to the console (host: 127.0.0.1:45706)
2026-03-01 08:05:17.671764 (4123825) lic__man INFO    Unclaim everything for 'session_0'.
2026-03-01 08:05:18.152688 (4123825) lic__man INFO    Claim 'fpv' for 'session_0'.
2026-03-01 08:05:18.152739 (4123825) lic__man INFO    Claim 'fpv' for 'session_0/prove-0'.
2026-03-01 08:05:28.098413 (4123825) lic__man INFO    Unclaim everything for 'session_0/prove-0'.
2026-03-01 08:05:28.151872 (4123825) main____ INFO    About to exit: request to exit with status 0 received from analysis session 'session_0'
2026-03-01 08:05:28.304440 (4123825) session_ INFO    Analysis session 'session_0' disconnected.
2026-03-01 08:05:28.304588 (4123825) lic__man INFO    Unclaim everything for 'session_0'.
2026-03-01 08:05:28.305245 (4123825) session_ INFO    Process for analysis session 'session_0' has exited with exit status '0'.
2026-03-01 08:05:30.272751 (4123857) stdio___ INFO    STDIN reader requested to stop.
2026-03-01 08:05:30.272842 (4123857) stdio___ INFO    STDIN reader stopped.
2026-03-01 08:05:30.277812 (4123825) lic_core INFO    (1) checkin jasper_interactive
2026-03-01 08:05:30.279312 (4123825) lic_core INFO    (3) checkin jasper_fao
2026-03-01 08:05:30.287816 (4123825) main____ INFO    Exiting with status 0.
