2026-02-28 21:35:29.841178 (3700169) main____ INFO    ----------------------------------------
2026-02-28 21:35:29.841269 (3700169) main____ INFO    Jasper version info
2026-02-28 21:35:29.841285 (3700169) main____ INFO      tool      : Jasper 2023.12
2026-02-28 21:35:29.841302 (3700169) main____ INFO      version   : 2023.12p001 64 bits
2026-02-28 21:35:29.841315 (3700169) main____ INFO      build date: 2024.01.23 16:09:24 UTC
2026-02-28 21:35:29.841326 (3700169) main____ INFO    ----------------------------------------
2026-02-28 21:35:29.841336 (3700169) main____ INFO    Runtime info:
2026-02-28 21:35:29.841347 (3700169) main____ INFO      platform  : Linux 4.18.0-553.89.1.el8_10.x86_64 x86_64
2026-02-28 21:35:29.841366 (3700169) main____ INFO      hostname  : caddy12.stanford.edu
2026-02-28 21:35:29.841382 (3700169) main____ INFO      pid       : 3700169
2026-02-28 21:35:29.841394 (3700169) main____ INFO      arguments : '-style' 'windows' '-allow_unsupported_OS' '-no_gui' '-fpv' './synthlc/i_ADDI_out/xPairwiseDepDiv/exclusive_10_.tcl' '-proj' './synthlc/i_ADDI_out/xPairwiseDepDiv/exclusive_10_jgsession_26-02-28-21_35_29'
2026-02-28 21:35:29.841411 (3700169) main____ INFO      locale    : UTF-8
2026-02-28 21:35:29.841421 (3700169) main____ INFO    ----------------------------------------
2026-02-28 21:35:29.841431 (3700169) main____ INFO    System resource limits info:
2026-02-28 21:35:29.841444 (3700169) main____ INFO      virtual memory: unlimited
2026-02-28 21:35:29.841456 (3700169) main____ INFO      cpu time      : unlimited
2026-02-28 21:35:29.841475 (3700169) main____ INFO      processes     : 4096
2026-02-28 21:35:29.841496 (3700169) main____ INFO      stack size    : 8388608 B
2026-02-28 21:35:29.841510 (3700169) main____ INFO      core file size: 0 B
2026-02-28 21:35:29.841523 (3700169) main____ INFO      open files    : 4096
2026-02-28 21:35:29.841536 (3700169) main____ INFO      file size     : unlimited
2026-02-28 21:35:29.841546 (3700169) main____ INFO    ----------------------------------------
2026-02-28 21:35:29.841556 (3700169) main____ INFO    Memory statistics:
2026-02-28 21:35:29.841568 (3700169) main____ INFO      total physical memory  : 98449088 kB
2026-02-28 21:35:29.841580 (3700169) main____ INFO      free physical memory   : 87300264 kB
2026-02-28 21:35:29.841592 (3700169) main____ INFO      committed address space: 6985120 kB
2026-02-28 21:35:29.841602 (3700169) main____ INFO    ----------------------------------------
2026-02-28 21:35:29.842810 (3700169) main____ INFO    Important environment variables:
2026-02-28 21:35:29.842839 (3700169) main____ INFO      CDS_LIC_FILE       : '5280@cadlic0'
2026-02-28 21:35:29.842852 (3700169) main____ INFO      DISPLAY            : 'localhost:12.0'
2026-02-28 21:35:29.842865 (3700169) main____ INFO      JASPER_INSTALL_DIR : '/cad/cadence/jasper_2023.12p001'
2026-02-28 21:35:29.842877 (3700169) main____ INFO      JASPER_KERNEL_CHECK: '1'
2026-02-28 21:35:29.842897 (3700169) main____ INFO      JASPER_OS_CHECK    : '0'
2026-02-28 21:35:29.842909 (3700169) main____ INFO      LANG               : 'zh_TW.UTF-8'
2026-02-28 21:35:29.842920 (3700169) main____ INFO    ----------------------------------------
2026-02-28 21:35:29.854816 (3700169) lic_core INFO    Initializing license system ...
2026-02-28 21:35:29.869042 (3700169) lic_core INFO    ... license system initialized.
2026-02-28 21:35:30.005899 (3700169) lic__man INFO    Claim 'main' for <ui>.
2026-02-28 21:35:30.005982 (3700169) lic_core INFO    (1) checking out 'jasper_interactive' ...
2026-02-28 21:35:30.057777 (3700169) lic_core INFO    ... (1) checkout succeeded
2026-02-28 21:35:30.057875 (3700169) lic__man INFO    Claim 'fpv' for <ui>.
2026-02-28 21:35:30.057912 (3700169) lic_core INFO    (2) checking out 'jasper_fpv' ...
2026-02-28 21:35:30.066109 (3700169) lic_core INFO    ... (2) checkout failed (error: -5) ("FLEXnet ERROR(-5, 0, 0): No such feature exists.")
2026-02-28 21:35:30.066178 (3700169) lic_core INFO    (3) checking out 'jasper_fao' ...
2026-02-28 21:35:30.082361 (3700169) lic_core INFO    ... (3) checkout succeeded
2026-02-28 21:35:30.084405 (3700169) main____ INFO    Tool inactivity delay is 480000 ms.
2026-02-28 21:35:30.084695 (3700192) stdio___ INFO    Starting STDIN reader (tty: yes, tty name: '/dev/pts/0')
2026-02-28 21:35:30.206360 (3700169) session_ INFO    Starting analysis session with session id 'session_0' (launcher: <local>) ...
2026-02-28 21:35:30.208337 (3700169) session_ INFO    Analysis session with session id 'session_0' started (pid: 3700193)
2026-02-28 21:35:31.811145 (3700169) session_ INFO    Analysis session 'session_0' connected to the console (host: 127.0.0.1:46054)
2026-02-28 21:35:35.400272 (3700169) lic__man INFO    Unclaim everything for 'session_0'.
2026-02-28 21:35:35.724356 (3700169) lic__man INFO    Claim 'fpv' for 'session_0'.
2026-02-28 21:35:35.724408 (3700169) lic__man INFO    Claim 'fpv' for 'session_0/prove-0'.
2026-02-28 21:35:38.148522 (3700169) lic__man INFO    Unclaim everything for 'session_0/prove-0'.
2026-02-28 21:35:38.184963 (3700169) main____ INFO    About to exit: request to exit with status 0 received from analysis session 'session_0'
2026-02-28 21:35:38.360624 (3700169) session_ INFO    Analysis session 'session_0' disconnected.
2026-02-28 21:35:38.360786 (3700169) lic__man INFO    Unclaim everything for 'session_0'.
2026-02-28 21:35:38.361389 (3700169) session_ INFO    Process for analysis session 'session_0' has exited with exit status '0'.
2026-02-28 21:35:40.301813 (3700192) stdio___ INFO    STDIN reader requested to stop.
2026-02-28 21:35:40.301868 (3700192) stdio___ INFO    STDIN reader stopped.
2026-02-28 21:35:40.311950 (3700169) lic_core INFO    (1) checkin jasper_interactive
2026-02-28 21:35:40.313843 (3700169) lic_core INFO    (3) checkin jasper_fao
2026-02-28 21:35:40.328003 (3700169) main____ INFO    Exiting with status 0.
