2026-02-26 08:41:07.133518 (3934356) main____ INFO    ----------------------------------------
2026-02-26 08:41:07.133609 (3934356) main____ INFO    Jasper version info
2026-02-26 08:41:07.133624 (3934356) main____ INFO      tool      : Jasper 2023.12
2026-02-26 08:41:07.133640 (3934356) main____ INFO      version   : 2023.12p001 64 bits
2026-02-26 08:41:07.133653 (3934356) main____ INFO      build date: 2024.01.23 16:09:24 UTC
2026-02-26 08:41:07.133663 (3934356) main____ INFO    ----------------------------------------
2026-02-26 08:41:07.133672 (3934356) main____ INFO    Runtime info:
2026-02-26 08:41:07.133683 (3934356) main____ INFO      platform  : Linux 4.18.0-553.89.1.el8_10.x86_64 x86_64
2026-02-26 08:41:07.133702 (3934356) main____ INFO      hostname  : caddy15.stanford.edu
2026-02-26 08:41:07.133717 (3934356) main____ INFO      pid       : 3934356
2026-02-26 08:41:07.133730 (3934356) main____ INFO      arguments : '-style' 'windows' '-allow_unsupported_OS' '-no_gui' '-fpv' './synthlc/i_ADDI_out/xHBPerfG_dfg_v3_div/WHB_65_.tcl' '-proj' './synthlc/i_ADDI_out/xHBPerfG_dfg_v3_div/WHB_65_jgsession_26-02-26-08_41_06'
2026-02-26 08:41:07.133747 (3934356) main____ INFO      locale    : UTF-8
2026-02-26 08:41:07.133757 (3934356) main____ INFO    ----------------------------------------
2026-02-26 08:41:07.133766 (3934356) main____ INFO    System resource limits info:
2026-02-26 08:41:07.133778 (3934356) main____ INFO      virtual memory: unlimited
2026-02-26 08:41:07.133791 (3934356) main____ INFO      cpu time      : unlimited
2026-02-26 08:41:07.133809 (3934356) main____ INFO      processes     : 4096
2026-02-26 08:41:07.133828 (3934356) main____ INFO      stack size    : 8388608 B
2026-02-26 08:41:07.133843 (3934356) main____ INFO      core file size: 0 B
2026-02-26 08:41:07.133856 (3934356) main____ INFO      open files    : 4096
2026-02-26 08:41:07.133868 (3934356) main____ INFO      file size     : unlimited
2026-02-26 08:41:07.133878 (3934356) main____ INFO    ----------------------------------------
2026-02-26 08:41:07.133887 (3934356) main____ INFO    Memory statistics:
2026-02-26 08:41:07.133899 (3934356) main____ INFO      total physical memory  : 98449092 kB
2026-02-26 08:41:07.133910 (3934356) main____ INFO      free physical memory   : 79044740 kB
2026-02-26 08:41:07.133921 (3934356) main____ INFO      committed address space: 3310688 kB
2026-02-26 08:41:07.133931 (3934356) main____ INFO    ----------------------------------------
2026-02-26 08:41:07.135094 (3934356) main____ INFO    Important environment variables:
2026-02-26 08:41:07.135124 (3934356) main____ INFO      CDS_LIC_FILE       : '5280@cadlic0'
2026-02-26 08:41:07.135146 (3934356) main____ INFO      JASPER_INSTALL_DIR : '/cad/cadence/jasper_2023.12p001'
2026-02-26 08:41:07.135159 (3934356) main____ INFO      JASPER_KERNEL_CHECK: '1'
2026-02-26 08:41:07.135171 (3934356) main____ INFO      JASPER_OS_CHECK    : '0'
2026-02-26 08:41:07.135183 (3934356) main____ INFO      LANG               : 'en_US.UTF-8'
2026-02-26 08:41:07.135194 (3934356) main____ INFO    ----------------------------------------
2026-02-26 08:41:07.136390 (3934356) lic_core INFO    Initializing license system ...
2026-02-26 08:41:07.137973 (3934356) lic_core INFO    ... license system initialized.
2026-02-26 08:41:07.149355 (3934356) lic__man INFO    Claim 'main' for <ui>.
2026-02-26 08:41:07.149409 (3934356) lic_core INFO    (1) checking out 'jasper_interactive' ...
2026-02-26 08:41:07.161971 (3934356) lic_core INFO    ... (1) checkout succeeded
2026-02-26 08:41:07.162041 (3934356) lic__man INFO    Claim 'fpv' for <ui>.
2026-02-26 08:41:07.162064 (3934356) lic_core INFO    (2) checking out 'jasper_fpv' ...
2026-02-26 08:41:07.166001 (3934356) lic_core INFO    ... (2) checkout failed (error: -5) ("FLEXnet ERROR(-5, 0, 0): No such feature exists.")
2026-02-26 08:41:07.166034 (3934356) lic_core INFO    (3) checking out 'jasper_fao' ...
2026-02-26 08:41:07.176796 (3934356) lic_core INFO    ... (3) checkout succeeded
2026-02-26 08:41:07.178491 (3934372) stdio___ INFO    Starting STDIN reader (tty: yes, tty name: '/dev/pts/0')
2026-02-26 08:41:07.178601 (3934356) main____ INFO    Tool inactivity delay is 480000 ms.
2026-02-26 08:41:07.218537 (3934356) session_ INFO    Starting analysis session with session id 'session_0' (launcher: <local>) ...
2026-02-26 08:41:07.220445 (3934356) session_ INFO    Analysis session with session id 'session_0' started (pid: 3934373)
2026-02-26 08:41:08.331848 (3934356) session_ INFO    Analysis session 'session_0' connected to the console (host: 127.0.0.1:56684)
2026-02-26 08:41:11.610802 (3934356) lic__man INFO    Unclaim everything for 'session_0'.
2026-02-26 08:41:11.838058 (3934356) lic__man INFO    Claim 'fpv' for 'session_0'.
2026-02-26 08:41:11.838106 (3934356) lic__man INFO    Claim 'fpv' for 'session_0/prove-0'.
2026-02-26 08:41:14.428662 (3934356) lic__man INFO    Unclaim everything for 'session_0/prove-0'.
2026-02-26 08:41:14.475632 (3934356) main____ INFO    About to exit: request to exit with status 0 received from analysis session 'session_0'
2026-02-26 08:41:14.918252 (3934356) session_ INFO    Analysis session 'session_0' disconnected.
2026-02-26 08:41:14.918474 (3934356) lic__man INFO    Unclaim everything for 'session_0'.
2026-02-26 08:41:14.918671 (3934356) session_ INFO    Process for analysis session 'session_0' has exited with exit status '0'.
2026-02-26 08:41:16.416387 (3934372) stdio___ INFO    STDIN reader requested to stop.
2026-02-26 08:41:16.416440 (3934372) stdio___ INFO    STDIN reader stopped.
2026-02-26 08:41:16.426577 (3934356) lic_core INFO    (1) checkin jasper_interactive
2026-02-26 08:41:16.431502 (3934356) lic_core INFO    (3) checkin jasper_fao
2026-02-26 08:41:16.453347 (3934356) main____ INFO    Exiting with status 0.
