2026-03-01 07:51:51.142190 (4081202) main____ INFO    ----------------------------------------
2026-03-01 07:51:51.142300 (4081202) main____ INFO    Jasper version info
2026-03-01 07:51:51.142318 (4081202) main____ INFO      tool      : Jasper 2023.12
2026-03-01 07:51:51.142335 (4081202) main____ INFO      version   : 2023.12p001 64 bits
2026-03-01 07:51:51.142349 (4081202) main____ INFO      build date: 2024.01.23 16:09:24 UTC
2026-03-01 07:51:51.142360 (4081202) main____ INFO    ----------------------------------------
2026-03-01 07:51:51.142370 (4081202) main____ INFO    Runtime info:
2026-03-01 07:51:51.142381 (4081202) main____ INFO      platform  : Linux 4.18.0-553.89.1.el8_10.x86_64 x86_64
2026-03-01 07:51:51.142401 (4081202) main____ INFO      hostname  : caddy12.stanford.edu
2026-03-01 07:51:51.142417 (4081202) main____ INFO      pid       : 4081202
2026-03-01 07:51:51.142428 (4081202) main____ INFO      arguments : '-style' 'windows' '-allow_unsupported_OS' '-no_gui' '-fpv' './synthlc/i_LW_out/xPerfLocSubsetDiv/coverset_10_.tcl' '-proj' './synthlc/i_LW_out/xPerfLocSubsetDiv/coverset_10_jgsession_26-03-01-07_51_49'
2026-03-01 07:51:51.142446 (4081202) main____ INFO      locale    : UTF-8
2026-03-01 07:51:51.142456 (4081202) main____ INFO    ----------------------------------------
2026-03-01 07:51:51.142466 (4081202) main____ INFO    System resource limits info:
2026-03-01 07:51:51.142478 (4081202) main____ INFO      virtual memory: unlimited
2026-03-01 07:51:51.142491 (4081202) main____ INFO      cpu time      : unlimited
2026-03-01 07:51:51.142510 (4081202) main____ INFO      processes     : 4096
2026-03-01 07:51:51.166758 (4081202) main____ INFO      stack size    : 8388608 B
2026-03-01 07:51:51.166802 (4081202) main____ INFO      core file size: 0 B
2026-03-01 07:51:51.166817 (4081202) main____ INFO      open files    : 4096
2026-03-01 07:51:51.166830 (4081202) main____ INFO      file size     : unlimited
2026-03-01 07:51:51.166841 (4081202) main____ INFO    ----------------------------------------
2026-03-01 07:51:51.166852 (4081202) main____ INFO    Memory statistics:
2026-03-01 07:51:51.166865 (4081202) main____ INFO      total physical memory  : 98449088 kB
2026-03-01 07:51:51.166876 (4081202) main____ INFO      free physical memory   : 83587092 kB
2026-03-01 07:51:51.166890 (4081202) main____ INFO      committed address space: 11505544 kB
2026-03-01 07:51:51.166900 (4081202) main____ INFO    ----------------------------------------
2026-03-01 07:51:51.168101 (4081202) main____ INFO    Important environment variables:
2026-03-01 07:51:51.168130 (4081202) main____ INFO      CDS_LIC_FILE       : '5280@cadlic0'
2026-03-01 07:51:51.168143 (4081202) main____ INFO      DISPLAY            : 'localhost:12.0'
2026-03-01 07:51:51.168156 (4081202) main____ INFO      JASPER_INSTALL_DIR : '/cad/cadence/jasper_2023.12p001'
2026-03-01 07:51:51.168168 (4081202) main____ INFO      JASPER_KERNEL_CHECK: '1'
2026-03-01 07:51:51.168181 (4081202) main____ INFO      JASPER_OS_CHECK    : '0'
2026-03-01 07:51:51.168193 (4081202) main____ INFO      LANG               : 'zh_TW.UTF-8'
2026-03-01 07:51:51.168204 (4081202) main____ INFO    ----------------------------------------
2026-03-01 07:51:51.179793 (4081202) lic_core INFO    Initializing license system ...
2026-03-01 07:51:51.225999 (4081202) lic_core INFO    ... license system initialized.
2026-03-01 07:51:51.326941 (4081202) lic__man INFO    Claim 'main' for <ui>.
2026-03-01 07:51:51.327021 (4081202) lic_core INFO    (1) checking out 'jasper_interactive' ...
2026-03-01 07:51:51.376107 (4081202) lic_core INFO    ... (1) checkout succeeded
2026-03-01 07:51:51.376221 (4081202) lic__man INFO    Claim 'fpv' for <ui>.
2026-03-01 07:51:51.376251 (4081202) lic_core INFO    (2) checking out 'jasper_fpv' ...
2026-03-01 07:51:51.426114 (4081202) lic_core INFO    ... (2) checkout failed (error: -5) ("FLEXnet ERROR(-5, 0, 0): No such feature exists.")
2026-03-01 07:51:51.426186 (4081202) lic_core INFO    (3) checking out 'jasper_fao' ...
2026-03-01 07:51:51.506909 (4081202) lic_core INFO    ... (3) checkout succeeded
2026-03-01 07:51:51.518541 (4081202) main____ INFO    Tool inactivity delay is 480000 ms.
2026-03-01 07:51:51.546123 (4081236) stdio___ INFO    Starting STDIN reader (tty: yes, tty name: '/dev/pts/0')
2026-03-01 07:51:51.877825 (4081202) session_ INFO    Starting analysis session with session id 'session_0' (launcher: <local>) ...
2026-03-01 07:51:51.879676 (4081202) session_ INFO    Analysis session with session id 'session_0' started (pid: 4081252)
2026-03-01 07:51:54.248315 (4081202) session_ INFO    Analysis session 'session_0' connected to the console (host: 127.0.0.1:43608)
2026-03-01 07:51:58.111903 (4081202) lic__man INFO    Unclaim everything for 'session_0'.
2026-03-01 07:51:58.362158 (4081202) lic__man INFO    Claim 'fpv' for 'session_0'.
2026-03-01 07:51:58.362204 (4081202) lic__man INFO    Claim 'fpv' for 'session_0/prove-0'.
2026-03-01 07:52:02.307633 (4081202) lic__man INFO    Unclaim everything for 'session_0/prove-0'.
2026-03-01 07:52:02.317822 (4081202) main____ INFO    About to exit: request to exit with status 0 received from analysis session 'session_0'
2026-03-01 07:52:02.474284 (4081202) session_ INFO    Analysis session 'session_0' disconnected.
2026-03-01 07:52:02.474448 (4081202) lic__man INFO    Unclaim everything for 'session_0'.
2026-03-01 07:52:02.474786 (4081202) session_ INFO    Process for analysis session 'session_0' has exited with exit status '0'.
2026-03-01 07:52:04.409267 (4081236) stdio___ INFO    STDIN reader requested to stop.
2026-03-01 07:52:04.409340 (4081236) stdio___ INFO    STDIN reader stopped.
2026-03-01 07:52:04.409934 (4081202) lic_core INFO    (1) checkin jasper_interactive
2026-03-01 07:52:04.439499 (4081202) lic_core INFO    (3) checkin jasper_fao
2026-03-01 07:52:04.472697 (4081202) main____ INFO    Exiting with status 0.
