2026-03-01 08:08:26.248170 (4132183) main____ INFO    ----------------------------------------
2026-03-01 08:08:26.248237 (4132183) main____ INFO    Jasper version info
2026-03-01 08:08:26.248253 (4132183) main____ INFO      tool      : Jasper 2023.12
2026-03-01 08:08:26.248267 (4132183) main____ INFO      version   : 2023.12p001 64 bits
2026-03-01 08:08:26.248281 (4132183) main____ INFO      build date: 2024.01.23 16:09:24 UTC
2026-03-01 08:08:26.248291 (4132183) main____ INFO    ----------------------------------------
2026-03-01 08:08:26.248301 (4132183) main____ INFO    Runtime info:
2026-03-01 08:08:26.248313 (4132183) main____ INFO      platform  : Linux 4.18.0-553.89.1.el8_10.x86_64 x86_64
2026-03-01 08:08:26.248329 (4132183) main____ INFO      hostname  : caddy12.stanford.edu
2026-03-01 08:08:26.248344 (4132183) main____ INFO      pid       : 4132183
2026-03-01 08:08:26.248355 (4132183) main____ INFO      arguments : '-style' 'windows' '-allow_unsupported_OS' '-no_gui' '-fpv' './synthlc/i_LW_out/xPerfLocSubsetDiv/coverset_56_.tcl' '-proj' './synthlc/i_LW_out/xPerfLocSubsetDiv/coverset_56_jgsession_26-03-01-08_08_25'
2026-03-01 08:08:26.248371 (4132183) main____ INFO      locale    : UTF-8
2026-03-01 08:08:26.248382 (4132183) main____ INFO    ----------------------------------------
2026-03-01 08:08:26.248392 (4132183) main____ INFO    System resource limits info:
2026-03-01 08:08:26.248404 (4132183) main____ INFO      virtual memory: unlimited
2026-03-01 08:08:26.248417 (4132183) main____ INFO      cpu time      : unlimited
2026-03-01 08:08:26.248433 (4132183) main____ INFO      processes     : 4096
2026-03-01 08:08:26.248451 (4132183) main____ INFO      stack size    : 8388608 B
2026-03-01 08:08:26.248466 (4132183) main____ INFO      core file size: 0 B
2026-03-01 08:08:26.248479 (4132183) main____ INFO      open files    : 4096
2026-03-01 08:08:26.248491 (4132183) main____ INFO      file size     : unlimited
2026-03-01 08:08:26.248502 (4132183) main____ INFO    ----------------------------------------
2026-03-01 08:08:26.248512 (4132183) main____ INFO    Memory statistics:
2026-03-01 08:08:26.248524 (4132183) main____ INFO      total physical memory  : 98449088 kB
2026-03-01 08:08:26.248536 (4132183) main____ INFO      free physical memory   : 86578612 kB
2026-03-01 08:08:26.248547 (4132183) main____ INFO      committed address space: 7611552 kB
2026-03-01 08:08:26.248558 (4132183) main____ INFO    ----------------------------------------
2026-03-01 08:08:26.249712 (4132183) main____ INFO    Important environment variables:
2026-03-01 08:08:26.249737 (4132183) main____ INFO      CDS_LIC_FILE       : '5280@cadlic0'
2026-03-01 08:08:26.249750 (4132183) main____ INFO      DISPLAY            : 'localhost:12.0'
2026-03-01 08:08:26.249762 (4132183) main____ INFO      JASPER_INSTALL_DIR : '/cad/cadence/jasper_2023.12p001'
2026-03-01 08:08:26.249775 (4132183) main____ INFO      JASPER_KERNEL_CHECK: '1'
2026-03-01 08:08:26.249787 (4132183) main____ INFO      JASPER_OS_CHECK    : '0'
2026-03-01 08:08:26.249800 (4132183) main____ INFO      LANG               : 'zh_TW.UTF-8'
2026-03-01 08:08:26.249810 (4132183) main____ INFO    ----------------------------------------
2026-03-01 08:08:26.250893 (4132183) lic_core INFO    Initializing license system ...
2026-03-01 08:08:26.252471 (4132183) lic_core INFO    ... license system initialized.
2026-03-01 08:08:26.264587 (4132183) lic__man INFO    Claim 'main' for <ui>.
2026-03-01 08:08:26.264641 (4132183) lic_core INFO    (1) checking out 'jasper_interactive' ...
2026-03-01 08:08:26.276635 (4132183) lic_core INFO    ... (1) checkout succeeded
2026-03-01 08:08:26.276711 (4132183) lic__man INFO    Claim 'fpv' for <ui>.
2026-03-01 08:08:26.276734 (4132183) lic_core INFO    (2) checking out 'jasper_fpv' ...
2026-03-01 08:08:26.280454 (4132183) lic_core INFO    ... (2) checkout failed (error: -5) ("FLEXnet ERROR(-5, 0, 0): No such feature exists.")
2026-03-01 08:08:26.280495 (4132183) lic_core INFO    (3) checking out 'jasper_fao' ...
2026-03-01 08:08:26.291259 (4132183) lic_core INFO    ... (3) checkout succeeded
2026-03-01 08:08:26.292277 (4132208) stdio___ INFO    Starting STDIN reader (tty: yes, tty name: '/dev/pts/0')
2026-03-01 08:08:26.292382 (4132183) main____ INFO    Tool inactivity delay is 480000 ms.
2026-03-01 08:08:26.334860 (4132183) session_ INFO    Starting analysis session with session id 'session_0' (launcher: <local>) ...
2026-03-01 08:08:26.336703 (4132183) session_ INFO    Analysis session with session id 'session_0' started (pid: 4132209)
2026-03-01 08:08:27.416883 (4132183) session_ INFO    Analysis session 'session_0' connected to the console (host: 127.0.0.1:54566)
2026-03-01 08:08:30.704876 (4132183) lic__man INFO    Unclaim everything for 'session_0'.
2026-03-01 08:08:31.096051 (4132183) lic__man INFO    Claim 'fpv' for 'session_0'.
2026-03-01 08:08:31.096098 (4132183) lic__man INFO    Claim 'fpv' for 'session_0/prove-0'.
2026-03-01 08:08:36.178002 (4132183) lic__man INFO    Unclaim everything for 'session_0/prove-0'.
2026-03-01 08:08:36.201953 (4132183) main____ INFO    About to exit: request to exit with status 0 received from analysis session 'session_0'
2026-03-01 08:08:36.430035 (4132183) session_ INFO    Analysis session 'session_0' disconnected.
2026-03-01 08:08:36.430203 (4132183) lic__man INFO    Unclaim everything for 'session_0'.
2026-03-01 08:08:36.430493 (4132183) session_ INFO    Process for analysis session 'session_0' has exited with exit status '0'.
2026-03-01 08:08:38.332746 (4132208) stdio___ INFO    STDIN reader requested to stop.
2026-03-01 08:08:38.332808 (4132208) stdio___ INFO    STDIN reader stopped.
2026-03-01 08:08:38.333141 (4132183) lic_core INFO    (1) checkin jasper_interactive
2026-03-01 08:08:38.334837 (4132183) lic_core INFO    (3) checkin jasper_fao
2026-03-01 08:08:38.357055 (4132183) main____ INFO    Exiting with status 0.
