2026-03-02 10:55:22.956180 (579318) main____ INFO    ----------------------------------------
2026-03-02 10:55:22.956273 (579318) main____ INFO    Jasper version info
2026-03-02 10:55:22.956289 (579318) main____ INFO      tool      : Jasper 2023.12
2026-03-02 10:55:22.956304 (579318) main____ INFO      version   : 2023.12p001 64 bits
2026-03-02 10:55:22.956317 (579318) main____ INFO      build date: 2024.01.23 16:09:24 UTC
2026-03-02 10:55:22.956326 (579318) main____ INFO    ----------------------------------------
2026-03-02 10:55:22.956335 (579318) main____ INFO    Runtime info:
2026-03-02 10:55:22.956345 (579318) main____ INFO      platform  : Linux 4.18.0-553.89.1.el8_10.x86_64 x86_64
2026-03-02 10:55:22.956364 (579318) main____ INFO      hostname  : caddy12.stanford.edu
2026-03-02 10:55:22.956379 (579318) main____ INFO      pid       : 579318
2026-03-02 10:55:22.956389 (579318) main____ INFO      arguments : '-style' 'windows' '-allow_unsupported_OS' '-no_gui' '-fpv' './synthlc/i_ADDI_out/xPairwiseDepDiv/nunv_anytwo_8_.tcl' '-proj' './synthlc/i_ADDI_out/xPairwiseDepDiv/nunv_anytwo_8_jgsession_26-03-02-10_55_22'
2026-03-02 10:55:22.956405 (579318) main____ INFO      locale    : UTF-8
2026-03-02 10:55:22.956415 (579318) main____ INFO    ----------------------------------------
2026-03-02 10:55:22.956424 (579318) main____ INFO    System resource limits info:
2026-03-02 10:55:22.956435 (579318) main____ INFO      virtual memory: unlimited
2026-03-02 10:55:22.956447 (579318) main____ INFO      cpu time      : unlimited
2026-03-02 10:55:22.956464 (579318) main____ INFO      processes     : 4096
2026-03-02 10:55:22.956483 (579318) main____ INFO      stack size    : 8388608 B
2026-03-02 10:55:22.956497 (579318) main____ INFO      core file size: 0 B
2026-03-02 10:55:22.956509 (579318) main____ INFO      open files    : 4096
2026-03-02 10:55:22.956520 (579318) main____ INFO      file size     : unlimited
2026-03-02 10:55:22.956530 (579318) main____ INFO    ----------------------------------------
2026-03-02 10:55:22.956538 (579318) main____ INFO    Memory statistics:
2026-03-02 10:55:22.956549 (579318) main____ INFO      total physical memory  : 98449088 kB
2026-03-02 10:55:22.956560 (579318) main____ INFO      free physical memory   : 84318880 kB
2026-03-02 10:55:22.956571 (579318) main____ INFO      committed address space: 12303972 kB
2026-03-02 10:55:22.956580 (579318) main____ INFO    ----------------------------------------
2026-03-02 10:55:22.957784 (579318) main____ INFO    Important environment variables:
2026-03-02 10:55:22.957808 (579318) main____ INFO      CDS_LIC_FILE       : '5280@cadlic0'
2026-03-02 10:55:22.957821 (579318) main____ INFO      DISPLAY            : 'localhost:12.0'
2026-03-02 10:55:22.957832 (579318) main____ INFO      JASPER_INSTALL_DIR : '/cad/cadence/jasper_2023.12p001'
2026-03-02 10:55:22.957843 (579318) main____ INFO      JASPER_KERNEL_CHECK: '1'
2026-03-02 10:55:22.957854 (579318) main____ INFO      JASPER_OS_CHECK    : '0'
2026-03-02 10:55:22.957866 (579318) main____ INFO      LANG               : 'zh_TW.UTF-8'
2026-03-02 10:55:22.957875 (579318) main____ INFO    ----------------------------------------
2026-03-02 10:55:22.969809 (579318) lic_core INFO    Initializing license system ...
2026-03-02 10:55:22.972249 (579318) lic_core INFO    ... license system initialized.
2026-03-02 10:55:23.004732 (579318) lic__man INFO    Claim 'main' for <ui>.
2026-03-02 10:55:23.004799 (579318) lic_core INFO    (1) checking out 'jasper_interactive' ...
2026-03-02 10:55:23.017906 (579318) lic_core INFO    ... (1) checkout succeeded
2026-03-02 10:55:23.018031 (579318) lic__man INFO    Claim 'fpv' for <ui>.
2026-03-02 10:55:23.018060 (579318) lic_core INFO    (2) checking out 'jasper_fpv' ...
2026-03-02 10:55:23.086186 (579318) lic_core INFO    ... (2) checkout failed (error: -5) ("FLEXnet ERROR(-5, 0, 0): No such feature exists.")
2026-03-02 10:55:23.086247 (579318) lic_core INFO    (3) checking out 'jasper_fao' ...
2026-03-02 10:55:23.097323 (579318) lic_core INFO    ... (3) checkout succeeded
2026-03-02 10:55:23.099428 (579318) main____ INFO    Tool inactivity delay is 480000 ms.
2026-03-02 10:55:23.101880 (579346) stdio___ INFO    Starting STDIN reader (tty: yes, tty name: '/dev/pts/0')
2026-03-02 10:55:23.220805 (579318) session_ INFO    Starting analysis session with session id 'session_0' (launcher: <local>) ...
2026-03-02 10:55:23.222755 (579318) session_ INFO    Analysis session with session id 'session_0' started (pid: 579347)
2026-03-02 10:55:24.955201 (579318) session_ INFO    Analysis session 'session_0' connected to the console (host: 127.0.0.1:52042)
2026-03-02 10:55:29.752734 (579318) lic__man INFO    Unclaim everything for 'session_0'.
2026-03-02 10:55:30.110247 (579318) lic__man INFO    Claim 'fpv' for 'session_0'.
2026-03-02 10:55:30.110296 (579318) lic__man INFO    Claim 'fpv' for 'session_0/prove-0'.
2026-03-02 10:55:32.021996 (579318) lic__man INFO    Unclaim everything for 'session_0/prove-0'.
2026-03-02 10:55:32.074967 (579318) main____ INFO    About to exit: request to exit with status 0 received from analysis session 'session_0'
2026-03-02 10:55:32.354979 (579318) session_ INFO    Analysis session 'session_0' disconnected.
2026-03-02 10:55:32.355115 (579318) lic__man INFO    Unclaim everything for 'session_0'.
2026-03-02 10:55:32.355291 (579318) session_ INFO    Process for analysis session 'session_0' has exited with exit status '0'.
2026-03-02 10:55:33.992600 (579346) stdio___ INFO    STDIN reader requested to stop.
2026-03-02 10:55:33.992644 (579346) stdio___ INFO    STDIN reader stopped.
2026-03-02 10:55:33.992958 (579318) lic_core INFO    (1) checkin jasper_interactive
2026-03-02 10:55:34.003900 (579318) lic_core INFO    (3) checkin jasper_fao
2026-03-02 10:55:34.020945 (579318) main____ INFO    Exiting with status 0.
