2026-02-27 12:45:08.739129 (3057779) main____ INFO    ----------------------------------------
2026-02-27 12:45:08.739204 (3057779) main____ INFO    Jasper version info
2026-02-27 12:45:08.739220 (3057779) main____ INFO      tool      : Jasper 2023.12
2026-02-27 12:45:08.739235 (3057779) main____ INFO      version   : 2023.12p001 64 bits
2026-02-27 12:45:08.739248 (3057779) main____ INFO      build date: 2024.01.23 16:09:24 UTC
2026-02-27 12:45:08.739259 (3057779) main____ INFO    ----------------------------------------
2026-02-27 12:45:08.739269 (3057779) main____ INFO    Runtime info:
2026-02-27 12:45:08.739280 (3057779) main____ INFO      platform  : Linux 4.18.0-553.89.1.el8_10.x86_64 x86_64
2026-02-27 12:45:08.739297 (3057779) main____ INFO      hostname  : caddy12.stanford.edu
2026-02-27 12:45:08.739312 (3057779) main____ INFO      pid       : 3057779
2026-02-27 12:45:08.739323 (3057779) main____ INFO      arguments : '-style' 'windows' '-allow_unsupported_OS' '-no_gui' '-fpv' './synthlc/i_MUL_out/xPairwiseDepDiv/exclusive_6_.tcl' '-proj' './synthlc/i_MUL_out/xPairwiseDepDiv/exclusive_6_jgsession_26-02-27-12_45_08'
2026-02-27 12:45:08.739339 (3057779) main____ INFO      locale    : UTF-8
2026-02-27 12:45:08.739349 (3057779) main____ INFO    ----------------------------------------
2026-02-27 12:45:08.739359 (3057779) main____ INFO    System resource limits info:
2026-02-27 12:45:08.739372 (3057779) main____ INFO      virtual memory: unlimited
2026-02-27 12:45:08.739384 (3057779) main____ INFO      cpu time      : unlimited
2026-02-27 12:45:08.739401 (3057779) main____ INFO      processes     : 4096
2026-02-27 12:45:08.739419 (3057779) main____ INFO      stack size    : 8388608 B
2026-02-27 12:45:08.740320 (3057779) main____ INFO      core file size: 0 B
2026-02-27 12:45:08.740334 (3057779) main____ INFO      open files    : 4096
2026-02-27 12:45:08.740346 (3057779) main____ INFO      file size     : unlimited
2026-02-27 12:45:08.740356 (3057779) main____ INFO    ----------------------------------------
2026-02-27 12:45:08.740366 (3057779) main____ INFO    Memory statistics:
2026-02-27 12:45:08.740378 (3057779) main____ INFO      total physical memory  : 98449088 kB
2026-02-27 12:45:08.740389 (3057779) main____ INFO      free physical memory   : 79302072 kB
2026-02-27 12:45:08.740401 (3057779) main____ INFO      committed address space: 1946572 kB
2026-02-27 12:45:08.740411 (3057779) main____ INFO    ----------------------------------------
2026-02-27 12:45:08.741561 (3057779) main____ INFO    Important environment variables:
2026-02-27 12:45:08.742108 (3057779) main____ INFO      CDS_LIC_FILE       : '5280@cadlic0'
2026-02-27 12:45:08.742123 (3057779) main____ INFO      DISPLAY            : 'localhost:12.0'
2026-02-27 12:45:08.742135 (3057779) main____ INFO      JASPER_INSTALL_DIR : '/cad/cadence/jasper_2023.12p001'
2026-02-27 12:45:08.742148 (3057779) main____ INFO      JASPER_KERNEL_CHECK: '1'
2026-02-27 12:45:08.742160 (3057779) main____ INFO      JASPER_OS_CHECK    : '0'
2026-02-27 12:45:08.742173 (3057779) main____ INFO      LANG               : 'zh_TW.UTF-8'
2026-02-27 12:45:08.742183 (3057779) main____ INFO    ----------------------------------------
2026-02-27 12:45:08.743388 (3057779) lic_core INFO    Initializing license system ...
2026-02-27 12:45:08.745821 (3057779) lic_core INFO    ... license system initialized.
2026-02-27 12:45:08.757812 (3057779) lic__man INFO    Claim 'main' for <ui>.
2026-02-27 12:45:08.757864 (3057779) lic_core INFO    (1) checking out 'jasper_interactive' ...
2026-02-27 12:45:08.770410 (3057779) lic_core INFO    ... (1) checkout succeeded
2026-02-27 12:45:08.770475 (3057779) lic__man INFO    Claim 'fpv' for <ui>.
2026-02-27 12:45:08.770499 (3057779) lic_core INFO    (2) checking out 'jasper_fpv' ...
2026-02-27 12:45:08.774431 (3057779) lic_core INFO    ... (2) checkout failed (error: -5) ("FLEXnet ERROR(-5, 0, 0): No such feature exists.")
2026-02-27 12:45:08.774473 (3057779) lic_core INFO    (3) checking out 'jasper_fao' ...
2026-02-27 12:45:08.785502 (3057779) lic_core INFO    ... (3) checkout succeeded
2026-02-27 12:45:08.786387 (3057792) stdio___ INFO    Starting STDIN reader (tty: yes, tty name: '/dev/pts/0')
2026-02-27 12:45:08.786780 (3057779) main____ INFO    Tool inactivity delay is 480000 ms.
2026-02-27 12:45:08.828182 (3057779) session_ INFO    Starting analysis session with session id 'session_0' (launcher: <local>) ...
2026-02-27 12:45:08.830184 (3057779) session_ INFO    Analysis session with session id 'session_0' started (pid: 3057794)
2026-02-27 12:45:09.906839 (3057779) session_ INFO    Analysis session 'session_0' connected to the console (host: 127.0.0.1:43040)
2026-02-27 12:45:12.959013 (3057779) lic__man INFO    Unclaim everything for 'session_0'.
2026-02-27 12:45:13.166626 (3057779) lic__man INFO    Claim 'fpv' for 'session_0'.
2026-02-27 12:45:13.166684 (3057779) lic__man INFO    Claim 'fpv' for 'session_0/prove-0'.
2026-02-27 12:45:14.511106 (3057779) lic__man INFO    Unclaim everything for 'session_0/prove-0'.
2026-02-27 12:45:14.552798 (3057779) main____ INFO    About to exit: request to exit with status 0 received from analysis session 'session_0'
2026-02-27 12:45:14.699030 (3057779) session_ INFO    Analysis session 'session_0' disconnected.
2026-02-27 12:45:14.699223 (3057779) lic__man INFO    Unclaim everything for 'session_0'.
2026-02-27 12:45:14.699400 (3057779) session_ INFO    Process for analysis session 'session_0' has exited with exit status '0'.
2026-02-27 12:45:16.459536 (3057792) stdio___ INFO    STDIN reader requested to stop.
2026-02-27 12:45:16.459598 (3057792) stdio___ INFO    STDIN reader stopped.
2026-02-27 12:45:16.459842 (3057779) lic_core INFO    (1) checkin jasper_interactive
2026-02-27 12:45:16.462055 (3057779) lic_core INFO    (3) checkin jasper_fao
2026-02-27 12:45:16.464101 (3057779) main____ INFO    Exiting with status 0.
