2026-02-26 03:23:02.566263 (3679697) main____ INFO    ----------------------------------------
2026-02-26 03:23:02.566365 (3679697) main____ INFO    Jasper version info
2026-02-26 03:23:02.566390 (3679697) main____ INFO      tool      : Jasper 2023.12
2026-02-26 03:23:02.566406 (3679697) main____ INFO      version   : 2023.12p001 64 bits
2026-02-26 03:23:02.566419 (3679697) main____ INFO      build date: 2024.01.23 16:09:24 UTC
2026-02-26 03:23:02.566429 (3679697) main____ INFO    ----------------------------------------
2026-02-26 03:23:02.566438 (3679697) main____ INFO    Runtime info:
2026-02-26 03:23:02.566449 (3679697) main____ INFO      platform  : Linux 4.18.0-553.89.1.el8_10.x86_64 x86_64
2026-02-26 03:23:02.566468 (3679697) main____ INFO      hostname  : caddy15.stanford.edu
2026-02-26 03:23:02.566484 (3679697) main____ INFO      pid       : 3679697
2026-02-26 03:23:02.566494 (3679697) main____ INFO      arguments : '-style' 'windows' '-allow_unsupported_OS' '-no_gui' '-fpv' './synthlc/i_ADDI_out/xPairwiseDepDiv/nunv_anytwo_199_.tcl' '-proj' './synthlc/i_ADDI_out/xPairwiseDepDiv/nunv_anytwo_199_jgsession_26-02-26-03_23_02'
2026-02-26 03:23:02.566512 (3679697) main____ INFO      locale    : UTF-8
2026-02-26 03:23:02.566521 (3679697) main____ INFO    ----------------------------------------
2026-02-26 03:23:02.566531 (3679697) main____ INFO    System resource limits info:
2026-02-26 03:23:02.566543 (3679697) main____ INFO      virtual memory: unlimited
2026-02-26 03:23:02.566555 (3679697) main____ INFO      cpu time      : unlimited
2026-02-26 03:23:02.566573 (3679697) main____ INFO      processes     : 4096
2026-02-26 03:23:02.566594 (3679697) main____ INFO      stack size    : 8388608 B
2026-02-26 03:23:02.566608 (3679697) main____ INFO      core file size: 0 B
2026-02-26 03:23:02.566620 (3679697) main____ INFO      open files    : 4096
2026-02-26 03:23:02.566632 (3679697) main____ INFO      file size     : unlimited
2026-02-26 03:23:02.566642 (3679697) main____ INFO    ----------------------------------------
2026-02-26 03:23:02.566651 (3679697) main____ INFO    Memory statistics:
2026-02-26 03:23:02.566662 (3679697) main____ INFO      total physical memory  : 98449092 kB
2026-02-26 03:23:02.566673 (3679697) main____ INFO      free physical memory   : 76202032 kB
2026-02-26 03:23:02.566685 (3679697) main____ INFO      committed address space: 7461644 kB
2026-02-26 03:23:02.566694 (3679697) main____ INFO    ----------------------------------------
2026-02-26 03:23:02.567849 (3679697) main____ INFO    Important environment variables:
2026-02-26 03:23:02.567873 (3679697) main____ INFO      CDS_LIC_FILE       : '5280@cadlic0'
2026-02-26 03:23:02.567886 (3679697) main____ INFO      JASPER_INSTALL_DIR : '/cad/cadence/jasper_2023.12p001'
2026-02-26 03:23:02.567897 (3679697) main____ INFO      JASPER_KERNEL_CHECK: '1'
2026-02-26 03:23:02.567909 (3679697) main____ INFO      JASPER_OS_CHECK    : '0'
2026-02-26 03:23:02.567921 (3679697) main____ INFO      LANG               : 'en_US.UTF-8'
2026-02-26 03:23:02.567931 (3679697) main____ INFO    ----------------------------------------
2026-02-26 03:23:02.569540 (3679697) lic_core INFO    Initializing license system ...
2026-02-26 03:23:02.589651 (3679697) lic_core INFO    ... license system initialized.
2026-02-26 03:23:02.615574 (3679697) lic__man INFO    Claim 'main' for <ui>.
2026-02-26 03:23:02.615639 (3679697) lic_core INFO    (1) checking out 'jasper_interactive' ...
2026-02-26 03:23:02.628427 (3679697) lic_core INFO    ... (1) checkout succeeded
2026-02-26 03:23:02.628523 (3679697) lic__man INFO    Claim 'fpv' for <ui>.
2026-02-26 03:23:02.628551 (3679697) lic_core INFO    (2) checking out 'jasper_fpv' ...
2026-02-26 03:23:02.651811 (3679697) lic_core INFO    ... (2) checkout failed (error: -5) ("FLEXnet ERROR(-5, 0, 0): No such feature exists.")
2026-02-26 03:23:02.651869 (3679697) lic_core INFO    (3) checking out 'jasper_fao' ...
2026-02-26 03:23:02.668895 (3679697) lic_core INFO    ... (3) checkout succeeded
2026-02-26 03:23:02.673173 (3679697) main____ INFO    Tool inactivity delay is 480000 ms.
2026-02-26 03:23:02.673493 (3679708) stdio___ INFO    Starting STDIN reader (tty: yes, tty name: '/dev/pts/0')
2026-02-26 03:23:02.834871 (3679697) session_ INFO    Starting analysis session with session id 'session_0' (launcher: <local>) ...
2026-02-26 03:23:02.836903 (3679697) session_ INFO    Analysis session with session id 'session_0' started (pid: 3679709)
2026-02-26 03:23:04.264939 (3679697) session_ INFO    Analysis session 'session_0' connected to the console (host: 127.0.0.1:50106)
2026-02-26 03:23:12.784630 (3679697) lic__man INFO    Unclaim everything for 'session_0'.
2026-02-26 03:23:13.216740 (3679697) lic__man INFO    Claim 'fpv' for 'session_0'.
2026-02-26 03:23:13.216784 (3679697) lic__man INFO    Claim 'fpv' for 'session_0/prove-0'.
2026-02-26 03:23:17.941193 (3679697) lic__man INFO    Unclaim everything for 'session_0/prove-0'.
2026-02-26 03:23:18.017859 (3679697) main____ INFO    About to exit: request to exit with status 0 received from analysis session 'session_0'
2026-02-26 03:23:18.447665 (3679697) session_ INFO    Analysis session 'session_0' disconnected.
2026-02-26 03:23:18.447827 (3679697) lic__man INFO    Unclaim everything for 'session_0'.
2026-02-26 03:23:18.448022 (3679697) session_ INFO    Process for analysis session 'session_0' has exited with exit status '0'.
2026-02-26 03:23:19.940424 (3679708) stdio___ INFO    STDIN reader requested to stop.
2026-02-26 03:23:19.940486 (3679708) stdio___ INFO    STDIN reader stopped.
2026-02-26 03:23:19.940827 (3679697) lic_core INFO    (1) checkin jasper_interactive
2026-02-26 03:23:19.948546 (3679697) lic_core INFO    (3) checkin jasper_fao
2026-02-26 03:23:19.950657 (3679697) main____ INFO    Exiting with status 0.
