2026-02-26 04:27:11.615970 (3730243) main____ INFO    ----------------------------------------
2026-02-26 04:27:11.616080 (3730243) main____ INFO    Jasper version info
2026-02-26 04:27:11.616098 (3730243) main____ INFO      tool      : Jasper 2023.12
2026-02-26 04:27:11.616115 (3730243) main____ INFO      version   : 2023.12p001 64 bits
2026-02-26 04:27:11.616131 (3730243) main____ INFO      build date: 2024.01.23 16:09:24 UTC
2026-02-26 04:27:11.616142 (3730243) main____ INFO    ----------------------------------------
2026-02-26 04:27:11.616152 (3730243) main____ INFO    Runtime info:
2026-02-26 04:27:11.616164 (3730243) main____ INFO      platform  : Linux 4.18.0-553.89.1.el8_10.x86_64 x86_64
2026-02-26 04:27:11.616185 (3730243) main____ INFO      hostname  : caddy15.stanford.edu
2026-02-26 04:27:11.616203 (3730243) main____ INFO      pid       : 3730243
2026-02-26 04:27:11.616215 (3730243) main____ INFO      arguments : '-style' 'windows' '-allow_unsupported_OS' '-no_gui' '-fpv' './synthlc/i_ADDI_out/xPairwiseDepDiv/nunv_anytwo_249_.tcl' '-proj' './synthlc/i_ADDI_out/xPairwiseDepDiv/nunv_anytwo_249_jgsession_26-02-26-04_27_10'
2026-02-26 04:27:11.616234 (3730243) main____ INFO      locale    : UTF-8
2026-02-26 04:27:11.616245 (3730243) main____ INFO    ----------------------------------------
2026-02-26 04:27:11.616255 (3730243) main____ INFO    System resource limits info:
2026-02-26 04:27:11.616269 (3730243) main____ INFO      virtual memory: unlimited
2026-02-26 04:27:11.616283 (3730243) main____ INFO      cpu time      : unlimited
2026-02-26 04:27:11.616320 (3730243) main____ INFO      processes     : 4096
2026-02-26 04:27:11.616343 (3730243) main____ INFO      stack size    : 8388608 B
2026-02-26 04:27:11.616359 (3730243) main____ INFO      core file size: 0 B
2026-02-26 04:27:11.616374 (3730243) main____ INFO      open files    : 4096
2026-02-26 04:27:11.616387 (3730243) main____ INFO      file size     : unlimited
2026-02-26 04:27:11.616398 (3730243) main____ INFO    ----------------------------------------
2026-02-26 04:27:11.616408 (3730243) main____ INFO    Memory statistics:
2026-02-26 04:27:11.616421 (3730243) main____ INFO      total physical memory  : 98449092 kB
2026-02-26 04:27:11.616434 (3730243) main____ INFO      free physical memory   : 67282596 kB
2026-02-26 04:27:11.616447 (3730243) main____ INFO      committed address space: 17144704 kB
2026-02-26 04:27:11.616458 (3730243) main____ INFO    ----------------------------------------
2026-02-26 04:27:11.617645 (3730243) main____ INFO    Important environment variables:
2026-02-26 04:27:11.617673 (3730243) main____ INFO      CDS_LIC_FILE       : '5280@cadlic0'
2026-02-26 04:27:11.617687 (3730243) main____ INFO      JASPER_INSTALL_DIR : '/cad/cadence/jasper_2023.12p001'
2026-02-26 04:27:11.617701 (3730243) main____ INFO      JASPER_KERNEL_CHECK: '1'
2026-02-26 04:27:11.617715 (3730243) main____ INFO      JASPER_OS_CHECK    : '0'
2026-02-26 04:27:11.617728 (3730243) main____ INFO      LANG               : 'en_US.UTF-8'
2026-02-26 04:27:11.617739 (3730243) main____ INFO    ----------------------------------------
2026-02-26 04:27:11.628535 (3730243) lic_core INFO    Initializing license system ...
2026-02-26 04:27:11.663347 (3730243) lic_core INFO    ... license system initialized.
2026-02-26 04:27:11.830411 (3730243) lic__man INFO    Claim 'main' for <ui>.
2026-02-26 04:27:11.830488 (3730243) lic_core INFO    (1) checking out 'jasper_interactive' ...
2026-02-26 04:27:11.919597 (3730243) lic_core INFO    ... (1) checkout succeeded
2026-02-26 04:27:11.919703 (3730243) lic__man INFO    Claim 'fpv' for <ui>.
2026-02-26 04:27:11.919730 (3730243) lic_core INFO    (2) checking out 'jasper_fpv' ...
2026-02-26 04:27:11.971174 (3730243) lic_core INFO    ... (2) checkout failed (error: -5) ("FLEXnet ERROR(-5, 0, 0): No such feature exists.")
2026-02-26 04:27:11.971238 (3730243) lic_core INFO    (3) checking out 'jasper_fao' ...
2026-02-26 04:27:12.030764 (3730243) lic_core INFO    ... (3) checkout succeeded
2026-02-26 04:27:12.037315 (3730243) main____ INFO    Tool inactivity delay is 480000 ms.
2026-02-26 04:27:12.045589 (3730254) stdio___ INFO    Starting STDIN reader (tty: yes, tty name: '/dev/pts/0')
2026-02-26 04:27:12.406514 (3730243) session_ INFO    Starting analysis session with session id 'session_0' (launcher: <local>) ...
2026-02-26 04:27:12.408628 (3730243) session_ INFO    Analysis session with session id 'session_0' started (pid: 3730256)
2026-02-26 04:27:16.084754 (3730243) session_ INFO    Analysis session 'session_0' connected to the console (host: 127.0.0.1:54092)
2026-02-26 04:27:24.771437 (3730243) lic__man INFO    Unclaim everything for 'session_0'.
2026-02-26 04:27:25.383788 (3730243) lic__man INFO    Claim 'fpv' for 'session_0'.
2026-02-26 04:27:25.383842 (3730243) lic__man INFO    Claim 'fpv' for 'session_0/prove-0'.
2026-02-26 04:27:28.446742 (3730243) lic__man INFO    Unclaim everything for 'session_0/prove-0'.
2026-02-26 04:27:28.488651 (3730243) main____ INFO    About to exit: request to exit with status 0 received from analysis session 'session_0'
2026-02-26 04:27:29.060955 (3730243) session_ INFO    Analysis session 'session_0' disconnected.
2026-02-26 04:27:29.061122 (3730243) lic__man INFO    Unclaim everything for 'session_0'.
2026-02-26 04:27:29.072729 (3730243) session_ INFO    Process for analysis session 'session_0' has exited with exit status '0'.
2026-02-26 04:27:30.436434 (3730254) stdio___ INFO    STDIN reader requested to stop.
2026-02-26 04:27:30.436500 (3730254) stdio___ INFO    STDIN reader stopped.
2026-02-26 04:27:30.437596 (3730243) lic_core INFO    (1) checkin jasper_interactive
2026-02-26 04:27:30.439490 (3730243) lic_core INFO    (3) checkin jasper_fao
2026-02-26 04:27:30.473421 (3730243) main____ INFO    Exiting with status 0.
