2026-02-28 22:27:07.667846 (1015289) main____ INFO    ----------------------------------------
2026-02-28 22:27:07.667949 (1015289) main____ INFO    Jasper version info
2026-02-28 22:27:07.667981 (1015289) main____ INFO      tool      : Jasper 2023.12
2026-02-28 22:27:07.667996 (1015289) main____ INFO      version   : 2023.12p001 64 bits
2026-02-28 22:27:07.668016 (1015289) main____ INFO      build date: 2024.01.23 16:09:24 UTC
2026-02-28 22:27:07.668026 (1015289) main____ INFO    ----------------------------------------
2026-02-28 22:27:07.668044 (1015289) main____ INFO    Runtime info:
2026-02-28 22:27:07.668054 (1015289) main____ INFO      platform  : Linux 4.18.0-553.89.1.el8_10.x86_64 x86_64
2026-02-28 22:27:07.668080 (1015289) main____ INFO      hostname  : caddy15.stanford.edu
2026-02-28 22:27:07.668103 (1015289) main____ INFO      pid       : 1015289
2026-02-28 22:27:07.668115 (1015289) main____ INFO      arguments : '-style' 'windows' '-allow_unsupported_OS' '-no_gui' '-fpv' './synthlc/i_BEQ_out/xCoverAPerflocDiv/2_.tcl' '-proj' './synthlc/i_BEQ_out/xCoverAPerflocDiv/2_jgsession_26-02-28-22_27_07'
2026-02-28 22:27:07.668138 (1015289) main____ INFO      locale    : UTF-8
2026-02-28 22:27:07.668155 (1015289) main____ INFO    ----------------------------------------
2026-02-28 22:27:07.668165 (1015289) main____ INFO    System resource limits info:
2026-02-28 22:27:07.668184 (1015289) main____ INFO      virtual memory: unlimited
2026-02-28 22:27:07.668197 (1015289) main____ INFO      cpu time      : unlimited
2026-02-28 22:27:07.668221 (1015289) main____ INFO      processes     : 4096
2026-02-28 22:27:07.668247 (1015289) main____ INFO      stack size    : 8388608 B
2026-02-28 22:27:07.668262 (1015289) main____ INFO      core file size: 0 B
2026-02-28 22:27:07.668282 (1015289) main____ INFO      open files    : 4096
2026-02-28 22:27:07.668314 (1015289) main____ INFO      file size     : unlimited
2026-02-28 22:27:07.668332 (1015289) main____ INFO    ----------------------------------------
2026-02-28 22:27:07.668342 (1015289) main____ INFO    Memory statistics:
2026-02-28 22:27:07.668353 (1015289) main____ INFO      total physical memory  : 98449092 kB
2026-02-28 22:27:07.668364 (1015289) main____ INFO      free physical memory   : 80193300 kB
2026-02-28 22:27:07.668375 (1015289) main____ INFO      committed address space: 1387212 kB
2026-02-28 22:27:07.668385 (1015289) main____ INFO    ----------------------------------------
2026-02-28 22:27:07.669955 (1015289) main____ INFO    Important environment variables:
2026-02-28 22:27:07.669996 (1015289) main____ INFO      CDS_LIC_FILE       : '5280@cadlic0'
2026-02-28 22:27:07.670009 (1015289) main____ INFO      JASPER_INSTALL_DIR : '/cad/cadence/jasper_2023.12p001'
2026-02-28 22:27:07.670029 (1015289) main____ INFO      JASPER_KERNEL_CHECK: '1'
2026-02-28 22:27:07.670048 (1015289) main____ INFO      JASPER_OS_CHECK    : '0'
2026-02-28 22:27:07.670061 (1015289) main____ INFO      LANG               : 'en_US.UTF-8'
2026-02-28 22:27:07.670078 (1015289) main____ INFO    ----------------------------------------
2026-02-28 22:27:07.671598 (1015289) lic_core INFO    Initializing license system ...
2026-02-28 22:27:07.674478 (1015289) lic_core INFO    ... license system initialized.
2026-02-28 22:27:07.728558 (1015289) lic__man INFO    Claim 'main' for <ui>.
2026-02-28 22:27:07.728603 (1015289) lic_core INFO    (1) checking out 'jasper_interactive' ...
2026-02-28 22:27:07.741526 (1015289) lic_core INFO    ... (1) checkout succeeded
2026-02-28 22:27:07.741589 (1015289) lic__man INFO    Claim 'fpv' for <ui>.
2026-02-28 22:27:07.741611 (1015289) lic_core INFO    (2) checking out 'jasper_fpv' ...
2026-02-28 22:27:07.745596 (1015289) lic_core INFO    ... (2) checkout failed (error: -5) ("FLEXnet ERROR(-5, 0, 0): No such feature exists.")
2026-02-28 22:27:07.745628 (1015289) lic_core INFO    (3) checking out 'jasper_fao' ...
2026-02-28 22:27:07.756288 (1015289) lic_core INFO    ... (3) checkout succeeded
2026-02-28 22:27:07.757218 (1015308) stdio___ INFO    Starting STDIN reader (tty: yes, tty name: '/dev/pts/0')
2026-02-28 22:27:07.757380 (1015289) main____ INFO    Tool inactivity delay is 480000 ms.
2026-02-28 22:27:07.878240 (1015289) session_ INFO    Starting analysis session with session id 'session_0' (launcher: <local>) ...
2026-02-28 22:27:07.880186 (1015289) session_ INFO    Analysis session with session id 'session_0' started (pid: 1015309)
2026-02-28 22:27:09.013238 (1015289) session_ INFO    Analysis session 'session_0' connected to the console (host: 127.0.0.1:43140)
2026-02-28 22:27:12.301172 (1015289) lic__man INFO    Unclaim everything for 'session_0'.
2026-02-28 22:42:16.509621 (1015289) lic__man INFO    Unclaim everything for 'session_0/prove-0'.
2026-02-28 22:42:16.555496 (1015289) main____ INFO    About to exit: request to exit with status 0 received from analysis session 'session_0'
2026-02-28 22:42:16.674991 (1015289) session_ INFO    Analysis session 'session_0' disconnected.
2026-02-28 22:42:16.675112 (1015289) lic__man INFO    Unclaim everything for 'session_0'.
2026-02-28 22:42:16.728251 (1015289) session_ INFO    Process for analysis session 'session_0' has exited with exit status '0'.
2026-02-28 22:42:18.462489 (1015308) stdio___ INFO    STDIN reader requested to stop.
2026-02-28 22:42:18.462533 (1015308) stdio___ INFO    STDIN reader stopped.
2026-02-28 22:42:18.462730 (1015289) lic_core INFO    (1) checkin jasper_interactive
2026-02-28 22:42:18.463781 (1015289) lic_core INFO    (3) checkin jasper_fao
2026-02-28 22:42:18.464684 (1015289) main____ INFO    Exiting with status 0.
