2026-02-27 15:56:14.243641 (3175349) main____ INFO    ----------------------------------------
2026-02-27 15:56:14.243733 (3175349) main____ INFO    Jasper version info
2026-02-27 15:56:14.243749 (3175349) main____ INFO      tool      : Jasper 2023.12
2026-02-27 15:56:14.243764 (3175349) main____ INFO      version   : 2023.12p001 64 bits
2026-02-27 15:56:14.243777 (3175349) main____ INFO      build date: 2024.01.23 16:09:24 UTC
2026-02-27 15:56:14.243788 (3175349) main____ INFO    ----------------------------------------
2026-02-27 15:56:14.243798 (3175349) main____ INFO    Runtime info:
2026-02-27 15:56:14.243810 (3175349) main____ INFO      platform  : Linux 4.18.0-553.89.1.el8_10.x86_64 x86_64
2026-02-27 15:56:14.243826 (3175349) main____ INFO      hostname  : caddy12.stanford.edu
2026-02-27 15:56:14.243841 (3175349) main____ INFO      pid       : 3175349
2026-02-27 15:56:14.243853 (3175349) main____ INFO      arguments : '-style' 'windows' '-allow_unsupported_OS' '-no_gui' '-fpv' './synthlc/i_DIV_out/xPerfLocSubsetDiv/coverset_60_.tcl' '-proj' './synthlc/i_DIV_out/xPerfLocSubsetDiv/coverset_60_jgsession_26-02-27-15_56_14'
2026-02-27 15:56:14.243869 (3175349) main____ INFO      locale    : UTF-8
2026-02-27 15:56:14.243880 (3175349) main____ INFO    ----------------------------------------
2026-02-27 15:56:14.243890 (3175349) main____ INFO    System resource limits info:
2026-02-27 15:56:14.243902 (3175349) main____ INFO      virtual memory: unlimited
2026-02-27 15:56:14.243915 (3175349) main____ INFO      cpu time      : unlimited
2026-02-27 15:56:14.243932 (3175349) main____ INFO      processes     : 4096
2026-02-27 15:56:14.243950 (3175349) main____ INFO      stack size    : 8388608 B
2026-02-27 15:56:14.243965 (3175349) main____ INFO      core file size: 0 B
2026-02-27 15:56:14.243978 (3175349) main____ INFO      open files    : 4096
2026-02-27 15:56:14.252829 (3175349) main____ INFO      file size     : unlimited
2026-02-27 15:56:14.252871 (3175349) main____ INFO    ----------------------------------------
2026-02-27 15:56:14.252899 (3175349) main____ INFO    Memory statistics:
2026-02-27 15:56:14.252931 (3175349) main____ INFO      total physical memory  : 98449088 kB
2026-02-27 15:56:14.252962 (3175349) main____ INFO      free physical memory   : 78907268 kB
2026-02-27 15:56:14.252994 (3175349) main____ INFO      committed address space: 2221252 kB
2026-02-27 15:56:14.253022 (3175349) main____ INFO    ----------------------------------------
2026-02-27 15:56:14.254266 (3175349) main____ INFO    Important environment variables:
2026-02-27 15:56:14.262420 (3175349) main____ INFO      CDS_LIC_FILE       : '5280@cadlic0'
2026-02-27 15:56:14.262459 (3175349) main____ INFO      DISPLAY            : 'localhost:12.0'
2026-02-27 15:56:14.262493 (3175349) main____ INFO      JASPER_INSTALL_DIR : '/cad/cadence/jasper_2023.12p001'
2026-02-27 15:56:14.262523 (3175349) main____ INFO      JASPER_KERNEL_CHECK: '1'
2026-02-27 15:56:14.262536 (3175349) main____ INFO      JASPER_OS_CHECK    : '0'
2026-02-27 15:56:14.262548 (3175349) main____ INFO      LANG               : 'zh_TW.UTF-8'
2026-02-27 15:56:14.262559 (3175349) main____ INFO    ----------------------------------------
2026-02-27 15:56:14.263769 (3175349) lic_core INFO    Initializing license system ...
2026-02-27 15:56:14.273193 (3175349) lic_core INFO    ... license system initialized.
2026-02-27 15:56:14.332181 (3175349) lic__man INFO    Claim 'main' for <ui>.
2026-02-27 15:56:14.332244 (3175349) lic_core INFO    (1) checking out 'jasper_interactive' ...
2026-02-27 15:56:14.345028 (3175349) lic_core INFO    ... (1) checkout succeeded
2026-02-27 15:56:14.345103 (3175349) lic__man INFO    Claim 'fpv' for <ui>.
2026-02-27 15:56:14.345128 (3175349) lic_core INFO    (2) checking out 'jasper_fpv' ...
2026-02-27 15:56:14.348942 (3175349) lic_core INFO    ... (2) checkout failed (error: -5) ("FLEXnet ERROR(-5, 0, 0): No such feature exists.")
2026-02-27 15:56:14.350349 (3175349) lic_core INFO    (3) checking out 'jasper_fao' ...
2026-02-27 15:56:14.361440 (3175349) lic_core INFO    ... (3) checkout succeeded
2026-02-27 15:56:14.362596 (3175349) main____ INFO    Tool inactivity delay is 480000 ms.
2026-02-27 15:56:14.362709 (3175361) stdio___ INFO    Starting STDIN reader (tty: yes, tty name: '/dev/pts/0')
2026-02-27 15:56:14.493746 (3175349) session_ INFO    Starting analysis session with session id 'session_0' (launcher: <local>) ...
2026-02-27 15:56:14.495602 (3175349) session_ INFO    Analysis session with session id 'session_0' started (pid: 3175362)
2026-02-27 15:56:15.819948 (3175349) session_ INFO    Analysis session 'session_0' connected to the console (host: 127.0.0.1:58136)
2026-02-27 15:56:19.331607 (3175349) lic__man INFO    Unclaim everything for 'session_0'.
2026-02-27 15:56:19.552051 (3175349) lic__man INFO    Claim 'fpv' for 'session_0'.
2026-02-27 15:56:19.552094 (3175349) lic__man INFO    Claim 'fpv' for 'session_0/prove-0'.
2026-02-27 15:56:41.551984 (3175349) lic__man INFO    Unclaim everything for 'session_0/prove-0'.
2026-02-27 15:56:41.602783 (3175349) main____ INFO    About to exit: request to exit with status 0 received from analysis session 'session_0'
2026-02-27 15:56:41.803319 (3175349) session_ INFO    Analysis session 'session_0' disconnected.
2026-02-27 15:56:41.803460 (3175349) lic__man INFO    Unclaim everything for 'session_0'.
2026-02-27 15:56:41.805175 (3175349) session_ INFO    Process for analysis session 'session_0' has exited with exit status '0'.
2026-02-27 15:56:43.508942 (3175361) stdio___ INFO    STDIN reader requested to stop.
2026-02-27 15:56:43.509001 (3175361) stdio___ INFO    STDIN reader stopped.
2026-02-27 15:56:43.509197 (3175349) lic_core INFO    (1) checkin jasper_interactive
2026-02-27 15:56:43.510244 (3175349) lic_core INFO    (3) checkin jasper_fao
2026-02-27 15:56:43.520219 (3175349) main____ INFO    Exiting with status 0.
