2026-02-26 23:33:36.194384 (153776) main____ INFO    ----------------------------------------
2026-02-26 23:33:36.194446 (153776) main____ INFO    Jasper version info
2026-02-26 23:33:36.194461 (153776) main____ INFO      tool      : Jasper 2023.12
2026-02-26 23:33:36.194475 (153776) main____ INFO      version   : 2023.12p001 64 bits
2026-02-26 23:33:36.194488 (153776) main____ INFO      build date: 2024.01.23 16:09:24 UTC
2026-02-26 23:33:36.194498 (153776) main____ INFO    ----------------------------------------
2026-02-26 23:33:36.194507 (153776) main____ INFO    Runtime info:
2026-02-26 23:33:36.194517 (153776) main____ INFO      platform  : Linux 4.18.0-553.89.1.el8_10.x86_64 x86_64
2026-02-26 23:33:36.194533 (153776) main____ INFO      hostname  : caddy15.stanford.edu
2026-02-26 23:33:36.194548 (153776) main____ INFO      pid       : 153776
2026-02-26 23:33:36.194558 (153776) main____ INFO      arguments : '-style' 'windows' '-allow_unsupported_OS' '-no_gui' '-fpv' './synthlc/i_BEQ_out/xHBPerfG_dfg_v3_div/HB_361_.tcl' '-proj' './synthlc/i_BEQ_out/xHBPerfG_dfg_v3_div/HB_361_jgsession_26-02-26-23_33_36'
2026-02-26 23:33:36.194573 (153776) main____ INFO      locale    : UTF-8
2026-02-26 23:33:36.194583 (153776) main____ INFO    ----------------------------------------
2026-02-26 23:33:36.194592 (153776) main____ INFO    System resource limits info:
2026-02-26 23:33:36.194604 (153776) main____ INFO      virtual memory: unlimited
2026-02-26 23:33:36.194616 (153776) main____ INFO      cpu time      : unlimited
2026-02-26 23:33:36.194631 (153776) main____ INFO      processes     : 4096
2026-02-26 23:33:36.194650 (153776) main____ INFO      stack size    : 8388608 B
2026-02-26 23:33:36.194663 (153776) main____ INFO      core file size: 0 B
2026-02-26 23:33:36.194676 (153776) main____ INFO      open files    : 4096
2026-02-26 23:33:36.194688 (153776) main____ INFO      file size     : unlimited
2026-02-26 23:33:36.194698 (153776) main____ INFO    ----------------------------------------
2026-02-26 23:33:36.194707 (153776) main____ INFO    Memory statistics:
2026-02-26 23:33:36.194718 (153776) main____ INFO      total physical memory  : 98449092 kB
2026-02-26 23:33:36.194729 (153776) main____ INFO      free physical memory   : 81318148 kB
2026-02-26 23:33:36.194740 (153776) main____ INFO      committed address space: 1195396 kB
2026-02-26 23:33:36.194749 (153776) main____ INFO    ----------------------------------------
2026-02-26 23:33:36.195855 (153776) main____ INFO    Important environment variables:
2026-02-26 23:33:36.195876 (153776) main____ INFO      CDS_LIC_FILE       : '5280@cadlic0'
2026-02-26 23:33:36.195888 (153776) main____ INFO      JASPER_INSTALL_DIR : '/cad/cadence/jasper_2023.12p001'
2026-02-26 23:33:36.195900 (153776) main____ INFO      JASPER_KERNEL_CHECK: '1'
2026-02-26 23:33:36.195912 (153776) main____ INFO      JASPER_OS_CHECK    : '0'
2026-02-26 23:33:36.195924 (153776) main____ INFO      LANG               : 'en_US.UTF-8'
2026-02-26 23:33:36.195933 (153776) main____ INFO    ----------------------------------------
2026-02-26 23:33:36.197087 (153776) lic_core INFO    Initializing license system ...
2026-02-26 23:33:36.198689 (153776) lic_core INFO    ... license system initialized.
2026-02-26 23:33:36.210448 (153776) lic__man INFO    Claim 'main' for <ui>.
2026-02-26 23:33:36.210491 (153776) lic_core INFO    (1) checking out 'jasper_interactive' ...
2026-02-26 23:33:36.223554 (153776) lic_core INFO    ... (1) checkout succeeded
2026-02-26 23:33:36.223613 (153776) lic__man INFO    Claim 'fpv' for <ui>.
2026-02-26 23:33:36.223634 (153776) lic_core INFO    (2) checking out 'jasper_fpv' ...
2026-02-26 23:33:36.227762 (153776) lic_core INFO    ... (2) checkout failed (error: -5) ("FLEXnet ERROR(-5, 0, 0): No such feature exists.")
2026-02-26 23:33:36.227795 (153776) lic_core INFO    (3) checking out 'jasper_fao' ...
2026-02-26 23:33:36.239243 (153776) lic_core INFO    ... (3) checkout succeeded
2026-02-26 23:33:36.240214 (153797) stdio___ INFO    Starting STDIN reader (tty: yes, tty name: '/dev/pts/1')
2026-02-26 23:33:36.240390 (153776) main____ INFO    Tool inactivity delay is 480000 ms.
2026-02-26 23:33:36.282242 (153776) session_ INFO    Starting analysis session with session id 'session_0' (launcher: <local>) ...
2026-02-26 23:33:36.284074 (153776) session_ INFO    Analysis session with session id 'session_0' started (pid: 153799)
2026-02-26 23:33:37.386049 (153776) session_ INFO    Analysis session 'session_0' connected to the console (host: 127.0.0.1:46568)
2026-02-26 23:33:40.382966 (153776) lic__man INFO    Unclaim everything for 'session_0'.
2026-02-26 23:33:40.581591 (153776) lic__man INFO    Claim 'fpv' for 'session_0'.
2026-02-26 23:33:40.581627 (153776) lic__man INFO    Claim 'fpv' for 'session_0/prove-0'.
2026-02-26 23:33:41.513250 (153776) lic__man INFO    Unclaim everything for 'session_0/prove-0'.
2026-02-26 23:33:41.560481 (153776) main____ INFO    About to exit: request to exit with status 0 received from analysis session 'session_0'
2026-02-26 23:33:41.922963 (153776) session_ INFO    Analysis session 'session_0' disconnected.
2026-02-26 23:33:41.923184 (153776) lic__man INFO    Unclaim everything for 'session_0'.
2026-02-26 23:33:41.923444 (153776) session_ INFO    Process for analysis session 'session_0' has exited with exit status '0'.
2026-02-26 23:33:43.467589 (153797) stdio___ INFO    STDIN reader requested to stop.
2026-02-26 23:33:43.467625 (153797) stdio___ INFO    STDIN reader stopped.
2026-02-26 23:33:43.467853 (153776) lic_core INFO    (1) checkin jasper_interactive
2026-02-26 23:33:43.469334 (153776) lic_core INFO    (3) checkin jasper_fao
2026-02-26 23:33:43.470504 (153776) main____ INFO    Exiting with status 0.
