2026-03-01 07:54:27.916786 (4090813) main____ INFO    ----------------------------------------
2026-03-01 07:54:27.916855 (4090813) main____ INFO    Jasper version info
2026-03-01 07:54:27.916871 (4090813) main____ INFO      tool      : Jasper 2023.12
2026-03-01 07:54:27.916886 (4090813) main____ INFO      version   : 2023.12p001 64 bits
2026-03-01 07:54:27.916899 (4090813) main____ INFO      build date: 2024.01.23 16:09:24 UTC
2026-03-01 07:54:27.916910 (4090813) main____ INFO    ----------------------------------------
2026-03-01 07:54:27.916919 (4090813) main____ INFO    Runtime info:
2026-03-01 07:54:27.916931 (4090813) main____ INFO      platform  : Linux 4.18.0-553.89.1.el8_10.x86_64 x86_64
2026-03-01 07:54:27.916947 (4090813) main____ INFO      hostname  : caddy12.stanford.edu
2026-03-01 07:54:27.916962 (4090813) main____ INFO      pid       : 4090813
2026-03-01 07:54:27.916973 (4090813) main____ INFO      arguments : '-style' 'windows' '-allow_unsupported_OS' '-no_gui' '-fpv' './synthlc/i_LW_out/xPerfLocSubsetDiv/coverset_257_.tcl' '-proj' './synthlc/i_LW_out/xPerfLocSubsetDiv/coverset_257_jgsession_26-03-01-07_54_27'
2026-03-01 07:54:27.916989 (4090813) main____ INFO      locale    : UTF-8
2026-03-01 07:54:27.917000 (4090813) main____ INFO    ----------------------------------------
2026-03-01 07:54:27.917009 (4090813) main____ INFO    System resource limits info:
2026-03-01 07:54:27.917022 (4090813) main____ INFO      virtual memory: unlimited
2026-03-01 07:54:27.917035 (4090813) main____ INFO      cpu time      : unlimited
2026-03-01 07:54:27.917052 (4090813) main____ INFO      processes     : 4096
2026-03-01 07:54:27.917070 (4090813) main____ INFO      stack size    : 8388608 B
2026-03-01 07:54:27.917085 (4090813) main____ INFO      core file size: 0 B
2026-03-01 07:54:27.917098 (4090813) main____ INFO      open files    : 4096
2026-03-01 07:54:27.918148 (4090813) main____ INFO      file size     : unlimited
2026-03-01 07:54:27.918159 (4090813) main____ INFO    ----------------------------------------
2026-03-01 07:54:27.918169 (4090813) main____ INFO    Memory statistics:
2026-03-01 07:54:27.918182 (4090813) main____ INFO      total physical memory  : 98449088 kB
2026-03-01 07:54:27.918194 (4090813) main____ INFO      free physical memory   : 86679180 kB
2026-03-01 07:54:27.918206 (4090813) main____ INFO      committed address space: 7569596 kB
2026-03-01 07:54:27.918216 (4090813) main____ INFO    ----------------------------------------
2026-03-01 07:54:27.919368 (4090813) main____ INFO    Important environment variables:
2026-03-01 07:54:27.919871 (4090813) main____ INFO      CDS_LIC_FILE       : '5280@cadlic0'
2026-03-01 07:54:27.919885 (4090813) main____ INFO      DISPLAY            : 'localhost:12.0'
2026-03-01 07:54:27.919897 (4090813) main____ INFO      JASPER_INSTALL_DIR : '/cad/cadence/jasper_2023.12p001'
2026-03-01 07:54:27.919910 (4090813) main____ INFO      JASPER_KERNEL_CHECK: '1'
2026-03-01 07:54:27.919922 (4090813) main____ INFO      JASPER_OS_CHECK    : '0'
2026-03-01 07:54:27.919934 (4090813) main____ INFO      LANG               : 'zh_TW.UTF-8'
2026-03-01 07:54:27.919945 (4090813) main____ INFO    ----------------------------------------
2026-03-01 07:54:27.921094 (4090813) lic_core INFO    Initializing license system ...
2026-03-01 07:54:27.923168 (4090813) lic_core INFO    ... license system initialized.
2026-03-01 07:54:27.935864 (4090813) lic__man INFO    Claim 'main' for <ui>.
2026-03-01 07:54:27.935913 (4090813) lic_core INFO    (1) checking out 'jasper_interactive' ...
2026-03-01 07:54:27.948116 (4090813) lic_core INFO    ... (1) checkout succeeded
2026-03-01 07:54:27.948178 (4090813) lic__man INFO    Claim 'fpv' for <ui>.
2026-03-01 07:54:27.948199 (4090813) lic_core INFO    (2) checking out 'jasper_fpv' ...
2026-03-01 07:54:27.952384 (4090813) lic_core INFO    ... (2) checkout failed (error: -5) ("FLEXnet ERROR(-5, 0, 0): No such feature exists.")
2026-03-01 07:54:27.952423 (4090813) lic_core INFO    (3) checking out 'jasper_fao' ...
2026-03-01 07:54:27.963475 (4090813) lic_core INFO    ... (3) checkout succeeded
2026-03-01 07:54:27.965216 (4090824) stdio___ INFO    Starting STDIN reader (tty: yes, tty name: '/dev/pts/0')
2026-03-01 07:54:27.965335 (4090813) main____ INFO    Tool inactivity delay is 480000 ms.
2026-03-01 07:54:28.006510 (4090813) session_ INFO    Starting analysis session with session id 'session_0' (launcher: <local>) ...
2026-03-01 07:54:28.008311 (4090813) session_ INFO    Analysis session with session id 'session_0' started (pid: 4090825)
2026-03-01 07:54:29.073483 (4090813) session_ INFO    Analysis session 'session_0' connected to the console (host: 127.0.0.1:35612)
2026-03-01 07:54:32.380827 (4090813) lic__man INFO    Unclaim everything for 'session_0'.
2026-03-01 07:54:32.664027 (4090813) lic__man INFO    Claim 'fpv' for 'session_0'.
2026-03-01 07:54:32.664076 (4090813) lic__man INFO    Claim 'fpv' for 'session_0/prove-0'.
2026-03-01 07:54:35.147073 (4090813) lic__man INFO    Unclaim everything for 'session_0/prove-0'.
2026-03-01 07:54:35.189792 (4090813) main____ INFO    About to exit: request to exit with status 0 received from analysis session 'session_0'
2026-03-01 07:54:35.323296 (4090813) session_ INFO    Analysis session 'session_0' disconnected.
2026-03-01 07:54:35.323485 (4090813) lic__man INFO    Unclaim everything for 'session_0'.
2026-03-01 07:54:35.323689 (4090813) session_ INFO    Process for analysis session 'session_0' has exited with exit status '0'.
2026-03-01 07:54:37.296958 (4090824) stdio___ INFO    STDIN reader requested to stop.
2026-03-01 07:54:37.297014 (4090824) stdio___ INFO    STDIN reader stopped.
2026-03-01 07:54:37.307889 (4090813) lic_core INFO    (1) checkin jasper_interactive
2026-03-01 07:54:37.312812 (4090813) lic_core INFO    (3) checkin jasper_fao
2026-03-01 07:54:37.346895 (4090813) main____ INFO    Exiting with status 0.
