2026-03-01 04:47:43.231272 (3932336) main____ INFO    ----------------------------------------
2026-03-01 04:47:43.231375 (3932336) main____ INFO    Jasper version info
2026-03-01 04:47:43.231392 (3932336) main____ INFO      tool      : Jasper 2023.12
2026-03-01 04:47:43.231409 (3932336) main____ INFO      version   : 2023.12p001 64 bits
2026-03-01 04:47:43.231422 (3932336) main____ INFO      build date: 2024.01.23 16:09:24 UTC
2026-03-01 04:47:43.231433 (3932336) main____ INFO    ----------------------------------------
2026-03-01 04:47:43.231443 (3932336) main____ INFO    Runtime info:
2026-03-01 04:47:43.231454 (3932336) main____ INFO      platform  : Linux 4.18.0-553.89.1.el8_10.x86_64 x86_64
2026-03-01 04:47:43.231474 (3932336) main____ INFO      hostname  : caddy12.stanford.edu
2026-03-01 04:47:43.231500 (3932336) main____ INFO      pid       : 3932336
2026-03-01 04:47:43.231512 (3932336) main____ INFO      arguments : '-style' 'windows' '-allow_unsupported_OS' '-no_gui' '-fpv' './synthlc/i_LW_out/xPairwiseDepDiv/exclusive_29_.tcl' '-proj' './synthlc/i_LW_out/xPairwiseDepDiv/exclusive_29_jgsession_26-03-01-04_47_42'
2026-03-01 04:47:43.231531 (3932336) main____ INFO      locale    : UTF-8
2026-03-01 04:47:43.231541 (3932336) main____ INFO    ----------------------------------------
2026-03-01 04:47:43.231551 (3932336) main____ INFO    System resource limits info:
2026-03-01 04:47:43.231565 (3932336) main____ INFO      virtual memory: unlimited
2026-03-01 04:47:43.231577 (3932336) main____ INFO      cpu time      : unlimited
2026-03-01 04:47:43.231597 (3932336) main____ INFO      processes     : 4096
2026-03-01 04:47:43.231618 (3932336) main____ INFO      stack size    : 8388608 B
2026-03-01 04:47:43.231633 (3932336) main____ INFO      core file size: 0 B
2026-03-01 04:47:43.231647 (3932336) main____ INFO      open files    : 4096
2026-03-01 04:47:43.231660 (3932336) main____ INFO      file size     : unlimited
2026-03-01 04:47:43.231684 (3932336) main____ INFO    ----------------------------------------
2026-03-01 04:47:43.231694 (3932336) main____ INFO    Memory statistics:
2026-03-01 04:47:43.231707 (3932336) main____ INFO      total physical memory  : 98449088 kB
2026-03-01 04:47:43.231719 (3932336) main____ INFO      free physical memory   : 81485672 kB
2026-03-01 04:47:43.231731 (3932336) main____ INFO      committed address space: 13871252 kB
2026-03-01 04:47:43.231741 (3932336) main____ INFO    ----------------------------------------
2026-03-01 04:47:43.232937 (3932336) main____ INFO    Important environment variables:
2026-03-01 04:47:43.232964 (3932336) main____ INFO      CDS_LIC_FILE       : '5280@cadlic0'
2026-03-01 04:47:43.232978 (3932336) main____ INFO      DISPLAY            : 'localhost:12.0'
2026-03-01 04:47:43.232991 (3932336) main____ INFO      JASPER_INSTALL_DIR : '/cad/cadence/jasper_2023.12p001'
2026-03-01 04:47:43.233004 (3932336) main____ INFO      JASPER_KERNEL_CHECK: '1'
2026-03-01 04:47:43.233016 (3932336) main____ INFO      JASPER_OS_CHECK    : '0'
2026-03-01 04:47:43.233028 (3932336) main____ INFO      LANG               : 'zh_TW.UTF-8'
2026-03-01 04:47:43.233039 (3932336) main____ INFO    ----------------------------------------
2026-03-01 04:47:43.235875 (3932336) lic_core INFO    Initializing license system ...
2026-03-01 04:47:43.257986 (3932336) lic_core INFO    ... license system initialized.
2026-03-01 04:47:43.281533 (3932336) lic__man INFO    Claim 'main' for <ui>.
2026-03-01 04:47:43.281608 (3932336) lic_core INFO    (1) checking out 'jasper_interactive' ...
2026-03-01 04:47:43.294051 (3932336) lic_core INFO    ... (1) checkout succeeded
2026-03-01 04:47:43.294153 (3932336) lic__man INFO    Claim 'fpv' for <ui>.
2026-03-01 04:47:43.294182 (3932336) lic_core INFO    (2) checking out 'jasper_fpv' ...
2026-03-01 04:47:43.298530 (3932336) lic_core INFO    ... (2) checkout failed (error: -5) ("FLEXnet ERROR(-5, 0, 0): No such feature exists.")
2026-03-01 04:47:43.298590 (3932336) lic_core INFO    (3) checking out 'jasper_fao' ...
2026-03-01 04:47:43.309469 (3932336) lic_core INFO    ... (3) checkout succeeded
2026-03-01 04:47:43.311333 (3932352) stdio___ INFO    Starting STDIN reader (tty: yes, tty name: '/dev/pts/0')
2026-03-01 04:47:43.311479 (3932336) main____ INFO    Tool inactivity delay is 480000 ms.
2026-03-01 04:47:43.365310 (3932336) session_ INFO    Starting analysis session with session id 'session_0' (launcher: <local>) ...
2026-03-01 04:47:43.367215 (3932336) session_ INFO    Analysis session with session id 'session_0' started (pid: 3932353)
2026-03-01 04:47:44.816315 (3932336) session_ INFO    Analysis session 'session_0' connected to the console (host: 127.0.0.1:36670)
2026-03-01 04:47:50.061891 (3932336) lic__man INFO    Unclaim everything for 'session_0'.
2026-03-01 04:47:50.321806 (3932336) lic__man INFO    Claim 'fpv' for 'session_0'.
2026-03-01 04:47:50.321855 (3932336) lic__man INFO    Claim 'fpv' for 'session_0/prove-0'.
2026-03-01 04:49:20.739053 (3932336) lic__man INFO    Unclaim everything for 'session_0/prove-0'.
2026-03-01 04:49:20.770002 (3932336) main____ INFO    About to exit: request to exit with status 0 received from analysis session 'session_0'
2026-03-01 04:49:21.042919 (3932336) session_ INFO    Analysis session 'session_0' disconnected.
2026-03-01 04:49:21.043076 (3932336) lic__man INFO    Unclaim everything for 'session_0'.
2026-03-01 04:49:21.061892 (3932336) session_ INFO    Process for analysis session 'session_0' has exited with exit status '0'.
2026-03-01 04:49:22.898770 (3932352) stdio___ INFO    STDIN reader requested to stop.
2026-03-01 04:49:22.898837 (3932352) stdio___ INFO    STDIN reader stopped.
2026-03-01 04:49:22.899613 (3932336) lic_core INFO    (1) checkin jasper_interactive
2026-03-01 04:49:22.903988 (3932336) lic_core INFO    (3) checkin jasper_fao
2026-03-01 04:49:22.936765 (3932336) main____ INFO    Exiting with status 0.
