2026-03-01 08:14:02.127175 (4144615) main____ INFO    ----------------------------------------
2026-03-01 08:14:02.127249 (4144615) main____ INFO    Jasper version info
2026-03-01 08:14:02.127265 (4144615) main____ INFO      tool      : Jasper 2023.12
2026-03-01 08:14:02.127280 (4144615) main____ INFO      version   : 2023.12p001 64 bits
2026-03-01 08:14:02.127293 (4144615) main____ INFO      build date: 2024.01.23 16:09:24 UTC
2026-03-01 08:14:02.127303 (4144615) main____ INFO    ----------------------------------------
2026-03-01 08:14:02.127314 (4144615) main____ INFO    Runtime info:
2026-03-01 08:14:02.127325 (4144615) main____ INFO      platform  : Linux 4.18.0-553.89.1.el8_10.x86_64 x86_64
2026-03-01 08:14:02.127342 (4144615) main____ INFO      hostname  : caddy12.stanford.edu
2026-03-01 08:14:02.127357 (4144615) main____ INFO      pid       : 4144615
2026-03-01 08:14:02.127368 (4144615) main____ INFO      arguments : '-style' 'windows' '-allow_unsupported_OS' '-no_gui' '-fpv' './synthlc/i_LW_out/xPerfLocSubsetDiv/coverset_150_.tcl' '-proj' './synthlc/i_LW_out/xPerfLocSubsetDiv/coverset_150_jgsession_26-03-01-08_14_01'
2026-03-01 08:14:02.127384 (4144615) main____ INFO      locale    : UTF-8
2026-03-01 08:14:02.127394 (4144615) main____ INFO    ----------------------------------------
2026-03-01 08:14:02.127404 (4144615) main____ INFO    System resource limits info:
2026-03-01 08:14:02.127417 (4144615) main____ INFO      virtual memory: unlimited
2026-03-01 08:14:02.127429 (4144615) main____ INFO      cpu time      : unlimited
2026-03-01 08:14:02.127446 (4144615) main____ INFO      processes     : 4096
2026-03-01 08:14:02.127465 (4144615) main____ INFO      stack size    : 8388608 B
2026-03-01 08:14:02.127479 (4144615) main____ INFO      core file size: 0 B
2026-03-01 08:14:02.127492 (4144615) main____ INFO      open files    : 4096
2026-03-01 08:14:02.127507 (4144615) main____ INFO      file size     : unlimited
2026-03-01 08:14:02.128515 (4144615) main____ INFO    ----------------------------------------
2026-03-01 08:14:02.128526 (4144615) main____ INFO    Memory statistics:
2026-03-01 08:14:02.128538 (4144615) main____ INFO      total physical memory  : 98449088 kB
2026-03-01 08:14:02.128550 (4144615) main____ INFO      free physical memory   : 86723488 kB
2026-03-01 08:14:02.128562 (4144615) main____ INFO      committed address space: 7181256 kB
2026-03-01 08:14:02.128572 (4144615) main____ INFO    ----------------------------------------
2026-03-01 08:14:02.129727 (4144615) main____ INFO    Important environment variables:
2026-03-01 08:14:02.130395 (4144615) main____ INFO      CDS_LIC_FILE       : '5280@cadlic0'
2026-03-01 08:14:02.130409 (4144615) main____ INFO      DISPLAY            : 'localhost:12.0'
2026-03-01 08:14:02.130422 (4144615) main____ INFO      JASPER_INSTALL_DIR : '/cad/cadence/jasper_2023.12p001'
2026-03-01 08:14:02.130434 (4144615) main____ INFO      JASPER_KERNEL_CHECK: '1'
2026-03-01 08:14:02.130447 (4144615) main____ INFO      JASPER_OS_CHECK    : '0'
2026-03-01 08:14:02.130459 (4144615) main____ INFO      LANG               : 'zh_TW.UTF-8'
2026-03-01 08:14:02.130469 (4144615) main____ INFO    ----------------------------------------
2026-03-01 08:14:02.131585 (4144615) lic_core INFO    Initializing license system ...
2026-03-01 08:14:02.134241 (4144615) lic_core INFO    ... license system initialized.
2026-03-01 08:14:02.145733 (4144615) lic__man INFO    Claim 'main' for <ui>.
2026-03-01 08:14:02.145784 (4144615) lic_core INFO    (1) checking out 'jasper_interactive' ...
2026-03-01 08:14:02.160974 (4144615) lic_core INFO    ... (1) checkout succeeded
2026-03-01 08:14:02.161076 (4144615) lic__man INFO    Claim 'fpv' for <ui>.
2026-03-01 08:14:02.161105 (4144615) lic_core INFO    (2) checking out 'jasper_fpv' ...
2026-03-01 08:14:02.165381 (4144615) lic_core INFO    ... (2) checkout failed (error: -5) ("FLEXnet ERROR(-5, 0, 0): No such feature exists.")
2026-03-01 08:14:02.165426 (4144615) lic_core INFO    (3) checking out 'jasper_fao' ...
2026-03-01 08:14:02.176806 (4144615) lic_core INFO    ... (3) checkout succeeded
2026-03-01 08:14:02.177954 (4144631) stdio___ INFO    Starting STDIN reader (tty: yes, tty name: '/dev/pts/0')
2026-03-01 08:14:02.178092 (4144615) main____ INFO    Tool inactivity delay is 480000 ms.
2026-03-01 08:14:02.220580 (4144615) session_ INFO    Starting analysis session with session id 'session_0' (launcher: <local>) ...
2026-03-01 08:14:02.222561 (4144615) session_ INFO    Analysis session with session id 'session_0' started (pid: 4144634)
2026-03-01 08:14:03.496102 (4144615) session_ INFO    Analysis session 'session_0' connected to the console (host: 127.0.0.1:34490)
2026-03-01 08:14:07.156188 (4144615) lic__man INFO    Unclaim everything for 'session_0'.
2026-03-01 08:14:07.360814 (4144615) lic__man INFO    Claim 'fpv' for 'session_0'.
2026-03-01 08:14:07.360851 (4144615) lic__man INFO    Claim 'fpv' for 'session_0/prove-0'.
2026-03-01 08:14:11.079864 (4144615) lic__man INFO    Unclaim everything for 'session_0/prove-0'.
2026-03-01 08:14:11.122817 (4144615) main____ INFO    About to exit: request to exit with status 0 received from analysis session 'session_0'
2026-03-01 08:14:11.256849 (4144615) session_ INFO    Analysis session 'session_0' disconnected.
2026-03-01 08:14:11.257050 (4144615) lic__man INFO    Unclaim everything for 'session_0'.
2026-03-01 08:14:11.257251 (4144615) session_ INFO    Process for analysis session 'session_0' has exited with exit status '0'.
2026-03-01 08:14:13.030434 (4144631) stdio___ INFO    STDIN reader requested to stop.
2026-03-01 08:14:13.030482 (4144631) stdio___ INFO    STDIN reader stopped.
2026-03-01 08:14:13.030702 (4144615) lic_core INFO    (1) checkin jasper_interactive
2026-03-01 08:14:13.032412 (4144615) lic_core INFO    (3) checkin jasper_fao
2026-03-01 08:14:13.033628 (4144615) main____ INFO    Exiting with status 0.
