2026-02-28 19:38:26.382635 (953482) main____ INFO    ----------------------------------------
2026-02-28 19:38:26.382710 (953482) main____ INFO    Jasper version info
2026-02-28 19:38:26.382725 (953482) main____ INFO      tool      : Jasper 2023.12
2026-02-28 19:38:26.382739 (953482) main____ INFO      version   : 2023.12p001 64 bits
2026-02-28 19:38:26.382752 (953482) main____ INFO      build date: 2024.01.23 16:09:24 UTC
2026-02-28 19:38:26.382762 (953482) main____ INFO    ----------------------------------------
2026-02-28 19:38:26.382772 (953482) main____ INFO    Runtime info:
2026-02-28 19:38:26.382783 (953482) main____ INFO      platform  : Linux 4.18.0-553.89.1.el8_10.x86_64 x86_64
2026-02-28 19:38:26.382801 (953482) main____ INFO      hostname  : caddy15.stanford.edu
2026-02-28 19:38:26.382816 (953482) main____ INFO      pid       : 953482
2026-02-28 19:38:26.382827 (953482) main____ INFO      arguments : '-style' 'windows' '-allow_unsupported_OS' '-no_gui' '-fpv' './synthlc/i_ADDI_out/xPerfLocSubsetDiv/coverset_25_.tcl' '-proj' './synthlc/i_ADDI_out/xPerfLocSubsetDiv/coverset_25_jgsession_26-02-28-19_38_26'
2026-02-28 19:38:26.382843 (953482) main____ INFO      locale    : UTF-8
2026-02-28 19:38:26.382853 (953482) main____ INFO    ----------------------------------------
2026-02-28 19:38:26.382863 (953482) main____ INFO    System resource limits info:
2026-02-28 19:38:26.382875 (953482) main____ INFO      virtual memory: unlimited
2026-02-28 19:38:26.382887 (953482) main____ INFO      cpu time      : unlimited
2026-02-28 19:38:26.382905 (953482) main____ INFO      processes     : 4096
2026-02-28 19:38:26.382923 (953482) main____ INFO      stack size    : 8388608 B
2026-02-28 19:38:26.382937 (953482) main____ INFO      core file size: 0 B
2026-02-28 19:38:26.382950 (953482) main____ INFO      open files    : 4096
2026-02-28 19:38:26.382962 (953482) main____ INFO      file size     : unlimited
2026-02-28 19:38:26.382972 (953482) main____ INFO    ----------------------------------------
2026-02-28 19:38:26.382981 (953482) main____ INFO    Memory statistics:
2026-02-28 19:38:26.382993 (953482) main____ INFO      total physical memory  : 98449092 kB
2026-02-28 19:38:26.383005 (953482) main____ INFO      free physical memory   : 79351672 kB
2026-02-28 19:38:26.383016 (953482) main____ INFO      committed address space: 2789532 kB
2026-02-28 19:38:26.383026 (953482) main____ INFO    ----------------------------------------
2026-02-28 19:38:26.384165 (953482) main____ INFO    Important environment variables:
2026-02-28 19:38:26.384188 (953482) main____ INFO      CDS_LIC_FILE       : '5280@cadlic0'
2026-02-28 19:38:26.384201 (953482) main____ INFO      JASPER_INSTALL_DIR : '/cad/cadence/jasper_2023.12p001'
2026-02-28 19:38:26.384213 (953482) main____ INFO      JASPER_KERNEL_CHECK: '1'
2026-02-28 19:38:26.384226 (953482) main____ INFO      JASPER_OS_CHECK    : '0'
2026-02-28 19:38:26.384238 (953482) main____ INFO      LANG               : 'en_US.UTF-8'
2026-02-28 19:38:26.384248 (953482) main____ INFO    ----------------------------------------
2026-02-28 19:38:26.385390 (953482) lic_core INFO    Initializing license system ...
2026-02-28 19:38:26.387194 (953482) lic_core INFO    ... license system initialized.
2026-02-28 19:38:26.405585 (953482) lic__man INFO    Claim 'main' for <ui>.
2026-02-28 19:38:26.405633 (953482) lic_core INFO    (1) checking out 'jasper_interactive' ...
2026-02-28 19:38:26.419172 (953482) lic_core INFO    ... (1) checkout succeeded
2026-02-28 19:38:26.419237 (953482) lic__man INFO    Claim 'fpv' for <ui>.
2026-02-28 19:38:26.419258 (953482) lic_core INFO    (2) checking out 'jasper_fpv' ...
2026-02-28 19:38:26.423592 (953482) lic_core INFO    ... (2) checkout failed (error: -5) ("FLEXnet ERROR(-5, 0, 0): No such feature exists.")
2026-02-28 19:38:26.423625 (953482) lic_core INFO    (3) checking out 'jasper_fao' ...
2026-02-28 19:38:26.435106 (953482) lic_core INFO    ... (3) checkout succeeded
2026-02-28 19:38:26.436185 (953493) stdio___ INFO    Starting STDIN reader (tty: yes, tty name: '/dev/pts/0')
2026-02-28 19:38:26.436275 (953482) main____ INFO    Tool inactivity delay is 480000 ms.
2026-02-28 19:38:26.480127 (953482) session_ INFO    Starting analysis session with session id 'session_0' (launcher: <local>) ...
2026-02-28 19:38:26.481970 (953482) session_ INFO    Analysis session with session id 'session_0' started (pid: 953494)
2026-02-28 19:38:27.583723 (953482) session_ INFO    Analysis session 'session_0' connected to the console (host: 127.0.0.1:47120)
2026-02-28 19:38:32.441378 (953482) lic__man INFO    Unclaim everything for 'session_0'.
2026-02-28 19:38:32.647548 (953482) lic__man INFO    Claim 'fpv' for 'session_0'.
2026-02-28 19:38:32.647583 (953482) lic__man INFO    Claim 'fpv' for 'session_0/prove-0'.
2026-02-28 19:38:34.099802 (953482) lic__man INFO    Unclaim everything for 'session_0/prove-0'.
2026-02-28 19:38:34.142483 (953482) main____ INFO    About to exit: request to exit with status 0 received from analysis session 'session_0'
2026-02-28 19:38:34.282652 (953482) session_ INFO    Analysis session 'session_0' disconnected.
2026-02-28 19:38:34.282837 (953482) lic__man INFO    Unclaim everything for 'session_0'.
2026-02-28 19:38:34.283025 (953482) session_ INFO    Process for analysis session 'session_0' has exited with exit status '0'.
2026-02-28 19:38:36.049838 (953493) stdio___ INFO    STDIN reader requested to stop.
2026-02-28 19:38:36.049877 (953493) stdio___ INFO    STDIN reader stopped.
2026-02-28 19:38:36.050116 (953482) lic_core INFO    (1) checkin jasper_interactive
2026-02-28 19:38:36.051672 (953482) lic_core INFO    (3) checkin jasper_fao
2026-02-28 19:38:36.052606 (953482) main____ INFO    Exiting with status 0.
