2026-03-01 05:10:23.609565 (3949480) main____ INFO    ----------------------------------------
2026-03-01 05:10:23.609660 (3949480) main____ INFO    Jasper version info
2026-03-01 05:10:23.609690 (3949480) main____ INFO      tool      : Jasper 2023.12
2026-03-01 05:10:23.609705 (3949480) main____ INFO      version   : 2023.12p001 64 bits
2026-03-01 05:10:23.609719 (3949480) main____ INFO      build date: 2024.01.23 16:09:24 UTC
2026-03-01 05:10:23.609730 (3949480) main____ INFO    ----------------------------------------
2026-03-01 05:10:23.609740 (3949480) main____ INFO    Runtime info:
2026-03-01 05:10:23.609751 (3949480) main____ INFO      platform  : Linux 4.18.0-553.89.1.el8_10.x86_64 x86_64
2026-03-01 05:10:23.609770 (3949480) main____ INFO      hostname  : caddy12.stanford.edu
2026-03-01 05:10:23.609786 (3949480) main____ INFO      pid       : 3949480
2026-03-01 05:10:23.609798 (3949480) main____ INFO      arguments : '-style' 'windows' '-allow_unsupported_OS' '-no_gui' '-fpv' './synthlc/i_LW_out/xPairwiseDepDiv/nunv_anytwo_190_.tcl' '-proj' './synthlc/i_LW_out/xPairwiseDepDiv/nunv_anytwo_190_jgsession_26-03-01-05_10_22'
2026-03-01 05:10:23.609816 (3949480) main____ INFO      locale    : UTF-8
2026-03-01 05:10:23.609827 (3949480) main____ INFO    ----------------------------------------
2026-03-01 05:10:23.609836 (3949480) main____ INFO    System resource limits info:
2026-03-01 05:10:23.609849 (3949480) main____ INFO      virtual memory: unlimited
2026-03-01 05:10:23.609861 (3949480) main____ INFO      cpu time      : unlimited
2026-03-01 05:10:23.609880 (3949480) main____ INFO      processes     : 4096
2026-03-01 05:10:23.609902 (3949480) main____ INFO      stack size    : 8388608 B
2026-03-01 05:10:23.609916 (3949480) main____ INFO      core file size: 0 B
2026-03-01 05:10:23.609929 (3949480) main____ INFO      open files    : 4096
2026-03-01 05:10:23.609942 (3949480) main____ INFO      file size     : unlimited
2026-03-01 05:10:23.609952 (3949480) main____ INFO    ----------------------------------------
2026-03-01 05:10:23.609962 (3949480) main____ INFO    Memory statistics:
2026-03-01 05:10:23.609974 (3949480) main____ INFO      total physical memory  : 98449088 kB
2026-03-01 05:10:23.609986 (3949480) main____ INFO      free physical memory   : 76244376 kB
2026-03-01 05:10:23.609998 (3949480) main____ INFO      committed address space: 19903252 kB
2026-03-01 05:10:23.610008 (3949480) main____ INFO    ----------------------------------------
2026-03-01 05:10:23.611189 (3949480) main____ INFO    Important environment variables:
2026-03-01 05:10:23.611216 (3949480) main____ INFO      CDS_LIC_FILE       : '5280@cadlic0'
2026-03-01 05:10:23.611229 (3949480) main____ INFO      DISPLAY            : 'localhost:12.0'
2026-03-01 05:10:23.611242 (3949480) main____ INFO      JASPER_INSTALL_DIR : '/cad/cadence/jasper_2023.12p001'
2026-03-01 05:10:23.611254 (3949480) main____ INFO      JASPER_KERNEL_CHECK: '1'
2026-03-01 05:10:23.611267 (3949480) main____ INFO      JASPER_OS_CHECK    : '0'
2026-03-01 05:10:23.611279 (3949480) main____ INFO      LANG               : 'zh_TW.UTF-8'
2026-03-01 05:10:23.611289 (3949480) main____ INFO    ----------------------------------------
2026-03-01 05:10:23.618222 (3949480) lic_core INFO    Initializing license system ...
2026-03-01 05:10:23.643771 (3949480) lic_core INFO    ... license system initialized.
2026-03-01 05:10:23.781965 (3949480) lic__man INFO    Claim 'main' for <ui>.
2026-03-01 05:10:23.782054 (3949480) lic_core INFO    (1) checking out 'jasper_interactive' ...
2026-03-01 05:10:23.866940 (3949480) lic_core INFO    ... (1) checkout succeeded
2026-03-01 05:10:23.867066 (3949480) lic__man INFO    Claim 'fpv' for <ui>.
2026-03-01 05:10:23.867096 (3949480) lic_core INFO    (2) checking out 'jasper_fpv' ...
2026-03-01 05:10:23.937162 (3949480) lic_core INFO    ... (2) checkout failed (error: -5) ("FLEXnet ERROR(-5, 0, 0): No such feature exists.")
2026-03-01 05:10:23.937236 (3949480) lic_core INFO    (3) checking out 'jasper_fao' ...
2026-03-01 05:10:24.012079 (3949480) lic_core INFO    ... (3) checkout succeeded
2026-03-01 05:10:24.013909 (3949480) main____ INFO    Tool inactivity delay is 480000 ms.
2026-03-01 05:10:24.058028 (3949497) stdio___ INFO    Starting STDIN reader (tty: yes, tty name: '/dev/pts/0')
2026-03-01 05:10:24.285827 (3949480) session_ INFO    Starting analysis session with session id 'session_0' (launcher: <local>) ...
2026-03-01 05:10:24.287791 (3949480) session_ INFO    Analysis session with session id 'session_0' started (pid: 3949499)
2026-03-01 05:10:26.787302 (3949480) session_ INFO    Analysis session 'session_0' connected to the console (host: 127.0.0.1:43010)
2026-03-01 05:10:35.364966 (3949480) lic__man INFO    Unclaim everything for 'session_0'.
2026-03-01 05:10:35.947123 (3949480) lic__man INFO    Claim 'fpv' for 'session_0'.
2026-03-01 05:10:35.947177 (3949480) lic__man INFO    Claim 'fpv' for 'session_0/prove-0'.
2026-03-01 05:10:38.960823 (3949480) lic__man INFO    Unclaim everything for 'session_0/prove-0'.
2026-03-01 05:10:39.039877 (3949480) main____ INFO    About to exit: request to exit with status 0 received from analysis session 'session_0'
2026-03-01 05:10:39.643584 (3949480) session_ INFO    Analysis session 'session_0' disconnected.
2026-03-01 05:10:39.643766 (3949480) lic__man INFO    Unclaim everything for 'session_0'.
2026-03-01 05:10:39.656896 (3949480) session_ INFO    Process for analysis session 'session_0' has exited with exit status '0'.
2026-03-01 05:10:40.952779 (3949497) stdio___ INFO    STDIN reader requested to stop.
2026-03-01 05:10:40.952845 (3949497) stdio___ INFO    STDIN reader stopped.
2026-03-01 05:10:40.955460 (3949480) lic_core INFO    (1) checkin jasper_interactive
2026-03-01 05:10:40.983878 (3949480) lic_core INFO    (3) checkin jasper_fao
2026-03-01 05:10:40.994915 (3949480) main____ INFO    Exiting with status 0.
