2026-03-01 22:38:50.672978 (722463) main____ INFO    ----------------------------------------
2026-03-01 22:38:50.673039 (722463) main____ INFO    Jasper version info
2026-03-01 22:38:50.673066 (722463) main____ INFO      tool      : Jasper 2023.12
2026-03-01 22:38:50.673080 (722463) main____ INFO      version   : 2023.12p001 64 bits
2026-03-01 22:38:50.673092 (722463) main____ INFO      build date: 2024.01.23 16:09:24 UTC
2026-03-01 22:38:50.673102 (722463) main____ INFO    ----------------------------------------
2026-03-01 22:38:50.673111 (722463) main____ INFO    Runtime info:
2026-03-01 22:38:50.673122 (722463) main____ INFO      platform  : Linux 4.18.0-553.89.1.el8_10.x86_64 x86_64
2026-03-01 22:38:50.673137 (722463) main____ INFO      hostname  : caddy10.stanford.edu
2026-03-01 22:38:50.673151 (722463) main____ INFO      pid       : 722463
2026-03-01 22:38:50.673161 (722463) main____ INFO      arguments : '-style' 'windows' '-allow_unsupported_OS' '-no_gui' '-fpv' './synthlc/i_MUL_out/xPairwiseDepDiv/nunv_anytwo_26_.tcl' '-proj' './synthlc/i_MUL_out/xPairwiseDepDiv/nunv_anytwo_26_jgsession_26-03-01-22_38_50'
2026-03-01 22:38:50.673176 (722463) main____ INFO      locale    : UTF-8
2026-03-01 22:38:50.673185 (722463) main____ INFO    ----------------------------------------
2026-03-01 22:38:50.673194 (722463) main____ INFO    System resource limits info:
2026-03-01 22:38:50.673205 (722463) main____ INFO      virtual memory: unlimited
2026-03-01 22:38:50.673217 (722463) main____ INFO      cpu time      : unlimited
2026-03-01 22:38:50.673232 (722463) main____ INFO      processes     : 4096
2026-03-01 22:38:50.673257 (722463) main____ INFO      stack size    : 8388608 B
2026-03-01 22:38:50.673271 (722463) main____ INFO      core file size: 0 B
2026-03-01 22:38:50.673282 (722463) main____ INFO      open files    : 4096
2026-03-01 22:38:50.673294 (722463) main____ INFO      file size     : unlimited
2026-03-01 22:38:50.673303 (722463) main____ INFO    ----------------------------------------
2026-03-01 22:38:50.673312 (722463) main____ INFO    Memory statistics:
2026-03-01 22:38:50.673323 (722463) main____ INFO      total physical memory  : 98449096 kB
2026-03-01 22:38:50.673333 (722463) main____ INFO      free physical memory   : 92131556 kB
2026-03-01 22:38:50.673344 (722463) main____ INFO      committed address space: 1995320 kB
2026-03-01 22:38:50.673353 (722463) main____ INFO    ----------------------------------------
2026-03-01 22:38:50.674450 (722463) main____ INFO    Important environment variables:
2026-03-01 22:38:50.674471 (722463) main____ INFO      CDS_LIC_FILE       : '5280@cadlic0'
2026-03-01 22:38:50.674483 (722463) main____ INFO      JASPER_INSTALL_DIR : '/cad/cadence/jasper_2023.12p001'
2026-03-01 22:38:50.674494 (722463) main____ INFO      JASPER_KERNEL_CHECK: '1'
2026-03-01 22:38:50.674506 (722463) main____ INFO      JASPER_OS_CHECK    : '0'
2026-03-01 22:38:50.674517 (722463) main____ INFO      LANG               : 'en_US.UTF-8'
2026-03-01 22:38:50.674526 (722463) main____ INFO    ----------------------------------------
2026-03-01 22:38:50.675646 (722463) lic_core INFO    Initializing license system ...
2026-03-01 22:38:50.677071 (722463) lic_core INFO    ... license system initialized.
2026-03-01 22:38:50.687910 (722463) lic__man INFO    Claim 'main' for <ui>.
2026-03-01 22:38:50.687949 (722463) lic_core INFO    (1) checking out 'jasper_interactive' ...
2026-03-01 22:38:50.699839 (722463) lic_core INFO    ... (1) checkout succeeded
2026-03-01 22:38:50.699892 (722463) lic__man INFO    Claim 'fpv' for <ui>.
2026-03-01 22:38:50.699912 (722463) lic_core INFO    (2) checking out 'jasper_fpv' ...
2026-03-01 22:38:50.703572 (722463) lic_core INFO    ... (2) checkout failed (error: -5) ("FLEXnet ERROR(-5, 0, 0): No such feature exists.")
2026-03-01 22:38:50.703600 (722463) lic_core INFO    (3) checking out 'jasper_fao' ...
2026-03-01 22:38:50.714335 (722463) lic_core INFO    ... (3) checkout succeeded
2026-03-01 22:38:50.715370 (722463) main____ INFO    Tool inactivity delay is 480000 ms.
2026-03-01 22:38:50.715418 (722474) stdio___ INFO    Starting STDIN reader (tty: yes, tty name: '/dev/pts/7')
2026-03-01 22:38:50.756435 (722463) session_ INFO    Starting analysis session with session id 'session_0' (launcher: <local>) ...
2026-03-01 22:38:50.758124 (722463) session_ INFO    Analysis session with session id 'session_0' started (pid: 722475)
2026-03-01 22:38:51.833432 (722463) session_ INFO    Analysis session 'session_0' connected to the console (host: 127.0.0.1:35682)
2026-03-01 22:38:54.883123 (722463) lic__man INFO    Unclaim everything for 'session_0'.
2026-03-01 22:38:55.079989 (722463) lic__man INFO    Claim 'fpv' for 'session_0'.
2026-03-01 22:38:55.080022 (722463) lic__man INFO    Claim 'fpv' for 'session_0/prove-0'.
2026-03-01 22:38:56.072779 (722463) lic__man INFO    Unclaim everything for 'session_0/prove-0'.
2026-03-01 22:38:56.114158 (722463) main____ INFO    About to exit: request to exit with status 0 received from analysis session 'session_0'
2026-03-01 22:38:56.252965 (722463) session_ INFO    Analysis session 'session_0' disconnected.
2026-03-01 22:38:56.253161 (722463) lic__man INFO    Unclaim everything for 'session_0'.
2026-03-01 22:38:56.253352 (722463) session_ INFO    Process for analysis session 'session_0' has exited with exit status '0'.
2026-03-01 22:38:58.020684 (722474) stdio___ INFO    STDIN reader requested to stop.
2026-03-01 22:38:58.020724 (722474) stdio___ INFO    STDIN reader stopped.
2026-03-01 22:38:58.020931 (722463) lic_core INFO    (1) checkin jasper_interactive
2026-03-01 22:38:58.022369 (722463) lic_core INFO    (3) checkin jasper_fao
2026-03-01 22:38:58.023383 (722463) main____ INFO    Exiting with status 0.
