2026-02-26 08:36:36.248830 (3917736) main____ INFO    ----------------------------------------
2026-02-26 08:36:36.248896 (3917736) main____ INFO    Jasper version info
2026-02-26 08:36:36.248911 (3917736) main____ INFO      tool      : Jasper 2023.12
2026-02-26 08:36:36.248925 (3917736) main____ INFO      version   : 2023.12p001 64 bits
2026-02-26 08:36:36.248938 (3917736) main____ INFO      build date: 2024.01.23 16:09:24 UTC
2026-02-26 08:36:36.248948 (3917736) main____ INFO    ----------------------------------------
2026-02-26 08:36:36.248957 (3917736) main____ INFO    Runtime info:
2026-02-26 08:36:36.248968 (3917736) main____ INFO      platform  : Linux 4.18.0-553.89.1.el8_10.x86_64 x86_64
2026-02-26 08:36:36.248985 (3917736) main____ INFO      hostname  : caddy15.stanford.edu
2026-02-26 08:36:36.249000 (3917736) main____ INFO      pid       : 3917736
2026-02-26 08:36:36.249011 (3917736) main____ INFO      arguments : '-style' 'windows' '-allow_unsupported_OS' '-no_gui' '-fpv' './synthlc/i_ADDI_out/xHBPerfG_dfg_v3_div/WHB_132_.tcl' '-proj' './synthlc/i_ADDI_out/xHBPerfG_dfg_v3_div/WHB_132_jgsession_26-02-26-08_36_36'
2026-02-26 08:36:36.249026 (3917736) main____ INFO      locale    : UTF-8
2026-02-26 08:36:36.249036 (3917736) main____ INFO    ----------------------------------------
2026-02-26 08:36:36.249045 (3917736) main____ INFO    System resource limits info:
2026-02-26 08:36:36.249057 (3917736) main____ INFO      virtual memory: unlimited
2026-02-26 08:36:36.249069 (3917736) main____ INFO      cpu time      : unlimited
2026-02-26 08:36:36.249086 (3917736) main____ INFO      processes     : 4096
2026-02-26 08:36:36.249104 (3917736) main____ INFO      stack size    : 8388608 B
2026-02-26 08:36:36.249118 (3917736) main____ INFO      core file size: 0 B
2026-02-26 08:36:36.249142 (3917736) main____ INFO      open files    : 4096
2026-02-26 08:36:36.249154 (3917736) main____ INFO      file size     : unlimited
2026-02-26 08:36:36.249164 (3917736) main____ INFO    ----------------------------------------
2026-02-26 08:36:36.249173 (3917736) main____ INFO    Memory statistics:
2026-02-26 08:36:36.249184 (3917736) main____ INFO      total physical memory  : 98449092 kB
2026-02-26 08:36:36.249195 (3917736) main____ INFO      free physical memory   : 80209684 kB
2026-02-26 08:36:36.249207 (3917736) main____ INFO      committed address space: 1730432 kB
2026-02-26 08:36:36.249216 (3917736) main____ INFO    ----------------------------------------
2026-02-26 08:36:36.250353 (3917736) main____ INFO    Important environment variables:
2026-02-26 08:36:36.250375 (3917736) main____ INFO      CDS_LIC_FILE       : '5280@cadlic0'
2026-02-26 08:36:36.250388 (3917736) main____ INFO      JASPER_INSTALL_DIR : '/cad/cadence/jasper_2023.12p001'
2026-02-26 08:36:36.250400 (3917736) main____ INFO      JASPER_KERNEL_CHECK: '1'
2026-02-26 08:36:36.250412 (3917736) main____ INFO      JASPER_OS_CHECK    : '0'
2026-02-26 08:36:36.250424 (3917736) main____ INFO      LANG               : 'en_US.UTF-8'
2026-02-26 08:36:36.250434 (3917736) main____ INFO    ----------------------------------------
2026-02-26 08:36:36.251519 (3917736) lic_core INFO    Initializing license system ...
2026-02-26 08:36:36.252936 (3917736) lic_core INFO    ... license system initialized.
2026-02-26 08:36:36.264144 (3917736) lic__man INFO    Claim 'main' for <ui>.
2026-02-26 08:36:36.264183 (3917736) lic_core INFO    (1) checking out 'jasper_interactive' ...
2026-02-26 08:36:36.276035 (3917736) lic_core INFO    ... (1) checkout succeeded
2026-02-26 08:36:36.276092 (3917736) lic__man INFO    Claim 'fpv' for <ui>.
2026-02-26 08:36:36.276112 (3917736) lic_core INFO    (2) checking out 'jasper_fpv' ...
2026-02-26 08:36:36.279979 (3917736) lic_core INFO    ... (2) checkout failed (error: -5) ("FLEXnet ERROR(-5, 0, 0): No such feature exists.")
2026-02-26 08:36:36.280009 (3917736) lic_core INFO    (3) checking out 'jasper_fao' ...
2026-02-26 08:36:36.290957 (3917736) lic_core INFO    ... (3) checkout succeeded
2026-02-26 08:36:36.291932 (3917765) stdio___ INFO    Starting STDIN reader (tty: yes, tty name: '/dev/pts/0')
2026-02-26 08:36:36.292049 (3917736) main____ INFO    Tool inactivity delay is 480000 ms.
2026-02-26 08:36:36.333805 (3917736) session_ INFO    Starting analysis session with session id 'session_0' (launcher: <local>) ...
2026-02-26 08:36:36.335508 (3917736) session_ INFO    Analysis session with session id 'session_0' started (pid: 3917779)
2026-02-26 08:36:37.656471 (3917736) session_ INFO    Analysis session 'session_0' connected to the console (host: 127.0.0.1:44036)
2026-02-26 08:36:40.882162 (3917736) lic__man INFO    Unclaim everything for 'session_0'.
2026-02-26 08:36:41.217979 (3917736) lic__man INFO    Claim 'fpv' for 'session_0'.
2026-02-26 08:36:41.218020 (3917736) lic__man INFO    Claim 'fpv' for 'session_0/prove-0'.
2026-02-26 08:36:43.232523 (3917736) lic__man INFO    Unclaim everything for 'session_0/prove-0'.
2026-02-26 08:36:43.294557 (3917736) main____ INFO    About to exit: request to exit with status 0 received from analysis session 'session_0'
2026-02-26 08:36:43.945159 (3917736) session_ INFO    Analysis session 'session_0' disconnected.
2026-02-26 08:36:43.945322 (3917736) lic__man INFO    Unclaim everything for 'session_0'.
2026-02-26 08:36:43.947368 (3917736) session_ INFO    Process for analysis session 'session_0' has exited with exit status '0'.
2026-02-26 08:36:45.403855 (3917765) stdio___ INFO    STDIN reader requested to stop.
2026-02-26 08:36:45.403908 (3917765) stdio___ INFO    STDIN reader stopped.
2026-02-26 08:36:45.414585 (3917736) lic_core INFO    (1) checkin jasper_interactive
2026-02-26 08:36:45.417517 (3917736) lic_core INFO    (3) checkin jasper_fao
2026-02-26 08:36:45.424683 (3917736) main____ INFO    Exiting with status 0.
