2026-03-02 01:29:17.352200 (453835) main____ INFO    ----------------------------------------
2026-03-02 01:29:17.352296 (453835) main____ INFO    Jasper version info
2026-03-02 01:29:17.352313 (453835) main____ INFO      tool      : Jasper 2023.12
2026-03-02 01:29:17.352330 (453835) main____ INFO      version   : 2023.12p001 64 bits
2026-03-02 01:29:17.352344 (453835) main____ INFO      build date: 2024.01.23 16:09:24 UTC
2026-03-02 01:29:17.352354 (453835) main____ INFO    ----------------------------------------
2026-03-02 01:29:17.352364 (453835) main____ INFO    Runtime info:
2026-03-02 01:29:17.352376 (453835) main____ INFO      platform  : Linux 4.18.0-553.89.1.el8_10.x86_64 x86_64
2026-03-02 01:29:17.352395 (453835) main____ INFO      hostname  : caddy12.stanford.edu
2026-03-02 01:29:17.352411 (453835) main____ INFO      pid       : 453835
2026-03-02 01:29:17.352423 (453835) main____ INFO      arguments : '-style' 'windows' '-allow_unsupported_OS' '-no_gui' '-fpv' './synthlc/i_MUL_out/xHBPerfG_dfg_v3_div/HB_484_.tcl' '-proj' './synthlc/i_MUL_out/xHBPerfG_dfg_v3_div/HB_484_jgsession_26-03-02-01_29_16'
2026-03-02 01:29:17.352441 (453835) main____ INFO      locale    : UTF-8
2026-03-02 01:29:17.352452 (453835) main____ INFO    ----------------------------------------
2026-03-02 01:29:17.352462 (453835) main____ INFO    System resource limits info:
2026-03-02 01:29:17.352475 (453835) main____ INFO      virtual memory: unlimited
2026-03-02 01:29:17.352488 (453835) main____ INFO      cpu time      : unlimited
2026-03-02 01:29:17.352506 (453835) main____ INFO      processes     : 4096
2026-03-02 01:29:17.352527 (453835) main____ INFO      stack size    : 8388608 B
2026-03-02 01:29:17.352542 (453835) main____ INFO      core file size: 0 B
2026-03-02 01:29:17.352555 (453835) main____ INFO      open files    : 4096
2026-03-02 01:29:17.352568 (453835) main____ INFO      file size     : unlimited
2026-03-02 01:29:17.352578 (453835) main____ INFO    ----------------------------------------
2026-03-02 01:29:17.352588 (453835) main____ INFO    Memory statistics:
2026-03-02 01:29:17.352602 (453835) main____ INFO      total physical memory  : 98449088 kB
2026-03-02 01:29:17.352614 (453835) main____ INFO      free physical memory   : 82905920 kB
2026-03-02 01:29:17.352626 (453835) main____ INFO      committed address space: 13052496 kB
2026-03-02 01:29:17.352636 (453835) main____ INFO    ----------------------------------------
2026-03-02 01:29:17.353856 (453835) main____ INFO    Important environment variables:
2026-03-02 01:29:17.353889 (453835) main____ INFO      CDS_LIC_FILE       : '5280@cadlic0'
2026-03-02 01:29:17.353904 (453835) main____ INFO      DISPLAY            : 'localhost:12.0'
2026-03-02 01:29:17.353916 (453835) main____ INFO      JASPER_INSTALL_DIR : '/cad/cadence/jasper_2023.12p001'
2026-03-02 01:29:17.353929 (453835) main____ INFO      JASPER_KERNEL_CHECK: '1'
2026-03-02 01:29:17.353942 (453835) main____ INFO      JASPER_OS_CHECK    : '0'
2026-03-02 01:29:17.353963 (453835) main____ INFO      LANG               : 'zh_TW.UTF-8'
2026-03-02 01:29:17.353973 (453835) main____ INFO    ----------------------------------------
2026-03-02 01:29:17.357890 (453835) lic_core INFO    Initializing license system ...
2026-03-02 01:29:17.380187 (453835) lic_core INFO    ... license system initialized.
2026-03-02 01:29:17.483924 (453835) lic__man INFO    Claim 'main' for <ui>.
2026-03-02 01:29:17.484013 (453835) lic_core INFO    (1) checking out 'jasper_interactive' ...
2026-03-02 01:29:17.553011 (453835) lic_core INFO    ... (1) checkout succeeded
2026-03-02 01:29:17.553120 (453835) lic__man INFO    Claim 'fpv' for <ui>.
2026-03-02 01:29:17.553151 (453835) lic_core INFO    (2) checking out 'jasper_fpv' ...
2026-03-02 01:29:17.587796 (453835) lic_core INFO    ... (2) checkout failed (error: -5) ("FLEXnet ERROR(-5, 0, 0): No such feature exists.")
2026-03-02 01:29:17.587853 (453835) lic_core INFO    (3) checking out 'jasper_fao' ...
2026-03-02 01:29:17.602975 (453835) lic_core INFO    ... (3) checkout succeeded
2026-03-02 01:29:17.604306 (453835) main____ INFO    Tool inactivity delay is 480000 ms.
2026-03-02 01:29:17.604618 (453851) stdio___ INFO    Starting STDIN reader (tty: yes, tty name: '/dev/pts/0')
2026-03-02 01:29:17.733323 (453835) session_ INFO    Starting analysis session with session id 'session_0' (launcher: <local>) ...
2026-03-02 01:29:17.735372 (453835) session_ INFO    Analysis session with session id 'session_0' started (pid: 453852)
2026-03-02 01:29:19.167295 (453835) session_ INFO    Analysis session 'session_0' connected to the console (host: 127.0.0.1:32854)
2026-03-02 01:29:28.320734 (453835) lic__man INFO    Unclaim everything for 'session_0'.
2026-03-02 01:29:28.643330 (453835) lic__man INFO    Claim 'fpv' for 'session_0'.
2026-03-02 01:29:28.643383 (453835) lic__man INFO    Claim 'fpv' for 'session_0/prove-0'.
2026-03-02 01:29:30.067422 (453835) lic__man INFO    Unclaim everything for 'session_0/prove-0'.
2026-03-02 01:29:30.156843 (453835) main____ INFO    About to exit: request to exit with status 0 received from analysis session 'session_0'
2026-03-02 01:29:30.372657 (453835) session_ INFO    Analysis session 'session_0' disconnected.
2026-03-02 01:29:30.372835 (453835) lic__man INFO    Unclaim everything for 'session_0'.
2026-03-02 01:29:30.386902 (453835) session_ INFO    Process for analysis session 'session_0' has exited with exit status '0'.
2026-03-02 01:29:32.278749 (453851) stdio___ INFO    STDIN reader requested to stop.
2026-03-02 01:29:32.278822 (453851) stdio___ INFO    STDIN reader stopped.
2026-03-02 01:29:32.285943 (453835) lic_core INFO    (1) checkin jasper_interactive
2026-03-02 01:29:32.302899 (453835) lic_core INFO    (3) checkin jasper_fao
2026-03-02 01:29:32.305656 (453835) main____ INFO    Exiting with status 0.
