2026-03-02 00:31:20.380338 (821634) main____ INFO    ----------------------------------------
2026-03-02 00:31:20.380427 (821634) main____ INFO    Jasper version info
2026-03-02 00:31:20.380443 (821634) main____ INFO      tool      : Jasper 2023.12
2026-03-02 00:31:20.380468 (821634) main____ INFO      version   : 2023.12p001 64 bits
2026-03-02 00:31:20.380481 (821634) main____ INFO      build date: 2024.01.23 16:09:24 UTC
2026-03-02 00:31:20.380491 (821634) main____ INFO    ----------------------------------------
2026-03-02 00:31:20.380500 (821634) main____ INFO    Runtime info:
2026-03-02 00:31:20.380511 (821634) main____ INFO      platform  : Linux 4.18.0-553.89.1.el8_10.x86_64 x86_64
2026-03-02 00:31:20.380530 (821634) main____ INFO      hostname  : caddy10.stanford.edu
2026-03-02 00:31:20.380546 (821634) main____ INFO      pid       : 821634
2026-03-02 00:31:20.380556 (821634) main____ INFO      arguments : '-style' 'windows' '-allow_unsupported_OS' '-no_gui' '-fpv' './synthlc/i_MUL_out/xPerfLocCycleCount/cycle_count_id_stage_s1_.tcl' '-proj' './synthlc/i_MUL_out/xPerfLocCycleCount/cycle_count_id_stage_s1_jgsession_26-03-02-00_31_20'
2026-03-02 00:31:20.380573 (821634) main____ INFO      locale    : UTF-8
2026-03-02 00:31:20.380583 (821634) main____ INFO    ----------------------------------------
2026-03-02 00:31:20.380592 (821634) main____ INFO    System resource limits info:
2026-03-02 00:31:20.380604 (821634) main____ INFO      virtual memory: unlimited
2026-03-02 00:31:20.380615 (821634) main____ INFO      cpu time      : unlimited
2026-03-02 00:31:20.380633 (821634) main____ INFO      processes     : 4096
2026-03-02 00:31:20.380652 (821634) main____ INFO      stack size    : 8388608 B
2026-03-02 00:31:20.380666 (821634) main____ INFO      core file size: 0 B
2026-03-02 00:31:20.380678 (821634) main____ INFO      open files    : 4096
2026-03-02 00:31:20.380691 (821634) main____ INFO      file size     : unlimited
2026-03-02 00:31:20.380700 (821634) main____ INFO    ----------------------------------------
2026-03-02 00:31:20.380709 (821634) main____ INFO    Memory statistics:
2026-03-02 00:31:20.380721 (821634) main____ INFO      total physical memory  : 98449096 kB
2026-03-02 00:31:20.380731 (821634) main____ INFO      free physical memory   : 89196792 kB
2026-03-02 00:31:20.380742 (821634) main____ INFO      committed address space: 4939572 kB
2026-03-02 00:31:20.380752 (821634) main____ INFO    ----------------------------------------
2026-03-02 00:31:20.381896 (821634) main____ INFO    Important environment variables:
2026-03-02 00:31:20.381920 (821634) main____ INFO      CDS_LIC_FILE       : '5280@cadlic0'
2026-03-02 00:31:20.381932 (821634) main____ INFO      JASPER_INSTALL_DIR : '/cad/cadence/jasper_2023.12p001'
2026-03-02 00:31:20.381944 (821634) main____ INFO      JASPER_KERNEL_CHECK: '1'
2026-03-02 00:31:20.381955 (821634) main____ INFO      JASPER_OS_CHECK    : '0'
2026-03-02 00:31:20.381967 (821634) main____ INFO      LANG               : 'en_US.UTF-8'
2026-03-02 00:31:20.381977 (821634) main____ INFO    ----------------------------------------
2026-03-02 00:31:20.383121 (821634) lic_core INFO    Initializing license system ...
2026-03-02 00:31:20.386662 (821634) lic_core INFO    ... license system initialized.
2026-03-02 00:31:20.399999 (821634) lic__man INFO    Claim 'main' for <ui>.
2026-03-02 00:31:20.400087 (821634) lic_core INFO    (1) checking out 'jasper_interactive' ...
2026-03-02 00:31:20.415403 (821634) lic_core INFO    ... (1) checkout succeeded
2026-03-02 00:31:20.415521 (821634) lic__man INFO    Claim 'fpv' for <ui>.
2026-03-02 00:31:20.415549 (821634) lic_core INFO    (2) checking out 'jasper_fpv' ...
2026-03-02 00:31:20.419779 (821634) lic_core INFO    ... (2) checkout failed (error: -5) ("FLEXnet ERROR(-5, 0, 0): No such feature exists.")
2026-03-02 00:31:20.419823 (821634) lic_core INFO    (3) checking out 'jasper_fao' ...
2026-03-02 00:31:20.430540 (821634) lic_core INFO    ... (3) checkout succeeded
2026-03-02 00:31:20.434513 (821645) stdio___ INFO    Starting STDIN reader (tty: yes, tty name: '/dev/pts/7')
2026-03-02 00:31:20.434576 (821634) main____ INFO    Tool inactivity delay is 480000 ms.
2026-03-02 00:31:20.477473 (821634) session_ INFO    Starting analysis session with session id 'session_0' (launcher: <local>) ...
2026-03-02 00:31:20.479369 (821634) session_ INFO    Analysis session with session id 'session_0' started (pid: 821646)
2026-03-02 00:31:21.639113 (821634) session_ INFO    Analysis session 'session_0' connected to the console (host: 127.0.0.1:35828)
2026-03-02 00:31:25.204868 (821634) lic__man INFO    Unclaim everything for 'session_0'.
2026-03-02 00:31:25.432565 (821634) lic__man INFO    Claim 'fpv' for 'session_0'.
2026-03-02 00:31:25.432601 (821634) lic__man INFO    Claim 'fpv' for 'session_0/prove-0'.
2026-03-02 00:31:26.677672 (821634) lic__man INFO    Unclaim everything for 'session_0/prove-0'.
2026-03-02 00:31:26.690788 (821634) lic__man INFO    Claim 'fpv' for 'session_0'.
2026-03-02 00:31:26.690819 (821634) lic__man INFO    Claim 'fpv' for 'session_0/prove-1'.
2026-03-02 00:31:27.794447 (821634) lic__man INFO    Unclaim everything for 'session_0/prove-1'.
2026-03-02 00:31:27.804298 (821634) lic__man INFO    Claim 'fpv' for 'session_0'.
2026-03-02 00:31:27.804332 (821634) lic__man INFO    Claim 'fpv' for 'session_0/prove-2'.
2026-03-02 00:31:29.002199 (821634) lic__man INFO    Unclaim everything for 'session_0/prove-2'.
2026-03-02 00:31:29.010414 (821634) lic__man INFO    Claim 'fpv' for 'session_0'.
2026-03-02 00:31:29.010446 (821634) lic__man INFO    Claim 'fpv' for 'session_0/prove-3'.
2026-03-02 00:31:30.145634 (821634) lic__man INFO    Unclaim everything for 'session_0/prove-3'.
2026-03-02 00:31:30.154225 (821634) lic__man INFO    Claim 'fpv' for 'session_0'.
2026-03-02 00:31:30.154259 (821634) lic__man INFO    Claim 'fpv' for 'session_0/prove-4'.
2026-03-02 00:31:30.973179 (821634) lic__man INFO    Unclaim everything for 'session_0/prove-4'.
2026-03-02 00:31:30.981283 (821634) lic__man INFO    Claim 'fpv' for 'session_0'.
2026-03-02 00:31:30.981315 (821634) lic__man INFO    Claim 'fpv' for 'session_0/prove-5'.
2026-03-02 00:31:32.181472 (821634) lic__man INFO    Unclaim everything for 'session_0/prove-5'.
2026-03-02 00:31:32.233279 (821634) main____ INFO    About to exit: request to exit with status 0 received from analysis session 'session_0'
2026-03-02 00:31:32.377999 (821634) session_ INFO    Analysis session 'session_0' disconnected.
2026-03-02 00:31:32.378137 (821634) lic__man INFO    Unclaim everything for 'session_0'.
2026-03-02 00:31:32.378386 (821634) session_ INFO    Process for analysis session 'session_0' has exited with exit status '0'.
2026-03-02 00:31:34.340542 (821645) stdio___ INFO    STDIN reader requested to stop.
2026-03-02 00:31:34.340594 (821645) stdio___ INFO    STDIN reader stopped.
2026-03-02 00:31:34.340889 (821634) lic_core INFO    (1) checkin jasper_interactive
2026-03-02 00:31:34.342077 (821634) lic_core INFO    (3) checkin jasper_fao
2026-03-02 00:31:34.344103 (821634) main____ INFO    Exiting with status 0.
