2026-02-26 00:50:22.095341 (3567959) main____ INFO    ----------------------------------------
2026-02-26 00:50:22.095450 (3567959) main____ INFO    Jasper version info
2026-02-26 00:50:22.095466 (3567959) main____ INFO      tool      : Jasper 2023.12
2026-02-26 00:50:22.095481 (3567959) main____ INFO      version   : 2023.12p001 64 bits
2026-02-26 00:50:22.095495 (3567959) main____ INFO      build date: 2024.01.23 16:09:24 UTC
2026-02-26 00:50:22.095505 (3567959) main____ INFO    ----------------------------------------
2026-02-26 00:50:22.095514 (3567959) main____ INFO    Runtime info:
2026-02-26 00:50:22.095525 (3567959) main____ INFO      platform  : Linux 4.18.0-553.89.1.el8_10.x86_64 x86_64
2026-02-26 00:50:22.095544 (3567959) main____ INFO      hostname  : caddy15.stanford.edu
2026-02-26 00:50:22.095559 (3567959) main____ INFO      pid       : 3567959
2026-02-26 00:50:22.095570 (3567959) main____ INFO      arguments : '-style' 'windows' '-allow_unsupported_OS' '-no_gui' '-fpv' './synthlc/i_ADDI_out/xPairwiseDepDiv/nunv_anytwo_197_.tcl' '-proj' './synthlc/i_ADDI_out/xPairwiseDepDiv/nunv_anytwo_197_jgsession_26-02-26-00_50_20'
2026-02-26 00:50:22.095587 (3567959) main____ INFO      locale    : UTF-8
2026-02-26 00:50:22.095597 (3567959) main____ INFO    ----------------------------------------
2026-02-26 00:50:22.095606 (3567959) main____ INFO    System resource limits info:
2026-02-26 00:50:22.095632 (3567959) main____ INFO      virtual memory: unlimited
2026-02-26 00:50:22.095644 (3567959) main____ INFO      cpu time      : unlimited
2026-02-26 00:50:22.095664 (3567959) main____ INFO      processes     : 4096
2026-02-26 00:50:22.095686 (3567959) main____ INFO      stack size    : 8388608 B
2026-02-26 00:50:22.095700 (3567959) main____ INFO      core file size: 0 B
2026-02-26 00:50:22.095713 (3567959) main____ INFO      open files    : 4096
2026-02-26 00:50:22.095725 (3567959) main____ INFO      file size     : unlimited
2026-02-26 00:50:22.095735 (3567959) main____ INFO    ----------------------------------------
2026-02-26 00:50:22.095744 (3567959) main____ INFO    Memory statistics:
2026-02-26 00:50:22.095755 (3567959) main____ INFO      total physical memory  : 98449092 kB
2026-02-26 00:50:22.095767 (3567959) main____ INFO      free physical memory   : 71388300 kB
2026-02-26 00:50:22.095778 (3567959) main____ INFO      committed address space: 13441108 kB
2026-02-26 00:50:22.095787 (3567959) main____ INFO    ----------------------------------------
2026-02-26 00:50:22.096973 (3567959) main____ INFO    Important environment variables:
2026-02-26 00:50:22.097000 (3567959) main____ INFO      CDS_LIC_FILE       : '5280@cadlic0'
2026-02-26 00:50:22.097043 (3567959) main____ INFO      JASPER_INSTALL_DIR : '/cad/cadence/jasper_2023.12p001'
2026-02-26 00:50:22.097055 (3567959) main____ INFO      JASPER_KERNEL_CHECK: '1'
2026-02-26 00:50:22.097067 (3567959) main____ INFO      JASPER_OS_CHECK    : '0'
2026-02-26 00:50:22.097079 (3567959) main____ INFO      LANG               : 'en_US.UTF-8'
2026-02-26 00:50:22.097089 (3567959) main____ INFO    ----------------------------------------
2026-02-26 00:50:22.098501 (3567959) lic_core INFO    Initializing license system ...
2026-02-26 00:50:22.122645 (3567959) lic_core INFO    ... license system initialized.
2026-02-26 00:50:22.303643 (3567959) lic__man INFO    Claim 'main' for <ui>.
2026-02-26 00:50:22.303709 (3567959) lic_core INFO    (1) checking out 'jasper_interactive' ...
2026-02-26 00:50:22.340673 (3567959) lic_core INFO    ... (1) checkout succeeded
2026-02-26 00:50:22.340792 (3567959) lic__man INFO    Claim 'fpv' for <ui>.
2026-02-26 00:50:22.340821 (3567959) lic_core INFO    (2) checking out 'jasper_fpv' ...
2026-02-26 00:50:22.400962 (3567959) lic_core INFO    ... (2) checkout failed (error: -5) ("FLEXnet ERROR(-5, 0, 0): No such feature exists.")
2026-02-26 00:50:22.401029 (3567959) lic_core INFO    (3) checking out 'jasper_fao' ...
2026-02-26 00:50:22.467719 (3567959) lic_core INFO    ... (3) checkout succeeded
2026-02-26 00:50:22.469182 (3567959) main____ INFO    Tool inactivity delay is 480000 ms.
2026-02-26 00:50:22.479678 (3567970) stdio___ INFO    Starting STDIN reader (tty: yes, tty name: '/dev/pts/0')
2026-02-26 00:50:22.758428 (3567959) session_ INFO    Starting analysis session with session id 'session_0' (launcher: <local>) ...
2026-02-26 00:50:22.760405 (3567959) session_ INFO    Analysis session with session id 'session_0' started (pid: 3567971)
2026-02-26 00:50:28.247842 (3567959) session_ INFO    Analysis session 'session_0' connected to the console (host: 127.0.0.1:37770)
2026-02-26 00:50:37.762553 (3567959) lic__man INFO    Unclaim everything for 'session_0'.
2026-02-26 00:50:38.222688 (3567959) lic__man INFO    Claim 'fpv' for 'session_0'.
2026-02-26 00:50:38.222731 (3567959) lic__man INFO    Claim 'fpv' for 'session_0/prove-0'.
2026-02-26 00:50:42.586834 (3567959) lic__man INFO    Unclaim everything for 'session_0/prove-0'.
2026-02-26 00:50:42.680560 (3567959) main____ INFO    About to exit: request to exit with status 0 received from analysis session 'session_0'
2026-02-26 00:50:43.073680 (3567959) session_ INFO    Analysis session 'session_0' disconnected.
2026-02-26 00:50:43.073833 (3567959) lic__man INFO    Unclaim everything for 'session_0'.
2026-02-26 00:50:43.074028 (3567959) session_ INFO    Process for analysis session 'session_0' has exited with exit status '0'.
2026-02-26 00:50:44.791380 (3567970) stdio___ INFO    STDIN reader requested to stop.
2026-02-26 00:50:44.791436 (3567970) stdio___ INFO    STDIN reader stopped.
2026-02-26 00:50:44.791789 (3567959) lic_core INFO    (1) checkin jasper_interactive
2026-02-26 00:50:44.802558 (3567959) lic_core INFO    (3) checkin jasper_fao
2026-02-26 00:50:44.806212 (3567959) main____ INFO    Exiting with status 0.
