2026-02-28 19:39:25.242332 (956572) main____ INFO    ----------------------------------------
2026-02-28 19:39:25.242404 (956572) main____ INFO    Jasper version info
2026-02-28 19:39:25.242420 (956572) main____ INFO      tool      : Jasper 2023.12
2026-02-28 19:39:25.242435 (956572) main____ INFO      version   : 2023.12p001 64 bits
2026-02-28 19:39:25.242447 (956572) main____ INFO      build date: 2024.01.23 16:09:24 UTC
2026-02-28 19:39:25.242458 (956572) main____ INFO    ----------------------------------------
2026-02-28 19:39:25.242467 (956572) main____ INFO    Runtime info:
2026-02-28 19:39:25.242478 (956572) main____ INFO      platform  : Linux 4.18.0-553.89.1.el8_10.x86_64 x86_64
2026-02-28 19:39:25.242495 (956572) main____ INFO      hostname  : caddy15.stanford.edu
2026-02-28 19:39:25.242510 (956572) main____ INFO      pid       : 956572
2026-02-28 19:39:25.242522 (956572) main____ INFO      arguments : '-style' 'windows' '-allow_unsupported_OS' '-no_gui' '-fpv' './synthlc/i_ADDI_out/xHBPerfG_dfg_v3_div/HB_29_.tcl' '-proj' './synthlc/i_ADDI_out/xHBPerfG_dfg_v3_div/HB_29_jgsession_26-02-28-19_39_25'
2026-02-28 19:39:25.242537 (956572) main____ INFO      locale    : UTF-8
2026-02-28 19:39:25.242547 (956572) main____ INFO    ----------------------------------------
2026-02-28 19:39:25.242556 (956572) main____ INFO    System resource limits info:
2026-02-28 19:39:25.242569 (956572) main____ INFO      virtual memory: unlimited
2026-02-28 19:39:25.242581 (956572) main____ INFO      cpu time      : unlimited
2026-02-28 19:39:25.242598 (956572) main____ INFO      processes     : 4096
2026-02-28 19:39:25.242617 (956572) main____ INFO      stack size    : 8388608 B
2026-02-28 19:39:25.242631 (956572) main____ INFO      core file size: 0 B
2026-02-28 19:39:25.242644 (956572) main____ INFO      open files    : 4096
2026-02-28 19:39:25.242656 (956572) main____ INFO      file size     : unlimited
2026-02-28 19:39:25.242666 (956572) main____ INFO    ----------------------------------------
2026-02-28 19:39:25.242675 (956572) main____ INFO    Memory statistics:
2026-02-28 19:39:25.242687 (956572) main____ INFO      total physical memory  : 98449092 kB
2026-02-28 19:39:25.242698 (956572) main____ INFO      free physical memory   : 79524552 kB
2026-02-28 19:39:25.242709 (956572) main____ INFO      committed address space: 2390112 kB
2026-02-28 19:39:25.242719 (956572) main____ INFO    ----------------------------------------
2026-02-28 19:39:25.243869 (956572) main____ INFO    Important environment variables:
2026-02-28 19:39:25.243893 (956572) main____ INFO      CDS_LIC_FILE       : '5280@cadlic0'
2026-02-28 19:39:25.243906 (956572) main____ INFO      JASPER_INSTALL_DIR : '/cad/cadence/jasper_2023.12p001'
2026-02-28 19:39:25.243918 (956572) main____ INFO      JASPER_KERNEL_CHECK: '1'
2026-02-28 19:39:25.243930 (956572) main____ INFO      JASPER_OS_CHECK    : '0'
2026-02-28 19:39:25.243942 (956572) main____ INFO      LANG               : 'en_US.UTF-8'
2026-02-28 19:39:25.243952 (956572) main____ INFO    ----------------------------------------
2026-02-28 19:39:25.245094 (956572) lic_core INFO    Initializing license system ...
2026-02-28 19:39:25.246577 (956572) lic_core INFO    ... license system initialized.
2026-02-28 19:39:25.257863 (956572) lic__man INFO    Claim 'main' for <ui>.
2026-02-28 19:39:25.257913 (956572) lic_core INFO    (1) checking out 'jasper_interactive' ...
2026-02-28 19:39:25.270379 (956572) lic_core INFO    ... (1) checkout succeeded
2026-02-28 19:39:25.270448 (956572) lic__man INFO    Claim 'fpv' for <ui>.
2026-02-28 19:39:25.270472 (956572) lic_core INFO    (2) checking out 'jasper_fpv' ...
2026-02-28 19:39:25.274273 (956572) lic_core INFO    ... (2) checkout failed (error: -5) ("FLEXnet ERROR(-5, 0, 0): No such feature exists.")
2026-02-28 19:39:25.274322 (956572) lic_core INFO    (3) checking out 'jasper_fao' ...
2026-02-28 19:39:25.285069 (956572) lic_core INFO    ... (3) checkout succeeded
2026-02-28 19:39:25.286622 (956599) stdio___ INFO    Starting STDIN reader (tty: yes, tty name: '/dev/pts/0')
2026-02-28 19:39:25.286781 (956572) main____ INFO    Tool inactivity delay is 480000 ms.
2026-02-28 19:39:25.330536 (956572) session_ INFO    Starting analysis session with session id 'session_0' (launcher: <local>) ...
2026-02-28 19:39:25.332350 (956572) session_ INFO    Analysis session with session id 'session_0' started (pid: 956601)
2026-02-28 19:39:26.423667 (956572) session_ INFO    Analysis session 'session_0' connected to the console (host: 127.0.0.1:57478)
2026-02-28 19:39:29.552553 (956572) lic__man INFO    Unclaim everything for 'session_0'.
2026-02-28 19:39:29.951887 (956572) lic__man INFO    Claim 'fpv' for 'session_0'.
2026-02-28 19:39:29.951932 (956572) lic__man INFO    Claim 'fpv' for 'session_0/prove-0'.
2026-02-28 19:39:31.821371 (956572) lic__man INFO    Unclaim everything for 'session_0/prove-0'.
2026-02-28 19:39:31.901636 (956572) main____ INFO    About to exit: request to exit with status 0 received from analysis session 'session_0'
2026-02-28 19:39:32.230593 (956572) session_ INFO    Analysis session 'session_0' disconnected.
2026-02-28 19:39:32.230744 (956572) lic__man INFO    Unclaim everything for 'session_0'.
2026-02-28 19:39:32.241514 (956572) session_ INFO    Process for analysis session 'session_0' has exited with exit status '0'.
2026-02-28 19:39:33.913832 (956599) stdio___ INFO    STDIN reader requested to stop.
2026-02-28 19:39:33.913882 (956599) stdio___ INFO    STDIN reader stopped.
2026-02-28 19:39:33.914228 (956572) lic_core INFO    (1) checkin jasper_interactive
2026-02-28 19:39:33.925569 (956572) lic_core INFO    (3) checkin jasper_fao
2026-02-28 19:39:33.940749 (956572) main____ INFO    Exiting with status 0.
