2026-02-25 11:24:47.560869 (3085384) main____ INFO    ----------------------------------------
2026-02-25 11:24:47.560972 (3085384) main____ INFO    Jasper version info
2026-02-25 11:24:47.560988 (3085384) main____ INFO      tool      : Jasper 2023.12
2026-02-25 11:24:47.561003 (3085384) main____ INFO      version   : 2023.12p001 64 bits
2026-02-25 11:24:47.561016 (3085384) main____ INFO      build date: 2024.01.23 16:09:24 UTC
2026-02-25 11:24:47.561025 (3085384) main____ INFO    ----------------------------------------
2026-02-25 11:24:47.561034 (3085384) main____ INFO    Runtime info:
2026-02-25 11:24:47.561045 (3085384) main____ INFO      platform  : Linux 4.18.0-553.89.1.el8_10.x86_64 x86_64
2026-02-25 11:24:47.561064 (3085384) main____ INFO      hostname  : caddy15.stanford.edu
2026-02-25 11:24:47.561080 (3085384) main____ INFO      pid       : 3085384
2026-02-25 11:24:47.561091 (3085384) main____ INFO      arguments : '-style' 'windows' '-allow_unsupported_OS' '-no_gui' '-fpv' './synthlc/i_DIV_out/xPairwiseDepDiv/nunv_anytwo_21_.tcl' '-proj' './synthlc/i_DIV_out/xPairwiseDepDiv/nunv_anytwo_21_jgsession_26-02-25-11_24_46'
2026-02-25 11:24:47.561108 (3085384) main____ INFO      locale    : UTF-8
2026-02-25 11:24:47.561118 (3085384) main____ INFO    ----------------------------------------
2026-02-25 11:24:47.561127 (3085384) main____ INFO    System resource limits info:
2026-02-25 11:24:47.561139 (3085384) main____ INFO      virtual memory: unlimited
2026-02-25 11:24:47.561151 (3085384) main____ INFO      cpu time      : unlimited
2026-02-25 11:24:47.561170 (3085384) main____ INFO      processes     : 4096
2026-02-25 11:24:47.561193 (3085384) main____ INFO      stack size    : 8388608 B
2026-02-25 11:24:47.561206 (3085384) main____ INFO      core file size: 0 B
2026-02-25 11:24:47.561219 (3085384) main____ INFO      open files    : 4096
2026-02-25 11:24:47.561231 (3085384) main____ INFO      file size     : unlimited
2026-02-25 11:24:47.561254 (3085384) main____ INFO    ----------------------------------------
2026-02-25 11:24:47.561263 (3085384) main____ INFO    Memory statistics:
2026-02-25 11:24:47.561274 (3085384) main____ INFO      total physical memory  : 98449092 kB
2026-02-25 11:24:47.561285 (3085384) main____ INFO      free physical memory   : 74067300 kB
2026-02-25 11:24:47.561296 (3085384) main____ INFO      committed address space: 12775056 kB
2026-02-25 11:24:47.561320 (3085384) main____ INFO    ----------------------------------------
2026-02-25 11:24:47.562490 (3085384) main____ INFO    Important environment variables:
2026-02-25 11:24:47.562515 (3085384) main____ INFO      CDS_LIC_FILE       : '5280@cadlic0'
2026-02-25 11:24:47.562528 (3085384) main____ INFO      JASPER_INSTALL_DIR : '/cad/cadence/jasper_2023.12p001'
2026-02-25 11:24:47.562540 (3085384) main____ INFO      JASPER_KERNEL_CHECK: '1'
2026-02-25 11:24:47.562552 (3085384) main____ INFO      JASPER_OS_CHECK    : '0'
2026-02-25 11:24:47.562564 (3085384) main____ INFO      LANG               : 'en_US.UTF-8'
2026-02-25 11:24:47.562573 (3085384) main____ INFO    ----------------------------------------
2026-02-25 11:24:47.564491 (3085384) lic_core INFO    Initializing license system ...
2026-02-25 11:24:47.617159 (3085384) lic_core INFO    ... license system initialized.
2026-02-25 11:24:47.799618 (3085384) lic__man INFO    Claim 'main' for <ui>.
2026-02-25 11:24:47.799687 (3085384) lic_core INFO    (1) checking out 'jasper_interactive' ...
2026-02-25 11:24:47.819344 (3085384) lic_core INFO    ... (1) checkout succeeded
2026-02-25 11:24:47.819453 (3085384) lic__man INFO    Claim 'fpv' for <ui>.
2026-02-25 11:24:47.819484 (3085384) lic_core INFO    (2) checking out 'jasper_fpv' ...
2026-02-25 11:24:47.876873 (3085384) lic_core INFO    ... (2) checkout failed (error: -5) ("FLEXnet ERROR(-5, 0, 0): No such feature exists.")
2026-02-25 11:24:47.876938 (3085384) lic_core INFO    (3) checking out 'jasper_fao' ...
2026-02-25 11:24:47.943472 (3085384) lic_core INFO    ... (3) checkout succeeded
2026-02-25 11:24:47.990230 (3085384) main____ INFO    Tool inactivity delay is 480000 ms.
2026-02-25 11:24:47.998578 (3085395) stdio___ INFO    Starting STDIN reader (tty: yes, tty name: '/dev/pts/0')
2026-02-25 11:24:48.335425 (3085384) session_ INFO    Starting analysis session with session id 'session_0' (launcher: <local>) ...
2026-02-25 11:24:48.337250 (3085384) session_ INFO    Analysis session with session id 'session_0' started (pid: 3085396)
2026-02-25 11:24:52.917908 (3085384) session_ INFO    Analysis session 'session_0' connected to the console (host: 127.0.0.1:60340)
2026-02-25 11:25:03.711408 (3085384) lic__man INFO    Unclaim everything for 'session_0'.
2026-02-25 11:25:04.240758 (3085384) lic__man INFO    Claim 'fpv' for 'session_0'.
2026-02-25 11:25:04.240803 (3085384) lic__man INFO    Claim 'fpv' for 'session_0/prove-0'.
2026-02-25 11:25:07.010804 (3085384) lic__man INFO    Unclaim everything for 'session_0/prove-0'.
2026-02-25 11:25:07.071565 (3085384) main____ INFO    About to exit: request to exit with status 0 received from analysis session 'session_0'
2026-02-25 11:25:07.548648 (3085384) session_ INFO    Analysis session 'session_0' disconnected.
2026-02-25 11:25:07.548796 (3085384) lic__man INFO    Unclaim everything for 'session_0'.
2026-02-25 11:25:07.559557 (3085384) session_ INFO    Process for analysis session 'session_0' has exited with exit status '0'.
2026-02-25 11:25:08.988809 (3085395) stdio___ INFO    STDIN reader requested to stop.
2026-02-25 11:25:08.988863 (3085395) stdio___ INFO    STDIN reader stopped.
2026-02-25 11:25:08.989130 (3085384) lic_core INFO    (1) checkin jasper_interactive
2026-02-25 11:25:08.990314 (3085384) lic_core INFO    (3) checkin jasper_fao
2026-02-25 11:25:08.994443 (3085384) main____ INFO    Exiting with status 0.
