2026-02-26 07:21:43.540903 (3886611) main____ INFO    ----------------------------------------
2026-02-26 07:21:43.541006 (3886611) main____ INFO    Jasper version info
2026-02-26 07:21:43.541022 (3886611) main____ INFO      tool      : Jasper 2023.12
2026-02-26 07:21:43.541038 (3886611) main____ INFO      version   : 2023.12p001 64 bits
2026-02-26 07:21:43.541051 (3886611) main____ INFO      build date: 2024.01.23 16:09:24 UTC
2026-02-26 07:21:43.541061 (3886611) main____ INFO    ----------------------------------------
2026-02-26 07:21:43.541080 (3886611) main____ INFO    Runtime info:
2026-02-26 07:21:43.541091 (3886611) main____ INFO      platform  : Linux 4.18.0-553.89.1.el8_10.x86_64 x86_64
2026-02-26 07:21:43.541111 (3886611) main____ INFO      hostname  : caddy15.stanford.edu
2026-02-26 07:21:43.541126 (3886611) main____ INFO      pid       : 3886611
2026-02-26 07:21:43.541138 (3886611) main____ INFO      arguments : '-style' 'windows' '-allow_unsupported_OS' '-no_gui' '-fpv' './synthlc/i_ADDI_out/xHBPerfG_dfg_v3_div/HB_17_.tcl' '-proj' './synthlc/i_ADDI_out/xHBPerfG_dfg_v3_div/HB_17_jgsession_26-02-26-07_21_42'
2026-02-26 07:21:43.541156 (3886611) main____ INFO      locale    : UTF-8
2026-02-26 07:21:43.541165 (3886611) main____ INFO    ----------------------------------------
2026-02-26 07:21:43.541175 (3886611) main____ INFO    System resource limits info:
2026-02-26 07:21:43.541187 (3886611) main____ INFO      virtual memory: unlimited
2026-02-26 07:21:43.541198 (3886611) main____ INFO      cpu time      : unlimited
2026-02-26 07:21:43.541217 (3886611) main____ INFO      processes     : 4096
2026-02-26 07:21:43.541238 (3886611) main____ INFO      stack size    : 8388608 B
2026-02-26 07:21:43.541252 (3886611) main____ INFO      core file size: 0 B
2026-02-26 07:21:43.541265 (3886611) main____ INFO      open files    : 4096
2026-02-26 07:21:43.541276 (3886611) main____ INFO      file size     : unlimited
2026-02-26 07:21:43.541286 (3886611) main____ INFO    ----------------------------------------
2026-02-26 07:21:43.541295 (3886611) main____ INFO    Memory statistics:
2026-02-26 07:21:43.541319 (3886611) main____ INFO      total physical memory  : 98449092 kB
2026-02-26 07:21:43.541331 (3886611) main____ INFO      free physical memory   : 70227544 kB
2026-02-26 07:21:43.541342 (3886611) main____ INFO      committed address space: 13797656 kB
2026-02-26 07:21:43.541351 (3886611) main____ INFO    ----------------------------------------
2026-02-26 07:21:43.542523 (3886611) main____ INFO    Important environment variables:
2026-02-26 07:21:43.542548 (3886611) main____ INFO      CDS_LIC_FILE       : '5280@cadlic0'
2026-02-26 07:21:43.542560 (3886611) main____ INFO      JASPER_INSTALL_DIR : '/cad/cadence/jasper_2023.12p001'
2026-02-26 07:21:43.542573 (3886611) main____ INFO      JASPER_KERNEL_CHECK: '1'
2026-02-26 07:21:43.542584 (3886611) main____ INFO      JASPER_OS_CHECK    : '0'
2026-02-26 07:21:43.542596 (3886611) main____ INFO      LANG               : 'en_US.UTF-8'
2026-02-26 07:21:43.542606 (3886611) main____ INFO    ----------------------------------------
2026-02-26 07:21:43.545468 (3886611) lic_core INFO    Initializing license system ...
2026-02-26 07:21:43.569979 (3886611) lic_core INFO    ... license system initialized.
2026-02-26 07:21:43.743786 (3886611) lic__man INFO    Claim 'main' for <ui>.
2026-02-26 07:21:43.743856 (3886611) lic_core INFO    (1) checking out 'jasper_interactive' ...
2026-02-26 07:21:43.805651 (3886611) lic_core INFO    ... (1) checkout succeeded
2026-02-26 07:21:43.805756 (3886611) lic__man INFO    Claim 'fpv' for <ui>.
2026-02-26 07:21:43.805785 (3886611) lic_core INFO    (2) checking out 'jasper_fpv' ...
2026-02-26 07:21:43.862930 (3886611) lic_core INFO    ... (2) checkout failed (error: -5) ("FLEXnet ERROR(-5, 0, 0): No such feature exists.")
2026-02-26 07:21:43.862995 (3886611) lic_core INFO    (3) checking out 'jasper_fao' ...
2026-02-26 07:21:43.934579 (3886611) lic_core INFO    ... (3) checkout succeeded
2026-02-26 07:21:43.950261 (3886611) main____ INFO    Tool inactivity delay is 480000 ms.
2026-02-26 07:21:43.958582 (3886622) stdio___ INFO    Starting STDIN reader (tty: yes, tty name: '/dev/pts/0')
2026-02-26 07:21:44.277418 (3886611) session_ INFO    Starting analysis session with session id 'session_0' (launcher: <local>) ...
2026-02-26 07:21:44.279445 (3886611) session_ INFO    Analysis session with session id 'session_0' started (pid: 3886623)
2026-02-26 07:21:46.466701 (3886611) session_ INFO    Analysis session 'session_0' connected to the console (host: 127.0.0.1:54264)
2026-02-26 07:21:56.363407 (3886611) lic__man INFO    Unclaim everything for 'session_0'.
2026-02-26 07:21:56.895901 (3886611) lic__man INFO    Claim 'fpv' for 'session_0'.
2026-02-26 07:21:56.895951 (3886611) lic__man INFO    Claim 'fpv' for 'session_0/prove-0'.
2026-02-26 07:22:00.746332 (3886611) lic__man INFO    Unclaim everything for 'session_0/prove-0'.
2026-02-26 07:22:00.798623 (3886611) main____ INFO    About to exit: request to exit with status 0 received from analysis session 'session_0'
2026-02-26 07:22:01.276640 (3886611) session_ INFO    Analysis session 'session_0' disconnected.
2026-02-26 07:22:01.276792 (3886611) lic__man INFO    Unclaim everything for 'session_0'.
2026-02-26 07:22:01.276982 (3886611) session_ INFO    Process for analysis session 'session_0' has exited with exit status '0'.
2026-02-26 07:22:02.910215 (3886622) stdio___ INFO    STDIN reader requested to stop.
2026-02-26 07:22:02.910266 (3886622) stdio___ INFO    STDIN reader stopped.
2026-02-26 07:22:02.910606 (3886611) lic_core INFO    (1) checkin jasper_interactive
2026-02-26 07:22:02.913232 (3886611) lic_core INFO    (3) checkin jasper_fao
2026-02-26 07:22:02.935680 (3886611) main____ INFO    Exiting with status 0.
