2026-03-01 01:57:09.094695 (1239236) main____ INFO    ----------------------------------------
2026-03-01 01:57:09.094762 (1239236) main____ INFO    Jasper version info
2026-03-01 01:57:09.094777 (1239236) main____ INFO      tool      : Jasper 2023.12
2026-03-01 01:57:09.094791 (1239236) main____ INFO      version   : 2023.12p001 64 bits
2026-03-01 01:57:09.094804 (1239236) main____ INFO      build date: 2024.01.23 16:09:24 UTC
2026-03-01 01:57:09.094814 (1239236) main____ INFO    ----------------------------------------
2026-03-01 01:57:09.094824 (1239236) main____ INFO    Runtime info:
2026-03-01 01:57:09.094835 (1239236) main____ INFO      platform  : Linux 4.18.0-553.89.1.el8_10.x86_64 x86_64
2026-03-01 01:57:09.094851 (1239236) main____ INFO      hostname  : caddy15.stanford.edu
2026-03-01 01:57:09.094867 (1239236) main____ INFO      pid       : 1239236
2026-03-01 01:57:09.094878 (1239236) main____ INFO      arguments : '-style' 'windows' '-allow_unsupported_OS' '-no_gui' '-fpv' './synthlc/i_LW_out/xCollectReEvalLeaveOrder/com_2_0_.tcl' '-proj' './synthlc/i_LW_out/xCollectReEvalLeaveOrder/com_2_0_jgsession_26-03-01-01_57_08'
2026-03-01 01:57:09.094893 (1239236) main____ INFO      locale    : UTF-8
2026-03-01 01:57:09.094903 (1239236) main____ INFO    ----------------------------------------
2026-03-01 01:57:09.094912 (1239236) main____ INFO    System resource limits info:
2026-03-01 01:57:09.094925 (1239236) main____ INFO      virtual memory: unlimited
2026-03-01 01:57:09.094937 (1239236) main____ INFO      cpu time      : unlimited
2026-03-01 01:57:09.094954 (1239236) main____ INFO      processes     : 4096
2026-03-01 01:57:09.094972 (1239236) main____ INFO      stack size    : 8388608 B
2026-03-01 01:57:09.094987 (1239236) main____ INFO      core file size: 0 B
2026-03-01 01:57:09.095002 (1239236) main____ INFO      open files    : 4096
2026-03-01 01:57:09.095014 (1239236) main____ INFO      file size     : unlimited
2026-03-01 01:57:09.095025 (1239236) main____ INFO    ----------------------------------------
2026-03-01 01:57:09.095036 (1239236) main____ INFO    Memory statistics:
2026-03-01 01:57:09.095048 (1239236) main____ INFO      total physical memory  : 98449092 kB
2026-03-01 01:57:09.095059 (1239236) main____ INFO      free physical memory   : 79849100 kB
2026-03-01 01:57:09.095071 (1239236) main____ INFO      committed address space: 1300968 kB
2026-03-01 01:57:09.095080 (1239236) main____ INFO    ----------------------------------------
2026-03-01 01:57:09.096212 (1239236) main____ INFO    Important environment variables:
2026-03-01 01:57:09.096238 (1239236) main____ INFO      CDS_LIC_FILE       : '5280@cadlic0'
2026-03-01 01:57:09.096251 (1239236) main____ INFO      JASPER_INSTALL_DIR : '/cad/cadence/jasper_2023.12p001'
2026-03-01 01:57:09.096263 (1239236) main____ INFO      JASPER_KERNEL_CHECK: '1'
2026-03-01 01:57:09.096275 (1239236) main____ INFO      JASPER_OS_CHECK    : '0'
2026-03-01 01:57:09.096297 (1239236) main____ INFO      LANG               : 'en_US.UTF-8'
2026-03-01 01:57:09.096318 (1239236) main____ INFO    ----------------------------------------
2026-03-01 01:57:09.097463 (1239236) lic_core INFO    Initializing license system ...
2026-03-01 01:57:09.098970 (1239236) lic_core INFO    ... license system initialized.
2026-03-01 01:57:09.111374 (1239236) lic__man INFO    Claim 'main' for <ui>.
2026-03-01 01:57:09.111420 (1239236) lic_core INFO    (1) checking out 'jasper_interactive' ...
2026-03-01 01:57:09.124525 (1239236) lic_core INFO    ... (1) checkout succeeded
2026-03-01 01:57:09.124583 (1239236) lic__man INFO    Claim 'fpv' for <ui>.
2026-03-01 01:57:09.124602 (1239236) lic_core INFO    (2) checking out 'jasper_fpv' ...
2026-03-01 01:57:09.128768 (1239236) lic_core INFO    ... (2) checkout failed (error: -5) ("FLEXnet ERROR(-5, 0, 0): No such feature exists.")
2026-03-01 01:57:09.128814 (1239236) lic_core INFO    (3) checking out 'jasper_fao' ...
2026-03-01 01:57:09.139796 (1239236) lic_core INFO    ... (3) checkout succeeded
2026-03-01 01:57:09.140800 (1239259) stdio___ INFO    Starting STDIN reader (tty: yes, tty name: '/dev/pts/0')
2026-03-01 01:57:09.140959 (1239236) main____ INFO    Tool inactivity delay is 480000 ms.
2026-03-01 01:57:09.182065 (1239236) session_ INFO    Starting analysis session with session id 'session_0' (launcher: <local>) ...
2026-03-01 01:57:09.183880 (1239236) session_ INFO    Analysis session with session id 'session_0' started (pid: 1239261)
2026-03-01 01:57:10.277181 (1239236) session_ INFO    Analysis session 'session_0' connected to the console (host: 127.0.0.1:51422)
2026-03-01 01:57:13.271908 (1239236) lic__man INFO    Unclaim everything for 'session_0'.
2026-03-01 01:57:13.483845 (1239236) lic__man INFO    Claim 'fpv' for 'session_0'.
2026-03-01 01:57:13.483877 (1239236) lic__man INFO    Claim 'fpv' for 'session_0/prove-0'.
2026-03-01 01:57:14.627492 (1239236) lic__man INFO    Unclaim everything for 'session_0/prove-0'.
2026-03-01 01:57:14.670458 (1239236) main____ INFO    About to exit: request to exit with status 0 received from analysis session 'session_0'
2026-03-01 01:57:14.819750 (1239236) session_ INFO    Analysis session 'session_0' disconnected.
2026-03-01 01:57:14.819946 (1239236) lic__man INFO    Unclaim everything for 'session_0'.
2026-03-01 01:57:14.820138 (1239236) session_ INFO    Process for analysis session 'session_0' has exited with exit status '0'.
2026-03-01 01:57:16.777809 (1239259) stdio___ INFO    STDIN reader requested to stop.
2026-03-01 01:57:16.777846 (1239259) stdio___ INFO    STDIN reader stopped.
2026-03-01 01:57:16.778066 (1239236) lic_core INFO    (1) checkin jasper_interactive
2026-03-01 01:57:16.779683 (1239236) lic_core INFO    (3) checkin jasper_fao
2026-03-01 01:57:16.780682 (1239236) main____ INFO    Exiting with status 0.
