2026-02-26 08:50:14.430493 (3951213) main____ INFO    ----------------------------------------
2026-02-26 08:50:14.430587 (3951213) main____ INFO    Jasper version info
2026-02-26 08:50:14.430602 (3951213) main____ INFO      tool      : Jasper 2023.12
2026-02-26 08:50:14.430618 (3951213) main____ INFO      version   : 2023.12p001 64 bits
2026-02-26 08:50:14.430631 (3951213) main____ INFO      build date: 2024.01.23 16:09:24 UTC
2026-02-26 08:50:14.430641 (3951213) main____ INFO    ----------------------------------------
2026-02-26 08:50:14.430650 (3951213) main____ INFO    Runtime info:
2026-02-26 08:50:14.430661 (3951213) main____ INFO      platform  : Linux 4.18.0-553.89.1.el8_10.x86_64 x86_64
2026-02-26 08:50:14.430680 (3951213) main____ INFO      hostname  : caddy15.stanford.edu
2026-02-26 08:50:14.430696 (3951213) main____ INFO      pid       : 3951213
2026-02-26 08:50:14.430707 (3951213) main____ INFO      arguments : '-style' 'windows' '-allow_unsupported_OS' '-no_gui' '-fpv' './synthlc/i_ADDI_out/xPerfLocCycleCount/cycle_count_div_fsm_s12_.tcl' '-proj' './synthlc/i_ADDI_out/xPerfLocCycleCount/cycle_count_div_fsm_s12_jgsession_26-02-26-08_50_14'
2026-02-26 08:50:14.430726 (3951213) main____ INFO      locale    : UTF-8
2026-02-26 08:50:14.430736 (3951213) main____ INFO    ----------------------------------------
2026-02-26 08:50:14.430745 (3951213) main____ INFO    System resource limits info:
2026-02-26 08:50:14.430757 (3951213) main____ INFO      virtual memory: unlimited
2026-02-26 08:50:14.430769 (3951213) main____ INFO      cpu time      : unlimited
2026-02-26 08:50:14.430787 (3951213) main____ INFO      processes     : 4096
2026-02-26 08:50:14.430808 (3951213) main____ INFO      stack size    : 8388608 B
2026-02-26 08:50:14.430822 (3951213) main____ INFO      core file size: 0 B
2026-02-26 08:50:14.430835 (3951213) main____ INFO      open files    : 4096
2026-02-26 08:50:14.430847 (3951213) main____ INFO      file size     : unlimited
2026-02-26 08:50:14.430857 (3951213) main____ INFO    ----------------------------------------
2026-02-26 08:50:14.430866 (3951213) main____ INFO    Memory statistics:
2026-02-26 08:50:14.430878 (3951213) main____ INFO      total physical memory  : 98449092 kB
2026-02-26 08:50:14.430889 (3951213) main____ INFO      free physical memory   : 74732712 kB
2026-02-26 08:50:14.430900 (3951213) main____ INFO      committed address space: 7742316 kB
2026-02-26 08:50:14.430910 (3951213) main____ INFO    ----------------------------------------
2026-02-26 08:50:14.432080 (3951213) main____ INFO    Important environment variables:
2026-02-26 08:50:14.432108 (3951213) main____ INFO      CDS_LIC_FILE       : '5280@cadlic0'
2026-02-26 08:50:14.432121 (3951213) main____ INFO      JASPER_INSTALL_DIR : '/cad/cadence/jasper_2023.12p001'
2026-02-26 08:50:14.432133 (3951213) main____ INFO      JASPER_KERNEL_CHECK: '1'
2026-02-26 08:50:14.432145 (3951213) main____ INFO      JASPER_OS_CHECK    : '0'
2026-02-26 08:50:14.432164 (3951213) main____ INFO      LANG               : 'en_US.UTF-8'
2026-02-26 08:50:14.432174 (3951213) main____ INFO    ----------------------------------------
2026-02-26 08:50:14.433268 (3951213) lic_core INFO    Initializing license system ...
2026-02-26 08:50:14.436595 (3951213) lic_core INFO    ... license system initialized.
2026-02-26 08:50:14.492826 (3951213) lic__man INFO    Claim 'main' for <ui>.
2026-02-26 08:50:14.492890 (3951213) lic_core INFO    (1) checking out 'jasper_interactive' ...
2026-02-26 08:50:14.505201 (3951213) lic_core INFO    ... (1) checkout succeeded
2026-02-26 08:50:14.505314 (3951213) lic__man INFO    Claim 'fpv' for <ui>.
2026-02-26 08:50:14.505342 (3951213) lic_core INFO    (2) checking out 'jasper_fpv' ...
2026-02-26 08:50:14.509474 (3951213) lic_core INFO    ... (2) checkout failed (error: -5) ("FLEXnet ERROR(-5, 0, 0): No such feature exists.")
2026-02-26 08:50:14.509523 (3951213) lic_core INFO    (3) checking out 'jasper_fao' ...
2026-02-26 08:50:14.520418 (3951213) lic_core INFO    ... (3) checkout succeeded
2026-02-26 08:50:14.523838 (3951224) stdio___ INFO    Starting STDIN reader (tty: yes, tty name: '/dev/pts/0')
2026-02-26 08:50:14.523987 (3951213) main____ INFO    Tool inactivity delay is 480000 ms.
2026-02-26 08:50:14.645227 (3951213) session_ INFO    Starting analysis session with session id 'session_0' (launcher: <local>) ...
2026-02-26 08:50:14.647144 (3951213) session_ INFO    Analysis session with session id 'session_0' started (pid: 3951225)
2026-02-26 08:50:15.917329 (3951213) session_ INFO    Analysis session 'session_0' connected to the console (host: 127.0.0.1:37566)
2026-02-26 08:50:19.502722 (3951213) lic__man INFO    Unclaim everything for 'session_0'.
2026-02-26 08:50:19.740168 (3951213) lic__man INFO    Claim 'fpv' for 'session_0'.
2026-02-26 08:50:19.740214 (3951213) lic__man INFO    Claim 'fpv' for 'session_0/prove-0'.
2026-02-26 08:50:51.224612 (3951213) lic__man INFO    Unclaim everything for 'session_0/prove-0'.
2026-02-26 08:50:51.245131 (3951213) lic__man INFO    Claim 'fpv' for 'session_0'.
2026-02-26 08:50:51.245179 (3951213) lic__man INFO    Claim 'fpv' for 'session_0/prove-1'.
2026-02-26 08:51:28.091573 (3951213) lic__man INFO    Unclaim everything for 'session_0/prove-1'.
2026-02-26 08:51:28.111776 (3951213) lic__man INFO    Claim 'fpv' for 'session_0'.
2026-02-26 08:51:28.111821 (3951213) lic__man INFO    Claim 'fpv' for 'session_0/prove-2'.
2026-02-26 08:52:22.503260 (3951213) lic__man INFO    Unclaim everything for 'session_0/prove-2'.
2026-02-26 08:52:22.534145 (3951213) lic__man INFO    Claim 'fpv' for 'session_0'.
2026-02-26 08:52:22.534198 (3951213) lic__man INFO    Claim 'fpv' for 'session_0/prove-3'.
2026-02-26 08:53:20.337608 (3951213) lic__man INFO    Unclaim everything for 'session_0/prove-3'.
2026-02-26 08:53:20.356578 (3951213) lic__man INFO    Claim 'fpv' for 'session_0'.
2026-02-26 08:53:20.356633 (3951213) lic__man INFO    Claim 'fpv' for 'session_0/prove-4'.
2026-02-26 08:54:22.220730 (3951213) lic__man INFO    Unclaim everything for 'session_0/prove-4'.
2026-02-26 08:54:22.251467 (3951213) lic__man INFO    Claim 'fpv' for 'session_0'.
2026-02-26 08:54:22.251504 (3951213) lic__man INFO    Claim 'fpv' for 'session_0/prove-5'.
2026-02-26 08:55:34.509507 (3951213) lic__man INFO    Unclaim everything for 'session_0/prove-5'.
2026-02-26 08:55:34.512567 (3951213) lic__man INFO    Claim 'fpv' for 'session_0'.
2026-02-26 08:55:34.512600 (3951213) lic__man INFO    Claim 'fpv' for 'session_0/prove-6'.
2026-02-26 08:56:33.442893 (3951213) lic__man INFO    Unclaim everything for 'session_0/prove-6'.
2026-02-26 08:56:33.496543 (3951213) main____ INFO    About to exit: request to exit with status 0 received from analysis session 'session_0'
2026-02-26 08:56:33.643772 (3951213) session_ INFO    Analysis session 'session_0' disconnected.
2026-02-26 08:56:33.643950 (3951213) lic__man INFO    Unclaim everything for 'session_0'.
2026-02-26 08:56:33.644581 (3951213) session_ INFO    Process for analysis session 'session_0' has exited with exit status '0'.
2026-02-26 08:56:35.404646 (3951224) stdio___ INFO    STDIN reader requested to stop.
2026-02-26 08:56:35.404707 (3951224) stdio___ INFO    STDIN reader stopped.
2026-02-26 08:56:35.405422 (3951213) lic_core INFO    (1) checkin jasper_interactive
2026-02-26 08:56:35.406334 (3951213) lic_core INFO    (3) checkin jasper_fao
2026-02-26 08:56:35.409190 (3951213) main____ INFO    Exiting with status 0.
