2026-03-02 00:46:33.661192 (423866) main____ INFO    ----------------------------------------
2026-03-02 00:46:33.661296 (423866) main____ INFO    Jasper version info
2026-03-02 00:46:33.661313 (423866) main____ INFO      tool      : Jasper 2023.12
2026-03-02 00:46:33.661328 (423866) main____ INFO      version   : 2023.12p001 64 bits
2026-03-02 00:46:33.661342 (423866) main____ INFO      build date: 2024.01.23 16:09:24 UTC
2026-03-02 00:46:33.661353 (423866) main____ INFO    ----------------------------------------
2026-03-02 00:46:33.661362 (423866) main____ INFO    Runtime info:
2026-03-02 00:46:33.661374 (423866) main____ INFO      platform  : Linux 4.18.0-553.89.1.el8_10.x86_64 x86_64
2026-03-02 00:46:33.661394 (423866) main____ INFO      hostname  : caddy12.stanford.edu
2026-03-02 00:46:33.661409 (423866) main____ INFO      pid       : 423866
2026-03-02 00:46:33.661421 (423866) main____ INFO      arguments : '-style' 'windows' '-allow_unsupported_OS' '-no_gui' '-fpv' './synthlc/i_MUL_out/xPairwiseDepDiv/nunv_anytwo_19_.tcl' '-proj' './synthlc/i_MUL_out/xPairwiseDepDiv/nunv_anytwo_19_jgsession_26-03-02-00_46_33'
2026-03-02 00:46:33.661438 (423866) main____ INFO      locale    : UTF-8
2026-03-02 00:46:33.661448 (423866) main____ INFO    ----------------------------------------
2026-03-02 00:46:33.661458 (423866) main____ INFO    System resource limits info:
2026-03-02 00:46:33.661471 (423866) main____ INFO      virtual memory: unlimited
2026-03-02 00:46:33.661483 (423866) main____ INFO      cpu time      : unlimited
2026-03-02 00:46:33.661502 (423866) main____ INFO      processes     : 4096
2026-03-02 00:46:33.661522 (423866) main____ INFO      stack size    : 8388608 B
2026-03-02 00:46:33.661537 (423866) main____ INFO      core file size: 0 B
2026-03-02 00:46:33.661551 (423866) main____ INFO      open files    : 4096
2026-03-02 00:46:33.661563 (423866) main____ INFO      file size     : unlimited
2026-03-02 00:46:33.661574 (423866) main____ INFO    ----------------------------------------
2026-03-02 00:46:33.661583 (423866) main____ INFO    Memory statistics:
2026-03-02 00:46:33.661596 (423866) main____ INFO      total physical memory  : 98449088 kB
2026-03-02 00:46:33.661608 (423866) main____ INFO      free physical memory   : 82355360 kB
2026-03-02 00:46:33.661631 (423866) main____ INFO      committed address space: 13599592 kB
2026-03-02 00:46:33.661641 (423866) main____ INFO    ----------------------------------------
2026-03-02 00:46:33.662840 (423866) main____ INFO    Important environment variables:
2026-03-02 00:46:33.662870 (423866) main____ INFO      CDS_LIC_FILE       : '5280@cadlic0'
2026-03-02 00:46:33.662885 (423866) main____ INFO      DISPLAY            : 'localhost:12.0'
2026-03-02 00:46:33.662897 (423866) main____ INFO      JASPER_INSTALL_DIR : '/cad/cadence/jasper_2023.12p001'
2026-03-02 00:46:33.662910 (423866) main____ INFO      JASPER_KERNEL_CHECK: '1'
2026-03-02 00:46:33.662923 (423866) main____ INFO      JASPER_OS_CHECK    : '0'
2026-03-02 00:46:33.662936 (423866) main____ INFO      LANG               : 'zh_TW.UTF-8'
2026-03-02 00:46:33.662946 (423866) main____ INFO    ----------------------------------------
2026-03-02 00:46:33.664860 (423866) lic_core INFO    Initializing license system ...
2026-03-02 00:46:33.687995 (423866) lic_core INFO    ... license system initialized.
2026-03-02 00:46:33.821389 (423866) lic__man INFO    Claim 'main' for <ui>.
2026-03-02 00:46:33.821463 (423866) lic_core INFO    (1) checking out 'jasper_interactive' ...
2026-03-02 00:46:33.835299 (423866) lic_core INFO    ... (1) checkout succeeded
2026-03-02 00:46:33.835412 (423866) lic__man INFO    Claim 'fpv' for <ui>.
2026-03-02 00:46:33.835441 (423866) lic_core INFO    (2) checking out 'jasper_fpv' ...
2026-03-02 00:46:33.847013 (423866) lic_core INFO    ... (2) checkout failed (error: -5) ("FLEXnet ERROR(-5, 0, 0): No such feature exists.")
2026-03-02 00:46:33.847072 (423866) lic_core INFO    (3) checking out 'jasper_fao' ...
2026-03-02 00:46:33.874839 (423866) lic_core INFO    ... (3) checkout succeeded
2026-03-02 00:46:33.878186 (423866) main____ INFO    Tool inactivity delay is 480000 ms.
2026-03-02 00:46:33.878482 (423898) stdio___ INFO    Starting STDIN reader (tty: yes, tty name: '/dev/pts/0')
2026-03-02 00:46:33.965522 (423866) session_ INFO    Starting analysis session with session id 'session_0' (launcher: <local>) ...
2026-03-02 00:46:33.967402 (423866) session_ INFO    Analysis session with session id 'session_0' started (pid: 423900)
2026-03-02 00:46:35.364232 (423866) session_ INFO    Analysis session 'session_0' connected to the console (host: 127.0.0.1:59296)
2026-03-02 00:46:39.831521 (423866) lic__man INFO    Unclaim everything for 'session_0'.
2026-03-02 00:46:40.206786 (423866) lic__man INFO    Claim 'fpv' for 'session_0'.
2026-03-02 00:46:40.206850 (423866) lic__man INFO    Claim 'fpv' for 'session_0/prove-0'.
2026-03-02 00:49:47.226037 (423866) lic__man INFO    Unclaim everything for 'session_0/prove-0'.
2026-03-02 00:49:47.244019 (423866) main____ INFO    About to exit: request to exit with status 0 received from analysis session 'session_0'
2026-03-02 00:49:47.489680 (423866) session_ INFO    Analysis session 'session_0' disconnected.
2026-03-02 00:49:47.489844 (423866) lic__man INFO    Unclaim everything for 'session_0'.
2026-03-02 00:49:47.492379 (423866) session_ INFO    Process for analysis session 'session_0' has exited with exit status '0'.
2026-03-02 00:49:49.359199 (423898) stdio___ INFO    STDIN reader requested to stop.
2026-03-02 00:49:49.359262 (423898) stdio___ INFO    STDIN reader stopped.
2026-03-02 00:49:49.369969 (423866) lic_core INFO    (1) checkin jasper_interactive
2026-03-02 00:49:49.379873 (423866) lic_core INFO    (3) checkin jasper_fao
2026-03-02 00:49:49.439898 (423866) main____ INFO    Exiting with status 0.
