2026-03-01 08:08:03.012831 (4130334) main____ INFO    ----------------------------------------
2026-03-01 08:08:03.012924 (4130334) main____ INFO    Jasper version info
2026-03-01 08:08:03.012940 (4130334) main____ INFO      tool      : Jasper 2023.12
2026-03-01 08:08:03.012961 (4130334) main____ INFO      version   : 2023.12p001 64 bits
2026-03-01 08:08:03.012984 (4130334) main____ INFO      build date: 2024.01.23 16:09:24 UTC
2026-03-01 08:08:03.012995 (4130334) main____ INFO    ----------------------------------------
2026-03-01 08:08:03.013006 (4130334) main____ INFO    Runtime info:
2026-03-01 08:08:03.013017 (4130334) main____ INFO      platform  : Linux 4.18.0-553.89.1.el8_10.x86_64 x86_64
2026-03-01 08:08:03.013035 (4130334) main____ INFO      hostname  : caddy12.stanford.edu
2026-03-01 08:08:03.013051 (4130334) main____ INFO      pid       : 4130334
2026-03-01 08:08:03.013062 (4130334) main____ INFO      arguments : '-style' 'windows' '-allow_unsupported_OS' '-no_gui' '-fpv' './synthlc/i_LW_out/xPerfLocSubsetDiv/coverset_142_.tcl' '-proj' './synthlc/i_LW_out/xPerfLocSubsetDiv/coverset_142_jgsession_26-03-01-08_08_02'
2026-03-01 08:08:03.013078 (4130334) main____ INFO      locale    : UTF-8
2026-03-01 08:08:03.013089 (4130334) main____ INFO    ----------------------------------------
2026-03-01 08:08:03.013099 (4130334) main____ INFO    System resource limits info:
2026-03-01 08:08:03.013112 (4130334) main____ INFO      virtual memory: unlimited
2026-03-01 08:08:03.013125 (4130334) main____ INFO      cpu time      : unlimited
2026-03-01 08:08:03.013142 (4130334) main____ INFO      processes     : 4096
2026-03-01 08:08:03.013161 (4130334) main____ INFO      stack size    : 8388608 B
2026-03-01 08:08:03.014237 (4130334) main____ INFO      core file size: 0 B
2026-03-01 08:08:03.014251 (4130334) main____ INFO      open files    : 4096
2026-03-01 08:08:03.014264 (4130334) main____ INFO      file size     : unlimited
2026-03-01 08:08:03.014275 (4130334) main____ INFO    ----------------------------------------
2026-03-01 08:08:03.014285 (4130334) main____ INFO    Memory statistics:
2026-03-01 08:08:03.014297 (4130334) main____ INFO      total physical memory  : 98449088 kB
2026-03-01 08:08:03.014309 (4130334) main____ INFO      free physical memory   : 86613988 kB
2026-03-01 08:08:03.014322 (4130334) main____ INFO      committed address space: 7442112 kB
2026-03-01 08:08:03.014332 (4130334) main____ INFO    ----------------------------------------
2026-03-01 08:08:03.015505 (4130334) main____ INFO    Important environment variables:
2026-03-01 08:08:03.016395 (4130334) main____ INFO      CDS_LIC_FILE       : '5280@cadlic0'
2026-03-01 08:08:03.016428 (4130334) main____ INFO      DISPLAY            : 'localhost:12.0'
2026-03-01 08:08:03.016442 (4130334) main____ INFO      JASPER_INSTALL_DIR : '/cad/cadence/jasper_2023.12p001'
2026-03-01 08:08:03.016456 (4130334) main____ INFO      JASPER_KERNEL_CHECK: '1'
2026-03-01 08:08:03.016469 (4130334) main____ INFO      JASPER_OS_CHECK    : '0'
2026-03-01 08:08:03.016482 (4130334) main____ INFO      LANG               : 'zh_TW.UTF-8'
2026-03-01 08:08:03.016493 (4130334) main____ INFO    ----------------------------------------
2026-03-01 08:08:03.017727 (4130334) lic_core INFO    Initializing license system ...
2026-03-01 08:08:03.019537 (4130334) lic_core INFO    ... license system initialized.
2026-03-01 08:08:03.032039 (4130334) lic__man INFO    Claim 'main' for <ui>.
2026-03-01 08:08:03.032095 (4130334) lic_core INFO    (1) checking out 'jasper_interactive' ...
2026-03-01 08:08:03.044492 (4130334) lic_core INFO    ... (1) checkout succeeded
2026-03-01 08:08:03.044567 (4130334) lic__man INFO    Claim 'fpv' for <ui>.
2026-03-01 08:08:03.044594 (4130334) lic_core INFO    (2) checking out 'jasper_fpv' ...
2026-03-01 08:08:03.048783 (4130334) lic_core INFO    ... (2) checkout failed (error: -5) ("FLEXnet ERROR(-5, 0, 0): No such feature exists.")
2026-03-01 08:08:03.049197 (4130334) lic_core INFO    (3) checking out 'jasper_fao' ...
2026-03-01 08:08:03.060193 (4130334) lic_core INFO    ... (3) checkout succeeded
2026-03-01 08:08:03.061143 (4130365) stdio___ INFO    Starting STDIN reader (tty: yes, tty name: '/dev/pts/0')
2026-03-01 08:08:03.061296 (4130334) main____ INFO    Tool inactivity delay is 480000 ms.
2026-03-01 08:08:03.108372 (4130334) session_ INFO    Starting analysis session with session id 'session_0' (launcher: <local>) ...
2026-03-01 08:08:03.110203 (4130334) session_ INFO    Analysis session with session id 'session_0' started (pid: 4130366)
2026-03-01 08:08:04.197855 (4130334) session_ INFO    Analysis session 'session_0' connected to the console (host: 127.0.0.1:38002)
2026-03-01 08:08:07.431101 (4130334) lic__man INFO    Unclaim everything for 'session_0'.
2026-03-01 08:08:07.904261 (4130334) lic__man INFO    Claim 'fpv' for 'session_0'.
2026-03-01 08:08:07.904309 (4130334) lic__man INFO    Claim 'fpv' for 'session_0/prove-0'.
2026-03-01 08:08:11.364865 (4130334) lic__man INFO    Unclaim everything for 'session_0/prove-0'.
2026-03-01 08:08:11.407782 (4130334) main____ INFO    About to exit: request to exit with status 0 received from analysis session 'session_0'
2026-03-01 08:08:11.544239 (4130334) session_ INFO    Analysis session 'session_0' disconnected.
2026-03-01 08:08:11.544442 (4130334) lic__man INFO    Unclaim everything for 'session_0'.
2026-03-01 08:08:11.544632 (4130334) session_ INFO    Process for analysis session 'session_0' has exited with exit status '0'.
2026-03-01 08:08:13.403999 (4130365) stdio___ INFO    STDIN reader requested to stop.
2026-03-01 08:08:13.404054 (4130365) stdio___ INFO    STDIN reader stopped.
2026-03-01 08:08:13.404351 (4130334) lic_core INFO    (1) checkin jasper_interactive
2026-03-01 08:08:13.414873 (4130334) lic_core INFO    (3) checkin jasper_fao
2026-03-01 08:08:13.442718 (4130334) main____ INFO    Exiting with status 0.
