2026-03-01 14:40:20.822945 (189367) main____ INFO    ----------------------------------------
2026-03-01 14:40:20.823019 (189367) main____ INFO    Jasper version info
2026-03-01 14:40:20.823036 (189367) main____ INFO      tool      : Jasper 2023.12
2026-03-01 14:40:20.823051 (189367) main____ INFO      version   : 2023.12p001 64 bits
2026-03-01 14:40:20.823065 (189367) main____ INFO      build date: 2024.01.23 16:09:24 UTC
2026-03-01 14:40:20.823076 (189367) main____ INFO    ----------------------------------------
2026-03-01 14:40:20.823086 (189367) main____ INFO    Runtime info:
2026-03-01 14:40:20.823097 (189367) main____ INFO      platform  : Linux 4.18.0-553.89.1.el8_10.x86_64 x86_64
2026-03-01 14:40:20.823114 (189367) main____ INFO      hostname  : caddy12.stanford.edu
2026-03-01 14:40:20.823129 (189367) main____ INFO      pid       : 189367
2026-03-01 14:40:20.823140 (189367) main____ INFO      arguments : '-style' 'windows' '-allow_unsupported_OS' '-no_gui' '-fpv' './synthlc/i_LW_out/xPerfLocCycleCount/over1cyc_17_div_fsm_s6_.tcl' '-proj' './synthlc/i_LW_out/xPerfLocCycleCount/over1cyc_17_div_fsm_s6_jgsession_26-03-01-14_40_20'
2026-03-01 14:40:20.823156 (189367) main____ INFO      locale    : UTF-8
2026-03-01 14:40:20.823166 (189367) main____ INFO    ----------------------------------------
2026-03-01 14:40:20.823176 (189367) main____ INFO    System resource limits info:
2026-03-01 14:40:20.823189 (189367) main____ INFO      virtual memory: unlimited
2026-03-01 14:40:20.823201 (189367) main____ INFO      cpu time      : unlimited
2026-03-01 14:40:20.823218 (189367) main____ INFO      processes     : 4096
2026-03-01 14:40:20.823236 (189367) main____ INFO      stack size    : 8388608 B
2026-03-01 14:40:20.823250 (189367) main____ INFO      core file size: 0 B
2026-03-01 14:40:20.824152 (189367) main____ INFO      open files    : 4096
2026-03-01 14:40:20.824165 (189367) main____ INFO      file size     : unlimited
2026-03-01 14:40:20.824176 (189367) main____ INFO    ----------------------------------------
2026-03-01 14:40:20.824186 (189367) main____ INFO    Memory statistics:
2026-03-01 14:40:20.824198 (189367) main____ INFO      total physical memory  : 98449088 kB
2026-03-01 14:40:20.824209 (189367) main____ INFO      free physical memory   : 86248256 kB
2026-03-01 14:40:20.824221 (189367) main____ INFO      committed address space: 7237232 kB
2026-03-01 14:40:20.824232 (189367) main____ INFO    ----------------------------------------
2026-03-01 14:40:20.825386 (189367) main____ INFO    Important environment variables:
2026-03-01 14:40:20.825866 (189367) main____ INFO      CDS_LIC_FILE       : '5280@cadlic0'
2026-03-01 14:40:20.825888 (189367) main____ INFO      DISPLAY            : 'localhost:12.0'
2026-03-01 14:40:20.825901 (189367) main____ INFO      JASPER_INSTALL_DIR : '/cad/cadence/jasper_2023.12p001'
2026-03-01 14:40:20.825913 (189367) main____ INFO      JASPER_KERNEL_CHECK: '1'
2026-03-01 14:40:20.825926 (189367) main____ INFO      JASPER_OS_CHECK    : '0'
2026-03-01 14:40:20.825938 (189367) main____ INFO      LANG               : 'zh_TW.UTF-8'
2026-03-01 14:40:20.825949 (189367) main____ INFO    ----------------------------------------
2026-03-01 14:40:20.827105 (189367) lic_core INFO    Initializing license system ...
2026-03-01 14:40:20.829800 (189367) lic_core INFO    ... license system initialized.
2026-03-01 14:40:20.842007 (189367) lic__man INFO    Claim 'main' for <ui>.
2026-03-01 14:40:20.842059 (189367) lic_core INFO    (1) checking out 'jasper_interactive' ...
2026-03-01 14:40:20.854095 (189367) lic_core INFO    ... (1) checkout succeeded
2026-03-01 14:40:20.854161 (189367) lic__man INFO    Claim 'fpv' for <ui>.
2026-03-01 14:40:20.854182 (189367) lic_core INFO    (2) checking out 'jasper_fpv' ...
2026-03-01 14:40:20.858040 (189367) lic_core INFO    ... (2) checkout failed (error: -5) ("FLEXnet ERROR(-5, 0, 0): No such feature exists.")
2026-03-01 14:40:20.858080 (189367) lic_core INFO    (3) checking out 'jasper_fao' ...
2026-03-01 14:40:20.868890 (189367) lic_core INFO    ... (3) checkout succeeded
2026-03-01 14:40:20.869744 (189380) stdio___ INFO    Starting STDIN reader (tty: yes, tty name: '/dev/pts/0')
2026-03-01 14:40:20.870255 (189367) main____ INFO    Tool inactivity delay is 480000 ms.
2026-03-01 14:40:20.911866 (189367) session_ INFO    Starting analysis session with session id 'session_0' (launcher: <local>) ...
2026-03-01 14:40:20.913681 (189367) session_ INFO    Analysis session with session id 'session_0' started (pid: 189382)
2026-03-01 14:40:22.006086 (189367) session_ INFO    Analysis session 'session_0' connected to the console (host: 127.0.0.1:58632)
2026-03-01 14:40:25.087959 (189367) lic__man INFO    Unclaim everything for 'session_0'.
2026-03-01 14:40:25.290310 (189367) lic__man INFO    Claim 'fpv' for 'session_0'.
2026-03-01 14:40:25.290349 (189367) lic__man INFO    Claim 'fpv' for 'session_0/prove-0'.
2026-03-01 14:45:06.150159 (189367) lic__man INFO    Unclaim everything for 'session_0/prove-0'.
2026-03-01 14:45:06.198717 (189367) main____ INFO    About to exit: request to exit with status 0 received from analysis session 'session_0'
2026-03-01 14:45:06.628071 (189367) session_ INFO    Analysis session 'session_0' disconnected.
2026-03-01 14:45:06.628219 (189367) lic__man INFO    Unclaim everything for 'session_0'.
2026-03-01 14:45:06.650901 (189367) session_ INFO    Process for analysis session 'session_0' has exited with exit status '0'.
2026-03-01 14:45:08.311858 (189380) stdio___ INFO    STDIN reader requested to stop.
2026-03-01 14:45:08.311923 (189380) stdio___ INFO    STDIN reader stopped.
2026-03-01 14:45:08.312203 (189367) lic_core INFO    (1) checkin jasper_interactive
2026-03-01 14:45:08.323404 (189367) lic_core INFO    (3) checkin jasper_fao
2026-03-01 14:45:08.351530 (189367) main____ INFO    Exiting with status 0.
