2026-02-26 05:32:06.781839 (3765973) main____ INFO    ----------------------------------------
2026-02-26 05:32:06.781897 (3765973) main____ INFO    Jasper version info
2026-02-26 05:32:06.781912 (3765973) main____ INFO      tool      : Jasper 2023.12
2026-02-26 05:32:06.781926 (3765973) main____ INFO      version   : 2023.12p001 64 bits
2026-02-26 05:32:06.781938 (3765973) main____ INFO      build date: 2024.01.23 16:09:24 UTC
2026-02-26 05:32:06.781948 (3765973) main____ INFO    ----------------------------------------
2026-02-26 05:32:06.781958 (3765973) main____ INFO    Runtime info:
2026-02-26 05:32:06.781968 (3765973) main____ INFO      platform  : Linux 4.18.0-553.89.1.el8_10.x86_64 x86_64
2026-02-26 05:32:06.781984 (3765973) main____ INFO      hostname  : caddy15.stanford.edu
2026-02-26 05:32:06.781998 (3765973) main____ INFO      pid       : 3765973
2026-02-26 05:32:06.782008 (3765973) main____ INFO      arguments : '-style' 'windows' '-allow_unsupported_OS' '-no_gui' '-fpv' './synthlc/i_ADDI_out/xPerfLocSubsetDiv/coverset_104_.tcl' '-proj' './synthlc/i_ADDI_out/xPerfLocSubsetDiv/coverset_104_jgsession_26-02-26-05_32_06'
2026-02-26 05:32:06.782023 (3765973) main____ INFO      locale    : UTF-8
2026-02-26 05:32:06.782033 (3765973) main____ INFO    ----------------------------------------
2026-02-26 05:32:06.782042 (3765973) main____ INFO    System resource limits info:
2026-02-26 05:32:06.782054 (3765973) main____ INFO      virtual memory: unlimited
2026-02-26 05:32:06.782066 (3765973) main____ INFO      cpu time      : unlimited
2026-02-26 05:32:06.782081 (3765973) main____ INFO      processes     : 4096
2026-02-26 05:32:06.782099 (3765973) main____ INFO      stack size    : 8388608 B
2026-02-26 05:32:06.782113 (3765973) main____ INFO      core file size: 0 B
2026-02-26 05:32:06.782125 (3765973) main____ INFO      open files    : 4096
2026-02-26 05:32:06.782136 (3765973) main____ INFO      file size     : unlimited
2026-02-26 05:32:06.782146 (3765973) main____ INFO    ----------------------------------------
2026-02-26 05:32:06.782155 (3765973) main____ INFO    Memory statistics:
2026-02-26 05:32:06.782166 (3765973) main____ INFO      total physical memory  : 98449092 kB
2026-02-26 05:32:06.782177 (3765973) main____ INFO      free physical memory   : 80541552 kB
2026-02-26 05:32:06.782188 (3765973) main____ INFO      committed address space: 1410820 kB
2026-02-26 05:32:06.782197 (3765973) main____ INFO    ----------------------------------------
2026-02-26 05:32:06.783357 (3765973) main____ INFO    Important environment variables:
2026-02-26 05:32:06.783382 (3765973) main____ INFO      CDS_LIC_FILE       : '5280@cadlic0'
2026-02-26 05:32:06.783394 (3765973) main____ INFO      JASPER_INSTALL_DIR : '/cad/cadence/jasper_2023.12p001'
2026-02-26 05:32:06.783406 (3765973) main____ INFO      JASPER_KERNEL_CHECK: '1'
2026-02-26 05:32:06.783418 (3765973) main____ INFO      JASPER_OS_CHECK    : '0'
2026-02-26 05:32:06.783430 (3765973) main____ INFO      LANG               : 'en_US.UTF-8'
2026-02-26 05:32:06.783439 (3765973) main____ INFO    ----------------------------------------
2026-02-26 05:32:06.784535 (3765973) lic_core INFO    Initializing license system ...
2026-02-26 05:32:06.786553 (3765973) lic_core INFO    ... license system initialized.
2026-02-26 05:32:06.797136 (3765973) lic__man INFO    Claim 'main' for <ui>.
2026-02-26 05:32:06.797172 (3765973) lic_core INFO    (1) checking out 'jasper_interactive' ...
2026-02-26 05:32:06.808939 (3765973) lic_core INFO    ... (1) checkout succeeded
2026-02-26 05:32:06.808990 (3765973) lic__man INFO    Claim 'fpv' for <ui>.
2026-02-26 05:32:06.809009 (3765973) lic_core INFO    (2) checking out 'jasper_fpv' ...
2026-02-26 05:32:06.812706 (3765973) lic_core INFO    ... (2) checkout failed (error: -5) ("FLEXnet ERROR(-5, 0, 0): No such feature exists.")
2026-02-26 05:32:06.812736 (3765973) lic_core INFO    (3) checking out 'jasper_fao' ...
2026-02-26 05:32:06.823945 (3765973) lic_core INFO    ... (3) checkout succeeded
2026-02-26 05:32:06.824892 (3765995) stdio___ INFO    Starting STDIN reader (tty: yes, tty name: '/dev/pts/0')
2026-02-26 05:32:06.825072 (3765973) main____ INFO    Tool inactivity delay is 480000 ms.
2026-02-26 05:32:06.866704 (3765973) session_ INFO    Starting analysis session with session id 'session_0' (launcher: <local>) ...
2026-02-26 05:32:06.868867 (3765973) session_ INFO    Analysis session with session id 'session_0' started (pid: 3765999)
2026-02-26 05:32:07.982847 (3765973) session_ INFO    Analysis session 'session_0' connected to the console (host: 127.0.0.1:33912)
2026-02-26 05:32:11.046004 (3765973) lic__man INFO    Unclaim everything for 'session_0'.
2026-02-26 05:32:11.334323 (3765973) lic__man INFO    Claim 'fpv' for 'session_0'.
2026-02-26 05:32:11.334366 (3765973) lic__man INFO    Claim 'fpv' for 'session_0/prove-0'.
2026-02-26 05:32:13.878665 (3765973) lic__man INFO    Unclaim everything for 'session_0/prove-0'.
2026-02-26 05:32:13.985460 (3765973) main____ INFO    About to exit: request to exit with status 0 received from analysis session 'session_0'
2026-02-26 05:32:14.371962 (3765973) session_ INFO    Analysis session 'session_0' disconnected.
2026-02-26 05:32:14.372107 (3765973) lic__man INFO    Unclaim everything for 'session_0'.
2026-02-26 05:32:14.372401 (3765973) session_ INFO    Process for analysis session 'session_0' has exited with exit status '0'.
2026-02-26 05:32:15.908370 (3765995) stdio___ INFO    STDIN reader requested to stop.
2026-02-26 05:32:15.908423 (3765995) stdio___ INFO    STDIN reader stopped.
2026-02-26 05:32:15.918706 (3765973) lic_core INFO    (1) checkin jasper_interactive
2026-02-26 05:32:15.929615 (3765973) lic_core INFO    (3) checkin jasper_fao
2026-02-26 05:32:15.955409 (3765973) main____ INFO    Exiting with status 0.
