2026-03-01 04:26:29.458597 (3917519) main____ INFO    ----------------------------------------
2026-03-01 04:26:29.458714 (3917519) main____ INFO    Jasper version info
2026-03-01 04:26:29.458732 (3917519) main____ INFO      tool      : Jasper 2023.12
2026-03-01 04:26:29.458747 (3917519) main____ INFO      version   : 2023.12p001 64 bits
2026-03-01 04:26:29.458761 (3917519) main____ INFO      build date: 2024.01.23 16:09:24 UTC
2026-03-01 04:26:29.458772 (3917519) main____ INFO    ----------------------------------------
2026-03-01 04:26:29.458782 (3917519) main____ INFO    Runtime info:
2026-03-01 04:26:29.458793 (3917519) main____ INFO      platform  : Linux 4.18.0-553.89.1.el8_10.x86_64 x86_64
2026-03-01 04:26:29.458812 (3917519) main____ INFO      hostname  : caddy12.stanford.edu
2026-03-01 04:26:29.458828 (3917519) main____ INFO      pid       : 3917519
2026-03-01 04:26:29.458840 (3917519) main____ INFO      arguments : '-style' 'windows' '-allow_unsupported_OS' '-no_gui' '-fpv' './synthlc/i_LW_out/xPairwiseDepDiv/exclusive_14_.tcl' '-proj' './synthlc/i_LW_out/xPairwiseDepDiv/exclusive_14_jgsession_26-03-01-04_26_28'
2026-03-01 04:26:29.458858 (3917519) main____ INFO      locale    : UTF-8
2026-03-01 04:26:29.458869 (3917519) main____ INFO    ----------------------------------------
2026-03-01 04:26:29.458879 (3917519) main____ INFO    System resource limits info:
2026-03-01 04:26:29.458892 (3917519) main____ INFO      virtual memory: unlimited
2026-03-01 04:26:29.458904 (3917519) main____ INFO      cpu time      : unlimited
2026-03-01 04:26:29.458923 (3917519) main____ INFO      processes     : 4096
2026-03-01 04:26:29.458945 (3917519) main____ INFO      stack size    : 8388608 B
2026-03-01 04:26:29.458960 (3917519) main____ INFO      core file size: 0 B
2026-03-01 04:26:29.458974 (3917519) main____ INFO      open files    : 4096
2026-03-01 04:26:29.458986 (3917519) main____ INFO      file size     : unlimited
2026-03-01 04:26:29.458996 (3917519) main____ INFO    ----------------------------------------
2026-03-01 04:26:29.459006 (3917519) main____ INFO    Memory statistics:
2026-03-01 04:26:29.459018 (3917519) main____ INFO      total physical memory  : 98449088 kB
2026-03-01 04:26:29.459031 (3917519) main____ INFO      free physical memory   : 79486424 kB
2026-03-01 04:26:29.459043 (3917519) main____ INFO      committed address space: 15746412 kB
2026-03-01 04:26:29.459053 (3917519) main____ INFO    ----------------------------------------
2026-03-01 04:26:29.460248 (3917519) main____ INFO    Important environment variables:
2026-03-01 04:26:29.460274 (3917519) main____ INFO      CDS_LIC_FILE       : '5280@cadlic0'
2026-03-01 04:26:29.460288 (3917519) main____ INFO      DISPLAY            : 'localhost:12.0'
2026-03-01 04:26:29.460301 (3917519) main____ INFO      JASPER_INSTALL_DIR : '/cad/cadence/jasper_2023.12p001'
2026-03-01 04:26:29.460313 (3917519) main____ INFO      JASPER_KERNEL_CHECK: '1'
2026-03-01 04:26:29.460326 (3917519) main____ INFO      JASPER_OS_CHECK    : '0'
2026-03-01 04:26:29.460339 (3917519) main____ INFO      LANG               : 'zh_TW.UTF-8'
2026-03-01 04:26:29.460349 (3917519) main____ INFO    ----------------------------------------
2026-03-01 04:26:29.461854 (3917519) lic_core INFO    Initializing license system ...
2026-03-01 04:26:29.473974 (3917519) lic_core INFO    ... license system initialized.
2026-03-01 04:26:29.508457 (3917519) lic__man INFO    Claim 'main' for <ui>.
2026-03-01 04:26:29.508526 (3917519) lic_core INFO    (1) checking out 'jasper_interactive' ...
2026-03-01 04:26:29.569192 (3917519) lic_core INFO    ... (1) checkout succeeded
2026-03-01 04:26:29.569308 (3917519) lic__man INFO    Claim 'fpv' for <ui>.
2026-03-01 04:26:29.569340 (3917519) lic_core INFO    (2) checking out 'jasper_fpv' ...
2026-03-01 04:26:29.625401 (3917519) lic_core INFO    ... (2) checkout failed (error: -5) ("FLEXnet ERROR(-5, 0, 0): No such feature exists.")
2026-03-01 04:26:29.625490 (3917519) lic_core INFO    (3) checking out 'jasper_fao' ...
2026-03-01 04:26:29.696010 (3917519) lic_core INFO    ... (3) checkout succeeded
2026-03-01 04:26:29.709632 (3917519) main____ INFO    Tool inactivity delay is 480000 ms.
2026-03-01 04:26:29.730022 (3917671) stdio___ INFO    Starting STDIN reader (tty: yes, tty name: '/dev/pts/0')
2026-03-01 04:26:30.024347 (3917519) session_ INFO    Starting analysis session with session id 'session_0' (launcher: <local>) ...
2026-03-01 04:26:30.026250 (3917519) session_ INFO    Analysis session with session id 'session_0' started (pid: 3917678)
2026-03-01 04:26:32.022176 (3917519) session_ INFO    Analysis session 'session_0' connected to the console (host: 127.0.0.1:50126)
2026-03-01 04:26:37.080893 (3917519) lic__man INFO    Unclaim everything for 'session_0'.
2026-03-01 04:26:37.531007 (3917519) lic__man INFO    Claim 'fpv' for 'session_0'.
2026-03-01 04:26:37.531066 (3917519) lic__man INFO    Claim 'fpv' for 'session_0/prove-0'.
2026-03-01 04:26:53.200180 (3917519) lic__man INFO    Unclaim everything for 'session_0/prove-0'.
2026-03-01 04:26:53.241780 (3917519) main____ INFO    About to exit: request to exit with status 0 received from analysis session 'session_0'
2026-03-01 04:26:53.387294 (3917519) session_ INFO    Analysis session 'session_0' disconnected.
2026-03-01 04:26:53.387423 (3917519) lic__man INFO    Unclaim everything for 'session_0'.
2026-03-01 04:26:53.387599 (3917519) session_ INFO    Process for analysis session 'session_0' has exited with exit status '0'.
2026-03-01 04:26:55.349965 (3917671) stdio___ INFO    STDIN reader requested to stop.
2026-03-01 04:26:55.350026 (3917671) stdio___ INFO    STDIN reader stopped.
2026-03-01 04:26:55.360925 (3917519) lic_core INFO    (1) checkin jasper_interactive
2026-03-01 04:26:55.366822 (3917519) lic_core INFO    (3) checkin jasper_fao
2026-03-01 04:26:55.388698 (3917519) main____ INFO    Exiting with status 0.
