2026-02-26 06:39:42.826939 (3867552) main____ INFO    ----------------------------------------
2026-02-26 06:39:42.827057 (3867552) main____ INFO    Jasper version info
2026-02-26 06:39:42.827076 (3867552) main____ INFO      tool      : Jasper 2023.12
2026-02-26 06:39:42.827093 (3867552) main____ INFO      version   : 2023.12p001 64 bits
2026-02-26 06:39:42.827109 (3867552) main____ INFO      build date: 2024.01.23 16:09:24 UTC
2026-02-26 06:39:42.827120 (3867552) main____ INFO    ----------------------------------------
2026-02-26 06:39:42.827131 (3867552) main____ INFO    Runtime info:
2026-02-26 06:39:42.827143 (3867552) main____ INFO      platform  : Linux 4.18.0-553.89.1.el8_10.x86_64 x86_64
2026-02-26 06:39:42.827166 (3867552) main____ INFO      hostname  : caddy15.stanford.edu
2026-02-26 06:39:42.827183 (3867552) main____ INFO      pid       : 3867552
2026-02-26 06:39:42.827198 (3867552) main____ INFO      arguments : '-style' 'windows' '-allow_unsupported_OS' '-no_gui' '-fpv' './synthlc/i_ADDI_out/xHBPerfG_dfg_v3_div/HB_374_.tcl' '-proj' './synthlc/i_ADDI_out/xHBPerfG_dfg_v3_div/HB_374_jgsession_26-02-26-06_39_41'
2026-02-26 06:39:42.827218 (3867552) main____ INFO      locale    : UTF-8
2026-02-26 06:39:42.827229 (3867552) main____ INFO    ----------------------------------------
2026-02-26 06:39:42.827240 (3867552) main____ INFO    System resource limits info:
2026-02-26 06:39:42.827254 (3867552) main____ INFO      virtual memory: unlimited
2026-02-26 06:39:42.827268 (3867552) main____ INFO      cpu time      : unlimited
2026-02-26 06:39:42.827289 (3867552) main____ INFO      processes     : 4096
2026-02-26 06:39:42.827346 (3867552) main____ INFO      stack size    : 8388608 B
2026-02-26 06:39:42.827362 (3867552) main____ INFO      core file size: 0 B
2026-02-26 06:39:42.827377 (3867552) main____ INFO      open files    : 4096
2026-02-26 06:39:42.827390 (3867552) main____ INFO      file size     : unlimited
2026-02-26 06:39:42.827402 (3867552) main____ INFO    ----------------------------------------
2026-02-26 06:39:42.827412 (3867552) main____ INFO    Memory statistics:
2026-02-26 06:39:42.827425 (3867552) main____ INFO      total physical memory  : 98449092 kB
2026-02-26 06:39:42.827438 (3867552) main____ INFO      free physical memory   : 71043904 kB
2026-02-26 06:39:42.827451 (3867552) main____ INFO      committed address space: 12861780 kB
2026-02-26 06:39:42.827461 (3867552) main____ INFO    ----------------------------------------
2026-02-26 06:39:42.828824 (3867552) main____ INFO    Important environment variables:
2026-02-26 06:39:42.828855 (3867552) main____ INFO      CDS_LIC_FILE       : '5280@cadlic0'
2026-02-26 06:39:42.828869 (3867552) main____ INFO      JASPER_INSTALL_DIR : '/cad/cadence/jasper_2023.12p001'
2026-02-26 06:39:42.828883 (3867552) main____ INFO      JASPER_KERNEL_CHECK: '1'
2026-02-26 06:39:42.828897 (3867552) main____ INFO      JASPER_OS_CHECK    : '0'
2026-02-26 06:39:42.828911 (3867552) main____ INFO      LANG               : 'en_US.UTF-8'
2026-02-26 06:39:42.828922 (3867552) main____ INFO    ----------------------------------------
2026-02-26 06:39:42.842856 (3867552) lic_core INFO    Initializing license system ...
2026-02-26 06:39:42.903234 (3867552) lic_core INFO    ... license system initialized.
2026-02-26 06:39:43.070731 (3867552) lic__man INFO    Claim 'main' for <ui>.
2026-02-26 06:39:43.070815 (3867552) lic_core INFO    (1) checking out 'jasper_interactive' ...
2026-02-26 06:39:43.166104 (3867552) lic_core INFO    ... (1) checkout succeeded
2026-02-26 06:39:43.166228 (3867552) lic__man INFO    Claim 'fpv' for <ui>.
2026-02-26 06:39:43.166260 (3867552) lic_core INFO    (2) checking out 'jasper_fpv' ...
2026-02-26 06:39:43.252949 (3867552) lic_core INFO    ... (2) checkout failed (error: -5) ("FLEXnet ERROR(-5, 0, 0): No such feature exists.")
2026-02-26 06:39:43.253020 (3867552) lic_core INFO    (3) checking out 'jasper_fao' ...
2026-02-26 06:39:43.310751 (3867552) lic_core INFO    ... (3) checkout succeeded
2026-02-26 06:39:43.357661 (3867552) main____ INFO    Tool inactivity delay is 480000 ms.
2026-02-26 06:39:43.366577 (3867563) stdio___ INFO    Starting STDIN reader (tty: yes, tty name: '/dev/pts/0')
2026-02-26 06:39:43.726454 (3867552) session_ INFO    Starting analysis session with session id 'session_0' (launcher: <local>) ...
2026-02-26 06:39:43.728523 (3867552) session_ INFO    Analysis session with session id 'session_0' started (pid: 3867564)
2026-02-26 06:39:48.355032 (3867552) session_ INFO    Analysis session 'session_0' connected to the console (host: 127.0.0.1:44070)
2026-02-26 06:40:01.053970 (3867552) lic__man INFO    Unclaim everything for 'session_0'.
2026-02-26 06:40:01.591003 (3867552) lic__man INFO    Claim 'fpv' for 'session_0'.
2026-02-26 06:40:01.591050 (3867552) lic__man INFO    Claim 'fpv' for 'session_0/prove-0'.
2026-02-26 06:40:05.558325 (3867552) lic__man INFO    Unclaim everything for 'session_0/prove-0'.
2026-02-26 06:40:05.635628 (3867552) main____ INFO    About to exit: request to exit with status 0 received from analysis session 'session_0'
2026-02-26 06:40:06.289695 (3867552) session_ INFO    Analysis session 'session_0' disconnected.
2026-02-26 06:40:06.289857 (3867552) lic__man INFO    Unclaim everything for 'session_0'.
2026-02-26 06:40:06.290078 (3867552) session_ INFO    Process for analysis session 'session_0' has exited with exit status '0'.
2026-02-26 06:40:07.556414 (3867563) stdio___ INFO    STDIN reader requested to stop.
2026-02-26 06:40:07.556473 (3867563) stdio___ INFO    STDIN reader stopped.
2026-02-26 06:40:07.563592 (3867552) lic_core INFO    (1) checkin jasper_interactive
2026-02-26 06:40:07.565507 (3867552) lic_core INFO    (3) checkin jasper_fao
2026-02-26 06:40:07.587726 (3867552) main____ INFO    Exiting with status 0.
