2026-02-28 23:01:07.847211 (1071794) main____ INFO    ----------------------------------------
2026-02-28 23:01:07.847281 (1071794) main____ INFO    Jasper version info
2026-02-28 23:01:07.847295 (1071794) main____ INFO      tool      : Jasper 2023.12
2026-02-28 23:01:07.847330 (1071794) main____ INFO      version   : 2023.12p001 64 bits
2026-02-28 23:01:07.847343 (1071794) main____ INFO      build date: 2024.01.23 16:09:24 UTC
2026-02-28 23:01:07.847352 (1071794) main____ INFO    ----------------------------------------
2026-02-28 23:01:07.847361 (1071794) main____ INFO    Runtime info:
2026-02-28 23:01:07.847371 (1071794) main____ INFO      platform  : Linux 4.18.0-553.89.1.el8_10.x86_64 x86_64
2026-02-28 23:01:07.847387 (1071794) main____ INFO      hostname  : caddy15.stanford.edu
2026-02-28 23:01:07.847401 (1071794) main____ INFO      pid       : 1071794
2026-02-28 23:01:07.847412 (1071794) main____ INFO      arguments : '-style' 'windows' '-allow_unsupported_OS' '-no_gui' '-fpv' './synthlc/i_BEQ_out/xHBPerfG_dfg_v3_div/HB_1_.tcl' '-proj' './synthlc/i_BEQ_out/xHBPerfG_dfg_v3_div/HB_1_jgsession_26-02-28-23_01_07'
2026-02-28 23:01:07.847427 (1071794) main____ INFO      locale    : UTF-8
2026-02-28 23:01:07.847437 (1071794) main____ INFO    ----------------------------------------
2026-02-28 23:01:07.847445 (1071794) main____ INFO    System resource limits info:
2026-02-28 23:01:07.847456 (1071794) main____ INFO      virtual memory: unlimited
2026-02-28 23:01:07.847467 (1071794) main____ INFO      cpu time      : unlimited
2026-02-28 23:01:07.847482 (1071794) main____ INFO      processes     : 4096
2026-02-28 23:01:07.847499 (1071794) main____ INFO      stack size    : 8388608 B
2026-02-28 23:01:07.847511 (1071794) main____ INFO      core file size: 0 B
2026-02-28 23:01:07.847523 (1071794) main____ INFO      open files    : 4096
2026-02-28 23:01:07.847534 (1071794) main____ INFO      file size     : unlimited
2026-02-28 23:01:07.847542 (1071794) main____ INFO    ----------------------------------------
2026-02-28 23:01:07.847550 (1071794) main____ INFO    Memory statistics:
2026-02-28 23:01:07.847560 (1071794) main____ INFO      total physical memory  : 98449092 kB
2026-02-28 23:01:07.847570 (1071794) main____ INFO      free physical memory   : 80185240 kB
2026-02-28 23:01:07.847581 (1071794) main____ INFO      committed address space: 1290516 kB
2026-02-28 23:01:07.847589 (1071794) main____ INFO    ----------------------------------------
2026-02-28 23:01:07.848875 (1071794) main____ INFO    Important environment variables:
2026-02-28 23:01:07.848905 (1071794) main____ INFO      CDS_LIC_FILE       : '5280@cadlic0'
2026-02-28 23:01:07.848918 (1071794) main____ INFO      JASPER_INSTALL_DIR : '/cad/cadence/jasper_2023.12p001'
2026-02-28 23:01:07.848931 (1071794) main____ INFO      JASPER_KERNEL_CHECK: '1'
2026-02-28 23:01:07.848943 (1071794) main____ INFO      JASPER_OS_CHECK    : '0'
2026-02-28 23:01:07.848955 (1071794) main____ INFO      LANG               : 'en_US.UTF-8'
2026-02-28 23:01:07.848965 (1071794) main____ INFO    ----------------------------------------
2026-02-28 23:01:07.850046 (1071794) lic_core INFO    Initializing license system ...
2026-02-28 23:01:07.851507 (1071794) lic_core INFO    ... license system initialized.
2026-02-28 23:01:07.870394 (1071794) lic__man INFO    Claim 'main' for <ui>.
2026-02-28 23:01:07.870434 (1071794) lic_core INFO    (1) checking out 'jasper_interactive' ...
2026-02-28 23:01:07.882708 (1071794) lic_core INFO    ... (1) checkout succeeded
2026-02-28 23:01:07.882776 (1071794) lic__man INFO    Claim 'fpv' for <ui>.
2026-02-28 23:01:07.882798 (1071794) lic_core INFO    (2) checking out 'jasper_fpv' ...
2026-02-28 23:01:07.886642 (1071794) lic_core INFO    ... (2) checkout failed (error: -5) ("FLEXnet ERROR(-5, 0, 0): No such feature exists.")
2026-02-28 23:01:07.886673 (1071794) lic_core INFO    (3) checking out 'jasper_fao' ...
2026-02-28 23:01:07.898098 (1071794) lic_core INFO    ... (3) checkout succeeded
2026-02-28 23:01:07.899049 (1071828) stdio___ INFO    Starting STDIN reader (tty: yes, tty name: '/dev/pts/0')
2026-02-28 23:01:07.899184 (1071794) main____ INFO    Tool inactivity delay is 480000 ms.
2026-02-28 23:01:07.942086 (1071794) session_ INFO    Starting analysis session with session id 'session_0' (launcher: <local>) ...
2026-02-28 23:01:07.943880 (1071794) session_ INFO    Analysis session with session id 'session_0' started (pid: 1071831)
2026-02-28 23:01:09.050858 (1071794) session_ INFO    Analysis session 'session_0' connected to the console (host: 127.0.0.1:57022)
2026-02-28 23:01:12.195171 (1071794) lic__man INFO    Unclaim everything for 'session_0'.
2026-02-28 23:01:12.622537 (1071794) lic__man INFO    Claim 'fpv' for 'session_0'.
2026-02-28 23:01:12.622572 (1071794) lic__man INFO    Claim 'fpv' for 'session_0/prove-0'.
2026-02-28 23:01:15.571312 (1071794) lic__man INFO    Unclaim everything for 'session_0/prove-0'.
2026-02-28 23:01:15.610597 (1071794) main____ INFO    About to exit: request to exit with status 0 received from analysis session 'session_0'
2026-02-28 23:01:16.197055 (1071794) session_ INFO    Analysis session 'session_0' disconnected.
2026-02-28 23:01:16.197236 (1071794) lic__man INFO    Unclaim everything for 'session_0'.
2026-02-28 23:01:16.199553 (1071794) session_ INFO    Process for analysis session 'session_0' has exited with exit status '0'.
2026-02-28 23:01:17.537393 (1071828) stdio___ INFO    STDIN reader requested to stop.
2026-02-28 23:01:17.537443 (1071828) stdio___ INFO    STDIN reader stopped.
2026-02-28 23:01:17.543653 (1071794) lic_core INFO    (1) checkin jasper_interactive
2026-02-28 23:01:17.554670 (1071794) lic_core INFO    (3) checkin jasper_fao
2026-02-28 23:01:17.580513 (1071794) main____ INFO    Exiting with status 0.
