2026-02-28 01:42:14.321392 (555379) main____ INFO    ----------------------------------------
2026-02-28 01:42:14.321459 (555379) main____ INFO    Jasper version info
2026-02-28 01:42:14.321474 (555379) main____ INFO      tool      : Jasper 2023.12
2026-02-28 01:42:14.321487 (555379) main____ INFO      version   : 2023.12p001 64 bits
2026-02-28 01:42:14.321500 (555379) main____ INFO      build date: 2024.01.23 16:09:24 UTC
2026-02-28 01:42:14.321509 (555379) main____ INFO    ----------------------------------------
2026-02-28 01:42:14.321519 (555379) main____ INFO    Runtime info:
2026-02-28 01:42:14.321529 (555379) main____ INFO      platform  : Linux 4.18.0-553.89.1.el8_10.x86_64 x86_64
2026-02-28 01:42:14.321545 (555379) main____ INFO      hostname  : caddy10.stanford.edu
2026-02-28 01:42:14.321560 (555379) main____ INFO      pid       : 555379
2026-02-28 01:42:14.321571 (555379) main____ INFO      arguments : '-style' 'windows' '-allow_unsupported_OS' '-no_gui' '-fpv' './synthlc/i_MUL_out/xPairwiseDepDiv/nunv_anytwo_2_.tcl' '-proj' './synthlc/i_MUL_out/xPairwiseDepDiv/nunv_anytwo_2_jgsession_26-02-28-01_42_14'
2026-02-28 01:42:14.321587 (555379) main____ INFO      locale    : UTF-8
2026-02-28 01:42:14.321596 (555379) main____ INFO    ----------------------------------------
2026-02-28 01:42:14.321605 (555379) main____ INFO    System resource limits info:
2026-02-28 01:42:14.321617 (555379) main____ INFO      virtual memory: unlimited
2026-02-28 01:42:14.321629 (555379) main____ INFO      cpu time      : unlimited
2026-02-28 01:42:14.321645 (555379) main____ INFO      processes     : 4096
2026-02-28 01:42:14.321667 (555379) main____ INFO      stack size    : 8388608 B
2026-02-28 01:42:14.321680 (555379) main____ INFO      core file size: 0 B
2026-02-28 01:42:14.321693 (555379) main____ INFO      open files    : 4096
2026-02-28 01:42:14.321705 (555379) main____ INFO      file size     : unlimited
2026-02-28 01:42:14.321714 (555379) main____ INFO    ----------------------------------------
2026-02-28 01:42:14.321723 (555379) main____ INFO    Memory statistics:
2026-02-28 01:42:14.321734 (555379) main____ INFO      total physical memory  : 98449096 kB
2026-02-28 01:42:14.321745 (555379) main____ INFO      free physical memory   : 90703016 kB
2026-02-28 01:42:14.321756 (555379) main____ INFO      committed address space: 1274596 kB
2026-02-28 01:42:14.321765 (555379) main____ INFO    ----------------------------------------
2026-02-28 01:42:14.322877 (555379) main____ INFO    Important environment variables:
2026-02-28 01:42:14.322899 (555379) main____ INFO      CDS_LIC_FILE       : '5280@cadlic0'
2026-02-28 01:42:14.322919 (555379) main____ INFO      JASPER_INSTALL_DIR : '/cad/cadence/jasper_2023.12p001'
2026-02-28 01:42:14.322930 (555379) main____ INFO      JASPER_KERNEL_CHECK: '1'
2026-02-28 01:42:14.322942 (555379) main____ INFO      JASPER_OS_CHECK    : '0'
2026-02-28 01:42:14.322953 (555379) main____ INFO      LANG               : 'en_US.UTF-8'
2026-02-28 01:42:14.322963 (555379) main____ INFO    ----------------------------------------
2026-02-28 01:42:14.324128 (555379) lic_core INFO    Initializing license system ...
2026-02-28 01:42:14.328388 (555379) lic_core INFO    ... license system initialized.
2026-02-28 01:42:14.347455 (555379) lic__man INFO    Claim 'main' for <ui>.
2026-02-28 01:42:14.347513 (555379) lic_core INFO    (1) checking out 'jasper_interactive' ...
2026-02-28 01:42:14.360083 (555379) lic_core INFO    ... (1) checkout succeeded
2026-02-28 01:42:14.360146 (555379) lic__man INFO    Claim 'fpv' for <ui>.
2026-02-28 01:42:14.360168 (555379) lic_core INFO    (2) checking out 'jasper_fpv' ...
2026-02-28 01:42:14.364129 (555379) lic_core INFO    ... (2) checkout failed (error: -5) ("FLEXnet ERROR(-5, 0, 0): No such feature exists.")
2026-02-28 01:42:14.364159 (555379) lic_core INFO    (3) checking out 'jasper_fao' ...
2026-02-28 01:42:14.375359 (555379) lic_core INFO    ... (3) checkout succeeded
2026-02-28 01:42:14.378951 (555413) stdio___ INFO    Starting STDIN reader (tty: yes, tty name: '/dev/pts/5')
2026-02-28 01:42:14.379078 (555379) main____ INFO    Tool inactivity delay is 480000 ms.
2026-02-28 01:42:14.420375 (555379) session_ INFO    Starting analysis session with session id 'session_0' (launcher: <local>) ...
2026-02-28 01:42:14.422402 (555379) session_ INFO    Analysis session with session id 'session_0' started (pid: 555414)
2026-02-28 01:42:15.626785 (555379) session_ INFO    Analysis session 'session_0' connected to the console (host: 127.0.0.1:55698)
2026-02-28 01:42:18.893538 (555379) lic__man INFO    Unclaim everything for 'session_0'.
2026-02-28 01:42:19.093898 (555379) lic__man INFO    Claim 'fpv' for 'session_0'.
2026-02-28 01:42:19.093943 (555379) lic__man INFO    Claim 'fpv' for 'session_0/prove-0'.
2026-02-28 01:42:21.929326 (555379) lic__man INFO    Unclaim everything for 'session_0/prove-0'.
2026-02-28 01:42:21.970322 (555379) main____ INFO    About to exit: request to exit with status 0 received from analysis session 'session_0'
2026-02-28 01:42:22.299367 (555379) session_ INFO    Analysis session 'session_0' disconnected.
2026-02-28 01:42:22.299512 (555379) lic__man INFO    Unclaim everything for 'session_0'.
2026-02-28 01:42:22.299690 (555379) session_ INFO    Process for analysis session 'session_0' has exited with exit status '0'.
2026-02-28 01:42:23.900906 (555413) stdio___ INFO    STDIN reader requested to stop.
2026-02-28 01:42:23.900958 (555413) stdio___ INFO    STDIN reader stopped.
2026-02-28 01:42:23.901257 (555379) lic_core INFO    (1) checkin jasper_interactive
2026-02-28 01:42:23.905267 (555379) lic_core INFO    (3) checkin jasper_fao
2026-02-28 01:42:23.912203 (555379) main____ INFO    Exiting with status 0.
