2026-02-26 09:39:06.957838 (3990230) main____ INFO    ----------------------------------------
2026-02-26 09:39:06.957934 (3990230) main____ INFO    Jasper version info
2026-02-26 09:39:06.957950 (3990230) main____ INFO      tool      : Jasper 2023.12
2026-02-26 09:39:06.957978 (3990230) main____ INFO      version   : 2023.12p001 64 bits
2026-02-26 09:39:06.957992 (3990230) main____ INFO      build date: 2024.01.23 16:09:24 UTC
2026-02-26 09:39:06.958002 (3990230) main____ INFO    ----------------------------------------
2026-02-26 09:39:06.958011 (3990230) main____ INFO    Runtime info:
2026-02-26 09:39:06.958022 (3990230) main____ INFO      platform  : Linux 4.18.0-553.89.1.el8_10.x86_64 x86_64
2026-02-26 09:39:06.958042 (3990230) main____ INFO      hostname  : caddy15.stanford.edu
2026-02-26 09:39:06.958058 (3990230) main____ INFO      pid       : 3990230
2026-02-26 09:39:06.958068 (3990230) main____ INFO      arguments : '-style' 'windows' '-allow_unsupported_OS' '-no_gui' '-fpv' './synthlc/i_ADDI_out/xPerfLocCycleCount/over1cyc_28_div_fsm_s1_.tcl' '-proj' './synthlc/i_ADDI_out/xPerfLocCycleCount/over1cyc_28_div_fsm_s1_jgsession_26-02-26-09_39_06'
2026-02-26 09:39:06.958086 (3990230) main____ INFO      locale    : UTF-8
2026-02-26 09:39:06.958096 (3990230) main____ INFO    ----------------------------------------
2026-02-26 09:39:06.958105 (3990230) main____ INFO    System resource limits info:
2026-02-26 09:39:06.958118 (3990230) main____ INFO      virtual memory: unlimited
2026-02-26 09:39:06.958130 (3990230) main____ INFO      cpu time      : unlimited
2026-02-26 09:39:06.958149 (3990230) main____ INFO      processes     : 4096
2026-02-26 09:39:06.958170 (3990230) main____ INFO      stack size    : 8388608 B
2026-02-26 09:39:06.958184 (3990230) main____ INFO      core file size: 0 B
2026-02-26 09:39:06.958197 (3990230) main____ INFO      open files    : 4096
2026-02-26 09:39:06.958209 (3990230) main____ INFO      file size     : unlimited
2026-02-26 09:39:06.958219 (3990230) main____ INFO    ----------------------------------------
2026-02-26 09:39:06.958228 (3990230) main____ INFO    Memory statistics:
2026-02-26 09:39:06.958240 (3990230) main____ INFO      total physical memory  : 98449092 kB
2026-02-26 09:39:06.958264 (3990230) main____ INFO      free physical memory   : 75531436 kB
2026-02-26 09:39:06.958275 (3990230) main____ INFO      committed address space: 6717128 kB
2026-02-26 09:39:06.958285 (3990230) main____ INFO    ----------------------------------------
2026-02-26 09:39:06.959470 (3990230) main____ INFO    Important environment variables:
2026-02-26 09:39:06.959497 (3990230) main____ INFO      CDS_LIC_FILE       : '5280@cadlic0'
2026-02-26 09:39:06.959510 (3990230) main____ INFO      JASPER_INSTALL_DIR : '/cad/cadence/jasper_2023.12p001'
2026-02-26 09:39:06.959522 (3990230) main____ INFO      JASPER_KERNEL_CHECK: '1'
2026-02-26 09:39:06.959534 (3990230) main____ INFO      JASPER_OS_CHECK    : '0'
2026-02-26 09:39:06.959546 (3990230) main____ INFO      LANG               : 'en_US.UTF-8'
2026-02-26 09:39:06.959556 (3990230) main____ INFO    ----------------------------------------
2026-02-26 09:39:06.960949 (3990230) lic_core INFO    Initializing license system ...
2026-02-26 09:39:06.963126 (3990230) lic_core INFO    ... license system initialized.
2026-02-26 09:39:06.992322 (3990230) lic__man INFO    Claim 'main' for <ui>.
2026-02-26 09:39:06.992399 (3990230) lic_core INFO    (1) checking out 'jasper_interactive' ...
2026-02-26 09:39:07.010548 (3990230) lic_core INFO    ... (1) checkout succeeded
2026-02-26 09:39:07.010654 (3990230) lic__man INFO    Claim 'fpv' for <ui>.
2026-02-26 09:39:07.010684 (3990230) lic_core INFO    (2) checking out 'jasper_fpv' ...
2026-02-26 09:39:07.017575 (3990230) lic_core INFO    ... (2) checkout failed (error: -5) ("FLEXnet ERROR(-5, 0, 0): No such feature exists.")
2026-02-26 09:39:07.017630 (3990230) lic_core INFO    (3) checking out 'jasper_fao' ...
2026-02-26 09:39:07.033816 (3990230) lic_core INFO    ... (3) checkout succeeded
2026-02-26 09:39:07.035174 (3990230) main____ INFO    Tool inactivity delay is 480000 ms.
2026-02-26 09:39:07.035495 (3990241) stdio___ INFO    Starting STDIN reader (tty: yes, tty name: '/dev/pts/0')
2026-02-26 09:39:07.149007 (3990230) session_ INFO    Starting analysis session with session id 'session_0' (launcher: <local>) ...
2026-02-26 09:39:07.151049 (3990230) session_ INFO    Analysis session with session id 'session_0' started (pid: 3990242)
2026-02-26 09:39:08.515919 (3990230) session_ INFO    Analysis session 'session_0' connected to the console (host: 127.0.0.1:51396)
2026-02-26 09:39:12.546538 (3990230) lic__man INFO    Unclaim everything for 'session_0'.
2026-02-26 09:39:12.928834 (3990230) lic__man INFO    Claim 'fpv' for 'session_0'.
2026-02-26 09:39:12.928885 (3990230) lic__man INFO    Claim 'fpv' for 'session_0/prove-0'.
2026-02-26 09:39:45.043830 (3990230) lic__man INFO    Unclaim everything for 'session_0/prove-0'.
2026-02-26 09:39:45.086412 (3990230) main____ INFO    About to exit: request to exit with status 0 received from analysis session 'session_0'
2026-02-26 09:39:45.236522 (3990230) session_ INFO    Analysis session 'session_0' disconnected.
2026-02-26 09:39:45.236706 (3990230) lic__man INFO    Unclaim everything for 'session_0'.
2026-02-26 09:39:45.236882 (3990230) session_ INFO    Process for analysis session 'session_0' has exited with exit status '0'.
2026-02-26 09:39:46.994259 (3990241) stdio___ INFO    STDIN reader requested to stop.
2026-02-26 09:39:46.994320 (3990241) stdio___ INFO    STDIN reader stopped.
2026-02-26 09:39:46.994543 (3990230) lic_core INFO    (1) checkin jasper_interactive
2026-02-26 09:39:46.995722 (3990230) lic_core INFO    (3) checkin jasper_fao
2026-02-26 09:39:46.996593 (3990230) main____ INFO    Exiting with status 0.
