2026-02-28 19:25:53.239587 (913936) main____ INFO    ----------------------------------------
2026-02-28 19:25:53.239679 (913936) main____ INFO    Jasper version info
2026-02-28 19:25:53.239695 (913936) main____ INFO      tool      : Jasper 2023.12
2026-02-28 19:25:53.239711 (913936) main____ INFO      version   : 2023.12p001 64 bits
2026-02-28 19:25:53.239724 (913936) main____ INFO      build date: 2024.01.23 16:09:24 UTC
2026-02-28 19:25:53.239734 (913936) main____ INFO    ----------------------------------------
2026-02-28 19:25:53.239743 (913936) main____ INFO    Runtime info:
2026-02-28 19:25:53.239753 (913936) main____ INFO      platform  : Linux 4.18.0-553.89.1.el8_10.x86_64 x86_64
2026-02-28 19:25:53.239772 (913936) main____ INFO      hostname  : caddy15.stanford.edu
2026-02-28 19:25:53.239787 (913936) main____ INFO      pid       : 913936
2026-02-28 19:25:53.239799 (913936) main____ INFO      arguments : '-style' 'windows' '-allow_unsupported_OS' '-no_gui' '-fpv' './synthlc/i_ADDI_out/xPairwiseDepDiv/exclusive_15_.tcl' '-proj' './synthlc/i_ADDI_out/xPairwiseDepDiv/exclusive_15_jgsession_26-02-28-19_25_52'
2026-02-28 19:25:53.239816 (913936) main____ INFO      locale    : UTF-8
2026-02-28 19:25:53.239826 (913936) main____ INFO    ----------------------------------------
2026-02-28 19:25:53.239835 (913936) main____ INFO    System resource limits info:
2026-02-28 19:25:53.239847 (913936) main____ INFO      virtual memory: unlimited
2026-02-28 19:25:53.239859 (913936) main____ INFO      cpu time      : unlimited
2026-02-28 19:25:53.239877 (913936) main____ INFO      processes     : 4096
2026-02-28 19:25:53.239896 (913936) main____ INFO      stack size    : 8388608 B
2026-02-28 19:25:53.239910 (913936) main____ INFO      core file size: 0 B
2026-02-28 19:25:53.239922 (913936) main____ INFO      open files    : 4096
2026-02-28 19:25:53.239934 (913936) main____ INFO      file size     : unlimited
2026-02-28 19:25:53.239943 (913936) main____ INFO    ----------------------------------------
2026-02-28 19:25:53.239952 (913936) main____ INFO    Memory statistics:
2026-02-28 19:25:53.239964 (913936) main____ INFO      total physical memory  : 98449092 kB
2026-02-28 19:25:53.239974 (913936) main____ INFO      free physical memory   : 78109736 kB
2026-02-28 19:25:53.239985 (913936) main____ INFO      committed address space: 4129756 kB
2026-02-28 19:25:53.239995 (913936) main____ INFO    ----------------------------------------
2026-02-28 19:25:53.241180 (913936) main____ INFO    Important environment variables:
2026-02-28 19:25:53.241207 (913936) main____ INFO      CDS_LIC_FILE       : '5280@cadlic0'
2026-02-28 19:25:53.241219 (913936) main____ INFO      JASPER_INSTALL_DIR : '/cad/cadence/jasper_2023.12p001'
2026-02-28 19:25:53.241231 (913936) main____ INFO      JASPER_KERNEL_CHECK: '1'
2026-02-28 19:25:53.241243 (913936) main____ INFO      JASPER_OS_CHECK    : '0'
2026-02-28 19:25:53.241255 (913936) main____ INFO      LANG               : 'en_US.UTF-8'
2026-02-28 19:25:53.241264 (913936) main____ INFO    ----------------------------------------
2026-02-28 19:25:53.242455 (913936) lic_core INFO    Initializing license system ...
2026-02-28 19:25:53.243950 (913936) lic_core INFO    ... license system initialized.
2026-02-28 19:25:53.258160 (913936) lic__man INFO    Claim 'main' for <ui>.
2026-02-28 19:25:53.258229 (913936) lic_core INFO    (1) checking out 'jasper_interactive' ...
2026-02-28 19:25:53.273031 (913936) lic_core INFO    ... (1) checkout succeeded
2026-02-28 19:25:53.273138 (913936) lic__man INFO    Claim 'fpv' for <ui>.
2026-02-28 19:25:53.273166 (913936) lic_core INFO    (2) checking out 'jasper_fpv' ...
2026-02-28 19:25:53.277264 (913936) lic_core INFO    ... (2) checkout failed (error: -5) ("FLEXnet ERROR(-5, 0, 0): No such feature exists.")
2026-02-28 19:25:53.277327 (913936) lic_core INFO    (3) checking out 'jasper_fao' ...
2026-02-28 19:25:53.288393 (913936) lic_core INFO    ... (3) checkout succeeded
2026-02-28 19:25:53.291222 (913936) main____ INFO    Tool inactivity delay is 480000 ms.
2026-02-28 19:25:53.299587 (913952) stdio___ INFO    Starting STDIN reader (tty: yes, tty name: '/dev/pts/0')
2026-02-28 19:25:53.520425 (913936) session_ INFO    Starting analysis session with session id 'session_0' (launcher: <local>) ...
2026-02-28 19:25:53.522254 (913936) session_ INFO    Analysis session with session id 'session_0' started (pid: 913956)
2026-02-28 19:25:55.019032 (913936) session_ INFO    Analysis session 'session_0' connected to the console (host: 127.0.0.1:45608)
2026-02-28 19:25:59.026299 (913936) lic__man INFO    Unclaim everything for 'session_0'.
2026-02-28 19:25:59.229068 (913936) lic__man INFO    Claim 'fpv' for 'session_0'.
2026-02-28 19:25:59.229128 (913936) lic__man INFO    Claim 'fpv' for 'session_0/prove-0'.
2026-02-28 19:26:42.881324 (913936) lic__man INFO    Unclaim everything for 'session_0/prove-0'.
2026-02-28 19:26:42.924502 (913936) main____ INFO    About to exit: request to exit with status 0 received from analysis session 'session_0'
2026-02-28 19:26:43.048085 (913936) session_ INFO    Analysis session 'session_0' disconnected.
2026-02-28 19:26:43.048282 (913936) lic__man INFO    Unclaim everything for 'session_0'.
2026-02-28 19:26:43.048488 (913936) session_ INFO    Process for analysis session 'session_0' has exited with exit status '0'.
2026-02-28 19:26:44.902957 (913952) stdio___ INFO    STDIN reader requested to stop.
2026-02-28 19:26:44.902985 (913952) stdio___ INFO    STDIN reader stopped.
2026-02-28 19:26:44.903197 (913936) lic_core INFO    (1) checkin jasper_interactive
2026-02-28 19:26:44.904688 (913936) lic_core INFO    (3) checkin jasper_fao
2026-02-28 19:26:44.905922 (913936) main____ INFO    Exiting with status 0.
