2026-03-01 01:50:51.262462 (1226341) main____ INFO    ----------------------------------------
2026-03-01 01:50:51.262528 (1226341) main____ INFO    Jasper version info
2026-03-01 01:50:51.262543 (1226341) main____ INFO      tool      : Jasper 2023.12
2026-03-01 01:50:51.262557 (1226341) main____ INFO      version   : 2023.12p001 64 bits
2026-03-01 01:50:51.262569 (1226341) main____ INFO      build date: 2024.01.23 16:09:24 UTC
2026-03-01 01:50:51.262579 (1226341) main____ INFO    ----------------------------------------
2026-03-01 01:50:51.262588 (1226341) main____ INFO    Runtime info:
2026-03-01 01:50:51.262599 (1226341) main____ INFO      platform  : Linux 4.18.0-553.89.1.el8_10.x86_64 x86_64
2026-03-01 01:50:51.262615 (1226341) main____ INFO      hostname  : caddy15.stanford.edu
2026-03-01 01:50:51.262630 (1226341) main____ INFO      pid       : 1226341
2026-03-01 01:50:51.262641 (1226341) main____ INFO      arguments : '-style' 'windows' '-allow_unsupported_OS' '-no_gui' '-fpv' './synthlc/i_LW_out/xHBPerfG_dfg_v3_div/WHB_21_.tcl' '-proj' './synthlc/i_LW_out/xHBPerfG_dfg_v3_div/WHB_21_jgsession_26-03-01-01_50_51'
2026-03-01 01:50:51.262657 (1226341) main____ INFO      locale    : UTF-8
2026-03-01 01:50:51.262667 (1226341) main____ INFO    ----------------------------------------
2026-03-01 01:50:51.262677 (1226341) main____ INFO    System resource limits info:
2026-03-01 01:50:51.262689 (1226341) main____ INFO      virtual memory: unlimited
2026-03-01 01:50:51.262701 (1226341) main____ INFO      cpu time      : unlimited
2026-03-01 01:50:51.262717 (1226341) main____ INFO      processes     : 4096
2026-03-01 01:50:51.262736 (1226341) main____ INFO      stack size    : 8388608 B
2026-03-01 01:50:51.262750 (1226341) main____ INFO      core file size: 0 B
2026-03-01 01:50:51.262763 (1226341) main____ INFO      open files    : 4096
2026-03-01 01:50:51.262774 (1226341) main____ INFO      file size     : unlimited
2026-03-01 01:50:51.262784 (1226341) main____ INFO    ----------------------------------------
2026-03-01 01:50:51.262794 (1226341) main____ INFO    Memory statistics:
2026-03-01 01:50:51.262805 (1226341) main____ INFO      total physical memory  : 98449092 kB
2026-03-01 01:50:51.262817 (1226341) main____ INFO      free physical memory   : 79821248 kB
2026-03-01 01:50:51.262828 (1226341) main____ INFO      committed address space: 1579472 kB
2026-03-01 01:50:51.262837 (1226341) main____ INFO    ----------------------------------------
2026-03-01 01:50:51.263954 (1226341) main____ INFO    Important environment variables:
2026-03-01 01:50:51.263977 (1226341) main____ INFO      CDS_LIC_FILE       : '5280@cadlic0'
2026-03-01 01:50:51.263990 (1226341) main____ INFO      JASPER_INSTALL_DIR : '/cad/cadence/jasper_2023.12p001'
2026-03-01 01:50:51.264002 (1226341) main____ INFO      JASPER_KERNEL_CHECK: '1'
2026-03-01 01:50:51.264014 (1226341) main____ INFO      JASPER_OS_CHECK    : '0'
2026-03-01 01:50:51.264026 (1226341) main____ INFO      LANG               : 'en_US.UTF-8'
2026-03-01 01:50:51.264036 (1226341) main____ INFO    ----------------------------------------
2026-03-01 01:50:51.265353 (1226341) lic_core INFO    Initializing license system ...
2026-03-01 01:50:51.266880 (1226341) lic_core INFO    ... license system initialized.
2026-03-01 01:50:51.280267 (1226341) lic__man INFO    Claim 'main' for <ui>.
2026-03-01 01:50:51.280334 (1226341) lic_core INFO    (1) checking out 'jasper_interactive' ...
2026-03-01 01:50:51.293106 (1226341) lic_core INFO    ... (1) checkout succeeded
2026-03-01 01:50:51.293162 (1226341) lic__man INFO    Claim 'fpv' for <ui>.
2026-03-01 01:50:51.293182 (1226341) lic_core INFO    (2) checking out 'jasper_fpv' ...
2026-03-01 01:50:51.296711 (1226341) lic_core INFO    ... (2) checkout failed (error: -5) ("FLEXnet ERROR(-5, 0, 0): No such feature exists.")
2026-03-01 01:50:51.296742 (1226341) lic_core INFO    (3) checking out 'jasper_fao' ...
2026-03-01 01:50:51.308707 (1226341) lic_core INFO    ... (3) checkout succeeded
2026-03-01 01:50:51.309797 (1226341) main____ INFO    Tool inactivity delay is 480000 ms.
2026-03-01 01:50:51.309846 (1226352) stdio___ INFO    Starting STDIN reader (tty: yes, tty name: '/dev/pts/0')
2026-03-01 01:50:51.353913 (1226341) session_ INFO    Starting analysis session with session id 'session_0' (launcher: <local>) ...
2026-03-01 01:50:51.355730 (1226341) session_ INFO    Analysis session with session id 'session_0' started (pid: 1226353)
2026-03-01 01:50:52.454709 (1226341) session_ INFO    Analysis session 'session_0' connected to the console (host: 127.0.0.1:40046)
2026-03-01 01:50:55.506168 (1226341) lic__man INFO    Unclaim everything for 'session_0'.
2026-03-01 01:50:55.710772 (1226341) lic__man INFO    Claim 'fpv' for 'session_0'.
2026-03-01 01:50:55.710808 (1226341) lic__man INFO    Claim 'fpv' for 'session_0/prove-0'.
2026-03-01 01:50:56.693669 (1226341) lic__man INFO    Unclaim everything for 'session_0/prove-0'.
2026-03-01 01:50:56.736513 (1226341) main____ INFO    About to exit: request to exit with status 0 received from analysis session 'session_0'
2026-03-01 01:50:56.881500 (1226341) session_ INFO    Analysis session 'session_0' disconnected.
2026-03-01 01:50:56.881689 (1226341) lic__man INFO    Unclaim everything for 'session_0'.
2026-03-01 01:50:56.881881 (1226341) session_ INFO    Process for analysis session 'session_0' has exited with exit status '0'.
2026-03-01 01:50:58.861759 (1226352) stdio___ INFO    STDIN reader requested to stop.
2026-03-01 01:50:58.861815 (1226352) stdio___ INFO    STDIN reader stopped.
2026-03-01 01:50:58.867667 (1226341) lic_core INFO    (1) checkin jasper_interactive
2026-03-01 01:50:58.869503 (1226341) lic_core INFO    (3) checkin jasper_fao
2026-03-01 01:50:58.892802 (1226341) main____ INFO    Exiting with status 0.
