2026-02-27 14:24:49.232599 (3114974) main____ INFO    ----------------------------------------
2026-02-27 14:24:49.232680 (3114974) main____ INFO    Jasper version info
2026-02-27 14:24:49.232697 (3114974) main____ INFO      tool      : Jasper 2023.12
2026-02-27 14:24:49.232712 (3114974) main____ INFO      version   : 2023.12p001 64 bits
2026-02-27 14:24:49.232726 (3114974) main____ INFO      build date: 2024.01.23 16:09:24 UTC
2026-02-27 14:24:49.232736 (3114974) main____ INFO    ----------------------------------------
2026-02-27 14:24:49.232746 (3114974) main____ INFO    Runtime info:
2026-02-27 14:24:49.232758 (3114974) main____ INFO      platform  : Linux 4.18.0-553.89.1.el8_10.x86_64 x86_64
2026-02-27 14:24:49.232775 (3114974) main____ INFO      hostname  : caddy12.stanford.edu
2026-02-27 14:24:49.232790 (3114974) main____ INFO      pid       : 3114974
2026-02-27 14:24:49.232801 (3114974) main____ INFO      arguments : '-style' 'windows' '-allow_unsupported_OS' '-no_gui' '-fpv' './synthlc/i_LW_out/xPairwiseDepDiv/exclusive_0_.tcl' '-proj' './synthlc/i_LW_out/xPairwiseDepDiv/exclusive_0_jgsession_26-02-27-14_24_49'
2026-02-27 14:24:49.232818 (3114974) main____ INFO      locale    : UTF-8
2026-02-27 14:24:49.232828 (3114974) main____ INFO    ----------------------------------------
2026-02-27 14:24:49.232838 (3114974) main____ INFO    System resource limits info:
2026-02-27 14:24:49.232863 (3114974) main____ INFO      virtual memory: unlimited
2026-02-27 14:24:49.232876 (3114974) main____ INFO      cpu time      : unlimited
2026-02-27 14:24:49.232893 (3114974) main____ INFO      processes     : 4096
2026-02-27 14:24:49.233873 (3114974) main____ INFO      stack size    : 8388608 B
2026-02-27 14:24:49.233889 (3114974) main____ INFO      core file size: 0 B
2026-02-27 14:24:49.233903 (3114974) main____ INFO      open files    : 4096
2026-02-27 14:24:49.233915 (3114974) main____ INFO      file size     : unlimited
2026-02-27 14:24:49.233926 (3114974) main____ INFO    ----------------------------------------
2026-02-27 14:24:49.233936 (3114974) main____ INFO    Memory statistics:
2026-02-27 14:24:49.233948 (3114974) main____ INFO      total physical memory  : 98449088 kB
2026-02-27 14:24:49.233960 (3114974) main____ INFO      free physical memory   : 79042336 kB
2026-02-27 14:24:49.233972 (3114974) main____ INFO      committed address space: 2044876 kB
2026-02-27 14:24:49.233982 (3114974) main____ INFO    ----------------------------------------
2026-02-27 14:24:49.235134 (3114974) main____ INFO    Important environment variables:
2026-02-27 14:24:49.235789 (3114974) main____ INFO      CDS_LIC_FILE       : '5280@cadlic0'
2026-02-27 14:24:49.235804 (3114974) main____ INFO      DISPLAY            : 'localhost:12.0'
2026-02-27 14:24:49.235816 (3114974) main____ INFO      JASPER_INSTALL_DIR : '/cad/cadence/jasper_2023.12p001'
2026-02-27 14:24:49.235829 (3114974) main____ INFO      JASPER_KERNEL_CHECK: '1'
2026-02-27 14:24:49.235841 (3114974) main____ INFO      JASPER_OS_CHECK    : '0'
2026-02-27 14:24:49.235861 (3114974) main____ INFO      LANG               : 'zh_TW.UTF-8'
2026-02-27 14:24:49.235872 (3114974) main____ INFO    ----------------------------------------
2026-02-27 14:24:49.236947 (3114974) lic_core INFO    Initializing license system ...
2026-02-27 14:24:49.239463 (3114974) lic_core INFO    ... license system initialized.
2026-02-27 14:24:49.250274 (3114974) lic__man INFO    Claim 'main' for <ui>.
2026-02-27 14:24:49.250325 (3114974) lic_core INFO    (1) checking out 'jasper_interactive' ...
2026-02-27 14:24:49.262412 (3114974) lic_core INFO    ... (1) checkout succeeded
2026-02-27 14:24:49.262474 (3114974) lic__man INFO    Claim 'fpv' for <ui>.
2026-02-27 14:24:49.262497 (3114974) lic_core INFO    (2) checking out 'jasper_fpv' ...
2026-02-27 14:24:49.266496 (3114974) lic_core INFO    ... (2) checkout failed (error: -5) ("FLEXnet ERROR(-5, 0, 0): No such feature exists.")
2026-02-27 14:24:49.266537 (3114974) lic_core INFO    (3) checking out 'jasper_fao' ...
2026-02-27 14:24:49.277358 (3114974) lic_core INFO    ... (3) checkout succeeded
2026-02-27 14:24:49.278280 (3114993) stdio___ INFO    Starting STDIN reader (tty: yes, tty name: '/dev/pts/0')
2026-02-27 14:24:49.278555 (3114974) main____ INFO    Tool inactivity delay is 480000 ms.
2026-02-27 14:24:49.318498 (3114974) session_ INFO    Starting analysis session with session id 'session_0' (launcher: <local>) ...
2026-02-27 14:24:49.320227 (3114974) session_ INFO    Analysis session with session id 'session_0' started (pid: 3114994)
2026-02-27 14:24:50.389176 (3114974) session_ INFO    Analysis session 'session_0' connected to the console (host: 127.0.0.1:54516)
2026-02-27 14:24:53.377073 (3114974) lic__man INFO    Unclaim everything for 'session_0'.
2026-02-27 14:24:53.555196 (3114974) lic__man INFO    Claim 'fpv' for 'session_0'.
2026-02-27 14:24:53.555236 (3114974) lic__man INFO    Claim 'fpv' for 'session_0/prove-0'.
2026-02-27 14:24:54.633627 (3114974) lic__man INFO    Unclaim everything for 'session_0/prove-0'.
2026-02-27 14:24:54.675784 (3114974) main____ INFO    About to exit: request to exit with status 0 received from analysis session 'session_0'
2026-02-27 14:24:54.843841 (3114974) session_ INFO    Analysis session 'session_0' disconnected.
2026-02-27 14:24:54.844057 (3114974) lic__man INFO    Unclaim everything for 'session_0'.
2026-02-27 14:24:54.844248 (3114974) session_ INFO    Process for analysis session 'session_0' has exited with exit status '0'.
2026-02-27 14:24:56.783102 (3114993) stdio___ INFO    STDIN reader requested to stop.
2026-02-27 14:24:56.783145 (3114993) stdio___ INFO    STDIN reader stopped.
2026-02-27 14:24:56.783383 (3114974) lic_core INFO    (1) checkin jasper_interactive
2026-02-27 14:24:56.785222 (3114974) lic_core INFO    (3) checkin jasper_fao
2026-02-27 14:24:56.786477 (3114974) main____ INFO    Exiting with status 0.
