2026-02-28 22:43:00.288658 (1018454) main____ INFO    ----------------------------------------
2026-02-28 22:43:00.288736 (1018454) main____ INFO    Jasper version info
2026-02-28 22:43:00.288757 (1018454) main____ INFO      tool      : Jasper 2023.12
2026-02-28 22:43:00.288772 (1018454) main____ INFO      version   : 2023.12p001 64 bits
2026-02-28 22:43:00.288785 (1018454) main____ INFO      build date: 2024.01.23 16:09:24 UTC
2026-02-28 22:43:00.288794 (1018454) main____ INFO    ----------------------------------------
2026-02-28 22:43:00.288803 (1018454) main____ INFO    Runtime info:
2026-02-28 22:43:00.288814 (1018454) main____ INFO      platform  : Linux 4.18.0-553.89.1.el8_10.x86_64 x86_64
2026-02-28 22:43:00.288831 (1018454) main____ INFO      hostname  : caddy15.stanford.edu
2026-02-28 22:43:00.288847 (1018454) main____ INFO      pid       : 1018454
2026-02-28 22:43:00.288859 (1018454) main____ INFO      arguments : '-style' 'windows' '-allow_unsupported_OS' '-no_gui' '-fpv' './synthlc/i_BEQ_out/xPairwiseDepDiv/exclusive_46_.tcl' '-proj' './synthlc/i_BEQ_out/xPairwiseDepDiv/exclusive_46_jgsession_26-02-28-22_43_00'
2026-02-28 22:43:00.288875 (1018454) main____ INFO      locale    : UTF-8
2026-02-28 22:43:00.288884 (1018454) main____ INFO    ----------------------------------------
2026-02-28 22:43:00.288893 (1018454) main____ INFO    System resource limits info:
2026-02-28 22:43:00.288905 (1018454) main____ INFO      virtual memory: unlimited
2026-02-28 22:43:00.288917 (1018454) main____ INFO      cpu time      : unlimited
2026-02-28 22:43:00.288934 (1018454) main____ INFO      processes     : 4096
2026-02-28 22:43:00.288953 (1018454) main____ INFO      stack size    : 8388608 B
2026-02-28 22:43:00.288966 (1018454) main____ INFO      core file size: 0 B
2026-02-28 22:43:00.288979 (1018454) main____ INFO      open files    : 4096
2026-02-28 22:43:00.288990 (1018454) main____ INFO      file size     : unlimited
2026-02-28 22:43:00.289000 (1018454) main____ INFO    ----------------------------------------
2026-02-28 22:43:00.289009 (1018454) main____ INFO    Memory statistics:
2026-02-28 22:43:00.289020 (1018454) main____ INFO      total physical memory  : 98449092 kB
2026-02-28 22:43:00.289031 (1018454) main____ INFO      free physical memory   : 80164352 kB
2026-02-28 22:43:00.289043 (1018454) main____ INFO      committed address space: 1681196 kB
2026-02-28 22:43:00.289052 (1018454) main____ INFO    ----------------------------------------
2026-02-28 22:43:00.290193 (1018454) main____ INFO    Important environment variables:
2026-02-28 22:43:00.290217 (1018454) main____ INFO      CDS_LIC_FILE       : '5280@cadlic0'
2026-02-28 22:43:00.290230 (1018454) main____ INFO      JASPER_INSTALL_DIR : '/cad/cadence/jasper_2023.12p001'
2026-02-28 22:43:00.290241 (1018454) main____ INFO      JASPER_KERNEL_CHECK: '1'
2026-02-28 22:43:00.290254 (1018454) main____ INFO      JASPER_OS_CHECK    : '0'
2026-02-28 22:43:00.290265 (1018454) main____ INFO      LANG               : 'en_US.UTF-8'
2026-02-28 22:43:00.290275 (1018454) main____ INFO    ----------------------------------------
2026-02-28 22:43:00.291485 (1018454) lic_core INFO    Initializing license system ...
2026-02-28 22:43:00.292913 (1018454) lic_core INFO    ... license system initialized.
2026-02-28 22:43:00.341742 (1018454) lic__man INFO    Claim 'main' for <ui>.
2026-02-28 22:43:00.341817 (1018454) lic_core INFO    (1) checking out 'jasper_interactive' ...
2026-02-28 22:43:00.355431 (1018454) lic_core INFO    ... (1) checkout succeeded
2026-02-28 22:43:00.355505 (1018454) lic__man INFO    Claim 'fpv' for <ui>.
2026-02-28 22:43:00.355529 (1018454) lic_core INFO    (2) checking out 'jasper_fpv' ...
2026-02-28 22:43:00.360063 (1018454) lic_core INFO    ... (2) checkout failed (error: -5) ("FLEXnet ERROR(-5, 0, 0): No such feature exists.")
2026-02-28 22:43:00.360096 (1018454) lic_core INFO    (3) checking out 'jasper_fao' ...
2026-02-28 22:43:00.371671 (1018454) lic_core INFO    ... (3) checkout succeeded
2026-02-28 22:43:00.372700 (1018465) stdio___ INFO    Starting STDIN reader (tty: yes, tty name: '/dev/pts/0')
2026-02-28 22:43:00.372856 (1018454) main____ INFO    Tool inactivity delay is 480000 ms.
2026-02-28 22:43:00.469797 (1018454) session_ INFO    Starting analysis session with session id 'session_0' (launcher: <local>) ...
2026-02-28 22:43:00.471587 (1018454) session_ INFO    Analysis session with session id 'session_0' started (pid: 1018466)
2026-02-28 22:43:01.586747 (1018454) session_ INFO    Analysis session 'session_0' connected to the console (host: 127.0.0.1:36018)
2026-02-28 22:43:04.895159 (1018454) lic__man INFO    Unclaim everything for 'session_0'.
2026-02-28 22:43:05.120111 (1018454) lic__man INFO    Claim 'fpv' for 'session_0'.
2026-02-28 22:43:05.120148 (1018454) lic__man INFO    Claim 'fpv' for 'session_0/prove-0'.
2026-02-28 22:43:15.461884 (1018454) lic__man INFO    Unclaim everything for 'session_0/prove-0'.
2026-02-28 22:43:15.503436 (1018454) main____ INFO    About to exit: request to exit with status 0 received from analysis session 'session_0'
2026-02-28 22:43:15.720716 (1018454) session_ INFO    Analysis session 'session_0' disconnected.
2026-02-28 22:43:15.720914 (1018454) lic__man INFO    Unclaim everything for 'session_0'.
2026-02-28 22:43:15.721109 (1018454) session_ INFO    Process for analysis session 'session_0' has exited with exit status '0'.
2026-02-28 22:43:17.422389 (1018465) stdio___ INFO    STDIN reader requested to stop.
2026-02-28 22:43:17.422440 (1018465) stdio___ INFO    STDIN reader stopped.
2026-02-28 22:43:17.436593 (1018454) lic_core INFO    (1) checkin jasper_interactive
2026-02-28 22:43:17.447515 (1018454) lic_core INFO    (3) checkin jasper_fao
2026-02-28 22:43:17.470358 (1018454) main____ INFO    Exiting with status 0.
