2026-02-26 03:55:24.103866 (3718262) main____ INFO    ----------------------------------------
2026-02-26 03:55:24.103963 (3718262) main____ INFO    Jasper version info
2026-02-26 03:55:24.103980 (3718262) main____ INFO      tool      : Jasper 2023.12
2026-02-26 03:55:24.103995 (3718262) main____ INFO      version   : 2023.12p001 64 bits
2026-02-26 03:55:24.104009 (3718262) main____ INFO      build date: 2024.01.23 16:09:24 UTC
2026-02-26 03:55:24.104019 (3718262) main____ INFO    ----------------------------------------
2026-02-26 03:55:24.104028 (3718262) main____ INFO    Runtime info:
2026-02-26 03:55:24.104039 (3718262) main____ INFO      platform  : Linux 4.18.0-553.89.1.el8_10.x86_64 x86_64
2026-02-26 03:55:24.104058 (3718262) main____ INFO      hostname  : caddy15.stanford.edu
2026-02-26 03:55:24.104073 (3718262) main____ INFO      pid       : 3718262
2026-02-26 03:55:24.104084 (3718262) main____ INFO      arguments : '-style' 'windows' '-allow_unsupported_OS' '-no_gui' '-fpv' './synthlc/i_ADDI_out/xPairwiseDepDiv/nunv_anytwo_293_.tcl' '-proj' './synthlc/i_ADDI_out/xPairwiseDepDiv/nunv_anytwo_293_jgsession_26-02-26-03_55_22'
2026-02-26 03:55:24.104102 (3718262) main____ INFO      locale    : UTF-8
2026-02-26 03:55:24.104112 (3718262) main____ INFO    ----------------------------------------
2026-02-26 03:55:24.104121 (3718262) main____ INFO    System resource limits info:
2026-02-26 03:55:24.104133 (3718262) main____ INFO      virtual memory: unlimited
2026-02-26 03:55:24.104145 (3718262) main____ INFO      cpu time      : unlimited
2026-02-26 03:55:24.104164 (3718262) main____ INFO      processes     : 4096
2026-02-26 03:55:24.104185 (3718262) main____ INFO      stack size    : 8388608 B
2026-02-26 03:55:24.104199 (3718262) main____ INFO      core file size: 0 B
2026-02-26 03:55:24.104212 (3718262) main____ INFO      open files    : 4096
2026-02-26 03:55:24.104224 (3718262) main____ INFO      file size     : unlimited
2026-02-26 03:55:24.104234 (3718262) main____ INFO    ----------------------------------------
2026-02-26 03:55:24.104243 (3718262) main____ INFO    Memory statistics:
2026-02-26 03:55:24.104254 (3718262) main____ INFO      total physical memory  : 98449092 kB
2026-02-26 03:55:24.104265 (3718262) main____ INFO      free physical memory   : 70847604 kB
2026-02-26 03:55:24.104277 (3718262) main____ INFO      committed address space: 13416552 kB
2026-02-26 03:55:24.104286 (3718262) main____ INFO    ----------------------------------------
2026-02-26 03:55:24.105475 (3718262) main____ INFO    Important environment variables:
2026-02-26 03:55:24.105511 (3718262) main____ INFO      CDS_LIC_FILE       : '5280@cadlic0'
2026-02-26 03:55:24.105524 (3718262) main____ INFO      JASPER_INSTALL_DIR : '/cad/cadence/jasper_2023.12p001'
2026-02-26 03:55:24.105536 (3718262) main____ INFO      JASPER_KERNEL_CHECK: '1'
2026-02-26 03:55:24.105547 (3718262) main____ INFO      JASPER_OS_CHECK    : '0'
2026-02-26 03:55:24.105559 (3718262) main____ INFO      LANG               : 'en_US.UTF-8'
2026-02-26 03:55:24.105569 (3718262) main____ INFO    ----------------------------------------
2026-02-26 03:55:24.117485 (3718262) lic_core INFO    Initializing license system ...
2026-02-26 03:55:24.137678 (3718262) lic_core INFO    ... license system initialized.
2026-02-26 03:55:24.266864 (3718262) lic__man INFO    Claim 'main' for <ui>.
2026-02-26 03:55:24.266938 (3718262) lic_core INFO    (1) checking out 'jasper_interactive' ...
2026-02-26 03:55:24.343232 (3718262) lic_core INFO    ... (1) checkout succeeded
2026-02-26 03:55:24.343354 (3718262) lic__man INFO    Claim 'fpv' for <ui>.
2026-02-26 03:55:24.343383 (3718262) lic_core INFO    (2) checking out 'jasper_fpv' ...
2026-02-26 03:55:24.402830 (3718262) lic_core INFO    ... (2) checkout failed (error: -5) ("FLEXnet ERROR(-5, 0, 0): No such feature exists.")
2026-02-26 03:55:24.402887 (3718262) lic_core INFO    (3) checking out 'jasper_fao' ...
2026-02-26 03:55:24.469546 (3718262) lic_core INFO    ... (3) checkout succeeded
2026-02-26 03:55:24.485259 (3718262) main____ INFO    Tool inactivity delay is 480000 ms.
2026-02-26 03:55:24.495666 (3718273) stdio___ INFO    Starting STDIN reader (tty: yes, tty name: '/dev/pts/0')
2026-02-26 03:55:24.797459 (3718262) session_ INFO    Starting analysis session with session id 'session_0' (launcher: <local>) ...
2026-02-26 03:55:24.799424 (3718262) session_ INFO    Analysis session with session id 'session_0' started (pid: 3718274)
2026-02-26 03:55:28.043937 (3718262) session_ INFO    Analysis session 'session_0' connected to the console (host: 127.0.0.1:60206)
2026-02-26 03:55:37.493834 (3718262) lic__man INFO    Unclaim everything for 'session_0'.
2026-02-26 03:55:37.953758 (3718262) lic__man INFO    Claim 'fpv' for 'session_0'.
2026-02-26 03:55:37.953812 (3718262) lic__man INFO    Claim 'fpv' for 'session_0/prove-0'.
2026-02-26 03:55:42.196526 (3718262) lic__man INFO    Unclaim everything for 'session_0/prove-0'.
2026-02-26 03:55:42.247509 (3718262) main____ INFO    About to exit: request to exit with status 0 received from analysis session 'session_0'
2026-02-26 03:55:42.746003 (3718262) session_ INFO    Analysis session 'session_0' disconnected.
2026-02-26 03:55:42.746147 (3718262) lic__man INFO    Unclaim everything for 'session_0'.
2026-02-26 03:55:42.748265 (3718262) session_ INFO    Process for analysis session 'session_0' has exited with exit status '0'.
2026-02-26 03:55:44.372651 (3718273) stdio___ INFO    STDIN reader requested to stop.
2026-02-26 03:55:44.372702 (3718273) stdio___ INFO    STDIN reader stopped.
2026-02-26 03:55:44.373037 (3718262) lic_core INFO    (1) checkin jasper_interactive
2026-02-26 03:55:44.379854 (3718262) lic_core INFO    (3) checkin jasper_fao
2026-02-26 03:55:44.418380 (3718262) main____ INFO    Exiting with status 0.
