2026-02-27 23:43:19.723434 (528163) main____ INFO    ----------------------------------------
2026-02-27 23:43:19.723502 (528163) main____ INFO    Jasper version info
2026-02-27 23:43:19.723516 (528163) main____ INFO      tool      : Jasper 2023.12
2026-02-27 23:43:19.723530 (528163) main____ INFO      version   : 2023.12p001 64 bits
2026-02-27 23:43:19.723543 (528163) main____ INFO      build date: 2024.01.23 16:09:24 UTC
2026-02-27 23:43:19.723553 (528163) main____ INFO    ----------------------------------------
2026-02-27 23:43:19.723562 (528163) main____ INFO    Runtime info:
2026-02-27 23:43:19.723573 (528163) main____ INFO      platform  : Linux 4.18.0-553.89.1.el8_10.x86_64 x86_64
2026-02-27 23:43:19.723589 (528163) main____ INFO      hostname  : caddy10.stanford.edu
2026-02-27 23:43:19.723604 (528163) main____ INFO      pid       : 528163
2026-02-27 23:43:19.723615 (528163) main____ INFO      arguments : '-style' 'windows' '-allow_unsupported_OS' '-no_gui' '-fpv' './synthlc/i_DIV_out/xHBPerfG_dfg_v3_div/WHB_10_.tcl' '-proj' './synthlc/i_DIV_out/xHBPerfG_dfg_v3_div/WHB_10_jgsession_26-02-27-23_43_19'
2026-02-27 23:43:19.723629 (528163) main____ INFO      locale    : UTF-8
2026-02-27 23:43:19.723639 (528163) main____ INFO    ----------------------------------------
2026-02-27 23:43:19.723649 (528163) main____ INFO    System resource limits info:
2026-02-27 23:43:19.723661 (528163) main____ INFO      virtual memory: unlimited
2026-02-27 23:43:19.723672 (528163) main____ INFO      cpu time      : unlimited
2026-02-27 23:43:19.723688 (528163) main____ INFO      processes     : 4096
2026-02-27 23:43:19.723707 (528163) main____ INFO      stack size    : 8388608 B
2026-02-27 23:43:19.723721 (528163) main____ INFO      core file size: 0 B
2026-02-27 23:43:19.723733 (528163) main____ INFO      open files    : 4096
2026-02-27 23:43:19.723745 (528163) main____ INFO      file size     : unlimited
2026-02-27 23:43:19.723755 (528163) main____ INFO    ----------------------------------------
2026-02-27 23:43:19.723764 (528163) main____ INFO    Memory statistics:
2026-02-27 23:43:19.723776 (528163) main____ INFO      total physical memory  : 98449096 kB
2026-02-27 23:43:19.723787 (528163) main____ INFO      free physical memory   : 90593236 kB
2026-02-27 23:43:19.723798 (528163) main____ INFO      committed address space: 1826844 kB
2026-02-27 23:43:19.723808 (528163) main____ INFO    ----------------------------------------
2026-02-27 23:43:19.724926 (528163) main____ INFO    Important environment variables:
2026-02-27 23:43:19.724947 (528163) main____ INFO      CDS_LIC_FILE       : '5280@cadlic0'
2026-02-27 23:43:19.724960 (528163) main____ INFO      JASPER_INSTALL_DIR : '/cad/cadence/jasper_2023.12p001'
2026-02-27 23:43:19.724972 (528163) main____ INFO      JASPER_KERNEL_CHECK: '1'
2026-02-27 23:43:19.724983 (528163) main____ INFO      JASPER_OS_CHECK    : '0'
2026-02-27 23:43:19.724995 (528163) main____ INFO      LANG               : 'en_US.UTF-8'
2026-02-27 23:43:19.725005 (528163) main____ INFO    ----------------------------------------
2026-02-27 23:43:19.726267 (528163) lic_core INFO    Initializing license system ...
2026-02-27 23:43:19.727668 (528163) lic_core INFO    ... license system initialized.
2026-02-27 23:43:19.739248 (528163) lic__man INFO    Claim 'main' for <ui>.
2026-02-27 23:43:19.739299 (528163) lic_core INFO    (1) checking out 'jasper_interactive' ...
2026-02-27 23:43:19.752327 (528163) lic_core INFO    ... (1) checkout succeeded
2026-02-27 23:43:19.752382 (528163) lic__man INFO    Claim 'fpv' for <ui>.
2026-02-27 23:43:19.752403 (528163) lic_core INFO    (2) checking out 'jasper_fpv' ...
2026-02-27 23:43:19.757195 (528163) lic_core INFO    ... (2) checkout failed (error: -5) ("FLEXnet ERROR(-5, 0, 0): No such feature exists.")
2026-02-27 23:43:19.757225 (528163) lic_core INFO    (3) checking out 'jasper_fao' ...
2026-02-27 23:43:19.768172 (528163) lic_core INFO    ... (3) checkout succeeded
2026-02-27 23:43:19.769111 (528184) stdio___ INFO    Starting STDIN reader (tty: yes, tty name: '/dev/pts/5')
2026-02-27 23:43:19.769212 (528163) main____ INFO    Tool inactivity delay is 480000 ms.
2026-02-27 23:43:19.809962 (528163) session_ INFO    Starting analysis session with session id 'session_0' (launcher: <local>) ...
2026-02-27 23:43:19.811585 (528163) session_ INFO    Analysis session with session id 'session_0' started (pid: 528185)
2026-02-27 23:43:20.911156 (528163) session_ INFO    Analysis session 'session_0' connected to the console (host: 127.0.0.1:37178)
2026-02-27 23:43:24.013378 (528163) lic__man INFO    Unclaim everything for 'session_0'.
2026-02-27 23:43:24.392646 (528163) lic__man INFO    Claim 'fpv' for 'session_0'.
2026-02-27 23:43:24.392681 (528163) lic__man INFO    Claim 'fpv' for 'session_0/prove-0'.
2026-02-27 23:43:25.698864 (528163) lic__man INFO    Unclaim everything for 'session_0/prove-0'.
2026-02-27 23:43:25.741232 (528163) main____ INFO    About to exit: request to exit with status 0 received from analysis session 'session_0'
2026-02-27 23:43:25.881682 (528163) session_ INFO    Analysis session 'session_0' disconnected.
2026-02-27 23:43:25.881787 (528163) lic__man INFO    Unclaim everything for 'session_0'.
2026-02-27 23:43:25.882019 (528163) session_ INFO    Process for analysis session 'session_0' has exited with exit status '0'.
2026-02-27 23:43:27.848959 (528184) stdio___ INFO    STDIN reader requested to stop.
2026-02-27 23:43:27.849001 (528184) stdio___ INFO    STDIN reader stopped.
2026-02-27 23:43:27.849236 (528163) lic_core INFO    (1) checkin jasper_interactive
2026-02-27 23:43:27.850076 (528163) lic_core INFO    (3) checkin jasper_fao
2026-02-27 23:43:27.851064 (528163) main____ INFO    Exiting with status 0.
