2026-02-25 14:10:26.834074 (3208062) main____ INFO    ----------------------------------------
2026-02-25 14:10:26.834140 (3208062) main____ INFO    Jasper version info
2026-02-25 14:10:26.834154 (3208062) main____ INFO      tool      : Jasper 2023.12
2026-02-25 14:10:26.834168 (3208062) main____ INFO      version   : 2023.12p001 64 bits
2026-02-25 14:10:26.834181 (3208062) main____ INFO      build date: 2024.01.23 16:09:24 UTC
2026-02-25 14:10:26.834190 (3208062) main____ INFO    ----------------------------------------
2026-02-25 14:10:26.834200 (3208062) main____ INFO    Runtime info:
2026-02-25 14:10:26.834210 (3208062) main____ INFO      platform  : Linux 4.18.0-553.89.1.el8_10.x86_64 x86_64
2026-02-25 14:10:26.834227 (3208062) main____ INFO      hostname  : caddy15.stanford.edu
2026-02-25 14:10:26.834242 (3208062) main____ INFO      pid       : 3208062
2026-02-25 14:10:26.834253 (3208062) main____ INFO      arguments : '-style' 'windows' '-allow_unsupported_OS' '-no_gui' '-fpv' './synthlc/i_DIV_out/xPerfLocSubsetDiv/coverset_195_.tcl' '-proj' './synthlc/i_DIV_out/xPerfLocSubsetDiv/coverset_195_jgsession_26-02-25-14_10_26'
2026-02-25 14:10:26.834269 (3208062) main____ INFO      locale    : UTF-8
2026-02-25 14:10:26.834278 (3208062) main____ INFO    ----------------------------------------
2026-02-25 14:10:26.834288 (3208062) main____ INFO    System resource limits info:
2026-02-25 14:10:26.834300 (3208062) main____ INFO      virtual memory: unlimited
2026-02-25 14:10:26.834326 (3208062) main____ INFO      cpu time      : unlimited
2026-02-25 14:10:26.834343 (3208062) main____ INFO      processes     : 4096
2026-02-25 14:10:26.834361 (3208062) main____ INFO      stack size    : 8388608 B
2026-02-25 14:10:26.834375 (3208062) main____ INFO      core file size: 0 B
2026-02-25 14:10:26.834388 (3208062) main____ INFO      open files    : 4096
2026-02-25 14:10:26.834399 (3208062) main____ INFO      file size     : unlimited
2026-02-25 14:10:26.834409 (3208062) main____ INFO    ----------------------------------------
2026-02-25 14:10:26.834419 (3208062) main____ INFO    Memory statistics:
2026-02-25 14:10:26.834430 (3208062) main____ INFO      total physical memory  : 98449092 kB
2026-02-25 14:10:26.834441 (3208062) main____ INFO      free physical memory   : 82633092 kB
2026-02-25 14:10:26.834452 (3208062) main____ INFO      committed address space: 1392772 kB
2026-02-25 14:10:26.834462 (3208062) main____ INFO    ----------------------------------------
2026-02-25 14:10:26.835594 (3208062) main____ INFO    Important environment variables:
2026-02-25 14:10:26.835616 (3208062) main____ INFO      CDS_LIC_FILE       : '5280@cadlic0'
2026-02-25 14:10:26.835629 (3208062) main____ INFO      JASPER_INSTALL_DIR : '/cad/cadence/jasper_2023.12p001'
2026-02-25 14:10:26.835641 (3208062) main____ INFO      JASPER_KERNEL_CHECK: '1'
2026-02-25 14:10:26.835653 (3208062) main____ INFO      JASPER_OS_CHECK    : '0'
2026-02-25 14:10:26.835665 (3208062) main____ INFO      LANG               : 'en_US.UTF-8'
2026-02-25 14:10:26.835675 (3208062) main____ INFO    ----------------------------------------
2026-02-25 14:10:26.836782 (3208062) lic_core INFO    Initializing license system ...
2026-02-25 14:10:26.838171 (3208062) lic_core INFO    ... license system initialized.
2026-02-25 14:10:26.849004 (3208062) lic__man INFO    Claim 'main' for <ui>.
2026-02-25 14:10:26.849045 (3208062) lic_core INFO    (1) checking out 'jasper_interactive' ...
2026-02-25 14:10:26.861092 (3208062) lic_core INFO    ... (1) checkout succeeded
2026-02-25 14:10:26.861150 (3208062) lic__man INFO    Claim 'fpv' for <ui>.
2026-02-25 14:10:26.861170 (3208062) lic_core INFO    (2) checking out 'jasper_fpv' ...
2026-02-25 14:10:26.865158 (3208062) lic_core INFO    ... (2) checkout failed (error: -5) ("FLEXnet ERROR(-5, 0, 0): No such feature exists.")
2026-02-25 14:10:26.865188 (3208062) lic_core INFO    (3) checking out 'jasper_fao' ...
2026-02-25 14:10:26.875865 (3208062) lic_core INFO    ... (3) checkout succeeded
2026-02-25 14:10:26.877115 (3208091) stdio___ INFO    Starting STDIN reader (tty: yes, tty name: '/dev/pts/0')
2026-02-25 14:10:26.877364 (3208062) main____ INFO    Tool inactivity delay is 480000 ms.
2026-02-25 14:10:26.918410 (3208062) session_ INFO    Starting analysis session with session id 'session_0' (launcher: <local>) ...
2026-02-25 14:10:26.920242 (3208062) session_ INFO    Analysis session with session id 'session_0' started (pid: 3208102)
2026-02-25 14:10:28.037887 (3208062) session_ INFO    Analysis session 'session_0' connected to the console (host: 127.0.0.1:41166)
2026-02-25 14:10:31.056529 (3208062) lic__man INFO    Unclaim everything for 'session_0'.
2026-02-25 14:10:31.252368 (3208062) lic__man INFO    Claim 'fpv' for 'session_0'.
2026-02-25 14:10:31.252401 (3208062) lic__man INFO    Claim 'fpv' for 'session_0/prove-0'.
2026-02-25 14:10:34.096638 (3208062) lic__man INFO    Unclaim everything for 'session_0/prove-0'.
2026-02-25 14:10:34.145656 (3208062) main____ INFO    About to exit: request to exit with status 0 received from analysis session 'session_0'
2026-02-25 14:10:34.451631 (3208062) session_ INFO    Analysis session 'session_0' disconnected.
2026-02-25 14:10:34.451775 (3208062) lic__man INFO    Unclaim everything for 'session_0'.
2026-02-25 14:10:34.451969 (3208062) session_ INFO    Process for analysis session 'session_0' has exited with exit status '0'.
2026-02-25 14:10:36.074367 (3208091) stdio___ INFO    STDIN reader requested to stop.
2026-02-25 14:10:36.074410 (3208091) stdio___ INFO    STDIN reader stopped.
2026-02-25 14:10:36.081567 (3208062) lic_core INFO    (1) checkin jasper_interactive
2026-02-25 14:10:36.086528 (3208062) lic_core INFO    (3) checkin jasper_fao
2026-02-25 14:10:36.109645 (3208062) main____ INFO    Exiting with status 0.
