2026-03-01 00:36:56.366727 (1129796) main____ INFO    ----------------------------------------
2026-03-01 00:36:56.366831 (1129796) main____ INFO    Jasper version info
2026-03-01 00:36:56.366846 (1129796) main____ INFO      tool      : Jasper 2023.12
2026-03-01 00:36:56.366861 (1129796) main____ INFO      version   : 2023.12p001 64 bits
2026-03-01 00:36:56.366873 (1129796) main____ INFO      build date: 2024.01.23 16:09:24 UTC
2026-03-01 00:36:56.366883 (1129796) main____ INFO    ----------------------------------------
2026-03-01 00:36:56.366892 (1129796) main____ INFO    Runtime info:
2026-03-01 00:36:56.366903 (1129796) main____ INFO      platform  : Linux 4.18.0-553.89.1.el8_10.x86_64 x86_64
2026-03-01 00:36:56.366931 (1129796) main____ INFO      hostname  : caddy15.stanford.edu
2026-03-01 00:36:56.366946 (1129796) main____ INFO      pid       : 1129796
2026-03-01 00:36:56.366956 (1129796) main____ INFO      arguments : '-style' 'windows' '-allow_unsupported_OS' '-no_gui' '-fpv' './synthlc/i_LW_out/xCoverAPerflocDiv/5_.tcl' '-proj' './synthlc/i_LW_out/xCoverAPerflocDiv/5_jgsession_26-03-01-00_36_56'
2026-03-01 00:36:56.366973 (1129796) main____ INFO      locale    : UTF-8
2026-03-01 00:36:56.366982 (1129796) main____ INFO    ----------------------------------------
2026-03-01 00:36:56.366991 (1129796) main____ INFO    System resource limits info:
2026-03-01 00:36:56.367003 (1129796) main____ INFO      virtual memory: unlimited
2026-03-01 00:36:56.367015 (1129796) main____ INFO      cpu time      : unlimited
2026-03-01 00:36:56.367034 (1129796) main____ INFO      processes     : 4096
2026-03-01 00:36:56.367055 (1129796) main____ INFO      stack size    : 8388608 B
2026-03-01 00:36:56.367068 (1129796) main____ INFO      core file size: 0 B
2026-03-01 00:36:56.367082 (1129796) main____ INFO      open files    : 4096
2026-03-01 00:36:56.367095 (1129796) main____ INFO      file size     : unlimited
2026-03-01 00:36:56.367105 (1129796) main____ INFO    ----------------------------------------
2026-03-01 00:36:56.367114 (1129796) main____ INFO    Memory statistics:
2026-03-01 00:36:56.367126 (1129796) main____ INFO      total physical memory  : 98449092 kB
2026-03-01 00:36:56.367137 (1129796) main____ INFO      free physical memory   : 80061792 kB
2026-03-01 00:36:56.367148 (1129796) main____ INFO      committed address space: 1333584 kB
2026-03-01 00:36:56.367158 (1129796) main____ INFO    ----------------------------------------
2026-03-01 00:36:56.368373 (1129796) main____ INFO    Important environment variables:
2026-03-01 00:36:56.368405 (1129796) main____ INFO      CDS_LIC_FILE       : '5280@cadlic0'
2026-03-01 00:36:56.368418 (1129796) main____ INFO      JASPER_INSTALL_DIR : '/cad/cadence/jasper_2023.12p001'
2026-03-01 00:36:56.368430 (1129796) main____ INFO      JASPER_KERNEL_CHECK: '1'
2026-03-01 00:36:56.368442 (1129796) main____ INFO      JASPER_OS_CHECK    : '0'
2026-03-01 00:36:56.368454 (1129796) main____ INFO      LANG               : 'en_US.UTF-8'
2026-03-01 00:36:56.368464 (1129796) main____ INFO    ----------------------------------------
2026-03-01 00:36:56.369690 (1129796) lic_core INFO    Initializing license system ...
2026-03-01 00:36:56.372140 (1129796) lic_core INFO    ... license system initialized.
2026-03-01 00:36:56.383558 (1129796) lic__man INFO    Claim 'main' for <ui>.
2026-03-01 00:36:56.383619 (1129796) lic_core INFO    (1) checking out 'jasper_interactive' ...
2026-03-01 00:36:56.396529 (1129796) lic_core INFO    ... (1) checkout succeeded
2026-03-01 00:36:56.396644 (1129796) lic__man INFO    Claim 'fpv' for <ui>.
2026-03-01 00:36:56.396672 (1129796) lic_core INFO    (2) checking out 'jasper_fpv' ...
2026-03-01 00:36:56.401208 (1129796) lic_core INFO    ... (2) checkout failed (error: -5) ("FLEXnet ERROR(-5, 0, 0): No such feature exists.")
2026-03-01 00:36:56.401259 (1129796) lic_core INFO    (3) checking out 'jasper_fao' ...
2026-03-01 00:36:56.412948 (1129796) lic_core INFO    ... (3) checkout succeeded
2026-03-01 00:36:56.414455 (1129817) stdio___ INFO    Starting STDIN reader (tty: yes, tty name: '/dev/pts/0')
2026-03-01 00:36:56.414542 (1129796) main____ INFO    Tool inactivity delay is 480000 ms.
2026-03-01 00:36:56.455459 (1129796) session_ INFO    Starting analysis session with session id 'session_0' (launcher: <local>) ...
2026-03-01 00:36:56.457467 (1129796) session_ INFO    Analysis session with session id 'session_0' started (pid: 1129824)
2026-03-01 00:36:57.818101 (1129796) session_ INFO    Analysis session 'session_0' connected to the console (host: 127.0.0.1:51660)
2026-03-01 00:37:01.383530 (1129796) lic__man INFO    Unclaim everything for 'session_0'.
2026-03-01 00:52:05.868946 (1129796) lic__man INFO    Unclaim everything for 'session_0/prove-0'.
2026-03-01 00:52:05.915551 (1129796) main____ INFO    About to exit: request to exit with status 0 received from analysis session 'session_0'
2026-03-01 00:52:06.050728 (1129796) session_ INFO    Analysis session 'session_0' disconnected.
2026-03-01 00:52:06.050853 (1129796) lic__man INFO    Unclaim everything for 'session_0'.
2026-03-01 00:52:06.105516 (1129796) session_ INFO    Process for analysis session 'session_0' has exited with exit status '0'.
2026-03-01 00:52:07.903832 (1129817) stdio___ INFO    STDIN reader requested to stop.
2026-03-01 00:52:07.903862 (1129817) stdio___ INFO    STDIN reader stopped.
2026-03-01 00:52:07.904508 (1129796) lic_core INFO    (1) checkin jasper_interactive
2026-03-01 00:52:07.904986 (1129796) lic_core INFO    (3) checkin jasper_fao
2026-03-01 00:52:07.905806 (1129796) main____ INFO    Exiting with status 0.
