2026-02-26 01:24:56.575291 (1825157) main____ INFO    ----------------------------------------
2026-02-26 01:24:56.575396 (1825157) main____ INFO    Jasper version info
2026-02-26 01:24:56.575415 (1825157) main____ INFO      tool      : Jasper 2023.12
2026-02-26 01:24:56.575432 (1825157) main____ INFO      version   : 2023.12p001 64 bits
2026-02-26 01:24:56.575447 (1825157) main____ INFO      build date: 2024.01.23 16:09:24 UTC
2026-02-26 01:24:56.575458 (1825157) main____ INFO    ----------------------------------------
2026-02-26 01:24:56.575469 (1825157) main____ INFO    Runtime info:
2026-02-26 01:24:56.575482 (1825157) main____ INFO      platform  : Linux 4.18.0-553.89.1.el8_10.x86_64 x86_64
2026-02-26 01:24:56.575504 (1825157) main____ INFO      hostname  : caddy12.stanford.edu
2026-02-26 01:24:56.575522 (1825157) main____ INFO      pid       : 1825157
2026-02-26 01:24:56.575534 (1825157) main____ INFO      arguments : '-style' 'windows' '-allow_unsupported_OS' '-no_gui' '-fpv' './synthlc/i_MUL_out/xPairwiseDepDiv/nunv_anytwo_137_.tcl' '-proj' './synthlc/i_MUL_out/xPairwiseDepDiv/nunv_anytwo_137_jgsession_26-02-26-01_24_55'
2026-02-26 01:24:56.575554 (1825157) main____ INFO      locale    : UTF-8
2026-02-26 01:24:56.575565 (1825157) main____ INFO    ----------------------------------------
2026-02-26 01:24:56.575576 (1825157) main____ INFO    System resource limits info:
2026-02-26 01:24:56.575590 (1825157) main____ INFO      virtual memory: unlimited
2026-02-26 01:24:56.575605 (1825157) main____ INFO      cpu time      : unlimited
2026-02-26 01:24:56.575626 (1825157) main____ INFO      processes     : 4096
2026-02-26 01:24:56.575649 (1825157) main____ INFO      stack size    : 8388608 B
2026-02-26 01:24:56.575681 (1825157) main____ INFO      core file size: 0 B
2026-02-26 01:24:56.575696 (1825157) main____ INFO      open files    : 4096
2026-02-26 01:24:56.575710 (1825157) main____ INFO      file size     : unlimited
2026-02-26 01:24:56.575721 (1825157) main____ INFO    ----------------------------------------
2026-02-26 01:24:56.575732 (1825157) main____ INFO    Memory statistics:
2026-02-26 01:24:56.575746 (1825157) main____ INFO      total physical memory  : 98449088 kB
2026-02-26 01:24:56.575759 (1825157) main____ INFO      free physical memory   : 73291764 kB
2026-02-26 01:24:56.575772 (1825157) main____ INFO      committed address space: 12634744 kB
2026-02-26 01:24:56.575783 (1825157) main____ INFO    ----------------------------------------
2026-02-26 01:24:56.577171 (1825157) main____ INFO    Important environment variables:
2026-02-26 01:24:56.577200 (1825157) main____ INFO      CDS_LIC_FILE       : '5280@cadlic0'
2026-02-26 01:24:56.577215 (1825157) main____ INFO      DISPLAY            : 'localhost:12.0'
2026-02-26 01:24:56.577228 (1825157) main____ INFO      JASPER_INSTALL_DIR : '/cad/cadence/jasper_2023.12p001'
2026-02-26 01:24:56.577242 (1825157) main____ INFO      JASPER_KERNEL_CHECK: '1'
2026-02-26 01:24:56.577256 (1825157) main____ INFO      JASPER_OS_CHECK    : '0'
2026-02-26 01:24:56.577269 (1825157) main____ INFO      LANG               : 'zh_TW.UTF-8'
2026-02-26 01:24:56.577280 (1825157) main____ INFO    ----------------------------------------
2026-02-26 01:24:56.578874 (1825157) lic_core INFO    Initializing license system ...
2026-02-26 01:24:56.593312 (1825157) lic_core INFO    ... license system initialized.
2026-02-26 01:24:56.766186 (1825157) lic__man INFO    Claim 'main' for <ui>.
2026-02-26 01:24:56.766262 (1825157) lic_core INFO    (1) checking out 'jasper_interactive' ...
2026-02-26 01:24:56.840210 (1825157) lic_core INFO    ... (1) checkout succeeded
2026-02-26 01:24:56.840321 (1825157) lic__man INFO    Claim 'fpv' for <ui>.
2026-02-26 01:24:56.840350 (1825157) lic_core INFO    (2) checking out 'jasper_fpv' ...
2026-02-26 01:24:56.911209 (1825157) lic_core INFO    ... (2) checkout failed (error: -5) ("FLEXnet ERROR(-5, 0, 0): No such feature exists.")
2026-02-26 01:24:56.911267 (1825157) lic_core INFO    (3) checking out 'jasper_fao' ...
2026-02-26 01:24:57.000143 (1825157) lic_core INFO    ... (3) checkout succeeded
2026-02-26 01:24:57.013648 (1825157) main____ INFO    Tool inactivity delay is 480000 ms.
2026-02-26 01:24:57.029939 (1825173) stdio___ INFO    Starting STDIN reader (tty: yes, tty name: '/dev/pts/0')
2026-02-26 01:24:57.358796 (1825157) session_ INFO    Starting analysis session with session id 'session_0' (launcher: <local>) ...
2026-02-26 01:24:57.360992 (1825157) session_ INFO    Analysis session with session id 'session_0' started (pid: 1825174)
2026-02-26 01:24:59.490042 (1825157) session_ INFO    Analysis session 'session_0' connected to the console (host: 127.0.0.1:33502)
2026-02-26 01:25:06.794762 (1825157) lic__man INFO    Unclaim everything for 'session_0'.
2026-02-26 01:25:07.137054 (1825157) lic__man INFO    Claim 'fpv' for 'session_0'.
2026-02-26 01:25:07.137111 (1825157) lic__man INFO    Claim 'fpv' for 'session_0/prove-0'.
2026-02-26 01:25:09.381860 (1825157) lic__man INFO    Unclaim everything for 'session_0/prove-0'.
2026-02-26 01:25:09.430982 (1825157) main____ INFO    About to exit: request to exit with status 0 received from analysis session 'session_0'
2026-02-26 01:25:09.681376 (1825157) session_ INFO    Analysis session 'session_0' disconnected.
2026-02-26 01:25:09.681534 (1825157) lic__man INFO    Unclaim everything for 'session_0'.
2026-02-26 01:25:09.683750 (1825157) session_ INFO    Process for analysis session 'session_0' has exited with exit status '0'.
2026-02-26 01:25:11.404732 (1825173) stdio___ INFO    STDIN reader requested to stop.
2026-02-26 01:25:11.404782 (1825173) stdio___ INFO    STDIN reader stopped.
2026-02-26 01:25:11.414956 (1825157) lic_core INFO    (1) checkin jasper_interactive
2026-02-26 01:25:11.423045 (1825157) lic_core INFO    (3) checkin jasper_fao
2026-02-26 01:25:11.426067 (1825157) main____ INFO    Exiting with status 0.
