2026-02-26 03:20:53.140864 (3675546) main____ INFO    ----------------------------------------
2026-02-26 03:20:53.140967 (3675546) main____ INFO    Jasper version info
2026-02-26 03:20:53.140983 (3675546) main____ INFO      tool      : Jasper 2023.12
2026-02-26 03:20:53.140998 (3675546) main____ INFO      version   : 2023.12p001 64 bits
2026-02-26 03:20:53.141012 (3675546) main____ INFO      build date: 2024.01.23 16:09:24 UTC
2026-02-26 03:20:53.141022 (3675546) main____ INFO    ----------------------------------------
2026-02-26 03:20:53.141031 (3675546) main____ INFO    Runtime info:
2026-02-26 03:20:53.141042 (3675546) main____ INFO      platform  : Linux 4.18.0-553.89.1.el8_10.x86_64 x86_64
2026-02-26 03:20:53.141061 (3675546) main____ INFO      hostname  : caddy15.stanford.edu
2026-02-26 03:20:53.141077 (3675546) main____ INFO      pid       : 3675546
2026-02-26 03:20:53.141088 (3675546) main____ INFO      arguments : '-style' 'windows' '-allow_unsupported_OS' '-no_gui' '-fpv' './synthlc/i_ADDI_out/xPairwiseDepDiv/nunv_anytwo_3_.tcl' '-proj' './synthlc/i_ADDI_out/xPairwiseDepDiv/nunv_anytwo_3_jgsession_26-02-26-03_20_51'
2026-02-26 03:20:53.141105 (3675546) main____ INFO      locale    : UTF-8
2026-02-26 03:20:53.141115 (3675546) main____ INFO    ----------------------------------------
2026-02-26 03:20:53.141124 (3675546) main____ INFO    System resource limits info:
2026-02-26 03:20:53.141137 (3675546) main____ INFO      virtual memory: unlimited
2026-02-26 03:20:53.141149 (3675546) main____ INFO      cpu time      : unlimited
2026-02-26 03:20:53.141168 (3675546) main____ INFO      processes     : 4096
2026-02-26 03:20:53.141189 (3675546) main____ INFO      stack size    : 8388608 B
2026-02-26 03:20:53.141203 (3675546) main____ INFO      core file size: 0 B
2026-02-26 03:20:53.141216 (3675546) main____ INFO      open files    : 4096
2026-02-26 03:20:53.141228 (3675546) main____ INFO      file size     : unlimited
2026-02-26 03:20:53.141238 (3675546) main____ INFO    ----------------------------------------
2026-02-26 03:20:53.141247 (3675546) main____ INFO    Memory statistics:
2026-02-26 03:20:53.141258 (3675546) main____ INFO      total physical memory  : 98449092 kB
2026-02-26 03:20:53.141270 (3675546) main____ INFO      free physical memory   : 77113700 kB
2026-02-26 03:20:53.141281 (3675546) main____ INFO      committed address space: 6255628 kB
2026-02-26 03:20:53.141291 (3675546) main____ INFO    ----------------------------------------
2026-02-26 03:20:53.142488 (3675546) main____ INFO    Important environment variables:
2026-02-26 03:20:53.142516 (3675546) main____ INFO      CDS_LIC_FILE       : '5280@cadlic0'
2026-02-26 03:20:53.142529 (3675546) main____ INFO      JASPER_INSTALL_DIR : '/cad/cadence/jasper_2023.12p001'
2026-02-26 03:20:53.142541 (3675546) main____ INFO      JASPER_KERNEL_CHECK: '1'
2026-02-26 03:20:53.142553 (3675546) main____ INFO      JASPER_OS_CHECK    : '0'
2026-02-26 03:20:53.142565 (3675546) main____ INFO      LANG               : 'en_US.UTF-8'
2026-02-26 03:20:53.142574 (3675546) main____ INFO    ----------------------------------------
2026-02-26 03:20:53.147796 (3675546) lic_core INFO    Initializing license system ...
2026-02-26 03:20:53.226132 (3675546) lic_core INFO    ... license system initialized.
2026-02-26 03:20:53.406811 (3675546) lic__man INFO    Claim 'main' for <ui>.
2026-02-26 03:20:53.406879 (3675546) lic_core INFO    (1) checking out 'jasper_interactive' ...
2026-02-26 03:20:53.461731 (3675546) lic_core INFO    ... (1) checkout succeeded
2026-02-26 03:20:53.461842 (3675546) lic__man INFO    Claim 'fpv' for <ui>.
2026-02-26 03:20:53.461871 (3675546) lic_core INFO    (2) checking out 'jasper_fpv' ...
2026-02-26 03:20:53.528788 (3675546) lic_core INFO    ... (2) checkout failed (error: -5) ("FLEXnet ERROR(-5, 0, 0): No such feature exists.")
2026-02-26 03:20:53.528843 (3675546) lic_core INFO    (3) checking out 'jasper_fao' ...
2026-02-26 03:20:53.601649 (3675546) lic_core INFO    ... (3) checkout succeeded
2026-02-26 03:20:53.643265 (3675546) main____ INFO    Tool inactivity delay is 480000 ms.
2026-02-26 03:20:53.655567 (3675581) stdio___ INFO    Starting STDIN reader (tty: yes, tty name: '/dev/pts/0')
2026-02-26 03:20:54.018447 (3675546) session_ INFO    Starting analysis session with session id 'session_0' (launcher: <local>) ...
2026-02-26 03:20:54.020489 (3675546) session_ INFO    Analysis session with session id 'session_0' started (pid: 3675594)
2026-02-26 03:20:59.170745 (3675546) session_ INFO    Analysis session 'session_0' connected to the console (host: 127.0.0.1:53130)
2026-02-26 03:21:05.804867 (3675546) lic__man INFO    Unclaim everything for 'session_0'.
2026-02-26 03:21:06.030718 (3675546) lic__man INFO    Claim 'fpv' for 'session_0'.
2026-02-26 03:21:06.030764 (3675546) lic__man INFO    Claim 'fpv' for 'session_0/prove-0'.
2026-02-26 03:21:08.531820 (3675546) lic__man INFO    Unclaim everything for 'session_0/prove-0'.
2026-02-26 03:21:08.575494 (3675546) main____ INFO    About to exit: request to exit with status 0 received from analysis session 'session_0'
2026-02-26 03:21:08.783677 (3675546) session_ INFO    Analysis session 'session_0' disconnected.
2026-02-26 03:21:08.783829 (3675546) lic__man INFO    Unclaim everything for 'session_0'.
2026-02-26 03:21:08.796021 (3675546) session_ INFO    Process for analysis session 'session_0' has exited with exit status '0'.
2026-02-26 03:21:10.489062 (3675581) stdio___ INFO    STDIN reader requested to stop.
2026-02-26 03:21:10.489111 (3675581) stdio___ INFO    STDIN reader stopped.
2026-02-26 03:21:10.489462 (3675546) lic_core INFO    (1) checkin jasper_interactive
2026-02-26 03:21:10.490612 (3675546) lic_core INFO    (3) checkin jasper_fao
2026-02-26 03:21:10.492296 (3675546) main____ INFO    Exiting with status 0.
