2026-03-01 22:38:42.596701 (721646) main____ INFO    ----------------------------------------
2026-03-01 22:38:42.596764 (721646) main____ INFO    Jasper version info
2026-03-01 22:38:42.596779 (721646) main____ INFO      tool      : Jasper 2023.12
2026-03-01 22:38:42.596792 (721646) main____ INFO      version   : 2023.12p001 64 bits
2026-03-01 22:38:42.596804 (721646) main____ INFO      build date: 2024.01.23 16:09:24 UTC
2026-03-01 22:38:42.596814 (721646) main____ INFO    ----------------------------------------
2026-03-01 22:38:42.596823 (721646) main____ INFO    Runtime info:
2026-03-01 22:38:42.596833 (721646) main____ INFO      platform  : Linux 4.18.0-553.89.1.el8_10.x86_64 x86_64
2026-03-01 22:38:42.596848 (721646) main____ INFO      hostname  : caddy10.stanford.edu
2026-03-01 22:38:42.596862 (721646) main____ INFO      pid       : 721646
2026-03-01 22:38:42.596872 (721646) main____ INFO      arguments : '-style' 'windows' '-allow_unsupported_OS' '-no_gui' '-fpv' './synthlc/i_MUL_out/xPairwiseDepDiv/nunv_anytwo_79_.tcl' '-proj' './synthlc/i_MUL_out/xPairwiseDepDiv/nunv_anytwo_79_jgsession_26-03-01-22_38_42'
2026-03-01 22:38:42.596887 (721646) main____ INFO      locale    : UTF-8
2026-03-01 22:38:42.596896 (721646) main____ INFO    ----------------------------------------
2026-03-01 22:38:42.596905 (721646) main____ INFO    System resource limits info:
2026-03-01 22:38:42.596917 (721646) main____ INFO      virtual memory: unlimited
2026-03-01 22:38:42.596928 (721646) main____ INFO      cpu time      : unlimited
2026-03-01 22:38:42.596943 (721646) main____ INFO      processes     : 4096
2026-03-01 22:38:42.596960 (721646) main____ INFO      stack size    : 8388608 B
2026-03-01 22:38:42.596973 (721646) main____ INFO      core file size: 0 B
2026-03-01 22:38:42.596985 (721646) main____ INFO      open files    : 4096
2026-03-01 22:38:42.596996 (721646) main____ INFO      file size     : unlimited
2026-03-01 22:38:42.597005 (721646) main____ INFO    ----------------------------------------
2026-03-01 22:38:42.597014 (721646) main____ INFO    Memory statistics:
2026-03-01 22:38:42.597025 (721646) main____ INFO      total physical memory  : 98449096 kB
2026-03-01 22:38:42.597035 (721646) main____ INFO      free physical memory   : 92162836 kB
2026-03-01 22:38:42.597046 (721646) main____ INFO      committed address space: 1809772 kB
2026-03-01 22:38:42.597068 (721646) main____ INFO    ----------------------------------------
2026-03-01 22:38:42.598178 (721646) main____ INFO    Important environment variables:
2026-03-01 22:38:42.598199 (721646) main____ INFO      CDS_LIC_FILE       : '5280@cadlic0'
2026-03-01 22:38:42.598211 (721646) main____ INFO      JASPER_INSTALL_DIR : '/cad/cadence/jasper_2023.12p001'
2026-03-01 22:38:42.598223 (721646) main____ INFO      JASPER_KERNEL_CHECK: '1'
2026-03-01 22:38:42.598234 (721646) main____ INFO      JASPER_OS_CHECK    : '0'
2026-03-01 22:38:42.598252 (721646) main____ INFO      LANG               : 'en_US.UTF-8'
2026-03-01 22:38:42.598262 (721646) main____ INFO    ----------------------------------------
2026-03-01 22:38:42.599381 (721646) lic_core INFO    Initializing license system ...
2026-03-01 22:38:42.602633 (721646) lic_core INFO    ... license system initialized.
2026-03-01 22:38:42.614873 (721646) lic__man INFO    Claim 'main' for <ui>.
2026-03-01 22:38:42.614913 (721646) lic_core INFO    (1) checking out 'jasper_interactive' ...
2026-03-01 22:38:42.627530 (721646) lic_core INFO    ... (1) checkout succeeded
2026-03-01 22:38:42.627586 (721646) lic__man INFO    Claim 'fpv' for <ui>.
2026-03-01 22:38:42.627607 (721646) lic_core INFO    (2) checking out 'jasper_fpv' ...
2026-03-01 22:38:42.632086 (721646) lic_core INFO    ... (2) checkout failed (error: -5) ("FLEXnet ERROR(-5, 0, 0): No such feature exists.")
2026-03-01 22:38:42.632115 (721646) lic_core INFO    (3) checking out 'jasper_fao' ...
2026-03-01 22:38:42.642949 (721646) lic_core INFO    ... (3) checkout succeeded
2026-03-01 22:38:42.644658 (721657) stdio___ INFO    Starting STDIN reader (tty: yes, tty name: '/dev/pts/7')
2026-03-01 22:38:42.644816 (721646) main____ INFO    Tool inactivity delay is 480000 ms.
2026-03-01 22:38:42.687975 (721646) session_ INFO    Starting analysis session with session id 'session_0' (launcher: <local>) ...
2026-03-01 22:38:42.689705 (721646) session_ INFO    Analysis session with session id 'session_0' started (pid: 721658)
2026-03-01 22:38:43.761962 (721646) session_ INFO    Analysis session 'session_0' connected to the console (host: 127.0.0.1:42098)
2026-03-01 22:38:47.004575 (721646) lic__man INFO    Unclaim everything for 'session_0'.
2026-03-01 22:38:47.197592 (721646) lic__man INFO    Claim 'fpv' for 'session_0'.
2026-03-01 22:38:47.197626 (721646) lic__man INFO    Claim 'fpv' for 'session_0/prove-0'.
2026-03-01 22:38:48.177582 (721646) lic__man INFO    Unclaim everything for 'session_0/prove-0'.
2026-03-01 22:38:48.219190 (721646) main____ INFO    About to exit: request to exit with status 0 received from analysis session 'session_0'
2026-03-01 22:38:48.356690 (721646) session_ INFO    Analysis session 'session_0' disconnected.
2026-03-01 22:38:48.356892 (721646) lic__man INFO    Unclaim everything for 'session_0'.
2026-03-01 22:38:48.357092 (721646) session_ INFO    Process for analysis session 'session_0' has exited with exit status '0'.
2026-03-01 22:38:50.326662 (721657) stdio___ INFO    STDIN reader requested to stop.
2026-03-01 22:38:50.326692 (721657) stdio___ INFO    STDIN reader stopped.
2026-03-01 22:38:50.326910 (721646) lic_core INFO    (1) checkin jasper_interactive
2026-03-01 22:38:50.328098 (721646) lic_core INFO    (3) checkin jasper_fao
2026-03-01 22:38:50.329664 (721646) main____ INFO    Exiting with status 0.
