2026-03-01 07:18:24.109234 (4064501) main____ INFO    ----------------------------------------
2026-03-01 07:18:24.109305 (4064501) main____ INFO    Jasper version info
2026-03-01 07:18:24.109321 (4064501) main____ INFO      tool      : Jasper 2023.12
2026-03-01 07:18:24.109335 (4064501) main____ INFO      version   : 2023.12p001 64 bits
2026-03-01 07:18:24.109348 (4064501) main____ INFO      build date: 2024.01.23 16:09:24 UTC
2026-03-01 07:18:24.109359 (4064501) main____ INFO    ----------------------------------------
2026-03-01 07:18:24.109369 (4064501) main____ INFO    Runtime info:
2026-03-01 07:18:24.109380 (4064501) main____ INFO      platform  : Linux 4.18.0-553.89.1.el8_10.x86_64 x86_64
2026-03-01 07:18:24.109396 (4064501) main____ INFO      hostname  : caddy12.stanford.edu
2026-03-01 07:18:24.109411 (4064501) main____ INFO      pid       : 4064501
2026-03-01 07:18:24.109422 (4064501) main____ INFO      arguments : '-style' 'windows' '-allow_unsupported_OS' '-no_gui' '-fpv' './synthlc/i_LW_out/xPairwiseDepDiv/exclusive_4_.tcl' '-proj' './synthlc/i_LW_out/xPairwiseDepDiv/exclusive_4_jgsession_26-03-01-07_18_23'
2026-03-01 07:18:24.109437 (4064501) main____ INFO      locale    : UTF-8
2026-03-01 07:18:24.109448 (4064501) main____ INFO    ----------------------------------------
2026-03-01 07:18:24.109458 (4064501) main____ INFO    System resource limits info:
2026-03-01 07:18:24.109470 (4064501) main____ INFO      virtual memory: unlimited
2026-03-01 07:18:24.109483 (4064501) main____ INFO      cpu time      : unlimited
2026-03-01 07:18:24.109500 (4064501) main____ INFO      processes     : 4096
2026-03-01 07:18:24.109518 (4064501) main____ INFO      stack size    : 8388608 B
2026-03-01 07:18:24.109532 (4064501) main____ INFO      core file size: 0 B
2026-03-01 07:18:24.109545 (4064501) main____ INFO      open files    : 4096
2026-03-01 07:18:24.110543 (4064501) main____ INFO      file size     : unlimited
2026-03-01 07:18:24.110555 (4064501) main____ INFO    ----------------------------------------
2026-03-01 07:18:24.110565 (4064501) main____ INFO    Memory statistics:
2026-03-01 07:18:24.110577 (4064501) main____ INFO      total physical memory  : 98449088 kB
2026-03-01 07:18:24.110589 (4064501) main____ INFO      free physical memory   : 86980152 kB
2026-03-01 07:18:24.110601 (4064501) main____ INFO      committed address space: 6828272 kB
2026-03-01 07:18:24.110611 (4064501) main____ INFO    ----------------------------------------
2026-03-01 07:18:24.111782 (4064501) main____ INFO    Important environment variables:
2026-03-01 07:18:24.112323 (4064501) main____ INFO      CDS_LIC_FILE       : '5280@cadlic0'
2026-03-01 07:18:24.112338 (4064501) main____ INFO      DISPLAY            : 'localhost:12.0'
2026-03-01 07:18:24.112350 (4064501) main____ INFO      JASPER_INSTALL_DIR : '/cad/cadence/jasper_2023.12p001'
2026-03-01 07:18:24.112362 (4064501) main____ INFO      JASPER_KERNEL_CHECK: '1'
2026-03-01 07:18:24.112374 (4064501) main____ INFO      JASPER_OS_CHECK    : '0'
2026-03-01 07:18:24.112387 (4064501) main____ INFO      LANG               : 'zh_TW.UTF-8'
2026-03-01 07:18:24.112397 (4064501) main____ INFO    ----------------------------------------
2026-03-01 07:18:24.113512 (4064501) lic_core INFO    Initializing license system ...
2026-03-01 07:18:24.115927 (4064501) lic_core INFO    ... license system initialized.
2026-03-01 07:18:24.127972 (4064501) lic__man INFO    Claim 'main' for <ui>.
2026-03-01 07:18:24.128022 (4064501) lic_core INFO    (1) checking out 'jasper_interactive' ...
2026-03-01 07:18:24.140958 (4064501) lic_core INFO    ... (1) checkout succeeded
2026-03-01 07:18:24.141026 (4064501) lic__man INFO    Claim 'fpv' for <ui>.
2026-03-01 07:18:24.141047 (4064501) lic_core INFO    (2) checking out 'jasper_fpv' ...
2026-03-01 07:18:24.144794 (4064501) lic_core INFO    ... (2) checkout failed (error: -5) ("FLEXnet ERROR(-5, 0, 0): No such feature exists.")
2026-03-01 07:18:24.144836 (4064501) lic_core INFO    (3) checking out 'jasper_fao' ...
2026-03-01 07:18:24.155721 (4064501) lic_core INFO    ... (3) checkout succeeded
2026-03-01 07:18:24.156591 (4064515) stdio___ INFO    Starting STDIN reader (tty: yes, tty name: '/dev/pts/0')
2026-03-01 07:18:24.157082 (4064501) main____ INFO    Tool inactivity delay is 480000 ms.
2026-03-01 07:18:24.200564 (4064501) session_ INFO    Starting analysis session with session id 'session_0' (launcher: <local>) ...
2026-03-01 07:18:24.202390 (4064501) session_ INFO    Analysis session with session id 'session_0' started (pid: 4064516)
2026-03-01 07:18:25.280644 (4064501) session_ INFO    Analysis session 'session_0' connected to the console (host: 127.0.0.1:48898)
2026-03-01 07:18:28.331144 (4064501) lic__man INFO    Unclaim everything for 'session_0'.
2026-03-01 07:18:28.541070 (4064501) lic__man INFO    Claim 'fpv' for 'session_0'.
2026-03-01 07:18:28.541110 (4064501) lic__man INFO    Claim 'fpv' for 'session_0/prove-0'.
2026-03-01 07:18:29.822915 (4064501) lic__man INFO    Unclaim everything for 'session_0/prove-0'.
2026-03-01 07:18:29.864883 (4064501) main____ INFO    About to exit: request to exit with status 0 received from analysis session 'session_0'
2026-03-01 07:18:30.005904 (4064501) session_ INFO    Analysis session 'session_0' disconnected.
2026-03-01 07:18:30.006113 (4064501) lic__man INFO    Unclaim everything for 'session_0'.
2026-03-01 07:18:30.006315 (4064501) session_ INFO    Process for analysis session 'session_0' has exited with exit status '0'.
2026-03-01 07:18:31.892355 (4064515) stdio___ INFO    STDIN reader requested to stop.
2026-03-01 07:18:31.892396 (4064515) stdio___ INFO    STDIN reader stopped.
2026-03-01 07:18:31.892613 (4064501) lic_core INFO    (1) checkin jasper_interactive
2026-03-01 07:18:31.893486 (4064501) lic_core INFO    (3) checkin jasper_fao
2026-03-01 07:18:31.894824 (4064501) main____ INFO    Exiting with status 0.
