2026-02-26 10:39:59.891914 (4025008) main____ INFO    ----------------------------------------
2026-02-26 10:39:59.892015 (4025008) main____ INFO    Jasper version info
2026-02-26 10:39:59.892032 (4025008) main____ INFO      tool      : Jasper 2023.12
2026-02-26 10:39:59.892047 (4025008) main____ INFO      version   : 2023.12p001 64 bits
2026-02-26 10:39:59.892060 (4025008) main____ INFO      build date: 2024.01.23 16:09:24 UTC
2026-02-26 10:39:59.892070 (4025008) main____ INFO    ----------------------------------------
2026-02-26 10:39:59.892079 (4025008) main____ INFO    Runtime info:
2026-02-26 10:39:59.892090 (4025008) main____ INFO      platform  : Linux 4.18.0-553.89.1.el8_10.x86_64 x86_64
2026-02-26 10:39:59.892109 (4025008) main____ INFO      hostname  : caddy15.stanford.edu
2026-02-26 10:39:59.892125 (4025008) main____ INFO      pid       : 4025008
2026-02-26 10:39:59.892136 (4025008) main____ INFO      arguments : '-style' 'windows' '-allow_unsupported_OS' '-no_gui' '-fpv' './synthlc/i_ADDI_out/xPerfLocCycleCount/over1cyc_31_mult_fsm_s6_.tcl' '-proj' './synthlc/i_ADDI_out/xPerfLocCycleCount/over1cyc_31_mult_fsm_s6_jgsession_26-02-26-10_39_58'
2026-02-26 10:39:59.892164 (4025008) main____ INFO      locale    : UTF-8
2026-02-26 10:39:59.892174 (4025008) main____ INFO    ----------------------------------------
2026-02-26 10:39:59.892183 (4025008) main____ INFO    System resource limits info:
2026-02-26 10:39:59.892195 (4025008) main____ INFO      virtual memory: unlimited
2026-02-26 10:39:59.892207 (4025008) main____ INFO      cpu time      : unlimited
2026-02-26 10:39:59.892226 (4025008) main____ INFO      processes     : 4096
2026-02-26 10:39:59.892247 (4025008) main____ INFO      stack size    : 8388608 B
2026-02-26 10:39:59.892261 (4025008) main____ INFO      core file size: 0 B
2026-02-26 10:39:59.892274 (4025008) main____ INFO      open files    : 4096
2026-02-26 10:39:59.892286 (4025008) main____ INFO      file size     : unlimited
2026-02-26 10:39:59.892296 (4025008) main____ INFO    ----------------------------------------
2026-02-26 10:39:59.892318 (4025008) main____ INFO    Memory statistics:
2026-02-26 10:39:59.892329 (4025008) main____ INFO      total physical memory  : 98449092 kB
2026-02-26 10:39:59.892340 (4025008) main____ INFO      free physical memory   : 71559560 kB
2026-02-26 10:39:59.892352 (4025008) main____ INFO      committed address space: 12085112 kB
2026-02-26 10:39:59.892361 (4025008) main____ INFO    ----------------------------------------
2026-02-26 10:39:59.893526 (4025008) main____ INFO    Important environment variables:
2026-02-26 10:39:59.893551 (4025008) main____ INFO      CDS_LIC_FILE       : '5280@cadlic0'
2026-02-26 10:39:59.893564 (4025008) main____ INFO      JASPER_INSTALL_DIR : '/cad/cadence/jasper_2023.12p001'
2026-02-26 10:39:59.893576 (4025008) main____ INFO      JASPER_KERNEL_CHECK: '1'
2026-02-26 10:39:59.893587 (4025008) main____ INFO      JASPER_OS_CHECK    : '0'
2026-02-26 10:39:59.893599 (4025008) main____ INFO      LANG               : 'en_US.UTF-8'
2026-02-26 10:39:59.893609 (4025008) main____ INFO    ----------------------------------------
2026-02-26 10:39:59.895554 (4025008) lic_core INFO    Initializing license system ...
2026-02-26 10:39:59.987132 (4025008) lic_core INFO    ... license system initialized.
2026-02-26 10:40:00.170722 (4025008) lic__man INFO    Claim 'main' for <ui>.
2026-02-26 10:40:00.170795 (4025008) lic_core INFO    (1) checking out 'jasper_interactive' ...
2026-02-26 10:40:00.290626 (4025008) lic_core INFO    ... (1) checkout succeeded
2026-02-26 10:40:00.290731 (4025008) lic__man INFO    Claim 'fpv' for <ui>.
2026-02-26 10:40:00.290759 (4025008) lic_core INFO    (2) checking out 'jasper_fpv' ...
2026-02-26 10:40:00.367838 (4025008) lic_core INFO    ... (2) checkout failed (error: -5) ("FLEXnet ERROR(-5, 0, 0): No such feature exists.")
2026-02-26 10:40:00.367906 (4025008) lic_core INFO    (3) checking out 'jasper_fao' ...
2026-02-26 10:40:00.438568 (4025008) lic_core INFO    ... (3) checkout succeeded
2026-02-26 10:40:00.478271 (4025008) main____ INFO    Tool inactivity delay is 480000 ms.
2026-02-26 10:40:00.486550 (4025019) stdio___ INFO    Starting STDIN reader (tty: yes, tty name: '/dev/pts/0')
2026-02-26 10:40:00.798447 (4025008) session_ INFO    Starting analysis session with session id 'session_0' (launcher: <local>) ...
2026-02-26 10:40:00.800500 (4025008) session_ INFO    Analysis session with session id 'session_0' started (pid: 4025020)
2026-02-26 10:40:04.997929 (4025008) session_ INFO    Analysis session 'session_0' connected to the console (host: 127.0.0.1:36482)
2026-02-26 10:40:19.246506 (4025008) lic__man INFO    Unclaim everything for 'session_0'.
2026-02-26 10:40:19.850792 (4025008) lic__man INFO    Claim 'fpv' for 'session_0'.
2026-02-26 10:40:19.850837 (4025008) lic__man INFO    Claim 'fpv' for 'session_0/prove-0'.
2026-02-26 10:40:23.591144 (4025008) lic__man INFO    Unclaim everything for 'session_0/prove-0'.
2026-02-26 10:40:23.626049 (4025008) main____ INFO    About to exit: request to exit with status 0 received from analysis session 'session_0'
2026-02-26 10:40:24.118660 (4025008) session_ INFO    Analysis session 'session_0' disconnected.
2026-02-26 10:40:24.118814 (4025008) lic__man INFO    Unclaim everything for 'session_0'.
2026-02-26 10:40:24.119016 (4025008) session_ INFO    Process for analysis session 'session_0' has exited with exit status '0'.
2026-02-26 10:40:25.538401 (4025019) stdio___ INFO    STDIN reader requested to stop.
2026-02-26 10:40:25.538455 (4025019) stdio___ INFO    STDIN reader stopped.
2026-02-26 10:40:25.547577 (4025008) lic_core INFO    (1) checkin jasper_interactive
2026-02-26 10:40:25.559537 (4025008) lic_core INFO    (3) checkin jasper_fao
2026-02-26 10:40:25.582380 (4025008) main____ INFO    Exiting with status 0.
