2026-02-26 11:54:01.069720 (2128170) main____ INFO    ----------------------------------------
2026-02-26 11:54:01.069819 (2128170) main____ INFO    Jasper version info
2026-02-26 11:54:01.069835 (2128170) main____ INFO      tool      : Jasper 2023.12
2026-02-26 11:54:01.069851 (2128170) main____ INFO      version   : 2023.12p001 64 bits
2026-02-26 11:54:01.069865 (2128170) main____ INFO      build date: 2024.01.23 16:09:24 UTC
2026-02-26 11:54:01.069875 (2128170) main____ INFO    ----------------------------------------
2026-02-26 11:54:01.069884 (2128170) main____ INFO    Runtime info:
2026-02-26 11:54:01.069895 (2128170) main____ INFO      platform  : Linux 4.18.0-553.89.1.el8_10.x86_64 x86_64
2026-02-26 11:54:01.069914 (2128170) main____ INFO      hostname  : caddy12.stanford.edu
2026-02-26 11:54:01.069929 (2128170) main____ INFO      pid       : 2128170
2026-02-26 11:54:01.069940 (2128170) main____ INFO      arguments : '-style' 'windows' '-allow_unsupported_OS' '-no_gui' '-fpv' './synthlc/i_DIV_out/xPairwiseDepDiv/nunv_anytwo_1_.tcl' '-proj' './synthlc/i_DIV_out/xPairwiseDepDiv/nunv_anytwo_1_jgsession_26-02-26-11_54_00'
2026-02-26 11:54:01.069957 (2128170) main____ INFO      locale    : UTF-8
2026-02-26 11:54:01.069967 (2128170) main____ INFO    ----------------------------------------
2026-02-26 11:54:01.069976 (2128170) main____ INFO    System resource limits info:
2026-02-26 11:54:01.069988 (2128170) main____ INFO      virtual memory: unlimited
2026-02-26 11:54:01.070011 (2128170) main____ INFO      cpu time      : unlimited
2026-02-26 11:54:01.070029 (2128170) main____ INFO      processes     : 4096
2026-02-26 11:54:01.070050 (2128170) main____ INFO      stack size    : 8388608 B
2026-02-26 11:54:01.070064 (2128170) main____ INFO      core file size: 0 B
2026-02-26 11:54:01.070077 (2128170) main____ INFO      open files    : 4096
2026-02-26 11:54:01.070088 (2128170) main____ INFO      file size     : unlimited
2026-02-26 11:54:01.070098 (2128170) main____ INFO    ----------------------------------------
2026-02-26 11:54:01.070107 (2128170) main____ INFO    Memory statistics:
2026-02-26 11:54:01.070119 (2128170) main____ INFO      total physical memory  : 98449088 kB
2026-02-26 11:54:01.070130 (2128170) main____ INFO      free physical memory   : 78831396 kB
2026-02-26 11:54:01.070142 (2128170) main____ INFO      committed address space: 4635212 kB
2026-02-26 11:54:01.070152 (2128170) main____ INFO    ----------------------------------------
2026-02-26 11:54:01.071338 (2128170) main____ INFO    Important environment variables:
2026-02-26 11:54:01.071363 (2128170) main____ INFO      CDS_LIC_FILE       : '5280@cadlic0'
2026-02-26 11:54:01.071376 (2128170) main____ INFO      DISPLAY            : 'localhost:12.0'
2026-02-26 11:54:01.071388 (2128170) main____ INFO      JASPER_INSTALL_DIR : '/cad/cadence/jasper_2023.12p001'
2026-02-26 11:54:01.071400 (2128170) main____ INFO      JASPER_KERNEL_CHECK: '1'
2026-02-26 11:54:01.071411 (2128170) main____ INFO      JASPER_OS_CHECK    : '0'
2026-02-26 11:54:01.071423 (2128170) main____ INFO      LANG               : 'zh_TW.UTF-8'
2026-02-26 11:54:01.071432 (2128170) main____ INFO    ----------------------------------------
2026-02-26 11:54:01.074166 (2128170) lic_core INFO    Initializing license system ...
2026-02-26 11:54:01.096927 (2128170) lic_core INFO    ... license system initialized.
2026-02-26 11:54:01.140019 (2128170) lic__man INFO    Claim 'main' for <ui>.
2026-02-26 11:54:01.140084 (2128170) lic_core INFO    (1) checking out 'jasper_interactive' ...
2026-02-26 11:54:01.168016 (2128170) lic_core INFO    ... (1) checkout succeeded
2026-02-26 11:54:01.168121 (2128170) lic__man INFO    Claim 'fpv' for <ui>.
2026-02-26 11:54:01.168150 (2128170) lic_core INFO    (2) checking out 'jasper_fpv' ...
2026-02-26 11:54:01.172387 (2128170) lic_core INFO    ... (2) checkout failed (error: -5) ("FLEXnet ERROR(-5, 0, 0): No such feature exists.")
2026-02-26 11:54:01.172437 (2128170) lic_core INFO    (3) checking out 'jasper_fao' ...
2026-02-26 11:54:01.183541 (2128170) lic_core INFO    ... (3) checkout succeeded
2026-02-26 11:54:01.185555 (2128170) main____ INFO    Tool inactivity delay is 480000 ms.
2026-02-26 11:54:01.194891 (2128211) stdio___ INFO    Starting STDIN reader (tty: yes, tty name: '/dev/pts/0')
2026-02-26 11:54:01.262469 (2128170) session_ INFO    Starting analysis session with session id 'session_0' (launcher: <local>) ...
2026-02-26 11:54:01.264401 (2128170) session_ INFO    Analysis session with session id 'session_0' started (pid: 2128212)
2026-02-26 11:54:02.844235 (2128170) session_ INFO    Analysis session 'session_0' connected to the console (host: 127.0.0.1:33372)
2026-02-26 11:54:08.986445 (2128170) lic__man INFO    Unclaim everything for 'session_0'.
2026-02-26 11:54:09.323156 (2128170) lic__man INFO    Claim 'fpv' for 'session_0'.
2026-02-26 11:54:09.323205 (2128170) lic__man INFO    Claim 'fpv' for 'session_0/prove-0'.
2026-02-26 11:54:13.902060 (2128170) lic__man INFO    Unclaim everything for 'session_0/prove-0'.
2026-02-26 11:54:13.951055 (2128170) main____ INFO    About to exit: request to exit with status 0 received from analysis session 'session_0'
2026-02-26 11:54:14.191025 (2128170) session_ INFO    Analysis session 'session_0' disconnected.
2026-02-26 11:54:14.191171 (2128170) lic__man INFO    Unclaim everything for 'session_0'.
2026-02-26 11:54:14.191358 (2128170) session_ INFO    Process for analysis session 'session_0' has exited with exit status '0'.
2026-02-26 11:54:15.902733 (2128211) stdio___ INFO    STDIN reader requested to stop.
2026-02-26 11:54:15.902785 (2128211) stdio___ INFO    STDIN reader stopped.
2026-02-26 11:54:15.906165 (2128170) lic_core INFO    (1) checkin jasper_interactive
2026-02-26 11:54:15.916928 (2128170) lic_core INFO    (3) checkin jasper_fao
2026-02-26 11:54:15.929246 (2128170) main____ INFO    Exiting with status 0.
