2026-03-01 03:55:38.361257 (3906244) main____ INFO    ----------------------------------------
2026-03-01 03:55:38.361368 (3906244) main____ INFO    Jasper version info
2026-03-01 03:55:38.361387 (3906244) main____ INFO      tool      : Jasper 2023.12
2026-03-01 03:55:38.361406 (3906244) main____ INFO      version   : 2023.12p001 64 bits
2026-03-01 03:55:38.361422 (3906244) main____ INFO      build date: 2024.01.23 16:09:24 UTC
2026-03-01 03:55:38.361434 (3906244) main____ INFO    ----------------------------------------
2026-03-01 03:55:38.361446 (3906244) main____ INFO    Runtime info:
2026-03-01 03:55:38.361459 (3906244) main____ INFO      platform  : Linux 4.18.0-553.89.1.el8_10.x86_64 x86_64
2026-03-01 03:55:38.361481 (3906244) main____ INFO      hostname  : caddy12.stanford.edu
2026-03-01 03:55:38.361499 (3906244) main____ INFO      pid       : 3906244
2026-03-01 03:55:38.361513 (3906244) main____ INFO      arguments : '-style' 'windows' '-allow_unsupported_OS' '-no_gui' '-fpv' './synthlc/i_LW_out/xPairwiseDepDiv/exclusive_65_.tcl' '-proj' './synthlc/i_LW_out/xPairwiseDepDiv/exclusive_65_jgsession_26-03-01-03_55_36'
2026-03-01 03:55:38.361533 (3906244) main____ INFO      locale    : UTF-8
2026-03-01 03:55:38.361545 (3906244) main____ INFO    ----------------------------------------
2026-03-01 03:55:38.361556 (3906244) main____ INFO    System resource limits info:
2026-03-01 03:55:38.361571 (3906244) main____ INFO      virtual memory: unlimited
2026-03-01 03:55:38.361585 (3906244) main____ INFO      cpu time      : unlimited
2026-03-01 03:55:38.361607 (3906244) main____ INFO      processes     : 4096
2026-03-01 03:55:38.361629 (3906244) main____ INFO      stack size    : 8388608 B
2026-03-01 03:55:38.361646 (3906244) main____ INFO      core file size: 0 B
2026-03-01 03:55:38.361677 (3906244) main____ INFO      open files    : 4096
2026-03-01 03:55:38.361692 (3906244) main____ INFO      file size     : unlimited
2026-03-01 03:55:38.361705 (3906244) main____ INFO    ----------------------------------------
2026-03-01 03:55:38.361716 (3906244) main____ INFO    Memory statistics:
2026-03-01 03:55:38.361731 (3906244) main____ INFO      total physical memory  : 98449088 kB
2026-03-01 03:55:38.361744 (3906244) main____ INFO      free physical memory   : 79787780 kB
2026-03-01 03:55:38.361758 (3906244) main____ INFO      committed address space: 16343424 kB
2026-03-01 03:55:38.361770 (3906244) main____ INFO    ----------------------------------------
2026-03-01 03:55:38.363168 (3906244) main____ INFO    Important environment variables:
2026-03-01 03:55:38.373841 (3906244) main____ INFO      CDS_LIC_FILE       : '5280@cadlic0'
2026-03-01 03:55:38.373885 (3906244) main____ INFO      DISPLAY            : 'localhost:12.0'
2026-03-01 03:55:38.373900 (3906244) main____ INFO      JASPER_INSTALL_DIR : '/cad/cadence/jasper_2023.12p001'
2026-03-01 03:55:38.373915 (3906244) main____ INFO      JASPER_KERNEL_CHECK: '1'
2026-03-01 03:55:38.373930 (3906244) main____ INFO      JASPER_OS_CHECK    : '0'
2026-03-01 03:55:38.373945 (3906244) main____ INFO      LANG               : 'zh_TW.UTF-8'
2026-03-01 03:55:38.373957 (3906244) main____ INFO    ----------------------------------------
2026-03-01 03:55:38.396834 (3906244) lic_core INFO    Initializing license system ...
2026-03-01 03:55:38.409249 (3906244) lic_core INFO    ... license system initialized.
2026-03-01 03:55:38.527096 (3906244) lic__man INFO    Claim 'main' for <ui>.
2026-03-01 03:55:38.527197 (3906244) lic_core INFO    (1) checking out 'jasper_interactive' ...
2026-03-01 03:55:38.603955 (3906244) lic_core INFO    ... (1) checkout succeeded
2026-03-01 03:55:38.604074 (3906244) lic__man INFO    Claim 'fpv' for <ui>.
2026-03-01 03:55:38.604106 (3906244) lic_core INFO    (2) checking out 'jasper_fpv' ...
2026-03-01 03:55:38.659150 (3906244) lic_core INFO    ... (2) checkout failed (error: -5) ("FLEXnet ERROR(-5, 0, 0): No such feature exists.")
2026-03-01 03:55:38.659241 (3906244) lic_core INFO    (3) checking out 'jasper_fao' ...
2026-03-01 03:55:38.734338 (3906244) lic_core INFO    ... (3) checkout succeeded
2026-03-01 03:55:38.769622 (3906244) main____ INFO    Tool inactivity delay is 480000 ms.
2026-03-01 03:55:38.777940 (3906260) stdio___ INFO    Starting STDIN reader (tty: yes, tty name: '/dev/pts/0')
2026-03-01 03:55:39.093794 (3906244) session_ INFO    Starting analysis session with session id 'session_0' (launcher: <local>) ...
2026-03-01 03:55:39.095748 (3906244) session_ INFO    Analysis session with session id 'session_0' started (pid: 3906261)
2026-03-01 03:55:44.024186 (3906244) session_ INFO    Analysis session 'session_0' connected to the console (host: 127.0.0.1:35146)
2026-03-01 03:55:52.241753 (3906244) lic__man INFO    Unclaim everything for 'session_0'.
2026-03-01 03:55:52.669367 (3906244) lic__man INFO    Claim 'fpv' for 'session_0'.
2026-03-01 03:55:52.669421 (3906244) lic__man INFO    Claim 'fpv' for 'session_0/prove-0'.
2026-03-01 04:10:57.100756 (3906244) lic__man INFO    Unclaim everything for 'session_0/prove-0'.
2026-03-01 04:10:57.136954 (3906244) main____ INFO    About to exit: request to exit with status 0 received from analysis session 'session_0'
2026-03-01 04:10:57.271883 (3906244) session_ INFO    Analysis session 'session_0' disconnected.
2026-03-01 04:10:57.272017 (3906244) lic__man INFO    Unclaim everything for 'session_0'.
2026-03-01 04:10:57.275847 (3906244) session_ INFO    Process for analysis session 'session_0' has exited with exit status '0'.
2026-03-01 04:10:59.257742 (3906260) stdio___ INFO    STDIN reader requested to stop.
2026-03-01 04:10:59.257815 (3906260) stdio___ INFO    STDIN reader stopped.
2026-03-01 04:10:59.267933 (3906244) lic_core INFO    (1) checkin jasper_interactive
2026-03-01 04:10:59.271892 (3906244) lic_core INFO    (3) checkin jasper_fao
2026-03-01 04:10:59.286104 (3906244) main____ INFO    Exiting with status 0.
