2026-02-27 16:31:52.521236 (3219846) main____ INFO    ----------------------------------------
2026-02-27 16:31:52.521340 (3219846) main____ INFO    Jasper version info
2026-02-27 16:31:52.521358 (3219846) main____ INFO      tool      : Jasper 2023.12
2026-02-27 16:31:52.521374 (3219846) main____ INFO      version   : 2023.12p001 64 bits
2026-02-27 16:31:52.521388 (3219846) main____ INFO      build date: 2024.01.23 16:09:24 UTC
2026-02-27 16:31:52.521399 (3219846) main____ INFO    ----------------------------------------
2026-02-27 16:31:52.521409 (3219846) main____ INFO    Runtime info:
2026-02-27 16:31:52.521421 (3219846) main____ INFO      platform  : Linux 4.18.0-553.89.1.el8_10.x86_64 x86_64
2026-02-27 16:31:52.521441 (3219846) main____ INFO      hostname  : caddy12.stanford.edu
2026-02-27 16:31:52.521457 (3219846) main____ INFO      pid       : 3219846
2026-02-27 16:31:52.521469 (3219846) main____ INFO      arguments : '-style' 'windows' '-allow_unsupported_OS' '-no_gui' '-fpv' './synthlc/i_DIV_out/xHBPerfG_dfg_v3_div/HB_175_.tcl' '-proj' './synthlc/i_DIV_out/xHBPerfG_dfg_v3_div/HB_175_jgsession_26-02-27-16_31_52'
2026-02-27 16:31:52.521487 (3219846) main____ INFO      locale    : UTF-8
2026-02-27 16:31:52.521498 (3219846) main____ INFO    ----------------------------------------
2026-02-27 16:31:52.521508 (3219846) main____ INFO    System resource limits info:
2026-02-27 16:31:52.521521 (3219846) main____ INFO      virtual memory: unlimited
2026-02-27 16:31:52.521534 (3219846) main____ INFO      cpu time      : unlimited
2026-02-27 16:31:52.521554 (3219846) main____ INFO      processes     : 4096
2026-02-27 16:31:52.521574 (3219846) main____ INFO      stack size    : 8388608 B
2026-02-27 16:31:52.521589 (3219846) main____ INFO      core file size: 0 B
2026-02-27 16:31:52.521603 (3219846) main____ INFO      open files    : 4096
2026-02-27 16:31:52.521616 (3219846) main____ INFO      file size     : unlimited
2026-02-27 16:31:52.521626 (3219846) main____ INFO    ----------------------------------------
2026-02-27 16:31:52.521636 (3219846) main____ INFO    Memory statistics:
2026-02-27 16:31:52.521648 (3219846) main____ INFO      total physical memory  : 98449088 kB
2026-02-27 16:31:52.521675 (3219846) main____ INFO      free physical memory   : 71851128 kB
2026-02-27 16:31:52.521687 (3219846) main____ INFO      committed address space: 10483808 kB
2026-02-27 16:31:52.521697 (3219846) main____ INFO    ----------------------------------------
2026-02-27 16:31:52.522912 (3219846) main____ INFO    Important environment variables:
2026-02-27 16:31:52.522942 (3219846) main____ INFO      CDS_LIC_FILE       : '5280@cadlic0'
2026-02-27 16:31:52.522957 (3219846) main____ INFO      DISPLAY            : 'localhost:12.0'
2026-02-27 16:31:52.522970 (3219846) main____ INFO      JASPER_INSTALL_DIR : '/cad/cadence/jasper_2023.12p001'
2026-02-27 16:31:52.522982 (3219846) main____ INFO      JASPER_KERNEL_CHECK: '1'
2026-02-27 16:31:52.522995 (3219846) main____ INFO      JASPER_OS_CHECK    : '0'
2026-02-27 16:31:52.523008 (3219846) main____ INFO      LANG               : 'zh_TW.UTF-8'
2026-02-27 16:31:52.523019 (3219846) main____ INFO    ----------------------------------------
2026-02-27 16:31:52.524857 (3219846) lic_core INFO    Initializing license system ...
2026-02-27 16:31:52.548011 (3219846) lic_core INFO    ... license system initialized.
2026-02-27 16:31:52.732058 (3219846) lic__man INFO    Claim 'main' for <ui>.
2026-02-27 16:31:52.732130 (3219846) lic_core INFO    (1) checking out 'jasper_interactive' ...
2026-02-27 16:31:52.796584 (3219846) lic_core INFO    ... (1) checkout succeeded
2026-02-27 16:31:52.796722 (3219846) lic__man INFO    Claim 'fpv' for <ui>.
2026-02-27 16:31:52.796753 (3219846) lic_core INFO    (2) checking out 'jasper_fpv' ...
2026-02-27 16:31:52.840182 (3219846) lic_core INFO    ... (2) checkout failed (error: -5) ("FLEXnet ERROR(-5, 0, 0): No such feature exists.")
2026-02-27 16:31:52.840277 (3219846) lic_core INFO    (3) checking out 'jasper_fao' ...
2026-02-27 16:31:52.851620 (3219846) lic_core INFO    ... (3) checkout succeeded
2026-02-27 16:31:52.888561 (3219846) main____ INFO    Tool inactivity delay is 480000 ms.
2026-02-27 16:31:52.896925 (3219880) stdio___ INFO    Starting STDIN reader (tty: yes, tty name: '/dev/pts/0')
2026-02-27 16:31:53.182526 (3219846) session_ INFO    Starting analysis session with session id 'session_0' (launcher: <local>) ...
2026-02-27 16:31:53.184530 (3219846) session_ INFO    Analysis session with session id 'session_0' started (pid: 3219883)
2026-02-27 16:31:54.918793 (3219846) session_ INFO    Analysis session 'session_0' connected to the console (host: 127.0.0.1:42340)
2026-02-27 16:31:59.832915 (3219846) lic__man INFO    Unclaim everything for 'session_0'.
2026-02-27 16:32:00.109511 (3219846) lic__man INFO    Claim 'fpv' for 'session_0'.
2026-02-27 16:32:00.109564 (3219846) lic__man INFO    Claim 'fpv' for 'session_0/prove-0'.
2026-02-27 16:41:44.437976 (3219846) lic__man INFO    Unclaim everything for 'session_0/prove-0'.
2026-02-27 16:41:44.480832 (3219846) main____ INFO    About to exit: request to exit with status 0 received from analysis session 'session_0'
2026-02-27 16:41:44.602644 (3219846) session_ INFO    Analysis session 'session_0' disconnected.
2026-02-27 16:41:44.602776 (3219846) lic__man INFO    Unclaim everything for 'session_0'.
2026-02-27 16:41:44.603301 (3219846) session_ INFO    Process for analysis session 'session_0' has exited with exit status '0'.
2026-02-27 16:41:46.392596 (3219880) stdio___ INFO    STDIN reader requested to stop.
2026-02-27 16:41:46.392651 (3219880) stdio___ INFO    STDIN reader stopped.
2026-02-27 16:41:46.392870 (3219846) lic_core INFO    (1) checkin jasper_interactive
2026-02-27 16:41:46.394033 (3219846) lic_core INFO    (3) checkin jasper_fao
2026-02-27 16:41:46.406066 (3219846) main____ INFO    Exiting with status 0.
