2026-03-02 11:31:29.347307 (614784) main____ INFO    ----------------------------------------
2026-03-02 11:31:29.347407 (614784) main____ INFO    Jasper version info
2026-03-02 11:31:29.347423 (614784) main____ INFO      tool      : Jasper 2023.12
2026-03-02 11:31:29.347438 (614784) main____ INFO      version   : 2023.12p001 64 bits
2026-03-02 11:31:29.347451 (614784) main____ INFO      build date: 2024.01.23 16:09:24 UTC
2026-03-02 11:31:29.347461 (614784) main____ INFO    ----------------------------------------
2026-03-02 11:31:29.347470 (614784) main____ INFO    Runtime info:
2026-03-02 11:31:29.347480 (614784) main____ INFO      platform  : Linux 4.18.0-553.89.1.el8_10.x86_64 x86_64
2026-03-02 11:31:29.347499 (614784) main____ INFO      hostname  : caddy12.stanford.edu
2026-03-02 11:31:29.347514 (614784) main____ INFO      pid       : 614784
2026-03-02 11:31:29.347525 (614784) main____ INFO      arguments : '-style' 'windows' '-allow_unsupported_OS' '-no_gui' '-fpv' './synthlc/i_ADDI_out/xHBPerfG_dfg_v3_div/HB_407_.tcl' '-proj' './synthlc/i_ADDI_out/xHBPerfG_dfg_v3_div/HB_407_jgsession_26-03-02-11_31_27'
2026-03-02 11:31:29.347542 (614784) main____ INFO      locale    : UTF-8
2026-03-02 11:31:29.347552 (614784) main____ INFO    ----------------------------------------
2026-03-02 11:31:29.347561 (614784) main____ INFO    System resource limits info:
2026-03-02 11:31:29.347573 (614784) main____ INFO      virtual memory: unlimited
2026-03-02 11:31:29.347585 (614784) main____ INFO      cpu time      : unlimited
2026-03-02 11:31:29.347603 (614784) main____ INFO      processes     : 4096
2026-03-02 11:31:29.347624 (614784) main____ INFO      stack size    : 8388608 B
2026-03-02 11:31:29.347638 (614784) main____ INFO      core file size: 0 B
2026-03-02 11:31:29.347650 (614784) main____ INFO      open files    : 4096
2026-03-02 11:31:29.347676 (614784) main____ INFO      file size     : unlimited
2026-03-02 11:31:29.347685 (614784) main____ INFO    ----------------------------------------
2026-03-02 11:31:29.347694 (614784) main____ INFO    Memory statistics:
2026-03-02 11:31:29.347706 (614784) main____ INFO      total physical memory  : 98449088 kB
2026-03-02 11:31:29.347717 (614784) main____ INFO      free physical memory   : 77505948 kB
2026-03-02 11:31:29.347728 (614784) main____ INFO      committed address space: 19652760 kB
2026-03-02 11:31:29.347737 (614784) main____ INFO    ----------------------------------------
2026-03-02 11:31:29.348938 (614784) main____ INFO    Important environment variables:
2026-03-02 11:31:29.348963 (614784) main____ INFO      CDS_LIC_FILE       : '5280@cadlic0'
2026-03-02 11:31:29.348975 (614784) main____ INFO      DISPLAY            : 'localhost:12.0'
2026-03-02 11:31:29.348987 (614784) main____ INFO      JASPER_INSTALL_DIR : '/cad/cadence/jasper_2023.12p001'
2026-03-02 11:31:29.348998 (614784) main____ INFO      JASPER_KERNEL_CHECK: '1'
2026-03-02 11:31:29.349009 (614784) main____ INFO      JASPER_OS_CHECK    : '0'
2026-03-02 11:31:29.349021 (614784) main____ INFO      LANG               : 'zh_TW.UTF-8'
2026-03-02 11:31:29.349030 (614784) main____ INFO    ----------------------------------------
2026-03-02 11:31:29.351842 (614784) lic_core INFO    Initializing license system ...
2026-03-02 11:31:29.386736 (614784) lic_core INFO    ... license system initialized.
2026-03-02 11:31:29.544959 (614784) lic__man INFO    Claim 'main' for <ui>.
2026-03-02 11:31:29.545025 (614784) lic_core INFO    (1) checking out 'jasper_interactive' ...
2026-03-02 11:31:29.610068 (614784) lic_core INFO    ... (1) checkout succeeded
2026-03-02 11:31:29.610170 (614784) lic__man INFO    Claim 'fpv' for <ui>.
2026-03-02 11:31:29.610197 (614784) lic_core INFO    (2) checking out 'jasper_fpv' ...
2026-03-02 11:31:29.667191 (614784) lic_core INFO    ... (2) checkout failed (error: -5) ("FLEXnet ERROR(-5, 0, 0): No such feature exists.")
2026-03-02 11:31:29.667245 (614784) lic_core INFO    (3) checking out 'jasper_fao' ...
2026-03-02 11:31:29.734938 (614784) lic_core INFO    ... (3) checkout succeeded
2026-03-02 11:31:29.748584 (614784) main____ INFO    Tool inactivity delay is 480000 ms.
2026-03-02 11:31:29.756919 (614795) stdio___ INFO    Starting STDIN reader (tty: yes, tty name: '/dev/pts/0')
2026-03-02 11:31:30.108792 (614784) session_ INFO    Starting analysis session with session id 'session_0' (launcher: <local>) ...
2026-03-02 11:31:30.110891 (614784) session_ INFO    Analysis session with session id 'session_0' started (pid: 614796)
2026-03-02 11:31:33.445246 (614784) session_ INFO    Analysis session 'session_0' connected to the console (host: 127.0.0.1:33796)
2026-03-02 11:31:41.648771 (614784) lic__man INFO    Unclaim everything for 'session_0'.
2026-03-02 11:31:42.145268 (614784) lic__man INFO    Claim 'fpv' for 'session_0'.
2026-03-02 11:31:42.145312 (614784) lic__man INFO    Claim 'fpv' for 'session_0/prove-0'.
2026-03-02 11:36:06.968136 (614784) lic__man INFO    Unclaim everything for 'session_0/prove-0'.
2026-03-02 11:36:06.973551 (614784) main____ INFO    About to exit: request to exit with status 0 received from analysis session 'session_0'
2026-03-02 11:36:07.219999 (614784) session_ INFO    Analysis session 'session_0' disconnected.
2026-03-02 11:36:07.220156 (614784) lic__man INFO    Unclaim everything for 'session_0'.
2026-03-02 11:36:07.220465 (614784) session_ INFO    Process for analysis session 'session_0' has exited with exit status '0'.
2026-03-02 11:36:08.901079 (614795) stdio___ INFO    STDIN reader requested to stop.
2026-03-02 11:36:08.901126 (614795) stdio___ INFO    STDIN reader stopped.
2026-03-02 11:36:08.901492 (614784) lic_core INFO    (1) checkin jasper_interactive
2026-03-02 11:36:08.903677 (614784) lic_core INFO    (3) checkin jasper_fao
2026-03-02 11:36:08.916172 (614784) main____ INFO    Exiting with status 0.
