2026-02-26 09:52:52.008869 (4004608) main____ INFO    ----------------------------------------
2026-02-26 09:52:52.008968 (4004608) main____ INFO    Jasper version info
2026-02-26 09:52:52.008984 (4004608) main____ INFO      tool      : Jasper 2023.12
2026-02-26 09:52:52.009000 (4004608) main____ INFO      version   : 2023.12p001 64 bits
2026-02-26 09:52:52.009013 (4004608) main____ INFO      build date: 2024.01.23 16:09:24 UTC
2026-02-26 09:52:52.009023 (4004608) main____ INFO    ----------------------------------------
2026-02-26 09:52:52.009032 (4004608) main____ INFO    Runtime info:
2026-02-26 09:52:52.009043 (4004608) main____ INFO      platform  : Linux 4.18.0-553.89.1.el8_10.x86_64 x86_64
2026-02-26 09:52:52.009062 (4004608) main____ INFO      hostname  : caddy15.stanford.edu
2026-02-26 09:52:52.009078 (4004608) main____ INFO      pid       : 4004608
2026-02-26 09:52:52.009089 (4004608) main____ INFO      arguments : '-style' 'windows' '-allow_unsupported_OS' '-no_gui' '-fpv' './synthlc/i_ADDI_out/xPerfLocCycleCount/over1cyc_38_mult_fsm_s3_.tcl' '-proj' './synthlc/i_ADDI_out/xPerfLocCycleCount/over1cyc_38_mult_fsm_s3_jgsession_26-02-26-09_52_50'
2026-02-26 09:52:52.009105 (4004608) main____ INFO      locale    : UTF-8
2026-02-26 09:52:52.009115 (4004608) main____ INFO    ----------------------------------------
2026-02-26 09:52:52.009124 (4004608) main____ INFO    System resource limits info:
2026-02-26 09:52:52.009136 (4004608) main____ INFO      virtual memory: unlimited
2026-02-26 09:52:52.009149 (4004608) main____ INFO      cpu time      : unlimited
2026-02-26 09:52:52.009168 (4004608) main____ INFO      processes     : 4096
2026-02-26 09:52:52.009189 (4004608) main____ INFO      stack size    : 8388608 B
2026-02-26 09:52:52.009216 (4004608) main____ INFO      core file size: 0 B
2026-02-26 09:52:52.009229 (4004608) main____ INFO      open files    : 4096
2026-02-26 09:52:52.009240 (4004608) main____ INFO      file size     : unlimited
2026-02-26 09:52:52.009250 (4004608) main____ INFO    ----------------------------------------
2026-02-26 09:52:52.009259 (4004608) main____ INFO    Memory statistics:
2026-02-26 09:52:52.009271 (4004608) main____ INFO      total physical memory  : 98449092 kB
2026-02-26 09:52:52.009282 (4004608) main____ INFO      free physical memory   : 73324924 kB
2026-02-26 09:52:52.009294 (4004608) main____ INFO      committed address space: 9797648 kB
2026-02-26 09:52:52.009317 (4004608) main____ INFO    ----------------------------------------
2026-02-26 09:52:52.010487 (4004608) main____ INFO    Important environment variables:
2026-02-26 09:52:52.010514 (4004608) main____ INFO      CDS_LIC_FILE       : '5280@cadlic0'
2026-02-26 09:52:52.010527 (4004608) main____ INFO      JASPER_INSTALL_DIR : '/cad/cadence/jasper_2023.12p001'
2026-02-26 09:52:52.010539 (4004608) main____ INFO      JASPER_KERNEL_CHECK: '1'
2026-02-26 09:52:52.010551 (4004608) main____ INFO      JASPER_OS_CHECK    : '0'
2026-02-26 09:52:52.010563 (4004608) main____ INFO      LANG               : 'en_US.UTF-8'
2026-02-26 09:52:52.010573 (4004608) main____ INFO    ----------------------------------------
2026-02-26 09:52:52.013453 (4004608) lic_core INFO    Initializing license system ...
2026-02-26 09:52:52.076157 (4004608) lic_core INFO    ... license system initialized.
2026-02-26 09:52:52.254680 (4004608) lic__man INFO    Claim 'main' for <ui>.
2026-02-26 09:52:52.254748 (4004608) lic_core INFO    (1) checking out 'jasper_interactive' ...
2026-02-26 09:52:52.342594 (4004608) lic_core INFO    ... (1) checkout succeeded
2026-02-26 09:52:52.342706 (4004608) lic__man INFO    Claim 'fpv' for <ui>.
2026-02-26 09:52:52.342736 (4004608) lic_core INFO    (2) checking out 'jasper_fpv' ...
2026-02-26 09:52:52.413829 (4004608) lic_core INFO    ... (2) checkout failed (error: -5) ("FLEXnet ERROR(-5, 0, 0): No such feature exists.")
2026-02-26 09:52:52.413890 (4004608) lic_core INFO    (3) checking out 'jasper_fao' ...
2026-02-26 09:52:52.494545 (4004608) lic_core INFO    ... (3) checkout succeeded
2026-02-26 09:52:52.547274 (4004608) main____ INFO    Tool inactivity delay is 480000 ms.
2026-02-26 09:52:52.555559 (4004619) stdio___ INFO    Starting STDIN reader (tty: yes, tty name: '/dev/pts/0')
2026-02-26 09:52:52.899448 (4004608) session_ INFO    Starting analysis session with session id 'session_0' (launcher: <local>) ...
2026-02-26 09:52:52.901506 (4004608) session_ INFO    Analysis session with session id 'session_0' started (pid: 4004620)
2026-02-26 09:52:57.049181 (4004608) session_ INFO    Analysis session 'session_0' connected to the console (host: 127.0.0.1:48588)
2026-02-26 09:53:10.641450 (4004608) lic__man INFO    Unclaim everything for 'session_0'.
2026-02-26 09:53:11.154881 (4004608) lic__man INFO    Claim 'fpv' for 'session_0'.
2026-02-26 09:53:11.154927 (4004608) lic__man INFO    Claim 'fpv' for 'session_0/prove-0'.
2026-02-26 09:53:15.317188 (4004608) lic__man INFO    Unclaim everything for 'session_0/prove-0'.
2026-02-26 09:53:15.391567 (4004608) main____ INFO    About to exit: request to exit with status 0 received from analysis session 'session_0'
2026-02-26 09:53:16.010660 (4004608) session_ INFO    Analysis session 'session_0' disconnected.
2026-02-26 09:53:16.010810 (4004608) lic__man INFO    Unclaim everything for 'session_0'.
2026-02-26 09:53:16.010987 (4004608) session_ INFO    Process for analysis session 'session_0' has exited with exit status '0'.
2026-02-26 09:53:17.427429 (4004619) stdio___ INFO    STDIN reader requested to stop.
2026-02-26 09:53:17.427491 (4004619) stdio___ INFO    STDIN reader stopped.
2026-02-26 09:53:17.435587 (4004608) lic_core INFO    (1) checkin jasper_interactive
2026-02-26 09:53:17.444535 (4004608) lic_core INFO    (3) checkin jasper_fao
2026-02-26 09:53:17.465573 (4004608) main____ INFO    Exiting with status 0.
