2026-03-01 08:12:23.050722 (4141148) main____ INFO    ----------------------------------------
2026-03-01 08:12:23.050818 (4141148) main____ INFO    Jasper version info
2026-03-01 08:12:23.050838 (4141148) main____ INFO      tool      : Jasper 2023.12
2026-03-01 08:12:23.050857 (4141148) main____ INFO      version   : 2023.12p001 64 bits
2026-03-01 08:12:23.050873 (4141148) main____ INFO      build date: 2024.01.23 16:09:24 UTC
2026-03-01 08:12:23.050885 (4141148) main____ INFO    ----------------------------------------
2026-03-01 08:12:23.050897 (4141148) main____ INFO    Runtime info:
2026-03-01 08:12:23.050911 (4141148) main____ INFO      platform  : Linux 4.18.0-553.89.1.el8_10.x86_64 x86_64
2026-03-01 08:12:23.050932 (4141148) main____ INFO      hostname  : caddy12.stanford.edu
2026-03-01 08:12:23.050952 (4141148) main____ INFO      pid       : 4141148
2026-03-01 08:12:23.050966 (4141148) main____ INFO      arguments : '-style' 'windows' '-allow_unsupported_OS' '-no_gui' '-fpv' './synthlc/i_LW_out/xPerfLocSubsetDiv/coverset_124_.tcl' '-proj' './synthlc/i_LW_out/xPerfLocSubsetDiv/coverset_124_jgsession_26-03-01-08_12_22'
2026-03-01 08:12:23.050986 (4141148) main____ INFO      locale    : UTF-8
2026-03-01 08:12:23.050998 (4141148) main____ INFO    ----------------------------------------
2026-03-01 08:12:23.051010 (4141148) main____ INFO    System resource limits info:
2026-03-01 08:12:23.051025 (4141148) main____ INFO      virtual memory: unlimited
2026-03-01 08:12:23.051050 (4141148) main____ INFO      cpu time      : unlimited
2026-03-01 08:12:23.051072 (4141148) main____ INFO      processes     : 4096
2026-03-01 08:12:23.051095 (4141148) main____ INFO      stack size    : 8388608 B
2026-03-01 08:12:23.051113 (4141148) main____ INFO      core file size: 0 B
2026-03-01 08:12:23.051129 (4141148) main____ INFO      open files    : 4096
2026-03-01 08:12:23.051144 (4141148) main____ INFO      file size     : unlimited
2026-03-01 08:12:23.051156 (4141148) main____ INFO    ----------------------------------------
2026-03-01 08:12:23.051168 (4141148) main____ INFO    Memory statistics:
2026-03-01 08:12:23.051183 (4141148) main____ INFO      total physical memory  : 98449088 kB
2026-03-01 08:12:23.051197 (4141148) main____ INFO      free physical memory   : 83429744 kB
2026-03-01 08:12:23.051211 (4141148) main____ INFO      committed address space: 11199748 kB
2026-03-01 08:12:23.051223 (4141148) main____ INFO    ----------------------------------------
2026-03-01 08:12:23.052613 (4141148) main____ INFO    Important environment variables:
2026-03-01 08:12:23.052643 (4141148) main____ INFO      CDS_LIC_FILE       : '5280@cadlic0'
2026-03-01 08:12:23.052659 (4141148) main____ INFO      DISPLAY            : 'localhost:12.0'
2026-03-01 08:12:23.052687 (4141148) main____ INFO      JASPER_INSTALL_DIR : '/cad/cadence/jasper_2023.12p001'
2026-03-01 08:12:23.052702 (4141148) main____ INFO      JASPER_KERNEL_CHECK: '1'
2026-03-01 08:12:23.052717 (4141148) main____ INFO      JASPER_OS_CHECK    : '0'
2026-03-01 08:12:23.052731 (4141148) main____ INFO      LANG               : 'zh_TW.UTF-8'
2026-03-01 08:12:23.052744 (4141148) main____ INFO    ----------------------------------------
2026-03-01 08:12:23.065821 (4141148) lic_core INFO    Initializing license system ...
2026-03-01 08:12:23.089925 (4141148) lic_core INFO    ... license system initialized.
2026-03-01 08:12:23.304049 (4141148) lic__man INFO    Claim 'main' for <ui>.
2026-03-01 08:12:23.304130 (4141148) lic_core INFO    (1) checking out 'jasper_interactive' ...
2026-03-01 08:12:23.367164 (4141148) lic_core INFO    ... (1) checkout succeeded
2026-03-01 08:12:23.367289 (4141148) lic__man INFO    Claim 'fpv' for <ui>.
2026-03-01 08:12:23.367324 (4141148) lic_core INFO    (2) checking out 'jasper_fpv' ...
2026-03-01 08:12:23.393147 (4141148) lic_core INFO    ... (2) checkout failed (error: -5) ("FLEXnet ERROR(-5, 0, 0): No such feature exists.")
2026-03-01 08:12:23.393226 (4141148) lic_core INFO    (3) checking out 'jasper_fao' ...
2026-03-01 08:12:23.405564 (4141148) lic_core INFO    ... (3) checkout succeeded
2026-03-01 08:12:23.407544 (4141148) main____ INFO    Tool inactivity delay is 480000 ms.
2026-03-01 08:12:23.413560 (4141176) stdio___ INFO    Starting STDIN reader (tty: yes, tty name: '/dev/pts/0')
2026-03-01 08:12:23.683951 (4141148) session_ INFO    Starting analysis session with session id 'session_0' (launcher: <local>) ...
2026-03-01 08:12:23.686283 (4141148) session_ INFO    Analysis session with session id 'session_0' started (pid: 4141177)
2026-03-01 08:12:25.669040 (4141148) session_ INFO    Analysis session 'session_0' connected to the console (host: 127.0.0.1:50058)
2026-03-01 08:12:30.905891 (4141148) lic__man INFO    Unclaim everything for 'session_0'.
2026-03-01 08:12:31.417160 (4141148) lic__man INFO    Claim 'fpv' for 'session_0'.
2026-03-01 08:12:31.417214 (4141148) lic__man INFO    Claim 'fpv' for 'session_0/prove-0'.
2026-03-01 08:12:38.624539 (4141148) lic__man INFO    Unclaim everything for 'session_0/prove-0'.
2026-03-01 08:12:38.644957 (4141148) main____ INFO    About to exit: request to exit with status 0 received from analysis session 'session_0'
2026-03-01 08:12:38.919962 (4141148) session_ INFO    Analysis session 'session_0' disconnected.
2026-03-01 08:12:38.920124 (4141148) lic__man INFO    Unclaim everything for 'session_0'.
2026-03-01 08:12:38.930873 (4141148) session_ INFO    Process for analysis session 'session_0' has exited with exit status '0'.
2026-03-01 08:12:40.757736 (4141176) stdio___ INFO    STDIN reader requested to stop.
2026-03-01 08:12:40.757807 (4141176) stdio___ INFO    STDIN reader stopped.
2026-03-01 08:12:40.758630 (4141148) lic_core INFO    (1) checkin jasper_interactive
2026-03-01 08:12:40.760551 (4141148) lic_core INFO    (3) checkin jasper_fao
2026-03-01 08:12:40.772301 (4141148) main____ INFO    Exiting with status 0.
