2026-02-26 04:19:35.810424 (3724754) main____ INFO    ----------------------------------------
2026-02-26 04:19:35.810519 (3724754) main____ INFO    Jasper version info
2026-02-26 04:19:35.810534 (3724754) main____ INFO      tool      : Jasper 2023.12
2026-02-26 04:19:35.810550 (3724754) main____ INFO      version   : 2023.12p001 64 bits
2026-02-26 04:19:35.810563 (3724754) main____ INFO      build date: 2024.01.23 16:09:24 UTC
2026-02-26 04:19:35.810573 (3724754) main____ INFO    ----------------------------------------
2026-02-26 04:19:35.810582 (3724754) main____ INFO    Runtime info:
2026-02-26 04:19:35.810604 (3724754) main____ INFO      platform  : Linux 4.18.0-553.89.1.el8_10.x86_64 x86_64
2026-02-26 04:19:35.810623 (3724754) main____ INFO      hostname  : caddy15.stanford.edu
2026-02-26 04:19:35.810639 (3724754) main____ INFO      pid       : 3724754
2026-02-26 04:19:35.810652 (3724754) main____ INFO      arguments : '-style' 'windows' '-allow_unsupported_OS' '-no_gui' '-fpv' './synthlc/i_ADDI_out/xPairwiseDepDiv/exclusive_21_.tcl' '-proj' './synthlc/i_ADDI_out/xPairwiseDepDiv/exclusive_21_jgsession_26-02-26-04_19_35'
2026-02-26 04:19:35.810669 (3724754) main____ INFO      locale    : UTF-8
2026-02-26 04:19:35.810679 (3724754) main____ INFO    ----------------------------------------
2026-02-26 04:19:35.810688 (3724754) main____ INFO    System resource limits info:
2026-02-26 04:19:35.810701 (3724754) main____ INFO      virtual memory: unlimited
2026-02-26 04:19:35.810713 (3724754) main____ INFO      cpu time      : unlimited
2026-02-26 04:19:35.810731 (3724754) main____ INFO      processes     : 4096
2026-02-26 04:19:35.810751 (3724754) main____ INFO      stack size    : 8388608 B
2026-02-26 04:19:35.810765 (3724754) main____ INFO      core file size: 0 B
2026-02-26 04:19:35.810778 (3724754) main____ INFO      open files    : 4096
2026-02-26 04:19:35.810790 (3724754) main____ INFO      file size     : unlimited
2026-02-26 04:19:35.810799 (3724754) main____ INFO    ----------------------------------------
2026-02-26 04:19:35.810809 (3724754) main____ INFO    Memory statistics:
2026-02-26 04:19:35.810820 (3724754) main____ INFO      total physical memory  : 98449092 kB
2026-02-26 04:19:35.810831 (3724754) main____ INFO      free physical memory   : 75342156 kB
2026-02-26 04:19:35.810842 (3724754) main____ INFO      committed address space: 7938156 kB
2026-02-26 04:19:35.810852 (3724754) main____ INFO    ----------------------------------------
2026-02-26 04:19:35.812048 (3724754) main____ INFO    Important environment variables:
2026-02-26 04:19:35.812079 (3724754) main____ INFO      CDS_LIC_FILE       : '5280@cadlic0'
2026-02-26 04:19:35.812092 (3724754) main____ INFO      JASPER_INSTALL_DIR : '/cad/cadence/jasper_2023.12p001'
2026-02-26 04:19:35.812104 (3724754) main____ INFO      JASPER_KERNEL_CHECK: '1'
2026-02-26 04:19:35.812116 (3724754) main____ INFO      JASPER_OS_CHECK    : '0'
2026-02-26 04:19:35.812128 (3724754) main____ INFO      LANG               : 'en_US.UTF-8'
2026-02-26 04:19:35.812137 (3724754) main____ INFO    ----------------------------------------
2026-02-26 04:19:35.816542 (3724754) lic_core INFO    Initializing license system ...
2026-02-26 04:19:35.840709 (3724754) lic_core INFO    ... license system initialized.
2026-02-26 04:19:35.874681 (3724754) lic__man INFO    Claim 'main' for <ui>.
2026-02-26 04:19:35.874750 (3724754) lic_core INFO    (1) checking out 'jasper_interactive' ...
2026-02-26 04:19:35.896217 (3724754) lic_core INFO    ... (1) checkout succeeded
2026-02-26 04:19:35.896335 (3724754) lic__man INFO    Claim 'fpv' for <ui>.
2026-02-26 04:19:35.896363 (3724754) lic_core INFO    (2) checking out 'jasper_fpv' ...
2026-02-26 04:19:35.953762 (3724754) lic_core INFO    ... (2) checkout failed (error: -5) ("FLEXnet ERROR(-5, 0, 0): No such feature exists.")
2026-02-26 04:19:35.953853 (3724754) lic_core INFO    (3) checking out 'jasper_fao' ...
2026-02-26 04:19:36.018638 (3724754) lic_core INFO    ... (3) checkout succeeded
2026-02-26 04:19:36.020072 (3724754) main____ INFO    Tool inactivity delay is 480000 ms.
2026-02-26 04:19:36.028564 (3724765) stdio___ INFO    Starting STDIN reader (tty: yes, tty name: '/dev/pts/0')
2026-02-26 04:19:36.137267 (3724754) session_ INFO    Starting analysis session with session id 'session_0' (launcher: <local>) ...
2026-02-26 04:19:36.139403 (3724754) session_ INFO    Analysis session with session id 'session_0' started (pid: 3724766)
2026-02-26 04:19:37.570788 (3724754) session_ INFO    Analysis session 'session_0' connected to the console (host: 127.0.0.1:53802)
2026-02-26 04:19:44.073284 (3724754) lic__man INFO    Unclaim everything for 'session_0'.
2026-02-26 04:19:44.481965 (3724754) lic__man INFO    Claim 'fpv' for 'session_0'.
2026-02-26 04:19:44.482010 (3724754) lic__man INFO    Claim 'fpv' for 'session_0/prove-0'.
2026-02-26 04:19:47.458186 (3724754) lic__man INFO    Unclaim everything for 'session_0/prove-0'.
2026-02-26 04:19:47.518623 (3724754) main____ INFO    About to exit: request to exit with status 0 received from analysis session 'session_0'
2026-02-26 04:19:47.971821 (3724754) session_ INFO    Analysis session 'session_0' disconnected.
2026-02-26 04:19:47.971975 (3724754) lic__man INFO    Unclaim everything for 'session_0'.
2026-02-26 04:19:47.992508 (3724754) session_ INFO    Process for analysis session 'session_0' has exited with exit status '0'.
2026-02-26 04:19:49.427674 (3724765) stdio___ INFO    STDIN reader requested to stop.
2026-02-26 04:19:49.427722 (3724765) stdio___ INFO    STDIN reader stopped.
2026-02-26 04:19:49.428044 (3724754) lic_core INFO    (1) checkin jasper_interactive
2026-02-26 04:19:49.429530 (3724754) lic_core INFO    (3) checkin jasper_fao
2026-02-26 04:19:49.445502 (3724754) main____ INFO    Exiting with status 0.
