2026-02-26 12:13:42.242111 (2162223) main____ INFO    ----------------------------------------
2026-02-26 12:13:42.242197 (2162223) main____ INFO    Jasper version info
2026-02-26 12:13:42.242213 (2162223) main____ INFO      tool      : Jasper 2023.12
2026-02-26 12:13:42.242228 (2162223) main____ INFO      version   : 2023.12p001 64 bits
2026-02-26 12:13:42.242240 (2162223) main____ INFO      build date: 2024.01.23 16:09:24 UTC
2026-02-26 12:13:42.242250 (2162223) main____ INFO    ----------------------------------------
2026-02-26 12:13:42.242259 (2162223) main____ INFO    Runtime info:
2026-02-26 12:13:42.242269 (2162223) main____ INFO      platform  : Linux 4.18.0-553.89.1.el8_10.x86_64 x86_64
2026-02-26 12:13:42.242288 (2162223) main____ INFO      hostname  : caddy12.stanford.edu
2026-02-26 12:13:42.242303 (2162223) main____ INFO      pid       : 2162223
2026-02-26 12:13:42.242314 (2162223) main____ INFO      arguments : '-style' 'windows' '-allow_unsupported_OS' '-no_gui' '-fpv' './synthlc/i_DIV_out/xHBPerfG_dfg_v3_div/HB_246_.tcl' '-proj' './synthlc/i_DIV_out/xHBPerfG_dfg_v3_div/HB_246_jgsession_26-02-26-12_13_41'
2026-02-26 12:13:42.242331 (2162223) main____ INFO      locale    : UTF-8
2026-02-26 12:13:42.242341 (2162223) main____ INFO    ----------------------------------------
2026-02-26 12:13:42.242350 (2162223) main____ INFO    System resource limits info:
2026-02-26 12:13:42.242362 (2162223) main____ INFO      virtual memory: unlimited
2026-02-26 12:13:42.242374 (2162223) main____ INFO      cpu time      : unlimited
2026-02-26 12:13:42.242391 (2162223) main____ INFO      processes     : 4096
2026-02-26 12:13:42.242410 (2162223) main____ INFO      stack size    : 8388608 B
2026-02-26 12:13:42.242423 (2162223) main____ INFO      core file size: 0 B
2026-02-26 12:13:42.242436 (2162223) main____ INFO      open files    : 4096
2026-02-26 12:13:42.242448 (2162223) main____ INFO      file size     : unlimited
2026-02-26 12:13:42.242457 (2162223) main____ INFO    ----------------------------------------
2026-02-26 12:13:42.242466 (2162223) main____ INFO    Memory statistics:
2026-02-26 12:13:42.242478 (2162223) main____ INFO      total physical memory  : 98449088 kB
2026-02-26 12:13:42.242488 (2162223) main____ INFO      free physical memory   : 77363216 kB
2026-02-26 12:13:42.242500 (2162223) main____ INFO      committed address space: 6714964 kB
2026-02-26 12:13:42.242509 (2162223) main____ INFO    ----------------------------------------
2026-02-26 12:13:42.243726 (2162223) main____ INFO    Important environment variables:
2026-02-26 12:13:42.243750 (2162223) main____ INFO      CDS_LIC_FILE       : '5280@cadlic0'
2026-02-26 12:13:42.243763 (2162223) main____ INFO      DISPLAY            : 'localhost:12.0'
2026-02-26 12:13:42.243775 (2162223) main____ INFO      JASPER_INSTALL_DIR : '/cad/cadence/jasper_2023.12p001'
2026-02-26 12:13:42.243786 (2162223) main____ INFO      JASPER_KERNEL_CHECK: '1'
2026-02-26 12:13:42.243797 (2162223) main____ INFO      JASPER_OS_CHECK    : '0'
2026-02-26 12:13:42.243808 (2162223) main____ INFO      LANG               : 'zh_TW.UTF-8'
2026-02-26 12:13:42.243818 (2162223) main____ INFO    ----------------------------------------
2026-02-26 12:13:42.245865 (2162223) lic_core INFO    Initializing license system ...
2026-02-26 12:13:42.263052 (2162223) lic_core INFO    ... license system initialized.
2026-02-26 12:13:42.360977 (2162223) lic__man INFO    Claim 'main' for <ui>.
2026-02-26 12:13:42.361043 (2162223) lic_core INFO    (1) checking out 'jasper_interactive' ...
2026-02-26 12:13:42.419984 (2162223) lic_core INFO    ... (1) checkout succeeded
2026-02-26 12:13:42.420085 (2162223) lic__man INFO    Claim 'fpv' for <ui>.
2026-02-26 12:13:42.420111 (2162223) lic_core INFO    (2) checking out 'jasper_fpv' ...
2026-02-26 12:13:42.465148 (2162223) lic_core INFO    ... (2) checkout failed (error: -5) ("FLEXnet ERROR(-5, 0, 0): No such feature exists.")
2026-02-26 12:13:42.465194 (2162223) lic_core INFO    (3) checking out 'jasper_fao' ...
2026-02-26 12:13:42.511655 (2162223) lic_core INFO    ... (3) checkout succeeded
2026-02-26 12:13:42.513403 (2162223) main____ INFO    Tool inactivity delay is 480000 ms.
2026-02-26 12:13:42.513701 (2162243) stdio___ INFO    Starting STDIN reader (tty: yes, tty name: '/dev/pts/0')
2026-02-26 12:13:42.792114 (2162223) session_ INFO    Starting analysis session with session id 'session_0' (launcher: <local>) ...
2026-02-26 12:13:42.794164 (2162223) session_ INFO    Analysis session with session id 'session_0' started (pid: 2162244)
2026-02-26 12:13:44.260170 (2162223) session_ INFO    Analysis session 'session_0' connected to the console (host: 127.0.0.1:45614)
2026-02-26 12:13:49.295883 (2162223) lic__man INFO    Unclaim everything for 'session_0'.
2026-02-26 12:13:49.545308 (2162223) lic__man INFO    Claim 'fpv' for 'session_0'.
2026-02-26 12:13:49.545350 (2162223) lic__man INFO    Claim 'fpv' for 'session_0/prove-0'.
2026-02-26 12:13:52.197437 (2162223) lic__man INFO    Unclaim everything for 'session_0/prove-0'.
2026-02-26 12:13:52.215560 (2162223) main____ INFO    About to exit: request to exit with status 0 received from analysis session 'session_0'
2026-02-26 12:13:52.534300 (2162223) session_ INFO    Analysis session 'session_0' disconnected.
2026-02-26 12:13:52.534441 (2162223) lic__man INFO    Unclaim everything for 'session_0'.
2026-02-26 12:13:52.534735 (2162223) session_ INFO    Process for analysis session 'session_0' has exited with exit status '0'.
2026-02-26 12:13:54.323914 (2162243) stdio___ INFO    STDIN reader requested to stop.
2026-02-26 12:13:54.323977 (2162243) stdio___ INFO    STDIN reader stopped.
2026-02-26 12:13:54.324287 (2162223) lic_core INFO    (1) checkin jasper_interactive
2026-02-26 12:13:54.325455 (2162223) lic_core INFO    (3) checkin jasper_fao
2026-02-26 12:13:54.327116 (2162223) main____ INFO    Exiting with status 0.
