2026-02-26 05:39:55.598046 (3781401) main____ INFO    ----------------------------------------
2026-02-26 05:39:55.598160 (3781401) main____ INFO    Jasper version info
2026-02-26 05:39:55.598179 (3781401) main____ INFO      tool      : Jasper 2023.12
2026-02-26 05:39:55.598196 (3781401) main____ INFO      version   : 2023.12p001 64 bits
2026-02-26 05:39:55.598211 (3781401) main____ INFO      build date: 2024.01.23 16:09:24 UTC
2026-02-26 05:39:55.598222 (3781401) main____ INFO    ----------------------------------------
2026-02-26 05:39:55.598233 (3781401) main____ INFO    Runtime info:
2026-02-26 05:39:55.598245 (3781401) main____ INFO      platform  : Linux 4.18.0-553.89.1.el8_10.x86_64 x86_64
2026-02-26 05:39:55.598267 (3781401) main____ INFO      hostname  : caddy15.stanford.edu
2026-02-26 05:39:55.598285 (3781401) main____ INFO      pid       : 3781401
2026-02-26 05:39:55.598297 (3781401) main____ INFO      arguments : '-style' 'windows' '-allow_unsupported_OS' '-no_gui' '-fpv' './synthlc/i_ADDI_out/xPerfLocSubsetDiv/coverset_38_.tcl' '-proj' './synthlc/i_ADDI_out/xPerfLocSubsetDiv/coverset_38_jgsession_26-02-26-05_39_54'
2026-02-26 05:39:55.598333 (3781401) main____ INFO      locale    : UTF-8
2026-02-26 05:39:55.598344 (3781401) main____ INFO    ----------------------------------------
2026-02-26 05:39:55.598355 (3781401) main____ INFO    System resource limits info:
2026-02-26 05:39:55.598369 (3781401) main____ INFO      virtual memory: unlimited
2026-02-26 05:39:55.598384 (3781401) main____ INFO      cpu time      : unlimited
2026-02-26 05:39:55.598406 (3781401) main____ INFO      processes     : 4096
2026-02-26 05:39:55.598430 (3781401) main____ INFO      stack size    : 8388608 B
2026-02-26 05:39:55.598446 (3781401) main____ INFO      core file size: 0 B
2026-02-26 05:39:55.598461 (3781401) main____ INFO      open files    : 4096
2026-02-26 05:39:55.598474 (3781401) main____ INFO      file size     : unlimited
2026-02-26 05:39:55.598486 (3781401) main____ INFO    ----------------------------------------
2026-02-26 05:39:55.598496 (3781401) main____ INFO    Memory statistics:
2026-02-26 05:39:55.598510 (3781401) main____ INFO      total physical memory  : 98449092 kB
2026-02-26 05:39:55.598523 (3781401) main____ INFO      free physical memory   : 72432148 kB
2026-02-26 05:39:55.598536 (3781401) main____ INFO      committed address space: 11289640 kB
2026-02-26 05:39:55.598546 (3781401) main____ INFO    ----------------------------------------
2026-02-26 05:39:55.599919 (3781401) main____ INFO    Important environment variables:
2026-02-26 05:39:55.599951 (3781401) main____ INFO      CDS_LIC_FILE       : '5280@cadlic0'
2026-02-26 05:39:55.599965 (3781401) main____ INFO      JASPER_INSTALL_DIR : '/cad/cadence/jasper_2023.12p001'
2026-02-26 05:39:55.599979 (3781401) main____ INFO      JASPER_KERNEL_CHECK: '1'
2026-02-26 05:39:55.599994 (3781401) main____ INFO      JASPER_OS_CHECK    : '0'
2026-02-26 05:39:55.600008 (3781401) main____ INFO      LANG               : 'en_US.UTF-8'
2026-02-26 05:39:55.600019 (3781401) main____ INFO    ----------------------------------------
2026-02-26 05:39:55.601582 (3781401) lic_core INFO    Initializing license system ...
2026-02-26 05:39:55.624680 (3781401) lic_core INFO    ... license system initialized.
2026-02-26 05:39:55.815652 (3781401) lic__man INFO    Claim 'main' for <ui>.
2026-02-26 05:39:55.815722 (3781401) lic_core INFO    (1) checking out 'jasper_interactive' ...
2026-02-26 05:39:55.899984 (3781401) lic_core INFO    ... (1) checkout succeeded
2026-02-26 05:39:55.900104 (3781401) lic__man INFO    Claim 'fpv' for <ui>.
2026-02-26 05:39:55.900137 (3781401) lic_core INFO    (2) checking out 'jasper_fpv' ...
2026-02-26 05:39:55.977839 (3781401) lic_core INFO    ... (2) checkout failed (error: -5) ("FLEXnet ERROR(-5, 0, 0): No such feature exists.")
2026-02-26 05:39:55.977902 (3781401) lic_core INFO    (3) checking out 'jasper_fao' ...
2026-02-26 05:39:56.073934 (3781401) lic_core INFO    ... (3) checkout succeeded
2026-02-26 05:39:56.113347 (3781401) main____ INFO    Tool inactivity delay is 480000 ms.
2026-02-26 05:39:56.130615 (3781430) stdio___ INFO    Starting STDIN reader (tty: yes, tty name: '/dev/pts/0')
2026-02-26 05:39:56.434536 (3781401) session_ INFO    Starting analysis session with session id 'session_0' (launcher: <local>) ...
2026-02-26 05:39:56.436735 (3781401) session_ INFO    Analysis session with session id 'session_0' started (pid: 3781431)
2026-02-26 05:40:01.221872 (3781401) session_ INFO    Analysis session 'session_0' connected to the console (host: 127.0.0.1:51246)
2026-02-26 05:40:10.097367 (3781401) lic__man INFO    Unclaim everything for 'session_0'.
2026-02-26 05:40:10.386660 (3781401) lic__man INFO    Claim 'fpv' for 'session_0'.
2026-02-26 05:40:10.386719 (3781401) lic__man INFO    Claim 'fpv' for 'session_0/prove-0'.
2026-02-26 05:40:15.965848 (3781401) lic__man INFO    Unclaim everything for 'session_0/prove-0'.
2026-02-26 05:40:15.972524 (3781401) main____ INFO    About to exit: request to exit with status 0 received from analysis session 'session_0'
2026-02-26 05:40:16.325627 (3781401) session_ INFO    Analysis session 'session_0' disconnected.
2026-02-26 05:40:16.325797 (3781401) lic__man INFO    Unclaim everything for 'session_0'.
2026-02-26 05:40:16.326015 (3781401) session_ INFO    Process for analysis session 'session_0' has exited with exit status '0'.
2026-02-26 05:40:17.906772 (3781430) stdio___ INFO    STDIN reader requested to stop.
2026-02-26 05:40:17.906829 (3781430) stdio___ INFO    STDIN reader stopped.
2026-02-26 05:40:17.907147 (3781401) lic_core INFO    (1) checkin jasper_interactive
2026-02-26 05:40:17.908127 (3781401) lic_core INFO    (3) checkin jasper_fao
2026-02-26 05:40:17.910426 (3781401) main____ INFO    Exiting with status 0.
