2026-03-02 00:42:49.283183 (836367) main____ INFO    ----------------------------------------
2026-03-02 00:42:49.283243 (836367) main____ INFO    Jasper version info
2026-03-02 00:42:49.283257 (836367) main____ INFO      tool      : Jasper 2023.12
2026-03-02 00:42:49.283271 (836367) main____ INFO      version   : 2023.12p001 64 bits
2026-03-02 00:42:49.283283 (836367) main____ INFO      build date: 2024.01.23 16:09:24 UTC
2026-03-02 00:42:49.283292 (836367) main____ INFO    ----------------------------------------
2026-03-02 00:42:49.283301 (836367) main____ INFO    Runtime info:
2026-03-02 00:42:49.283312 (836367) main____ INFO      platform  : Linux 4.18.0-553.89.1.el8_10.x86_64 x86_64
2026-03-02 00:42:49.283327 (836367) main____ INFO      hostname  : caddy10.stanford.edu
2026-03-02 00:42:49.283342 (836367) main____ INFO      pid       : 836367
2026-03-02 00:42:49.283352 (836367) main____ INFO      arguments : '-style' 'windows' '-allow_unsupported_OS' '-no_gui' '-fpv' './synthlc/i_MUL_out/xPerfLocCycleCount/over1cyc_7_div_fsm_s10_.tcl' '-proj' './synthlc/i_MUL_out/xPerfLocCycleCount/over1cyc_7_div_fsm_s10_jgsession_26-03-02-00_42_49'
2026-03-02 00:42:49.283366 (836367) main____ INFO      locale    : UTF-8
2026-03-02 00:42:49.283375 (836367) main____ INFO    ----------------------------------------
2026-03-02 00:42:49.283385 (836367) main____ INFO    System resource limits info:
2026-03-02 00:42:49.283396 (836367) main____ INFO      virtual memory: unlimited
2026-03-02 00:42:49.283408 (836367) main____ INFO      cpu time      : unlimited
2026-03-02 00:42:49.283423 (836367) main____ INFO      processes     : 4096
2026-03-02 00:42:49.283440 (836367) main____ INFO      stack size    : 8388608 B
2026-03-02 00:42:49.283454 (836367) main____ INFO      core file size: 0 B
2026-03-02 00:42:49.283466 (836367) main____ INFO      open files    : 4096
2026-03-02 00:42:49.283477 (836367) main____ INFO      file size     : unlimited
2026-03-02 00:42:49.283487 (836367) main____ INFO    ----------------------------------------
2026-03-02 00:42:49.283496 (836367) main____ INFO    Memory statistics:
2026-03-02 00:42:49.283507 (836367) main____ INFO      total physical memory  : 98449096 kB
2026-03-02 00:42:49.283518 (836367) main____ INFO      free physical memory   : 91738476 kB
2026-03-02 00:42:49.283529 (836367) main____ INFO      committed address space: 2346072 kB
2026-03-02 00:42:49.283539 (836367) main____ INFO    ----------------------------------------
2026-03-02 00:42:49.284648 (836367) main____ INFO    Important environment variables:
2026-03-02 00:42:49.284670 (836367) main____ INFO      CDS_LIC_FILE       : '5280@cadlic0'
2026-03-02 00:42:49.284682 (836367) main____ INFO      JASPER_INSTALL_DIR : '/cad/cadence/jasper_2023.12p001'
2026-03-02 00:42:49.284694 (836367) main____ INFO      JASPER_KERNEL_CHECK: '1'
2026-03-02 00:42:49.284705 (836367) main____ INFO      JASPER_OS_CHECK    : '0'
2026-03-02 00:42:49.284717 (836367) main____ INFO      LANG               : 'en_US.UTF-8'
2026-03-02 00:42:49.284726 (836367) main____ INFO    ----------------------------------------
2026-03-02 00:42:49.285825 (836367) lic_core INFO    Initializing license system ...
2026-03-02 00:42:49.287153 (836367) lic_core INFO    ... license system initialized.
2026-03-02 00:42:49.299189 (836367) lic__man INFO    Claim 'main' for <ui>.
2026-03-02 00:42:49.299225 (836367) lic_core INFO    (1) checking out 'jasper_interactive' ...
2026-03-02 00:42:49.311354 (836367) lic_core INFO    ... (1) checkout succeeded
2026-03-02 00:42:49.311404 (836367) lic__man INFO    Claim 'fpv' for <ui>.
2026-03-02 00:42:49.311422 (836367) lic_core INFO    (2) checking out 'jasper_fpv' ...
2026-03-02 00:42:49.315458 (836367) lic_core INFO    ... (2) checkout failed (error: -5) ("FLEXnet ERROR(-5, 0, 0): No such feature exists.")
2026-03-02 00:42:49.315485 (836367) lic_core INFO    (3) checking out 'jasper_fao' ...
2026-03-02 00:42:49.326446 (836367) lic_core INFO    ... (3) checkout succeeded
2026-03-02 00:42:49.327407 (836378) stdio___ INFO    Starting STDIN reader (tty: yes, tty name: '/dev/pts/7')
2026-03-02 00:42:49.327475 (836367) main____ INFO    Tool inactivity delay is 480000 ms.
2026-03-02 00:42:49.369654 (836367) session_ INFO    Starting analysis session with session id 'session_0' (launcher: <local>) ...
2026-03-02 00:42:49.371229 (836367) session_ INFO    Analysis session with session id 'session_0' started (pid: 836379)
2026-03-02 00:42:50.455891 (836367) session_ INFO    Analysis session 'session_0' connected to the console (host: 127.0.0.1:36486)
2026-03-02 00:42:54.423626 (836367) lic__man INFO    Unclaim everything for 'session_0'.
2026-03-02 00:42:54.619616 (836367) lic__man INFO    Claim 'fpv' for 'session_0'.
2026-03-02 00:42:54.619653 (836367) lic__man INFO    Claim 'fpv' for 'session_0/prove-0'.
2026-03-02 00:42:57.238490 (836367) lic__man INFO    Unclaim everything for 'session_0/prove-0'.
2026-03-02 00:42:57.281164 (836367) main____ INFO    About to exit: request to exit with status 0 received from analysis session 'session_0'
2026-03-02 00:42:57.425011 (836367) session_ INFO    Analysis session 'session_0' disconnected.
2026-03-02 00:42:57.425201 (836367) lic__man INFO    Unclaim everything for 'session_0'.
2026-03-02 00:42:57.425387 (836367) session_ INFO    Process for analysis session 'session_0' has exited with exit status '0'.
2026-03-02 00:42:59.381691 (836378) stdio___ INFO    STDIN reader requested to stop.
2026-03-02 00:42:59.381727 (836378) stdio___ INFO    STDIN reader stopped.
2026-03-02 00:42:59.381956 (836367) lic_core INFO    (1) checkin jasper_interactive
2026-03-02 00:42:59.383176 (836367) lic_core INFO    (3) checkin jasper_fao
2026-03-02 00:42:59.384715 (836367) main____ INFO    Exiting with status 0.
