2026-02-25 14:31:05.450868 (3243970) main____ INFO    ----------------------------------------
2026-02-25 14:31:05.450977 (3243970) main____ INFO    Jasper version info
2026-02-25 14:31:05.450994 (3243970) main____ INFO      tool      : Jasper 2023.12
2026-02-25 14:31:05.451013 (3243970) main____ INFO      version   : 2023.12p001 64 bits
2026-02-25 14:31:05.451026 (3243970) main____ INFO      build date: 2024.01.23 16:09:24 UTC
2026-02-25 14:31:05.451036 (3243970) main____ INFO    ----------------------------------------
2026-02-25 14:31:05.451044 (3243970) main____ INFO    Runtime info:
2026-02-25 14:31:05.451055 (3243970) main____ INFO      platform  : Linux 4.18.0-553.89.1.el8_10.x86_64 x86_64
2026-02-25 14:31:05.451074 (3243970) main____ INFO      hostname  : caddy15.stanford.edu
2026-02-25 14:31:05.451089 (3243970) main____ INFO      pid       : 3243970
2026-02-25 14:31:05.451101 (3243970) main____ INFO      arguments : '-style' 'windows' '-allow_unsupported_OS' '-no_gui' '-fpv' './synthlc/i_DIV_out/xHBPerfG_dfg_v3_div/HB_281_.tcl' '-proj' './synthlc/i_DIV_out/xHBPerfG_dfg_v3_div/HB_281_jgsession_26-02-25-14_31_04'
2026-02-25 14:31:05.451118 (3243970) main____ INFO      locale    : UTF-8
2026-02-25 14:31:05.451128 (3243970) main____ INFO    ----------------------------------------
2026-02-25 14:31:05.451137 (3243970) main____ INFO    System resource limits info:
2026-02-25 14:31:05.451149 (3243970) main____ INFO      virtual memory: unlimited
2026-02-25 14:31:05.451161 (3243970) main____ INFO      cpu time      : unlimited
2026-02-25 14:31:05.451178 (3243970) main____ INFO      processes     : 4096
2026-02-25 14:31:05.451200 (3243970) main____ INFO      stack size    : 8388608 B
2026-02-25 14:31:05.451214 (3243970) main____ INFO      core file size: 0 B
2026-02-25 14:31:05.451227 (3243970) main____ INFO      open files    : 4096
2026-02-25 14:31:05.451239 (3243970) main____ INFO      file size     : unlimited
2026-02-25 14:31:05.451248 (3243970) main____ INFO    ----------------------------------------
2026-02-25 14:31:05.451257 (3243970) main____ INFO    Memory statistics:
2026-02-25 14:31:05.451269 (3243970) main____ INFO      total physical memory  : 98449092 kB
2026-02-25 14:31:05.451280 (3243970) main____ INFO      free physical memory   : 76772524 kB
2026-02-25 14:31:05.451291 (3243970) main____ INFO      committed address space: 9744428 kB
2026-02-25 14:31:05.451319 (3243970) main____ INFO    ----------------------------------------
2026-02-25 14:31:05.452504 (3243970) main____ INFO    Important environment variables:
2026-02-25 14:31:05.452534 (3243970) main____ INFO      CDS_LIC_FILE       : '5280@cadlic0'
2026-02-25 14:31:05.452546 (3243970) main____ INFO      JASPER_INSTALL_DIR : '/cad/cadence/jasper_2023.12p001'
2026-02-25 14:31:05.452559 (3243970) main____ INFO      JASPER_KERNEL_CHECK: '1'
2026-02-25 14:31:05.452571 (3243970) main____ INFO      JASPER_OS_CHECK    : '0'
2026-02-25 14:31:05.452582 (3243970) main____ INFO      LANG               : 'en_US.UTF-8'
2026-02-25 14:31:05.452592 (3243970) main____ INFO    ----------------------------------------
2026-02-25 14:31:05.465436 (3243970) lic_core INFO    Initializing license system ...
2026-02-25 14:31:05.479617 (3243970) lic_core INFO    ... license system initialized.
2026-02-25 14:31:05.591082 (3243970) lic__man INFO    Claim 'main' for <ui>.
2026-02-25 14:31:05.591157 (3243970) lic_core INFO    (1) checking out 'jasper_interactive' ...
2026-02-25 14:31:05.663819 (3243970) lic_core INFO    ... (1) checkout succeeded
2026-02-25 14:31:05.663928 (3243970) lic__man INFO    Claim 'fpv' for <ui>.
2026-02-25 14:31:05.663960 (3243970) lic_core INFO    (2) checking out 'jasper_fpv' ...
2026-02-25 14:31:05.691805 (3243970) lic_core INFO    ... (2) checkout failed (error: -5) ("FLEXnet ERROR(-5, 0, 0): No such feature exists.")
2026-02-25 14:31:05.691869 (3243970) lic_core INFO    (3) checking out 'jasper_fao' ...
2026-02-25 14:31:05.771910 (3243970) lic_core INFO    ... (3) checkout succeeded
2026-02-25 14:31:05.785388 (3243970) main____ INFO    Tool inactivity delay is 480000 ms.
2026-02-25 14:31:05.793560 (3243982) stdio___ INFO    Starting STDIN reader (tty: yes, tty name: '/dev/pts/0')
2026-02-25 14:31:06.132431 (3243970) session_ INFO    Starting analysis session with session id 'session_0' (launcher: <local>) ...
2026-02-25 14:31:06.134337 (3243970) session_ INFO    Analysis session with session id 'session_0' started (pid: 3243983)
2026-02-25 14:31:11.656003 (3243970) session_ INFO    Analysis session 'session_0' connected to the console (host: 127.0.0.1:40910)
2026-02-25 14:31:21.354295 (3243970) lic__man INFO    Unclaim everything for 'session_0'.
2026-02-25 14:31:21.945935 (3243970) lic__man INFO    Claim 'fpv' for 'session_0'.
2026-02-25 14:31:21.945982 (3243970) lic__man INFO    Claim 'fpv' for 'session_0/prove-0'.
2026-02-25 14:31:52.840725 (3243970) lic__man INFO    Unclaim everything for 'session_0/prove-0'.
2026-02-25 14:31:52.895668 (3243970) main____ INFO    About to exit: request to exit with status 0 received from analysis session 'session_0'
2026-02-25 14:31:53.421585 (3243970) session_ INFO    Analysis session 'session_0' disconnected.
2026-02-25 14:31:53.421774 (3243970) lic__man INFO    Unclaim everything for 'session_0'.
2026-02-25 14:31:53.453564 (3243970) session_ INFO    Process for analysis session 'session_0' has exited with exit status '0'.
2026-02-25 14:31:54.926399 (3243982) stdio___ INFO    STDIN reader requested to stop.
2026-02-25 14:31:54.926463 (3243982) stdio___ INFO    STDIN reader stopped.
2026-02-25 14:31:54.930652 (3243970) lic_core INFO    (1) checkin jasper_interactive
2026-02-25 14:31:54.932526 (3243970) lic_core INFO    (3) checkin jasper_fao
2026-02-25 14:31:54.993102 (3243970) main____ INFO    Exiting with status 0.
