2026-02-26 00:03:40.093061 (1763355) main____ INFO    ----------------------------------------
2026-02-26 00:03:40.093131 (1763355) main____ INFO    Jasper version info
2026-02-26 00:03:40.093147 (1763355) main____ INFO      tool      : Jasper 2023.12
2026-02-26 00:03:40.093162 (1763355) main____ INFO      version   : 2023.12p001 64 bits
2026-02-26 00:03:40.093175 (1763355) main____ INFO      build date: 2024.01.23 16:09:24 UTC
2026-02-26 00:03:40.093186 (1763355) main____ INFO    ----------------------------------------
2026-02-26 00:03:40.093196 (1763355) main____ INFO    Runtime info:
2026-02-26 00:03:40.093208 (1763355) main____ INFO      platform  : Linux 4.18.0-553.89.1.el8_10.x86_64 x86_64
2026-02-26 00:03:40.093224 (1763355) main____ INFO      hostname  : caddy12.stanford.edu
2026-02-26 00:03:40.093239 (1763355) main____ INFO      pid       : 1763355
2026-02-26 00:03:40.093251 (1763355) main____ INFO      arguments : '-style' 'windows' '-allow_unsupported_OS' '-no_gui' '-fpv' './synthlc/i_MUL_out/xPairwiseDepDiv/nunv_anytwo_100_.tcl' '-proj' './synthlc/i_MUL_out/xPairwiseDepDiv/nunv_anytwo_100_jgsession_26-02-26-00_03_39'
2026-02-26 00:03:40.093267 (1763355) main____ INFO      locale    : UTF-8
2026-02-26 00:03:40.093277 (1763355) main____ INFO    ----------------------------------------
2026-02-26 00:03:40.093287 (1763355) main____ INFO    System resource limits info:
2026-02-26 00:03:40.093300 (1763355) main____ INFO      virtual memory: unlimited
2026-02-26 00:03:40.093313 (1763355) main____ INFO      cpu time      : unlimited
2026-02-26 00:03:40.093329 (1763355) main____ INFO      processes     : 4096
2026-02-26 00:03:40.093348 (1763355) main____ INFO      stack size    : 8388608 B
2026-02-26 00:03:40.094487 (1763355) main____ INFO      core file size: 0 B
2026-02-26 00:03:40.094525 (1763355) main____ INFO      open files    : 4096
2026-02-26 00:03:40.094559 (1763355) main____ INFO      file size     : unlimited
2026-02-26 00:03:40.094587 (1763355) main____ INFO    ----------------------------------------
2026-02-26 00:03:40.094613 (1763355) main____ INFO    Memory statistics:
2026-02-26 00:03:40.094645 (1763355) main____ INFO      total physical memory  : 98449088 kB
2026-02-26 00:03:40.094697 (1763355) main____ INFO      free physical memory   : 81518876 kB
2026-02-26 00:03:40.094729 (1763355) main____ INFO      committed address space: 2939000 kB
2026-02-26 00:03:40.094757 (1763355) main____ INFO    ----------------------------------------
2026-02-26 00:03:40.095968 (1763355) main____ INFO    Important environment variables:
2026-02-26 00:03:40.096368 (1763355) main____ INFO      CDS_LIC_FILE       : '5280@cadlic0'
2026-02-26 00:03:40.096383 (1763355) main____ INFO      DISPLAY            : 'localhost:12.0'
2026-02-26 00:03:40.096396 (1763355) main____ INFO      JASPER_INSTALL_DIR : '/cad/cadence/jasper_2023.12p001'
2026-02-26 00:03:40.096408 (1763355) main____ INFO      JASPER_KERNEL_CHECK: '1'
2026-02-26 00:03:40.096420 (1763355) main____ INFO      JASPER_OS_CHECK    : '0'
2026-02-26 00:03:40.096433 (1763355) main____ INFO      LANG               : 'zh_TW.UTF-8'
2026-02-26 00:03:40.096443 (1763355) main____ INFO    ----------------------------------------
2026-02-26 00:03:40.097568 (1763355) lic_core INFO    Initializing license system ...
2026-02-26 00:03:40.099714 (1763355) lic_core INFO    ... license system initialized.
2026-02-26 00:03:40.111820 (1763355) lic__man INFO    Claim 'main' for <ui>.
2026-02-26 00:03:40.111870 (1763355) lic_core INFO    (1) checking out 'jasper_interactive' ...
2026-02-26 00:03:40.124407 (1763355) lic_core INFO    ... (1) checkout succeeded
2026-02-26 00:03:40.124475 (1763355) lic__man INFO    Claim 'fpv' for <ui>.
2026-02-26 00:03:40.124497 (1763355) lic_core INFO    (2) checking out 'jasper_fpv' ...
2026-02-26 00:03:40.128706 (1763355) lic_core INFO    ... (2) checkout failed (error: -5) ("FLEXnet ERROR(-5, 0, 0): No such feature exists.")
2026-02-26 00:03:40.128744 (1763355) lic_core INFO    (3) checking out 'jasper_fao' ...
2026-02-26 00:03:40.139552 (1763355) lic_core INFO    ... (3) checkout succeeded
2026-02-26 00:03:40.140733 (1763355) main____ INFO    Tool inactivity delay is 480000 ms.
2026-02-26 00:03:40.141000 (1763366) stdio___ INFO    Starting STDIN reader (tty: yes, tty name: '/dev/pts/0')
2026-02-26 00:03:40.183727 (1763355) session_ INFO    Starting analysis session with session id 'session_0' (launcher: <local>) ...
2026-02-26 00:03:40.185594 (1763355) session_ INFO    Analysis session with session id 'session_0' started (pid: 1763367)
2026-02-26 00:03:41.268205 (1763355) session_ INFO    Analysis session 'session_0' connected to the console (host: 127.0.0.1:43960)
2026-02-26 00:03:44.841882 (1763355) lic__man INFO    Unclaim everything for 'session_0'.
2026-02-26 00:03:45.082813 (1763355) lic__man INFO    Claim 'fpv' for 'session_0'.
2026-02-26 00:03:45.082855 (1763355) lic__man INFO    Claim 'fpv' for 'session_0/prove-0'.
2026-02-26 00:09:06.872974 (1763355) lic__man INFO    Unclaim everything for 'session_0/prove-0'.
2026-02-26 00:09:06.893549 (1763355) main____ INFO    About to exit: request to exit with status 0 received from analysis session 'session_0'
2026-02-26 00:09:07.123944 (1763355) session_ INFO    Analysis session 'session_0' disconnected.
2026-02-26 00:09:07.124114 (1763355) lic__man INFO    Unclaim everything for 'session_0'.
2026-02-26 00:09:07.126176 (1763355) session_ INFO    Process for analysis session 'session_0' has exited with exit status '0'.
2026-02-26 00:09:08.894163 (1763366) stdio___ INFO    STDIN reader requested to stop.
2026-02-26 00:09:08.894220 (1763366) stdio___ INFO    STDIN reader stopped.
2026-02-26 00:09:08.894862 (1763355) lic_core INFO    (1) checkin jasper_interactive
2026-02-26 00:09:08.899967 (1763355) lic_core INFO    (3) checkin jasper_fao
2026-02-26 00:09:08.901966 (1763355) main____ INFO    Exiting with status 0.
