2026-02-27 12:51:45.370844 (3081739) main____ INFO    ----------------------------------------
2026-02-27 12:51:45.370911 (3081739) main____ INFO    Jasper version info
2026-02-27 12:51:45.370935 (3081739) main____ INFO      tool      : Jasper 2023.12
2026-02-27 12:51:45.370950 (3081739) main____ INFO      version   : 2023.12p001 64 bits
2026-02-27 12:51:45.370963 (3081739) main____ INFO      build date: 2024.01.23 16:09:24 UTC
2026-02-27 12:51:45.370973 (3081739) main____ INFO    ----------------------------------------
2026-02-27 12:51:45.370983 (3081739) main____ INFO    Runtime info:
2026-02-27 12:51:45.370994 (3081739) main____ INFO      platform  : Linux 4.18.0-553.89.1.el8_10.x86_64 x86_64
2026-02-27 12:51:45.371011 (3081739) main____ INFO      hostname  : caddy12.stanford.edu
2026-02-27 12:51:45.371026 (3081739) main____ INFO      pid       : 3081739
2026-02-27 12:51:45.371037 (3081739) main____ INFO      arguments : '-style' 'windows' '-allow_unsupported_OS' '-no_gui' '-fpv' './synthlc/i_MUL_out/xPerfLocCycleCount/over1cyc_4_mult_fsm_s3_.tcl' '-proj' './synthlc/i_MUL_out/xPerfLocCycleCount/over1cyc_4_mult_fsm_s3_jgsession_26-02-27-12_51_45'
2026-02-27 12:51:45.371053 (3081739) main____ INFO      locale    : UTF-8
2026-02-27 12:51:45.371063 (3081739) main____ INFO    ----------------------------------------
2026-02-27 12:51:45.371073 (3081739) main____ INFO    System resource limits info:
2026-02-27 12:51:45.371085 (3081739) main____ INFO      virtual memory: unlimited
2026-02-27 12:51:45.371098 (3081739) main____ INFO      cpu time      : unlimited
2026-02-27 12:51:45.371115 (3081739) main____ INFO      processes     : 4096
2026-02-27 12:51:45.371140 (3081739) main____ INFO      stack size    : 8388608 B
2026-02-27 12:51:45.371154 (3081739) main____ INFO      core file size: 0 B
2026-02-27 12:51:45.371167 (3081739) main____ INFO      open files    : 4096
2026-02-27 12:51:45.371185 (3081739) main____ INFO      file size     : unlimited
2026-02-27 12:51:45.371195 (3081739) main____ INFO    ----------------------------------------
2026-02-27 12:51:45.371205 (3081739) main____ INFO    Memory statistics:
2026-02-27 12:51:45.371217 (3081739) main____ INFO      total physical memory  : 98449088 kB
2026-02-27 12:51:45.371228 (3081739) main____ INFO      free physical memory   : 79330380 kB
2026-02-27 12:51:45.371240 (3081739) main____ INFO      committed address space: 1614552 kB
2026-02-27 12:51:45.371250 (3081739) main____ INFO    ----------------------------------------
2026-02-27 12:51:45.372410 (3081739) main____ INFO    Important environment variables:
2026-02-27 12:51:45.372433 (3081739) main____ INFO      CDS_LIC_FILE       : '5280@cadlic0'
2026-02-27 12:51:45.372447 (3081739) main____ INFO      DISPLAY            : 'localhost:12.0'
2026-02-27 12:51:45.372459 (3081739) main____ INFO      JASPER_INSTALL_DIR : '/cad/cadence/jasper_2023.12p001'
2026-02-27 12:51:45.372471 (3081739) main____ INFO      JASPER_KERNEL_CHECK: '1'
2026-02-27 12:51:45.372483 (3081739) main____ INFO      JASPER_OS_CHECK    : '0'
2026-02-27 12:51:45.372496 (3081739) main____ INFO      LANG               : 'zh_TW.UTF-8'
2026-02-27 12:51:45.372506 (3081739) main____ INFO    ----------------------------------------
2026-02-27 12:51:45.373655 (3081739) lic_core INFO    Initializing license system ...
2026-02-27 12:51:45.375861 (3081739) lic_core INFO    ... license system initialized.
2026-02-27 12:51:45.414200 (3081739) lic__man INFO    Claim 'main' for <ui>.
2026-02-27 12:51:45.414250 (3081739) lic_core INFO    (1) checking out 'jasper_interactive' ...
2026-02-27 12:51:45.426731 (3081739) lic_core INFO    ... (1) checkout succeeded
2026-02-27 12:51:45.426790 (3081739) lic__man INFO    Claim 'fpv' for <ui>.
2026-02-27 12:51:45.426811 (3081739) lic_core INFO    (2) checking out 'jasper_fpv' ...
2026-02-27 12:51:45.430762 (3081739) lic_core INFO    ... (2) checkout failed (error: -5) ("FLEXnet ERROR(-5, 0, 0): No such feature exists.")
2026-02-27 12:51:45.430794 (3081739) lic_core INFO    (3) checking out 'jasper_fao' ...
2026-02-27 12:51:45.441466 (3081739) lic_core INFO    ... (3) checkout succeeded
2026-02-27 12:51:45.449575 (3081769) stdio___ INFO    Starting STDIN reader (tty: yes, tty name: '/dev/pts/0')
2026-02-27 12:51:45.458692 (3081739) main____ INFO    Tool inactivity delay is 480000 ms.
2026-02-27 12:51:45.577021 (3081739) session_ INFO    Starting analysis session with session id 'session_0' (launcher: <local>) ...
2026-02-27 12:51:45.579144 (3081739) session_ INFO    Analysis session with session id 'session_0' started (pid: 3081773)
2026-02-27 12:51:46.691764 (3081739) session_ INFO    Analysis session 'session_0' connected to the console (host: 127.0.0.1:43008)
2026-02-27 12:51:50.139869 (3081739) lic__man INFO    Unclaim everything for 'session_0'.
2026-02-27 12:51:50.346739 (3081739) lic__man INFO    Claim 'fpv' for 'session_0'.
2026-02-27 12:51:50.346780 (3081739) lic__man INFO    Claim 'fpv' for 'session_0/prove-0'.
2026-02-27 12:51:52.626369 (3081739) lic__man INFO    Unclaim everything for 'session_0/prove-0'.
2026-02-27 12:51:52.667784 (3081739) main____ INFO    About to exit: request to exit with status 0 received from analysis session 'session_0'
2026-02-27 12:51:52.872429 (3081739) session_ INFO    Analysis session 'session_0' disconnected.
2026-02-27 12:51:52.872581 (3081739) lic__man INFO    Unclaim everything for 'session_0'.
2026-02-27 12:51:52.872868 (3081739) session_ INFO    Process for analysis session 'session_0' has exited with exit status '0'.
2026-02-27 12:51:54.775197 (3081769) stdio___ INFO    STDIN reader requested to stop.
2026-02-27 12:51:54.775287 (3081769) stdio___ INFO    STDIN reader stopped.
2026-02-27 12:51:54.775530 (3081739) lic_core INFO    (1) checkin jasper_interactive
2026-02-27 12:51:54.782342 (3081739) lic_core INFO    (3) checkin jasper_fao
2026-02-27 12:51:54.792248 (3081739) main____ INFO    Exiting with status 0.
