2026-03-01 08:22:14.772262 (4172709) main____ INFO    ----------------------------------------
2026-03-01 08:22:14.772360 (4172709) main____ INFO    Jasper version info
2026-03-01 08:22:14.772377 (4172709) main____ INFO      tool      : Jasper 2023.12
2026-03-01 08:22:14.772393 (4172709) main____ INFO      version   : 2023.12p001 64 bits
2026-03-01 08:22:14.772407 (4172709) main____ INFO      build date: 2024.01.23 16:09:24 UTC
2026-03-01 08:22:14.772418 (4172709) main____ INFO    ----------------------------------------
2026-03-01 08:22:14.772428 (4172709) main____ INFO    Runtime info:
2026-03-01 08:22:14.772440 (4172709) main____ INFO      platform  : Linux 4.18.0-553.89.1.el8_10.x86_64 x86_64
2026-03-01 08:22:14.772458 (4172709) main____ INFO      hostname  : caddy12.stanford.edu
2026-03-01 08:22:14.772474 (4172709) main____ INFO      pid       : 4172709
2026-03-01 08:22:14.772486 (4172709) main____ INFO      arguments : '-style' 'windows' '-allow_unsupported_OS' '-no_gui' '-fpv' './synthlc/i_LW_out/xHBPerfG_dfg_v3_div/HB_354_.tcl' '-proj' './synthlc/i_LW_out/xHBPerfG_dfg_v3_div/HB_354_jgsession_26-03-01-08_22_13'
2026-03-01 08:22:14.772505 (4172709) main____ INFO      locale    : UTF-8
2026-03-01 08:22:14.772516 (4172709) main____ INFO    ----------------------------------------
2026-03-01 08:22:14.772526 (4172709) main____ INFO    System resource limits info:
2026-03-01 08:22:14.772539 (4172709) main____ INFO      virtual memory: unlimited
2026-03-01 08:22:14.772552 (4172709) main____ INFO      cpu time      : unlimited
2026-03-01 08:22:14.772570 (4172709) main____ INFO      processes     : 4096
2026-03-01 08:22:14.772591 (4172709) main____ INFO      stack size    : 8388608 B
2026-03-01 08:22:14.772605 (4172709) main____ INFO      core file size: 0 B
2026-03-01 08:22:14.772619 (4172709) main____ INFO      open files    : 4096
2026-03-01 08:22:14.772632 (4172709) main____ INFO      file size     : unlimited
2026-03-01 08:22:14.772642 (4172709) main____ INFO    ----------------------------------------
2026-03-01 08:22:14.772652 (4172709) main____ INFO    Memory statistics:
2026-03-01 08:22:14.772679 (4172709) main____ INFO      total physical memory  : 98449088 kB
2026-03-01 08:22:14.772692 (4172709) main____ INFO      free physical memory   : 81403708 kB
2026-03-01 08:22:14.772705 (4172709) main____ INFO      committed address space: 13959316 kB
2026-03-01 08:22:14.772715 (4172709) main____ INFO    ----------------------------------------
2026-03-01 08:22:14.773894 (4172709) main____ INFO    Important environment variables:
2026-03-01 08:22:14.795795 (4172709) main____ INFO      CDS_LIC_FILE       : '5280@cadlic0'
2026-03-01 08:22:14.795836 (4172709) main____ INFO      DISPLAY            : 'localhost:12.0'
2026-03-01 08:22:14.795850 (4172709) main____ INFO      JASPER_INSTALL_DIR : '/cad/cadence/jasper_2023.12p001'
2026-03-01 08:22:14.795863 (4172709) main____ INFO      JASPER_KERNEL_CHECK: '1'
2026-03-01 08:22:14.795876 (4172709) main____ INFO      JASPER_OS_CHECK    : '0'
2026-03-01 08:22:14.795889 (4172709) main____ INFO      LANG               : 'zh_TW.UTF-8'
2026-03-01 08:22:14.795900 (4172709) main____ INFO    ----------------------------------------
2026-03-01 08:22:14.803353 (4172709) lic_core INFO    Initializing license system ...
2026-03-01 08:22:14.815932 (4172709) lic_core INFO    ... license system initialized.
2026-03-01 08:22:14.968977 (4172709) lic__man INFO    Claim 'main' for <ui>.
2026-03-01 08:22:14.969067 (4172709) lic_core INFO    (1) checking out 'jasper_interactive' ...
2026-03-01 08:22:15.048253 (4172709) lic_core INFO    ... (1) checkout succeeded
2026-03-01 08:22:15.048391 (4172709) lic__man INFO    Claim 'fpv' for <ui>.
2026-03-01 08:22:15.048426 (4172709) lic_core INFO    (2) checking out 'jasper_fpv' ...
2026-03-01 08:22:15.112197 (4172709) lic_core INFO    ... (2) checkout failed (error: -5) ("FLEXnet ERROR(-5, 0, 0): No such feature exists.")
2026-03-01 08:22:15.112325 (4172709) lic_core INFO    (3) checking out 'jasper_fao' ...
2026-03-01 08:22:15.195166 (4172709) lic_core INFO    ... (3) checkout succeeded
2026-03-01 08:22:15.209636 (4172709) main____ INFO    Tool inactivity delay is 480000 ms.
2026-03-01 08:22:15.217936 (4172732) stdio___ INFO    Starting STDIN reader (tty: yes, tty name: '/dev/pts/0')
2026-03-01 08:22:15.541699 (4172709) session_ INFO    Starting analysis session with session id 'session_0' (launcher: <local>) ...
2026-03-01 08:22:15.543796 (4172709) session_ INFO    Analysis session with session id 'session_0' started (pid: 4172747)
2026-03-01 08:22:18.539216 (4172709) session_ INFO    Analysis session 'session_0' connected to the console (host: 127.0.0.1:40118)
2026-03-01 08:22:27.482420 (4172709) lic__man INFO    Unclaim everything for 'session_0'.
2026-03-01 08:22:28.102869 (4172709) lic__man INFO    Claim 'fpv' for 'session_0'.
2026-03-01 08:22:28.102923 (4172709) lic__man INFO    Claim 'fpv' for 'session_0/prove-0'.
2026-03-01 08:22:39.811064 (4172709) lic__man INFO    Unclaim everything for 'session_0/prove-0'.
2026-03-01 08:22:39.879987 (4172709) main____ INFO    About to exit: request to exit with status 0 received from analysis session 'session_0'
2026-03-01 08:22:40.560526 (4172709) session_ INFO    Analysis session 'session_0' disconnected.
2026-03-01 08:22:40.560717 (4172709) lic__man INFO    Unclaim everything for 'session_0'.
2026-03-01 08:22:40.561312 (4172709) session_ INFO    Process for analysis session 'session_0' has exited with exit status '0'.
2026-03-01 08:22:41.902003 (4172732) stdio___ INFO    STDIN reader requested to stop.
2026-03-01 08:22:41.902072 (4172732) stdio___ INFO    STDIN reader stopped.
2026-03-01 08:22:41.902422 (4172709) lic_core INFO    (1) checkin jasper_interactive
2026-03-01 08:22:41.914194 (4172709) lic_core INFO    (3) checkin jasper_fao
2026-03-01 08:22:41.927869 (4172709) main____ INFO    Exiting with status 0.
