2026-03-01 23:34:25.255508 (767058) main____ INFO    ----------------------------------------
2026-03-01 23:34:25.255573 (767058) main____ INFO    Jasper version info
2026-03-01 23:34:25.255587 (767058) main____ INFO      tool      : Jasper 2023.12
2026-03-01 23:34:25.255600 (767058) main____ INFO      version   : 2023.12p001 64 bits
2026-03-01 23:34:25.255612 (767058) main____ INFO      build date: 2024.01.23 16:09:24 UTC
2026-03-01 23:34:25.255622 (767058) main____ INFO    ----------------------------------------
2026-03-01 23:34:25.255631 (767058) main____ INFO    Runtime info:
2026-03-01 23:34:25.255641 (767058) main____ INFO      platform  : Linux 4.18.0-553.89.1.el8_10.x86_64 x86_64
2026-03-01 23:34:25.255657 (767058) main____ INFO      hostname  : caddy10.stanford.edu
2026-03-01 23:34:25.255671 (767058) main____ INFO      pid       : 767058
2026-03-01 23:34:25.255682 (767058) main____ INFO      arguments : '-style' 'windows' '-allow_unsupported_OS' '-no_gui' '-fpv' './synthlc/i_MUL_out/xPerfLocSubsetDiv/coverset_11_.tcl' '-proj' './synthlc/i_MUL_out/xPerfLocSubsetDiv/coverset_11_jgsession_26-03-01-23_34_25'
2026-03-01 23:34:25.255696 (767058) main____ INFO      locale    : UTF-8
2026-03-01 23:34:25.255706 (767058) main____ INFO    ----------------------------------------
2026-03-01 23:34:25.255715 (767058) main____ INFO    System resource limits info:
2026-03-01 23:34:25.255726 (767058) main____ INFO      virtual memory: unlimited
2026-03-01 23:34:25.255738 (767058) main____ INFO      cpu time      : unlimited
2026-03-01 23:34:25.255753 (767058) main____ INFO      processes     : 4096
2026-03-01 23:34:25.255770 (767058) main____ INFO      stack size    : 8388608 B
2026-03-01 23:34:25.255784 (767058) main____ INFO      core file size: 0 B
2026-03-01 23:34:25.255796 (767058) main____ INFO      open files    : 4096
2026-03-01 23:34:25.255807 (767058) main____ INFO      file size     : unlimited
2026-03-01 23:34:25.255816 (767058) main____ INFO    ----------------------------------------
2026-03-01 23:34:25.255825 (767058) main____ INFO    Memory statistics:
2026-03-01 23:34:25.255836 (767058) main____ INFO      total physical memory  : 98449096 kB
2026-03-01 23:34:25.255858 (767058) main____ INFO      free physical memory   : 91937420 kB
2026-03-01 23:34:25.255869 (767058) main____ INFO      committed address space: 2105084 kB
2026-03-01 23:34:25.255878 (767058) main____ INFO    ----------------------------------------
2026-03-01 23:34:25.256987 (767058) main____ INFO    Important environment variables:
2026-03-01 23:34:25.257009 (767058) main____ INFO      CDS_LIC_FILE       : '5280@cadlic0'
2026-03-01 23:34:25.257021 (767058) main____ INFO      JASPER_INSTALL_DIR : '/cad/cadence/jasper_2023.12p001'
2026-03-01 23:34:25.257032 (767058) main____ INFO      JASPER_KERNEL_CHECK: '1'
2026-03-01 23:34:25.257044 (767058) main____ INFO      JASPER_OS_CHECK    : '0'
2026-03-01 23:34:25.257064 (767058) main____ INFO      LANG               : 'en_US.UTF-8'
2026-03-01 23:34:25.257073 (767058) main____ INFO    ----------------------------------------
2026-03-01 23:34:25.258159 (767058) lic_core INFO    Initializing license system ...
2026-03-01 23:34:25.259482 (767058) lic_core INFO    ... license system initialized.
2026-03-01 23:34:25.271193 (767058) lic__man INFO    Claim 'main' for <ui>.
2026-03-01 23:34:25.271232 (767058) lic_core INFO    (1) checking out 'jasper_interactive' ...
2026-03-01 23:34:25.283151 (767058) lic_core INFO    ... (1) checkout succeeded
2026-03-01 23:34:25.283205 (767058) lic__man INFO    Claim 'fpv' for <ui>.
2026-03-01 23:34:25.283225 (767058) lic_core INFO    (2) checking out 'jasper_fpv' ...
2026-03-01 23:34:25.286660 (767058) lic_core INFO    ... (2) checkout failed (error: -5) ("FLEXnet ERROR(-5, 0, 0): No such feature exists.")
2026-03-01 23:34:25.286689 (767058) lic_core INFO    (3) checking out 'jasper_fao' ...
2026-03-01 23:34:25.297830 (767058) lic_core INFO    ... (3) checkout succeeded
2026-03-01 23:34:25.298896 (767075) stdio___ INFO    Starting STDIN reader (tty: yes, tty name: '/dev/pts/7')
2026-03-01 23:34:25.298961 (767058) main____ INFO    Tool inactivity delay is 480000 ms.
2026-03-01 23:34:25.341796 (767058) session_ INFO    Starting analysis session with session id 'session_0' (launcher: <local>) ...
2026-03-01 23:34:25.343699 (767058) session_ INFO    Analysis session with session id 'session_0' started (pid: 767183)
2026-03-01 23:34:26.726821 (767058) session_ INFO    Analysis session 'session_0' connected to the console (host: 127.0.0.1:55242)
2026-03-01 23:34:30.800591 (767058) lic__man INFO    Unclaim everything for 'session_0'.
2026-03-01 23:34:31.108504 (767058) lic__man INFO    Claim 'fpv' for 'session_0'.
2026-03-01 23:34:31.108547 (767058) lic__man INFO    Claim 'fpv' for 'session_0/prove-0'.
2026-03-01 23:34:37.276980 (767058) lic__man INFO    Unclaim everything for 'session_0/prove-0'.
2026-03-01 23:34:37.321173 (767058) main____ INFO    About to exit: request to exit with status 0 received from analysis session 'session_0'
2026-03-01 23:34:37.456298 (767058) session_ INFO    Analysis session 'session_0' disconnected.
2026-03-01 23:34:37.456530 (767058) lic__man INFO    Unclaim everything for 'session_0'.
2026-03-01 23:34:37.456704 (767058) session_ INFO    Process for analysis session 'session_0' has exited with exit status '0'.
2026-03-01 23:34:39.381755 (767075) stdio___ INFO    STDIN reader requested to stop.
2026-03-01 23:34:39.381789 (767075) stdio___ INFO    STDIN reader stopped.
2026-03-01 23:34:39.382006 (767058) lic_core INFO    (1) checkin jasper_interactive
2026-03-01 23:34:39.382797 (767058) lic_core INFO    (3) checkin jasper_fao
2026-03-01 23:34:39.384144 (767058) main____ INFO    Exiting with status 0.
