2026-02-28 21:58:37.495131 (3726665) main____ INFO    ----------------------------------------
2026-02-28 21:58:37.495219 (3726665) main____ INFO    Jasper version info
2026-02-28 21:58:37.495236 (3726665) main____ INFO      tool      : Jasper 2023.12
2026-02-28 21:58:37.495252 (3726665) main____ INFO      version   : 2023.12p001 64 bits
2026-02-28 21:58:37.495267 (3726665) main____ INFO      build date: 2024.01.23 16:09:24 UTC
2026-02-28 21:58:37.495277 (3726665) main____ INFO    ----------------------------------------
2026-02-28 21:58:37.495287 (3726665) main____ INFO    Runtime info:
2026-02-28 21:58:37.495299 (3726665) main____ INFO      platform  : Linux 4.18.0-553.89.1.el8_10.x86_64 x86_64
2026-02-28 21:58:37.495317 (3726665) main____ INFO      hostname  : caddy12.stanford.edu
2026-02-28 21:58:37.495333 (3726665) main____ INFO      pid       : 3726665
2026-02-28 21:58:37.495345 (3726665) main____ INFO      arguments : '-style' 'windows' '-allow_unsupported_OS' '-no_gui' '-fpv' './synthlc/i_ADDI_out/xPairwiseDepDiv/nunv_anytwo_181_.tcl' '-proj' './synthlc/i_ADDI_out/xPairwiseDepDiv/nunv_anytwo_181_jgsession_26-02-28-21_58_36'
2026-02-28 21:58:37.495362 (3726665) main____ INFO      locale    : UTF-8
2026-02-28 21:58:37.495372 (3726665) main____ INFO    ----------------------------------------
2026-02-28 21:58:37.495382 (3726665) main____ INFO    System resource limits info:
2026-02-28 21:58:37.495395 (3726665) main____ INFO      virtual memory: unlimited
2026-02-28 21:58:37.495408 (3726665) main____ INFO      cpu time      : unlimited
2026-02-28 21:58:37.495427 (3726665) main____ INFO      processes     : 4096
2026-02-28 21:58:37.495452 (3726665) main____ INFO      stack size    : 8388608 B
2026-02-28 21:58:37.495467 (3726665) main____ INFO      core file size: 0 B
2026-02-28 21:58:37.495482 (3726665) main____ INFO      open files    : 4096
2026-02-28 21:58:37.495494 (3726665) main____ INFO      file size     : unlimited
2026-02-28 21:58:37.495505 (3726665) main____ INFO    ----------------------------------------
2026-02-28 21:58:37.495517 (3726665) main____ INFO    Memory statistics:
2026-02-28 21:58:37.495530 (3726665) main____ INFO      total physical memory  : 98449088 kB
2026-02-28 21:58:37.495542 (3726665) main____ INFO      free physical memory   : 84613360 kB
2026-02-28 21:58:37.495554 (3726665) main____ INFO      committed address space: 9933216 kB
2026-02-28 21:58:37.495564 (3726665) main____ INFO    ----------------------------------------
2026-02-28 21:58:37.496784 (3726665) main____ INFO    Important environment variables:
2026-02-28 21:58:37.496813 (3726665) main____ INFO      CDS_LIC_FILE       : '5280@cadlic0'
2026-02-28 21:58:37.496827 (3726665) main____ INFO      DISPLAY            : 'localhost:12.0'
2026-02-28 21:58:37.496840 (3726665) main____ INFO      JASPER_INSTALL_DIR : '/cad/cadence/jasper_2023.12p001'
2026-02-28 21:58:37.496852 (3726665) main____ INFO      JASPER_KERNEL_CHECK: '1'
2026-02-28 21:58:37.496865 (3726665) main____ INFO      JASPER_OS_CHECK    : '0'
2026-02-28 21:58:37.496878 (3726665) main____ INFO      LANG               : 'zh_TW.UTF-8'
2026-02-28 21:58:37.496888 (3726665) main____ INFO    ----------------------------------------
2026-02-28 21:58:37.498430 (3726665) lic_core INFO    Initializing license system ...
2026-02-28 21:58:37.500918 (3726665) lic_core INFO    ... license system initialized.
2026-02-28 21:58:37.521880 (3726665) lic__man INFO    Claim 'main' for <ui>.
2026-02-28 21:58:37.521956 (3726665) lic_core INFO    (1) checking out 'jasper_interactive' ...
2026-02-28 21:58:37.535067 (3726665) lic_core INFO    ... (1) checkout succeeded
2026-02-28 21:58:37.535364 (3726665) lic__man INFO    Claim 'fpv' for <ui>.
2026-02-28 21:58:37.535398 (3726665) lic_core INFO    (2) checking out 'jasper_fpv' ...
2026-02-28 21:58:37.539384 (3726665) lic_core INFO    ... (2) checkout failed (error: -5) ("FLEXnet ERROR(-5, 0, 0): No such feature exists.")
2026-02-28 21:58:37.539431 (3726665) lic_core INFO    (3) checking out 'jasper_fao' ...
2026-02-28 21:58:37.575973 (3726665) lic_core INFO    ... (3) checkout succeeded
2026-02-28 21:58:37.579332 (3726665) main____ INFO    Tool inactivity delay is 480000 ms.
2026-02-28 21:58:37.589847 (3726676) stdio___ INFO    Starting STDIN reader (tty: yes, tty name: '/dev/pts/0')
2026-02-28 21:58:37.727130 (3726665) session_ INFO    Starting analysis session with session id 'session_0' (launcher: <local>) ...
2026-02-28 21:58:37.729134 (3726665) session_ INFO    Analysis session with session id 'session_0' started (pid: 3726682)
2026-02-28 21:58:39.240271 (3726665) session_ INFO    Analysis session 'session_0' connected to the console (host: 127.0.0.1:60742)
2026-02-28 21:58:42.877574 (3726665) lic__man INFO    Unclaim everything for 'session_0'.
2026-02-28 21:58:43.344195 (3726665) lic__man INFO    Claim 'fpv' for 'session_0'.
2026-02-28 21:58:43.344243 (3726665) lic__man INFO    Claim 'fpv' for 'session_0/prove-0'.
2026-02-28 21:58:48.587999 (3726665) lic__man INFO    Unclaim everything for 'session_0/prove-0'.
2026-02-28 21:58:48.612954 (3726665) main____ INFO    About to exit: request to exit with status 0 received from analysis session 'session_0'
2026-02-28 21:58:49.176055 (3726665) session_ INFO    Analysis session 'session_0' disconnected.
2026-02-28 21:58:49.176228 (3726665) lic__man INFO    Unclaim everything for 'session_0'.
2026-02-28 21:58:49.176429 (3726665) session_ INFO    Process for analysis session 'session_0' has exited with exit status '0'.
2026-02-28 21:58:50.546758 (3726676) stdio___ INFO    STDIN reader requested to stop.
2026-02-28 21:58:50.546828 (3726676) stdio___ INFO    STDIN reader stopped.
2026-02-28 21:58:50.547190 (3726665) lic_core INFO    (1) checkin jasper_interactive
2026-02-28 21:58:50.551859 (3726665) lic_core INFO    (3) checkin jasper_fao
2026-02-28 21:58:50.572895 (3726665) main____ INFO    Exiting with status 0.
