2026-02-26 09:31:49.152833 (3981873) main____ INFO    ----------------------------------------
2026-02-26 09:31:49.152936 (3981873) main____ INFO    Jasper version info
2026-02-26 09:31:49.152951 (3981873) main____ INFO      tool      : Jasper 2023.12
2026-02-26 09:31:49.152967 (3981873) main____ INFO      version   : 2023.12p001 64 bits
2026-02-26 09:31:49.152981 (3981873) main____ INFO      build date: 2024.01.23 16:09:24 UTC
2026-02-26 09:31:49.152991 (3981873) main____ INFO    ----------------------------------------
2026-02-26 09:31:49.153000 (3981873) main____ INFO    Runtime info:
2026-02-26 09:31:49.153010 (3981873) main____ INFO      platform  : Linux 4.18.0-553.89.1.el8_10.x86_64 x86_64
2026-02-26 09:31:49.153030 (3981873) main____ INFO      hostname  : caddy15.stanford.edu
2026-02-26 09:31:49.153045 (3981873) main____ INFO      pid       : 3981873
2026-02-26 09:31:49.153056 (3981873) main____ INFO      arguments : '-style' 'windows' '-allow_unsupported_OS' '-no_gui' '-fpv' './synthlc/i_ADDI_out/xPerfLocCycleCount/over1cyc_19_div_fsm_s10_.tcl' '-proj' './synthlc/i_ADDI_out/xPerfLocCycleCount/over1cyc_19_div_fsm_s10_jgsession_26-02-26-09_31_47'
2026-02-26 09:31:49.153073 (3981873) main____ INFO      locale    : UTF-8
2026-02-26 09:31:49.153083 (3981873) main____ INFO    ----------------------------------------
2026-02-26 09:31:49.153092 (3981873) main____ INFO    System resource limits info:
2026-02-26 09:31:49.153105 (3981873) main____ INFO      virtual memory: unlimited
2026-02-26 09:31:49.153117 (3981873) main____ INFO      cpu time      : unlimited
2026-02-26 09:31:49.153136 (3981873) main____ INFO      processes     : 4096
2026-02-26 09:31:49.153157 (3981873) main____ INFO      stack size    : 8388608 B
2026-02-26 09:31:49.153171 (3981873) main____ INFO      core file size: 0 B
2026-02-26 09:31:49.153184 (3981873) main____ INFO      open files    : 4096
2026-02-26 09:31:49.153196 (3981873) main____ INFO      file size     : unlimited
2026-02-26 09:31:49.153205 (3981873) main____ INFO    ----------------------------------------
2026-02-26 09:31:49.153214 (3981873) main____ INFO    Memory statistics:
2026-02-26 09:31:49.153226 (3981873) main____ INFO      total physical memory  : 98449092 kB
2026-02-26 09:31:49.153238 (3981873) main____ INFO      free physical memory   : 76717712 kB
2026-02-26 09:31:49.153249 (3981873) main____ INFO      committed address space: 6353076 kB
2026-02-26 09:31:49.153268 (3981873) main____ INFO    ----------------------------------------
2026-02-26 09:31:49.154450 (3981873) main____ INFO    Important environment variables:
2026-02-26 09:31:49.154476 (3981873) main____ INFO      CDS_LIC_FILE       : '5280@cadlic0'
2026-02-26 09:31:49.154488 (3981873) main____ INFO      JASPER_INSTALL_DIR : '/cad/cadence/jasper_2023.12p001'
2026-02-26 09:31:49.154500 (3981873) main____ INFO      JASPER_KERNEL_CHECK: '1'
2026-02-26 09:31:49.154512 (3981873) main____ INFO      JASPER_OS_CHECK    : '0'
2026-02-26 09:31:49.154524 (3981873) main____ INFO      LANG               : 'en_US.UTF-8'
2026-02-26 09:31:49.154534 (3981873) main____ INFO    ----------------------------------------
2026-02-26 09:31:49.156541 (3981873) lic_core INFO    Initializing license system ...
2026-02-26 09:31:49.179706 (3981873) lic_core INFO    ... license system initialized.
2026-02-26 09:31:49.343703 (3981873) lic__man INFO    Claim 'main' for <ui>.
2026-02-26 09:31:49.343775 (3981873) lic_core INFO    (1) checking out 'jasper_interactive' ...
2026-02-26 09:31:49.356542 (3981873) lic_core INFO    ... (1) checkout succeeded
2026-02-26 09:31:49.356645 (3981873) lic__man INFO    Claim 'fpv' for <ui>.
2026-02-26 09:31:49.356673 (3981873) lic_core INFO    (2) checking out 'jasper_fpv' ...
2026-02-26 09:31:49.402769 (3981873) lic_core INFO    ... (2) checkout failed (error: -5) ("FLEXnet ERROR(-5, 0, 0): No such feature exists.")
2026-02-26 09:31:49.402824 (3981873) lic_core INFO    (3) checking out 'jasper_fao' ...
2026-02-26 09:31:49.502588 (3981873) lic_core INFO    ... (3) checkout succeeded
2026-02-26 09:31:49.525269 (3981873) main____ INFO    Tool inactivity delay is 480000 ms.
2026-02-26 09:31:49.551555 (3981887) stdio___ INFO    Starting STDIN reader (tty: yes, tty name: '/dev/pts/0')
2026-02-26 09:31:49.871426 (3981873) session_ INFO    Starting analysis session with session id 'session_0' (launcher: <local>) ...
2026-02-26 09:31:49.873350 (3981873) session_ INFO    Analysis session with session id 'session_0' started (pid: 3981888)
2026-02-26 09:31:54.085022 (3981873) session_ INFO    Analysis session 'session_0' connected to the console (host: 127.0.0.1:38136)
2026-02-26 09:32:02.321012 (3981873) lic__man INFO    Unclaim everything for 'session_0'.
2026-02-26 09:32:02.736122 (3981873) lic__man INFO    Claim 'fpv' for 'session_0'.
2026-02-26 09:32:02.736170 (3981873) lic__man INFO    Claim 'fpv' for 'session_0/prove-0'.
2026-02-26 09:33:45.085202 (3981873) lic__man INFO    Unclaim everything for 'session_0/prove-0'.
2026-02-26 09:33:45.109584 (3981873) main____ INFO    About to exit: request to exit with status 0 received from analysis session 'session_0'
2026-02-26 09:33:45.523559 (3981873) session_ INFO    Analysis session 'session_0' disconnected.
2026-02-26 09:33:45.523705 (3981873) lic__man INFO    Unclaim everything for 'session_0'.
2026-02-26 09:33:45.531050 (3981873) session_ INFO    Process for analysis session 'session_0' has exited with exit status '0'.
2026-02-26 09:33:47.026370 (3981887) stdio___ INFO    STDIN reader requested to stop.
2026-02-26 09:33:47.026417 (3981887) stdio___ INFO    STDIN reader stopped.
2026-02-26 09:33:47.026735 (3981873) lic_core INFO    (1) checkin jasper_interactive
2026-02-26 09:33:47.028453 (3981873) lic_core INFO    (3) checkin jasper_fao
2026-02-26 09:33:47.040729 (3981873) main____ INFO    Exiting with status 0.
