2026-02-28 19:50:12.353124 (993952) main____ INFO    ----------------------------------------
2026-02-28 19:50:12.353190 (993952) main____ INFO    Jasper version info
2026-02-28 19:50:12.353205 (993952) main____ INFO      tool      : Jasper 2023.12
2026-02-28 19:50:12.353219 (993952) main____ INFO      version   : 2023.12p001 64 bits
2026-02-28 19:50:12.353231 (993952) main____ INFO      build date: 2024.01.23 16:09:24 UTC
2026-02-28 19:50:12.353241 (993952) main____ INFO    ----------------------------------------
2026-02-28 19:50:12.353251 (993952) main____ INFO    Runtime info:
2026-02-28 19:50:12.353262 (993952) main____ INFO      platform  : Linux 4.18.0-553.89.1.el8_10.x86_64 x86_64
2026-02-28 19:50:12.353278 (993952) main____ INFO      hostname  : caddy15.stanford.edu
2026-02-28 19:50:12.353293 (993952) main____ INFO      pid       : 993952
2026-02-28 19:50:12.353318 (993952) main____ INFO      arguments : '-style' 'windows' '-allow_unsupported_OS' '-no_gui' '-fpv' './synthlc/i_ADDI_out/xHBPerfG_dfg_v3_div/WHB_88_.tcl' '-proj' './synthlc/i_ADDI_out/xHBPerfG_dfg_v3_div/WHB_88_jgsession_26-02-28-19_50_12'
2026-02-28 19:50:12.353334 (993952) main____ INFO      locale    : UTF-8
2026-02-28 19:50:12.353344 (993952) main____ INFO    ----------------------------------------
2026-02-28 19:50:12.353354 (993952) main____ INFO    System resource limits info:
2026-02-28 19:50:12.353366 (993952) main____ INFO      virtual memory: unlimited
2026-02-28 19:50:12.353378 (993952) main____ INFO      cpu time      : unlimited
2026-02-28 19:50:12.353394 (993952) main____ INFO      processes     : 4096
2026-02-28 19:50:12.353412 (993952) main____ INFO      stack size    : 8388608 B
2026-02-28 19:50:12.353426 (993952) main____ INFO      core file size: 0 B
2026-02-28 19:50:12.353439 (993952) main____ INFO      open files    : 4096
2026-02-28 19:50:12.353451 (993952) main____ INFO      file size     : unlimited
2026-02-28 19:50:12.353461 (993952) main____ INFO    ----------------------------------------
2026-02-28 19:50:12.353470 (993952) main____ INFO    Memory statistics:
2026-02-28 19:50:12.353482 (993952) main____ INFO      total physical memory  : 98449092 kB
2026-02-28 19:50:12.353493 (993952) main____ INFO      free physical memory   : 79565400 kB
2026-02-28 19:50:12.353504 (993952) main____ INFO      committed address space: 1934876 kB
2026-02-28 19:50:12.353514 (993952) main____ INFO    ----------------------------------------
2026-02-28 19:50:12.354622 (993952) main____ INFO    Important environment variables:
2026-02-28 19:50:12.354644 (993952) main____ INFO      CDS_LIC_FILE       : '5280@cadlic0'
2026-02-28 19:50:12.354657 (993952) main____ INFO      JASPER_INSTALL_DIR : '/cad/cadence/jasper_2023.12p001'
2026-02-28 19:50:12.354669 (993952) main____ INFO      JASPER_KERNEL_CHECK: '1'
2026-02-28 19:50:12.354682 (993952) main____ INFO      JASPER_OS_CHECK    : '0'
2026-02-28 19:50:12.354694 (993952) main____ INFO      LANG               : 'en_US.UTF-8'
2026-02-28 19:50:12.354704 (993952) main____ INFO    ----------------------------------------
2026-02-28 19:50:12.355909 (993952) lic_core INFO    Initializing license system ...
2026-02-28 19:50:12.357629 (993952) lic_core INFO    ... license system initialized.
2026-02-28 19:50:12.370173 (993952) lic__man INFO    Claim 'main' for <ui>.
2026-02-28 19:50:12.370224 (993952) lic_core INFO    (1) checking out 'jasper_interactive' ...
2026-02-28 19:50:12.383277 (993952) lic_core INFO    ... (1) checkout succeeded
2026-02-28 19:50:12.383358 (993952) lic__man INFO    Claim 'fpv' for <ui>.
2026-02-28 19:50:12.383382 (993952) lic_core INFO    (2) checking out 'jasper_fpv' ...
2026-02-28 19:50:12.387291 (993952) lic_core INFO    ... (2) checkout failed (error: -5) ("FLEXnet ERROR(-5, 0, 0): No such feature exists.")
2026-02-28 19:50:12.387338 (993952) lic_core INFO    (3) checking out 'jasper_fao' ...
2026-02-28 19:50:12.398540 (993952) lic_core INFO    ... (3) checkout succeeded
2026-02-28 19:50:12.400521 (993963) stdio___ INFO    Starting STDIN reader (tty: yes, tty name: '/dev/pts/0')
2026-02-28 19:50:12.400662 (993952) main____ INFO    Tool inactivity delay is 480000 ms.
2026-02-28 19:50:12.443131 (993952) session_ INFO    Starting analysis session with session id 'session_0' (launcher: <local>) ...
2026-02-28 19:50:12.444950 (993952) session_ INFO    Analysis session with session id 'session_0' started (pid: 993969)
2026-02-28 19:50:13.564480 (993952) session_ INFO    Analysis session 'session_0' connected to the console (host: 127.0.0.1:57806)
2026-02-28 19:50:16.601501 (993952) lic__man INFO    Unclaim everything for 'session_0'.
2026-02-28 19:50:16.810578 (993952) lic__man INFO    Claim 'fpv' for 'session_0'.
2026-02-28 19:50:16.810615 (993952) lic__man INFO    Claim 'fpv' for 'session_0/prove-0'.
2026-02-28 19:50:20.823551 (993952) lic__man INFO    Unclaim everything for 'session_0/prove-0'.
2026-02-28 19:50:20.867714 (993952) main____ INFO    About to exit: request to exit with status 0 received from analysis session 'session_0'
2026-02-28 19:50:21.144940 (993952) session_ INFO    Analysis session 'session_0' disconnected.
2026-02-28 19:50:21.145086 (993952) lic__man INFO    Unclaim everything for 'session_0'.
2026-02-28 19:50:21.145375 (993952) session_ INFO    Process for analysis session 'session_0' has exited with exit status '0'.
2026-02-28 19:50:22.905372 (993963) stdio___ INFO    STDIN reader requested to stop.
2026-02-28 19:50:22.905427 (993963) stdio___ INFO    STDIN reader stopped.
2026-02-28 19:50:22.915575 (993952) lic_core INFO    (1) checkin jasper_interactive
2026-02-28 19:50:22.919510 (993952) lic_core INFO    (3) checkin jasper_fao
2026-02-28 19:50:22.947362 (993952) main____ INFO    Exiting with status 0.
