2026-02-27 23:37:02.293357 (507313) main____ INFO    ----------------------------------------
2026-02-27 23:37:02.293433 (507313) main____ INFO    Jasper version info
2026-02-27 23:37:02.293448 (507313) main____ INFO      tool      : Jasper 2023.12
2026-02-27 23:37:02.293462 (507313) main____ INFO      version   : 2023.12p001 64 bits
2026-02-27 23:37:02.293475 (507313) main____ INFO      build date: 2024.01.23 16:09:24 UTC
2026-02-27 23:37:02.293485 (507313) main____ INFO    ----------------------------------------
2026-02-27 23:37:02.293494 (507313) main____ INFO    Runtime info:
2026-02-27 23:37:02.293505 (507313) main____ INFO      platform  : Linux 4.18.0-553.89.1.el8_10.x86_64 x86_64
2026-02-27 23:37:02.293522 (507313) main____ INFO      hostname  : caddy10.stanford.edu
2026-02-27 23:37:02.293537 (507313) main____ INFO      pid       : 507313
2026-02-27 23:37:02.293548 (507313) main____ INFO      arguments : '-style' 'windows' '-allow_unsupported_OS' '-no_gui' '-fpv' './synthlc/i_DIV_out/xHBPerfG_dfg_v3_div/HB_0_.tcl' '-proj' './synthlc/i_DIV_out/xHBPerfG_dfg_v3_div/HB_0_jgsession_26-02-27-23_37_02'
2026-02-27 23:37:02.293564 (507313) main____ INFO      locale    : UTF-8
2026-02-27 23:37:02.293574 (507313) main____ INFO    ----------------------------------------
2026-02-27 23:37:02.293583 (507313) main____ INFO    System resource limits info:
2026-02-27 23:37:02.293596 (507313) main____ INFO      virtual memory: unlimited
2026-02-27 23:37:02.293608 (507313) main____ INFO      cpu time      : unlimited
2026-02-27 23:37:02.293624 (507313) main____ INFO      processes     : 4096
2026-02-27 23:37:02.293642 (507313) main____ INFO      stack size    : 8388608 B
2026-02-27 23:37:02.293656 (507313) main____ INFO      core file size: 0 B
2026-02-27 23:37:02.293669 (507313) main____ INFO      open files    : 4096
2026-02-27 23:37:02.293681 (507313) main____ INFO      file size     : unlimited
2026-02-27 23:37:02.293691 (507313) main____ INFO    ----------------------------------------
2026-02-27 23:37:02.293700 (507313) main____ INFO    Memory statistics:
2026-02-27 23:37:02.293711 (507313) main____ INFO      total physical memory  : 98449096 kB
2026-02-27 23:37:02.293722 (507313) main____ INFO      free physical memory   : 90675292 kB
2026-02-27 23:37:02.293734 (507313) main____ INFO      committed address space: 1784848 kB
2026-02-27 23:37:02.293744 (507313) main____ INFO    ----------------------------------------
2026-02-27 23:37:02.294857 (507313) main____ INFO    Important environment variables:
2026-02-27 23:37:02.294881 (507313) main____ INFO      CDS_LIC_FILE       : '5280@cadlic0'
2026-02-27 23:37:02.294894 (507313) main____ INFO      JASPER_INSTALL_DIR : '/cad/cadence/jasper_2023.12p001'
2026-02-27 23:37:02.294906 (507313) main____ INFO      JASPER_KERNEL_CHECK: '1'
2026-02-27 23:37:02.294918 (507313) main____ INFO      JASPER_OS_CHECK    : '0'
2026-02-27 23:37:02.294930 (507313) main____ INFO      LANG               : 'en_US.UTF-8'
2026-02-27 23:37:02.294940 (507313) main____ INFO    ----------------------------------------
2026-02-27 23:37:02.296198 (507313) lic_core INFO    Initializing license system ...
2026-02-27 23:37:02.297742 (507313) lic_core INFO    ... license system initialized.
2026-02-27 23:37:02.308145 (507313) lic__man INFO    Claim 'main' for <ui>.
2026-02-27 23:37:02.308184 (507313) lic_core INFO    (1) checking out 'jasper_interactive' ...
2026-02-27 23:37:02.320123 (507313) lic_core INFO    ... (1) checkout succeeded
2026-02-27 23:37:02.320178 (507313) lic__man INFO    Claim 'fpv' for <ui>.
2026-02-27 23:37:02.320199 (507313) lic_core INFO    (2) checking out 'jasper_fpv' ...
2026-02-27 23:37:02.324301 (507313) lic_core INFO    ... (2) checkout failed (error: -5) ("FLEXnet ERROR(-5, 0, 0): No such feature exists.")
2026-02-27 23:37:02.324331 (507313) lic_core INFO    (3) checking out 'jasper_fao' ...
2026-02-27 23:37:02.334664 (507313) lic_core INFO    ... (3) checkout succeeded
2026-02-27 23:37:02.337075 (507324) stdio___ INFO    Starting STDIN reader (tty: yes, tty name: '/dev/pts/5')
2026-02-27 23:37:02.337187 (507313) main____ INFO    Tool inactivity delay is 480000 ms.
2026-02-27 23:37:02.377539 (507313) session_ INFO    Starting analysis session with session id 'session_0' (launcher: <local>) ...
2026-02-27 23:37:02.379381 (507313) session_ INFO    Analysis session with session id 'session_0' started (pid: 507325)
2026-02-27 23:37:03.472922 (507313) session_ INFO    Analysis session 'session_0' connected to the console (host: 127.0.0.1:60198)
2026-02-27 23:37:06.954434 (507313) lic__man INFO    Unclaim everything for 'session_0'.
2026-02-27 23:37:07.154483 (507313) lic__man INFO    Claim 'fpv' for 'session_0'.
2026-02-27 23:37:07.154518 (507313) lic__man INFO    Claim 'fpv' for 'session_0/prove-0'.
2026-02-27 23:37:08.367931 (507313) lic__man INFO    Unclaim everything for 'session_0/prove-0'.
2026-02-27 23:37:08.410201 (507313) main____ INFO    About to exit: request to exit with status 0 received from analysis session 'session_0'
2026-02-27 23:37:08.555444 (507313) session_ INFO    Analysis session 'session_0' disconnected.
2026-02-27 23:37:08.555636 (507313) lic__man INFO    Unclaim everything for 'session_0'.
2026-02-27 23:37:08.555816 (507313) session_ INFO    Process for analysis session 'session_0' has exited with exit status '0'.
2026-02-27 23:37:10.393291 (507324) stdio___ INFO    STDIN reader requested to stop.
2026-02-27 23:37:10.393343 (507324) stdio___ INFO    STDIN reader stopped.
2026-02-27 23:37:10.404307 (507313) lic_core INFO    (1) checkin jasper_interactive
2026-02-27 23:37:10.406303 (507313) lic_core INFO    (3) checkin jasper_fao
2026-02-27 23:37:10.424750 (507313) main____ INFO    Exiting with status 0.
