2026-02-26 00:23:41.046465 (1785834) main____ INFO    ----------------------------------------
2026-02-26 00:23:41.046569 (1785834) main____ INFO    Jasper version info
2026-02-26 00:23:41.046587 (1785834) main____ INFO      tool      : Jasper 2023.12
2026-02-26 00:23:41.046604 (1785834) main____ INFO      version   : 2023.12p001 64 bits
2026-02-26 00:23:41.046618 (1785834) main____ INFO      build date: 2024.01.23 16:09:24 UTC
2026-02-26 00:23:41.046629 (1785834) main____ INFO    ----------------------------------------
2026-02-26 00:23:41.046639 (1785834) main____ INFO    Runtime info:
2026-02-26 00:23:41.046651 (1785834) main____ INFO      platform  : Linux 4.18.0-553.89.1.el8_10.x86_64 x86_64
2026-02-26 00:23:41.046685 (1785834) main____ INFO      hostname  : caddy12.stanford.edu
2026-02-26 00:23:41.046702 (1785834) main____ INFO      pid       : 1785834
2026-02-26 00:23:41.046713 (1785834) main____ INFO      arguments : '-style' 'windows' '-allow_unsupported_OS' '-no_gui' '-fpv' './synthlc/i_MUL_out/xPairwiseDepDiv/exclusive_7_.tcl' '-proj' './synthlc/i_MUL_out/xPairwiseDepDiv/exclusive_7_jgsession_26-02-26-00_23_40'
2026-02-26 00:23:41.046732 (1785834) main____ INFO      locale    : UTF-8
2026-02-26 00:23:41.046753 (1785834) main____ INFO    ----------------------------------------
2026-02-26 00:23:41.046763 (1785834) main____ INFO    System resource limits info:
2026-02-26 00:23:41.046777 (1785834) main____ INFO      virtual memory: unlimited
2026-02-26 00:23:41.046790 (1785834) main____ INFO      cpu time      : unlimited
2026-02-26 00:23:41.046809 (1785834) main____ INFO      processes     : 4096
2026-02-26 00:23:41.046830 (1785834) main____ INFO      stack size    : 8388608 B
2026-02-26 00:23:41.046845 (1785834) main____ INFO      core file size: 0 B
2026-02-26 00:23:41.046859 (1785834) main____ INFO      open files    : 4096
2026-02-26 00:23:41.046871 (1785834) main____ INFO      file size     : unlimited
2026-02-26 00:23:41.046882 (1785834) main____ INFO    ----------------------------------------
2026-02-26 00:23:41.046892 (1785834) main____ INFO    Memory statistics:
2026-02-26 00:23:41.046905 (1785834) main____ INFO      total physical memory  : 98449088 kB
2026-02-26 00:23:41.046918 (1785834) main____ INFO      free physical memory   : 71867396 kB
2026-02-26 00:23:41.046930 (1785834) main____ INFO      committed address space: 13476368 kB
2026-02-26 00:23:41.046941 (1785834) main____ INFO    ----------------------------------------
2026-02-26 00:23:41.048150 (1785834) main____ INFO    Important environment variables:
2026-02-26 00:23:41.048184 (1785834) main____ INFO      CDS_LIC_FILE       : '5280@cadlic0'
2026-02-26 00:23:41.048199 (1785834) main____ INFO      DISPLAY            : 'localhost:12.0'
2026-02-26 00:23:41.048211 (1785834) main____ INFO      JASPER_INSTALL_DIR : '/cad/cadence/jasper_2023.12p001'
2026-02-26 00:23:41.048224 (1785834) main____ INFO      JASPER_KERNEL_CHECK: '1'
2026-02-26 00:23:41.048238 (1785834) main____ INFO      JASPER_OS_CHECK    : '0'
2026-02-26 00:23:41.048250 (1785834) main____ INFO      LANG               : 'zh_TW.UTF-8'
2026-02-26 00:23:41.048261 (1785834) main____ INFO    ----------------------------------------
2026-02-26 00:23:41.049828 (1785834) lic_core INFO    Initializing license system ...
2026-02-26 00:23:41.051759 (1785834) lic_core INFO    ... license system initialized.
2026-02-26 00:23:41.064036 (1785834) lic__man INFO    Claim 'main' for <ui>.
2026-02-26 00:23:41.064111 (1785834) lic_core INFO    (1) checking out 'jasper_interactive' ...
2026-02-26 00:23:41.084353 (1785834) lic_core INFO    ... (1) checkout succeeded
2026-02-26 00:23:41.084476 (1785834) lic__man INFO    Claim 'fpv' for <ui>.
2026-02-26 00:23:41.084509 (1785834) lic_core INFO    (2) checking out 'jasper_fpv' ...
2026-02-26 00:23:41.089798 (1785834) lic_core INFO    ... (2) checkout failed (error: -5) ("FLEXnet ERROR(-5, 0, 0): No such feature exists.")
2026-02-26 00:23:41.089851 (1785834) lic_core INFO    (3) checking out 'jasper_fao' ...
2026-02-26 00:23:41.107986 (1785834) lic_core INFO    ... (3) checkout succeeded
2026-02-26 00:23:41.109431 (1785834) main____ INFO    Tool inactivity delay is 480000 ms.
2026-02-26 00:23:41.117866 (1785846) stdio___ INFO    Starting STDIN reader (tty: yes, tty name: '/dev/pts/0')
2026-02-26 00:23:41.249292 (1785834) session_ INFO    Starting analysis session with session id 'session_0' (launcher: <local>) ...
2026-02-26 00:23:41.251397 (1785834) session_ INFO    Analysis session with session id 'session_0' started (pid: 1785855)
2026-02-26 00:23:42.850095 (1785834) session_ INFO    Analysis session 'session_0' connected to the console (host: 127.0.0.1:54286)
2026-02-26 00:23:46.984926 (1785834) lic__man INFO    Unclaim everything for 'session_0'.
2026-02-26 00:23:47.305297 (1785834) lic__man INFO    Claim 'fpv' for 'session_0'.
2026-02-26 00:23:47.305348 (1785834) lic__man INFO    Claim 'fpv' for 'session_0/prove-0'.
2026-02-26 00:23:50.414048 (1785834) lic__man INFO    Unclaim everything for 'session_0/prove-0'.
2026-02-26 00:23:50.438401 (1785834) main____ INFO    About to exit: request to exit with status 0 received from analysis session 'session_0'
2026-02-26 00:23:50.707303 (1785834) session_ INFO    Analysis session 'session_0' disconnected.
2026-02-26 00:23:50.707456 (1785834) lic__man INFO    Unclaim everything for 'session_0'.
2026-02-26 00:23:50.708076 (1785834) session_ INFO    Process for analysis session 'session_0' has exited with exit status '0'.
2026-02-26 00:23:52.403770 (1785846) stdio___ INFO    STDIN reader requested to stop.
2026-02-26 00:23:52.403852 (1785846) stdio___ INFO    STDIN reader stopped.
2026-02-26 00:23:52.414933 (1785834) lic_core INFO    (1) checkin jasper_interactive
2026-02-26 00:23:52.430883 (1785834) lic_core INFO    (3) checkin jasper_fao
2026-02-26 00:23:52.439851 (1785834) main____ INFO    Exiting with status 0.
